=== host: darthplagueis
=== date: 2026-09-05T00:21:11-06:00
=== tree: a0ad071
=== cmd:  ssh snoke env FABLE5_MODEL=9b FABLE5_RS_F=7 /home/cah/.venv/bin/python /home/cah/r2d2/code/fpga/fable5_llm/evidence/qwen9b/g4/g4a_envelope.py --sdma tb/scripts/w9/lay9b_s1.e4 tb/scripts/w9/lay9b_s2.e4 tb/scripts/w9/lay9b_s3.e4 tb/scripts/w9/lay9b_s4.e4 tb/scripts/w9/tok9b_s1.e4 tb/scripts/w9/tok9b_s2.e4 tb/scripts/w9/tok9b_s3.e4 tb/scripts/w9/tok9b_s4.e4
=== venv: /home/cah/.venv/bin/python (ABSENT)
===       ref/.venv/bin/python (exists)
===       uv: /home/cah/.local/bin/uv (ABSENT)
=== cpu:  nproc=32 OMP_NUM_THREADS=unset MKL_NUM_THREADS=unset
=== env:  FABLE5_MODEL=unset FABLE5_DN_STATE=unset FABLE5_RS_F=unset
===       FABLE5_CALIB_STATS=unset FABLE5_CALIB_MODE=unset
=== ---
G4a MVGO SHAPE envelope — the non-firing half of G3.4's S9
  TIED      MAX_NG rtl/matvec_engine.sv=96, ref/seq_format.py=96, sw/hwmap.py=96

tb/scripts/w9/lay9b_s1.e4  (4091 records, 152 MVGO)
  DECLARED  meta shape_isa = 2
  HISTOGRAM ng -> count  32:136 96:16
  MAX       ng 96 of MAX_NG 96  — EXACTLY at the ceiling
  GREEN     the whole stream validates under its own declared layout — the envelope does NOT fire
  CENSUS    DNSB CSRWR 2 in the stream; steps 0, loop_steps 0 -> 0 body/bodies present
  CENSUS    ARG1 hi (as an addr pair)  n=890     over 32767: 62     max 48160
  CENSUS    ARG1 lo (as an addr pair)  n=890     over 32767: 52     max 36640
  CENSUS    ARG2 (as an ALU dst)       n=890     over 32767: 32     max 49184
  CENSUS    MOVX/MOVY addr_lo          n=272     over 32767: 30     max 45088
  SDMA      44 SLD/SST records (24 SLD, 20 SST)
  SDMA      kind DN n=5     slot max 0/1  layer max 0/23  head max 0/0
  SDMA      kind KV n=34    slot max 1/1  layer max 0/7  head max 7/7
  SDMA      kind CV n=5     slot max 0/1  layer max 0/23  head max 0/0
  SDMA RED  rec 29 forced to kind 3 -> REFUSED: rec 32: SLD kind 3 is reserved (B15.1)
  RED       rec 56 forced to ng=97 -> REFUSED: rec 56: MVGO SHAPE ng 97 outside the engine envelope 1..96 (imm32=0x18420007)

tb/scripts/w9/lay9b_s2.e4  (4091 records, 152 MVGO)
  DECLARED  meta shape_isa = 2
  HISTOGRAM ng -> count  32:136 96:16
  MAX       ng 96 of MAX_NG 96  — EXACTLY at the ceiling
  GREEN     the whole stream validates under its own declared layout — the envelope does NOT fire
  CENSUS    DNSB CSRWR 2 in the stream; steps 0, loop_steps 0 -> 0 body/bodies present
  CENSUS    ARG1 hi (as an addr pair)  n=890     over 32767: 62     max 48160
  CENSUS    ARG1 lo (as an addr pair)  n=890     over 32767: 52     max 36640
  CENSUS    ARG2 (as an ALU dst)       n=890     over 32767: 32     max 49184
  CENSUS    MOVX/MOVY addr_lo          n=272     over 32767: 30     max 45088
  SDMA      44 SLD/SST records (24 SLD, 20 SST)
  SDMA      kind DN n=5     slot max 0/1  layer max 0/23  head max 0/0
  SDMA      kind KV n=34    slot max 1/1  layer max 0/7  head max 7/7
  SDMA      kind CV n=5     slot max 0/1  layer max 0/23  head max 0/0
  SDMA RED  rec 29 forced to kind 3 -> REFUSED: rec 32: SLD kind 3 is reserved (B15.1)
  RED       rec 56 forced to ng=97 -> REFUSED: rec 56: MVGO SHAPE ng 97 outside the engine envelope 1..96 (imm32=0x18420007)

tb/scripts/w9/lay9b_s3.e4  (4091 records, 152 MVGO)
  DECLARED  meta shape_isa = 2
  HISTOGRAM ng -> count  32:136 96:16
  MAX       ng 96 of MAX_NG 96  — EXACTLY at the ceiling
  GREEN     the whole stream validates under its own declared layout — the envelope does NOT fire
  CENSUS    DNSB CSRWR 2 in the stream; steps 0, loop_steps 0 -> 0 body/bodies present
  CENSUS    ARG1 hi (as an addr pair)  n=890     over 32767: 62     max 48160
  CENSUS    ARG1 lo (as an addr pair)  n=890     over 32767: 52     max 36640
  CENSUS    ARG2 (as an ALU dst)       n=890     over 32767: 32     max 49184
  CENSUS    MOVX/MOVY addr_lo          n=272     over 32767: 30     max 45088
  SDMA      44 SLD/SST records (24 SLD, 20 SST)
  SDMA      kind DN n=5     slot max 0/1  layer max 0/23  head max 0/0
  SDMA      kind KV n=34    slot max 1/1  layer max 0/7  head max 7/7
  SDMA      kind CV n=5     slot max 0/1  layer max 0/23  head max 0/0
  SDMA RED  rec 29 forced to kind 3 -> REFUSED: rec 32: SLD kind 3 is reserved (B15.1)
  RED       rec 56 forced to ng=97 -> REFUSED: rec 56: MVGO SHAPE ng 97 outside the engine envelope 1..96 (imm32=0x18420007)

tb/scripts/w9/lay9b_s4.e4  (4091 records, 152 MVGO)
  DECLARED  meta shape_isa = 2
  HISTOGRAM ng -> count  32:136 96:16
  MAX       ng 96 of MAX_NG 96  — EXACTLY at the ceiling
  GREEN     the whole stream validates under its own declared layout — the envelope does NOT fire
  CENSUS    DNSB CSRWR 2 in the stream; steps 0, loop_steps 0 -> 0 body/bodies present
  CENSUS    ARG1 hi (as an addr pair)  n=890     over 32767: 62     max 48160
  CENSUS    ARG1 lo (as an addr pair)  n=890     over 32767: 52     max 36640
  CENSUS    ARG2 (as an ALU dst)       n=890     over 32767: 32     max 49184
  CENSUS    MOVX/MOVY addr_lo          n=272     over 32767: 30     max 45088
  SDMA      44 SLD/SST records (24 SLD, 20 SST)
  SDMA      kind DN n=5     slot max 0/1  layer max 0/23  head max 0/0
  SDMA      kind KV n=34    slot max 1/1  layer max 0/7  head max 7/7
  SDMA      kind CV n=5     slot max 0/1  layer max 0/23  head max 0/0
  SDMA RED  rec 29 forced to kind 3 -> REFUSED: rec 32: SLD kind 3 is reserved (B15.1)
  RED       rec 56 forced to ng=97 -> REFUSED: rec 56: MVGO SHAPE ng 97 outside the engine envelope 1..96 (imm32=0x18420007)

tb/scripts/w9/tok9b_s1.e4  (2108 records, 80 MVGO)
  DECLARED  meta shape_isa = 2
  HISTOGRAM ng -> count  32:72 96:8
  MAX       ng 96 of MAX_NG 96  — EXACTLY at the ceiling
  GREEN     the whole stream validates under its own declared layout — the envelope does NOT fire
  CENSUS    DNSB CSRWR 1 in the stream; steps 2, loop_steps 2 -> 1 body/bodies present, 1 per body
  CENSUS    ARG1 hi (as an addr pair)  n=452     over 32767: 31     max 48160
  CENSUS    ARG1 lo (as an addr pair)  n=452     over 32767: 26     max 36640
  CENSUS    ARG2 (as an ALU dst)       n=452     over 32767: 16     max 49184
  CENSUS    MOVX/MOVY addr_lo          n=144     over 32767: 15     max 45088
  SDMA      22 SLD/SST records (12 SLD, 10 SST)
  SDMA      kind DN n=3     slot max 0/1  layer max 0/23  head max 0/0
  SDMA      kind KV n=16    slot max 1/1  layer max 0/7  head max 7/7
  SDMA      kind CV n=3     slot max 0/1  layer max 0/23  head max 0/0
  SDMA RED  rec 29 forced to kind 3 -> REFUSED: rec 32: SLD kind 3 is reserved (B15.1)
  RED       rec 67 forced to ng=97 -> REFUSED: rec 67: MVGO SHAPE ng 97 outside the engine envelope 1..96 (imm32=0x18420007)

tb/scripts/w9/tok9b_s2.e4  (2108 records, 80 MVGO)
  DECLARED  meta shape_isa = 2
  HISTOGRAM ng -> count  32:72 96:8
  MAX       ng 96 of MAX_NG 96  — EXACTLY at the ceiling
  GREEN     the whole stream validates under its own declared layout — the envelope does NOT fire
  CENSUS    DNSB CSRWR 1 in the stream; steps 2, loop_steps 2 -> 1 body/bodies present, 1 per body
  CENSUS    ARG1 hi (as an addr pair)  n=452     over 32767: 31     max 48160
  CENSUS    ARG1 lo (as an addr pair)  n=452     over 32767: 26     max 36640
  CENSUS    ARG2 (as an ALU dst)       n=452     over 32767: 16     max 49184
  CENSUS    MOVX/MOVY addr_lo          n=144     over 32767: 15     max 45088
  SDMA      22 SLD/SST records (12 SLD, 10 SST)
  SDMA      kind DN n=3     slot max 0/1  layer max 0/23  head max 0/0
  SDMA      kind KV n=16    slot max 1/1  layer max 0/7  head max 7/7
  SDMA      kind CV n=3     slot max 0/1  layer max 0/23  head max 0/0
  SDMA RED  rec 29 forced to kind 3 -> REFUSED: rec 32: SLD kind 3 is reserved (B15.1)
  RED       rec 67 forced to ng=97 -> REFUSED: rec 67: MVGO SHAPE ng 97 outside the engine envelope 1..96 (imm32=0x18420007)

tb/scripts/w9/tok9b_s3.e4  (2108 records, 80 MVGO)
  DECLARED  meta shape_isa = 2
  HISTOGRAM ng -> count  32:72 96:8
  MAX       ng 96 of MAX_NG 96  — EXACTLY at the ceiling
  GREEN     the whole stream validates under its own declared layout — the envelope does NOT fire
  CENSUS    DNSB CSRWR 1 in the stream; steps 2, loop_steps 2 -> 1 body/bodies present, 1 per body
  CENSUS    ARG1 hi (as an addr pair)  n=452     over 32767: 31     max 48160
  CENSUS    ARG1 lo (as an addr pair)  n=452     over 32767: 26     max 36640
  CENSUS    ARG2 (as an ALU dst)       n=452     over 32767: 16     max 49184
  CENSUS    MOVX/MOVY addr_lo          n=144     over 32767: 15     max 45088
  SDMA      22 SLD/SST records (12 SLD, 10 SST)
  SDMA      kind DN n=3     slot max 0/1  layer max 0/23  head max 0/0
  SDMA      kind KV n=16    slot max 1/1  layer max 0/7  head max 7/7
  SDMA      kind CV n=3     slot max 0/1  layer max 0/23  head max 0/0
  SDMA RED  rec 29 forced to kind 3 -> REFUSED: rec 32: SLD kind 3 is reserved (B15.1)
  RED       rec 67 forced to ng=97 -> REFUSED: rec 67: MVGO SHAPE ng 97 outside the engine envelope 1..96 (imm32=0x18420007)

tb/scripts/w9/tok9b_s4.e4  (2108 records, 80 MVGO)
  DECLARED  meta shape_isa = 2
  HISTOGRAM ng -> count  32:72 96:8
  MAX       ng 96 of MAX_NG 96  — EXACTLY at the ceiling
  GREEN     the whole stream validates under its own declared layout — the envelope does NOT fire
  CENSUS    DNSB CSRWR 1 in the stream; steps 2, loop_steps 2 -> 1 body/bodies present, 1 per body
  CENSUS    ARG1 hi (as an addr pair)  n=452     over 32767: 31     max 48160
  CENSUS    ARG1 lo (as an addr pair)  n=452     over 32767: 26     max 36640
  CENSUS    ARG2 (as an ALU dst)       n=452     over 32767: 16     max 49184
  CENSUS    MOVX/MOVY addr_lo          n=144     over 32767: 15     max 45088
  SDMA      22 SLD/SST records (12 SLD, 10 SST)
  SDMA      kind DN n=3     slot max 0/1  layer max 0/23  head max 0/0
  SDMA      kind KV n=16    slot max 1/1  layer max 0/7  head max 7/7
  SDMA      kind CV n=3     slot max 0/1  layer max 0/23  head max 0/0
  SDMA RED  rec 29 forced to kind 3 -> REFUSED: rec 32: SLD kind 3 is reserved (B15.1)
  RED       rec 67 forced to ng=97 -> REFUSED: rec 67: MVGO SHAPE ng 97 outside the engine envelope 1..96 (imm32=0x18420007)

G4A_ENVELOPE: PASS (0 problem(s))
=== rc: 0
=== end: 2026-09-05T00:21:13-06:00
