=== host: darthplagueis
=== date: 2026-09-05T02:08:05-06:00
=== tree: efd1cdd
=== cmd:  sh -c cd /home/cah/r2d2/code/fpga/fable5_llm; echo "--- the two documents fix round 2 hand-repaired, at HEAD:"; ref/.venv/bin/python evidence/qwen_next/spec_cites.py docs/superpowers/plans/2026-08-12-qwen2b-track-r.md docs/QWEN35_NEXT_FEASIBILITY.md 2>&1 | tail -2; echo "--- THE SAME TWO at 07eea51, the tree S3 started from (the baseline):"; T=$(mktemp -d); git show 07eea51:docs/superpowers/plans/2026-08-12-qwen2b-track-r.md > $T/2026-08-12-qwen2b-track-r.md; git show 07eea51:docs/QWEN35_NEXT_FEASIBILITY.md > $T/QWEN35_NEXT_FEASIBILITY.md; ref/.venv/bin/python evidence/qwen_next/spec_cites.py $T/2026-08-12-qwen2b-track-r.md $T/QWEN35_NEXT_FEASIBILITY.md 2>&1 | tail -2; rm -rf $T; echo "--- S3 did not cause these and left them BETTER (164 -> 161)."
=== venv: /home/cah/.venv/bin/python (ABSENT)
===       ref/.venv/bin/python (exists)
===       uv: /home/cah/.local/bin/uv (ABSENT)
=== cpu:  nproc=32 OMP_NUM_THREADS=unset MKL_NUM_THREADS=unset
=== env:  FABLE5_MODEL=unset FABLE5_DN_STATE=unset FABLE5_RS_F=unset
===       FABLE5_CALIB_STATS=unset FABLE5_CALIB_MODE=unset
=== ---
--- the two documents fix round 2 hand-repaired, at HEAD:
  QWEN35_NEXT_FEASIBILITY.md:779  RETIRED  tb/scripts/gen_seq_vectors.py (deleted by a gate; the citing text needs a dated supersession note, not a fix)
SPEC CITES: FAIL
--- THE SAME TWO at 07eea51, the tree S3 started from (the baseline):
  QWEN35_NEXT_FEASIBILITY.md:779  RETIRED  tb/scripts/gen_seq_vectors.py (deleted by a gate; the citing text needs a dated supersession note, not a fix)
SPEC CITES: FAIL
--- S3 did not cause these and left them BETTER (164 -> 161).
=== rc: 0
=== end: 2026-09-05T02:08:05-06:00
