=== host: snoke
=== date: 2026-09-05T16:25:20-06:00
=== tree: 282705b
=== cmd:  bash evidence/qwen9b/s5/s5_finish_and_census.sh finish s5_base s5_1slr s5_1slralt
=== venv: /home/cah/.venv/bin/python (exists)
===       ref/.venv/bin/python (ABSENT)
===       uv: /home/cah/.local/bin/uv (exists)
=== cpu:  nproc=48 OMP_NUM_THREADS=unset MKL_NUM_THREADS=unset
=== env:  FABLE5_MODEL=unset FABLE5_DN_STATE=unset FABLE5_RS_F=unset
===       FABLE5_CALIB_STATS=unset FABLE5_CALIB_MODE=unset
=== ---
S5FC_MODE: finish
S5FC_TCL:  /home/cah/r2d2/code/fpga/fable5_llm/synth/exp_uram/scripts/finish_reports.tcl
S5FC_LAUNCH s5_base -> /home/cah/r2d2/code/fpga/fable5_llm/synth/out_exp_uram_s5_base/finish_run.log
S5FC_LAUNCH s5_1slr -> /home/cah/r2d2/code/fpga/fable5_llm/synth/out_exp_uram_s5_1slr/finish_run.log
S5FC_LAUNCH s5_1slralt -> /home/cah/r2d2/code/fpga/fable5_llm/synth/out_exp_uram_s5_1slralt/finish_run.log
=== s5_base finish_run markers ===
FIN_DCP: /home/cah/r2d2/code/fpga/fable5_llm/synth/out_exp_uram_s5_base/post_place.dcp
FIN_TOP: layer_chan
FIN_PART: xcvu9p-fsgd2104-2L-e
FIN_DNMUX_ENDPOINT_CELLS: 2048
FIN_DNMUX_WORST_SLACK: 0.338
FIN_DNMUX_DECOMP: levels=1 datapath=3.589 logic=1.413 route=2.176
FIN_KVMUX_TRY {*at_kvdata_reg*} -> 0
FIN_KVMUX_TRY {*at_kvdata*} -> 0
FIN_KVMUX_TRY {*kv_rdq_b*} -> 0
FIN_KVMUX_WORST_SLACK: n/a
FIN_KVWRITE_CELLS: 116
FIN_KVWRITE_WORST_SLACK: 0.008
FIN_KVWRITE_DECOMP: levels=3 datapath=3.474 logic=0.430 route=3.044 route_pct=87.6
FIN_KVWRITE_START: dma_kind_reg[1]_rep__14/C
FIN_KVWRITE_END: g_kvslot[0].mem_reg_uram_3/CAS_IN_ADDR_A[2]
FIN_KVWRITE_SLR: SLR0 -> SLR0
FIN_KV_URAM_BY_SLR: SLR0=116 
FIN_CONV_BRAM_CELLS: 52
FIN_CONV_WORST_SLACK: 0.142
FIN_CONV_DECOMP: levels=3 datapath=3.492 logic=0.325 route=3.167 route_pct=90.7
FIN_CONV_START: dma_act_reg/C
FIN_CONV_END: g_cvslot[0].wm_reg_bram_7/ENARDEN
FIN_CONV_SLR: SLR0 -> SLR0
FIN_CONV_BRAM_BY_SLR: SLR0=52 
FIN_TIMING_SUMMARY: WNS=-0.136 TNS=-5.205 TNS_FAILING_EP=145 TNS_TOTAL_EP=373467 WHS=0.011 THS=0.000 THS_FAILING_EP=0 THS_TOTAL_EP=373467
FIN_PLACED_WNS: -0.136
FIN_PLACED_WHS: 0.011
FIN_WNS_START: u_alu/op_q_reg[1]/C
FIN_WNS_END: u_alu/r_res_reg[22]/D
FIN_DNWRITE_WORST_SLACK: 0.192
FIN_DNWRITE_DECOMP: levels=2 datapath=3.311 logic=0.261 route=3.050 route_pct=92.1
FIN_PBLOCKS: 0
FIN_DONE
=== s5_1slr finish_run markers ===
FIN_DCP: /home/cah/r2d2/code/fpga/fable5_llm/synth/out_exp_uram_s5_1slr/post_place.dcp
FIN_TOP: layer_chan
FIN_PART: xcvu9p-fsgd2104-2L-e
FIN_DNMUX_ENDPOINT_CELLS: 2048
FIN_DNMUX_WORST_SLACK: 0.007
FIN_DNMUX_DECOMP: levels=1 datapath=3.920 logic=1.347 route=2.573
FIN_KVMUX_TRY {*at_kvdata_reg*} -> 0
FIN_KVMUX_TRY {*at_kvdata*} -> 0
FIN_KVMUX_TRY {*kv_rdq_b*} -> 0
FIN_KVMUX_WORST_SLACK: n/a
FIN_KVWRITE_CELLS: 116
FIN_KVWRITE_WORST_SLACK: -0.110
FIN_KVWRITE_DECOMP: levels=3 datapath=3.758 logic=0.480 route=3.278 route_pct=87.2
FIN_KVWRITE_START: dma_act_reg/C
FIN_KVWRITE_END: g_kvslot[1].mem_reg_uram_47/CAS_IN_ADDR_B[12]
FIN_KVWRITE_SLR: SLR1 -> SLR1
FIN_KV_URAM_BY_SLR: SLR1=116 
FIN_CONV_BRAM_CELLS: 52
FIN_CONV_WORST_SLACK: 0.302
FIN_CONV_DECOMP: levels=2 datapath=3.384 logic=0.214 route=3.170 route_pct=93.7
FIN_CONV_START: dma_act_reg/C
FIN_CONV_END: g_cvslot[0].sm_reg_bram_7/ADDRBWRADDR[13]
FIN_CONV_SLR: SLR1 -> SLR1
FIN_CONV_BRAM_BY_SLR: SLR1=52 
FIN_TIMING_SUMMARY: WNS=-0.245 TNS=-120.640 TNS_FAILING_EP=2066 TNS_TOTAL_EP=373571 WHS=0.016 THS=0.000 THS_FAILING_EP=0 THS_TOTAL_EP=373571
FIN_PLACED_WNS: -0.245
FIN_PLACED_WHS: 0.016
FIN_WNS_START: g_kvslot[0].mem_reg_uram_20/CLK
FIN_WNS_END: u_attn/g_lane[92].prod_reg[92]/DSP_A_B_DATA_INST/B[10]
FIN_DNWRITE_WORST_SLACK: 0.166
FIN_DNWRITE_DECOMP: levels=2 datapath=3.342 logic=0.227 route=3.115 route_pct=93.2
FIN_PBLOCKS: 1
FIN_PBLOCK pb_layer_1slr cells=20645 range={CLOCKREGION_X0Y5:CLOCKREGION_X5Y9}
FIN_DONE
=== s5_1slralt finish_run markers ===
FIN_DCP: /home/cah/r2d2/code/fpga/fable5_llm/synth/out_exp_uram_s5_1slralt/post_place.dcp
FIN_TOP: layer_chan
FIN_PART: xcvu9p-fsgd2104-2L-e
FIN_DNMUX_ENDPOINT_CELLS: 2048
FIN_DNMUX_WORST_SLACK: 0.025
FIN_DNMUX_DECOMP: levels=1 datapath=3.902 logic=1.329 route=2.573
FIN_KVMUX_TRY {*at_kvdata_reg*} -> 0
FIN_KVMUX_TRY {*at_kvdata*} -> 0
FIN_KVMUX_TRY {*kv_rdq_b*} -> 0
FIN_KVMUX_WORST_SLACK: n/a
FIN_KVWRITE_CELLS: 116
FIN_KVWRITE_WORST_SLACK: 0.048
FIN_KVWRITE_DECOMP: levels=2 datapath=3.645 logic=0.384 route=3.261 route_pct=89.5
FIN_KVWRITE_START: u_dma/slot_addr_reg[2]/C
FIN_KVWRITE_END: g_kvslot[1].mem_reg_uram_53/CAS_IN_ADDR_B[2]
FIN_KVWRITE_SLR: SLR1 -> SLR1
FIN_KV_URAM_BY_SLR: SLR1=116 
FIN_CONV_BRAM_CELLS: 52
FIN_CONV_WORST_SLACK: 0.541
FIN_CONV_DECOMP: levels=3 datapath=3.091 logic=0.414 route=2.677 route_pct=86.6
FIN_CONV_START: dma_act_reg/C
FIN_CONV_END: g_cvslot[1].sm_reg_bram_7/ENARDEN
FIN_CONV_SLR: SLR1 -> SLR1
FIN_CONV_BRAM_BY_SLR: SLR1=52 
FIN_TIMING_SUMMARY: WNS=-0.166 TNS=-28.215 TNS_FAILING_EP=843 TNS_TOTAL_EP=373528 WHS=0.020 THS=0.000 THS_FAILING_EP=0 THS_TOTAL_EP=373528
FIN_PLACED_WNS: -0.166
FIN_PLACED_WHS: 0.020
FIN_WNS_START: g_kvslot[1].mem_reg_uram_36/CLK
FIN_WNS_END: u_attn/g_lane[163].pv_p_reg[163]/DSP_A_B_DATA_INST/A[4]
FIN_DNWRITE_WORST_SLACK: 0.214
FIN_DNWRITE_DECOMP: levels=1 datapath=3.292 logic=0.176 route=3.116 route_pct=94.7
FIN_PBLOCKS: 1
FIN_PBLOCK pb_layer_1slr cells=20618 range={CLOCKREGION_X0Y5:CLOCKREGION_X5Y9}
FIN_DONE
S5FC_RC: 0
=== rc: 0
=== end: 2026-09-05T16:29:09-06:00
