=== host: snoke
=== date: 2026-09-05T17:09:10-06:00
=== tree: f716023
=== cmd:  bash evidence/qwen9b/g5/g5_bytelock.sh
=== venv: /home/cah/.venv/bin/python (exists)
===       ref/.venv/bin/python (ABSENT)
===       uv: /home/cah/.local/bin/uv (exists)
=== cpu:  nproc=48 OMP_NUM_THREADS=unset MKL_NUM_THREADS=unset
=== env:  FABLE5_MODEL=unset FABLE5_DN_STATE=unset FABLE5_RS_F=unset
===       FABLE5_CALIB_STATS=unset FABLE5_CALIB_MODE=unset
=== ---
pins: vehicle=5ee5f0e evidence=6493ca8 banners=18641a1 rtl_base=0984087

run.log header of every variant (host / date / tree / rtl / extra_xdc):
--- g5_v1a
    host      : snoke
    date      : 2026-09-03T20:19:14-06:00
    tree      : 09840877 9 dirty files
    vivado    : /home/cah/r2d2/sc2data/tools/Vivado/2024.2/bin/vivado
    params    : LNH=32 N_DN=24 N_KV=8 NKVH=4 CVD=8192 DN_EW=16 DN_PACK=0 DN_PIPE=2 place=1 directive=Default DN_BPG=8
    extra_xdc : none
    rtl       : /home/cah/r2d2/code/fpga/fable5_llm/rtl (SHIPPING rtl/, re-pointed at G5a Step 1)
--- g5_v1b
    host      : snoke
    date      : 2026-09-03T20:19:17-06:00
    tree      : 09840877 9 dirty files
    vivado    : /home/cah/r2d2/sc2data/tools/Vivado/2024.2/bin/vivado
    params    : LNH=32 N_DN=24 N_KV=8 NKVH=4 CVD=8192 DN_EW=16 DN_PACK=0 DN_PIPE=2 place=1 directive=AltSpreadLogic_medium DN_BPG=8
    extra_xdc : none
    rtl       : /home/cah/r2d2/code/fpga/fable5_llm/rtl (SHIPPING rtl/, re-pointed at G5a Step 1)
--- g5_v2
    host      : snoke
    date      : 2026-09-03T20:19:20-06:00
    tree      : 09840877 9 dirty files
    vivado    : /home/cah/r2d2/sc2data/tools/Vivado/2024.2/bin/vivado
    params    : LNH=32 N_DN=24 N_KV=8 NKVH=4 CVD=8192 DN_EW=16 DN_PACK=0 DN_PIPE=2 place=1 directive=Default DN_BPG=8
    extra_xdc : /home/cah/r2d2/code/fpga/fable5_llm/synth/constraints/fable5_floorplan_9b_dngrp.xdc
    rtl       : /home/cah/r2d2/code/fpga/fable5_llm/rtl (SHIPPING rtl/, re-pointed at G5a Step 1)
--- g5_v2alt
    host      : snoke
    date      : 2026-09-03T20:19:23-06:00
    tree      : 09840877 9 dirty files
    vivado    : /home/cah/r2d2/sc2data/tools/Vivado/2024.2/bin/vivado
    params    : LNH=32 N_DN=24 N_KV=8 NKVH=4 CVD=8192 DN_EW=16 DN_PACK=0 DN_PIPE=2 place=1 directive=AltSpreadLogic_medium DN_BPG=8
    extra_xdc : /home/cah/r2d2/code/fpga/fable5_llm/synth/constraints/fable5_floorplan_9b_dngrp.xdc
    rtl       : /home/cah/r2d2/code/fpga/fable5_llm/rtl (SHIPPING rtl/, re-pointed at G5a Step 1)
--- g5_v3
    host      : snoke
    date      : 2026-09-03T20:19:26-06:00
    tree      : 09840877 9 dirty files
    vivado    : /home/cah/r2d2/sc2data/tools/Vivado/2024.2/bin/vivado
    params    : LNH=32 N_DN=24 N_KV=8 NKVH=4 CVD=8192 DN_EW=16 DN_PACK=0 DN_PIPE=2 place=1 directive=Default DN_BPG=1
    extra_xdc : /home/cah/r2d2/code/fpga/fable5_llm/synth/constraints/fable5_floorplan_9b_dnbank.xdc
    rtl       : /home/cah/r2d2/code/fpga/fable5_llm/rtl (SHIPPING rtl/, re-pointed at G5a Step 1)
--- g5_v4a
    host      : snoke
    date      : 2026-09-03T20:19:29-06:00
    tree      : 09840877 9 dirty files
    vivado    : /home/cah/r2d2/sc2data/tools/Vivado/2024.2/bin/vivado
    params    : LNH=32 N_DN=24 N_KV=8 NKVH=4 CVD=8192 DN_EW=16 DN_PACK=0 DN_PIPE=2 place=1 directive=Default DN_BPG=8
    extra_xdc : /home/cah/r2d2/code/fpga/fable5_llm/synth/constraints/fable5_floorplan_9b_dnslr.xdc
    rtl       : /home/cah/r2d2/code/fpga/fable5_llm/rtl (SHIPPING rtl/, re-pointed at G5a Step 1)
--- g5_v4b
    host      : snoke
    date      : 2026-09-03T20:19:32-06:00
    tree      : 09840877 9 dirty files
    vivado    : /home/cah/r2d2/sc2data/tools/Vivado/2024.2/bin/vivado
    params    : LNH=32 N_DN=24 N_KV=8 NKVH=4 CVD=8192 DN_EW=16 DN_PACK=0 DN_PIPE=2 place=1 directive=Default DN_BPG=8
    extra_xdc : /home/cah/r2d2/code/fpga/fable5_llm/synth/constraints/fable5_floorplan_9b_layer0.xdc /home/cah/r2d2/code/fpga/fable5_llm/synth/constraints/fable5_floorplan_9b_dnslr.xdc
    rtl       : /home/cah/r2d2/code/fpga/fable5_llm/rtl (SHIPPING rtl/, re-pointed at G5a Step 1)

the 9 files that were dirty at launch, and their sha1 in 5ee5f0e vs 6493ca8:
  MATCH   04f5662e3e50  synth/exp_uram/scripts/exp_ooc.tcl
  MATCH   f1fdf3d5de8c  synth/exp_uram/scripts/launch_exp.sh
  MATCH   43ecc8fbc416  synth/exp_uram/scripts/check_pblocks.tcl
  MATCH   4e463ab87c8c  synth/exp_uram/scripts/dev_geom_census.tcl
  MATCH   9b8905fe9ffd  synth/exp_uram/scripts/probe_names.tcl
  MATCH   e3b4de7d3024  synth/constraints/fable5_floorplan_9b_dngrp.xdc
  MATCH   78b94a958cb8  synth/constraints/fable5_floorplan_9b_dnbank.xdc
  MATCH   b7fa70f90e08  synth/constraints/fable5_floorplan_9b_dnslr.xdc
  MATCH   13cec80f8e20  synth/constraints/fable5_floorplan_9b_layer0.xdc

the four of those nine that S5 banner-ed at 18641a1: comment-only at HEAD?
  COMMENT-ONLY  35 changed line(s), 0 of them non-comment  synth/constraints/fable5_floorplan_9b_dngrp.xdc
  COMMENT-ONLY  35 changed line(s), 0 of them non-comment  synth/constraints/fable5_floorplan_9b_dnbank.xdc
  COMMENT-ONLY  35 changed line(s), 0 of them non-comment  synth/constraints/fable5_floorplan_9b_dnslr.xdc
  COMMENT-ONLY  44 changed line(s), 0 of them non-comment  synth/constraints/fable5_floorplan_9b_layer0.xdc

and the SHIPPING rtl/ the vehicle read, between 0984087 and 6493ca8:
  (empty = rtl/ byte-identical to the tree the runs' header names)

G5_BYTELOCK: PASS — 9 vehicle files byte-identical, 4 banner-ed XDCs comment-only, rtl/ unmoved
=== rc: 0
=== end: 2026-09-05T17:09:10-06:00
