Copyright 1986-2022 Xilinx, Inc. All Rights Reserved. Copyright 2022-2024 Advanced Micro Devices, Inc. All Rights Reserved.
---------------------------------------------------------------------------------------------------------------------------------------------------------------------------------------------------------------------------------------------------------
| Tool Version      : Vivado v.2024.2 (lin64) Build 5239630 Fri Nov 08 22:34:34 MST 2024
| Date              : Sat Sep  5 16:22:52 2026
| Host              : snoke running 64-bit Ubuntu 24.04.4 LTS
| Command           : report_timing -to [get_cells -quiet -hier -filter {REF_NAME =~ URAM288* && NAME =~ *g_dn*}] -max_paths 10 -nworst 10 -setup -file /home/cah/r2d2/code/fpga/fable5_llm/synth/out_exp_uram_s5_1slr/reports/dn_write_fanout_paths.rpt
| Design            : layer_chan
| Device            : xcvu9p-fsgd2104
| Speed File        : -2L  PRODUCTION 1.28 03-30-2022
| Design State      : Fully Placed
| Temperature Grade : E
---------------------------------------------------------------------------------------------------------------------------------------------------------------------------------------------------------------------------------------------------------

Timing Report

Slack (MET) :             0.166ns  (required time - arrival time)
  Source:                 dma_kind_reg[1]/C
                            (rising edge-triggered cell FDRE clocked by aclk  {rise@0.000ns fall@2.000ns period=4.000ns})
  Destination:            g_dnslot[0].mem_reg_uram_28/ADDR_A[7]
                            (rising edge-triggered cell URAM288 clocked by aclk  {rise@0.000ns fall@2.000ns period=4.000ns})
  Path Group:             aclk
  Path Type:              Setup (Max at Slow Process Corner)
  Requirement:            4.000ns  (aclk rise@4.000ns - aclk rise@0.000ns)
  Data Path Delay:        3.342ns  (logic 0.227ns (6.792%)  route 3.115ns (93.208%))
  Logic Levels:           2  (LUT3=1 LUT4=1)
  Clock Path Skew:        0.036ns (DCD - SCD + CPR)
    Destination Clock Delay (DCD):    0.064ns = ( 4.064 - 4.000 ) 
    Source Clock Delay      (SCD):    0.028ns
    Clock Pessimism Removal (CPR):    0.000ns
  Clock Uncertainty:      0.035ns  ((TSJ^2 + TIJ^2)^1/2 + DJ) / 2 + PE
    Total System Jitter     (TSJ):    0.071ns
    Total Input Jitter      (TIJ):    0.000ns
    Discrete Jitter          (DJ):    0.000ns
    Phase Error              (PE):    0.000ns

    Location             Delay type                Incr(ns)  Path(ns)    PBlock               Netlist Resource(s)
  -------------------------------------------------------------------    ----------------------------------------
                         (clock aclk rise edge)       0.000     0.000 r                       
                                                      0.000     0.000 r                       aclk (IN)
                         net (fo=78784, unset)        0.028     0.028                         aclk
    SLICE_X79Y473        FDRE                                         r  pb_layer_1slr        dma_kind_reg[1]/C
  -------------------------------------------------------------------    ----------------------------------------
    SLICE_X79Y473        FDRE (Prop_CFF_SLICEL_C_Q)
                                                      0.079     0.107 f  pb_layer_1slr        dma_kind_reg[1]/Q
                         net (fo=160, estimated)      0.433     0.540                         u_dn/g_dnslot[1].mem_reg_uram_26_i_28_0[1]
    SLICE_X69Y472        LUT3 (Prop_C5LUT_SLICEL_I1_O)
                                                      0.098     0.638 r  pb_layer_1slr        u_dn/g_dnslot[1].mem_reg_uram_6_i_73/O
                         net (fo=60, estimated)       0.492     1.130                         u_dma/g_dnslot[1].mem_reg_uram_6_i_73_n_0_alias
    SLICE_X63Y472        LUT4 (Prop_C6LUT_SLICEL_I2_O)
                                                      0.050     1.180 r  pb_layer_1slr        u_dma/g_dnslot[0].mem_reg_uram_0_i_5/O
                         net (fo=58, estimated)       2.190     3.370                         g_dnslot[0].ra[7]
    URAM288_X2Y80        URAM288                                      r  pb_layer_1slr        g_dnslot[0].mem_reg_uram_28/ADDR_A[7]
  -------------------------------------------------------------------    ----------------------------------------

                         (clock aclk rise edge)       4.000     4.000 r                       
                                                      0.000     4.000 r                       aclk (IN)
                         net (fo=78784, unset)        0.064     4.064                         aclk
    URAM288_X2Y80        URAM288                                      r  pb_layer_1slr        g_dnslot[0].mem_reg_uram_28/CLK
                         clock pessimism              0.000     4.064                           
                         clock uncertainty           -0.035     4.029                           
    URAM288_X2Y80        URAM288 (Setup_URAM_288K_INST_URAM288_CLK_ADDR_A[7])
                                                     -0.493     3.536    pb_layer_1slr          g_dnslot[0].mem_reg_uram_28
  -------------------------------------------------------------------
                         required time                          3.536                           
                         arrival time                          -3.370                           
  -------------------------------------------------------------------
                         slack                                  0.166                           

Slack (MET) :             0.166ns  (required time - arrival time)
  Source:                 dma_kind_reg[1]/C
                            (rising edge-triggered cell FDRE clocked by aclk  {rise@0.000ns fall@2.000ns period=4.000ns})
  Destination:            g_dnslot[0].mem_reg_uram_28/ADDR_A[7]
                            (rising edge-triggered cell URAM288 clocked by aclk  {rise@0.000ns fall@2.000ns period=4.000ns})
  Path Group:             aclk
  Path Type:              Setup (Max at Slow Process Corner)
  Requirement:            4.000ns  (aclk rise@4.000ns - aclk rise@0.000ns)
  Data Path Delay:        3.342ns  (logic 0.227ns (6.792%)  route 3.115ns (93.208%))
  Logic Levels:           2  (LUT3=1 LUT4=1)
  Clock Path Skew:        0.036ns (DCD - SCD + CPR)
    Destination Clock Delay (DCD):    0.064ns = ( 4.064 - 4.000 ) 
    Source Clock Delay      (SCD):    0.028ns
    Clock Pessimism Removal (CPR):    0.000ns
  Clock Uncertainty:      0.035ns  ((TSJ^2 + TIJ^2)^1/2 + DJ) / 2 + PE
    Total System Jitter     (TSJ):    0.071ns
    Total Input Jitter      (TIJ):    0.000ns
    Discrete Jitter          (DJ):    0.000ns
    Phase Error              (PE):    0.000ns

    Location             Delay type                Incr(ns)  Path(ns)    PBlock               Netlist Resource(s)
  -------------------------------------------------------------------    ----------------------------------------
                         (clock aclk rise edge)       0.000     0.000 r                       
                                                      0.000     0.000 r                       aclk (IN)
                         net (fo=78784, unset)        0.028     0.028                         aclk
    SLICE_X79Y473        FDRE                                         r  pb_layer_1slr        dma_kind_reg[1]/C
  -------------------------------------------------------------------    ----------------------------------------
    SLICE_X79Y473        FDRE (Prop_CFF_SLICEL_C_Q)
                                                      0.079     0.107 r  pb_layer_1slr        dma_kind_reg[1]/Q
                         net (fo=160, estimated)      0.433     0.540                         u_dn/g_dnslot[1].mem_reg_uram_26_i_28_0[1]
    SLICE_X69Y472        LUT3 (Prop_C5LUT_SLICEL_I1_O)
                                                      0.098     0.638 f  pb_layer_1slr        u_dn/g_dnslot[1].mem_reg_uram_6_i_73/O
                         net (fo=60, estimated)       0.492     1.130                         u_dma/g_dnslot[1].mem_reg_uram_6_i_73_n_0_alias
    SLICE_X63Y472        LUT4 (Prop_C6LUT_SLICEL_I2_O)
                                                      0.050     1.180 r  pb_layer_1slr        u_dma/g_dnslot[0].mem_reg_uram_0_i_5/O
                         net (fo=58, estimated)       2.190     3.370                         g_dnslot[0].ra[7]
    URAM288_X2Y80        URAM288                                      r  pb_layer_1slr        g_dnslot[0].mem_reg_uram_28/ADDR_A[7]
  -------------------------------------------------------------------    ----------------------------------------

                         (clock aclk rise edge)       4.000     4.000 r                       
                                                      0.000     4.000 r                       aclk (IN)
                         net (fo=78784, unset)        0.064     4.064                         aclk
    URAM288_X2Y80        URAM288                                      r  pb_layer_1slr        g_dnslot[0].mem_reg_uram_28/CLK
                         clock pessimism              0.000     4.064                           
                         clock uncertainty           -0.035     4.029                           
    URAM288_X2Y80        URAM288 (Setup_URAM_288K_INST_URAM288_CLK_ADDR_A[7])
                                                     -0.493     3.536    pb_layer_1slr          g_dnslot[0].mem_reg_uram_28
  -------------------------------------------------------------------
                         required time                          3.536                           
                         arrival time                          -3.370                           
  -------------------------------------------------------------------
                         slack                                  0.166                           

Slack (MET) :             0.166ns  (required time - arrival time)
  Source:                 dma_kind_reg[1]/C
                            (rising edge-triggered cell FDRE clocked by aclk  {rise@0.000ns fall@2.000ns period=4.000ns})
  Destination:            g_dnslot[0].mem_reg_uram_28/ADDR_A[7]
                            (rising edge-triggered cell URAM288 clocked by aclk  {rise@0.000ns fall@2.000ns period=4.000ns})
  Path Group:             aclk
  Path Type:              Setup (Max at Slow Process Corner)
  Requirement:            4.000ns  (aclk rise@4.000ns - aclk rise@0.000ns)
  Data Path Delay:        3.342ns  (logic 0.227ns (6.792%)  route 3.115ns (93.208%))
  Logic Levels:           2  (LUT3=1 LUT4=1)
  Clock Path Skew:        0.036ns (DCD - SCD + CPR)
    Destination Clock Delay (DCD):    0.064ns = ( 4.064 - 4.000 ) 
    Source Clock Delay      (SCD):    0.028ns
    Clock Pessimism Removal (CPR):    0.000ns
  Clock Uncertainty:      0.035ns  ((TSJ^2 + TIJ^2)^1/2 + DJ) / 2 + PE
    Total System Jitter     (TSJ):    0.071ns
    Total Input Jitter      (TIJ):    0.000ns
    Discrete Jitter          (DJ):    0.000ns
    Phase Error              (PE):    0.000ns

    Location             Delay type                Incr(ns)  Path(ns)    PBlock               Netlist Resource(s)
  -------------------------------------------------------------------    ----------------------------------------
                         (clock aclk rise edge)       0.000     0.000 r                       
                                                      0.000     0.000 r                       aclk (IN)
                         net (fo=78784, unset)        0.028     0.028                         aclk
    SLICE_X79Y473        FDRE                                         r  pb_layer_1slr        dma_kind_reg[1]/C
  -------------------------------------------------------------------    ----------------------------------------
    SLICE_X79Y473        FDRE (Prop_CFF_SLICEL_C_Q)
                                                      0.079     0.107 f  pb_layer_1slr        dma_kind_reg[1]/Q
                         net (fo=160, estimated)      0.433     0.540                         u_dn/g_dnslot[1].mem_reg_uram_26_i_28_0[1]
    SLICE_X69Y472        LUT3 (Prop_C5LUT_SLICEL_I1_O)
                                                      0.098     0.638 r  pb_layer_1slr        u_dn/g_dnslot[1].mem_reg_uram_6_i_73/O
                         net (fo=60, estimated)       0.492     1.130                         u_dma/g_dnslot[1].mem_reg_uram_6_i_73_n_0_alias
    SLICE_X63Y472        LUT4 (Prop_C6LUT_SLICEL_I2_O)
                                                      0.050     1.180 f  pb_layer_1slr        u_dma/g_dnslot[0].mem_reg_uram_0_i_5/O
                         net (fo=58, estimated)       2.190     3.370                         g_dnslot[0].ra[7]
    URAM288_X2Y80        URAM288                                      f  pb_layer_1slr        g_dnslot[0].mem_reg_uram_28/ADDR_A[7]
  -------------------------------------------------------------------    ----------------------------------------

                         (clock aclk rise edge)       4.000     4.000 r                       
                                                      0.000     4.000 r                       aclk (IN)
                         net (fo=78784, unset)        0.064     4.064                         aclk
    URAM288_X2Y80        URAM288                                      r  pb_layer_1slr        g_dnslot[0].mem_reg_uram_28/CLK
                         clock pessimism              0.000     4.064                           
                         clock uncertainty           -0.035     4.029                           
    URAM288_X2Y80        URAM288 (Setup_URAM_288K_INST_URAM288_CLK_ADDR_A[7])
                                                     -0.493     3.536    pb_layer_1slr          g_dnslot[0].mem_reg_uram_28
  -------------------------------------------------------------------
                         required time                          3.536                           
                         arrival time                          -3.370                           
  -------------------------------------------------------------------
                         slack                                  0.166                           

Slack (MET) :             0.166ns  (required time - arrival time)
  Source:                 dma_kind_reg[1]/C
                            (rising edge-triggered cell FDRE clocked by aclk  {rise@0.000ns fall@2.000ns period=4.000ns})
  Destination:            g_dnslot[0].mem_reg_uram_28/ADDR_A[7]
                            (rising edge-triggered cell URAM288 clocked by aclk  {rise@0.000ns fall@2.000ns period=4.000ns})
  Path Group:             aclk
  Path Type:              Setup (Max at Slow Process Corner)
  Requirement:            4.000ns  (aclk rise@4.000ns - aclk rise@0.000ns)
  Data Path Delay:        3.342ns  (logic 0.227ns (6.792%)  route 3.115ns (93.208%))
  Logic Levels:           2  (LUT3=1 LUT4=1)
  Clock Path Skew:        0.036ns (DCD - SCD + CPR)
    Destination Clock Delay (DCD):    0.064ns = ( 4.064 - 4.000 ) 
    Source Clock Delay      (SCD):    0.028ns
    Clock Pessimism Removal (CPR):    0.000ns
  Clock Uncertainty:      0.035ns  ((TSJ^2 + TIJ^2)^1/2 + DJ) / 2 + PE
    Total System Jitter     (TSJ):    0.071ns
    Total Input Jitter      (TIJ):    0.000ns
    Discrete Jitter          (DJ):    0.000ns
    Phase Error              (PE):    0.000ns

    Location             Delay type                Incr(ns)  Path(ns)    PBlock               Netlist Resource(s)
  -------------------------------------------------------------------    ----------------------------------------
                         (clock aclk rise edge)       0.000     0.000 r                       
                                                      0.000     0.000 r                       aclk (IN)
                         net (fo=78784, unset)        0.028     0.028                         aclk
    SLICE_X79Y473        FDRE                                         r  pb_layer_1slr        dma_kind_reg[1]/C
  -------------------------------------------------------------------    ----------------------------------------
    SLICE_X79Y473        FDRE (Prop_CFF_SLICEL_C_Q)
                                                      0.079     0.107 r  pb_layer_1slr        dma_kind_reg[1]/Q
                         net (fo=160, estimated)      0.433     0.540                         u_dn/g_dnslot[1].mem_reg_uram_26_i_28_0[1]
    SLICE_X69Y472        LUT3 (Prop_C5LUT_SLICEL_I1_O)
                                                      0.098     0.638 f  pb_layer_1slr        u_dn/g_dnslot[1].mem_reg_uram_6_i_73/O
                         net (fo=60, estimated)       0.492     1.130                         u_dma/g_dnslot[1].mem_reg_uram_6_i_73_n_0_alias
    SLICE_X63Y472        LUT4 (Prop_C6LUT_SLICEL_I2_O)
                                                      0.050     1.180 f  pb_layer_1slr        u_dma/g_dnslot[0].mem_reg_uram_0_i_5/O
                         net (fo=58, estimated)       2.190     3.370                         g_dnslot[0].ra[7]
    URAM288_X2Y80        URAM288                                      f  pb_layer_1slr        g_dnslot[0].mem_reg_uram_28/ADDR_A[7]
  -------------------------------------------------------------------    ----------------------------------------

                         (clock aclk rise edge)       4.000     4.000 r                       
                                                      0.000     4.000 r                       aclk (IN)
                         net (fo=78784, unset)        0.064     4.064                         aclk
    URAM288_X2Y80        URAM288                                      r  pb_layer_1slr        g_dnslot[0].mem_reg_uram_28/CLK
                         clock pessimism              0.000     4.064                           
                         clock uncertainty           -0.035     4.029                           
    URAM288_X2Y80        URAM288 (Setup_URAM_288K_INST_URAM288_CLK_ADDR_A[7])
                                                     -0.493     3.536    pb_layer_1slr          g_dnslot[0].mem_reg_uram_28
  -------------------------------------------------------------------
                         required time                          3.536                           
                         arrival time                          -3.370                           
  -------------------------------------------------------------------
                         slack                                  0.166                           

Slack (MET) :             0.174ns  (required time - arrival time)
  Source:                 dma_kind_reg[1]/C
                            (rising edge-triggered cell FDRE clocked by aclk  {rise@0.000ns fall@2.000ns period=4.000ns})
  Destination:            g_dnslot[1].mem_reg_uram_28/ADDR_A[1]
                            (rising edge-triggered cell URAM288 clocked by aclk  {rise@0.000ns fall@2.000ns period=4.000ns})
  Path Group:             aclk
  Path Type:              Setup (Max at Slow Process Corner)
  Requirement:            4.000ns  (aclk rise@4.000ns - aclk rise@0.000ns)
  Data Path Delay:        3.312ns  (logic 0.197ns (5.948%)  route 3.115ns (94.052%))
  Logic Levels:           2  (LUT3=1 LUT4=1)
  Clock Path Skew:        0.036ns (DCD - SCD + CPR)
    Destination Clock Delay (DCD):    0.064ns = ( 4.064 - 4.000 ) 
    Source Clock Delay      (SCD):    0.028ns
    Clock Pessimism Removal (CPR):    0.000ns
  Clock Uncertainty:      0.035ns  ((TSJ^2 + TIJ^2)^1/2 + DJ) / 2 + PE
    Total System Jitter     (TSJ):    0.071ns
    Total Input Jitter      (TIJ):    0.000ns
    Discrete Jitter          (DJ):    0.000ns
    Phase Error              (PE):    0.000ns

    Location             Delay type                Incr(ns)  Path(ns)    PBlock               Netlist Resource(s)
  -------------------------------------------------------------------    ----------------------------------------
                         (clock aclk rise edge)       0.000     0.000 r                       
                                                      0.000     0.000 r                       aclk (IN)
                         net (fo=78784, unset)        0.028     0.028                         aclk
    SLICE_X79Y473        FDRE                                         r  pb_layer_1slr        dma_kind_reg[1]/C
  -------------------------------------------------------------------    ----------------------------------------
    SLICE_X79Y473        FDRE (Prop_CFF_SLICEL_C_Q)
                                                      0.079     0.107 f  pb_layer_1slr        dma_kind_reg[1]/Q
                         net (fo=160, estimated)      0.622     0.729                         u_dn/g_dnslot[1].mem_reg_uram_26_i_28_0[1]
    SLICE_X69Y498        LUT3 (Prop_G6LUT_SLICEL_I1_O)
                                                      0.050     0.779 r  pb_layer_1slr        u_dn/g_dnslot[1].mem_reg_uram_8_i_73/O
                         net (fo=132, estimated)      0.386     1.165                         u_dma/g_dnslot[1].mem_reg_uram_8_i_73_n_0_alias
    SLICE_X78Y498        LUT4 (Prop_C5LUT_SLICEM_I1_O)
                                                      0.068     1.233 r  pb_layer_1slr        u_dma/g_dnslot[1].mem_reg_uram_0_i_11/O
                         net (fo=29, estimated)       2.107     3.340                         g_dnslot[1].ra[1]
    URAM288_X2Y81        URAM288                                      r  pb_layer_1slr        g_dnslot[1].mem_reg_uram_28/ADDR_A[1]
  -------------------------------------------------------------------    ----------------------------------------

                         (clock aclk rise edge)       4.000     4.000 r                       
                                                      0.000     4.000 r                       aclk (IN)
                         net (fo=78784, unset)        0.064     4.064                         aclk
    URAM288_X2Y81        URAM288                                      r  pb_layer_1slr        g_dnslot[1].mem_reg_uram_28/CLK
                         clock pessimism              0.000     4.064                           
                         clock uncertainty           -0.035     4.029                           
    URAM288_X2Y81        URAM288 (Setup_URAM_288K_INST_URAM288_CLK_ADDR_A[1])
                                                     -0.515     3.514    pb_layer_1slr          g_dnslot[1].mem_reg_uram_28
  -------------------------------------------------------------------
                         required time                          3.514                           
                         arrival time                          -3.340                           
  -------------------------------------------------------------------
                         slack                                  0.174                           

Slack (MET) :             0.174ns  (required time - arrival time)
  Source:                 dma_kind_reg[1]/C
                            (rising edge-triggered cell FDRE clocked by aclk  {rise@0.000ns fall@2.000ns period=4.000ns})
  Destination:            g_dnslot[1].mem_reg_uram_28/ADDR_A[1]
                            (rising edge-triggered cell URAM288 clocked by aclk  {rise@0.000ns fall@2.000ns period=4.000ns})
  Path Group:             aclk
  Path Type:              Setup (Max at Slow Process Corner)
  Requirement:            4.000ns  (aclk rise@4.000ns - aclk rise@0.000ns)
  Data Path Delay:        3.312ns  (logic 0.197ns (5.948%)  route 3.115ns (94.052%))
  Logic Levels:           2  (LUT3=1 LUT4=1)
  Clock Path Skew:        0.036ns (DCD - SCD + CPR)
    Destination Clock Delay (DCD):    0.064ns = ( 4.064 - 4.000 ) 
    Source Clock Delay      (SCD):    0.028ns
    Clock Pessimism Removal (CPR):    0.000ns
  Clock Uncertainty:      0.035ns  ((TSJ^2 + TIJ^2)^1/2 + DJ) / 2 + PE
    Total System Jitter     (TSJ):    0.071ns
    Total Input Jitter      (TIJ):    0.000ns
    Discrete Jitter          (DJ):    0.000ns
    Phase Error              (PE):    0.000ns

    Location             Delay type                Incr(ns)  Path(ns)    PBlock               Netlist Resource(s)
  -------------------------------------------------------------------    ----------------------------------------
                         (clock aclk rise edge)       0.000     0.000 r                       
                                                      0.000     0.000 r                       aclk (IN)
                         net (fo=78784, unset)        0.028     0.028                         aclk
    SLICE_X79Y473        FDRE                                         r  pb_layer_1slr        dma_kind_reg[1]/C
  -------------------------------------------------------------------    ----------------------------------------
    SLICE_X79Y473        FDRE (Prop_CFF_SLICEL_C_Q)
                                                      0.079     0.107 r  pb_layer_1slr        dma_kind_reg[1]/Q
                         net (fo=160, estimated)      0.622     0.729                         u_dn/g_dnslot[1].mem_reg_uram_26_i_28_0[1]
    SLICE_X69Y498        LUT3 (Prop_G6LUT_SLICEL_I1_O)
                                                      0.050     0.779 f  pb_layer_1slr        u_dn/g_dnslot[1].mem_reg_uram_8_i_73/O
                         net (fo=132, estimated)      0.386     1.165                         u_dma/g_dnslot[1].mem_reg_uram_8_i_73_n_0_alias
    SLICE_X78Y498        LUT4 (Prop_C5LUT_SLICEM_I1_O)
                                                      0.068     1.233 r  pb_layer_1slr        u_dma/g_dnslot[1].mem_reg_uram_0_i_11/O
                         net (fo=29, estimated)       2.107     3.340                         g_dnslot[1].ra[1]
    URAM288_X2Y81        URAM288                                      r  pb_layer_1slr        g_dnslot[1].mem_reg_uram_28/ADDR_A[1]
  -------------------------------------------------------------------    ----------------------------------------

                         (clock aclk rise edge)       4.000     4.000 r                       
                                                      0.000     4.000 r                       aclk (IN)
                         net (fo=78784, unset)        0.064     4.064                         aclk
    URAM288_X2Y81        URAM288                                      r  pb_layer_1slr        g_dnslot[1].mem_reg_uram_28/CLK
                         clock pessimism              0.000     4.064                           
                         clock uncertainty           -0.035     4.029                           
    URAM288_X2Y81        URAM288 (Setup_URAM_288K_INST_URAM288_CLK_ADDR_A[1])
                                                     -0.515     3.514    pb_layer_1slr          g_dnslot[1].mem_reg_uram_28
  -------------------------------------------------------------------
                         required time                          3.514                           
                         arrival time                          -3.340                           
  -------------------------------------------------------------------
                         slack                                  0.174                           

Slack (MET) :             0.174ns  (required time - arrival time)
  Source:                 dma_kind_reg[1]/C
                            (rising edge-triggered cell FDRE clocked by aclk  {rise@0.000ns fall@2.000ns period=4.000ns})
  Destination:            g_dnslot[1].mem_reg_uram_28/ADDR_A[1]
                            (rising edge-triggered cell URAM288 clocked by aclk  {rise@0.000ns fall@2.000ns period=4.000ns})
  Path Group:             aclk
  Path Type:              Setup (Max at Slow Process Corner)
  Requirement:            4.000ns  (aclk rise@4.000ns - aclk rise@0.000ns)
  Data Path Delay:        3.312ns  (logic 0.197ns (5.948%)  route 3.115ns (94.052%))
  Logic Levels:           2  (LUT3=1 LUT4=1)
  Clock Path Skew:        0.036ns (DCD - SCD + CPR)
    Destination Clock Delay (DCD):    0.064ns = ( 4.064 - 4.000 ) 
    Source Clock Delay      (SCD):    0.028ns
    Clock Pessimism Removal (CPR):    0.000ns
  Clock Uncertainty:      0.035ns  ((TSJ^2 + TIJ^2)^1/2 + DJ) / 2 + PE
    Total System Jitter     (TSJ):    0.071ns
    Total Input Jitter      (TIJ):    0.000ns
    Discrete Jitter          (DJ):    0.000ns
    Phase Error              (PE):    0.000ns

    Location             Delay type                Incr(ns)  Path(ns)    PBlock               Netlist Resource(s)
  -------------------------------------------------------------------    ----------------------------------------
                         (clock aclk rise edge)       0.000     0.000 r                       
                                                      0.000     0.000 r                       aclk (IN)
                         net (fo=78784, unset)        0.028     0.028                         aclk
    SLICE_X79Y473        FDRE                                         r  pb_layer_1slr        dma_kind_reg[1]/C
  -------------------------------------------------------------------    ----------------------------------------
    SLICE_X79Y473        FDRE (Prop_CFF_SLICEL_C_Q)
                                                      0.079     0.107 f  pb_layer_1slr        dma_kind_reg[1]/Q
                         net (fo=160, estimated)      0.622     0.729                         u_dn/g_dnslot[1].mem_reg_uram_26_i_28_0[1]
    SLICE_X69Y498        LUT3 (Prop_G6LUT_SLICEL_I1_O)
                                                      0.050     0.779 r  pb_layer_1slr        u_dn/g_dnslot[1].mem_reg_uram_8_i_73/O
                         net (fo=132, estimated)      0.386     1.165                         u_dma/g_dnslot[1].mem_reg_uram_8_i_73_n_0_alias
    SLICE_X78Y498        LUT4 (Prop_C5LUT_SLICEM_I1_O)
                                                      0.068     1.233 f  pb_layer_1slr        u_dma/g_dnslot[1].mem_reg_uram_0_i_11/O
                         net (fo=29, estimated)       2.107     3.340                         g_dnslot[1].ra[1]
    URAM288_X2Y81        URAM288                                      f  pb_layer_1slr        g_dnslot[1].mem_reg_uram_28/ADDR_A[1]
  -------------------------------------------------------------------    ----------------------------------------

                         (clock aclk rise edge)       4.000     4.000 r                       
                                                      0.000     4.000 r                       aclk (IN)
                         net (fo=78784, unset)        0.064     4.064                         aclk
    URAM288_X2Y81        URAM288                                      r  pb_layer_1slr        g_dnslot[1].mem_reg_uram_28/CLK
                         clock pessimism              0.000     4.064                           
                         clock uncertainty           -0.035     4.029                           
    URAM288_X2Y81        URAM288 (Setup_URAM_288K_INST_URAM288_CLK_ADDR_A[1])
                                                     -0.515     3.514    pb_layer_1slr          g_dnslot[1].mem_reg_uram_28
  -------------------------------------------------------------------
                         required time                          3.514                           
                         arrival time                          -3.340                           
  -------------------------------------------------------------------
                         slack                                  0.174                           

Slack (MET) :             0.174ns  (required time - arrival time)
  Source:                 dma_kind_reg[1]/C
                            (rising edge-triggered cell FDRE clocked by aclk  {rise@0.000ns fall@2.000ns period=4.000ns})
  Destination:            g_dnslot[1].mem_reg_uram_28/ADDR_A[1]
                            (rising edge-triggered cell URAM288 clocked by aclk  {rise@0.000ns fall@2.000ns period=4.000ns})
  Path Group:             aclk
  Path Type:              Setup (Max at Slow Process Corner)
  Requirement:            4.000ns  (aclk rise@4.000ns - aclk rise@0.000ns)
  Data Path Delay:        3.312ns  (logic 0.197ns (5.948%)  route 3.115ns (94.052%))
  Logic Levels:           2  (LUT3=1 LUT4=1)
  Clock Path Skew:        0.036ns (DCD - SCD + CPR)
    Destination Clock Delay (DCD):    0.064ns = ( 4.064 - 4.000 ) 
    Source Clock Delay      (SCD):    0.028ns
    Clock Pessimism Removal (CPR):    0.000ns
  Clock Uncertainty:      0.035ns  ((TSJ^2 + TIJ^2)^1/2 + DJ) / 2 + PE
    Total System Jitter     (TSJ):    0.071ns
    Total Input Jitter      (TIJ):    0.000ns
    Discrete Jitter          (DJ):    0.000ns
    Phase Error              (PE):    0.000ns

    Location             Delay type                Incr(ns)  Path(ns)    PBlock               Netlist Resource(s)
  -------------------------------------------------------------------    ----------------------------------------
                         (clock aclk rise edge)       0.000     0.000 r                       
                                                      0.000     0.000 r                       aclk (IN)
                         net (fo=78784, unset)        0.028     0.028                         aclk
    SLICE_X79Y473        FDRE                                         r  pb_layer_1slr        dma_kind_reg[1]/C
  -------------------------------------------------------------------    ----------------------------------------
    SLICE_X79Y473        FDRE (Prop_CFF_SLICEL_C_Q)
                                                      0.079     0.107 r  pb_layer_1slr        dma_kind_reg[1]/Q
                         net (fo=160, estimated)      0.622     0.729                         u_dn/g_dnslot[1].mem_reg_uram_26_i_28_0[1]
    SLICE_X69Y498        LUT3 (Prop_G6LUT_SLICEL_I1_O)
                                                      0.050     0.779 f  pb_layer_1slr        u_dn/g_dnslot[1].mem_reg_uram_8_i_73/O
                         net (fo=132, estimated)      0.386     1.165                         u_dma/g_dnslot[1].mem_reg_uram_8_i_73_n_0_alias
    SLICE_X78Y498        LUT4 (Prop_C5LUT_SLICEM_I1_O)
                                                      0.068     1.233 f  pb_layer_1slr        u_dma/g_dnslot[1].mem_reg_uram_0_i_11/O
                         net (fo=29, estimated)       2.107     3.340                         g_dnslot[1].ra[1]
    URAM288_X2Y81        URAM288                                      f  pb_layer_1slr        g_dnslot[1].mem_reg_uram_28/ADDR_A[1]
  -------------------------------------------------------------------    ----------------------------------------

                         (clock aclk rise edge)       4.000     4.000 r                       
                                                      0.000     4.000 r                       aclk (IN)
                         net (fo=78784, unset)        0.064     4.064                         aclk
    URAM288_X2Y81        URAM288                                      r  pb_layer_1slr        g_dnslot[1].mem_reg_uram_28/CLK
                         clock pessimism              0.000     4.064                           
                         clock uncertainty           -0.035     4.029                           
    URAM288_X2Y81        URAM288 (Setup_URAM_288K_INST_URAM288_CLK_ADDR_A[1])
                                                     -0.515     3.514    pb_layer_1slr          g_dnslot[1].mem_reg_uram_28
  -------------------------------------------------------------------
                         required time                          3.514                           
                         arrival time                          -3.340                           
  -------------------------------------------------------------------
                         slack                                  0.174                           

Slack (MET) :             0.178ns  (required time - arrival time)
  Source:                 dma_kind_reg[1]/C
                            (rising edge-triggered cell FDRE clocked by aclk  {rise@0.000ns fall@2.000ns period=4.000ns})
  Destination:            g_dnslot[1].mem_reg_uram_28/ADDR_A[2]
                            (rising edge-triggered cell URAM288 clocked by aclk  {rise@0.000ns fall@2.000ns period=4.000ns})
  Path Group:             aclk
  Path Type:              Setup (Max at Slow Process Corner)
  Requirement:            4.000ns  (aclk rise@4.000ns - aclk rise@0.000ns)
  Data Path Delay:        3.301ns  (logic 0.195ns (5.907%)  route 3.106ns (94.093%))
  Logic Levels:           2  (LUT3=1 LUT4=1)
  Clock Path Skew:        0.036ns (DCD - SCD + CPR)
    Destination Clock Delay (DCD):    0.064ns = ( 4.064 - 4.000 ) 
    Source Clock Delay      (SCD):    0.028ns
    Clock Pessimism Removal (CPR):    0.000ns
  Clock Uncertainty:      0.035ns  ((TSJ^2 + TIJ^2)^1/2 + DJ) / 2 + PE
    Total System Jitter     (TSJ):    0.071ns
    Total Input Jitter      (TIJ):    0.000ns
    Discrete Jitter          (DJ):    0.000ns
    Phase Error              (PE):    0.000ns

    Location             Delay type                Incr(ns)  Path(ns)    PBlock               Netlist Resource(s)
  -------------------------------------------------------------------    ----------------------------------------
                         (clock aclk rise edge)       0.000     0.000 r                       
                                                      0.000     0.000 r                       aclk (IN)
                         net (fo=78784, unset)        0.028     0.028                         aclk
    SLICE_X79Y473        FDRE                                         r  pb_layer_1slr        dma_kind_reg[1]/C
  -------------------------------------------------------------------    ----------------------------------------
    SLICE_X79Y473        FDRE (Prop_CFF_SLICEL_C_Q)
                                                      0.079     0.107 f  pb_layer_1slr        dma_kind_reg[1]/Q
                         net (fo=160, estimated)      0.622     0.729                         u_dn/g_dnslot[1].mem_reg_uram_26_i_28_0[1]
    SLICE_X69Y498        LUT3 (Prop_G6LUT_SLICEL_I1_O)
                                                      0.050     0.779 r  pb_layer_1slr        u_dn/g_dnslot[1].mem_reg_uram_8_i_73/O
                         net (fo=132, estimated)      0.384     1.163                         u_dma/g_dnslot[1].mem_reg_uram_8_i_73_n_0_alias
    SLICE_X78Y498        LUT4 (Prop_D5LUT_SLICEM_I1_O)
                                                      0.066     1.229 r  pb_layer_1slr        u_dma/g_dnslot[1].mem_reg_uram_0_i_10/O
                         net (fo=29, estimated)       2.100     3.329                         g_dnslot[1].ra[2]
    URAM288_X2Y81        URAM288                                      r  pb_layer_1slr        g_dnslot[1].mem_reg_uram_28/ADDR_A[2]
  -------------------------------------------------------------------    ----------------------------------------

                         (clock aclk rise edge)       4.000     4.000 r                       
                                                      0.000     4.000 r                       aclk (IN)
                         net (fo=78784, unset)        0.064     4.064                         aclk
    URAM288_X2Y81        URAM288                                      r  pb_layer_1slr        g_dnslot[1].mem_reg_uram_28/CLK
                         clock pessimism              0.000     4.064                           
                         clock uncertainty           -0.035     4.029                           
    URAM288_X2Y81        URAM288 (Setup_URAM_288K_INST_URAM288_CLK_ADDR_A[2])
                                                     -0.522     3.507    pb_layer_1slr          g_dnslot[1].mem_reg_uram_28
  -------------------------------------------------------------------
                         required time                          3.507                           
                         arrival time                          -3.329                           
  -------------------------------------------------------------------
                         slack                                  0.178                           

Slack (MET) :             0.178ns  (required time - arrival time)
  Source:                 dma_kind_reg[1]/C
                            (rising edge-triggered cell FDRE clocked by aclk  {rise@0.000ns fall@2.000ns period=4.000ns})
  Destination:            g_dnslot[1].mem_reg_uram_28/ADDR_A[2]
                            (rising edge-triggered cell URAM288 clocked by aclk  {rise@0.000ns fall@2.000ns period=4.000ns})
  Path Group:             aclk
  Path Type:              Setup (Max at Slow Process Corner)
  Requirement:            4.000ns  (aclk rise@4.000ns - aclk rise@0.000ns)
  Data Path Delay:        3.301ns  (logic 0.195ns (5.907%)  route 3.106ns (94.093%))
  Logic Levels:           2  (LUT3=1 LUT4=1)
  Clock Path Skew:        0.036ns (DCD - SCD + CPR)
    Destination Clock Delay (DCD):    0.064ns = ( 4.064 - 4.000 ) 
    Source Clock Delay      (SCD):    0.028ns
    Clock Pessimism Removal (CPR):    0.000ns
  Clock Uncertainty:      0.035ns  ((TSJ^2 + TIJ^2)^1/2 + DJ) / 2 + PE
    Total System Jitter     (TSJ):    0.071ns
    Total Input Jitter      (TIJ):    0.000ns
    Discrete Jitter          (DJ):    0.000ns
    Phase Error              (PE):    0.000ns

    Location             Delay type                Incr(ns)  Path(ns)    PBlock               Netlist Resource(s)
  -------------------------------------------------------------------    ----------------------------------------
                         (clock aclk rise edge)       0.000     0.000 r                       
                                                      0.000     0.000 r                       aclk (IN)
                         net (fo=78784, unset)        0.028     0.028                         aclk
    SLICE_X79Y473        FDRE                                         r  pb_layer_1slr        dma_kind_reg[1]/C
  -------------------------------------------------------------------    ----------------------------------------
    SLICE_X79Y473        FDRE (Prop_CFF_SLICEL_C_Q)
                                                      0.079     0.107 r  pb_layer_1slr        dma_kind_reg[1]/Q
                         net (fo=160, estimated)      0.622     0.729                         u_dn/g_dnslot[1].mem_reg_uram_26_i_28_0[1]
    SLICE_X69Y498        LUT3 (Prop_G6LUT_SLICEL_I1_O)
                                                      0.050     0.779 f  pb_layer_1slr        u_dn/g_dnslot[1].mem_reg_uram_8_i_73/O
                         net (fo=132, estimated)      0.384     1.163                         u_dma/g_dnslot[1].mem_reg_uram_8_i_73_n_0_alias
    SLICE_X78Y498        LUT4 (Prop_D5LUT_SLICEM_I1_O)
                                                      0.066     1.229 r  pb_layer_1slr        u_dma/g_dnslot[1].mem_reg_uram_0_i_10/O
                         net (fo=29, estimated)       2.100     3.329                         g_dnslot[1].ra[2]
    URAM288_X2Y81        URAM288                                      r  pb_layer_1slr        g_dnslot[1].mem_reg_uram_28/ADDR_A[2]
  -------------------------------------------------------------------    ----------------------------------------

                         (clock aclk rise edge)       4.000     4.000 r                       
                                                      0.000     4.000 r                       aclk (IN)
                         net (fo=78784, unset)        0.064     4.064                         aclk
    URAM288_X2Y81        URAM288                                      r  pb_layer_1slr        g_dnslot[1].mem_reg_uram_28/CLK
                         clock pessimism              0.000     4.064                           
                         clock uncertainty           -0.035     4.029                           
    URAM288_X2Y81        URAM288 (Setup_URAM_288K_INST_URAM288_CLK_ADDR_A[2])
                                                     -0.522     3.507    pb_layer_1slr          g_dnslot[1].mem_reg_uram_28
  -------------------------------------------------------------------
                         required time                          3.507                           
                         arrival time                          -3.329                           
  -------------------------------------------------------------------
                         slack                                  0.178                           




