Copyright 1986-2022 Xilinx, Inc. All Rights Reserved. Copyright 2022-2024 Advanced Micro Devices, Inc. All Rights Reserved.
------------------------------------------------------------------------------------------------------------------------------------------------------------------------------------------------------------------------------------------------------------
| Tool Version      : Vivado v.2024.2 (lin64) Build 5239630 Fri Nov 08 22:34:34 MST 2024
| Date              : Sat Sep  5 16:28:52 2026
| Host              : snoke running 64-bit Ubuntu 24.04.4 LTS
| Command           : report_timing -to [get_cells -quiet -hier -filter {REF_NAME =~ URAM288* && NAME =~ *g_kv*}] -max_paths 20 -nworst 20 -setup -file /home/cah/r2d2/code/fpga/fable5_llm/synth/out_exp_uram_s5_1slralt/reports/kv_write_fanout_paths.rpt
| Design            : layer_chan
| Device            : xcvu9p-fsgd2104
| Speed File        : -2L  PRODUCTION 1.28 03-30-2022
| Design State      : Fully Placed
| Temperature Grade : E
------------------------------------------------------------------------------------------------------------------------------------------------------------------------------------------------------------------------------------------------------------

Timing Report

Slack (MET) :             0.048ns  (required time - arrival time)
  Source:                 u_dma/slot_addr_reg[2]/C
                            (rising edge-triggered cell FDRE clocked by aclk  {rise@0.000ns fall@2.000ns period=4.000ns})
  Destination:            g_kvslot[1].mem_reg_uram_53/CAS_IN_ADDR_B[2]
                            (rising edge-triggered cell URAM288 clocked by aclk  {rise@0.000ns fall@2.000ns period=4.000ns})
  Path Group:             aclk
  Path Type:              Setup (Max at Slow Process Corner)
  Requirement:            4.000ns  (aclk rise@4.000ns - aclk rise@0.000ns)
  Data Path Delay:        3.645ns  (logic 0.384ns (10.535%)  route 3.261ns (89.465%))
  Logic Levels:           2  (LUT3=1 URAM288=1)
  Clock Path Skew:        0.034ns (DCD - SCD + CPR)
    Destination Clock Delay (DCD):    0.064ns = ( 4.064 - 4.000 ) 
    Source Clock Delay      (SCD):    0.030ns
    Clock Pessimism Removal (CPR):    0.000ns
  Clock Uncertainty:      0.035ns  ((TSJ^2 + TIJ^2)^1/2 + DJ) / 2 + PE
    Total System Jitter     (TSJ):    0.071ns
    Total Input Jitter      (TIJ):    0.000ns
    Discrete Jitter          (DJ):    0.000ns
    Phase Error              (PE):    0.000ns

    Location             Delay type                Incr(ns)  Path(ns)    PBlock               Netlist Resource(s)
  -------------------------------------------------------------------    ----------------------------------------
                         (clock aclk rise edge)       0.000     0.000 r                       
                                                      0.000     0.000 r                       aclk (IN)
                         net (fo=78964, unset)        0.030     0.030                         u_dma/aclk
    SLICE_X97Y472        FDRE                                         r  pb_layer_1slr        u_dma/slot_addr_reg[2]/C
  -------------------------------------------------------------------    ----------------------------------------
    SLICE_X97Y472        FDRE (Prop_HFF_SLICEM_C_Q)
                                                      0.079     0.109 r  pb_layer_1slr        u_dma/slot_addr_reg[2]/Q
                         net (fo=14, estimated)       1.111     1.220                         u_dma/slot_addr_reg[6]_0[2]
    SLICE_X62Y443        LUT3 (Prop_A6LUT_SLICEM_I0_O)
                                                      0.090     1.310 r  pb_layer_1slr        u_dma/g_kvslot[1].mem_reg_uram_0_i_24/O
                         net (fo=31, estimated)       2.149     3.459                         g_kvslot[1].wa[2]
    URAM288_X3Y100       URAM288 (Prop_URAM_288K_INST_URAM288_ADDR_B[2]_CAS_OUT_ADDR_B[2])
                                                      0.215     3.674 r  pb_layer_1slr        g_kvslot[1].mem_reg_uram_52/CAS_OUT_ADDR_B[2]
                         net (fo=1, estimated)        0.001     3.675                         g_kvslot[1].mem_reg_uram_53_Cas_AddrB_1[2]
    URAM288_X3Y101       URAM288                                      r  pb_layer_1slr        g_kvslot[1].mem_reg_uram_53/CAS_IN_ADDR_B[2]
  -------------------------------------------------------------------    ----------------------------------------

                         (clock aclk rise edge)       4.000     4.000 r                       
                                                      0.000     4.000 r                       aclk (IN)
                         net (fo=78964, unset)        0.064     4.064                         aclk
    URAM288_X3Y101       URAM288                                      r  pb_layer_1slr        g_kvslot[1].mem_reg_uram_53/CLK
                         clock pessimism              0.000     4.064                           
                         clock uncertainty           -0.035     4.029                           
    URAM288_X3Y101       URAM288 (Setup_URAM_288K_INST_URAM288_CLK_CAS_IN_ADDR_B[2])
                                                     -0.306     3.723    pb_layer_1slr          g_kvslot[1].mem_reg_uram_53
  -------------------------------------------------------------------
                         required time                          3.723                           
                         arrival time                          -3.675                           
  -------------------------------------------------------------------
                         slack                                  0.048                           

Slack (MET) :             0.048ns  (required time - arrival time)
  Source:                 u_dma/slot_addr_reg[2]/C
                            (rising edge-triggered cell FDRE clocked by aclk  {rise@0.000ns fall@2.000ns period=4.000ns})
  Destination:            g_kvslot[1].mem_reg_uram_53/CAS_IN_ADDR_B[2]
                            (rising edge-triggered cell URAM288 clocked by aclk  {rise@0.000ns fall@2.000ns period=4.000ns})
  Path Group:             aclk
  Path Type:              Setup (Max at Slow Process Corner)
  Requirement:            4.000ns  (aclk rise@4.000ns - aclk rise@0.000ns)
  Data Path Delay:        3.645ns  (logic 0.384ns (10.535%)  route 3.261ns (89.465%))
  Logic Levels:           2  (LUT3=1 URAM288=1)
  Clock Path Skew:        0.034ns (DCD - SCD + CPR)
    Destination Clock Delay (DCD):    0.064ns = ( 4.064 - 4.000 ) 
    Source Clock Delay      (SCD):    0.030ns
    Clock Pessimism Removal (CPR):    0.000ns
  Clock Uncertainty:      0.035ns  ((TSJ^2 + TIJ^2)^1/2 + DJ) / 2 + PE
    Total System Jitter     (TSJ):    0.071ns
    Total Input Jitter      (TIJ):    0.000ns
    Discrete Jitter          (DJ):    0.000ns
    Phase Error              (PE):    0.000ns

    Location             Delay type                Incr(ns)  Path(ns)    PBlock               Netlist Resource(s)
  -------------------------------------------------------------------    ----------------------------------------
                         (clock aclk rise edge)       0.000     0.000 r                       
                                                      0.000     0.000 r                       aclk (IN)
                         net (fo=78964, unset)        0.030     0.030                         u_dma/aclk
    SLICE_X97Y472        FDRE                                         r  pb_layer_1slr        u_dma/slot_addr_reg[2]/C
  -------------------------------------------------------------------    ----------------------------------------
    SLICE_X97Y472        FDRE (Prop_HFF_SLICEM_C_Q)
                                                      0.079     0.109 f  pb_layer_1slr        u_dma/slot_addr_reg[2]/Q
                         net (fo=14, estimated)       1.111     1.220                         u_dma/slot_addr_reg[6]_0[2]
    SLICE_X62Y443        LUT3 (Prop_A6LUT_SLICEM_I0_O)
                                                      0.090     1.310 f  pb_layer_1slr        u_dma/g_kvslot[1].mem_reg_uram_0_i_24/O
                         net (fo=31, estimated)       2.149     3.459                         g_kvslot[1].wa[2]
    URAM288_X3Y100       URAM288 (Prop_URAM_288K_INST_URAM288_ADDR_B[2]_CAS_OUT_ADDR_B[2])
                                                      0.215     3.674 f  pb_layer_1slr        g_kvslot[1].mem_reg_uram_52/CAS_OUT_ADDR_B[2]
                         net (fo=1, estimated)        0.001     3.675                         g_kvslot[1].mem_reg_uram_53_Cas_AddrB_1[2]
    URAM288_X3Y101       URAM288                                      f  pb_layer_1slr        g_kvslot[1].mem_reg_uram_53/CAS_IN_ADDR_B[2]
  -------------------------------------------------------------------    ----------------------------------------

                         (clock aclk rise edge)       4.000     4.000 r                       
                                                      0.000     4.000 r                       aclk (IN)
                         net (fo=78964, unset)        0.064     4.064                         aclk
    URAM288_X3Y101       URAM288                                      r  pb_layer_1slr        g_kvslot[1].mem_reg_uram_53/CLK
                         clock pessimism              0.000     4.064                           
                         clock uncertainty           -0.035     4.029                           
    URAM288_X3Y101       URAM288 (Setup_URAM_288K_INST_URAM288_CLK_CAS_IN_ADDR_B[2])
                                                     -0.306     3.723    pb_layer_1slr          g_kvslot[1].mem_reg_uram_53
  -------------------------------------------------------------------
                         required time                          3.723                           
                         arrival time                          -3.675                           
  -------------------------------------------------------------------
                         slack                                  0.048                           

Slack (MET) :             0.115ns  (required time - arrival time)
  Source:                 dma_act_reg/C
                            (rising edge-triggered cell FDRE clocked by aclk  {rise@0.000ns fall@2.000ns period=4.000ns})
  Destination:            g_kvslot[1].mem_reg_uram_53/CAS_IN_ADDR_A[9]
                            (rising edge-triggered cell URAM288 clocked by aclk  {rise@0.000ns fall@2.000ns period=4.000ns})
  Path Group:             aclk
  Path Type:              Setup (Max at Slow Process Corner)
  Requirement:            4.000ns  (aclk rise@4.000ns - aclk rise@0.000ns)
  Data Path Delay:        3.391ns  (logic 0.382ns (11.265%)  route 3.009ns (88.735%))
  Logic Levels:           3  (LUT3=1 LUT4=1 URAM288=1)
  Clock Path Skew:        0.034ns (DCD - SCD + CPR)
    Destination Clock Delay (DCD):    0.064ns = ( 4.064 - 4.000 ) 
    Source Clock Delay      (SCD):    0.030ns
    Clock Pessimism Removal (CPR):    0.000ns
  Clock Uncertainty:      0.035ns  ((TSJ^2 + TIJ^2)^1/2 + DJ) / 2 + PE
    Total System Jitter     (TSJ):    0.071ns
    Total Input Jitter      (TIJ):    0.000ns
    Discrete Jitter          (DJ):    0.000ns
    Phase Error              (PE):    0.000ns

    Location             Delay type                Incr(ns)  Path(ns)    PBlock               Netlist Resource(s)
  -------------------------------------------------------------------    ----------------------------------------
                         (clock aclk rise edge)       0.000     0.000 r                       
                                                      0.000     0.000 r                       aclk (IN)
                         net (fo=78964, unset)        0.030     0.030                         aclk
    SLICE_X68Y451        FDRE                                         r  pb_layer_1slr        dma_act_reg/C
  -------------------------------------------------------------------    ----------------------------------------
    SLICE_X68Y451        FDRE (Prop_AFF_SLICEM_C_Q)
                                                      0.077     0.107 r  pb_layer_1slr        dma_act_reg/Q
                         net (fo=61, estimated)       0.369     0.476                         u_dma/dma_act
    SLICE_X68Y443        LUT4 (Prop_H6LUT_SLICEM_I2_O)
                                                      0.053     0.529 r  pb_layer_1slr        u_dma/g_kvslot[1].mem_reg_uram_0_i_100/O
                         net (fo=2086, estimated)     0.634     1.163                         u_dma/g_kvslot[1].own
    SLICE_X59Y431        LUT3 (Prop_C6LUT_SLICEM_I1_O)
                                                      0.037     1.200 r  pb_layer_1slr        u_dma/g_kvslot[1].mem_reg_uram_0_i_4/O
                         net (fo=31, estimated)       2.004     3.204                         g_kvslot[1].ra[9]
    URAM288_X3Y100       URAM288 (Prop_URAM_288K_INST_URAM288_ADDR_A[9]_CAS_OUT_ADDR_A[9])
                                                      0.215     3.419 r  pb_layer_1slr        g_kvslot[1].mem_reg_uram_52/CAS_OUT_ADDR_A[9]
                         net (fo=1, estimated)        0.002     3.421                         g_kvslot[1].mem_reg_uram_53_Cas_AddrA_1[9]
    URAM288_X3Y101       URAM288                                      r  pb_layer_1slr        g_kvslot[1].mem_reg_uram_53/CAS_IN_ADDR_A[9]
  -------------------------------------------------------------------    ----------------------------------------

                         (clock aclk rise edge)       4.000     4.000 r                       
                                                      0.000     4.000 r                       aclk (IN)
                         net (fo=78964, unset)        0.064     4.064                         aclk
    URAM288_X3Y101       URAM288                                      r  pb_layer_1slr        g_kvslot[1].mem_reg_uram_53/CLK
                         clock pessimism              0.000     4.064                           
                         clock uncertainty           -0.035     4.029                           
    URAM288_X3Y101       URAM288 (Setup_URAM_288K_INST_URAM288_CLK_CAS_IN_ADDR_A[9])
                                                     -0.493     3.536    pb_layer_1slr          g_kvslot[1].mem_reg_uram_53
  -------------------------------------------------------------------
                         required time                          3.536                           
                         arrival time                          -3.421                           
  -------------------------------------------------------------------
                         slack                                  0.115                           

Slack (MET) :             0.115ns  (required time - arrival time)
  Source:                 dma_act_reg/C
                            (rising edge-triggered cell FDRE clocked by aclk  {rise@0.000ns fall@2.000ns period=4.000ns})
  Destination:            g_kvslot[1].mem_reg_uram_53/CAS_IN_ADDR_A[9]
                            (rising edge-triggered cell URAM288 clocked by aclk  {rise@0.000ns fall@2.000ns period=4.000ns})
  Path Group:             aclk
  Path Type:              Setup (Max at Slow Process Corner)
  Requirement:            4.000ns  (aclk rise@4.000ns - aclk rise@0.000ns)
  Data Path Delay:        3.391ns  (logic 0.382ns (11.265%)  route 3.009ns (88.735%))
  Logic Levels:           3  (LUT3=1 LUT4=1 URAM288=1)
  Clock Path Skew:        0.034ns (DCD - SCD + CPR)
    Destination Clock Delay (DCD):    0.064ns = ( 4.064 - 4.000 ) 
    Source Clock Delay      (SCD):    0.030ns
    Clock Pessimism Removal (CPR):    0.000ns
  Clock Uncertainty:      0.035ns  ((TSJ^2 + TIJ^2)^1/2 + DJ) / 2 + PE
    Total System Jitter     (TSJ):    0.071ns
    Total Input Jitter      (TIJ):    0.000ns
    Discrete Jitter          (DJ):    0.000ns
    Phase Error              (PE):    0.000ns

    Location             Delay type                Incr(ns)  Path(ns)    PBlock               Netlist Resource(s)
  -------------------------------------------------------------------    ----------------------------------------
                         (clock aclk rise edge)       0.000     0.000 r                       
                                                      0.000     0.000 r                       aclk (IN)
                         net (fo=78964, unset)        0.030     0.030                         aclk
    SLICE_X68Y451        FDRE                                         r  pb_layer_1slr        dma_act_reg/C
  -------------------------------------------------------------------    ----------------------------------------
    SLICE_X68Y451        FDRE (Prop_AFF_SLICEM_C_Q)
                                                      0.077     0.107 f  pb_layer_1slr        dma_act_reg/Q
                         net (fo=61, estimated)       0.369     0.476                         u_dma/dma_act
    SLICE_X68Y443        LUT4 (Prop_H6LUT_SLICEM_I2_O)
                                                      0.053     0.529 f  pb_layer_1slr        u_dma/g_kvslot[1].mem_reg_uram_0_i_100/O
                         net (fo=2086, estimated)     0.634     1.163                         u_dma/g_kvslot[1].own
    SLICE_X59Y431        LUT3 (Prop_C6LUT_SLICEM_I1_O)
                                                      0.037     1.200 r  pb_layer_1slr        u_dma/g_kvslot[1].mem_reg_uram_0_i_4/O
                         net (fo=31, estimated)       2.004     3.204                         g_kvslot[1].ra[9]
    URAM288_X3Y100       URAM288 (Prop_URAM_288K_INST_URAM288_ADDR_A[9]_CAS_OUT_ADDR_A[9])
                                                      0.215     3.419 r  pb_layer_1slr        g_kvslot[1].mem_reg_uram_52/CAS_OUT_ADDR_A[9]
                         net (fo=1, estimated)        0.002     3.421                         g_kvslot[1].mem_reg_uram_53_Cas_AddrA_1[9]
    URAM288_X3Y101       URAM288                                      r  pb_layer_1slr        g_kvslot[1].mem_reg_uram_53/CAS_IN_ADDR_A[9]
  -------------------------------------------------------------------    ----------------------------------------

                         (clock aclk rise edge)       4.000     4.000 r                       
                                                      0.000     4.000 r                       aclk (IN)
                         net (fo=78964, unset)        0.064     4.064                         aclk
    URAM288_X3Y101       URAM288                                      r  pb_layer_1slr        g_kvslot[1].mem_reg_uram_53/CLK
                         clock pessimism              0.000     4.064                           
                         clock uncertainty           -0.035     4.029                           
    URAM288_X3Y101       URAM288 (Setup_URAM_288K_INST_URAM288_CLK_CAS_IN_ADDR_A[9])
                                                     -0.493     3.536    pb_layer_1slr          g_kvslot[1].mem_reg_uram_53
  -------------------------------------------------------------------
                         required time                          3.536                           
                         arrival time                          -3.421                           
  -------------------------------------------------------------------
                         slack                                  0.115                           

Slack (MET) :             0.115ns  (required time - arrival time)
  Source:                 dma_act_reg/C
                            (rising edge-triggered cell FDRE clocked by aclk  {rise@0.000ns fall@2.000ns period=4.000ns})
  Destination:            g_kvslot[1].mem_reg_uram_53/CAS_IN_ADDR_A[9]
                            (rising edge-triggered cell URAM288 clocked by aclk  {rise@0.000ns fall@2.000ns period=4.000ns})
  Path Group:             aclk
  Path Type:              Setup (Max at Slow Process Corner)
  Requirement:            4.000ns  (aclk rise@4.000ns - aclk rise@0.000ns)
  Data Path Delay:        3.391ns  (logic 0.382ns (11.265%)  route 3.009ns (88.735%))
  Logic Levels:           3  (LUT3=1 LUT4=1 URAM288=1)
  Clock Path Skew:        0.034ns (DCD - SCD + CPR)
    Destination Clock Delay (DCD):    0.064ns = ( 4.064 - 4.000 ) 
    Source Clock Delay      (SCD):    0.030ns
    Clock Pessimism Removal (CPR):    0.000ns
  Clock Uncertainty:      0.035ns  ((TSJ^2 + TIJ^2)^1/2 + DJ) / 2 + PE
    Total System Jitter     (TSJ):    0.071ns
    Total Input Jitter      (TIJ):    0.000ns
    Discrete Jitter          (DJ):    0.000ns
    Phase Error              (PE):    0.000ns

    Location             Delay type                Incr(ns)  Path(ns)    PBlock               Netlist Resource(s)
  -------------------------------------------------------------------    ----------------------------------------
                         (clock aclk rise edge)       0.000     0.000 r                       
                                                      0.000     0.000 r                       aclk (IN)
                         net (fo=78964, unset)        0.030     0.030                         aclk
    SLICE_X68Y451        FDRE                                         r  pb_layer_1slr        dma_act_reg/C
  -------------------------------------------------------------------    ----------------------------------------
    SLICE_X68Y451        FDRE (Prop_AFF_SLICEM_C_Q)
                                                      0.077     0.107 r  pb_layer_1slr        dma_act_reg/Q
                         net (fo=61, estimated)       0.369     0.476                         u_dma/dma_act
    SLICE_X68Y443        LUT4 (Prop_H6LUT_SLICEM_I2_O)
                                                      0.053     0.529 r  pb_layer_1slr        u_dma/g_kvslot[1].mem_reg_uram_0_i_100/O
                         net (fo=2086, estimated)     0.634     1.163                         u_dma/g_kvslot[1].own
    SLICE_X59Y431        LUT3 (Prop_C6LUT_SLICEM_I1_O)
                                                      0.037     1.200 f  pb_layer_1slr        u_dma/g_kvslot[1].mem_reg_uram_0_i_4/O
                         net (fo=31, estimated)       2.004     3.204                         g_kvslot[1].ra[9]
    URAM288_X3Y100       URAM288 (Prop_URAM_288K_INST_URAM288_ADDR_A[9]_CAS_OUT_ADDR_A[9])
                                                      0.215     3.419 f  pb_layer_1slr        g_kvslot[1].mem_reg_uram_52/CAS_OUT_ADDR_A[9]
                         net (fo=1, estimated)        0.002     3.421                         g_kvslot[1].mem_reg_uram_53_Cas_AddrA_1[9]
    URAM288_X3Y101       URAM288                                      f  pb_layer_1slr        g_kvslot[1].mem_reg_uram_53/CAS_IN_ADDR_A[9]
  -------------------------------------------------------------------    ----------------------------------------

                         (clock aclk rise edge)       4.000     4.000 r                       
                                                      0.000     4.000 r                       aclk (IN)
                         net (fo=78964, unset)        0.064     4.064                         aclk
    URAM288_X3Y101       URAM288                                      r  pb_layer_1slr        g_kvslot[1].mem_reg_uram_53/CLK
                         clock pessimism              0.000     4.064                           
                         clock uncertainty           -0.035     4.029                           
    URAM288_X3Y101       URAM288 (Setup_URAM_288K_INST_URAM288_CLK_CAS_IN_ADDR_A[9])
                                                     -0.493     3.536    pb_layer_1slr          g_kvslot[1].mem_reg_uram_53
  -------------------------------------------------------------------
                         required time                          3.536                           
                         arrival time                          -3.421                           
  -------------------------------------------------------------------
                         slack                                  0.115                           

Slack (MET) :             0.115ns  (required time - arrival time)
  Source:                 dma_act_reg/C
                            (rising edge-triggered cell FDRE clocked by aclk  {rise@0.000ns fall@2.000ns period=4.000ns})
  Destination:            g_kvslot[1].mem_reg_uram_53/CAS_IN_ADDR_A[9]
                            (rising edge-triggered cell URAM288 clocked by aclk  {rise@0.000ns fall@2.000ns period=4.000ns})
  Path Group:             aclk
  Path Type:              Setup (Max at Slow Process Corner)
  Requirement:            4.000ns  (aclk rise@4.000ns - aclk rise@0.000ns)
  Data Path Delay:        3.391ns  (logic 0.382ns (11.265%)  route 3.009ns (88.735%))
  Logic Levels:           3  (LUT3=1 LUT4=1 URAM288=1)
  Clock Path Skew:        0.034ns (DCD - SCD + CPR)
    Destination Clock Delay (DCD):    0.064ns = ( 4.064 - 4.000 ) 
    Source Clock Delay      (SCD):    0.030ns
    Clock Pessimism Removal (CPR):    0.000ns
  Clock Uncertainty:      0.035ns  ((TSJ^2 + TIJ^2)^1/2 + DJ) / 2 + PE
    Total System Jitter     (TSJ):    0.071ns
    Total Input Jitter      (TIJ):    0.000ns
    Discrete Jitter          (DJ):    0.000ns
    Phase Error              (PE):    0.000ns

    Location             Delay type                Incr(ns)  Path(ns)    PBlock               Netlist Resource(s)
  -------------------------------------------------------------------    ----------------------------------------
                         (clock aclk rise edge)       0.000     0.000 r                       
                                                      0.000     0.000 r                       aclk (IN)
                         net (fo=78964, unset)        0.030     0.030                         aclk
    SLICE_X68Y451        FDRE                                         r  pb_layer_1slr        dma_act_reg/C
  -------------------------------------------------------------------    ----------------------------------------
    SLICE_X68Y451        FDRE (Prop_AFF_SLICEM_C_Q)
                                                      0.077     0.107 f  pb_layer_1slr        dma_act_reg/Q
                         net (fo=61, estimated)       0.369     0.476                         u_dma/dma_act
    SLICE_X68Y443        LUT4 (Prop_H6LUT_SLICEM_I2_O)
                                                      0.053     0.529 f  pb_layer_1slr        u_dma/g_kvslot[1].mem_reg_uram_0_i_100/O
                         net (fo=2086, estimated)     0.634     1.163                         u_dma/g_kvslot[1].own
    SLICE_X59Y431        LUT3 (Prop_C6LUT_SLICEM_I1_O)
                                                      0.037     1.200 f  pb_layer_1slr        u_dma/g_kvslot[1].mem_reg_uram_0_i_4/O
                         net (fo=31, estimated)       2.004     3.204                         g_kvslot[1].ra[9]
    URAM288_X3Y100       URAM288 (Prop_URAM_288K_INST_URAM288_ADDR_A[9]_CAS_OUT_ADDR_A[9])
                                                      0.215     3.419 f  pb_layer_1slr        g_kvslot[1].mem_reg_uram_52/CAS_OUT_ADDR_A[9]
                         net (fo=1, estimated)        0.002     3.421                         g_kvslot[1].mem_reg_uram_53_Cas_AddrA_1[9]
    URAM288_X3Y101       URAM288                                      f  pb_layer_1slr        g_kvslot[1].mem_reg_uram_53/CAS_IN_ADDR_A[9]
  -------------------------------------------------------------------    ----------------------------------------

                         (clock aclk rise edge)       4.000     4.000 r                       
                                                      0.000     4.000 r                       aclk (IN)
                         net (fo=78964, unset)        0.064     4.064                         aclk
    URAM288_X3Y101       URAM288                                      r  pb_layer_1slr        g_kvslot[1].mem_reg_uram_53/CLK
                         clock pessimism              0.000     4.064                           
                         clock uncertainty           -0.035     4.029                           
    URAM288_X3Y101       URAM288 (Setup_URAM_288K_INST_URAM288_CLK_CAS_IN_ADDR_A[9])
                                                     -0.493     3.536    pb_layer_1slr          g_kvslot[1].mem_reg_uram_53
  -------------------------------------------------------------------
                         required time                          3.536                           
                         arrival time                          -3.421                           
  -------------------------------------------------------------------
                         slack                                  0.115                           

Slack (MET) :             0.139ns  (required time - arrival time)
  Source:                 dma_act_reg/C
                            (rising edge-triggered cell FDRE clocked by aclk  {rise@0.000ns fall@2.000ns period=4.000ns})
  Destination:            g_kvslot[1].mem_reg_uram_31/CAS_IN_DIN_B[4]
                            (rising edge-triggered cell URAM288 clocked by aclk  {rise@0.000ns fall@2.000ns period=4.000ns})
  Path Group:             aclk
  Path Type:              Setup (Max at Slow Process Corner)
  Requirement:            4.000ns  (aclk rise@4.000ns - aclk rise@0.000ns)
  Data Path Delay:        3.571ns  (logic 0.481ns (13.470%)  route 3.090ns (86.530%))
  Logic Levels:           3  (LUT3=1 LUT4=1 URAM288=1)
  Clock Path Skew:        0.034ns (DCD - SCD + CPR)
    Destination Clock Delay (DCD):    0.064ns = ( 4.064 - 4.000 ) 
    Source Clock Delay      (SCD):    0.030ns
    Clock Pessimism Removal (CPR):    0.000ns
  Clock Uncertainty:      0.035ns  ((TSJ^2 + TIJ^2)^1/2 + DJ) / 2 + PE
    Total System Jitter     (TSJ):    0.071ns
    Total Input Jitter      (TIJ):    0.000ns
    Discrete Jitter          (DJ):    0.000ns
    Phase Error              (PE):    0.000ns

    Location             Delay type                Incr(ns)  Path(ns)    PBlock               Netlist Resource(s)
  -------------------------------------------------------------------    ----------------------------------------
                         (clock aclk rise edge)       0.000     0.000 r                       
                                                      0.000     0.000 r                       aclk (IN)
                         net (fo=78964, unset)        0.030     0.030                         aclk
    SLICE_X68Y451        FDRE                                         r  pb_layer_1slr        dma_act_reg/C
  -------------------------------------------------------------------    ----------------------------------------
    SLICE_X68Y451        FDRE (Prop_AFF_SLICEM_C_Q)
                                                      0.077     0.107 r  pb_layer_1slr        dma_act_reg/Q
                         net (fo=61, estimated)       0.369     0.476                         u_dma/dma_act
    SLICE_X68Y443        LUT4 (Prop_H6LUT_SLICEM_I2_O)
                                                      0.053     0.529 r  pb_layer_1slr        u_dma/g_kvslot[1].mem_reg_uram_0_i_100/O
                         net (fo=2086, estimated)     1.099     1.628                         u_dma/g_kvslot[1].own
    SLICE_X96Y466        LUT3 (Prop_C5LUT_SLICEL_I2_O)
                                                      0.136     1.764 r  pb_layer_1slr        u_dma/g_kvslot[1].mem_reg_uram_30_i_68/O
                         net (fo=1, estimated)        1.621     3.385                         g_kvslot[1].wd[1084]
    URAM288_X1Y90        URAM288 (Prop_URAM_288K_INST_URAM288_DIN_B[4]_CAS_OUT_DIN_B[4])
                                                      0.215     3.600 r  pb_layer_1slr        g_kvslot[1].mem_reg_uram_30/CAS_OUT_DIN_B[4]
                         net (fo=1, estimated)        0.001     3.601                         g_kvslot[1].mem_reg_uram_31_Cas_DinB_1[4]
    URAM288_X1Y91        URAM288                                      r  pb_layer_1slr        g_kvslot[1].mem_reg_uram_31/CAS_IN_DIN_B[4]
  -------------------------------------------------------------------    ----------------------------------------

                         (clock aclk rise edge)       4.000     4.000 r                       
                                                      0.000     4.000 r                       aclk (IN)
                         net (fo=78964, unset)        0.064     4.064                         aclk
    URAM288_X1Y91        URAM288                                      r  pb_layer_1slr        g_kvslot[1].mem_reg_uram_31/CLK
                         clock pessimism              0.000     4.064                           
                         clock uncertainty           -0.035     4.029                           
    URAM288_X1Y91        URAM288 (Setup_URAM_288K_INST_URAM288_CLK_CAS_IN_DIN_B[4])
                                                     -0.289     3.740    pb_layer_1slr          g_kvslot[1].mem_reg_uram_31
  -------------------------------------------------------------------
                         required time                          3.740                           
                         arrival time                          -3.601                           
  -------------------------------------------------------------------
                         slack                                  0.139                           

Slack (MET) :             0.139ns  (required time - arrival time)
  Source:                 dma_act_reg/C
                            (rising edge-triggered cell FDRE clocked by aclk  {rise@0.000ns fall@2.000ns period=4.000ns})
  Destination:            g_kvslot[1].mem_reg_uram_31/CAS_IN_DIN_B[4]
                            (rising edge-triggered cell URAM288 clocked by aclk  {rise@0.000ns fall@2.000ns period=4.000ns})
  Path Group:             aclk
  Path Type:              Setup (Max at Slow Process Corner)
  Requirement:            4.000ns  (aclk rise@4.000ns - aclk rise@0.000ns)
  Data Path Delay:        3.571ns  (logic 0.481ns (13.470%)  route 3.090ns (86.530%))
  Logic Levels:           3  (LUT3=1 LUT4=1 URAM288=1)
  Clock Path Skew:        0.034ns (DCD - SCD + CPR)
    Destination Clock Delay (DCD):    0.064ns = ( 4.064 - 4.000 ) 
    Source Clock Delay      (SCD):    0.030ns
    Clock Pessimism Removal (CPR):    0.000ns
  Clock Uncertainty:      0.035ns  ((TSJ^2 + TIJ^2)^1/2 + DJ) / 2 + PE
    Total System Jitter     (TSJ):    0.071ns
    Total Input Jitter      (TIJ):    0.000ns
    Discrete Jitter          (DJ):    0.000ns
    Phase Error              (PE):    0.000ns

    Location             Delay type                Incr(ns)  Path(ns)    PBlock               Netlist Resource(s)
  -------------------------------------------------------------------    ----------------------------------------
                         (clock aclk rise edge)       0.000     0.000 r                       
                                                      0.000     0.000 r                       aclk (IN)
                         net (fo=78964, unset)        0.030     0.030                         aclk
    SLICE_X68Y451        FDRE                                         r  pb_layer_1slr        dma_act_reg/C
  -------------------------------------------------------------------    ----------------------------------------
    SLICE_X68Y451        FDRE (Prop_AFF_SLICEM_C_Q)
                                                      0.077     0.107 f  pb_layer_1slr        dma_act_reg/Q
                         net (fo=61, estimated)       0.369     0.476                         u_dma/dma_act
    SLICE_X68Y443        LUT4 (Prop_H6LUT_SLICEM_I2_O)
                                                      0.053     0.529 f  pb_layer_1slr        u_dma/g_kvslot[1].mem_reg_uram_0_i_100/O
                         net (fo=2086, estimated)     1.099     1.628                         u_dma/g_kvslot[1].own
    SLICE_X96Y466        LUT3 (Prop_C5LUT_SLICEL_I2_O)
                                                      0.136     1.764 r  pb_layer_1slr        u_dma/g_kvslot[1].mem_reg_uram_30_i_68/O
                         net (fo=1, estimated)        1.621     3.385                         g_kvslot[1].wd[1084]
    URAM288_X1Y90        URAM288 (Prop_URAM_288K_INST_URAM288_DIN_B[4]_CAS_OUT_DIN_B[4])
                                                      0.215     3.600 r  pb_layer_1slr        g_kvslot[1].mem_reg_uram_30/CAS_OUT_DIN_B[4]
                         net (fo=1, estimated)        0.001     3.601                         g_kvslot[1].mem_reg_uram_31_Cas_DinB_1[4]
    URAM288_X1Y91        URAM288                                      r  pb_layer_1slr        g_kvslot[1].mem_reg_uram_31/CAS_IN_DIN_B[4]
  -------------------------------------------------------------------    ----------------------------------------

                         (clock aclk rise edge)       4.000     4.000 r                       
                                                      0.000     4.000 r                       aclk (IN)
                         net (fo=78964, unset)        0.064     4.064                         aclk
    URAM288_X1Y91        URAM288                                      r  pb_layer_1slr        g_kvslot[1].mem_reg_uram_31/CLK
                         clock pessimism              0.000     4.064                           
                         clock uncertainty           -0.035     4.029                           
    URAM288_X1Y91        URAM288 (Setup_URAM_288K_INST_URAM288_CLK_CAS_IN_DIN_B[4])
                                                     -0.289     3.740    pb_layer_1slr          g_kvslot[1].mem_reg_uram_31
  -------------------------------------------------------------------
                         required time                          3.740                           
                         arrival time                          -3.601                           
  -------------------------------------------------------------------
                         slack                                  0.139                           

Slack (MET) :             0.139ns  (required time - arrival time)
  Source:                 dma_act_reg/C
                            (rising edge-triggered cell FDRE clocked by aclk  {rise@0.000ns fall@2.000ns period=4.000ns})
  Destination:            g_kvslot[1].mem_reg_uram_31/CAS_IN_DIN_B[4]
                            (rising edge-triggered cell URAM288 clocked by aclk  {rise@0.000ns fall@2.000ns period=4.000ns})
  Path Group:             aclk
  Path Type:              Setup (Max at Slow Process Corner)
  Requirement:            4.000ns  (aclk rise@4.000ns - aclk rise@0.000ns)
  Data Path Delay:        3.571ns  (logic 0.481ns (13.470%)  route 3.090ns (86.530%))
  Logic Levels:           3  (LUT3=1 LUT4=1 URAM288=1)
  Clock Path Skew:        0.034ns (DCD - SCD + CPR)
    Destination Clock Delay (DCD):    0.064ns = ( 4.064 - 4.000 ) 
    Source Clock Delay      (SCD):    0.030ns
    Clock Pessimism Removal (CPR):    0.000ns
  Clock Uncertainty:      0.035ns  ((TSJ^2 + TIJ^2)^1/2 + DJ) / 2 + PE
    Total System Jitter     (TSJ):    0.071ns
    Total Input Jitter      (TIJ):    0.000ns
    Discrete Jitter          (DJ):    0.000ns
    Phase Error              (PE):    0.000ns

    Location             Delay type                Incr(ns)  Path(ns)    PBlock               Netlist Resource(s)
  -------------------------------------------------------------------    ----------------------------------------
                         (clock aclk rise edge)       0.000     0.000 r                       
                                                      0.000     0.000 r                       aclk (IN)
                         net (fo=78964, unset)        0.030     0.030                         aclk
    SLICE_X68Y451        FDRE                                         r  pb_layer_1slr        dma_act_reg/C
  -------------------------------------------------------------------    ----------------------------------------
    SLICE_X68Y451        FDRE (Prop_AFF_SLICEM_C_Q)
                                                      0.077     0.107 r  pb_layer_1slr        dma_act_reg/Q
                         net (fo=61, estimated)       0.369     0.476                         u_dma/dma_act
    SLICE_X68Y443        LUT4 (Prop_H6LUT_SLICEM_I2_O)
                                                      0.053     0.529 r  pb_layer_1slr        u_dma/g_kvslot[1].mem_reg_uram_0_i_100/O
                         net (fo=2086, estimated)     1.099     1.628                         u_dma/g_kvslot[1].own
    SLICE_X96Y466        LUT3 (Prop_C5LUT_SLICEL_I2_O)
                                                      0.136     1.764 f  pb_layer_1slr        u_dma/g_kvslot[1].mem_reg_uram_30_i_68/O
                         net (fo=1, estimated)        1.621     3.385                         g_kvslot[1].wd[1084]
    URAM288_X1Y90        URAM288 (Prop_URAM_288K_INST_URAM288_DIN_B[4]_CAS_OUT_DIN_B[4])
                                                      0.215     3.600 f  pb_layer_1slr        g_kvslot[1].mem_reg_uram_30/CAS_OUT_DIN_B[4]
                         net (fo=1, estimated)        0.001     3.601                         g_kvslot[1].mem_reg_uram_31_Cas_DinB_1[4]
    URAM288_X1Y91        URAM288                                      f  pb_layer_1slr        g_kvslot[1].mem_reg_uram_31/CAS_IN_DIN_B[4]
  -------------------------------------------------------------------    ----------------------------------------

                         (clock aclk rise edge)       4.000     4.000 r                       
                                                      0.000     4.000 r                       aclk (IN)
                         net (fo=78964, unset)        0.064     4.064                         aclk
    URAM288_X1Y91        URAM288                                      r  pb_layer_1slr        g_kvslot[1].mem_reg_uram_31/CLK
                         clock pessimism              0.000     4.064                           
                         clock uncertainty           -0.035     4.029                           
    URAM288_X1Y91        URAM288 (Setup_URAM_288K_INST_URAM288_CLK_CAS_IN_DIN_B[4])
                                                     -0.289     3.740    pb_layer_1slr          g_kvslot[1].mem_reg_uram_31
  -------------------------------------------------------------------
                         required time                          3.740                           
                         arrival time                          -3.601                           
  -------------------------------------------------------------------
                         slack                                  0.139                           

Slack (MET) :             0.139ns  (required time - arrival time)
  Source:                 dma_act_reg/C
                            (rising edge-triggered cell FDRE clocked by aclk  {rise@0.000ns fall@2.000ns period=4.000ns})
  Destination:            g_kvslot[1].mem_reg_uram_31/CAS_IN_DIN_B[4]
                            (rising edge-triggered cell URAM288 clocked by aclk  {rise@0.000ns fall@2.000ns period=4.000ns})
  Path Group:             aclk
  Path Type:              Setup (Max at Slow Process Corner)
  Requirement:            4.000ns  (aclk rise@4.000ns - aclk rise@0.000ns)
  Data Path Delay:        3.571ns  (logic 0.481ns (13.470%)  route 3.090ns (86.530%))
  Logic Levels:           3  (LUT3=1 LUT4=1 URAM288=1)
  Clock Path Skew:        0.034ns (DCD - SCD + CPR)
    Destination Clock Delay (DCD):    0.064ns = ( 4.064 - 4.000 ) 
    Source Clock Delay      (SCD):    0.030ns
    Clock Pessimism Removal (CPR):    0.000ns
  Clock Uncertainty:      0.035ns  ((TSJ^2 + TIJ^2)^1/2 + DJ) / 2 + PE
    Total System Jitter     (TSJ):    0.071ns
    Total Input Jitter      (TIJ):    0.000ns
    Discrete Jitter          (DJ):    0.000ns
    Phase Error              (PE):    0.000ns

    Location             Delay type                Incr(ns)  Path(ns)    PBlock               Netlist Resource(s)
  -------------------------------------------------------------------    ----------------------------------------
                         (clock aclk rise edge)       0.000     0.000 r                       
                                                      0.000     0.000 r                       aclk (IN)
                         net (fo=78964, unset)        0.030     0.030                         aclk
    SLICE_X68Y451        FDRE                                         r  pb_layer_1slr        dma_act_reg/C
  -------------------------------------------------------------------    ----------------------------------------
    SLICE_X68Y451        FDRE (Prop_AFF_SLICEM_C_Q)
                                                      0.077     0.107 f  pb_layer_1slr        dma_act_reg/Q
                         net (fo=61, estimated)       0.369     0.476                         u_dma/dma_act
    SLICE_X68Y443        LUT4 (Prop_H6LUT_SLICEM_I2_O)
                                                      0.053     0.529 f  pb_layer_1slr        u_dma/g_kvslot[1].mem_reg_uram_0_i_100/O
                         net (fo=2086, estimated)     1.099     1.628                         u_dma/g_kvslot[1].own
    SLICE_X96Y466        LUT3 (Prop_C5LUT_SLICEL_I2_O)
                                                      0.136     1.764 f  pb_layer_1slr        u_dma/g_kvslot[1].mem_reg_uram_30_i_68/O
                         net (fo=1, estimated)        1.621     3.385                         g_kvslot[1].wd[1084]
    URAM288_X1Y90        URAM288 (Prop_URAM_288K_INST_URAM288_DIN_B[4]_CAS_OUT_DIN_B[4])
                                                      0.215     3.600 f  pb_layer_1slr        g_kvslot[1].mem_reg_uram_30/CAS_OUT_DIN_B[4]
                         net (fo=1, estimated)        0.001     3.601                         g_kvslot[1].mem_reg_uram_31_Cas_DinB_1[4]
    URAM288_X1Y91        URAM288                                      f  pb_layer_1slr        g_kvslot[1].mem_reg_uram_31/CAS_IN_DIN_B[4]
  -------------------------------------------------------------------    ----------------------------------------

                         (clock aclk rise edge)       4.000     4.000 r                       
                                                      0.000     4.000 r                       aclk (IN)
                         net (fo=78964, unset)        0.064     4.064                         aclk
    URAM288_X1Y91        URAM288                                      r  pb_layer_1slr        g_kvslot[1].mem_reg_uram_31/CLK
                         clock pessimism              0.000     4.064                           
                         clock uncertainty           -0.035     4.029                           
    URAM288_X1Y91        URAM288 (Setup_URAM_288K_INST_URAM288_CLK_CAS_IN_DIN_B[4])
                                                     -0.289     3.740    pb_layer_1slr          g_kvslot[1].mem_reg_uram_31
  -------------------------------------------------------------------
                         required time                          3.740                           
                         arrival time                          -3.601                           
  -------------------------------------------------------------------
                         slack                                  0.139                           

Slack (MET) :             0.153ns  (required time - arrival time)
  Source:                 dma_act_reg/C
                            (rising edge-triggered cell FDRE clocked by aclk  {rise@0.000ns fall@2.000ns period=4.000ns})
  Destination:            g_kvslot[0].mem_reg_uram_5/CAS_IN_BWE_B[7]
                            (rising edge-triggered cell URAM288 clocked by aclk  {rise@0.000ns fall@2.000ns period=4.000ns})
  Path Group:             aclk
  Path Type:              Setup (Max at Slow Process Corner)
  Requirement:            4.000ns  (aclk rise@4.000ns - aclk rise@0.000ns)
  Data Path Delay:        3.411ns  (logic 0.383ns (11.228%)  route 3.028ns (88.772%))
  Logic Levels:           3  (LUT4=2 URAM288=1)
  Clock Path Skew:        0.034ns (DCD - SCD + CPR)
    Destination Clock Delay (DCD):    0.064ns = ( 4.064 - 4.000 ) 
    Source Clock Delay      (SCD):    0.030ns
    Clock Pessimism Removal (CPR):    0.000ns
  Clock Uncertainty:      0.035ns  ((TSJ^2 + TIJ^2)^1/2 + DJ) / 2 + PE
    Total System Jitter     (TSJ):    0.071ns
    Total Input Jitter      (TIJ):    0.000ns
    Discrete Jitter          (DJ):    0.000ns
    Phase Error              (PE):    0.000ns

    Location             Delay type                Incr(ns)  Path(ns)    PBlock               Netlist Resource(s)
  -------------------------------------------------------------------    ----------------------------------------
                         (clock aclk rise edge)       0.000     0.000 r                       
                                                      0.000     0.000 r                       aclk (IN)
                         net (fo=78964, unset)        0.030     0.030                         aclk
    SLICE_X68Y451        FDRE                                         r  pb_layer_1slr        dma_act_reg/C
  -------------------------------------------------------------------    ----------------------------------------
    SLICE_X68Y451        FDRE (Prop_AFF_SLICEM_C_Q)
                                                      0.077     0.107 r  pb_layer_1slr        dma_act_reg/Q
                         net (fo=61, estimated)       0.440     0.547                         u_dma/dma_act
    SLICE_X66Y441        LUT4 (Prop_G6LUT_SLICEM_I2_O)
                                                      0.052     0.599 r  pb_layer_1slr        u_dma/g_kvslot[0].mem_reg_uram_0_i_100/O
                         net (fo=2086, estimated)     0.776     1.375                         u_dma/dma_kind_reg[1]_1
    SLICE_X88Y426        LUT4 (Prop_H6LUT_SLICEM_I3_O)
                                                      0.039     1.414 r  pb_layer_1slr        u_dma/g_kvslot[0].mem_reg_uram_0_i_99/O
                         net (fo=261, estimated)      1.811     3.225                         g_kvslot[0].we
    URAM288_X1Y156       URAM288 (Prop_URAM_288K_INST_URAM288_BWE_B[7]_CAS_OUT_BWE_B[7])
                                                      0.215     3.440 r  pb_layer_1slr        g_kvslot[0].mem_reg_uram_4/CAS_OUT_BWE_B[7]
                         net (fo=1, estimated)        0.001     3.441                         g_kvslot[0].mem_reg_uram_5_Cas_BEWB_1[7]
    URAM288_X1Y157       URAM288                                      r  pb_layer_1slr        g_kvslot[0].mem_reg_uram_5/CAS_IN_BWE_B[7]
  -------------------------------------------------------------------    ----------------------------------------

                         (clock aclk rise edge)       4.000     4.000 r                       
                                                      0.000     4.000 r                       aclk (IN)
                         net (fo=78964, unset)        0.064     4.064                         aclk
    URAM288_X1Y157       URAM288                                      r  pb_layer_1slr        g_kvslot[0].mem_reg_uram_5/CLK
                         clock pessimism              0.000     4.064                           
                         clock uncertainty           -0.035     4.029                           
    URAM288_X1Y157       URAM288 (Setup_URAM_288K_INST_URAM288_CLK_CAS_IN_BWE_B[7])
                                                     -0.435     3.594    pb_layer_1slr          g_kvslot[0].mem_reg_uram_5
  -------------------------------------------------------------------
                         required time                          3.594                           
                         arrival time                          -3.441                           
  -------------------------------------------------------------------
                         slack                                  0.153                           

Slack (MET) :             0.153ns  (required time - arrival time)
  Source:                 dma_act_reg/C
                            (rising edge-triggered cell FDRE clocked by aclk  {rise@0.000ns fall@2.000ns period=4.000ns})
  Destination:            g_kvslot[0].mem_reg_uram_5/CAS_IN_BWE_B[7]
                            (rising edge-triggered cell URAM288 clocked by aclk  {rise@0.000ns fall@2.000ns period=4.000ns})
  Path Group:             aclk
  Path Type:              Setup (Max at Slow Process Corner)
  Requirement:            4.000ns  (aclk rise@4.000ns - aclk rise@0.000ns)
  Data Path Delay:        3.411ns  (logic 0.383ns (11.228%)  route 3.028ns (88.772%))
  Logic Levels:           3  (LUT4=2 URAM288=1)
  Clock Path Skew:        0.034ns (DCD - SCD + CPR)
    Destination Clock Delay (DCD):    0.064ns = ( 4.064 - 4.000 ) 
    Source Clock Delay      (SCD):    0.030ns
    Clock Pessimism Removal (CPR):    0.000ns
  Clock Uncertainty:      0.035ns  ((TSJ^2 + TIJ^2)^1/2 + DJ) / 2 + PE
    Total System Jitter     (TSJ):    0.071ns
    Total Input Jitter      (TIJ):    0.000ns
    Discrete Jitter          (DJ):    0.000ns
    Phase Error              (PE):    0.000ns

    Location             Delay type                Incr(ns)  Path(ns)    PBlock               Netlist Resource(s)
  -------------------------------------------------------------------    ----------------------------------------
                         (clock aclk rise edge)       0.000     0.000 r                       
                                                      0.000     0.000 r                       aclk (IN)
                         net (fo=78964, unset)        0.030     0.030                         aclk
    SLICE_X68Y451        FDRE                                         r  pb_layer_1slr        dma_act_reg/C
  -------------------------------------------------------------------    ----------------------------------------
    SLICE_X68Y451        FDRE (Prop_AFF_SLICEM_C_Q)
                                                      0.077     0.107 f  pb_layer_1slr        dma_act_reg/Q
                         net (fo=61, estimated)       0.440     0.547                         u_dma/dma_act
    SLICE_X66Y441        LUT4 (Prop_G6LUT_SLICEM_I2_O)
                                                      0.052     0.599 f  pb_layer_1slr        u_dma/g_kvslot[0].mem_reg_uram_0_i_100/O
                         net (fo=2086, estimated)     0.776     1.375                         u_dma/dma_kind_reg[1]_1
    SLICE_X88Y426        LUT4 (Prop_H6LUT_SLICEM_I3_O)
                                                      0.039     1.414 r  pb_layer_1slr        u_dma/g_kvslot[0].mem_reg_uram_0_i_99/O
                         net (fo=261, estimated)      1.811     3.225                         g_kvslot[0].we
    URAM288_X1Y156       URAM288 (Prop_URAM_288K_INST_URAM288_BWE_B[7]_CAS_OUT_BWE_B[7])
                                                      0.215     3.440 r  pb_layer_1slr        g_kvslot[0].mem_reg_uram_4/CAS_OUT_BWE_B[7]
                         net (fo=1, estimated)        0.001     3.441                         g_kvslot[0].mem_reg_uram_5_Cas_BEWB_1[7]
    URAM288_X1Y157       URAM288                                      r  pb_layer_1slr        g_kvslot[0].mem_reg_uram_5/CAS_IN_BWE_B[7]
  -------------------------------------------------------------------    ----------------------------------------

                         (clock aclk rise edge)       4.000     4.000 r                       
                                                      0.000     4.000 r                       aclk (IN)
                         net (fo=78964, unset)        0.064     4.064                         aclk
    URAM288_X1Y157       URAM288                                      r  pb_layer_1slr        g_kvslot[0].mem_reg_uram_5/CLK
                         clock pessimism              0.000     4.064                           
                         clock uncertainty           -0.035     4.029                           
    URAM288_X1Y157       URAM288 (Setup_URAM_288K_INST_URAM288_CLK_CAS_IN_BWE_B[7])
                                                     -0.435     3.594    pb_layer_1slr          g_kvslot[0].mem_reg_uram_5
  -------------------------------------------------------------------
                         required time                          3.594                           
                         arrival time                          -3.441                           
  -------------------------------------------------------------------
                         slack                                  0.153                           

Slack (MET) :             0.153ns  (required time - arrival time)
  Source:                 dma_act_reg/C
                            (rising edge-triggered cell FDRE clocked by aclk  {rise@0.000ns fall@2.000ns period=4.000ns})
  Destination:            g_kvslot[0].mem_reg_uram_5/CAS_IN_BWE_B[7]
                            (rising edge-triggered cell URAM288 clocked by aclk  {rise@0.000ns fall@2.000ns period=4.000ns})
  Path Group:             aclk
  Path Type:              Setup (Max at Slow Process Corner)
  Requirement:            4.000ns  (aclk rise@4.000ns - aclk rise@0.000ns)
  Data Path Delay:        3.411ns  (logic 0.383ns (11.228%)  route 3.028ns (88.772%))
  Logic Levels:           3  (LUT4=2 URAM288=1)
  Clock Path Skew:        0.034ns (DCD - SCD + CPR)
    Destination Clock Delay (DCD):    0.064ns = ( 4.064 - 4.000 ) 
    Source Clock Delay      (SCD):    0.030ns
    Clock Pessimism Removal (CPR):    0.000ns
  Clock Uncertainty:      0.035ns  ((TSJ^2 + TIJ^2)^1/2 + DJ) / 2 + PE
    Total System Jitter     (TSJ):    0.071ns
    Total Input Jitter      (TIJ):    0.000ns
    Discrete Jitter          (DJ):    0.000ns
    Phase Error              (PE):    0.000ns

    Location             Delay type                Incr(ns)  Path(ns)    PBlock               Netlist Resource(s)
  -------------------------------------------------------------------    ----------------------------------------
                         (clock aclk rise edge)       0.000     0.000 r                       
                                                      0.000     0.000 r                       aclk (IN)
                         net (fo=78964, unset)        0.030     0.030                         aclk
    SLICE_X68Y451        FDRE                                         r  pb_layer_1slr        dma_act_reg/C
  -------------------------------------------------------------------    ----------------------------------------
    SLICE_X68Y451        FDRE (Prop_AFF_SLICEM_C_Q)
                                                      0.077     0.107 r  pb_layer_1slr        dma_act_reg/Q
                         net (fo=61, estimated)       0.440     0.547                         u_dma/dma_act
    SLICE_X66Y441        LUT4 (Prop_G6LUT_SLICEM_I2_O)
                                                      0.052     0.599 r  pb_layer_1slr        u_dma/g_kvslot[0].mem_reg_uram_0_i_100/O
                         net (fo=2086, estimated)     0.776     1.375                         u_dma/dma_kind_reg[1]_1
    SLICE_X88Y426        LUT4 (Prop_H6LUT_SLICEM_I3_O)
                                                      0.039     1.414 f  pb_layer_1slr        u_dma/g_kvslot[0].mem_reg_uram_0_i_99/O
                         net (fo=261, estimated)      1.811     3.225                         g_kvslot[0].we
    URAM288_X1Y156       URAM288 (Prop_URAM_288K_INST_URAM288_BWE_B[7]_CAS_OUT_BWE_B[7])
                                                      0.215     3.440 f  pb_layer_1slr        g_kvslot[0].mem_reg_uram_4/CAS_OUT_BWE_B[7]
                         net (fo=1, estimated)        0.001     3.441                         g_kvslot[0].mem_reg_uram_5_Cas_BEWB_1[7]
    URAM288_X1Y157       URAM288                                      f  pb_layer_1slr        g_kvslot[0].mem_reg_uram_5/CAS_IN_BWE_B[7]
  -------------------------------------------------------------------    ----------------------------------------

                         (clock aclk rise edge)       4.000     4.000 r                       
                                                      0.000     4.000 r                       aclk (IN)
                         net (fo=78964, unset)        0.064     4.064                         aclk
    URAM288_X1Y157       URAM288                                      r  pb_layer_1slr        g_kvslot[0].mem_reg_uram_5/CLK
                         clock pessimism              0.000     4.064                           
                         clock uncertainty           -0.035     4.029                           
    URAM288_X1Y157       URAM288 (Setup_URAM_288K_INST_URAM288_CLK_CAS_IN_BWE_B[7])
                                                     -0.435     3.594    pb_layer_1slr          g_kvslot[0].mem_reg_uram_5
  -------------------------------------------------------------------
                         required time                          3.594                           
                         arrival time                          -3.441                           
  -------------------------------------------------------------------
                         slack                                  0.153                           

Slack (MET) :             0.153ns  (required time - arrival time)
  Source:                 dma_act_reg/C
                            (rising edge-triggered cell FDRE clocked by aclk  {rise@0.000ns fall@2.000ns period=4.000ns})
  Destination:            g_kvslot[0].mem_reg_uram_5/CAS_IN_BWE_B[7]
                            (rising edge-triggered cell URAM288 clocked by aclk  {rise@0.000ns fall@2.000ns period=4.000ns})
  Path Group:             aclk
  Path Type:              Setup (Max at Slow Process Corner)
  Requirement:            4.000ns  (aclk rise@4.000ns - aclk rise@0.000ns)
  Data Path Delay:        3.411ns  (logic 0.383ns (11.228%)  route 3.028ns (88.772%))
  Logic Levels:           3  (LUT4=2 URAM288=1)
  Clock Path Skew:        0.034ns (DCD - SCD + CPR)
    Destination Clock Delay (DCD):    0.064ns = ( 4.064 - 4.000 ) 
    Source Clock Delay      (SCD):    0.030ns
    Clock Pessimism Removal (CPR):    0.000ns
  Clock Uncertainty:      0.035ns  ((TSJ^2 + TIJ^2)^1/2 + DJ) / 2 + PE
    Total System Jitter     (TSJ):    0.071ns
    Total Input Jitter      (TIJ):    0.000ns
    Discrete Jitter          (DJ):    0.000ns
    Phase Error              (PE):    0.000ns

    Location             Delay type                Incr(ns)  Path(ns)    PBlock               Netlist Resource(s)
  -------------------------------------------------------------------    ----------------------------------------
                         (clock aclk rise edge)       0.000     0.000 r                       
                                                      0.000     0.000 r                       aclk (IN)
                         net (fo=78964, unset)        0.030     0.030                         aclk
    SLICE_X68Y451        FDRE                                         r  pb_layer_1slr        dma_act_reg/C
  -------------------------------------------------------------------    ----------------------------------------
    SLICE_X68Y451        FDRE (Prop_AFF_SLICEM_C_Q)
                                                      0.077     0.107 f  pb_layer_1slr        dma_act_reg/Q
                         net (fo=61, estimated)       0.440     0.547                         u_dma/dma_act
    SLICE_X66Y441        LUT4 (Prop_G6LUT_SLICEM_I2_O)
                                                      0.052     0.599 f  pb_layer_1slr        u_dma/g_kvslot[0].mem_reg_uram_0_i_100/O
                         net (fo=2086, estimated)     0.776     1.375                         u_dma/dma_kind_reg[1]_1
    SLICE_X88Y426        LUT4 (Prop_H6LUT_SLICEM_I3_O)
                                                      0.039     1.414 f  pb_layer_1slr        u_dma/g_kvslot[0].mem_reg_uram_0_i_99/O
                         net (fo=261, estimated)      1.811     3.225                         g_kvslot[0].we
    URAM288_X1Y156       URAM288 (Prop_URAM_288K_INST_URAM288_BWE_B[7]_CAS_OUT_BWE_B[7])
                                                      0.215     3.440 f  pb_layer_1slr        g_kvslot[0].mem_reg_uram_4/CAS_OUT_BWE_B[7]
                         net (fo=1, estimated)        0.001     3.441                         g_kvslot[0].mem_reg_uram_5_Cas_BEWB_1[7]
    URAM288_X1Y157       URAM288                                      f  pb_layer_1slr        g_kvslot[0].mem_reg_uram_5/CAS_IN_BWE_B[7]
  -------------------------------------------------------------------    ----------------------------------------

                         (clock aclk rise edge)       4.000     4.000 r                       
                                                      0.000     4.000 r                       aclk (IN)
                         net (fo=78964, unset)        0.064     4.064                         aclk
    URAM288_X1Y157       URAM288                                      r  pb_layer_1slr        g_kvslot[0].mem_reg_uram_5/CLK
                         clock pessimism              0.000     4.064                           
                         clock uncertainty           -0.035     4.029                           
    URAM288_X1Y157       URAM288 (Setup_URAM_288K_INST_URAM288_CLK_CAS_IN_BWE_B[7])
                                                     -0.435     3.594    pb_layer_1slr          g_kvslot[0].mem_reg_uram_5
  -------------------------------------------------------------------
                         required time                          3.594                           
                         arrival time                          -3.441                           
  -------------------------------------------------------------------
                         slack                                  0.153                           

Slack (MET) :             0.164ns  (required time - arrival time)
  Source:                 dma_act_reg/C
                            (rising edge-triggered cell FDRE clocked by aclk  {rise@0.000ns fall@2.000ns period=4.000ns})
  Destination:            g_kvslot[1].mem_reg_uram_31/CAS_IN_DIN_B[0]
                            (rising edge-triggered cell URAM288 clocked by aclk  {rise@0.000ns fall@2.000ns period=4.000ns})
  Path Group:             aclk
  Path Type:              Setup (Max at Slow Process Corner)
  Requirement:            4.000ns  (aclk rise@4.000ns - aclk rise@0.000ns)
  Data Path Delay:        3.585ns  (logic 0.483ns (13.473%)  route 3.102ns (86.527%))
  Logic Levels:           3  (LUT3=1 LUT4=1 URAM288=1)
  Clock Path Skew:        0.034ns (DCD - SCD + CPR)
    Destination Clock Delay (DCD):    0.064ns = ( 4.064 - 4.000 ) 
    Source Clock Delay      (SCD):    0.030ns
    Clock Pessimism Removal (CPR):    0.000ns
  Clock Uncertainty:      0.035ns  ((TSJ^2 + TIJ^2)^1/2 + DJ) / 2 + PE
    Total System Jitter     (TSJ):    0.071ns
    Total Input Jitter      (TIJ):    0.000ns
    Discrete Jitter          (DJ):    0.000ns
    Phase Error              (PE):    0.000ns

    Location             Delay type                Incr(ns)  Path(ns)    PBlock               Netlist Resource(s)
  -------------------------------------------------------------------    ----------------------------------------
                         (clock aclk rise edge)       0.000     0.000 r                       
                                                      0.000     0.000 r                       aclk (IN)
                         net (fo=78964, unset)        0.030     0.030                         aclk
    SLICE_X68Y451        FDRE                                         r  pb_layer_1slr        dma_act_reg/C
  -------------------------------------------------------------------    ----------------------------------------
    SLICE_X68Y451        FDRE (Prop_AFF_SLICEM_C_Q)
                                                      0.077     0.107 r  pb_layer_1slr        dma_act_reg/Q
                         net (fo=61, estimated)       0.369     0.476                         u_dma/dma_act
    SLICE_X68Y443        LUT4 (Prop_H6LUT_SLICEM_I2_O)
                                                      0.053     0.529 r  pb_layer_1slr        u_dma/g_kvslot[1].mem_reg_uram_0_i_100/O
                         net (fo=2086, estimated)     1.103     1.632                         u_dma/g_kvslot[1].own
    SLICE_X96Y466        LUT3 (Prop_A5LUT_SLICEL_I2_O)
                                                      0.138     1.770 r  pb_layer_1slr        u_dma/g_kvslot[1].mem_reg_uram_30_i_72/O
                         net (fo=1, estimated)        1.629     3.399                         g_kvslot[1].wd[1080]
    URAM288_X1Y90        URAM288 (Prop_URAM_288K_INST_URAM288_DIN_B[0]_CAS_OUT_DIN_B[0])
                                                      0.215     3.614 r  pb_layer_1slr        g_kvslot[1].mem_reg_uram_30/CAS_OUT_DIN_B[0]
                         net (fo=1, estimated)        0.001     3.615                         g_kvslot[1].mem_reg_uram_31_Cas_DinB_1[0]
    URAM288_X1Y91        URAM288                                      r  pb_layer_1slr        g_kvslot[1].mem_reg_uram_31/CAS_IN_DIN_B[0]
  -------------------------------------------------------------------    ----------------------------------------

                         (clock aclk rise edge)       4.000     4.000 r                       
                                                      0.000     4.000 r                       aclk (IN)
                         net (fo=78964, unset)        0.064     4.064                         aclk
    URAM288_X1Y91        URAM288                                      r  pb_layer_1slr        g_kvslot[1].mem_reg_uram_31/CLK
                         clock pessimism              0.000     4.064                           
                         clock uncertainty           -0.035     4.029                           
    URAM288_X1Y91        URAM288 (Setup_URAM_288K_INST_URAM288_CLK_CAS_IN_DIN_B[0])
                                                     -0.250     3.779    pb_layer_1slr          g_kvslot[1].mem_reg_uram_31
  -------------------------------------------------------------------
                         required time                          3.779                           
                         arrival time                          -3.615                           
  -------------------------------------------------------------------
                         slack                                  0.164                           

Slack (MET) :             0.164ns  (required time - arrival time)
  Source:                 dma_act_reg/C
                            (rising edge-triggered cell FDRE clocked by aclk  {rise@0.000ns fall@2.000ns period=4.000ns})
  Destination:            g_kvslot[1].mem_reg_uram_31/CAS_IN_DIN_B[0]
                            (rising edge-triggered cell URAM288 clocked by aclk  {rise@0.000ns fall@2.000ns period=4.000ns})
  Path Group:             aclk
  Path Type:              Setup (Max at Slow Process Corner)
  Requirement:            4.000ns  (aclk rise@4.000ns - aclk rise@0.000ns)
  Data Path Delay:        3.585ns  (logic 0.483ns (13.473%)  route 3.102ns (86.527%))
  Logic Levels:           3  (LUT3=1 LUT4=1 URAM288=1)
  Clock Path Skew:        0.034ns (DCD - SCD + CPR)
    Destination Clock Delay (DCD):    0.064ns = ( 4.064 - 4.000 ) 
    Source Clock Delay      (SCD):    0.030ns
    Clock Pessimism Removal (CPR):    0.000ns
  Clock Uncertainty:      0.035ns  ((TSJ^2 + TIJ^2)^1/2 + DJ) / 2 + PE
    Total System Jitter     (TSJ):    0.071ns
    Total Input Jitter      (TIJ):    0.000ns
    Discrete Jitter          (DJ):    0.000ns
    Phase Error              (PE):    0.000ns

    Location             Delay type                Incr(ns)  Path(ns)    PBlock               Netlist Resource(s)
  -------------------------------------------------------------------    ----------------------------------------
                         (clock aclk rise edge)       0.000     0.000 r                       
                                                      0.000     0.000 r                       aclk (IN)
                         net (fo=78964, unset)        0.030     0.030                         aclk
    SLICE_X68Y451        FDRE                                         r  pb_layer_1slr        dma_act_reg/C
  -------------------------------------------------------------------    ----------------------------------------
    SLICE_X68Y451        FDRE (Prop_AFF_SLICEM_C_Q)
                                                      0.077     0.107 f  pb_layer_1slr        dma_act_reg/Q
                         net (fo=61, estimated)       0.369     0.476                         u_dma/dma_act
    SLICE_X68Y443        LUT4 (Prop_H6LUT_SLICEM_I2_O)
                                                      0.053     0.529 f  pb_layer_1slr        u_dma/g_kvslot[1].mem_reg_uram_0_i_100/O
                         net (fo=2086, estimated)     1.103     1.632                         u_dma/g_kvslot[1].own
    SLICE_X96Y466        LUT3 (Prop_A5LUT_SLICEL_I2_O)
                                                      0.138     1.770 r  pb_layer_1slr        u_dma/g_kvslot[1].mem_reg_uram_30_i_72/O
                         net (fo=1, estimated)        1.629     3.399                         g_kvslot[1].wd[1080]
    URAM288_X1Y90        URAM288 (Prop_URAM_288K_INST_URAM288_DIN_B[0]_CAS_OUT_DIN_B[0])
                                                      0.215     3.614 r  pb_layer_1slr        g_kvslot[1].mem_reg_uram_30/CAS_OUT_DIN_B[0]
                         net (fo=1, estimated)        0.001     3.615                         g_kvslot[1].mem_reg_uram_31_Cas_DinB_1[0]
    URAM288_X1Y91        URAM288                                      r  pb_layer_1slr        g_kvslot[1].mem_reg_uram_31/CAS_IN_DIN_B[0]
  -------------------------------------------------------------------    ----------------------------------------

                         (clock aclk rise edge)       4.000     4.000 r                       
                                                      0.000     4.000 r                       aclk (IN)
                         net (fo=78964, unset)        0.064     4.064                         aclk
    URAM288_X1Y91        URAM288                                      r  pb_layer_1slr        g_kvslot[1].mem_reg_uram_31/CLK
                         clock pessimism              0.000     4.064                           
                         clock uncertainty           -0.035     4.029                           
    URAM288_X1Y91        URAM288 (Setup_URAM_288K_INST_URAM288_CLK_CAS_IN_DIN_B[0])
                                                     -0.250     3.779    pb_layer_1slr          g_kvslot[1].mem_reg_uram_31
  -------------------------------------------------------------------
                         required time                          3.779                           
                         arrival time                          -3.615                           
  -------------------------------------------------------------------
                         slack                                  0.164                           

Slack (MET) :             0.164ns  (required time - arrival time)
  Source:                 dma_act_reg/C
                            (rising edge-triggered cell FDRE clocked by aclk  {rise@0.000ns fall@2.000ns period=4.000ns})
  Destination:            g_kvslot[1].mem_reg_uram_31/CAS_IN_DIN_B[0]
                            (rising edge-triggered cell URAM288 clocked by aclk  {rise@0.000ns fall@2.000ns period=4.000ns})
  Path Group:             aclk
  Path Type:              Setup (Max at Slow Process Corner)
  Requirement:            4.000ns  (aclk rise@4.000ns - aclk rise@0.000ns)
  Data Path Delay:        3.585ns  (logic 0.483ns (13.473%)  route 3.102ns (86.527%))
  Logic Levels:           3  (LUT3=1 LUT4=1 URAM288=1)
  Clock Path Skew:        0.034ns (DCD - SCD + CPR)
    Destination Clock Delay (DCD):    0.064ns = ( 4.064 - 4.000 ) 
    Source Clock Delay      (SCD):    0.030ns
    Clock Pessimism Removal (CPR):    0.000ns
  Clock Uncertainty:      0.035ns  ((TSJ^2 + TIJ^2)^1/2 + DJ) / 2 + PE
    Total System Jitter     (TSJ):    0.071ns
    Total Input Jitter      (TIJ):    0.000ns
    Discrete Jitter          (DJ):    0.000ns
    Phase Error              (PE):    0.000ns

    Location             Delay type                Incr(ns)  Path(ns)    PBlock               Netlist Resource(s)
  -------------------------------------------------------------------    ----------------------------------------
                         (clock aclk rise edge)       0.000     0.000 r                       
                                                      0.000     0.000 r                       aclk (IN)
                         net (fo=78964, unset)        0.030     0.030                         aclk
    SLICE_X68Y451        FDRE                                         r  pb_layer_1slr        dma_act_reg/C
  -------------------------------------------------------------------    ----------------------------------------
    SLICE_X68Y451        FDRE (Prop_AFF_SLICEM_C_Q)
                                                      0.077     0.107 r  pb_layer_1slr        dma_act_reg/Q
                         net (fo=61, estimated)       0.369     0.476                         u_dma/dma_act
    SLICE_X68Y443        LUT4 (Prop_H6LUT_SLICEM_I2_O)
                                                      0.053     0.529 r  pb_layer_1slr        u_dma/g_kvslot[1].mem_reg_uram_0_i_100/O
                         net (fo=2086, estimated)     1.103     1.632                         u_dma/g_kvslot[1].own
    SLICE_X96Y466        LUT3 (Prop_A5LUT_SLICEL_I2_O)
                                                      0.138     1.770 f  pb_layer_1slr        u_dma/g_kvslot[1].mem_reg_uram_30_i_72/O
                         net (fo=1, estimated)        1.629     3.399                         g_kvslot[1].wd[1080]
    URAM288_X1Y90        URAM288 (Prop_URAM_288K_INST_URAM288_DIN_B[0]_CAS_OUT_DIN_B[0])
                                                      0.215     3.614 f  pb_layer_1slr        g_kvslot[1].mem_reg_uram_30/CAS_OUT_DIN_B[0]
                         net (fo=1, estimated)        0.001     3.615                         g_kvslot[1].mem_reg_uram_31_Cas_DinB_1[0]
    URAM288_X1Y91        URAM288                                      f  pb_layer_1slr        g_kvslot[1].mem_reg_uram_31/CAS_IN_DIN_B[0]
  -------------------------------------------------------------------    ----------------------------------------

                         (clock aclk rise edge)       4.000     4.000 r                       
                                                      0.000     4.000 r                       aclk (IN)
                         net (fo=78964, unset)        0.064     4.064                         aclk
    URAM288_X1Y91        URAM288                                      r  pb_layer_1slr        g_kvslot[1].mem_reg_uram_31/CLK
                         clock pessimism              0.000     4.064                           
                         clock uncertainty           -0.035     4.029                           
    URAM288_X1Y91        URAM288 (Setup_URAM_288K_INST_URAM288_CLK_CAS_IN_DIN_B[0])
                                                     -0.250     3.779    pb_layer_1slr          g_kvslot[1].mem_reg_uram_31
  -------------------------------------------------------------------
                         required time                          3.779                           
                         arrival time                          -3.615                           
  -------------------------------------------------------------------
                         slack                                  0.164                           

Slack (MET) :             0.164ns  (required time - arrival time)
  Source:                 dma_act_reg/C
                            (rising edge-triggered cell FDRE clocked by aclk  {rise@0.000ns fall@2.000ns period=4.000ns})
  Destination:            g_kvslot[1].mem_reg_uram_31/CAS_IN_DIN_B[0]
                            (rising edge-triggered cell URAM288 clocked by aclk  {rise@0.000ns fall@2.000ns period=4.000ns})
  Path Group:             aclk
  Path Type:              Setup (Max at Slow Process Corner)
  Requirement:            4.000ns  (aclk rise@4.000ns - aclk rise@0.000ns)
  Data Path Delay:        3.585ns  (logic 0.483ns (13.473%)  route 3.102ns (86.527%))
  Logic Levels:           3  (LUT3=1 LUT4=1 URAM288=1)
  Clock Path Skew:        0.034ns (DCD - SCD + CPR)
    Destination Clock Delay (DCD):    0.064ns = ( 4.064 - 4.000 ) 
    Source Clock Delay      (SCD):    0.030ns
    Clock Pessimism Removal (CPR):    0.000ns
  Clock Uncertainty:      0.035ns  ((TSJ^2 + TIJ^2)^1/2 + DJ) / 2 + PE
    Total System Jitter     (TSJ):    0.071ns
    Total Input Jitter      (TIJ):    0.000ns
    Discrete Jitter          (DJ):    0.000ns
    Phase Error              (PE):    0.000ns

    Location             Delay type                Incr(ns)  Path(ns)    PBlock               Netlist Resource(s)
  -------------------------------------------------------------------    ----------------------------------------
                         (clock aclk rise edge)       0.000     0.000 r                       
                                                      0.000     0.000 r                       aclk (IN)
                         net (fo=78964, unset)        0.030     0.030                         aclk
    SLICE_X68Y451        FDRE                                         r  pb_layer_1slr        dma_act_reg/C
  -------------------------------------------------------------------    ----------------------------------------
    SLICE_X68Y451        FDRE (Prop_AFF_SLICEM_C_Q)
                                                      0.077     0.107 f  pb_layer_1slr        dma_act_reg/Q
                         net (fo=61, estimated)       0.369     0.476                         u_dma/dma_act
    SLICE_X68Y443        LUT4 (Prop_H6LUT_SLICEM_I2_O)
                                                      0.053     0.529 f  pb_layer_1slr        u_dma/g_kvslot[1].mem_reg_uram_0_i_100/O
                         net (fo=2086, estimated)     1.103     1.632                         u_dma/g_kvslot[1].own
    SLICE_X96Y466        LUT3 (Prop_A5LUT_SLICEL_I2_O)
                                                      0.138     1.770 f  pb_layer_1slr        u_dma/g_kvslot[1].mem_reg_uram_30_i_72/O
                         net (fo=1, estimated)        1.629     3.399                         g_kvslot[1].wd[1080]
    URAM288_X1Y90        URAM288 (Prop_URAM_288K_INST_URAM288_DIN_B[0]_CAS_OUT_DIN_B[0])
                                                      0.215     3.614 f  pb_layer_1slr        g_kvslot[1].mem_reg_uram_30/CAS_OUT_DIN_B[0]
                         net (fo=1, estimated)        0.001     3.615                         g_kvslot[1].mem_reg_uram_31_Cas_DinB_1[0]
    URAM288_X1Y91        URAM288                                      f  pb_layer_1slr        g_kvslot[1].mem_reg_uram_31/CAS_IN_DIN_B[0]
  -------------------------------------------------------------------    ----------------------------------------

                         (clock aclk rise edge)       4.000     4.000 r                       
                                                      0.000     4.000 r                       aclk (IN)
                         net (fo=78964, unset)        0.064     4.064                         aclk
    URAM288_X1Y91        URAM288                                      r  pb_layer_1slr        g_kvslot[1].mem_reg_uram_31/CLK
                         clock pessimism              0.000     4.064                           
                         clock uncertainty           -0.035     4.029                           
    URAM288_X1Y91        URAM288 (Setup_URAM_288K_INST_URAM288_CLK_CAS_IN_DIN_B[0])
                                                     -0.250     3.779    pb_layer_1slr          g_kvslot[1].mem_reg_uram_31
  -------------------------------------------------------------------
                         required time                          3.779                           
                         arrival time                          -3.615                           
  -------------------------------------------------------------------
                         slack                                  0.164                           

Slack (MET) :             0.167ns  (required time - arrival time)
  Source:                 dma_act_reg/C
                            (rising edge-triggered cell FDRE clocked by aclk  {rise@0.000ns fall@2.000ns period=4.000ns})
  Destination:            g_kvslot[1].mem_reg_uram_5/CAS_IN_BWE_B[7]
                            (rising edge-triggered cell URAM288 clocked by aclk  {rise@0.000ns fall@2.000ns period=4.000ns})
  Path Group:             aclk
  Path Type:              Setup (Max at Slow Process Corner)
  Requirement:            4.000ns  (aclk rise@4.000ns - aclk rise@0.000ns)
  Data Path Delay:        3.397ns  (logic 0.380ns (11.186%)  route 3.017ns (88.814%))
  Logic Levels:           3  (LUT4=2 URAM288=1)
  Clock Path Skew:        0.034ns (DCD - SCD + CPR)
    Destination Clock Delay (DCD):    0.064ns = ( 4.064 - 4.000 ) 
    Source Clock Delay      (SCD):    0.030ns
    Clock Pessimism Removal (CPR):    0.000ns
  Clock Uncertainty:      0.035ns  ((TSJ^2 + TIJ^2)^1/2 + DJ) / 2 + PE
    Total System Jitter     (TSJ):    0.071ns
    Total Input Jitter      (TIJ):    0.000ns
    Discrete Jitter          (DJ):    0.000ns
    Phase Error              (PE):    0.000ns

    Location             Delay type                Incr(ns)  Path(ns)    PBlock               Netlist Resource(s)
  -------------------------------------------------------------------    ----------------------------------------
                         (clock aclk rise edge)       0.000     0.000 r                       
                                                      0.000     0.000 r                       aclk (IN)
                         net (fo=78964, unset)        0.030     0.030                         aclk
    SLICE_X68Y451        FDRE                                         r  pb_layer_1slr        dma_act_reg/C
  -------------------------------------------------------------------    ----------------------------------------
    SLICE_X68Y451        FDRE (Prop_AFF_SLICEM_C_Q)
                                                      0.077     0.107 r  pb_layer_1slr        dma_act_reg/Q
                         net (fo=61, estimated)       0.369     0.476                         u_dma/dma_act
    SLICE_X68Y443        LUT4 (Prop_H6LUT_SLICEM_I2_O)
                                                      0.053     0.529 r  pb_layer_1slr        u_dma/g_kvslot[1].mem_reg_uram_0_i_100/O
                         net (fo=2086, estimated)     0.737     1.266                         u_dma/g_kvslot[1].own
    SLICE_X89Y426        LUT4 (Prop_E6LUT_SLICEL_I3_O)
                                                      0.035     1.301 r  pb_layer_1slr        u_dma/g_kvslot[1].mem_reg_uram_0_i_99/O
                         net (fo=261, estimated)      1.910     3.211                         g_kvslot[1].we
    URAM288_X1Y158       URAM288 (Prop_URAM_288K_INST_URAM288_BWE_B[7]_CAS_OUT_BWE_B[7])
                                                      0.215     3.426 r  pb_layer_1slr        g_kvslot[1].mem_reg_uram_4/CAS_OUT_BWE_B[7]
                         net (fo=1, estimated)        0.001     3.427                         g_kvslot[1].mem_reg_uram_5_Cas_BEWB_1[7]
    URAM288_X1Y159       URAM288                                      r  pb_layer_1slr        g_kvslot[1].mem_reg_uram_5/CAS_IN_BWE_B[7]
  -------------------------------------------------------------------    ----------------------------------------

                         (clock aclk rise edge)       4.000     4.000 r                       
                                                      0.000     4.000 r                       aclk (IN)
                         net (fo=78964, unset)        0.064     4.064                         aclk
    URAM288_X1Y159       URAM288                                      r  pb_layer_1slr        g_kvslot[1].mem_reg_uram_5/CLK
                         clock pessimism              0.000     4.064                           
                         clock uncertainty           -0.035     4.029                           
    URAM288_X1Y159       URAM288 (Setup_URAM_288K_INST_URAM288_CLK_CAS_IN_BWE_B[7])
                                                     -0.435     3.594    pb_layer_1slr          g_kvslot[1].mem_reg_uram_5
  -------------------------------------------------------------------
                         required time                          3.594                           
                         arrival time                          -3.427                           
  -------------------------------------------------------------------
                         slack                                  0.167                           

Slack (MET) :             0.167ns  (required time - arrival time)
  Source:                 dma_act_reg/C
                            (rising edge-triggered cell FDRE clocked by aclk  {rise@0.000ns fall@2.000ns period=4.000ns})
  Destination:            g_kvslot[1].mem_reg_uram_5/CAS_IN_BWE_B[7]
                            (rising edge-triggered cell URAM288 clocked by aclk  {rise@0.000ns fall@2.000ns period=4.000ns})
  Path Group:             aclk
  Path Type:              Setup (Max at Slow Process Corner)
  Requirement:            4.000ns  (aclk rise@4.000ns - aclk rise@0.000ns)
  Data Path Delay:        3.397ns  (logic 0.380ns (11.186%)  route 3.017ns (88.814%))
  Logic Levels:           3  (LUT4=2 URAM288=1)
  Clock Path Skew:        0.034ns (DCD - SCD + CPR)
    Destination Clock Delay (DCD):    0.064ns = ( 4.064 - 4.000 ) 
    Source Clock Delay      (SCD):    0.030ns
    Clock Pessimism Removal (CPR):    0.000ns
  Clock Uncertainty:      0.035ns  ((TSJ^2 + TIJ^2)^1/2 + DJ) / 2 + PE
    Total System Jitter     (TSJ):    0.071ns
    Total Input Jitter      (TIJ):    0.000ns
    Discrete Jitter          (DJ):    0.000ns
    Phase Error              (PE):    0.000ns

    Location             Delay type                Incr(ns)  Path(ns)    PBlock               Netlist Resource(s)
  -------------------------------------------------------------------    ----------------------------------------
                         (clock aclk rise edge)       0.000     0.000 r                       
                                                      0.000     0.000 r                       aclk (IN)
                         net (fo=78964, unset)        0.030     0.030                         aclk
    SLICE_X68Y451        FDRE                                         r  pb_layer_1slr        dma_act_reg/C
  -------------------------------------------------------------------    ----------------------------------------
    SLICE_X68Y451        FDRE (Prop_AFF_SLICEM_C_Q)
                                                      0.077     0.107 f  pb_layer_1slr        dma_act_reg/Q
                         net (fo=61, estimated)       0.369     0.476                         u_dma/dma_act
    SLICE_X68Y443        LUT4 (Prop_H6LUT_SLICEM_I2_O)
                                                      0.053     0.529 f  pb_layer_1slr        u_dma/g_kvslot[1].mem_reg_uram_0_i_100/O
                         net (fo=2086, estimated)     0.737     1.266                         u_dma/g_kvslot[1].own
    SLICE_X89Y426        LUT4 (Prop_E6LUT_SLICEL_I3_O)
                                                      0.035     1.301 r  pb_layer_1slr        u_dma/g_kvslot[1].mem_reg_uram_0_i_99/O
                         net (fo=261, estimated)      1.910     3.211                         g_kvslot[1].we
    URAM288_X1Y158       URAM288 (Prop_URAM_288K_INST_URAM288_BWE_B[7]_CAS_OUT_BWE_B[7])
                                                      0.215     3.426 r  pb_layer_1slr        g_kvslot[1].mem_reg_uram_4/CAS_OUT_BWE_B[7]
                         net (fo=1, estimated)        0.001     3.427                         g_kvslot[1].mem_reg_uram_5_Cas_BEWB_1[7]
    URAM288_X1Y159       URAM288                                      r  pb_layer_1slr        g_kvslot[1].mem_reg_uram_5/CAS_IN_BWE_B[7]
  -------------------------------------------------------------------    ----------------------------------------

                         (clock aclk rise edge)       4.000     4.000 r                       
                                                      0.000     4.000 r                       aclk (IN)
                         net (fo=78964, unset)        0.064     4.064                         aclk
    URAM288_X1Y159       URAM288                                      r  pb_layer_1slr        g_kvslot[1].mem_reg_uram_5/CLK
                         clock pessimism              0.000     4.064                           
                         clock uncertainty           -0.035     4.029                           
    URAM288_X1Y159       URAM288 (Setup_URAM_288K_INST_URAM288_CLK_CAS_IN_BWE_B[7])
                                                     -0.435     3.594    pb_layer_1slr          g_kvslot[1].mem_reg_uram_5
  -------------------------------------------------------------------
                         required time                          3.594                           
                         arrival time                          -3.427                           
  -------------------------------------------------------------------
                         slack                                  0.167                           




