Copyright 1986-2022 Xilinx, Inc. All Rights Reserved. Copyright 2022-2024 Advanced Micro Devices, Inc. All Rights Reserved.
---------------------------------------------------------------------------------------------------------------------------------------------------------------------------------------------------------------------------------------------------------------------------
| Tool Version      : Vivado v.2024.2 (lin64) Build 5239630 Fri Nov 08 22:34:34 MST 2024
| Date              : Sat Sep  5 16:28:44 2026
| Host              : snoke running 64-bit Ubuntu 24.04.4 LTS
| Command           : report_timing -to [get_cells -quiet -hier -filter {NAME =~ *g_cv* && (REF_NAME =~ RAMB36* || REF_NAME =~ RAMB18*)}] -max_paths 20 -nworst 20 -setup -file /home/cah/r2d2/code/fpga/fable5_llm/synth/out_exp_uram_s5_1slr/reports/conv_bram_paths.rpt
| Design            : layer_chan
| Device            : xcvu9p-fsgd2104
| Speed File        : -2L  PRODUCTION 1.28 03-30-2022
| Design State      : Fully Placed
| Temperature Grade : E
---------------------------------------------------------------------------------------------------------------------------------------------------------------------------------------------------------------------------------------------------------------------------

Timing Report

Slack (MET) :             0.302ns  (required time - arrival time)
  Source:                 dma_act_reg/C
                            (rising edge-triggered cell FDRE clocked by aclk  {rise@0.000ns fall@2.000ns period=4.000ns})
  Destination:            g_cvslot[0].sm_reg_bram_7/ADDRBWRADDR[13]
                            (rising edge-triggered cell RAMB36E2 clocked by aclk  {rise@0.000ns fall@2.000ns period=4.000ns})
  Path Group:             aclk
  Path Type:              Setup (Max at Slow Process Corner)
  Requirement:            4.000ns  (aclk rise@4.000ns - aclk rise@0.000ns)
  Data Path Delay:        3.384ns  (logic 0.214ns (6.324%)  route 3.170ns (93.676%))
  Logic Levels:           2  (LUT3=1 LUT4=1)
  Clock Path Skew:        0.011ns (DCD - SCD + CPR)
    Destination Clock Delay (DCD):    0.040ns = ( 4.040 - 4.000 ) 
    Source Clock Delay      (SCD):    0.029ns
    Clock Pessimism Removal (CPR):    0.000ns
  Clock Uncertainty:      0.035ns  ((TSJ^2 + TIJ^2)^1/2 + DJ) / 2 + PE
    Total System Jitter     (TSJ):    0.071ns
    Total Input Jitter      (TIJ):    0.000ns
    Discrete Jitter          (DJ):    0.000ns
    Phase Error              (PE):    0.000ns

    Location             Delay type                Incr(ns)  Path(ns)    PBlock               Netlist Resource(s)
  -------------------------------------------------------------------    ----------------------------------------
                         (clock aclk rise edge)       0.000     0.000 r                       
                                                      0.000     0.000 r                       aclk (IN)
                         net (fo=78784, unset)        0.029     0.029                         aclk
    SLICE_X69Y474        FDRE                                         r  pb_layer_1slr        dma_act_reg/C
  -------------------------------------------------------------------    ----------------------------------------
    SLICE_X69Y474        FDRE (Prop_HFF_SLICEL_C_Q)
                                                      0.079     0.108 r  pb_layer_1slr        dma_act_reg/Q
                         net (fo=61, estimated)       0.875     0.983                         u_dma/dma_act
    SLICE_X86Y515        LUT3 (Prop_A6LUT_SLICEL_I0_O)
                                                      0.098     1.081 r  pb_layer_1slr        u_dma/g_cvslot[0].wm_reg_bram_0_i_61/O
                         net (fo=95, estimated)       1.069     2.150                         u_dma/g_cvslot[0].wm_reg_bram_0_i_61_n_0
    SLICE_X64Y465        LUT4 (Prop_F6LUT_SLICEM_I2_O)
                                                      0.037     2.187 r  pb_layer_1slr        u_dma/g_cvslot[0].wm_reg_bram_0_i_14/O
                         net (fo=26, estimated)       1.226     3.413                         g_cvslot[0].sra[8]
    RAMB36_X5Y107        RAMB36E2                                     r  pb_layer_1slr        g_cvslot[0].sm_reg_bram_7/ADDRBWRADDR[13]
  -------------------------------------------------------------------    ----------------------------------------

                         (clock aclk rise edge)       4.000     4.000 r                       
                                                      0.000     4.000 r                       aclk (IN)
                         net (fo=78784, unset)        0.040     4.040                         aclk
    RAMB36_X5Y107        RAMB36E2                                     r  pb_layer_1slr        g_cvslot[0].sm_reg_bram_7/CLKBWRCLK
                         clock pessimism              0.000     4.040                           
                         clock uncertainty           -0.035     4.005                           
    RAMB36_X5Y107        RAMB36E2 (Setup_RAMB36E2_RAMB36_CLKBWRCLK_ADDRBWRADDR[13])
                                                     -0.290     3.715    pb_layer_1slr          g_cvslot[0].sm_reg_bram_7
  -------------------------------------------------------------------
                         required time                          3.715                           
                         arrival time                          -3.413                           
  -------------------------------------------------------------------
                         slack                                  0.302                           

Slack (MET) :             0.302ns  (required time - arrival time)
  Source:                 dma_act_reg/C
                            (rising edge-triggered cell FDRE clocked by aclk  {rise@0.000ns fall@2.000ns period=4.000ns})
  Destination:            g_cvslot[0].sm_reg_bram_7/ADDRBWRADDR[13]
                            (rising edge-triggered cell RAMB36E2 clocked by aclk  {rise@0.000ns fall@2.000ns period=4.000ns})
  Path Group:             aclk
  Path Type:              Setup (Max at Slow Process Corner)
  Requirement:            4.000ns  (aclk rise@4.000ns - aclk rise@0.000ns)
  Data Path Delay:        3.384ns  (logic 0.214ns (6.324%)  route 3.170ns (93.676%))
  Logic Levels:           2  (LUT3=1 LUT4=1)
  Clock Path Skew:        0.011ns (DCD - SCD + CPR)
    Destination Clock Delay (DCD):    0.040ns = ( 4.040 - 4.000 ) 
    Source Clock Delay      (SCD):    0.029ns
    Clock Pessimism Removal (CPR):    0.000ns
  Clock Uncertainty:      0.035ns  ((TSJ^2 + TIJ^2)^1/2 + DJ) / 2 + PE
    Total System Jitter     (TSJ):    0.071ns
    Total Input Jitter      (TIJ):    0.000ns
    Discrete Jitter          (DJ):    0.000ns
    Phase Error              (PE):    0.000ns

    Location             Delay type                Incr(ns)  Path(ns)    PBlock               Netlist Resource(s)
  -------------------------------------------------------------------    ----------------------------------------
                         (clock aclk rise edge)       0.000     0.000 r                       
                                                      0.000     0.000 r                       aclk (IN)
                         net (fo=78784, unset)        0.029     0.029                         aclk
    SLICE_X69Y474        FDRE                                         r  pb_layer_1slr        dma_act_reg/C
  -------------------------------------------------------------------    ----------------------------------------
    SLICE_X69Y474        FDRE (Prop_HFF_SLICEL_C_Q)
                                                      0.079     0.108 f  pb_layer_1slr        dma_act_reg/Q
                         net (fo=61, estimated)       0.875     0.983                         u_dma/dma_act
    SLICE_X86Y515        LUT3 (Prop_A6LUT_SLICEL_I0_O)
                                                      0.098     1.081 f  pb_layer_1slr        u_dma/g_cvslot[0].wm_reg_bram_0_i_61/O
                         net (fo=95, estimated)       1.069     2.150                         u_dma/g_cvslot[0].wm_reg_bram_0_i_61_n_0
    SLICE_X64Y465        LUT4 (Prop_F6LUT_SLICEM_I2_O)
                                                      0.037     2.187 r  pb_layer_1slr        u_dma/g_cvslot[0].wm_reg_bram_0_i_14/O
                         net (fo=26, estimated)       1.226     3.413                         g_cvslot[0].sra[8]
    RAMB36_X5Y107        RAMB36E2                                     r  pb_layer_1slr        g_cvslot[0].sm_reg_bram_7/ADDRBWRADDR[13]
  -------------------------------------------------------------------    ----------------------------------------

                         (clock aclk rise edge)       4.000     4.000 r                       
                                                      0.000     4.000 r                       aclk (IN)
                         net (fo=78784, unset)        0.040     4.040                         aclk
    RAMB36_X5Y107        RAMB36E2                                     r  pb_layer_1slr        g_cvslot[0].sm_reg_bram_7/CLKBWRCLK
                         clock pessimism              0.000     4.040                           
                         clock uncertainty           -0.035     4.005                           
    RAMB36_X5Y107        RAMB36E2 (Setup_RAMB36E2_RAMB36_CLKBWRCLK_ADDRBWRADDR[13])
                                                     -0.290     3.715    pb_layer_1slr          g_cvslot[0].sm_reg_bram_7
  -------------------------------------------------------------------
                         required time                          3.715                           
                         arrival time                          -3.413                           
  -------------------------------------------------------------------
                         slack                                  0.302                           

Slack (MET) :             0.302ns  (required time - arrival time)
  Source:                 dma_act_reg/C
                            (rising edge-triggered cell FDRE clocked by aclk  {rise@0.000ns fall@2.000ns period=4.000ns})
  Destination:            g_cvslot[0].sm_reg_bram_7/ADDRBWRADDR[13]
                            (rising edge-triggered cell RAMB36E2 clocked by aclk  {rise@0.000ns fall@2.000ns period=4.000ns})
  Path Group:             aclk
  Path Type:              Setup (Max at Slow Process Corner)
  Requirement:            4.000ns  (aclk rise@4.000ns - aclk rise@0.000ns)
  Data Path Delay:        3.384ns  (logic 0.214ns (6.324%)  route 3.170ns (93.676%))
  Logic Levels:           2  (LUT3=1 LUT4=1)
  Clock Path Skew:        0.011ns (DCD - SCD + CPR)
    Destination Clock Delay (DCD):    0.040ns = ( 4.040 - 4.000 ) 
    Source Clock Delay      (SCD):    0.029ns
    Clock Pessimism Removal (CPR):    0.000ns
  Clock Uncertainty:      0.035ns  ((TSJ^2 + TIJ^2)^1/2 + DJ) / 2 + PE
    Total System Jitter     (TSJ):    0.071ns
    Total Input Jitter      (TIJ):    0.000ns
    Discrete Jitter          (DJ):    0.000ns
    Phase Error              (PE):    0.000ns

    Location             Delay type                Incr(ns)  Path(ns)    PBlock               Netlist Resource(s)
  -------------------------------------------------------------------    ----------------------------------------
                         (clock aclk rise edge)       0.000     0.000 r                       
                                                      0.000     0.000 r                       aclk (IN)
                         net (fo=78784, unset)        0.029     0.029                         aclk
    SLICE_X69Y474        FDRE                                         r  pb_layer_1slr        dma_act_reg/C
  -------------------------------------------------------------------    ----------------------------------------
    SLICE_X69Y474        FDRE (Prop_HFF_SLICEL_C_Q)
                                                      0.079     0.108 r  pb_layer_1slr        dma_act_reg/Q
                         net (fo=61, estimated)       0.875     0.983                         u_dma/dma_act
    SLICE_X86Y515        LUT3 (Prop_A6LUT_SLICEL_I0_O)
                                                      0.098     1.081 r  pb_layer_1slr        u_dma/g_cvslot[0].wm_reg_bram_0_i_61/O
                         net (fo=95, estimated)       1.069     2.150                         u_dma/g_cvslot[0].wm_reg_bram_0_i_61_n_0
    SLICE_X64Y465        LUT4 (Prop_F6LUT_SLICEM_I2_O)
                                                      0.037     2.187 f  pb_layer_1slr        u_dma/g_cvslot[0].wm_reg_bram_0_i_14/O
                         net (fo=26, estimated)       1.226     3.413                         g_cvslot[0].sra[8]
    RAMB36_X5Y107        RAMB36E2                                     f  pb_layer_1slr        g_cvslot[0].sm_reg_bram_7/ADDRBWRADDR[13]
  -------------------------------------------------------------------    ----------------------------------------

                         (clock aclk rise edge)       4.000     4.000 r                       
                                                      0.000     4.000 r                       aclk (IN)
                         net (fo=78784, unset)        0.040     4.040                         aclk
    RAMB36_X5Y107        RAMB36E2                                     r  pb_layer_1slr        g_cvslot[0].sm_reg_bram_7/CLKBWRCLK
                         clock pessimism              0.000     4.040                           
                         clock uncertainty           -0.035     4.005                           
    RAMB36_X5Y107        RAMB36E2 (Setup_RAMB36E2_RAMB36_CLKBWRCLK_ADDRBWRADDR[13])
                                                     -0.290     3.715    pb_layer_1slr          g_cvslot[0].sm_reg_bram_7
  -------------------------------------------------------------------
                         required time                          3.715                           
                         arrival time                          -3.413                           
  -------------------------------------------------------------------
                         slack                                  0.302                           

Slack (MET) :             0.302ns  (required time - arrival time)
  Source:                 dma_act_reg/C
                            (rising edge-triggered cell FDRE clocked by aclk  {rise@0.000ns fall@2.000ns period=4.000ns})
  Destination:            g_cvslot[0].sm_reg_bram_7/ADDRBWRADDR[13]
                            (rising edge-triggered cell RAMB36E2 clocked by aclk  {rise@0.000ns fall@2.000ns period=4.000ns})
  Path Group:             aclk
  Path Type:              Setup (Max at Slow Process Corner)
  Requirement:            4.000ns  (aclk rise@4.000ns - aclk rise@0.000ns)
  Data Path Delay:        3.384ns  (logic 0.214ns (6.324%)  route 3.170ns (93.676%))
  Logic Levels:           2  (LUT3=1 LUT4=1)
  Clock Path Skew:        0.011ns (DCD - SCD + CPR)
    Destination Clock Delay (DCD):    0.040ns = ( 4.040 - 4.000 ) 
    Source Clock Delay      (SCD):    0.029ns
    Clock Pessimism Removal (CPR):    0.000ns
  Clock Uncertainty:      0.035ns  ((TSJ^2 + TIJ^2)^1/2 + DJ) / 2 + PE
    Total System Jitter     (TSJ):    0.071ns
    Total Input Jitter      (TIJ):    0.000ns
    Discrete Jitter          (DJ):    0.000ns
    Phase Error              (PE):    0.000ns

    Location             Delay type                Incr(ns)  Path(ns)    PBlock               Netlist Resource(s)
  -------------------------------------------------------------------    ----------------------------------------
                         (clock aclk rise edge)       0.000     0.000 r                       
                                                      0.000     0.000 r                       aclk (IN)
                         net (fo=78784, unset)        0.029     0.029                         aclk
    SLICE_X69Y474        FDRE                                         r  pb_layer_1slr        dma_act_reg/C
  -------------------------------------------------------------------    ----------------------------------------
    SLICE_X69Y474        FDRE (Prop_HFF_SLICEL_C_Q)
                                                      0.079     0.108 f  pb_layer_1slr        dma_act_reg/Q
                         net (fo=61, estimated)       0.875     0.983                         u_dma/dma_act
    SLICE_X86Y515        LUT3 (Prop_A6LUT_SLICEL_I0_O)
                                                      0.098     1.081 f  pb_layer_1slr        u_dma/g_cvslot[0].wm_reg_bram_0_i_61/O
                         net (fo=95, estimated)       1.069     2.150                         u_dma/g_cvslot[0].wm_reg_bram_0_i_61_n_0
    SLICE_X64Y465        LUT4 (Prop_F6LUT_SLICEM_I2_O)
                                                      0.037     2.187 f  pb_layer_1slr        u_dma/g_cvslot[0].wm_reg_bram_0_i_14/O
                         net (fo=26, estimated)       1.226     3.413                         g_cvslot[0].sra[8]
    RAMB36_X5Y107        RAMB36E2                                     f  pb_layer_1slr        g_cvslot[0].sm_reg_bram_7/ADDRBWRADDR[13]
  -------------------------------------------------------------------    ----------------------------------------

                         (clock aclk rise edge)       4.000     4.000 r                       
                                                      0.000     4.000 r                       aclk (IN)
                         net (fo=78784, unset)        0.040     4.040                         aclk
    RAMB36_X5Y107        RAMB36E2                                     r  pb_layer_1slr        g_cvslot[0].sm_reg_bram_7/CLKBWRCLK
                         clock pessimism              0.000     4.040                           
                         clock uncertainty           -0.035     4.005                           
    RAMB36_X5Y107        RAMB36E2 (Setup_RAMB36E2_RAMB36_CLKBWRCLK_ADDRBWRADDR[13])
                                                     -0.290     3.715    pb_layer_1slr          g_cvslot[0].sm_reg_bram_7
  -------------------------------------------------------------------
                         required time                          3.715                           
                         arrival time                          -3.413                           
  -------------------------------------------------------------------
                         slack                                  0.302                           

Slack (MET) :             0.384ns  (required time - arrival time)
  Source:                 dma_act_reg/C
                            (rising edge-triggered cell FDRE clocked by aclk  {rise@0.000ns fall@2.000ns period=4.000ns})
  Destination:            g_cvslot[0].sm_reg_bram_6/ADDRBWRADDR[13]
                            (rising edge-triggered cell RAMB36E2 clocked by aclk  {rise@0.000ns fall@2.000ns period=4.000ns})
  Path Group:             aclk
  Path Type:              Setup (Max at Slow Process Corner)
  Requirement:            4.000ns  (aclk rise@4.000ns - aclk rise@0.000ns)
  Data Path Delay:        3.302ns  (logic 0.214ns (6.481%)  route 3.088ns (93.519%))
  Logic Levels:           2  (LUT3=1 LUT4=1)
  Clock Path Skew:        0.011ns (DCD - SCD + CPR)
    Destination Clock Delay (DCD):    0.040ns = ( 4.040 - 4.000 ) 
    Source Clock Delay      (SCD):    0.029ns
    Clock Pessimism Removal (CPR):    0.000ns
  Clock Uncertainty:      0.035ns  ((TSJ^2 + TIJ^2)^1/2 + DJ) / 2 + PE
    Total System Jitter     (TSJ):    0.071ns
    Total Input Jitter      (TIJ):    0.000ns
    Discrete Jitter          (DJ):    0.000ns
    Phase Error              (PE):    0.000ns

    Location             Delay type                Incr(ns)  Path(ns)    PBlock               Netlist Resource(s)
  -------------------------------------------------------------------    ----------------------------------------
                         (clock aclk rise edge)       0.000     0.000 r                       
                                                      0.000     0.000 r                       aclk (IN)
                         net (fo=78784, unset)        0.029     0.029                         aclk
    SLICE_X69Y474        FDRE                                         r  pb_layer_1slr        dma_act_reg/C
  -------------------------------------------------------------------    ----------------------------------------
    SLICE_X69Y474        FDRE (Prop_HFF_SLICEL_C_Q)
                                                      0.079     0.108 r  pb_layer_1slr        dma_act_reg/Q
                         net (fo=61, estimated)       0.875     0.983                         u_dma/dma_act
    SLICE_X86Y515        LUT3 (Prop_A6LUT_SLICEL_I0_O)
                                                      0.098     1.081 r  pb_layer_1slr        u_dma/g_cvslot[0].wm_reg_bram_0_i_61/O
                         net (fo=95, estimated)       1.069     2.150                         u_dma/g_cvslot[0].wm_reg_bram_0_i_61_n_0
    SLICE_X64Y465        LUT4 (Prop_F6LUT_SLICEM_I2_O)
                                                      0.037     2.187 r  pb_layer_1slr        u_dma/g_cvslot[0].wm_reg_bram_0_i_14/O
                         net (fo=26, estimated)       1.144     3.331                         g_cvslot[0].sra[8]
    RAMB36_X5Y106        RAMB36E2                                     r  pb_layer_1slr        g_cvslot[0].sm_reg_bram_6/ADDRBWRADDR[13]
  -------------------------------------------------------------------    ----------------------------------------

                         (clock aclk rise edge)       4.000     4.000 r                       
                                                      0.000     4.000 r                       aclk (IN)
                         net (fo=78784, unset)        0.040     4.040                         aclk
    RAMB36_X5Y106        RAMB36E2                                     r  pb_layer_1slr        g_cvslot[0].sm_reg_bram_6/CLKBWRCLK
                         clock pessimism              0.000     4.040                           
                         clock uncertainty           -0.035     4.005                           
    RAMB36_X5Y106        RAMB36E2 (Setup_RAMB36E2_RAMB36_CLKBWRCLK_ADDRBWRADDR[13])
                                                     -0.290     3.715    pb_layer_1slr          g_cvslot[0].sm_reg_bram_6
  -------------------------------------------------------------------
                         required time                          3.715                           
                         arrival time                          -3.331                           
  -------------------------------------------------------------------
                         slack                                  0.384                           

Slack (MET) :             0.384ns  (required time - arrival time)
  Source:                 dma_act_reg/C
                            (rising edge-triggered cell FDRE clocked by aclk  {rise@0.000ns fall@2.000ns period=4.000ns})
  Destination:            g_cvslot[0].sm_reg_bram_6/ADDRBWRADDR[13]
                            (rising edge-triggered cell RAMB36E2 clocked by aclk  {rise@0.000ns fall@2.000ns period=4.000ns})
  Path Group:             aclk
  Path Type:              Setup (Max at Slow Process Corner)
  Requirement:            4.000ns  (aclk rise@4.000ns - aclk rise@0.000ns)
  Data Path Delay:        3.302ns  (logic 0.214ns (6.481%)  route 3.088ns (93.519%))
  Logic Levels:           2  (LUT3=1 LUT4=1)
  Clock Path Skew:        0.011ns (DCD - SCD + CPR)
    Destination Clock Delay (DCD):    0.040ns = ( 4.040 - 4.000 ) 
    Source Clock Delay      (SCD):    0.029ns
    Clock Pessimism Removal (CPR):    0.000ns
  Clock Uncertainty:      0.035ns  ((TSJ^2 + TIJ^2)^1/2 + DJ) / 2 + PE
    Total System Jitter     (TSJ):    0.071ns
    Total Input Jitter      (TIJ):    0.000ns
    Discrete Jitter          (DJ):    0.000ns
    Phase Error              (PE):    0.000ns

    Location             Delay type                Incr(ns)  Path(ns)    PBlock               Netlist Resource(s)
  -------------------------------------------------------------------    ----------------------------------------
                         (clock aclk rise edge)       0.000     0.000 r                       
                                                      0.000     0.000 r                       aclk (IN)
                         net (fo=78784, unset)        0.029     0.029                         aclk
    SLICE_X69Y474        FDRE                                         r  pb_layer_1slr        dma_act_reg/C
  -------------------------------------------------------------------    ----------------------------------------
    SLICE_X69Y474        FDRE (Prop_HFF_SLICEL_C_Q)
                                                      0.079     0.108 f  pb_layer_1slr        dma_act_reg/Q
                         net (fo=61, estimated)       0.875     0.983                         u_dma/dma_act
    SLICE_X86Y515        LUT3 (Prop_A6LUT_SLICEL_I0_O)
                                                      0.098     1.081 f  pb_layer_1slr        u_dma/g_cvslot[0].wm_reg_bram_0_i_61/O
                         net (fo=95, estimated)       1.069     2.150                         u_dma/g_cvslot[0].wm_reg_bram_0_i_61_n_0
    SLICE_X64Y465        LUT4 (Prop_F6LUT_SLICEM_I2_O)
                                                      0.037     2.187 r  pb_layer_1slr        u_dma/g_cvslot[0].wm_reg_bram_0_i_14/O
                         net (fo=26, estimated)       1.144     3.331                         g_cvslot[0].sra[8]
    RAMB36_X5Y106        RAMB36E2                                     r  pb_layer_1slr        g_cvslot[0].sm_reg_bram_6/ADDRBWRADDR[13]
  -------------------------------------------------------------------    ----------------------------------------

                         (clock aclk rise edge)       4.000     4.000 r                       
                                                      0.000     4.000 r                       aclk (IN)
                         net (fo=78784, unset)        0.040     4.040                         aclk
    RAMB36_X5Y106        RAMB36E2                                     r  pb_layer_1slr        g_cvslot[0].sm_reg_bram_6/CLKBWRCLK
                         clock pessimism              0.000     4.040                           
                         clock uncertainty           -0.035     4.005                           
    RAMB36_X5Y106        RAMB36E2 (Setup_RAMB36E2_RAMB36_CLKBWRCLK_ADDRBWRADDR[13])
                                                     -0.290     3.715    pb_layer_1slr          g_cvslot[0].sm_reg_bram_6
  -------------------------------------------------------------------
                         required time                          3.715                           
                         arrival time                          -3.331                           
  -------------------------------------------------------------------
                         slack                                  0.384                           

Slack (MET) :             0.384ns  (required time - arrival time)
  Source:                 dma_act_reg/C
                            (rising edge-triggered cell FDRE clocked by aclk  {rise@0.000ns fall@2.000ns period=4.000ns})
  Destination:            g_cvslot[0].sm_reg_bram_6/ADDRBWRADDR[13]
                            (rising edge-triggered cell RAMB36E2 clocked by aclk  {rise@0.000ns fall@2.000ns period=4.000ns})
  Path Group:             aclk
  Path Type:              Setup (Max at Slow Process Corner)
  Requirement:            4.000ns  (aclk rise@4.000ns - aclk rise@0.000ns)
  Data Path Delay:        3.302ns  (logic 0.214ns (6.481%)  route 3.088ns (93.519%))
  Logic Levels:           2  (LUT3=1 LUT4=1)
  Clock Path Skew:        0.011ns (DCD - SCD + CPR)
    Destination Clock Delay (DCD):    0.040ns = ( 4.040 - 4.000 ) 
    Source Clock Delay      (SCD):    0.029ns
    Clock Pessimism Removal (CPR):    0.000ns
  Clock Uncertainty:      0.035ns  ((TSJ^2 + TIJ^2)^1/2 + DJ) / 2 + PE
    Total System Jitter     (TSJ):    0.071ns
    Total Input Jitter      (TIJ):    0.000ns
    Discrete Jitter          (DJ):    0.000ns
    Phase Error              (PE):    0.000ns

    Location             Delay type                Incr(ns)  Path(ns)    PBlock               Netlist Resource(s)
  -------------------------------------------------------------------    ----------------------------------------
                         (clock aclk rise edge)       0.000     0.000 r                       
                                                      0.000     0.000 r                       aclk (IN)
                         net (fo=78784, unset)        0.029     0.029                         aclk
    SLICE_X69Y474        FDRE                                         r  pb_layer_1slr        dma_act_reg/C
  -------------------------------------------------------------------    ----------------------------------------
    SLICE_X69Y474        FDRE (Prop_HFF_SLICEL_C_Q)
                                                      0.079     0.108 r  pb_layer_1slr        dma_act_reg/Q
                         net (fo=61, estimated)       0.875     0.983                         u_dma/dma_act
    SLICE_X86Y515        LUT3 (Prop_A6LUT_SLICEL_I0_O)
                                                      0.098     1.081 r  pb_layer_1slr        u_dma/g_cvslot[0].wm_reg_bram_0_i_61/O
                         net (fo=95, estimated)       1.069     2.150                         u_dma/g_cvslot[0].wm_reg_bram_0_i_61_n_0
    SLICE_X64Y465        LUT4 (Prop_F6LUT_SLICEM_I2_O)
                                                      0.037     2.187 f  pb_layer_1slr        u_dma/g_cvslot[0].wm_reg_bram_0_i_14/O
                         net (fo=26, estimated)       1.144     3.331                         g_cvslot[0].sra[8]
    RAMB36_X5Y106        RAMB36E2                                     f  pb_layer_1slr        g_cvslot[0].sm_reg_bram_6/ADDRBWRADDR[13]
  -------------------------------------------------------------------    ----------------------------------------

                         (clock aclk rise edge)       4.000     4.000 r                       
                                                      0.000     4.000 r                       aclk (IN)
                         net (fo=78784, unset)        0.040     4.040                         aclk
    RAMB36_X5Y106        RAMB36E2                                     r  pb_layer_1slr        g_cvslot[0].sm_reg_bram_6/CLKBWRCLK
                         clock pessimism              0.000     4.040                           
                         clock uncertainty           -0.035     4.005                           
    RAMB36_X5Y106        RAMB36E2 (Setup_RAMB36E2_RAMB36_CLKBWRCLK_ADDRBWRADDR[13])
                                                     -0.290     3.715    pb_layer_1slr          g_cvslot[0].sm_reg_bram_6
  -------------------------------------------------------------------
                         required time                          3.715                           
                         arrival time                          -3.331                           
  -------------------------------------------------------------------
                         slack                                  0.384                           

Slack (MET) :             0.384ns  (required time - arrival time)
  Source:                 dma_act_reg/C
                            (rising edge-triggered cell FDRE clocked by aclk  {rise@0.000ns fall@2.000ns period=4.000ns})
  Destination:            g_cvslot[0].sm_reg_bram_6/ADDRBWRADDR[13]
                            (rising edge-triggered cell RAMB36E2 clocked by aclk  {rise@0.000ns fall@2.000ns period=4.000ns})
  Path Group:             aclk
  Path Type:              Setup (Max at Slow Process Corner)
  Requirement:            4.000ns  (aclk rise@4.000ns - aclk rise@0.000ns)
  Data Path Delay:        3.302ns  (logic 0.214ns (6.481%)  route 3.088ns (93.519%))
  Logic Levels:           2  (LUT3=1 LUT4=1)
  Clock Path Skew:        0.011ns (DCD - SCD + CPR)
    Destination Clock Delay (DCD):    0.040ns = ( 4.040 - 4.000 ) 
    Source Clock Delay      (SCD):    0.029ns
    Clock Pessimism Removal (CPR):    0.000ns
  Clock Uncertainty:      0.035ns  ((TSJ^2 + TIJ^2)^1/2 + DJ) / 2 + PE
    Total System Jitter     (TSJ):    0.071ns
    Total Input Jitter      (TIJ):    0.000ns
    Discrete Jitter          (DJ):    0.000ns
    Phase Error              (PE):    0.000ns

    Location             Delay type                Incr(ns)  Path(ns)    PBlock               Netlist Resource(s)
  -------------------------------------------------------------------    ----------------------------------------
                         (clock aclk rise edge)       0.000     0.000 r                       
                                                      0.000     0.000 r                       aclk (IN)
                         net (fo=78784, unset)        0.029     0.029                         aclk
    SLICE_X69Y474        FDRE                                         r  pb_layer_1slr        dma_act_reg/C
  -------------------------------------------------------------------    ----------------------------------------
    SLICE_X69Y474        FDRE (Prop_HFF_SLICEL_C_Q)
                                                      0.079     0.108 f  pb_layer_1slr        dma_act_reg/Q
                         net (fo=61, estimated)       0.875     0.983                         u_dma/dma_act
    SLICE_X86Y515        LUT3 (Prop_A6LUT_SLICEL_I0_O)
                                                      0.098     1.081 f  pb_layer_1slr        u_dma/g_cvslot[0].wm_reg_bram_0_i_61/O
                         net (fo=95, estimated)       1.069     2.150                         u_dma/g_cvslot[0].wm_reg_bram_0_i_61_n_0
    SLICE_X64Y465        LUT4 (Prop_F6LUT_SLICEM_I2_O)
                                                      0.037     2.187 f  pb_layer_1slr        u_dma/g_cvslot[0].wm_reg_bram_0_i_14/O
                         net (fo=26, estimated)       1.144     3.331                         g_cvslot[0].sra[8]
    RAMB36_X5Y106        RAMB36E2                                     f  pb_layer_1slr        g_cvslot[0].sm_reg_bram_6/ADDRBWRADDR[13]
  -------------------------------------------------------------------    ----------------------------------------

                         (clock aclk rise edge)       4.000     4.000 r                       
                                                      0.000     4.000 r                       aclk (IN)
                         net (fo=78784, unset)        0.040     4.040                         aclk
    RAMB36_X5Y106        RAMB36E2                                     r  pb_layer_1slr        g_cvslot[0].sm_reg_bram_6/CLKBWRCLK
                         clock pessimism              0.000     4.040                           
                         clock uncertainty           -0.035     4.005                           
    RAMB36_X5Y106        RAMB36E2 (Setup_RAMB36E2_RAMB36_CLKBWRCLK_ADDRBWRADDR[13])
                                                     -0.290     3.715    pb_layer_1slr          g_cvslot[0].sm_reg_bram_6
  -------------------------------------------------------------------
                         required time                          3.715                           
                         arrival time                          -3.331                           
  -------------------------------------------------------------------
                         slack                                  0.384                           

Slack (MET) :             0.410ns  (required time - arrival time)
  Source:                 dma_kind_reg[1]/C
                            (rising edge-triggered cell FDRE clocked by aclk  {rise@0.000ns fall@2.000ns period=4.000ns})
  Destination:            g_cvslot[0].sm_reg_bram_7/ADDRBWRADDR[13]
                            (rising edge-triggered cell RAMB36E2 clocked by aclk  {rise@0.000ns fall@2.000ns period=4.000ns})
  Path Group:             aclk
  Path Type:              Setup (Max at Slow Process Corner)
  Requirement:            4.000ns  (aclk rise@4.000ns - aclk rise@0.000ns)
  Data Path Delay:        3.277ns  (logic 0.206ns (6.286%)  route 3.071ns (93.714%))
  Logic Levels:           2  (LUT3=1 LUT4=1)
  Clock Path Skew:        0.012ns (DCD - SCD + CPR)
    Destination Clock Delay (DCD):    0.040ns = ( 4.040 - 4.000 ) 
    Source Clock Delay      (SCD):    0.028ns
    Clock Pessimism Removal (CPR):    0.000ns
  Clock Uncertainty:      0.035ns  ((TSJ^2 + TIJ^2)^1/2 + DJ) / 2 + PE
    Total System Jitter     (TSJ):    0.071ns
    Total Input Jitter      (TIJ):    0.000ns
    Discrete Jitter          (DJ):    0.000ns
    Phase Error              (PE):    0.000ns

    Location             Delay type                Incr(ns)  Path(ns)    PBlock               Netlist Resource(s)
  -------------------------------------------------------------------    ----------------------------------------
                         (clock aclk rise edge)       0.000     0.000 r                       
                                                      0.000     0.000 r                       aclk (IN)
                         net (fo=78784, unset)        0.028     0.028                         aclk
    SLICE_X79Y473        FDRE                                         r  pb_layer_1slr        dma_kind_reg[1]/C
  -------------------------------------------------------------------    ----------------------------------------
    SLICE_X79Y473        FDRE (Prop_CFF_SLICEL_C_Q)
                                                      0.079     0.107 r  pb_layer_1slr        dma_kind_reg[1]/Q
                         net (fo=160, estimated)      0.776     0.883                         u_dma/Q[1]
    SLICE_X86Y515        LUT3 (Prop_A6LUT_SLICEL_I1_O)
                                                      0.090     0.973 r  pb_layer_1slr        u_dma/g_cvslot[0].wm_reg_bram_0_i_61/O
                         net (fo=95, estimated)       1.069     2.042                         u_dma/g_cvslot[0].wm_reg_bram_0_i_61_n_0
    SLICE_X64Y465        LUT4 (Prop_F6LUT_SLICEM_I2_O)
                                                      0.037     2.079 r  pb_layer_1slr        u_dma/g_cvslot[0].wm_reg_bram_0_i_14/O
                         net (fo=26, estimated)       1.226     3.305                         g_cvslot[0].sra[8]
    RAMB36_X5Y107        RAMB36E2                                     r  pb_layer_1slr        g_cvslot[0].sm_reg_bram_7/ADDRBWRADDR[13]
  -------------------------------------------------------------------    ----------------------------------------

                         (clock aclk rise edge)       4.000     4.000 r                       
                                                      0.000     4.000 r                       aclk (IN)
                         net (fo=78784, unset)        0.040     4.040                         aclk
    RAMB36_X5Y107        RAMB36E2                                     r  pb_layer_1slr        g_cvslot[0].sm_reg_bram_7/CLKBWRCLK
                         clock pessimism              0.000     4.040                           
                         clock uncertainty           -0.035     4.005                           
    RAMB36_X5Y107        RAMB36E2 (Setup_RAMB36E2_RAMB36_CLKBWRCLK_ADDRBWRADDR[13])
                                                     -0.290     3.715    pb_layer_1slr          g_cvslot[0].sm_reg_bram_7
  -------------------------------------------------------------------
                         required time                          3.715                           
                         arrival time                          -3.305                           
  -------------------------------------------------------------------
                         slack                                  0.410                           

Slack (MET) :             0.410ns  (required time - arrival time)
  Source:                 dma_kind_reg[1]/C
                            (rising edge-triggered cell FDRE clocked by aclk  {rise@0.000ns fall@2.000ns period=4.000ns})
  Destination:            g_cvslot[0].sm_reg_bram_7/ADDRBWRADDR[13]
                            (rising edge-triggered cell RAMB36E2 clocked by aclk  {rise@0.000ns fall@2.000ns period=4.000ns})
  Path Group:             aclk
  Path Type:              Setup (Max at Slow Process Corner)
  Requirement:            4.000ns  (aclk rise@4.000ns - aclk rise@0.000ns)
  Data Path Delay:        3.277ns  (logic 0.206ns (6.286%)  route 3.071ns (93.714%))
  Logic Levels:           2  (LUT3=1 LUT4=1)
  Clock Path Skew:        0.012ns (DCD - SCD + CPR)
    Destination Clock Delay (DCD):    0.040ns = ( 4.040 - 4.000 ) 
    Source Clock Delay      (SCD):    0.028ns
    Clock Pessimism Removal (CPR):    0.000ns
  Clock Uncertainty:      0.035ns  ((TSJ^2 + TIJ^2)^1/2 + DJ) / 2 + PE
    Total System Jitter     (TSJ):    0.071ns
    Total Input Jitter      (TIJ):    0.000ns
    Discrete Jitter          (DJ):    0.000ns
    Phase Error              (PE):    0.000ns

    Location             Delay type                Incr(ns)  Path(ns)    PBlock               Netlist Resource(s)
  -------------------------------------------------------------------    ----------------------------------------
                         (clock aclk rise edge)       0.000     0.000 r                       
                                                      0.000     0.000 r                       aclk (IN)
                         net (fo=78784, unset)        0.028     0.028                         aclk
    SLICE_X79Y473        FDRE                                         r  pb_layer_1slr        dma_kind_reg[1]/C
  -------------------------------------------------------------------    ----------------------------------------
    SLICE_X79Y473        FDRE (Prop_CFF_SLICEL_C_Q)
                                                      0.079     0.107 f  pb_layer_1slr        dma_kind_reg[1]/Q
                         net (fo=160, estimated)      0.776     0.883                         u_dma/Q[1]
    SLICE_X86Y515        LUT3 (Prop_A6LUT_SLICEL_I1_O)
                                                      0.090     0.973 f  pb_layer_1slr        u_dma/g_cvslot[0].wm_reg_bram_0_i_61/O
                         net (fo=95, estimated)       1.069     2.042                         u_dma/g_cvslot[0].wm_reg_bram_0_i_61_n_0
    SLICE_X64Y465        LUT4 (Prop_F6LUT_SLICEM_I2_O)
                                                      0.037     2.079 r  pb_layer_1slr        u_dma/g_cvslot[0].wm_reg_bram_0_i_14/O
                         net (fo=26, estimated)       1.226     3.305                         g_cvslot[0].sra[8]
    RAMB36_X5Y107        RAMB36E2                                     r  pb_layer_1slr        g_cvslot[0].sm_reg_bram_7/ADDRBWRADDR[13]
  -------------------------------------------------------------------    ----------------------------------------

                         (clock aclk rise edge)       4.000     4.000 r                       
                                                      0.000     4.000 r                       aclk (IN)
                         net (fo=78784, unset)        0.040     4.040                         aclk
    RAMB36_X5Y107        RAMB36E2                                     r  pb_layer_1slr        g_cvslot[0].sm_reg_bram_7/CLKBWRCLK
                         clock pessimism              0.000     4.040                           
                         clock uncertainty           -0.035     4.005                           
    RAMB36_X5Y107        RAMB36E2 (Setup_RAMB36E2_RAMB36_CLKBWRCLK_ADDRBWRADDR[13])
                                                     -0.290     3.715    pb_layer_1slr          g_cvslot[0].sm_reg_bram_7
  -------------------------------------------------------------------
                         required time                          3.715                           
                         arrival time                          -3.305                           
  -------------------------------------------------------------------
                         slack                                  0.410                           

Slack (MET) :             0.410ns  (required time - arrival time)
  Source:                 dma_kind_reg[1]/C
                            (rising edge-triggered cell FDRE clocked by aclk  {rise@0.000ns fall@2.000ns period=4.000ns})
  Destination:            g_cvslot[0].sm_reg_bram_7/ADDRBWRADDR[13]
                            (rising edge-triggered cell RAMB36E2 clocked by aclk  {rise@0.000ns fall@2.000ns period=4.000ns})
  Path Group:             aclk
  Path Type:              Setup (Max at Slow Process Corner)
  Requirement:            4.000ns  (aclk rise@4.000ns - aclk rise@0.000ns)
  Data Path Delay:        3.277ns  (logic 0.206ns (6.286%)  route 3.071ns (93.714%))
  Logic Levels:           2  (LUT3=1 LUT4=1)
  Clock Path Skew:        0.012ns (DCD - SCD + CPR)
    Destination Clock Delay (DCD):    0.040ns = ( 4.040 - 4.000 ) 
    Source Clock Delay      (SCD):    0.028ns
    Clock Pessimism Removal (CPR):    0.000ns
  Clock Uncertainty:      0.035ns  ((TSJ^2 + TIJ^2)^1/2 + DJ) / 2 + PE
    Total System Jitter     (TSJ):    0.071ns
    Total Input Jitter      (TIJ):    0.000ns
    Discrete Jitter          (DJ):    0.000ns
    Phase Error              (PE):    0.000ns

    Location             Delay type                Incr(ns)  Path(ns)    PBlock               Netlist Resource(s)
  -------------------------------------------------------------------    ----------------------------------------
                         (clock aclk rise edge)       0.000     0.000 r                       
                                                      0.000     0.000 r                       aclk (IN)
                         net (fo=78784, unset)        0.028     0.028                         aclk
    SLICE_X79Y473        FDRE                                         r  pb_layer_1slr        dma_kind_reg[1]/C
  -------------------------------------------------------------------    ----------------------------------------
    SLICE_X79Y473        FDRE (Prop_CFF_SLICEL_C_Q)
                                                      0.079     0.107 r  pb_layer_1slr        dma_kind_reg[1]/Q
                         net (fo=160, estimated)      0.776     0.883                         u_dma/Q[1]
    SLICE_X86Y515        LUT3 (Prop_A6LUT_SLICEL_I1_O)
                                                      0.090     0.973 r  pb_layer_1slr        u_dma/g_cvslot[0].wm_reg_bram_0_i_61/O
                         net (fo=95, estimated)       1.069     2.042                         u_dma/g_cvslot[0].wm_reg_bram_0_i_61_n_0
    SLICE_X64Y465        LUT4 (Prop_F6LUT_SLICEM_I2_O)
                                                      0.037     2.079 f  pb_layer_1slr        u_dma/g_cvslot[0].wm_reg_bram_0_i_14/O
                         net (fo=26, estimated)       1.226     3.305                         g_cvslot[0].sra[8]
    RAMB36_X5Y107        RAMB36E2                                     f  pb_layer_1slr        g_cvslot[0].sm_reg_bram_7/ADDRBWRADDR[13]
  -------------------------------------------------------------------    ----------------------------------------

                         (clock aclk rise edge)       4.000     4.000 r                       
                                                      0.000     4.000 r                       aclk (IN)
                         net (fo=78784, unset)        0.040     4.040                         aclk
    RAMB36_X5Y107        RAMB36E2                                     r  pb_layer_1slr        g_cvslot[0].sm_reg_bram_7/CLKBWRCLK
                         clock pessimism              0.000     4.040                           
                         clock uncertainty           -0.035     4.005                           
    RAMB36_X5Y107        RAMB36E2 (Setup_RAMB36E2_RAMB36_CLKBWRCLK_ADDRBWRADDR[13])
                                                     -0.290     3.715    pb_layer_1slr          g_cvslot[0].sm_reg_bram_7
  -------------------------------------------------------------------
                         required time                          3.715                           
                         arrival time                          -3.305                           
  -------------------------------------------------------------------
                         slack                                  0.410                           

Slack (MET) :             0.410ns  (required time - arrival time)
  Source:                 dma_kind_reg[1]/C
                            (rising edge-triggered cell FDRE clocked by aclk  {rise@0.000ns fall@2.000ns period=4.000ns})
  Destination:            g_cvslot[0].sm_reg_bram_7/ADDRBWRADDR[13]
                            (rising edge-triggered cell RAMB36E2 clocked by aclk  {rise@0.000ns fall@2.000ns period=4.000ns})
  Path Group:             aclk
  Path Type:              Setup (Max at Slow Process Corner)
  Requirement:            4.000ns  (aclk rise@4.000ns - aclk rise@0.000ns)
  Data Path Delay:        3.277ns  (logic 0.206ns (6.286%)  route 3.071ns (93.714%))
  Logic Levels:           2  (LUT3=1 LUT4=1)
  Clock Path Skew:        0.012ns (DCD - SCD + CPR)
    Destination Clock Delay (DCD):    0.040ns = ( 4.040 - 4.000 ) 
    Source Clock Delay      (SCD):    0.028ns
    Clock Pessimism Removal (CPR):    0.000ns
  Clock Uncertainty:      0.035ns  ((TSJ^2 + TIJ^2)^1/2 + DJ) / 2 + PE
    Total System Jitter     (TSJ):    0.071ns
    Total Input Jitter      (TIJ):    0.000ns
    Discrete Jitter          (DJ):    0.000ns
    Phase Error              (PE):    0.000ns

    Location             Delay type                Incr(ns)  Path(ns)    PBlock               Netlist Resource(s)
  -------------------------------------------------------------------    ----------------------------------------
                         (clock aclk rise edge)       0.000     0.000 r                       
                                                      0.000     0.000 r                       aclk (IN)
                         net (fo=78784, unset)        0.028     0.028                         aclk
    SLICE_X79Y473        FDRE                                         r  pb_layer_1slr        dma_kind_reg[1]/C
  -------------------------------------------------------------------    ----------------------------------------
    SLICE_X79Y473        FDRE (Prop_CFF_SLICEL_C_Q)
                                                      0.079     0.107 f  pb_layer_1slr        dma_kind_reg[1]/Q
                         net (fo=160, estimated)      0.776     0.883                         u_dma/Q[1]
    SLICE_X86Y515        LUT3 (Prop_A6LUT_SLICEL_I1_O)
                                                      0.090     0.973 f  pb_layer_1slr        u_dma/g_cvslot[0].wm_reg_bram_0_i_61/O
                         net (fo=95, estimated)       1.069     2.042                         u_dma/g_cvslot[0].wm_reg_bram_0_i_61_n_0
    SLICE_X64Y465        LUT4 (Prop_F6LUT_SLICEM_I2_O)
                                                      0.037     2.079 f  pb_layer_1slr        u_dma/g_cvslot[0].wm_reg_bram_0_i_14/O
                         net (fo=26, estimated)       1.226     3.305                         g_cvslot[0].sra[8]
    RAMB36_X5Y107        RAMB36E2                                     f  pb_layer_1slr        g_cvslot[0].sm_reg_bram_7/ADDRBWRADDR[13]
  -------------------------------------------------------------------    ----------------------------------------

                         (clock aclk rise edge)       4.000     4.000 r                       
                                                      0.000     4.000 r                       aclk (IN)
                         net (fo=78784, unset)        0.040     4.040                         aclk
    RAMB36_X5Y107        RAMB36E2                                     r  pb_layer_1slr        g_cvslot[0].sm_reg_bram_7/CLKBWRCLK
                         clock pessimism              0.000     4.040                           
                         clock uncertainty           -0.035     4.005                           
    RAMB36_X5Y107        RAMB36E2 (Setup_RAMB36E2_RAMB36_CLKBWRCLK_ADDRBWRADDR[13])
                                                     -0.290     3.715    pb_layer_1slr          g_cvslot[0].sm_reg_bram_7
  -------------------------------------------------------------------
                         required time                          3.715                           
                         arrival time                          -3.305                           
  -------------------------------------------------------------------
                         slack                                  0.410                           

Slack (MET) :             0.411ns  (required time - arrival time)
  Source:                 dma_act_reg/C
                            (rising edge-triggered cell FDRE clocked by aclk  {rise@0.000ns fall@2.000ns period=4.000ns})
  Destination:            g_cvslot[0].sm_reg_bram_4/ADDRBWRADDR[13]
                            (rising edge-triggered cell RAMB36E2 clocked by aclk  {rise@0.000ns fall@2.000ns period=4.000ns})
  Path Group:             aclk
  Path Type:              Setup (Max at Slow Process Corner)
  Requirement:            4.000ns  (aclk rise@4.000ns - aclk rise@0.000ns)
  Data Path Delay:        3.275ns  (logic 0.214ns (6.534%)  route 3.061ns (93.466%))
  Logic Levels:           2  (LUT3=1 LUT4=1)
  Clock Path Skew:        0.011ns (DCD - SCD + CPR)
    Destination Clock Delay (DCD):    0.040ns = ( 4.040 - 4.000 ) 
    Source Clock Delay      (SCD):    0.029ns
    Clock Pessimism Removal (CPR):    0.000ns
  Clock Uncertainty:      0.035ns  ((TSJ^2 + TIJ^2)^1/2 + DJ) / 2 + PE
    Total System Jitter     (TSJ):    0.071ns
    Total Input Jitter      (TIJ):    0.000ns
    Discrete Jitter          (DJ):    0.000ns
    Phase Error              (PE):    0.000ns

    Location             Delay type                Incr(ns)  Path(ns)    PBlock               Netlist Resource(s)
  -------------------------------------------------------------------    ----------------------------------------
                         (clock aclk rise edge)       0.000     0.000 r                       
                                                      0.000     0.000 r                       aclk (IN)
                         net (fo=78784, unset)        0.029     0.029                         aclk
    SLICE_X69Y474        FDRE                                         r  pb_layer_1slr        dma_act_reg/C
  -------------------------------------------------------------------    ----------------------------------------
    SLICE_X69Y474        FDRE (Prop_HFF_SLICEL_C_Q)
                                                      0.079     0.108 r  pb_layer_1slr        dma_act_reg/Q
                         net (fo=61, estimated)       0.875     0.983                         u_dma/dma_act
    SLICE_X86Y515        LUT3 (Prop_A6LUT_SLICEL_I0_O)
                                                      0.098     1.081 r  pb_layer_1slr        u_dma/g_cvslot[0].wm_reg_bram_0_i_61/O
                         net (fo=95, estimated)       1.069     2.150                         u_dma/g_cvslot[0].wm_reg_bram_0_i_61_n_0
    SLICE_X64Y465        LUT4 (Prop_F6LUT_SLICEM_I2_O)
                                                      0.037     2.187 r  pb_layer_1slr        u_dma/g_cvslot[0].wm_reg_bram_0_i_14/O
                         net (fo=26, estimated)       1.117     3.304                         g_cvslot[0].sra[8]
    RAMB36_X5Y104        RAMB36E2                                     r  pb_layer_1slr        g_cvslot[0].sm_reg_bram_4/ADDRBWRADDR[13]
  -------------------------------------------------------------------    ----------------------------------------

                         (clock aclk rise edge)       4.000     4.000 r                       
                                                      0.000     4.000 r                       aclk (IN)
                         net (fo=78784, unset)        0.040     4.040                         aclk
    RAMB36_X5Y104        RAMB36E2                                     r  pb_layer_1slr        g_cvslot[0].sm_reg_bram_4/CLKBWRCLK
                         clock pessimism              0.000     4.040                           
                         clock uncertainty           -0.035     4.005                           
    RAMB36_X5Y104        RAMB36E2 (Setup_RAMB36E2_RAMB36_CLKBWRCLK_ADDRBWRADDR[13])
                                                     -0.290     3.715    pb_layer_1slr          g_cvslot[0].sm_reg_bram_4
  -------------------------------------------------------------------
                         required time                          3.715                           
                         arrival time                          -3.304                           
  -------------------------------------------------------------------
                         slack                                  0.411                           

Slack (MET) :             0.411ns  (required time - arrival time)
  Source:                 dma_act_reg/C
                            (rising edge-triggered cell FDRE clocked by aclk  {rise@0.000ns fall@2.000ns period=4.000ns})
  Destination:            g_cvslot[0].sm_reg_bram_4/ADDRBWRADDR[13]
                            (rising edge-triggered cell RAMB36E2 clocked by aclk  {rise@0.000ns fall@2.000ns period=4.000ns})
  Path Group:             aclk
  Path Type:              Setup (Max at Slow Process Corner)
  Requirement:            4.000ns  (aclk rise@4.000ns - aclk rise@0.000ns)
  Data Path Delay:        3.275ns  (logic 0.214ns (6.534%)  route 3.061ns (93.466%))
  Logic Levels:           2  (LUT3=1 LUT4=1)
  Clock Path Skew:        0.011ns (DCD - SCD + CPR)
    Destination Clock Delay (DCD):    0.040ns = ( 4.040 - 4.000 ) 
    Source Clock Delay      (SCD):    0.029ns
    Clock Pessimism Removal (CPR):    0.000ns
  Clock Uncertainty:      0.035ns  ((TSJ^2 + TIJ^2)^1/2 + DJ) / 2 + PE
    Total System Jitter     (TSJ):    0.071ns
    Total Input Jitter      (TIJ):    0.000ns
    Discrete Jitter          (DJ):    0.000ns
    Phase Error              (PE):    0.000ns

    Location             Delay type                Incr(ns)  Path(ns)    PBlock               Netlist Resource(s)
  -------------------------------------------------------------------    ----------------------------------------
                         (clock aclk rise edge)       0.000     0.000 r                       
                                                      0.000     0.000 r                       aclk (IN)
                         net (fo=78784, unset)        0.029     0.029                         aclk
    SLICE_X69Y474        FDRE                                         r  pb_layer_1slr        dma_act_reg/C
  -------------------------------------------------------------------    ----------------------------------------
    SLICE_X69Y474        FDRE (Prop_HFF_SLICEL_C_Q)
                                                      0.079     0.108 f  pb_layer_1slr        dma_act_reg/Q
                         net (fo=61, estimated)       0.875     0.983                         u_dma/dma_act
    SLICE_X86Y515        LUT3 (Prop_A6LUT_SLICEL_I0_O)
                                                      0.098     1.081 f  pb_layer_1slr        u_dma/g_cvslot[0].wm_reg_bram_0_i_61/O
                         net (fo=95, estimated)       1.069     2.150                         u_dma/g_cvslot[0].wm_reg_bram_0_i_61_n_0
    SLICE_X64Y465        LUT4 (Prop_F6LUT_SLICEM_I2_O)
                                                      0.037     2.187 r  pb_layer_1slr        u_dma/g_cvslot[0].wm_reg_bram_0_i_14/O
                         net (fo=26, estimated)       1.117     3.304                         g_cvslot[0].sra[8]
    RAMB36_X5Y104        RAMB36E2                                     r  pb_layer_1slr        g_cvslot[0].sm_reg_bram_4/ADDRBWRADDR[13]
  -------------------------------------------------------------------    ----------------------------------------

                         (clock aclk rise edge)       4.000     4.000 r                       
                                                      0.000     4.000 r                       aclk (IN)
                         net (fo=78784, unset)        0.040     4.040                         aclk
    RAMB36_X5Y104        RAMB36E2                                     r  pb_layer_1slr        g_cvslot[0].sm_reg_bram_4/CLKBWRCLK
                         clock pessimism              0.000     4.040                           
                         clock uncertainty           -0.035     4.005                           
    RAMB36_X5Y104        RAMB36E2 (Setup_RAMB36E2_RAMB36_CLKBWRCLK_ADDRBWRADDR[13])
                                                     -0.290     3.715    pb_layer_1slr          g_cvslot[0].sm_reg_bram_4
  -------------------------------------------------------------------
                         required time                          3.715                           
                         arrival time                          -3.304                           
  -------------------------------------------------------------------
                         slack                                  0.411                           

Slack (MET) :             0.411ns  (required time - arrival time)
  Source:                 dma_act_reg/C
                            (rising edge-triggered cell FDRE clocked by aclk  {rise@0.000ns fall@2.000ns period=4.000ns})
  Destination:            g_cvslot[0].sm_reg_bram_4/ADDRBWRADDR[13]
                            (rising edge-triggered cell RAMB36E2 clocked by aclk  {rise@0.000ns fall@2.000ns period=4.000ns})
  Path Group:             aclk
  Path Type:              Setup (Max at Slow Process Corner)
  Requirement:            4.000ns  (aclk rise@4.000ns - aclk rise@0.000ns)
  Data Path Delay:        3.275ns  (logic 0.214ns (6.534%)  route 3.061ns (93.466%))
  Logic Levels:           2  (LUT3=1 LUT4=1)
  Clock Path Skew:        0.011ns (DCD - SCD + CPR)
    Destination Clock Delay (DCD):    0.040ns = ( 4.040 - 4.000 ) 
    Source Clock Delay      (SCD):    0.029ns
    Clock Pessimism Removal (CPR):    0.000ns
  Clock Uncertainty:      0.035ns  ((TSJ^2 + TIJ^2)^1/2 + DJ) / 2 + PE
    Total System Jitter     (TSJ):    0.071ns
    Total Input Jitter      (TIJ):    0.000ns
    Discrete Jitter          (DJ):    0.000ns
    Phase Error              (PE):    0.000ns

    Location             Delay type                Incr(ns)  Path(ns)    PBlock               Netlist Resource(s)
  -------------------------------------------------------------------    ----------------------------------------
                         (clock aclk rise edge)       0.000     0.000 r                       
                                                      0.000     0.000 r                       aclk (IN)
                         net (fo=78784, unset)        0.029     0.029                         aclk
    SLICE_X69Y474        FDRE                                         r  pb_layer_1slr        dma_act_reg/C
  -------------------------------------------------------------------    ----------------------------------------
    SLICE_X69Y474        FDRE (Prop_HFF_SLICEL_C_Q)
                                                      0.079     0.108 r  pb_layer_1slr        dma_act_reg/Q
                         net (fo=61, estimated)       0.875     0.983                         u_dma/dma_act
    SLICE_X86Y515        LUT3 (Prop_A6LUT_SLICEL_I0_O)
                                                      0.098     1.081 r  pb_layer_1slr        u_dma/g_cvslot[0].wm_reg_bram_0_i_61/O
                         net (fo=95, estimated)       1.069     2.150                         u_dma/g_cvslot[0].wm_reg_bram_0_i_61_n_0
    SLICE_X64Y465        LUT4 (Prop_F6LUT_SLICEM_I2_O)
                                                      0.037     2.187 f  pb_layer_1slr        u_dma/g_cvslot[0].wm_reg_bram_0_i_14/O
                         net (fo=26, estimated)       1.117     3.304                         g_cvslot[0].sra[8]
    RAMB36_X5Y104        RAMB36E2                                     f  pb_layer_1slr        g_cvslot[0].sm_reg_bram_4/ADDRBWRADDR[13]
  -------------------------------------------------------------------    ----------------------------------------

                         (clock aclk rise edge)       4.000     4.000 r                       
                                                      0.000     4.000 r                       aclk (IN)
                         net (fo=78784, unset)        0.040     4.040                         aclk
    RAMB36_X5Y104        RAMB36E2                                     r  pb_layer_1slr        g_cvslot[0].sm_reg_bram_4/CLKBWRCLK
                         clock pessimism              0.000     4.040                           
                         clock uncertainty           -0.035     4.005                           
    RAMB36_X5Y104        RAMB36E2 (Setup_RAMB36E2_RAMB36_CLKBWRCLK_ADDRBWRADDR[13])
                                                     -0.290     3.715    pb_layer_1slr          g_cvslot[0].sm_reg_bram_4
  -------------------------------------------------------------------
                         required time                          3.715                           
                         arrival time                          -3.304                           
  -------------------------------------------------------------------
                         slack                                  0.411                           

Slack (MET) :             0.411ns  (required time - arrival time)
  Source:                 dma_act_reg/C
                            (rising edge-triggered cell FDRE clocked by aclk  {rise@0.000ns fall@2.000ns period=4.000ns})
  Destination:            g_cvslot[0].sm_reg_bram_4/ADDRBWRADDR[13]
                            (rising edge-triggered cell RAMB36E2 clocked by aclk  {rise@0.000ns fall@2.000ns period=4.000ns})
  Path Group:             aclk
  Path Type:              Setup (Max at Slow Process Corner)
  Requirement:            4.000ns  (aclk rise@4.000ns - aclk rise@0.000ns)
  Data Path Delay:        3.275ns  (logic 0.214ns (6.534%)  route 3.061ns (93.466%))
  Logic Levels:           2  (LUT3=1 LUT4=1)
  Clock Path Skew:        0.011ns (DCD - SCD + CPR)
    Destination Clock Delay (DCD):    0.040ns = ( 4.040 - 4.000 ) 
    Source Clock Delay      (SCD):    0.029ns
    Clock Pessimism Removal (CPR):    0.000ns
  Clock Uncertainty:      0.035ns  ((TSJ^2 + TIJ^2)^1/2 + DJ) / 2 + PE
    Total System Jitter     (TSJ):    0.071ns
    Total Input Jitter      (TIJ):    0.000ns
    Discrete Jitter          (DJ):    0.000ns
    Phase Error              (PE):    0.000ns

    Location             Delay type                Incr(ns)  Path(ns)    PBlock               Netlist Resource(s)
  -------------------------------------------------------------------    ----------------------------------------
                         (clock aclk rise edge)       0.000     0.000 r                       
                                                      0.000     0.000 r                       aclk (IN)
                         net (fo=78784, unset)        0.029     0.029                         aclk
    SLICE_X69Y474        FDRE                                         r  pb_layer_1slr        dma_act_reg/C
  -------------------------------------------------------------------    ----------------------------------------
    SLICE_X69Y474        FDRE (Prop_HFF_SLICEL_C_Q)
                                                      0.079     0.108 f  pb_layer_1slr        dma_act_reg/Q
                         net (fo=61, estimated)       0.875     0.983                         u_dma/dma_act
    SLICE_X86Y515        LUT3 (Prop_A6LUT_SLICEL_I0_O)
                                                      0.098     1.081 f  pb_layer_1slr        u_dma/g_cvslot[0].wm_reg_bram_0_i_61/O
                         net (fo=95, estimated)       1.069     2.150                         u_dma/g_cvslot[0].wm_reg_bram_0_i_61_n_0
    SLICE_X64Y465        LUT4 (Prop_F6LUT_SLICEM_I2_O)
                                                      0.037     2.187 f  pb_layer_1slr        u_dma/g_cvslot[0].wm_reg_bram_0_i_14/O
                         net (fo=26, estimated)       1.117     3.304                         g_cvslot[0].sra[8]
    RAMB36_X5Y104        RAMB36E2                                     f  pb_layer_1slr        g_cvslot[0].sm_reg_bram_4/ADDRBWRADDR[13]
  -------------------------------------------------------------------    ----------------------------------------

                         (clock aclk rise edge)       4.000     4.000 r                       
                                                      0.000     4.000 r                       aclk (IN)
                         net (fo=78784, unset)        0.040     4.040                         aclk
    RAMB36_X5Y104        RAMB36E2                                     r  pb_layer_1slr        g_cvslot[0].sm_reg_bram_4/CLKBWRCLK
                         clock pessimism              0.000     4.040                           
                         clock uncertainty           -0.035     4.005                           
    RAMB36_X5Y104        RAMB36E2 (Setup_RAMB36E2_RAMB36_CLKBWRCLK_ADDRBWRADDR[13])
                                                     -0.290     3.715    pb_layer_1slr          g_cvslot[0].sm_reg_bram_4
  -------------------------------------------------------------------
                         required time                          3.715                           
                         arrival time                          -3.304                           
  -------------------------------------------------------------------
                         slack                                  0.411                           

Slack (MET) :             0.422ns  (required time - arrival time)
  Source:                 dma_act_reg/C
                            (rising edge-triggered cell FDRE clocked by aclk  {rise@0.000ns fall@2.000ns period=4.000ns})
  Destination:            g_cvslot[0].sm_reg_bram_2/ADDRBWRADDR[13]
                            (rising edge-triggered cell RAMB36E2 clocked by aclk  {rise@0.000ns fall@2.000ns period=4.000ns})
  Path Group:             aclk
  Path Type:              Setup (Max at Slow Process Corner)
  Requirement:            4.000ns  (aclk rise@4.000ns - aclk rise@0.000ns)
  Data Path Delay:        3.264ns  (logic 0.214ns (6.556%)  route 3.050ns (93.444%))
  Logic Levels:           2  (LUT3=1 LUT4=1)
  Clock Path Skew:        0.011ns (DCD - SCD + CPR)
    Destination Clock Delay (DCD):    0.040ns = ( 4.040 - 4.000 ) 
    Source Clock Delay      (SCD):    0.029ns
    Clock Pessimism Removal (CPR):    0.000ns
  Clock Uncertainty:      0.035ns  ((TSJ^2 + TIJ^2)^1/2 + DJ) / 2 + PE
    Total System Jitter     (TSJ):    0.071ns
    Total Input Jitter      (TIJ):    0.000ns
    Discrete Jitter          (DJ):    0.000ns
    Phase Error              (PE):    0.000ns

    Location             Delay type                Incr(ns)  Path(ns)    PBlock               Netlist Resource(s)
  -------------------------------------------------------------------    ----------------------------------------
                         (clock aclk rise edge)       0.000     0.000 r                       
                                                      0.000     0.000 r                       aclk (IN)
                         net (fo=78784, unset)        0.029     0.029                         aclk
    SLICE_X69Y474        FDRE                                         r  pb_layer_1slr        dma_act_reg/C
  -------------------------------------------------------------------    ----------------------------------------
    SLICE_X69Y474        FDRE (Prop_HFF_SLICEL_C_Q)
                                                      0.079     0.108 r  pb_layer_1slr        dma_act_reg/Q
                         net (fo=61, estimated)       0.875     0.983                         u_dma/dma_act
    SLICE_X86Y515        LUT3 (Prop_A6LUT_SLICEL_I0_O)
                                                      0.098     1.081 r  pb_layer_1slr        u_dma/g_cvslot[0].wm_reg_bram_0_i_61/O
                         net (fo=95, estimated)       1.069     2.150                         u_dma/g_cvslot[0].wm_reg_bram_0_i_61_n_0
    SLICE_X64Y465        LUT4 (Prop_F6LUT_SLICEM_I2_O)
                                                      0.037     2.187 r  pb_layer_1slr        u_dma/g_cvslot[0].wm_reg_bram_0_i_14/O
                         net (fo=26, estimated)       1.106     3.293                         g_cvslot[0].sra[8]
    RAMB36_X5Y102        RAMB36E2                                     r  pb_layer_1slr        g_cvslot[0].sm_reg_bram_2/ADDRBWRADDR[13]
  -------------------------------------------------------------------    ----------------------------------------

                         (clock aclk rise edge)       4.000     4.000 r                       
                                                      0.000     4.000 r                       aclk (IN)
                         net (fo=78784, unset)        0.040     4.040                         aclk
    RAMB36_X5Y102        RAMB36E2                                     r  pb_layer_1slr        g_cvslot[0].sm_reg_bram_2/CLKBWRCLK
                         clock pessimism              0.000     4.040                           
                         clock uncertainty           -0.035     4.005                           
    RAMB36_X5Y102        RAMB36E2 (Setup_RAMB36E2_RAMB36_CLKBWRCLK_ADDRBWRADDR[13])
                                                     -0.290     3.715    pb_layer_1slr          g_cvslot[0].sm_reg_bram_2
  -------------------------------------------------------------------
                         required time                          3.715                           
                         arrival time                          -3.293                           
  -------------------------------------------------------------------
                         slack                                  0.422                           

Slack (MET) :             0.422ns  (required time - arrival time)
  Source:                 dma_act_reg/C
                            (rising edge-triggered cell FDRE clocked by aclk  {rise@0.000ns fall@2.000ns period=4.000ns})
  Destination:            g_cvslot[0].sm_reg_bram_2/ADDRBWRADDR[13]
                            (rising edge-triggered cell RAMB36E2 clocked by aclk  {rise@0.000ns fall@2.000ns period=4.000ns})
  Path Group:             aclk
  Path Type:              Setup (Max at Slow Process Corner)
  Requirement:            4.000ns  (aclk rise@4.000ns - aclk rise@0.000ns)
  Data Path Delay:        3.264ns  (logic 0.214ns (6.556%)  route 3.050ns (93.444%))
  Logic Levels:           2  (LUT3=1 LUT4=1)
  Clock Path Skew:        0.011ns (DCD - SCD + CPR)
    Destination Clock Delay (DCD):    0.040ns = ( 4.040 - 4.000 ) 
    Source Clock Delay      (SCD):    0.029ns
    Clock Pessimism Removal (CPR):    0.000ns
  Clock Uncertainty:      0.035ns  ((TSJ^2 + TIJ^2)^1/2 + DJ) / 2 + PE
    Total System Jitter     (TSJ):    0.071ns
    Total Input Jitter      (TIJ):    0.000ns
    Discrete Jitter          (DJ):    0.000ns
    Phase Error              (PE):    0.000ns

    Location             Delay type                Incr(ns)  Path(ns)    PBlock               Netlist Resource(s)
  -------------------------------------------------------------------    ----------------------------------------
                         (clock aclk rise edge)       0.000     0.000 r                       
                                                      0.000     0.000 r                       aclk (IN)
                         net (fo=78784, unset)        0.029     0.029                         aclk
    SLICE_X69Y474        FDRE                                         r  pb_layer_1slr        dma_act_reg/C
  -------------------------------------------------------------------    ----------------------------------------
    SLICE_X69Y474        FDRE (Prop_HFF_SLICEL_C_Q)
                                                      0.079     0.108 f  pb_layer_1slr        dma_act_reg/Q
                         net (fo=61, estimated)       0.875     0.983                         u_dma/dma_act
    SLICE_X86Y515        LUT3 (Prop_A6LUT_SLICEL_I0_O)
                                                      0.098     1.081 f  pb_layer_1slr        u_dma/g_cvslot[0].wm_reg_bram_0_i_61/O
                         net (fo=95, estimated)       1.069     2.150                         u_dma/g_cvslot[0].wm_reg_bram_0_i_61_n_0
    SLICE_X64Y465        LUT4 (Prop_F6LUT_SLICEM_I2_O)
                                                      0.037     2.187 r  pb_layer_1slr        u_dma/g_cvslot[0].wm_reg_bram_0_i_14/O
                         net (fo=26, estimated)       1.106     3.293                         g_cvslot[0].sra[8]
    RAMB36_X5Y102        RAMB36E2                                     r  pb_layer_1slr        g_cvslot[0].sm_reg_bram_2/ADDRBWRADDR[13]
  -------------------------------------------------------------------    ----------------------------------------

                         (clock aclk rise edge)       4.000     4.000 r                       
                                                      0.000     4.000 r                       aclk (IN)
                         net (fo=78784, unset)        0.040     4.040                         aclk
    RAMB36_X5Y102        RAMB36E2                                     r  pb_layer_1slr        g_cvslot[0].sm_reg_bram_2/CLKBWRCLK
                         clock pessimism              0.000     4.040                           
                         clock uncertainty           -0.035     4.005                           
    RAMB36_X5Y102        RAMB36E2 (Setup_RAMB36E2_RAMB36_CLKBWRCLK_ADDRBWRADDR[13])
                                                     -0.290     3.715    pb_layer_1slr          g_cvslot[0].sm_reg_bram_2
  -------------------------------------------------------------------
                         required time                          3.715                           
                         arrival time                          -3.293                           
  -------------------------------------------------------------------
                         slack                                  0.422                           

Slack (MET) :             0.422ns  (required time - arrival time)
  Source:                 dma_act_reg/C
                            (rising edge-triggered cell FDRE clocked by aclk  {rise@0.000ns fall@2.000ns period=4.000ns})
  Destination:            g_cvslot[0].sm_reg_bram_2/ADDRBWRADDR[13]
                            (rising edge-triggered cell RAMB36E2 clocked by aclk  {rise@0.000ns fall@2.000ns period=4.000ns})
  Path Group:             aclk
  Path Type:              Setup (Max at Slow Process Corner)
  Requirement:            4.000ns  (aclk rise@4.000ns - aclk rise@0.000ns)
  Data Path Delay:        3.264ns  (logic 0.214ns (6.556%)  route 3.050ns (93.444%))
  Logic Levels:           2  (LUT3=1 LUT4=1)
  Clock Path Skew:        0.011ns (DCD - SCD + CPR)
    Destination Clock Delay (DCD):    0.040ns = ( 4.040 - 4.000 ) 
    Source Clock Delay      (SCD):    0.029ns
    Clock Pessimism Removal (CPR):    0.000ns
  Clock Uncertainty:      0.035ns  ((TSJ^2 + TIJ^2)^1/2 + DJ) / 2 + PE
    Total System Jitter     (TSJ):    0.071ns
    Total Input Jitter      (TIJ):    0.000ns
    Discrete Jitter          (DJ):    0.000ns
    Phase Error              (PE):    0.000ns

    Location             Delay type                Incr(ns)  Path(ns)    PBlock               Netlist Resource(s)
  -------------------------------------------------------------------    ----------------------------------------
                         (clock aclk rise edge)       0.000     0.000 r                       
                                                      0.000     0.000 r                       aclk (IN)
                         net (fo=78784, unset)        0.029     0.029                         aclk
    SLICE_X69Y474        FDRE                                         r  pb_layer_1slr        dma_act_reg/C
  -------------------------------------------------------------------    ----------------------------------------
    SLICE_X69Y474        FDRE (Prop_HFF_SLICEL_C_Q)
                                                      0.079     0.108 r  pb_layer_1slr        dma_act_reg/Q
                         net (fo=61, estimated)       0.875     0.983                         u_dma/dma_act
    SLICE_X86Y515        LUT3 (Prop_A6LUT_SLICEL_I0_O)
                                                      0.098     1.081 r  pb_layer_1slr        u_dma/g_cvslot[0].wm_reg_bram_0_i_61/O
                         net (fo=95, estimated)       1.069     2.150                         u_dma/g_cvslot[0].wm_reg_bram_0_i_61_n_0
    SLICE_X64Y465        LUT4 (Prop_F6LUT_SLICEM_I2_O)
                                                      0.037     2.187 f  pb_layer_1slr        u_dma/g_cvslot[0].wm_reg_bram_0_i_14/O
                         net (fo=26, estimated)       1.106     3.293                         g_cvslot[0].sra[8]
    RAMB36_X5Y102        RAMB36E2                                     f  pb_layer_1slr        g_cvslot[0].sm_reg_bram_2/ADDRBWRADDR[13]
  -------------------------------------------------------------------    ----------------------------------------

                         (clock aclk rise edge)       4.000     4.000 r                       
                                                      0.000     4.000 r                       aclk (IN)
                         net (fo=78784, unset)        0.040     4.040                         aclk
    RAMB36_X5Y102        RAMB36E2                                     r  pb_layer_1slr        g_cvslot[0].sm_reg_bram_2/CLKBWRCLK
                         clock pessimism              0.000     4.040                           
                         clock uncertainty           -0.035     4.005                           
    RAMB36_X5Y102        RAMB36E2 (Setup_RAMB36E2_RAMB36_CLKBWRCLK_ADDRBWRADDR[13])
                                                     -0.290     3.715    pb_layer_1slr          g_cvslot[0].sm_reg_bram_2
  -------------------------------------------------------------------
                         required time                          3.715                           
                         arrival time                          -3.293                           
  -------------------------------------------------------------------
                         slack                                  0.422                           

Slack (MET) :             0.422ns  (required time - arrival time)
  Source:                 dma_act_reg/C
                            (rising edge-triggered cell FDRE clocked by aclk  {rise@0.000ns fall@2.000ns period=4.000ns})
  Destination:            g_cvslot[0].sm_reg_bram_2/ADDRBWRADDR[13]
                            (rising edge-triggered cell RAMB36E2 clocked by aclk  {rise@0.000ns fall@2.000ns period=4.000ns})
  Path Group:             aclk
  Path Type:              Setup (Max at Slow Process Corner)
  Requirement:            4.000ns  (aclk rise@4.000ns - aclk rise@0.000ns)
  Data Path Delay:        3.264ns  (logic 0.214ns (6.556%)  route 3.050ns (93.444%))
  Logic Levels:           2  (LUT3=1 LUT4=1)
  Clock Path Skew:        0.011ns (DCD - SCD + CPR)
    Destination Clock Delay (DCD):    0.040ns = ( 4.040 - 4.000 ) 
    Source Clock Delay      (SCD):    0.029ns
    Clock Pessimism Removal (CPR):    0.000ns
  Clock Uncertainty:      0.035ns  ((TSJ^2 + TIJ^2)^1/2 + DJ) / 2 + PE
    Total System Jitter     (TSJ):    0.071ns
    Total Input Jitter      (TIJ):    0.000ns
    Discrete Jitter          (DJ):    0.000ns
    Phase Error              (PE):    0.000ns

    Location             Delay type                Incr(ns)  Path(ns)    PBlock               Netlist Resource(s)
  -------------------------------------------------------------------    ----------------------------------------
                         (clock aclk rise edge)       0.000     0.000 r                       
                                                      0.000     0.000 r                       aclk (IN)
                         net (fo=78784, unset)        0.029     0.029                         aclk
    SLICE_X69Y474        FDRE                                         r  pb_layer_1slr        dma_act_reg/C
  -------------------------------------------------------------------    ----------------------------------------
    SLICE_X69Y474        FDRE (Prop_HFF_SLICEL_C_Q)
                                                      0.079     0.108 f  pb_layer_1slr        dma_act_reg/Q
                         net (fo=61, estimated)       0.875     0.983                         u_dma/dma_act
    SLICE_X86Y515        LUT3 (Prop_A6LUT_SLICEL_I0_O)
                                                      0.098     1.081 f  pb_layer_1slr        u_dma/g_cvslot[0].wm_reg_bram_0_i_61/O
                         net (fo=95, estimated)       1.069     2.150                         u_dma/g_cvslot[0].wm_reg_bram_0_i_61_n_0
    SLICE_X64Y465        LUT4 (Prop_F6LUT_SLICEM_I2_O)
                                                      0.037     2.187 f  pb_layer_1slr        u_dma/g_cvslot[0].wm_reg_bram_0_i_14/O
                         net (fo=26, estimated)       1.106     3.293                         g_cvslot[0].sra[8]
    RAMB36_X5Y102        RAMB36E2                                     f  pb_layer_1slr        g_cvslot[0].sm_reg_bram_2/ADDRBWRADDR[13]
  -------------------------------------------------------------------    ----------------------------------------

                         (clock aclk rise edge)       4.000     4.000 r                       
                                                      0.000     4.000 r                       aclk (IN)
                         net (fo=78784, unset)        0.040     4.040                         aclk
    RAMB36_X5Y102        RAMB36E2                                     r  pb_layer_1slr        g_cvslot[0].sm_reg_bram_2/CLKBWRCLK
                         clock pessimism              0.000     4.040                           
                         clock uncertainty           -0.035     4.005                           
    RAMB36_X5Y102        RAMB36E2 (Setup_RAMB36E2_RAMB36_CLKBWRCLK_ADDRBWRADDR[13])
                                                     -0.290     3.715    pb_layer_1slr          g_cvslot[0].sm_reg_bram_2
  -------------------------------------------------------------------
                         required time                          3.715                           
                         arrival time                          -3.293                           
  -------------------------------------------------------------------
                         slack                                  0.422                           




