=== family_run for s5_1slr, re-derived from /home/cah/r2d2/code/fpga/fable5_llm/synth/out_exp_uram_s5_1slr/post_place.dcp
=== host: darthplagueis
=== date: 2026-09-05T16:30:13-06:00
=== tree: 282705b
=== dcp:  2026-09-05 16:20:58.788525237 -0600 97404627 bytes
=== ---
FAM_DCP: /home/cah/r2d2/code/fpga/fable5_llm/synth/out_exp_uram_s5_1slr/post_place.dcp
FAM_TABLE family cells worst_slack levels datapath logic route route_pct startSLR endSLR
FAM_ROW DN_SLOT           4231    0.166   2   3.342   0.227   3.115   93.2 SLR1  SLR1 
FAM_PATH DN_SLOT dma_kind_reg[1]/C -> g_dnslot[0].mem_reg_uram_28/ADDR_A[7]
FAM_ROW KV_SLOT           4294   -0.110   3   3.758   0.480   3.278   87.2 SLR1  SLR1 
FAM_PATH KV_SLOT dma_act_reg/C -> g_kvslot[1].mem_reg_uram_47/CAS_IN_ADDR_B[12]
FAM_ROW CV_SLOT            680    0.302   2   3.384   0.214   3.170   93.7 SLR1  SLR1 
FAM_PATH CV_SLOT dma_act_reg/C -> g_cvslot[0].sm_reg_bram_7/ADDRBWRADDR[13]
FAM_ROW SDMA             28008    0.001   6   3.882   0.606   3.276   84.4 SLR1  SLR1 
FAM_PATH SDMA u_dma/f_wp_reg[3]_rep__3/C -> u_dma/beat_acc_reg[40]/R
FAM_ROW ATTN_DSP         80811   -0.245   2   3.882   1.587   2.295   59.1 SLR1  SLR1 
FAM_PATH ATTN_DSP g_kvslot[0].mem_reg_uram_20/CLK -> u_attn/g_lane[92].prod_reg[92]/DSP_A_B_DATA_INST/B[10]
FAM_ROW SCRATCH            238    0.347   5   3.285   0.321   2.964   90.2 SLR1  SLR1 
FAM_PATH SCRATCH cmd_op_reg[2]/C -> smem_a_reg_0_0/ENARDEN
FAM_HIST family paths worst_slack   (over the 200 worst setup PATHS)
FAM_HIST_ROW ATTN_DSP         172   -0.245
FAM_HIST_ROW OTHER             28   -0.150
FAM_OTHER_WORST slack=-0.150 levels=5 datapath=3.806 logic=0.537 route=3.269 route_pct=85.9
FAM_OTHER_PATH u_dn/p_1_out__15/DSP_OUTPUT_INST/CLK -> u_dn/g_lane[49].p2_p_reg[49]/DSP_A_B_DATA_INST/A[28]
FAM_DONE
