Copyright 1986-2022 Xilinx, Inc. All Rights Reserved. Copyright 2022-2024 Advanced Micro Devices, Inc. All Rights Reserved.
------------------------------------------------------------------------------------------------------------------------------------------------------------------------------------------------------------------------------------------------------------------------------
| Tool Version      : Vivado v.2024.2 (lin64) Build 5239630 Fri Nov 08 22:34:34 MST 2024
| Date              : Sat Sep  5 16:28:53 2026
| Host              : snoke running 64-bit Ubuntu 24.04.4 LTS
| Command           : report_timing -to [get_cells -quiet -hier -filter {NAME =~ *g_cv* && (REF_NAME =~ RAMB36* || REF_NAME =~ RAMB18*)}] -max_paths 20 -nworst 20 -setup -file /home/cah/r2d2/code/fpga/fable5_llm/synth/out_exp_uram_s5_1slralt/reports/conv_bram_paths.rpt
| Design            : layer_chan
| Device            : xcvu9p-fsgd2104
| Speed File        : -2L  PRODUCTION 1.28 03-30-2022
| Design State      : Fully Placed
| Temperature Grade : E
------------------------------------------------------------------------------------------------------------------------------------------------------------------------------------------------------------------------------------------------------------------------------

Timing Report

Slack (MET) :             0.541ns  (required time - arrival time)
  Source:                 dma_act_reg/C
                            (rising edge-triggered cell FDRE clocked by aclk  {rise@0.000ns fall@2.000ns period=4.000ns})
  Destination:            g_cvslot[1].sm_reg_bram_7/ENARDEN
                            (rising edge-triggered cell RAMB36E2 clocked by aclk  {rise@0.000ns fall@2.000ns period=4.000ns})
  Path Group:             aclk
  Path Type:              Setup (Max at Slow Process Corner)
  Requirement:            4.000ns  (aclk rise@4.000ns - aclk rise@0.000ns)
  Data Path Delay:        3.091ns  (logic 0.414ns (13.394%)  route 2.677ns (86.606%))
  Logic Levels:           3  (LUT3=1 LUT4=2)
  Clock Path Skew:        0.009ns (DCD - SCD + CPR)
    Destination Clock Delay (DCD):    0.039ns = ( 4.039 - 4.000 ) 
    Source Clock Delay      (SCD):    0.030ns
    Clock Pessimism Removal (CPR):    0.000ns
  Clock Uncertainty:      0.035ns  ((TSJ^2 + TIJ^2)^1/2 + DJ) / 2 + PE
    Total System Jitter     (TSJ):    0.071ns
    Total Input Jitter      (TIJ):    0.000ns
    Discrete Jitter          (DJ):    0.000ns
    Phase Error              (PE):    0.000ns

    Location             Delay type                Incr(ns)  Path(ns)    PBlock               Netlist Resource(s)
  -------------------------------------------------------------------    ----------------------------------------
                         (clock aclk rise edge)       0.000     0.000 r                       
                                                      0.000     0.000 r                       aclk (IN)
                         net (fo=78964, unset)        0.030     0.030                         aclk
    SLICE_X68Y451        FDRE                                         r  pb_layer_1slr        dma_act_reg/C
  -------------------------------------------------------------------    ----------------------------------------
    SLICE_X68Y451        FDRE (Prop_AFF_SLICEM_C_Q)
                                                      0.077     0.107 r  pb_layer_1slr        dma_act_reg/Q
                         net (fo=61, estimated)       0.575     0.682                         u_dma/dma_act
    SLICE_X60Y461        LUT3 (Prop_C5LUT_SLICEM_I0_O)
                                                      0.111     0.793 r  pb_layer_1slr        u_dma/g_cvslot[1].wm_reg_bram_0_i_61/O
                         net (fo=102, estimated)      0.817     1.610                         u_dma/g_cvslot[1].wm_reg_bram_0_i_61_n_0
    SLICE_X83Y472        LUT4 (Prop_C5LUT_SLICEL_I1_O)
                                                      0.158     1.768 r  pb_layer_1slr        u_dma/g_cvslot[1].sm_reg_bram_8_i_3/O
                         net (fo=11, estimated)       0.778     2.546                         u_dma/g_cvslot[1].swa[10]
    SLICE_X86Y520        LUT4 (Prop_C5LUT_SLICEL_I3_O)
                                                      0.068     2.614 r  pb_layer_1slr        u_dma/g_cvslot[1].sm_reg_bram_7_i_2/O
                         net (fo=4, estimated)        0.507     3.121                         u_dma_n_124
    RAMB36_X6Y106        RAMB36E2                                     r  pb_layer_1slr        g_cvslot[1].sm_reg_bram_7/ENARDEN
  -------------------------------------------------------------------    ----------------------------------------

                         (clock aclk rise edge)       4.000     4.000 r                       
                                                      0.000     4.000 r                       aclk (IN)
                         net (fo=78964, unset)        0.039     4.039                         aclk
    RAMB36_X6Y106        RAMB36E2                                     r  pb_layer_1slr        g_cvslot[1].sm_reg_bram_7/CLKARDCLK
                         clock pessimism              0.000     4.039                           
                         clock uncertainty           -0.035     4.004                           
    RAMB36_X6Y106        RAMB36E2 (Setup_RAMB36E2_RAMB36_CLKARDCLK_ENARDEN)
                                                     -0.342     3.662    pb_layer_1slr          g_cvslot[1].sm_reg_bram_7
  -------------------------------------------------------------------
                         required time                          3.662                           
                         arrival time                          -3.121                           
  -------------------------------------------------------------------
                         slack                                  0.541                           

Slack (MET) :             0.541ns  (required time - arrival time)
  Source:                 dma_act_reg/C
                            (rising edge-triggered cell FDRE clocked by aclk  {rise@0.000ns fall@2.000ns period=4.000ns})
  Destination:            g_cvslot[1].sm_reg_bram_7/ENARDEN
                            (rising edge-triggered cell RAMB36E2 clocked by aclk  {rise@0.000ns fall@2.000ns period=4.000ns})
  Path Group:             aclk
  Path Type:              Setup (Max at Slow Process Corner)
  Requirement:            4.000ns  (aclk rise@4.000ns - aclk rise@0.000ns)
  Data Path Delay:        3.091ns  (logic 0.414ns (13.394%)  route 2.677ns (86.606%))
  Logic Levels:           3  (LUT3=1 LUT4=2)
  Clock Path Skew:        0.009ns (DCD - SCD + CPR)
    Destination Clock Delay (DCD):    0.039ns = ( 4.039 - 4.000 ) 
    Source Clock Delay      (SCD):    0.030ns
    Clock Pessimism Removal (CPR):    0.000ns
  Clock Uncertainty:      0.035ns  ((TSJ^2 + TIJ^2)^1/2 + DJ) / 2 + PE
    Total System Jitter     (TSJ):    0.071ns
    Total Input Jitter      (TIJ):    0.000ns
    Discrete Jitter          (DJ):    0.000ns
    Phase Error              (PE):    0.000ns

    Location             Delay type                Incr(ns)  Path(ns)    PBlock               Netlist Resource(s)
  -------------------------------------------------------------------    ----------------------------------------
                         (clock aclk rise edge)       0.000     0.000 r                       
                                                      0.000     0.000 r                       aclk (IN)
                         net (fo=78964, unset)        0.030     0.030                         aclk
    SLICE_X68Y451        FDRE                                         r  pb_layer_1slr        dma_act_reg/C
  -------------------------------------------------------------------    ----------------------------------------
    SLICE_X68Y451        FDRE (Prop_AFF_SLICEM_C_Q)
                                                      0.077     0.107 f  pb_layer_1slr        dma_act_reg/Q
                         net (fo=61, estimated)       0.575     0.682                         u_dma/dma_act
    SLICE_X60Y461        LUT3 (Prop_C5LUT_SLICEM_I0_O)
                                                      0.111     0.793 f  pb_layer_1slr        u_dma/g_cvslot[1].wm_reg_bram_0_i_61/O
                         net (fo=102, estimated)      0.817     1.610                         u_dma/g_cvslot[1].wm_reg_bram_0_i_61_n_0
    SLICE_X83Y472        LUT4 (Prop_C5LUT_SLICEL_I1_O)
                                                      0.158     1.768 r  pb_layer_1slr        u_dma/g_cvslot[1].sm_reg_bram_8_i_3/O
                         net (fo=11, estimated)       0.778     2.546                         u_dma/g_cvslot[1].swa[10]
    SLICE_X86Y520        LUT4 (Prop_C5LUT_SLICEL_I3_O)
                                                      0.068     2.614 r  pb_layer_1slr        u_dma/g_cvslot[1].sm_reg_bram_7_i_2/O
                         net (fo=4, estimated)        0.507     3.121                         u_dma_n_124
    RAMB36_X6Y106        RAMB36E2                                     r  pb_layer_1slr        g_cvslot[1].sm_reg_bram_7/ENARDEN
  -------------------------------------------------------------------    ----------------------------------------

                         (clock aclk rise edge)       4.000     4.000 r                       
                                                      0.000     4.000 r                       aclk (IN)
                         net (fo=78964, unset)        0.039     4.039                         aclk
    RAMB36_X6Y106        RAMB36E2                                     r  pb_layer_1slr        g_cvslot[1].sm_reg_bram_7/CLKARDCLK
                         clock pessimism              0.000     4.039                           
                         clock uncertainty           -0.035     4.004                           
    RAMB36_X6Y106        RAMB36E2 (Setup_RAMB36E2_RAMB36_CLKARDCLK_ENARDEN)
                                                     -0.342     3.662    pb_layer_1slr          g_cvslot[1].sm_reg_bram_7
  -------------------------------------------------------------------
                         required time                          3.662                           
                         arrival time                          -3.121                           
  -------------------------------------------------------------------
                         slack                                  0.541                           

Slack (MET) :             0.541ns  (required time - arrival time)
  Source:                 dma_act_reg/C
                            (rising edge-triggered cell FDRE clocked by aclk  {rise@0.000ns fall@2.000ns period=4.000ns})
  Destination:            g_cvslot[1].sm_reg_bram_7/ENARDEN
                            (rising edge-triggered cell RAMB36E2 clocked by aclk  {rise@0.000ns fall@2.000ns period=4.000ns})
  Path Group:             aclk
  Path Type:              Setup (Max at Slow Process Corner)
  Requirement:            4.000ns  (aclk rise@4.000ns - aclk rise@0.000ns)
  Data Path Delay:        3.091ns  (logic 0.414ns (13.394%)  route 2.677ns (86.606%))
  Logic Levels:           3  (LUT3=1 LUT4=2)
  Clock Path Skew:        0.009ns (DCD - SCD + CPR)
    Destination Clock Delay (DCD):    0.039ns = ( 4.039 - 4.000 ) 
    Source Clock Delay      (SCD):    0.030ns
    Clock Pessimism Removal (CPR):    0.000ns
  Clock Uncertainty:      0.035ns  ((TSJ^2 + TIJ^2)^1/2 + DJ) / 2 + PE
    Total System Jitter     (TSJ):    0.071ns
    Total Input Jitter      (TIJ):    0.000ns
    Discrete Jitter          (DJ):    0.000ns
    Phase Error              (PE):    0.000ns

    Location             Delay type                Incr(ns)  Path(ns)    PBlock               Netlist Resource(s)
  -------------------------------------------------------------------    ----------------------------------------
                         (clock aclk rise edge)       0.000     0.000 r                       
                                                      0.000     0.000 r                       aclk (IN)
                         net (fo=78964, unset)        0.030     0.030                         aclk
    SLICE_X68Y451        FDRE                                         r  pb_layer_1slr        dma_act_reg/C
  -------------------------------------------------------------------    ----------------------------------------
    SLICE_X68Y451        FDRE (Prop_AFF_SLICEM_C_Q)
                                                      0.077     0.107 r  pb_layer_1slr        dma_act_reg/Q
                         net (fo=61, estimated)       0.575     0.682                         u_dma/dma_act
    SLICE_X60Y461        LUT3 (Prop_C5LUT_SLICEM_I0_O)
                                                      0.111     0.793 r  pb_layer_1slr        u_dma/g_cvslot[1].wm_reg_bram_0_i_61/O
                         net (fo=102, estimated)      0.817     1.610                         u_dma/g_cvslot[1].wm_reg_bram_0_i_61_n_0
    SLICE_X83Y472        LUT4 (Prop_C5LUT_SLICEL_I1_O)
                                                      0.158     1.768 f  pb_layer_1slr        u_dma/g_cvslot[1].sm_reg_bram_8_i_3/O
                         net (fo=11, estimated)       0.778     2.546                         u_dma/g_cvslot[1].swa[10]
    SLICE_X86Y520        LUT4 (Prop_C5LUT_SLICEL_I3_O)
                                                      0.068     2.614 f  pb_layer_1slr        u_dma/g_cvslot[1].sm_reg_bram_7_i_2/O
                         net (fo=4, estimated)        0.507     3.121                         u_dma_n_124
    RAMB36_X6Y106        RAMB36E2                                     f  pb_layer_1slr        g_cvslot[1].sm_reg_bram_7/ENARDEN
  -------------------------------------------------------------------    ----------------------------------------

                         (clock aclk rise edge)       4.000     4.000 r                       
                                                      0.000     4.000 r                       aclk (IN)
                         net (fo=78964, unset)        0.039     4.039                         aclk
    RAMB36_X6Y106        RAMB36E2                                     r  pb_layer_1slr        g_cvslot[1].sm_reg_bram_7/CLKARDCLK
                         clock pessimism              0.000     4.039                           
                         clock uncertainty           -0.035     4.004                           
    RAMB36_X6Y106        RAMB36E2 (Setup_RAMB36E2_RAMB36_CLKARDCLK_ENARDEN)
                                                     -0.342     3.662    pb_layer_1slr          g_cvslot[1].sm_reg_bram_7
  -------------------------------------------------------------------
                         required time                          3.662                           
                         arrival time                          -3.121                           
  -------------------------------------------------------------------
                         slack                                  0.541                           

Slack (MET) :             0.541ns  (required time - arrival time)
  Source:                 dma_act_reg/C
                            (rising edge-triggered cell FDRE clocked by aclk  {rise@0.000ns fall@2.000ns period=4.000ns})
  Destination:            g_cvslot[1].sm_reg_bram_7/ENARDEN
                            (rising edge-triggered cell RAMB36E2 clocked by aclk  {rise@0.000ns fall@2.000ns period=4.000ns})
  Path Group:             aclk
  Path Type:              Setup (Max at Slow Process Corner)
  Requirement:            4.000ns  (aclk rise@4.000ns - aclk rise@0.000ns)
  Data Path Delay:        3.091ns  (logic 0.414ns (13.394%)  route 2.677ns (86.606%))
  Logic Levels:           3  (LUT3=1 LUT4=2)
  Clock Path Skew:        0.009ns (DCD - SCD + CPR)
    Destination Clock Delay (DCD):    0.039ns = ( 4.039 - 4.000 ) 
    Source Clock Delay      (SCD):    0.030ns
    Clock Pessimism Removal (CPR):    0.000ns
  Clock Uncertainty:      0.035ns  ((TSJ^2 + TIJ^2)^1/2 + DJ) / 2 + PE
    Total System Jitter     (TSJ):    0.071ns
    Total Input Jitter      (TIJ):    0.000ns
    Discrete Jitter          (DJ):    0.000ns
    Phase Error              (PE):    0.000ns

    Location             Delay type                Incr(ns)  Path(ns)    PBlock               Netlist Resource(s)
  -------------------------------------------------------------------    ----------------------------------------
                         (clock aclk rise edge)       0.000     0.000 r                       
                                                      0.000     0.000 r                       aclk (IN)
                         net (fo=78964, unset)        0.030     0.030                         aclk
    SLICE_X68Y451        FDRE                                         r  pb_layer_1slr        dma_act_reg/C
  -------------------------------------------------------------------    ----------------------------------------
    SLICE_X68Y451        FDRE (Prop_AFF_SLICEM_C_Q)
                                                      0.077     0.107 f  pb_layer_1slr        dma_act_reg/Q
                         net (fo=61, estimated)       0.575     0.682                         u_dma/dma_act
    SLICE_X60Y461        LUT3 (Prop_C5LUT_SLICEM_I0_O)
                                                      0.111     0.793 f  pb_layer_1slr        u_dma/g_cvslot[1].wm_reg_bram_0_i_61/O
                         net (fo=102, estimated)      0.817     1.610                         u_dma/g_cvslot[1].wm_reg_bram_0_i_61_n_0
    SLICE_X83Y472        LUT4 (Prop_C5LUT_SLICEL_I1_O)
                                                      0.158     1.768 f  pb_layer_1slr        u_dma/g_cvslot[1].sm_reg_bram_8_i_3/O
                         net (fo=11, estimated)       0.778     2.546                         u_dma/g_cvslot[1].swa[10]
    SLICE_X86Y520        LUT4 (Prop_C5LUT_SLICEL_I3_O)
                                                      0.068     2.614 f  pb_layer_1slr        u_dma/g_cvslot[1].sm_reg_bram_7_i_2/O
                         net (fo=4, estimated)        0.507     3.121                         u_dma_n_124
    RAMB36_X6Y106        RAMB36E2                                     f  pb_layer_1slr        g_cvslot[1].sm_reg_bram_7/ENARDEN
  -------------------------------------------------------------------    ----------------------------------------

                         (clock aclk rise edge)       4.000     4.000 r                       
                                                      0.000     4.000 r                       aclk (IN)
                         net (fo=78964, unset)        0.039     4.039                         aclk
    RAMB36_X6Y106        RAMB36E2                                     r  pb_layer_1slr        g_cvslot[1].sm_reg_bram_7/CLKARDCLK
                         clock pessimism              0.000     4.039                           
                         clock uncertainty           -0.035     4.004                           
    RAMB36_X6Y106        RAMB36E2 (Setup_RAMB36E2_RAMB36_CLKARDCLK_ENARDEN)
                                                     -0.342     3.662    pb_layer_1slr          g_cvslot[1].sm_reg_bram_7
  -------------------------------------------------------------------
                         required time                          3.662                           
                         arrival time                          -3.121                           
  -------------------------------------------------------------------
                         slack                                  0.541                           

Slack (MET) :             0.543ns  (required time - arrival time)
  Source:                 dma_act_reg/C
                            (rising edge-triggered cell FDRE clocked by aclk  {rise@0.000ns fall@2.000ns period=4.000ns})
  Destination:            g_cvslot[1].sm_reg_bram_7/WEA[2]
                            (rising edge-triggered cell RAMB36E2 clocked by aclk  {rise@0.000ns fall@2.000ns period=4.000ns})
  Path Group:             aclk
  Path Type:              Setup (Max at Slow Process Corner)
  Requirement:            4.000ns  (aclk rise@4.000ns - aclk rise@0.000ns)
  Data Path Delay:        3.037ns  (logic 0.414ns (13.632%)  route 2.623ns (86.368%))
  Logic Levels:           3  (LUT3=1 LUT4=2)
  Clock Path Skew:        0.009ns (DCD - SCD + CPR)
    Destination Clock Delay (DCD):    0.039ns = ( 4.039 - 4.000 ) 
    Source Clock Delay      (SCD):    0.030ns
    Clock Pessimism Removal (CPR):    0.000ns
  Clock Uncertainty:      0.035ns  ((TSJ^2 + TIJ^2)^1/2 + DJ) / 2 + PE
    Total System Jitter     (TSJ):    0.071ns
    Total Input Jitter      (TIJ):    0.000ns
    Discrete Jitter          (DJ):    0.000ns
    Phase Error              (PE):    0.000ns

    Location             Delay type                Incr(ns)  Path(ns)    PBlock               Netlist Resource(s)
  -------------------------------------------------------------------    ----------------------------------------
                         (clock aclk rise edge)       0.000     0.000 r                       
                                                      0.000     0.000 r                       aclk (IN)
                         net (fo=78964, unset)        0.030     0.030                         aclk
    SLICE_X68Y451        FDRE                                         r  pb_layer_1slr        dma_act_reg/C
  -------------------------------------------------------------------    ----------------------------------------
    SLICE_X68Y451        FDRE (Prop_AFF_SLICEM_C_Q)
                                                      0.077     0.107 r  pb_layer_1slr        dma_act_reg/Q
                         net (fo=61, estimated)       0.575     0.682                         u_dma/dma_act
    SLICE_X60Y461        LUT3 (Prop_C5LUT_SLICEM_I0_O)
                                                      0.111     0.793 r  pb_layer_1slr        u_dma/g_cvslot[1].wm_reg_bram_0_i_61/O
                         net (fo=102, estimated)      0.817     1.610                         u_dma/g_cvslot[1].wm_reg_bram_0_i_61_n_0
    SLICE_X83Y472        LUT4 (Prop_C5LUT_SLICEL_I1_O)
                                                      0.158     1.768 r  pb_layer_1slr        u_dma/g_cvslot[1].sm_reg_bram_8_i_3/O
                         net (fo=11, estimated)       0.778     2.546                         u_dma/g_cvslot[1].swa[10]
    SLICE_X86Y520        LUT4 (Prop_C5LUT_SLICEL_I3_O)
                                                      0.068     2.614 r  pb_layer_1slr        u_dma/g_cvslot[1].sm_reg_bram_7_i_2/O
                         net (fo=4, estimated)        0.453     3.067                         u_dma_n_124
    RAMB36_X6Y106        RAMB36E2                                     r  pb_layer_1slr        g_cvslot[1].sm_reg_bram_7/WEA[2]
  -------------------------------------------------------------------    ----------------------------------------

                         (clock aclk rise edge)       4.000     4.000 r                       
                                                      0.000     4.000 r                       aclk (IN)
                         net (fo=78964, unset)        0.039     4.039                         aclk
    RAMB36_X6Y106        RAMB36E2                                     r  pb_layer_1slr        g_cvslot[1].sm_reg_bram_7/CLKARDCLK
                         clock pessimism              0.000     4.039                           
                         clock uncertainty           -0.035     4.004                           
    RAMB36_X6Y106        RAMB36E2 (Setup_RAMB36E2_RAMB36_CLKARDCLK_WEA[2])
                                                     -0.394     3.610    pb_layer_1slr          g_cvslot[1].sm_reg_bram_7
  -------------------------------------------------------------------
                         required time                          3.610                           
                         arrival time                          -3.067                           
  -------------------------------------------------------------------
                         slack                                  0.543                           

Slack (MET) :             0.543ns  (required time - arrival time)
  Source:                 dma_act_reg/C
                            (rising edge-triggered cell FDRE clocked by aclk  {rise@0.000ns fall@2.000ns period=4.000ns})
  Destination:            g_cvslot[1].sm_reg_bram_7/WEA[2]
                            (rising edge-triggered cell RAMB36E2 clocked by aclk  {rise@0.000ns fall@2.000ns period=4.000ns})
  Path Group:             aclk
  Path Type:              Setup (Max at Slow Process Corner)
  Requirement:            4.000ns  (aclk rise@4.000ns - aclk rise@0.000ns)
  Data Path Delay:        3.037ns  (logic 0.414ns (13.632%)  route 2.623ns (86.368%))
  Logic Levels:           3  (LUT3=1 LUT4=2)
  Clock Path Skew:        0.009ns (DCD - SCD + CPR)
    Destination Clock Delay (DCD):    0.039ns = ( 4.039 - 4.000 ) 
    Source Clock Delay      (SCD):    0.030ns
    Clock Pessimism Removal (CPR):    0.000ns
  Clock Uncertainty:      0.035ns  ((TSJ^2 + TIJ^2)^1/2 + DJ) / 2 + PE
    Total System Jitter     (TSJ):    0.071ns
    Total Input Jitter      (TIJ):    0.000ns
    Discrete Jitter          (DJ):    0.000ns
    Phase Error              (PE):    0.000ns

    Location             Delay type                Incr(ns)  Path(ns)    PBlock               Netlist Resource(s)
  -------------------------------------------------------------------    ----------------------------------------
                         (clock aclk rise edge)       0.000     0.000 r                       
                                                      0.000     0.000 r                       aclk (IN)
                         net (fo=78964, unset)        0.030     0.030                         aclk
    SLICE_X68Y451        FDRE                                         r  pb_layer_1slr        dma_act_reg/C
  -------------------------------------------------------------------    ----------------------------------------
    SLICE_X68Y451        FDRE (Prop_AFF_SLICEM_C_Q)
                                                      0.077     0.107 f  pb_layer_1slr        dma_act_reg/Q
                         net (fo=61, estimated)       0.575     0.682                         u_dma/dma_act
    SLICE_X60Y461        LUT3 (Prop_C5LUT_SLICEM_I0_O)
                                                      0.111     0.793 f  pb_layer_1slr        u_dma/g_cvslot[1].wm_reg_bram_0_i_61/O
                         net (fo=102, estimated)      0.817     1.610                         u_dma/g_cvslot[1].wm_reg_bram_0_i_61_n_0
    SLICE_X83Y472        LUT4 (Prop_C5LUT_SLICEL_I1_O)
                                                      0.158     1.768 r  pb_layer_1slr        u_dma/g_cvslot[1].sm_reg_bram_8_i_3/O
                         net (fo=11, estimated)       0.778     2.546                         u_dma/g_cvslot[1].swa[10]
    SLICE_X86Y520        LUT4 (Prop_C5LUT_SLICEL_I3_O)
                                                      0.068     2.614 r  pb_layer_1slr        u_dma/g_cvslot[1].sm_reg_bram_7_i_2/O
                         net (fo=4, estimated)        0.453     3.067                         u_dma_n_124
    RAMB36_X6Y106        RAMB36E2                                     r  pb_layer_1slr        g_cvslot[1].sm_reg_bram_7/WEA[2]
  -------------------------------------------------------------------    ----------------------------------------

                         (clock aclk rise edge)       4.000     4.000 r                       
                                                      0.000     4.000 r                       aclk (IN)
                         net (fo=78964, unset)        0.039     4.039                         aclk
    RAMB36_X6Y106        RAMB36E2                                     r  pb_layer_1slr        g_cvslot[1].sm_reg_bram_7/CLKARDCLK
                         clock pessimism              0.000     4.039                           
                         clock uncertainty           -0.035     4.004                           
    RAMB36_X6Y106        RAMB36E2 (Setup_RAMB36E2_RAMB36_CLKARDCLK_WEA[2])
                                                     -0.394     3.610    pb_layer_1slr          g_cvslot[1].sm_reg_bram_7
  -------------------------------------------------------------------
                         required time                          3.610                           
                         arrival time                          -3.067                           
  -------------------------------------------------------------------
                         slack                                  0.543                           

Slack (MET) :             0.543ns  (required time - arrival time)
  Source:                 dma_act_reg/C
                            (rising edge-triggered cell FDRE clocked by aclk  {rise@0.000ns fall@2.000ns period=4.000ns})
  Destination:            g_cvslot[1].sm_reg_bram_7/WEA[2]
                            (rising edge-triggered cell RAMB36E2 clocked by aclk  {rise@0.000ns fall@2.000ns period=4.000ns})
  Path Group:             aclk
  Path Type:              Setup (Max at Slow Process Corner)
  Requirement:            4.000ns  (aclk rise@4.000ns - aclk rise@0.000ns)
  Data Path Delay:        3.037ns  (logic 0.414ns (13.632%)  route 2.623ns (86.368%))
  Logic Levels:           3  (LUT3=1 LUT4=2)
  Clock Path Skew:        0.009ns (DCD - SCD + CPR)
    Destination Clock Delay (DCD):    0.039ns = ( 4.039 - 4.000 ) 
    Source Clock Delay      (SCD):    0.030ns
    Clock Pessimism Removal (CPR):    0.000ns
  Clock Uncertainty:      0.035ns  ((TSJ^2 + TIJ^2)^1/2 + DJ) / 2 + PE
    Total System Jitter     (TSJ):    0.071ns
    Total Input Jitter      (TIJ):    0.000ns
    Discrete Jitter          (DJ):    0.000ns
    Phase Error              (PE):    0.000ns

    Location             Delay type                Incr(ns)  Path(ns)    PBlock               Netlist Resource(s)
  -------------------------------------------------------------------    ----------------------------------------
                         (clock aclk rise edge)       0.000     0.000 r                       
                                                      0.000     0.000 r                       aclk (IN)
                         net (fo=78964, unset)        0.030     0.030                         aclk
    SLICE_X68Y451        FDRE                                         r  pb_layer_1slr        dma_act_reg/C
  -------------------------------------------------------------------    ----------------------------------------
    SLICE_X68Y451        FDRE (Prop_AFF_SLICEM_C_Q)
                                                      0.077     0.107 r  pb_layer_1slr        dma_act_reg/Q
                         net (fo=61, estimated)       0.575     0.682                         u_dma/dma_act
    SLICE_X60Y461        LUT3 (Prop_C5LUT_SLICEM_I0_O)
                                                      0.111     0.793 r  pb_layer_1slr        u_dma/g_cvslot[1].wm_reg_bram_0_i_61/O
                         net (fo=102, estimated)      0.817     1.610                         u_dma/g_cvslot[1].wm_reg_bram_0_i_61_n_0
    SLICE_X83Y472        LUT4 (Prop_C5LUT_SLICEL_I1_O)
                                                      0.158     1.768 f  pb_layer_1slr        u_dma/g_cvslot[1].sm_reg_bram_8_i_3/O
                         net (fo=11, estimated)       0.778     2.546                         u_dma/g_cvslot[1].swa[10]
    SLICE_X86Y520        LUT4 (Prop_C5LUT_SLICEL_I3_O)
                                                      0.068     2.614 f  pb_layer_1slr        u_dma/g_cvslot[1].sm_reg_bram_7_i_2/O
                         net (fo=4, estimated)        0.453     3.067                         u_dma_n_124
    RAMB36_X6Y106        RAMB36E2                                     f  pb_layer_1slr        g_cvslot[1].sm_reg_bram_7/WEA[2]
  -------------------------------------------------------------------    ----------------------------------------

                         (clock aclk rise edge)       4.000     4.000 r                       
                                                      0.000     4.000 r                       aclk (IN)
                         net (fo=78964, unset)        0.039     4.039                         aclk
    RAMB36_X6Y106        RAMB36E2                                     r  pb_layer_1slr        g_cvslot[1].sm_reg_bram_7/CLKARDCLK
                         clock pessimism              0.000     4.039                           
                         clock uncertainty           -0.035     4.004                           
    RAMB36_X6Y106        RAMB36E2 (Setup_RAMB36E2_RAMB36_CLKARDCLK_WEA[2])
                                                     -0.394     3.610    pb_layer_1slr          g_cvslot[1].sm_reg_bram_7
  -------------------------------------------------------------------
                         required time                          3.610                           
                         arrival time                          -3.067                           
  -------------------------------------------------------------------
                         slack                                  0.543                           

Slack (MET) :             0.543ns  (required time - arrival time)
  Source:                 dma_act_reg/C
                            (rising edge-triggered cell FDRE clocked by aclk  {rise@0.000ns fall@2.000ns period=4.000ns})
  Destination:            g_cvslot[1].sm_reg_bram_7/WEA[2]
                            (rising edge-triggered cell RAMB36E2 clocked by aclk  {rise@0.000ns fall@2.000ns period=4.000ns})
  Path Group:             aclk
  Path Type:              Setup (Max at Slow Process Corner)
  Requirement:            4.000ns  (aclk rise@4.000ns - aclk rise@0.000ns)
  Data Path Delay:        3.037ns  (logic 0.414ns (13.632%)  route 2.623ns (86.368%))
  Logic Levels:           3  (LUT3=1 LUT4=2)
  Clock Path Skew:        0.009ns (DCD - SCD + CPR)
    Destination Clock Delay (DCD):    0.039ns = ( 4.039 - 4.000 ) 
    Source Clock Delay      (SCD):    0.030ns
    Clock Pessimism Removal (CPR):    0.000ns
  Clock Uncertainty:      0.035ns  ((TSJ^2 + TIJ^2)^1/2 + DJ) / 2 + PE
    Total System Jitter     (TSJ):    0.071ns
    Total Input Jitter      (TIJ):    0.000ns
    Discrete Jitter          (DJ):    0.000ns
    Phase Error              (PE):    0.000ns

    Location             Delay type                Incr(ns)  Path(ns)    PBlock               Netlist Resource(s)
  -------------------------------------------------------------------    ----------------------------------------
                         (clock aclk rise edge)       0.000     0.000 r                       
                                                      0.000     0.000 r                       aclk (IN)
                         net (fo=78964, unset)        0.030     0.030                         aclk
    SLICE_X68Y451        FDRE                                         r  pb_layer_1slr        dma_act_reg/C
  -------------------------------------------------------------------    ----------------------------------------
    SLICE_X68Y451        FDRE (Prop_AFF_SLICEM_C_Q)
                                                      0.077     0.107 f  pb_layer_1slr        dma_act_reg/Q
                         net (fo=61, estimated)       0.575     0.682                         u_dma/dma_act
    SLICE_X60Y461        LUT3 (Prop_C5LUT_SLICEM_I0_O)
                                                      0.111     0.793 f  pb_layer_1slr        u_dma/g_cvslot[1].wm_reg_bram_0_i_61/O
                         net (fo=102, estimated)      0.817     1.610                         u_dma/g_cvslot[1].wm_reg_bram_0_i_61_n_0
    SLICE_X83Y472        LUT4 (Prop_C5LUT_SLICEL_I1_O)
                                                      0.158     1.768 f  pb_layer_1slr        u_dma/g_cvslot[1].sm_reg_bram_8_i_3/O
                         net (fo=11, estimated)       0.778     2.546                         u_dma/g_cvslot[1].swa[10]
    SLICE_X86Y520        LUT4 (Prop_C5LUT_SLICEL_I3_O)
                                                      0.068     2.614 f  pb_layer_1slr        u_dma/g_cvslot[1].sm_reg_bram_7_i_2/O
                         net (fo=4, estimated)        0.453     3.067                         u_dma_n_124
    RAMB36_X6Y106        RAMB36E2                                     f  pb_layer_1slr        g_cvslot[1].sm_reg_bram_7/WEA[2]
  -------------------------------------------------------------------    ----------------------------------------

                         (clock aclk rise edge)       4.000     4.000 r                       
                                                      0.000     4.000 r                       aclk (IN)
                         net (fo=78964, unset)        0.039     4.039                         aclk
    RAMB36_X6Y106        RAMB36E2                                     r  pb_layer_1slr        g_cvslot[1].sm_reg_bram_7/CLKARDCLK
                         clock pessimism              0.000     4.039                           
                         clock uncertainty           -0.035     4.004                           
    RAMB36_X6Y106        RAMB36E2 (Setup_RAMB36E2_RAMB36_CLKARDCLK_WEA[2])
                                                     -0.394     3.610    pb_layer_1slr          g_cvslot[1].sm_reg_bram_7
  -------------------------------------------------------------------
                         required time                          3.610                           
                         arrival time                          -3.067                           
  -------------------------------------------------------------------
                         slack                                  0.543                           

Slack (MET) :             0.558ns  (required time - arrival time)
  Source:                 dma_act_reg/C
                            (rising edge-triggered cell FDRE clocked by aclk  {rise@0.000ns fall@2.000ns period=4.000ns})
  Destination:            g_cvslot[1].sm_reg_bram_7/ENARDEN
                            (rising edge-triggered cell RAMB36E2 clocked by aclk  {rise@0.000ns fall@2.000ns period=4.000ns})
  Path Group:             aclk
  Path Type:              Setup (Max at Slow Process Corner)
  Requirement:            4.000ns  (aclk rise@4.000ns - aclk rise@0.000ns)
  Data Path Delay:        3.074ns  (logic 0.455ns (14.802%)  route 2.619ns (85.198%))
  Logic Levels:           3  (LUT3=1 LUT4=2)
  Clock Path Skew:        0.009ns (DCD - SCD + CPR)
    Destination Clock Delay (DCD):    0.039ns = ( 4.039 - 4.000 ) 
    Source Clock Delay      (SCD):    0.030ns
    Clock Pessimism Removal (CPR):    0.000ns
  Clock Uncertainty:      0.035ns  ((TSJ^2 + TIJ^2)^1/2 + DJ) / 2 + PE
    Total System Jitter     (TSJ):    0.071ns
    Total Input Jitter      (TIJ):    0.000ns
    Discrete Jitter          (DJ):    0.000ns
    Phase Error              (PE):    0.000ns

    Location             Delay type                Incr(ns)  Path(ns)    PBlock               Netlist Resource(s)
  -------------------------------------------------------------------    ----------------------------------------
                         (clock aclk rise edge)       0.000     0.000 r                       
                                                      0.000     0.000 r                       aclk (IN)
                         net (fo=78964, unset)        0.030     0.030                         aclk
    SLICE_X68Y451        FDRE                                         r  pb_layer_1slr        dma_act_reg/C
  -------------------------------------------------------------------    ----------------------------------------
    SLICE_X68Y451        FDRE (Prop_AFF_SLICEM_C_Q)
                                                      0.077     0.107 r  pb_layer_1slr        dma_act_reg/Q
                         net (fo=61, estimated)       0.575     0.682                         u_dma/dma_act
    SLICE_X60Y461        LUT3 (Prop_C5LUT_SLICEM_I0_O)
                                                      0.111     0.793 r  pb_layer_1slr        u_dma/g_cvslot[1].wm_reg_bram_0_i_61/O
                         net (fo=102, estimated)      0.716     1.509                         u_dma/g_cvslot[1].wm_reg_bram_0_i_61_n_0
    SLICE_X82Y472        LUT4 (Prop_D5LUT_SLICEL_I1_O)
                                                      0.157     1.666 r  pb_layer_1slr        u_dma/g_cvslot[1].sm_reg_bram_8_i_2/O
                         net (fo=11, estimated)       0.821     2.487                         u_dma/g_cvslot[1].swa[11]
    SLICE_X86Y520        LUT4 (Prop_C5LUT_SLICEL_I1_O)
                                                      0.110     2.597 r  pb_layer_1slr        u_dma/g_cvslot[1].sm_reg_bram_7_i_2/O
                         net (fo=4, estimated)        0.507     3.104                         u_dma_n_124
    RAMB36_X6Y106        RAMB36E2                                     r  pb_layer_1slr        g_cvslot[1].sm_reg_bram_7/ENARDEN
  -------------------------------------------------------------------    ----------------------------------------

                         (clock aclk rise edge)       4.000     4.000 r                       
                                                      0.000     4.000 r                       aclk (IN)
                         net (fo=78964, unset)        0.039     4.039                         aclk
    RAMB36_X6Y106        RAMB36E2                                     r  pb_layer_1slr        g_cvslot[1].sm_reg_bram_7/CLKARDCLK
                         clock pessimism              0.000     4.039                           
                         clock uncertainty           -0.035     4.004                           
    RAMB36_X6Y106        RAMB36E2 (Setup_RAMB36E2_RAMB36_CLKARDCLK_ENARDEN)
                                                     -0.342     3.662    pb_layer_1slr          g_cvslot[1].sm_reg_bram_7
  -------------------------------------------------------------------
                         required time                          3.662                           
                         arrival time                          -3.104                           
  -------------------------------------------------------------------
                         slack                                  0.558                           

Slack (MET) :             0.558ns  (required time - arrival time)
  Source:                 dma_act_reg/C
                            (rising edge-triggered cell FDRE clocked by aclk  {rise@0.000ns fall@2.000ns period=4.000ns})
  Destination:            g_cvslot[1].sm_reg_bram_7/ENARDEN
                            (rising edge-triggered cell RAMB36E2 clocked by aclk  {rise@0.000ns fall@2.000ns period=4.000ns})
  Path Group:             aclk
  Path Type:              Setup (Max at Slow Process Corner)
  Requirement:            4.000ns  (aclk rise@4.000ns - aclk rise@0.000ns)
  Data Path Delay:        3.074ns  (logic 0.455ns (14.802%)  route 2.619ns (85.198%))
  Logic Levels:           3  (LUT3=1 LUT4=2)
  Clock Path Skew:        0.009ns (DCD - SCD + CPR)
    Destination Clock Delay (DCD):    0.039ns = ( 4.039 - 4.000 ) 
    Source Clock Delay      (SCD):    0.030ns
    Clock Pessimism Removal (CPR):    0.000ns
  Clock Uncertainty:      0.035ns  ((TSJ^2 + TIJ^2)^1/2 + DJ) / 2 + PE
    Total System Jitter     (TSJ):    0.071ns
    Total Input Jitter      (TIJ):    0.000ns
    Discrete Jitter          (DJ):    0.000ns
    Phase Error              (PE):    0.000ns

    Location             Delay type                Incr(ns)  Path(ns)    PBlock               Netlist Resource(s)
  -------------------------------------------------------------------    ----------------------------------------
                         (clock aclk rise edge)       0.000     0.000 r                       
                                                      0.000     0.000 r                       aclk (IN)
                         net (fo=78964, unset)        0.030     0.030                         aclk
    SLICE_X68Y451        FDRE                                         r  pb_layer_1slr        dma_act_reg/C
  -------------------------------------------------------------------    ----------------------------------------
    SLICE_X68Y451        FDRE (Prop_AFF_SLICEM_C_Q)
                                                      0.077     0.107 f  pb_layer_1slr        dma_act_reg/Q
                         net (fo=61, estimated)       0.575     0.682                         u_dma/dma_act
    SLICE_X60Y461        LUT3 (Prop_C5LUT_SLICEM_I0_O)
                                                      0.111     0.793 f  pb_layer_1slr        u_dma/g_cvslot[1].wm_reg_bram_0_i_61/O
                         net (fo=102, estimated)      0.716     1.509                         u_dma/g_cvslot[1].wm_reg_bram_0_i_61_n_0
    SLICE_X82Y472        LUT4 (Prop_D5LUT_SLICEL_I1_O)
                                                      0.157     1.666 r  pb_layer_1slr        u_dma/g_cvslot[1].sm_reg_bram_8_i_2/O
                         net (fo=11, estimated)       0.821     2.487                         u_dma/g_cvslot[1].swa[11]
    SLICE_X86Y520        LUT4 (Prop_C5LUT_SLICEL_I1_O)
                                                      0.110     2.597 r  pb_layer_1slr        u_dma/g_cvslot[1].sm_reg_bram_7_i_2/O
                         net (fo=4, estimated)        0.507     3.104                         u_dma_n_124
    RAMB36_X6Y106        RAMB36E2                                     r  pb_layer_1slr        g_cvslot[1].sm_reg_bram_7/ENARDEN
  -------------------------------------------------------------------    ----------------------------------------

                         (clock aclk rise edge)       4.000     4.000 r                       
                                                      0.000     4.000 r                       aclk (IN)
                         net (fo=78964, unset)        0.039     4.039                         aclk
    RAMB36_X6Y106        RAMB36E2                                     r  pb_layer_1slr        g_cvslot[1].sm_reg_bram_7/CLKARDCLK
                         clock pessimism              0.000     4.039                           
                         clock uncertainty           -0.035     4.004                           
    RAMB36_X6Y106        RAMB36E2 (Setup_RAMB36E2_RAMB36_CLKARDCLK_ENARDEN)
                                                     -0.342     3.662    pb_layer_1slr          g_cvslot[1].sm_reg_bram_7
  -------------------------------------------------------------------
                         required time                          3.662                           
                         arrival time                          -3.104                           
  -------------------------------------------------------------------
                         slack                                  0.558                           

Slack (MET) :             0.558ns  (required time - arrival time)
  Source:                 dma_act_reg/C
                            (rising edge-triggered cell FDRE clocked by aclk  {rise@0.000ns fall@2.000ns period=4.000ns})
  Destination:            g_cvslot[1].sm_reg_bram_7/ENARDEN
                            (rising edge-triggered cell RAMB36E2 clocked by aclk  {rise@0.000ns fall@2.000ns period=4.000ns})
  Path Group:             aclk
  Path Type:              Setup (Max at Slow Process Corner)
  Requirement:            4.000ns  (aclk rise@4.000ns - aclk rise@0.000ns)
  Data Path Delay:        3.074ns  (logic 0.455ns (14.802%)  route 2.619ns (85.198%))
  Logic Levels:           3  (LUT3=1 LUT4=2)
  Clock Path Skew:        0.009ns (DCD - SCD + CPR)
    Destination Clock Delay (DCD):    0.039ns = ( 4.039 - 4.000 ) 
    Source Clock Delay      (SCD):    0.030ns
    Clock Pessimism Removal (CPR):    0.000ns
  Clock Uncertainty:      0.035ns  ((TSJ^2 + TIJ^2)^1/2 + DJ) / 2 + PE
    Total System Jitter     (TSJ):    0.071ns
    Total Input Jitter      (TIJ):    0.000ns
    Discrete Jitter          (DJ):    0.000ns
    Phase Error              (PE):    0.000ns

    Location             Delay type                Incr(ns)  Path(ns)    PBlock               Netlist Resource(s)
  -------------------------------------------------------------------    ----------------------------------------
                         (clock aclk rise edge)       0.000     0.000 r                       
                                                      0.000     0.000 r                       aclk (IN)
                         net (fo=78964, unset)        0.030     0.030                         aclk
    SLICE_X68Y451        FDRE                                         r  pb_layer_1slr        dma_act_reg/C
  -------------------------------------------------------------------    ----------------------------------------
    SLICE_X68Y451        FDRE (Prop_AFF_SLICEM_C_Q)
                                                      0.077     0.107 r  pb_layer_1slr        dma_act_reg/Q
                         net (fo=61, estimated)       0.575     0.682                         u_dma/dma_act
    SLICE_X60Y461        LUT3 (Prop_C5LUT_SLICEM_I0_O)
                                                      0.111     0.793 r  pb_layer_1slr        u_dma/g_cvslot[1].wm_reg_bram_0_i_61/O
                         net (fo=102, estimated)      0.716     1.509                         u_dma/g_cvslot[1].wm_reg_bram_0_i_61_n_0
    SLICE_X82Y472        LUT4 (Prop_D5LUT_SLICEL_I1_O)
                                                      0.157     1.666 f  pb_layer_1slr        u_dma/g_cvslot[1].sm_reg_bram_8_i_2/O
                         net (fo=11, estimated)       0.821     2.487                         u_dma/g_cvslot[1].swa[11]
    SLICE_X86Y520        LUT4 (Prop_C5LUT_SLICEL_I1_O)
                                                      0.110     2.597 f  pb_layer_1slr        u_dma/g_cvslot[1].sm_reg_bram_7_i_2/O
                         net (fo=4, estimated)        0.507     3.104                         u_dma_n_124
    RAMB36_X6Y106        RAMB36E2                                     f  pb_layer_1slr        g_cvslot[1].sm_reg_bram_7/ENARDEN
  -------------------------------------------------------------------    ----------------------------------------

                         (clock aclk rise edge)       4.000     4.000 r                       
                                                      0.000     4.000 r                       aclk (IN)
                         net (fo=78964, unset)        0.039     4.039                         aclk
    RAMB36_X6Y106        RAMB36E2                                     r  pb_layer_1slr        g_cvslot[1].sm_reg_bram_7/CLKARDCLK
                         clock pessimism              0.000     4.039                           
                         clock uncertainty           -0.035     4.004                           
    RAMB36_X6Y106        RAMB36E2 (Setup_RAMB36E2_RAMB36_CLKARDCLK_ENARDEN)
                                                     -0.342     3.662    pb_layer_1slr          g_cvslot[1].sm_reg_bram_7
  -------------------------------------------------------------------
                         required time                          3.662                           
                         arrival time                          -3.104                           
  -------------------------------------------------------------------
                         slack                                  0.558                           

Slack (MET) :             0.558ns  (required time - arrival time)
  Source:                 dma_act_reg/C
                            (rising edge-triggered cell FDRE clocked by aclk  {rise@0.000ns fall@2.000ns period=4.000ns})
  Destination:            g_cvslot[1].sm_reg_bram_7/ENARDEN
                            (rising edge-triggered cell RAMB36E2 clocked by aclk  {rise@0.000ns fall@2.000ns period=4.000ns})
  Path Group:             aclk
  Path Type:              Setup (Max at Slow Process Corner)
  Requirement:            4.000ns  (aclk rise@4.000ns - aclk rise@0.000ns)
  Data Path Delay:        3.074ns  (logic 0.455ns (14.802%)  route 2.619ns (85.198%))
  Logic Levels:           3  (LUT3=1 LUT4=2)
  Clock Path Skew:        0.009ns (DCD - SCD + CPR)
    Destination Clock Delay (DCD):    0.039ns = ( 4.039 - 4.000 ) 
    Source Clock Delay      (SCD):    0.030ns
    Clock Pessimism Removal (CPR):    0.000ns
  Clock Uncertainty:      0.035ns  ((TSJ^2 + TIJ^2)^1/2 + DJ) / 2 + PE
    Total System Jitter     (TSJ):    0.071ns
    Total Input Jitter      (TIJ):    0.000ns
    Discrete Jitter          (DJ):    0.000ns
    Phase Error              (PE):    0.000ns

    Location             Delay type                Incr(ns)  Path(ns)    PBlock               Netlist Resource(s)
  -------------------------------------------------------------------    ----------------------------------------
                         (clock aclk rise edge)       0.000     0.000 r                       
                                                      0.000     0.000 r                       aclk (IN)
                         net (fo=78964, unset)        0.030     0.030                         aclk
    SLICE_X68Y451        FDRE                                         r  pb_layer_1slr        dma_act_reg/C
  -------------------------------------------------------------------    ----------------------------------------
    SLICE_X68Y451        FDRE (Prop_AFF_SLICEM_C_Q)
                                                      0.077     0.107 f  pb_layer_1slr        dma_act_reg/Q
                         net (fo=61, estimated)       0.575     0.682                         u_dma/dma_act
    SLICE_X60Y461        LUT3 (Prop_C5LUT_SLICEM_I0_O)
                                                      0.111     0.793 f  pb_layer_1slr        u_dma/g_cvslot[1].wm_reg_bram_0_i_61/O
                         net (fo=102, estimated)      0.716     1.509                         u_dma/g_cvslot[1].wm_reg_bram_0_i_61_n_0
    SLICE_X82Y472        LUT4 (Prop_D5LUT_SLICEL_I1_O)
                                                      0.157     1.666 f  pb_layer_1slr        u_dma/g_cvslot[1].sm_reg_bram_8_i_2/O
                         net (fo=11, estimated)       0.821     2.487                         u_dma/g_cvslot[1].swa[11]
    SLICE_X86Y520        LUT4 (Prop_C5LUT_SLICEL_I1_O)
                                                      0.110     2.597 f  pb_layer_1slr        u_dma/g_cvslot[1].sm_reg_bram_7_i_2/O
                         net (fo=4, estimated)        0.507     3.104                         u_dma_n_124
    RAMB36_X6Y106        RAMB36E2                                     f  pb_layer_1slr        g_cvslot[1].sm_reg_bram_7/ENARDEN
  -------------------------------------------------------------------    ----------------------------------------

                         (clock aclk rise edge)       4.000     4.000 r                       
                                                      0.000     4.000 r                       aclk (IN)
                         net (fo=78964, unset)        0.039     4.039                         aclk
    RAMB36_X6Y106        RAMB36E2                                     r  pb_layer_1slr        g_cvslot[1].sm_reg_bram_7/CLKARDCLK
                         clock pessimism              0.000     4.039                           
                         clock uncertainty           -0.035     4.004                           
    RAMB36_X6Y106        RAMB36E2 (Setup_RAMB36E2_RAMB36_CLKARDCLK_ENARDEN)
                                                     -0.342     3.662    pb_layer_1slr          g_cvslot[1].sm_reg_bram_7
  -------------------------------------------------------------------
                         required time                          3.662                           
                         arrival time                          -3.104                           
  -------------------------------------------------------------------
                         slack                                  0.558                           

Slack (MET) :             0.560ns  (required time - arrival time)
  Source:                 dma_act_reg/C
                            (rising edge-triggered cell FDRE clocked by aclk  {rise@0.000ns fall@2.000ns period=4.000ns})
  Destination:            g_cvslot[1].sm_reg_bram_7/WEA[2]
                            (rising edge-triggered cell RAMB36E2 clocked by aclk  {rise@0.000ns fall@2.000ns period=4.000ns})
  Path Group:             aclk
  Path Type:              Setup (Max at Slow Process Corner)
  Requirement:            4.000ns  (aclk rise@4.000ns - aclk rise@0.000ns)
  Data Path Delay:        3.020ns  (logic 0.455ns (15.066%)  route 2.565ns (84.934%))
  Logic Levels:           3  (LUT3=1 LUT4=2)
  Clock Path Skew:        0.009ns (DCD - SCD + CPR)
    Destination Clock Delay (DCD):    0.039ns = ( 4.039 - 4.000 ) 
    Source Clock Delay      (SCD):    0.030ns
    Clock Pessimism Removal (CPR):    0.000ns
  Clock Uncertainty:      0.035ns  ((TSJ^2 + TIJ^2)^1/2 + DJ) / 2 + PE
    Total System Jitter     (TSJ):    0.071ns
    Total Input Jitter      (TIJ):    0.000ns
    Discrete Jitter          (DJ):    0.000ns
    Phase Error              (PE):    0.000ns

    Location             Delay type                Incr(ns)  Path(ns)    PBlock               Netlist Resource(s)
  -------------------------------------------------------------------    ----------------------------------------
                         (clock aclk rise edge)       0.000     0.000 r                       
                                                      0.000     0.000 r                       aclk (IN)
                         net (fo=78964, unset)        0.030     0.030                         aclk
    SLICE_X68Y451        FDRE                                         r  pb_layer_1slr        dma_act_reg/C
  -------------------------------------------------------------------    ----------------------------------------
    SLICE_X68Y451        FDRE (Prop_AFF_SLICEM_C_Q)
                                                      0.077     0.107 r  pb_layer_1slr        dma_act_reg/Q
                         net (fo=61, estimated)       0.575     0.682                         u_dma/dma_act
    SLICE_X60Y461        LUT3 (Prop_C5LUT_SLICEM_I0_O)
                                                      0.111     0.793 r  pb_layer_1slr        u_dma/g_cvslot[1].wm_reg_bram_0_i_61/O
                         net (fo=102, estimated)      0.716     1.509                         u_dma/g_cvslot[1].wm_reg_bram_0_i_61_n_0
    SLICE_X82Y472        LUT4 (Prop_D5LUT_SLICEL_I1_O)
                                                      0.157     1.666 r  pb_layer_1slr        u_dma/g_cvslot[1].sm_reg_bram_8_i_2/O
                         net (fo=11, estimated)       0.821     2.487                         u_dma/g_cvslot[1].swa[11]
    SLICE_X86Y520        LUT4 (Prop_C5LUT_SLICEL_I1_O)
                                                      0.110     2.597 r  pb_layer_1slr        u_dma/g_cvslot[1].sm_reg_bram_7_i_2/O
                         net (fo=4, estimated)        0.453     3.050                         u_dma_n_124
    RAMB36_X6Y106        RAMB36E2                                     r  pb_layer_1slr        g_cvslot[1].sm_reg_bram_7/WEA[2]
  -------------------------------------------------------------------    ----------------------------------------

                         (clock aclk rise edge)       4.000     4.000 r                       
                                                      0.000     4.000 r                       aclk (IN)
                         net (fo=78964, unset)        0.039     4.039                         aclk
    RAMB36_X6Y106        RAMB36E2                                     r  pb_layer_1slr        g_cvslot[1].sm_reg_bram_7/CLKARDCLK
                         clock pessimism              0.000     4.039                           
                         clock uncertainty           -0.035     4.004                           
    RAMB36_X6Y106        RAMB36E2 (Setup_RAMB36E2_RAMB36_CLKARDCLK_WEA[2])
                                                     -0.394     3.610    pb_layer_1slr          g_cvslot[1].sm_reg_bram_7
  -------------------------------------------------------------------
                         required time                          3.610                           
                         arrival time                          -3.050                           
  -------------------------------------------------------------------
                         slack                                  0.560                           

Slack (MET) :             0.560ns  (required time - arrival time)
  Source:                 dma_act_reg/C
                            (rising edge-triggered cell FDRE clocked by aclk  {rise@0.000ns fall@2.000ns period=4.000ns})
  Destination:            g_cvslot[1].sm_reg_bram_7/WEA[2]
                            (rising edge-triggered cell RAMB36E2 clocked by aclk  {rise@0.000ns fall@2.000ns period=4.000ns})
  Path Group:             aclk
  Path Type:              Setup (Max at Slow Process Corner)
  Requirement:            4.000ns  (aclk rise@4.000ns - aclk rise@0.000ns)
  Data Path Delay:        3.020ns  (logic 0.455ns (15.066%)  route 2.565ns (84.934%))
  Logic Levels:           3  (LUT3=1 LUT4=2)
  Clock Path Skew:        0.009ns (DCD - SCD + CPR)
    Destination Clock Delay (DCD):    0.039ns = ( 4.039 - 4.000 ) 
    Source Clock Delay      (SCD):    0.030ns
    Clock Pessimism Removal (CPR):    0.000ns
  Clock Uncertainty:      0.035ns  ((TSJ^2 + TIJ^2)^1/2 + DJ) / 2 + PE
    Total System Jitter     (TSJ):    0.071ns
    Total Input Jitter      (TIJ):    0.000ns
    Discrete Jitter          (DJ):    0.000ns
    Phase Error              (PE):    0.000ns

    Location             Delay type                Incr(ns)  Path(ns)    PBlock               Netlist Resource(s)
  -------------------------------------------------------------------    ----------------------------------------
                         (clock aclk rise edge)       0.000     0.000 r                       
                                                      0.000     0.000 r                       aclk (IN)
                         net (fo=78964, unset)        0.030     0.030                         aclk
    SLICE_X68Y451        FDRE                                         r  pb_layer_1slr        dma_act_reg/C
  -------------------------------------------------------------------    ----------------------------------------
    SLICE_X68Y451        FDRE (Prop_AFF_SLICEM_C_Q)
                                                      0.077     0.107 f  pb_layer_1slr        dma_act_reg/Q
                         net (fo=61, estimated)       0.575     0.682                         u_dma/dma_act
    SLICE_X60Y461        LUT3 (Prop_C5LUT_SLICEM_I0_O)
                                                      0.111     0.793 f  pb_layer_1slr        u_dma/g_cvslot[1].wm_reg_bram_0_i_61/O
                         net (fo=102, estimated)      0.716     1.509                         u_dma/g_cvslot[1].wm_reg_bram_0_i_61_n_0
    SLICE_X82Y472        LUT4 (Prop_D5LUT_SLICEL_I1_O)
                                                      0.157     1.666 r  pb_layer_1slr        u_dma/g_cvslot[1].sm_reg_bram_8_i_2/O
                         net (fo=11, estimated)       0.821     2.487                         u_dma/g_cvslot[1].swa[11]
    SLICE_X86Y520        LUT4 (Prop_C5LUT_SLICEL_I1_O)
                                                      0.110     2.597 r  pb_layer_1slr        u_dma/g_cvslot[1].sm_reg_bram_7_i_2/O
                         net (fo=4, estimated)        0.453     3.050                         u_dma_n_124
    RAMB36_X6Y106        RAMB36E2                                     r  pb_layer_1slr        g_cvslot[1].sm_reg_bram_7/WEA[2]
  -------------------------------------------------------------------    ----------------------------------------

                         (clock aclk rise edge)       4.000     4.000 r                       
                                                      0.000     4.000 r                       aclk (IN)
                         net (fo=78964, unset)        0.039     4.039                         aclk
    RAMB36_X6Y106        RAMB36E2                                     r  pb_layer_1slr        g_cvslot[1].sm_reg_bram_7/CLKARDCLK
                         clock pessimism              0.000     4.039                           
                         clock uncertainty           -0.035     4.004                           
    RAMB36_X6Y106        RAMB36E2 (Setup_RAMB36E2_RAMB36_CLKARDCLK_WEA[2])
                                                     -0.394     3.610    pb_layer_1slr          g_cvslot[1].sm_reg_bram_7
  -------------------------------------------------------------------
                         required time                          3.610                           
                         arrival time                          -3.050                           
  -------------------------------------------------------------------
                         slack                                  0.560                           

Slack (MET) :             0.560ns  (required time - arrival time)
  Source:                 dma_act_reg/C
                            (rising edge-triggered cell FDRE clocked by aclk  {rise@0.000ns fall@2.000ns period=4.000ns})
  Destination:            g_cvslot[1].sm_reg_bram_7/WEA[2]
                            (rising edge-triggered cell RAMB36E2 clocked by aclk  {rise@0.000ns fall@2.000ns period=4.000ns})
  Path Group:             aclk
  Path Type:              Setup (Max at Slow Process Corner)
  Requirement:            4.000ns  (aclk rise@4.000ns - aclk rise@0.000ns)
  Data Path Delay:        3.020ns  (logic 0.455ns (15.066%)  route 2.565ns (84.934%))
  Logic Levels:           3  (LUT3=1 LUT4=2)
  Clock Path Skew:        0.009ns (DCD - SCD + CPR)
    Destination Clock Delay (DCD):    0.039ns = ( 4.039 - 4.000 ) 
    Source Clock Delay      (SCD):    0.030ns
    Clock Pessimism Removal (CPR):    0.000ns
  Clock Uncertainty:      0.035ns  ((TSJ^2 + TIJ^2)^1/2 + DJ) / 2 + PE
    Total System Jitter     (TSJ):    0.071ns
    Total Input Jitter      (TIJ):    0.000ns
    Discrete Jitter          (DJ):    0.000ns
    Phase Error              (PE):    0.000ns

    Location             Delay type                Incr(ns)  Path(ns)    PBlock               Netlist Resource(s)
  -------------------------------------------------------------------    ----------------------------------------
                         (clock aclk rise edge)       0.000     0.000 r                       
                                                      0.000     0.000 r                       aclk (IN)
                         net (fo=78964, unset)        0.030     0.030                         aclk
    SLICE_X68Y451        FDRE                                         r  pb_layer_1slr        dma_act_reg/C
  -------------------------------------------------------------------    ----------------------------------------
    SLICE_X68Y451        FDRE (Prop_AFF_SLICEM_C_Q)
                                                      0.077     0.107 r  pb_layer_1slr        dma_act_reg/Q
                         net (fo=61, estimated)       0.575     0.682                         u_dma/dma_act
    SLICE_X60Y461        LUT3 (Prop_C5LUT_SLICEM_I0_O)
                                                      0.111     0.793 r  pb_layer_1slr        u_dma/g_cvslot[1].wm_reg_bram_0_i_61/O
                         net (fo=102, estimated)      0.716     1.509                         u_dma/g_cvslot[1].wm_reg_bram_0_i_61_n_0
    SLICE_X82Y472        LUT4 (Prop_D5LUT_SLICEL_I1_O)
                                                      0.157     1.666 f  pb_layer_1slr        u_dma/g_cvslot[1].sm_reg_bram_8_i_2/O
                         net (fo=11, estimated)       0.821     2.487                         u_dma/g_cvslot[1].swa[11]
    SLICE_X86Y520        LUT4 (Prop_C5LUT_SLICEL_I1_O)
                                                      0.110     2.597 f  pb_layer_1slr        u_dma/g_cvslot[1].sm_reg_bram_7_i_2/O
                         net (fo=4, estimated)        0.453     3.050                         u_dma_n_124
    RAMB36_X6Y106        RAMB36E2                                     f  pb_layer_1slr        g_cvslot[1].sm_reg_bram_7/WEA[2]
  -------------------------------------------------------------------    ----------------------------------------

                         (clock aclk rise edge)       4.000     4.000 r                       
                                                      0.000     4.000 r                       aclk (IN)
                         net (fo=78964, unset)        0.039     4.039                         aclk
    RAMB36_X6Y106        RAMB36E2                                     r  pb_layer_1slr        g_cvslot[1].sm_reg_bram_7/CLKARDCLK
                         clock pessimism              0.000     4.039                           
                         clock uncertainty           -0.035     4.004                           
    RAMB36_X6Y106        RAMB36E2 (Setup_RAMB36E2_RAMB36_CLKARDCLK_WEA[2])
                                                     -0.394     3.610    pb_layer_1slr          g_cvslot[1].sm_reg_bram_7
  -------------------------------------------------------------------
                         required time                          3.610                           
                         arrival time                          -3.050                           
  -------------------------------------------------------------------
                         slack                                  0.560                           

Slack (MET) :             0.560ns  (required time - arrival time)
  Source:                 dma_act_reg/C
                            (rising edge-triggered cell FDRE clocked by aclk  {rise@0.000ns fall@2.000ns period=4.000ns})
  Destination:            g_cvslot[1].sm_reg_bram_7/WEA[2]
                            (rising edge-triggered cell RAMB36E2 clocked by aclk  {rise@0.000ns fall@2.000ns period=4.000ns})
  Path Group:             aclk
  Path Type:              Setup (Max at Slow Process Corner)
  Requirement:            4.000ns  (aclk rise@4.000ns - aclk rise@0.000ns)
  Data Path Delay:        3.020ns  (logic 0.455ns (15.066%)  route 2.565ns (84.934%))
  Logic Levels:           3  (LUT3=1 LUT4=2)
  Clock Path Skew:        0.009ns (DCD - SCD + CPR)
    Destination Clock Delay (DCD):    0.039ns = ( 4.039 - 4.000 ) 
    Source Clock Delay      (SCD):    0.030ns
    Clock Pessimism Removal (CPR):    0.000ns
  Clock Uncertainty:      0.035ns  ((TSJ^2 + TIJ^2)^1/2 + DJ) / 2 + PE
    Total System Jitter     (TSJ):    0.071ns
    Total Input Jitter      (TIJ):    0.000ns
    Discrete Jitter          (DJ):    0.000ns
    Phase Error              (PE):    0.000ns

    Location             Delay type                Incr(ns)  Path(ns)    PBlock               Netlist Resource(s)
  -------------------------------------------------------------------    ----------------------------------------
                         (clock aclk rise edge)       0.000     0.000 r                       
                                                      0.000     0.000 r                       aclk (IN)
                         net (fo=78964, unset)        0.030     0.030                         aclk
    SLICE_X68Y451        FDRE                                         r  pb_layer_1slr        dma_act_reg/C
  -------------------------------------------------------------------    ----------------------------------------
    SLICE_X68Y451        FDRE (Prop_AFF_SLICEM_C_Q)
                                                      0.077     0.107 f  pb_layer_1slr        dma_act_reg/Q
                         net (fo=61, estimated)       0.575     0.682                         u_dma/dma_act
    SLICE_X60Y461        LUT3 (Prop_C5LUT_SLICEM_I0_O)
                                                      0.111     0.793 f  pb_layer_1slr        u_dma/g_cvslot[1].wm_reg_bram_0_i_61/O
                         net (fo=102, estimated)      0.716     1.509                         u_dma/g_cvslot[1].wm_reg_bram_0_i_61_n_0
    SLICE_X82Y472        LUT4 (Prop_D5LUT_SLICEL_I1_O)
                                                      0.157     1.666 f  pb_layer_1slr        u_dma/g_cvslot[1].sm_reg_bram_8_i_2/O
                         net (fo=11, estimated)       0.821     2.487                         u_dma/g_cvslot[1].swa[11]
    SLICE_X86Y520        LUT4 (Prop_C5LUT_SLICEL_I1_O)
                                                      0.110     2.597 f  pb_layer_1slr        u_dma/g_cvslot[1].sm_reg_bram_7_i_2/O
                         net (fo=4, estimated)        0.453     3.050                         u_dma_n_124
    RAMB36_X6Y106        RAMB36E2                                     f  pb_layer_1slr        g_cvslot[1].sm_reg_bram_7/WEA[2]
  -------------------------------------------------------------------    ----------------------------------------

                         (clock aclk rise edge)       4.000     4.000 r                       
                                                      0.000     4.000 r                       aclk (IN)
                         net (fo=78964, unset)        0.039     4.039                         aclk
    RAMB36_X6Y106        RAMB36E2                                     r  pb_layer_1slr        g_cvslot[1].sm_reg_bram_7/CLKARDCLK
                         clock pessimism              0.000     4.039                           
                         clock uncertainty           -0.035     4.004                           
    RAMB36_X6Y106        RAMB36E2 (Setup_RAMB36E2_RAMB36_CLKARDCLK_WEA[2])
                                                     -0.394     3.610    pb_layer_1slr          g_cvslot[1].sm_reg_bram_7
  -------------------------------------------------------------------
                         required time                          3.610                           
                         arrival time                          -3.050                           
  -------------------------------------------------------------------
                         slack                                  0.560                           

Slack (MET) :             0.566ns  (required time - arrival time)
  Source:                 dma_act_reg/C
                            (rising edge-triggered cell FDRE clocked by aclk  {rise@0.000ns fall@2.000ns period=4.000ns})
  Destination:            g_cvslot[1].wm_reg_bram_7/ENARDEN
                            (rising edge-triggered cell RAMB36E2 clocked by aclk  {rise@0.000ns fall@2.000ns period=4.000ns})
  Path Group:             aclk
  Path Type:              Setup (Max at Slow Process Corner)
  Requirement:            4.000ns  (aclk rise@4.000ns - aclk rise@0.000ns)
  Data Path Delay:        3.066ns  (logic 0.353ns (11.513%)  route 2.713ns (88.487%))
  Logic Levels:           3  (LUT3=1 LUT4=2)
  Clock Path Skew:        0.009ns (DCD - SCD + CPR)
    Destination Clock Delay (DCD):    0.039ns = ( 4.039 - 4.000 ) 
    Source Clock Delay      (SCD):    0.030ns
    Clock Pessimism Removal (CPR):    0.000ns
  Clock Uncertainty:      0.035ns  ((TSJ^2 + TIJ^2)^1/2 + DJ) / 2 + PE
    Total System Jitter     (TSJ):    0.071ns
    Total Input Jitter      (TIJ):    0.000ns
    Discrete Jitter          (DJ):    0.000ns
    Phase Error              (PE):    0.000ns

    Location             Delay type                Incr(ns)  Path(ns)    PBlock               Netlist Resource(s)
  -------------------------------------------------------------------    ----------------------------------------
                         (clock aclk rise edge)       0.000     0.000 r                       
                                                      0.000     0.000 r                       aclk (IN)
                         net (fo=78964, unset)        0.030     0.030                         aclk
    SLICE_X68Y451        FDRE                                         r  pb_layer_1slr        dma_act_reg/C
  -------------------------------------------------------------------    ----------------------------------------
    SLICE_X68Y451        FDRE (Prop_AFF_SLICEM_C_Q)
                                                      0.077     0.107 r  pb_layer_1slr        dma_act_reg/Q
                         net (fo=61, estimated)       0.575     0.682                         u_dma/dma_act
    SLICE_X60Y461        LUT3 (Prop_C5LUT_SLICEM_I0_O)
                                                      0.111     0.793 r  pb_layer_1slr        u_dma/g_cvslot[1].wm_reg_bram_0_i_61/O
                         net (fo=102, estimated)      0.803     1.596                         u_dma/g_cvslot[1].wm_reg_bram_0_i_61_n_0
    SLICE_X83Y472        LUT4 (Prop_A5LUT_SLICEL_I1_O)
                                                      0.069     1.665 r  pb_layer_1slr        u_dma/g_cvslot[1].wm_reg_bram_13_i_1/O
                         net (fo=15, estimated)       0.956     2.621                         u_dma/g_cvslot[1].wwa[12]
    SLICE_X106Y497       LUT4 (Prop_D5LUT_SLICEL_I2_O)
                                                      0.096     2.717 r  pb_layer_1slr        u_dma/g_cvslot[1].wm_reg_bram_7_i_4/O
                         net (fo=4, estimated)        0.379     3.096                         u_dma_n_36
    RAMB36_X7Y100        RAMB36E2                                     r  pb_layer_1slr        g_cvslot[1].wm_reg_bram_7/ENARDEN
  -------------------------------------------------------------------    ----------------------------------------

                         (clock aclk rise edge)       4.000     4.000 r                       
                                                      0.000     4.000 r                       aclk (IN)
                         net (fo=78964, unset)        0.039     4.039                         aclk
    RAMB36_X7Y100        RAMB36E2                                     r  pb_layer_1slr        g_cvslot[1].wm_reg_bram_7/CLKARDCLK
                         clock pessimism              0.000     4.039                           
                         clock uncertainty           -0.035     4.004                           
    RAMB36_X7Y100        RAMB36E2 (Setup_RAMB36E2_RAMB36_CLKARDCLK_ENARDEN)
                                                     -0.342     3.662    pb_layer_1slr          g_cvslot[1].wm_reg_bram_7
  -------------------------------------------------------------------
                         required time                          3.662                           
                         arrival time                          -3.096                           
  -------------------------------------------------------------------
                         slack                                  0.566                           

Slack (MET) :             0.566ns  (required time - arrival time)
  Source:                 dma_act_reg/C
                            (rising edge-triggered cell FDRE clocked by aclk  {rise@0.000ns fall@2.000ns period=4.000ns})
  Destination:            g_cvslot[1].wm_reg_bram_7/ENARDEN
                            (rising edge-triggered cell RAMB36E2 clocked by aclk  {rise@0.000ns fall@2.000ns period=4.000ns})
  Path Group:             aclk
  Path Type:              Setup (Max at Slow Process Corner)
  Requirement:            4.000ns  (aclk rise@4.000ns - aclk rise@0.000ns)
  Data Path Delay:        3.066ns  (logic 0.353ns (11.513%)  route 2.713ns (88.487%))
  Logic Levels:           3  (LUT3=1 LUT4=2)
  Clock Path Skew:        0.009ns (DCD - SCD + CPR)
    Destination Clock Delay (DCD):    0.039ns = ( 4.039 - 4.000 ) 
    Source Clock Delay      (SCD):    0.030ns
    Clock Pessimism Removal (CPR):    0.000ns
  Clock Uncertainty:      0.035ns  ((TSJ^2 + TIJ^2)^1/2 + DJ) / 2 + PE
    Total System Jitter     (TSJ):    0.071ns
    Total Input Jitter      (TIJ):    0.000ns
    Discrete Jitter          (DJ):    0.000ns
    Phase Error              (PE):    0.000ns

    Location             Delay type                Incr(ns)  Path(ns)    PBlock               Netlist Resource(s)
  -------------------------------------------------------------------    ----------------------------------------
                         (clock aclk rise edge)       0.000     0.000 r                       
                                                      0.000     0.000 r                       aclk (IN)
                         net (fo=78964, unset)        0.030     0.030                         aclk
    SLICE_X68Y451        FDRE                                         r  pb_layer_1slr        dma_act_reg/C
  -------------------------------------------------------------------    ----------------------------------------
    SLICE_X68Y451        FDRE (Prop_AFF_SLICEM_C_Q)
                                                      0.077     0.107 f  pb_layer_1slr        dma_act_reg/Q
                         net (fo=61, estimated)       0.575     0.682                         u_dma/dma_act
    SLICE_X60Y461        LUT3 (Prop_C5LUT_SLICEM_I0_O)
                                                      0.111     0.793 f  pb_layer_1slr        u_dma/g_cvslot[1].wm_reg_bram_0_i_61/O
                         net (fo=102, estimated)      0.803     1.596                         u_dma/g_cvslot[1].wm_reg_bram_0_i_61_n_0
    SLICE_X83Y472        LUT4 (Prop_A5LUT_SLICEL_I1_O)
                                                      0.069     1.665 r  pb_layer_1slr        u_dma/g_cvslot[1].wm_reg_bram_13_i_1/O
                         net (fo=15, estimated)       0.956     2.621                         u_dma/g_cvslot[1].wwa[12]
    SLICE_X106Y497       LUT4 (Prop_D5LUT_SLICEL_I2_O)
                                                      0.096     2.717 r  pb_layer_1slr        u_dma/g_cvslot[1].wm_reg_bram_7_i_4/O
                         net (fo=4, estimated)        0.379     3.096                         u_dma_n_36
    RAMB36_X7Y100        RAMB36E2                                     r  pb_layer_1slr        g_cvslot[1].wm_reg_bram_7/ENARDEN
  -------------------------------------------------------------------    ----------------------------------------

                         (clock aclk rise edge)       4.000     4.000 r                       
                                                      0.000     4.000 r                       aclk (IN)
                         net (fo=78964, unset)        0.039     4.039                         aclk
    RAMB36_X7Y100        RAMB36E2                                     r  pb_layer_1slr        g_cvslot[1].wm_reg_bram_7/CLKARDCLK
                         clock pessimism              0.000     4.039                           
                         clock uncertainty           -0.035     4.004                           
    RAMB36_X7Y100        RAMB36E2 (Setup_RAMB36E2_RAMB36_CLKARDCLK_ENARDEN)
                                                     -0.342     3.662    pb_layer_1slr          g_cvslot[1].wm_reg_bram_7
  -------------------------------------------------------------------
                         required time                          3.662                           
                         arrival time                          -3.096                           
  -------------------------------------------------------------------
                         slack                                  0.566                           

Slack (MET) :             0.566ns  (required time - arrival time)
  Source:                 dma_act_reg/C
                            (rising edge-triggered cell FDRE clocked by aclk  {rise@0.000ns fall@2.000ns period=4.000ns})
  Destination:            g_cvslot[1].wm_reg_bram_7/ENARDEN
                            (rising edge-triggered cell RAMB36E2 clocked by aclk  {rise@0.000ns fall@2.000ns period=4.000ns})
  Path Group:             aclk
  Path Type:              Setup (Max at Slow Process Corner)
  Requirement:            4.000ns  (aclk rise@4.000ns - aclk rise@0.000ns)
  Data Path Delay:        3.066ns  (logic 0.353ns (11.513%)  route 2.713ns (88.487%))
  Logic Levels:           3  (LUT3=1 LUT4=2)
  Clock Path Skew:        0.009ns (DCD - SCD + CPR)
    Destination Clock Delay (DCD):    0.039ns = ( 4.039 - 4.000 ) 
    Source Clock Delay      (SCD):    0.030ns
    Clock Pessimism Removal (CPR):    0.000ns
  Clock Uncertainty:      0.035ns  ((TSJ^2 + TIJ^2)^1/2 + DJ) / 2 + PE
    Total System Jitter     (TSJ):    0.071ns
    Total Input Jitter      (TIJ):    0.000ns
    Discrete Jitter          (DJ):    0.000ns
    Phase Error              (PE):    0.000ns

    Location             Delay type                Incr(ns)  Path(ns)    PBlock               Netlist Resource(s)
  -------------------------------------------------------------------    ----------------------------------------
                         (clock aclk rise edge)       0.000     0.000 r                       
                                                      0.000     0.000 r                       aclk (IN)
                         net (fo=78964, unset)        0.030     0.030                         aclk
    SLICE_X68Y451        FDRE                                         r  pb_layer_1slr        dma_act_reg/C
  -------------------------------------------------------------------    ----------------------------------------
    SLICE_X68Y451        FDRE (Prop_AFF_SLICEM_C_Q)
                                                      0.077     0.107 r  pb_layer_1slr        dma_act_reg/Q
                         net (fo=61, estimated)       0.575     0.682                         u_dma/dma_act
    SLICE_X60Y461        LUT3 (Prop_C5LUT_SLICEM_I0_O)
                                                      0.111     0.793 r  pb_layer_1slr        u_dma/g_cvslot[1].wm_reg_bram_0_i_61/O
                         net (fo=102, estimated)      0.803     1.596                         u_dma/g_cvslot[1].wm_reg_bram_0_i_61_n_0
    SLICE_X83Y472        LUT4 (Prop_A5LUT_SLICEL_I1_O)
                                                      0.069     1.665 f  pb_layer_1slr        u_dma/g_cvslot[1].wm_reg_bram_13_i_1/O
                         net (fo=15, estimated)       0.956     2.621                         u_dma/g_cvslot[1].wwa[12]
    SLICE_X106Y497       LUT4 (Prop_D5LUT_SLICEL_I2_O)
                                                      0.096     2.717 f  pb_layer_1slr        u_dma/g_cvslot[1].wm_reg_bram_7_i_4/O
                         net (fo=4, estimated)        0.379     3.096                         u_dma_n_36
    RAMB36_X7Y100        RAMB36E2                                     f  pb_layer_1slr        g_cvslot[1].wm_reg_bram_7/ENARDEN
  -------------------------------------------------------------------    ----------------------------------------

                         (clock aclk rise edge)       4.000     4.000 r                       
                                                      0.000     4.000 r                       aclk (IN)
                         net (fo=78964, unset)        0.039     4.039                         aclk
    RAMB36_X7Y100        RAMB36E2                                     r  pb_layer_1slr        g_cvslot[1].wm_reg_bram_7/CLKARDCLK
                         clock pessimism              0.000     4.039                           
                         clock uncertainty           -0.035     4.004                           
    RAMB36_X7Y100        RAMB36E2 (Setup_RAMB36E2_RAMB36_CLKARDCLK_ENARDEN)
                                                     -0.342     3.662    pb_layer_1slr          g_cvslot[1].wm_reg_bram_7
  -------------------------------------------------------------------
                         required time                          3.662                           
                         arrival time                          -3.096                           
  -------------------------------------------------------------------
                         slack                                  0.566                           

Slack (MET) :             0.566ns  (required time - arrival time)
  Source:                 dma_act_reg/C
                            (rising edge-triggered cell FDRE clocked by aclk  {rise@0.000ns fall@2.000ns period=4.000ns})
  Destination:            g_cvslot[1].wm_reg_bram_7/ENARDEN
                            (rising edge-triggered cell RAMB36E2 clocked by aclk  {rise@0.000ns fall@2.000ns period=4.000ns})
  Path Group:             aclk
  Path Type:              Setup (Max at Slow Process Corner)
  Requirement:            4.000ns  (aclk rise@4.000ns - aclk rise@0.000ns)
  Data Path Delay:        3.066ns  (logic 0.353ns (11.513%)  route 2.713ns (88.487%))
  Logic Levels:           3  (LUT3=1 LUT4=2)
  Clock Path Skew:        0.009ns (DCD - SCD + CPR)
    Destination Clock Delay (DCD):    0.039ns = ( 4.039 - 4.000 ) 
    Source Clock Delay      (SCD):    0.030ns
    Clock Pessimism Removal (CPR):    0.000ns
  Clock Uncertainty:      0.035ns  ((TSJ^2 + TIJ^2)^1/2 + DJ) / 2 + PE
    Total System Jitter     (TSJ):    0.071ns
    Total Input Jitter      (TIJ):    0.000ns
    Discrete Jitter          (DJ):    0.000ns
    Phase Error              (PE):    0.000ns

    Location             Delay type                Incr(ns)  Path(ns)    PBlock               Netlist Resource(s)
  -------------------------------------------------------------------    ----------------------------------------
                         (clock aclk rise edge)       0.000     0.000 r                       
                                                      0.000     0.000 r                       aclk (IN)
                         net (fo=78964, unset)        0.030     0.030                         aclk
    SLICE_X68Y451        FDRE                                         r  pb_layer_1slr        dma_act_reg/C
  -------------------------------------------------------------------    ----------------------------------------
    SLICE_X68Y451        FDRE (Prop_AFF_SLICEM_C_Q)
                                                      0.077     0.107 f  pb_layer_1slr        dma_act_reg/Q
                         net (fo=61, estimated)       0.575     0.682                         u_dma/dma_act
    SLICE_X60Y461        LUT3 (Prop_C5LUT_SLICEM_I0_O)
                                                      0.111     0.793 f  pb_layer_1slr        u_dma/g_cvslot[1].wm_reg_bram_0_i_61/O
                         net (fo=102, estimated)      0.803     1.596                         u_dma/g_cvslot[1].wm_reg_bram_0_i_61_n_0
    SLICE_X83Y472        LUT4 (Prop_A5LUT_SLICEL_I1_O)
                                                      0.069     1.665 f  pb_layer_1slr        u_dma/g_cvslot[1].wm_reg_bram_13_i_1/O
                         net (fo=15, estimated)       0.956     2.621                         u_dma/g_cvslot[1].wwa[12]
    SLICE_X106Y497       LUT4 (Prop_D5LUT_SLICEL_I2_O)
                                                      0.096     2.717 f  pb_layer_1slr        u_dma/g_cvslot[1].wm_reg_bram_7_i_4/O
                         net (fo=4, estimated)        0.379     3.096                         u_dma_n_36
    RAMB36_X7Y100        RAMB36E2                                     f  pb_layer_1slr        g_cvslot[1].wm_reg_bram_7/ENARDEN
  -------------------------------------------------------------------    ----------------------------------------

                         (clock aclk rise edge)       4.000     4.000 r                       
                                                      0.000     4.000 r                       aclk (IN)
                         net (fo=78964, unset)        0.039     4.039                         aclk
    RAMB36_X7Y100        RAMB36E2                                     r  pb_layer_1slr        g_cvslot[1].wm_reg_bram_7/CLKARDCLK
                         clock pessimism              0.000     4.039                           
                         clock uncertainty           -0.035     4.004                           
    RAMB36_X7Y100        RAMB36E2 (Setup_RAMB36E2_RAMB36_CLKARDCLK_ENARDEN)
                                                     -0.342     3.662    pb_layer_1slr          g_cvslot[1].wm_reg_bram_7
  -------------------------------------------------------------------
                         required time                          3.662                           
                         arrival time                          -3.096                           
  -------------------------------------------------------------------
                         slack                                  0.566                           




