=== family_run for s5_base, re-derived from /home/cah/r2d2/code/fpga/fable5_llm/synth/out_exp_uram_s5_base/post_place.dcp
=== host: darthplagueis
=== date: 2026-09-05T16:30:05-06:00
=== tree: 282705b
=== dcp:  2026-09-05 16:19:11.025015049 -0600 96189341 bytes
=== ---
FAM_DCP: /home/cah/r2d2/code/fpga/fable5_llm/synth/out_exp_uram_s5_base/post_place.dcp
FAM_TABLE family cells worst_slack levels datapath logic route route_pct startSLR endSLR
FAM_ROW DN_SLOT           4228    0.192   2   3.311   0.261   3.050   92.1 SLR0  SLR0 
FAM_PATH DN_SLOT dma_act_reg/C -> g_dnslot[1].mem_reg_uram_9/ADDR_A[9]
FAM_ROW KV_SLOT           4294    0.008   3   3.474   0.430   3.044   87.6 SLR0  SLR0 
FAM_PATH KV_SLOT dma_kind_reg[1]_rep__14/C -> g_kvslot[0].mem_reg_uram_3/CAS_IN_ADDR_A[2]
FAM_ROW CV_SLOT            680    0.079   7   3.855   2.407   1.448   37.6 SLR0  SLR0 
FAM_PATH CV_SLOT g_cvslot[0].wm_reg_bram_0/CLKBWRCLK -> g_cvslot[0].cw_q_p_reg[0][14]/D
FAM_ROW SDMA             28007    0.023   8   3.886   0.846   3.040   78.2 SLR0  SLR0 
FAM_PATH SDMA u_dma/f_wp_reg[1]/C -> u_dma/fmem_reg_0_255_80_80/SP.A/I
FAM_ROW ATTN_DSP         80762   -0.057   2   3.726   1.642   2.084   55.9 SLR0  SLR0 
FAM_PATH ATTN_DSP g_kvslot[0].mem_reg_uram_12/CLK -> u_attn/g_lane[58].pv_p_reg[58]/DSP_A_B_DATA_INST/A[3]
FAM_ROW SCRATCH            238    0.361   4   3.273   0.331   2.942   89.9 SLR0  SLR0 
FAM_PATH SCRATCH cmd_op_reg[3]/C -> smem_b_reg_bram_16/ENARDEN
FAM_HIST family paths worst_slack   (over the 200 worst setup PATHS)
FAM_HIST_ROW ATTN_DSP          82   -0.057
FAM_HIST_ROW KV_SLOT            1    0.008
FAM_HIST_ROW OTHER            117   -0.136
FAM_OTHER_WORST slack=-0.136 levels=17 datapath=4.115 logic=1.042 route=3.073 route_pct=74.7
FAM_OTHER_PATH u_alu/op_q_reg[1]/C -> u_alu/r_res_reg[22]/D
FAM_DONE
