Copyright 1986-2022 Xilinx, Inc. All Rights Reserved. Copyright 2022-2024 Advanced Micro Devices, Inc. All Rights Reserved.
---------------------------------------------------------------------------------------------------------------------------------------------
| Tool Version : Vivado v.2024.2 (lin64) Build 5239630 Fri Nov 08 22:34:34 MST 2024
| Date         : Sat Sep  5 18:13:17 2026
| Host         : snoke running 64-bit Ubuntu 24.04.4 LTS
| Command      : report_utilization -slr -file /home/cah/r2d2/code/fpga/fable5_llm/synth/out_exp_uram_s5fix_1slr/reports/util_placed_slr.rpt
| Design       : layer_chan
| Device       : xcvu9p-fsgd2104-2L-e
| Speed File   : -2L
| Design State : Fully Placed
---------------------------------------------------------------------------------------------------------------------------------------------

Utilization Design Information

Table of Contents
-----------------
1. SLR Connectivity
2. SLR Connectivity Matrix
3. SLR CLB Logic and Dedicated Block Utilization
4. SLR IO Utilization

1. SLR Connectivity
-------------------

+----------------------------------+------+-------+-----------+-------+
|                                  | Used | Fixed | Available | Util% |
+----------------------------------+------+-------+-----------+-------+
| SLR2 <-> SLR1                    |    0 |       |     17280 |  0.00 |
|   SLR1 -> SLR2                   |    0 |       |           |  0.00 |
|     Using TX_REG only            |    0 |     0 |           |       |
|     Using RX_REG only            |    0 |     0 |           |       |
|     Using Both TX_REG and RX_REG |    0 |     0 |           |       |
|   SLR2 -> SLR1                   |    0 |       |           |  0.00 |
|     Using TX_REG only            |    0 |     0 |           |       |
|     Using RX_REG only            |    0 |     0 |           |       |
|     Using Both TX_REG and RX_REG |    0 |     0 |           |       |
| SLR1 <-> SLR0                    |    0 |       |     17280 |  0.00 |
|   SLR0 -> SLR1                   |    0 |       |           |  0.00 |
|     Using TX_REG only            |    0 |     0 |           |       |
|     Using RX_REG only            |    0 |     0 |           |       |
|     Using Both TX_REG and RX_REG |    0 |     0 |           |       |
|   SLR1 -> SLR0                   |    0 |       |           |  0.00 |
|     Using TX_REG only            |    0 |     0 |           |       |
|     Using RX_REG only            |    0 |     0 |           |       |
|     Using Both TX_REG and RX_REG |    0 |     0 |           |       |
+----------------------------------+------+-------+-----------+-------+
| Total SLLs Used                  |    0 |       |           |       |
+----------------------------------+------+-------+-----------+-------+


2. SLR Connectivity Matrix
--------------------------

+-----------+------+------+------+
| FROM \ TO | SLR2 | SLR1 | SLR0 |
+-----------+------+------+------+
| SLR2      |    0 |    0 |    0 |
| SLR1      |    0 |    0 |    0 |
| SLR0      |    0 |    0 |    0 |
+-----------+------+------+------+


3. SLR CLB Logic and Dedicated Block Utilization
------------------------------------------------

+----------------------------+------+--------+------+--------+--------+--------+
|          Site Type         | SLR0 |  SLR1  | SLR2 | SLR0 % | SLR1 % | SLR2 % |
+----------------------------+------+--------+------+--------+--------+--------+
| CLB                        |    0 |  22125 |    0 |   0.00 |  44.91 |   0.00 |
|   CLBL                     |    0 |  10269 |    0 |   0.00 |  41.74 |   0.00 |
|   CLBM                     |    0 |  11856 |    0 |   0.00 |  48.08 |   0.00 |
| CLB LUTs                   |    0 | 109357 |    0 |   0.00 |  27.75 |   0.00 |
|   LUT as Logic             |    0 | 104889 |    0 |   0.00 |  26.62 |   0.00 |
|     using O5 output only   |    0 |   2742 |    0 |   0.00 |   0.70 |   0.00 |
|     using O6 output only   |    0 |  78244 |    0 |   0.00 |  19.85 |   0.00 |
|     using O5 and O6        |    0 |  23903 |    0 |   0.00 |   6.07 |   0.00 |
|   LUT as Memory            |    0 |   4468 |    0 |   0.00 |   2.26 |   0.00 |
|     LUT as Distributed RAM |    0 |   4444 |    0 |   0.00 |   2.25 |   0.00 |
|       using O6 output only |    0 |   4380 |    0 |   0.00 |   2.22 |   0.00 |
|       using O5 and O6      |    0 |     64 |    0 |   0.00 |   0.03 |   0.00 |
|     LUT as Shift Register  |    0 |     24 |    0 |   0.00 |   0.01 |   0.00 |
|       using O6 output only |    0 |      8 |    0 |   0.00 |  <0.01 |   0.00 |
|       using O5 and O6      |    0 |     16 |    0 |   0.00 |  <0.01 |   0.00 |
| CLB Registers              |    0 |  62362 |    0 |   0.00 |   7.91 |   0.00 |
| CARRY8                     |    0 |   7844 |    0 |   0.00 |  15.92 |   0.00 |
| F7 Muxes                   |    0 |   4318 |    0 |   0.00 |   2.19 |   0.00 |
| F8 Muxes                   |    0 |   1921 |    0 |   0.00 |   1.95 |   0.00 |
| F9 Muxes                   |    0 |      0 |    0 |   0.00 |   0.00 |   0.00 |
| Block RAM Tile             |    0 |     81 |    0 |   0.00 |  11.25 |   0.00 |
|   RAMB36/FIFO              |    0 |     77 |    0 |   0.00 |  10.69 |   0.00 |
|   RAMB18                   |    0 |      8 |    0 |   0.00 |   0.56 |   0.00 |
| URAM                       |    0 |    182 |    0 |   0.00 |  56.88 |   0.00 |
| DSPs                       |    0 |   1838 |    0 |   0.00 |  80.61 |   0.00 |
| Unique Control Sets        |    0 |   1381 |    0 |   0.00 |   1.40 |   0.00 |
+----------------------------+------+--------+------+--------+--------+--------+
* Note: Available Control Sets based on CLB Registers / 8


4. SLR IO Utilization
---------------------

+-----------+-----------+---------+------------+----------+------------+----------+-----+
| SLR Index | Used IOBs | (%)IOBs | Used IPADs | (%)IPADs | Used OPADs | (%)OPADs | GTs |
+-----------+-----------+---------+------------+----------+------------+----------+-----+
| SLR2      |         0 |    0.00 |          0 |     0.00 |          0 |     0.00 |   0 |
| SLR1      |         0 |    0.00 |          0 |     0.00 |          0 |     0.00 |   0 |
| SLR0      |         0 |    0.00 |          0 |     0.00 |          0 |     0.00 |   0 |
+-----------+-----------+---------+------------+----------+------------+----------+-----+
| Total     |         0 |         |          0 |          |          0 |          |   0 |
+-----------+-----------+---------+------------+----------+------------+----------+-----+


