Copyright 1986-2022 Xilinx, Inc. All Rights Reserved. Copyright 2022-2024 Advanced Micro Devices, Inc. All Rights Reserved.
---------------------------------------------------------------------------------------------------------------------------------------------------------
| Tool Version      : Vivado v.2024.2 (lin64) Build 5239630 Fri Nov 08 22:34:34 MST 2024
| Date              : Sat Sep  5 18:17:18 2026
| Host              : snoke running 64-bit Ubuntu 24.04.4 LTS
| Command           : report_timing_summary -file /home/cah/r2d2/code/fpga/fable5_llm/synth/out_exp_uram_s5fix_1slralt/reports/timing_summary_placed.rpt
| Design            : layer_chan
| Device            : xcvu9p-fsgd2104
| Speed File        : -2L  PRODUCTION 1.28 03-30-2022
| Design State      : Fully Placed
| Temperature Grade : E
---------------------------------------------------------------------------------------------------------------------------------------------------------

Timing Summary Report

------------------------------------------------------------------------------------------------
| Timer Settings
| --------------
------------------------------------------------------------------------------------------------

  Enable Multi Corner Analysis               :  Yes
  Enable Pessimism Removal                   :  Yes
  Pessimism Removal Resolution               :  Nearest Common Node
  Enable Input Delay Default Clock           :  No
  Enable Preset / Clear Arcs                 :  No
  Disable Flight Delays                      :  No
  Ignore I/O Paths                           :  No
  Timing Early Launch at Borrowing Latches   :  No
  Borrow Time for Max Delay Exceptions       :  Yes
  Merge Timing Exceptions                    :  Yes
  Inter-SLR Compensation                     :  Conservative

  Corner  Analyze    Analyze    
  Name    Max Paths  Min Paths  
  ------  ---------  ---------  
  Slow    Yes        Yes        
  Fast    Yes        Yes        


------------------------------------------------------------------------------------------------
| Report Methodology
| ------------------
------------------------------------------------------------------------------------------------

No report available as report_methodology has not been run prior. Run report_methodology on the current design for the summary of methodology violations.



check_timing report

Table of Contents
-----------------
1. checking no_clock (0)
2. checking constant_clock (0)
3. checking pulse_width_clock (0)
4. checking unconstrained_internal_endpoints (0)
5. checking no_input_delay (653)
6. checking no_output_delay (654)
7. checking multiple_clock (0)
8. checking generated_clocks (0)
9. checking loops (0)
10. checking partial_input_delay (0)
11. checking partial_output_delay (0)
12. checking latch_loops (0)

1. checking no_clock (0)
------------------------
 There are 0 register/latch pins with no clock.


2. checking constant_clock (0)
------------------------------
 There are 0 register/latch pins with constant_clock.


3. checking pulse_width_clock (0)
---------------------------------
 There are 0 register/latch pins which need pulse_width check


4. checking unconstrained_internal_endpoints (0)
------------------------------------------------
 There are 0 pins that are not constrained for maximum delay.

 There are 0 pins that are not constrained for maximum delay due to constant clock.


5. checking no_input_delay (653)
--------------------------------
 There are 653 input ports with no input delay specified. (HIGH)

 There are 0 input ports with no input delay but user has a false path constraint.


6. checking no_output_delay (654)
---------------------------------
 There are 654 ports with no output delay specified. (HIGH)

 There are 0 ports with no output delay but user has a false path constraint

 There are 0 ports with no output delay but with a timing clock defined on it or propagating through it


7. checking multiple_clock (0)
------------------------------
 There are 0 register/latch pins with multiple clocks.


8. checking generated_clocks (0)
--------------------------------
 There are 0 generated clocks that are not connected to a clock source.


9. checking loops (0)
---------------------
 There are 0 combinational loops in the design.


10. checking partial_input_delay (0)
------------------------------------
 There are 0 input ports with partial input delay specified.


11. checking partial_output_delay (0)
-------------------------------------
 There are 0 ports with partial output delay specified.


12. checking latch_loops (0)
----------------------------
 There are 0 combinational latch loops in the design through latch input



------------------------------------------------------------------------------------------------
| Design Timing Summary
| ---------------------
------------------------------------------------------------------------------------------------

    WNS(ns)      TNS(ns)  TNS Failing Endpoints  TNS Total Endpoints      WHS(ns)      THS(ns)  THS Failing Endpoints  THS Total Endpoints     WPWS(ns)     TPWS(ns)  TPWS Failing Endpoints  TPWS Total Endpoints  
    -------      -------  ---------------------  -------------------      -------      -------  ---------------------  -------------------     --------     --------  ----------------------  --------------------  
      0.034        0.000                      0               368487        0.020        0.000                      0               368487        1.300        0.000                       0                 69338  


All user specified timing constraints are met.


------------------------------------------------------------------------------------------------
| Clock Summary
| -------------
------------------------------------------------------------------------------------------------

Clock  Waveform(ns)         Period(ns)      Frequency(MHz)
-----  ------------         ----------      --------------
aclk   {0.000 2.000}        4.000           250.000         


------------------------------------------------------------------------------------------------
| Intra Clock Table
| -----------------
------------------------------------------------------------------------------------------------

Clock             WNS(ns)      TNS(ns)  TNS Failing Endpoints  TNS Total Endpoints      WHS(ns)      THS(ns)  THS Failing Endpoints  THS Total Endpoints     WPWS(ns)     TPWS(ns)  TPWS Failing Endpoints  TPWS Total Endpoints  
-----             -------      -------  ---------------------  -------------------      -------      -------  ---------------------  -------------------     --------     --------  ----------------------  --------------------  
aclk                0.034        0.000                      0               368487        0.020        0.000                      0               368487        1.300        0.000                       0                 69338  


------------------------------------------------------------------------------------------------
| Inter Clock Table
| -----------------
------------------------------------------------------------------------------------------------

From Clock    To Clock          WNS(ns)      TNS(ns)  TNS Failing Endpoints  TNS Total Endpoints      WHS(ns)      THS(ns)  THS Failing Endpoints  THS Total Endpoints  
----------    --------          -------      -------  ---------------------  -------------------      -------      -------  ---------------------  -------------------  


------------------------------------------------------------------------------------------------
| Other Path Groups Table
| -----------------------
------------------------------------------------------------------------------------------------

Path Group    From Clock    To Clock          WNS(ns)      TNS(ns)  TNS Failing Endpoints  TNS Total Endpoints      WHS(ns)      THS(ns)  THS Failing Endpoints  THS Total Endpoints  
----------    ----------    --------          -------      -------  ---------------------  -------------------      -------      -------  ---------------------  -------------------  


------------------------------------------------------------------------------------------------
| Timing Details
| --------------
------------------------------------------------------------------------------------------------


---------------------------------------------------------------------------------------------------
From Clock:  aclk
  To Clock:  aclk

Setup :            0  Failing Endpoints,  Worst Slack        0.034ns,  Total Violation        0.000ns
Hold  :            0  Failing Endpoints,  Worst Slack        0.020ns,  Total Violation        0.000ns
PW    :            0  Failing Endpoints,  Worst Slack        1.300ns,  Total Violation        0.000ns
---------------------------------------------------------------------------------------------------


Max Delay Paths
--------------------------------------------------------------------------------------
Slack (MET) :             0.034ns  (required time - arrival time)
  Source:                 g_kvslot[0].mem_reg_uram_52/CLK
                            (rising edge-triggered cell URAM288 clocked by aclk  {rise@0.000ns fall@2.000ns period=4.000ns})
  Destination:            u_attn/g_lane[239].pv_p_reg[239]/DSP_A_B_DATA_INST/A[3]
                            (rising edge-triggered cell DSP_A_B_DATA clocked by aclk  {rise@0.000ns fall@2.000ns period=4.000ns})
  Path Group:             aclk
  Path Type:              Setup (Max at Slow Process Corner)
  Requirement:            4.000ns  (aclk rise@4.000ns - aclk rise@0.000ns)
  Data Path Delay:        3.635ns  (logic 1.657ns (45.585%)  route 1.978ns (54.415%))
  Logic Levels:           2  (LUT3=1 URAM288=1)
  Clock Path Skew:        -0.040ns (DCD - SCD + CPR)
    Destination Clock Delay (DCD):    0.043ns = ( 4.043 - 4.000 ) 
    Source Clock Delay      (SCD):    0.083ns
    Clock Pessimism Removal (CPR):    0.000ns
  Clock Uncertainty:      0.035ns  ((TSJ^2 + TIJ^2)^1/2 + DJ) / 2 + PE
    Total System Jitter     (TSJ):    0.071ns
    Total Input Jitter      (TIJ):    0.000ns
    Discrete Jitter          (DJ):    0.000ns
    Phase Error              (PE):    0.000ns

    Location             Delay type                Incr(ns)  Path(ns)    PBlock               Netlist Resource(s)
  -------------------------------------------------------------------    ----------------------------------------
                         (clock aclk rise edge)       0.000     0.000 r                       
                                                      0.000     0.000 r                       aclk (IN)
                         net (fo=78259, unset)        0.083     0.083                         aclk
    URAM288_X1Y134       URAM288                                      r  pb_layer_1slr        g_kvslot[0].mem_reg_uram_52/CLK
  -------------------------------------------------------------------    ----------------------------------------
    URAM288_X1Y134       URAM288 (Prop_URAM_288K_INST_URAM288_CLK_CAS_OUT_DOUT_A[43])
                                                      1.301     1.384 r  pb_layer_1slr        g_kvslot[0].mem_reg_uram_52/CAS_OUT_DOUT_A[43]
                         net (fo=1, estimated)        0.001     1.385                         g_kvslot[0].mem_reg_uram_53_Cas_DoutA_1[43]
    URAM288_X1Y135       URAM288 (Prop_URAM_288K_INST_URAM288_CAS_IN_DOUT_A[43]_DOUT_A[43])
                                                      0.193     1.578 r  pb_layer_1slr        g_kvslot[0].mem_reg_uram_53/DOUT_A[43]
                         net (fo=2, estimated)        0.815     2.393                         u_attn/g_kvslot[0].kv_rdq_b_reg[0][1915]
    SLICE_X88Y485        LUT3 (Prop_A5LUT_SLICEM_I1_O)
                                                      0.163     2.556 r  pb_layer_1slr        u_attn/g_lane[239].prod_reg[239]_i_6/O
                         net (fo=2, estimated)        1.162     3.718                         u_attn/g_lane[239].pv_p_reg[239]/A[3]
    DSP48E2_X7Y192       DSP_A_B_DATA                                 r  pb_layer_1slr        u_attn/g_lane[239].pv_p_reg[239]/DSP_A_B_DATA_INST/A[3]
  -------------------------------------------------------------------    ----------------------------------------

                         (clock aclk rise edge)       4.000     4.000 r                       
                                                      0.000     4.000 r                       aclk (IN)
                         net (fo=78259, unset)        0.043     4.043                         u_attn/g_lane[239].pv_p_reg[239]/CLK
    DSP48E2_X7Y192       DSP_A_B_DATA                                 r  pb_layer_1slr        u_attn/g_lane[239].pv_p_reg[239]/DSP_A_B_DATA_INST/CLK
                         clock pessimism              0.000     4.043                           
                         clock uncertainty           -0.035     4.008                           
    DSP48E2_X7Y192       DSP_A_B_DATA (Setup_DSP_A_B_DATA_DSP48E2_CLK_A[3])
                                                     -0.256     3.752    pb_layer_1slr          u_attn/g_lane[239].pv_p_reg[239]/DSP_A_B_DATA_INST
  -------------------------------------------------------------------
                         required time                          3.752                           
                         arrival time                          -3.718                           
  -------------------------------------------------------------------
                         slack                                  0.034                           





Min Delay Paths
--------------------------------------------------------------------------------------
Slack (MET) :             0.020ns  (arrival time - required time)
  Source:                 krow_reg[329]/C
                            (rising edge-triggered cell FDRE clocked by aclk  {rise@0.000ns fall@2.000ns period=4.000ns})
  Destination:            kv_wrow_reg[329]/D
                            (rising edge-triggered cell FDRE clocked by aclk  {rise@0.000ns fall@2.000ns period=4.000ns})
  Path Group:             aclk
  Path Type:              Hold (Min at Fast Process Corner)
  Requirement:            0.000ns  (aclk rise@0.000ns - aclk rise@0.000ns)
  Data Path Delay:        0.073ns  (logic 0.039ns (53.425%)  route 0.034ns (46.575%))
  Logic Levels:           0  
  Clock Path Skew:        0.006ns (DCD - SCD - CPR)
    Destination Clock Delay (DCD):    0.018ns
    Source Clock Delay      (SCD):    0.012ns
    Clock Pessimism Removal (CPR):    -0.000ns

    Location             Delay type                Incr(ns)  Path(ns)    PBlock               Netlist Resource(s)
  -------------------------------------------------------------------    ----------------------------------------
                         (clock aclk rise edge)       0.000     0.000 r                       
                                                      0.000     0.000 r                       aclk (IN)
                         net (fo=78259, unset)        0.012     0.012                         aclk
    SLICE_X69Y451        FDRE                                         r  pb_layer_1slr        krow_reg[329]/C
  -------------------------------------------------------------------    ----------------------------------------
    SLICE_X69Y451        FDRE (Prop_DFF_SLICEL_C_Q)
                                                      0.039     0.051 r  pb_layer_1slr        krow_reg[329]/Q
                         net (fo=1, estimated)        0.034     0.085                         krow_reg_n_0_[329]
    SLICE_X69Y451        FDRE                                         r  pb_layer_1slr        kv_wrow_reg[329]/D
  -------------------------------------------------------------------    ----------------------------------------

                         (clock aclk rise edge)       0.000     0.000 r                       
                                                      0.000     0.000 r                       aclk (IN)
                         net (fo=78259, unset)        0.018     0.018                         aclk
    SLICE_X69Y451        FDRE                                         r  pb_layer_1slr        kv_wrow_reg[329]/C
                         clock pessimism              0.000     0.018                           
    SLICE_X69Y451        FDRE (Hold_CFF2_SLICEL_C_D)
                                                      0.047     0.065    pb_layer_1slr          kv_wrow_reg[329]
  -------------------------------------------------------------------
                         required time                         -0.065                           
                         arrival time                           0.085                           
  -------------------------------------------------------------------
                         slack                                  0.020                           





Pulse Width Checks
--------------------------------------------------------------------------------------
Clock Name:         aclk
Waveform(ns):       { 0.000 2.000 }
Period(ns):         4.000
Sources:            { aclk }

Check Type        Corner  Lib Pin      Reference Pin  Required(ns)  Actual(ns)  Slack(ns)  Location        Pin
Min Period        n/a     URAM288/CLK  n/a            2.000         4.000       2.000      URAM288_X1Y156  g_cvslot[0].sm_reg_uram_0/CLK
Low Pulse Width   Slow    URAM288/CLK  n/a            0.700         2.000       1.300      URAM288_X1Y156  g_cvslot[0].sm_reg_uram_0/CLK
High Pulse Width  Slow    URAM288/CLK  n/a            0.700         2.000       1.300      URAM288_X1Y156  g_cvslot[0].sm_reg_uram_0/CLK



