Copyright 1986-2022 Xilinx, Inc. All Rights Reserved. Copyright 2022-2024 Advanced Micro Devices, Inc. All Rights Reserved.
---------------------------------------------------------------------------------------------------------------------------------------------------------------------------------------------------------------------------------------------------------------
| Tool Version      : Vivado v.2024.2 (lin64) Build 5239630 Fri Nov 08 22:34:34 MST 2024
| Date              : Sat Sep  5 18:17:49 2026
| Host              : snoke running 64-bit Ubuntu 24.04.4 LTS
| Command           : report_timing -to [get_cells -quiet -hier -filter {REF_NAME =~ URAM288* && NAME =~ *g_dn*}] -max_paths 10 -nworst 10 -setup -file /home/cah/r2d2/code/fpga/fable5_llm/synth/out_exp_uram_s5fix_1slralt/reports/dn_write_fanout_paths.rpt
| Design            : layer_chan
| Device            : xcvu9p-fsgd2104
| Speed File        : -2L  PRODUCTION 1.28 03-30-2022
| Design State      : Fully Placed
| Temperature Grade : E
---------------------------------------------------------------------------------------------------------------------------------------------------------------------------------------------------------------------------------------------------------------

Timing Report

Slack (MET) :             0.218ns  (required time - arrival time)
  Source:                 dma_kind_reg[1]_rep/C
                            (rising edge-triggered cell FDRE clocked by aclk  {rise@0.000ns fall@2.000ns period=4.000ns})
  Destination:            g_dnslot[0].mem_reg_uram_15/ADDR_A[3]
                            (rising edge-triggered cell URAM288 clocked by aclk  {rise@0.000ns fall@2.000ns period=4.000ns})
  Path Group:             aclk
  Path Type:              Setup (Max at Slow Process Corner)
  Requirement:            4.000ns  (aclk rise@4.000ns - aclk rise@0.000ns)
  Data Path Delay:        3.302ns  (logic 0.183ns (5.542%)  route 3.119ns (94.458%))
  Logic Levels:           2  (LUT3=1 LUT4=1)
  Clock Path Skew:        0.036ns (DCD - SCD + CPR)
    Destination Clock Delay (DCD):    0.064ns = ( 4.064 - 4.000 ) 
    Source Clock Delay      (SCD):    0.028ns
    Clock Pessimism Removal (CPR):    0.000ns
  Clock Uncertainty:      0.035ns  ((TSJ^2 + TIJ^2)^1/2 + DJ) / 2 + PE
    Total System Jitter     (TSJ):    0.071ns
    Total Input Jitter      (TIJ):    0.000ns
    Discrete Jitter          (DJ):    0.000ns
    Phase Error              (PE):    0.000ns

    Location             Delay type                Incr(ns)  Path(ns)    PBlock               Netlist Resource(s)
  -------------------------------------------------------------------    ----------------------------------------
                         (clock aclk rise edge)       0.000     0.000 r                       
                                                      0.000     0.000 r                       aclk (IN)
                         net (fo=78259, unset)        0.028     0.028                         aclk
    SLICE_X86Y435        FDRE                                         r  pb_layer_1slr        dma_kind_reg[1]_rep/C
  -------------------------------------------------------------------    ----------------------------------------
    SLICE_X86Y435        FDRE (Prop_AFF_SLICEL_C_Q)
                                                      0.079     0.107 f  pb_layer_1slr        dma_kind_reg[1]_rep/Q
                         net (fo=155, estimated)      0.334     0.441                         u_dn/g_dnslot[0].mem_reg_uram_26_i_28_0
    SLICE_X84Y435        LUT3 (Prop_H6LUT_SLICEM_I1_O)
                                                      0.053     0.494 r  pb_layer_1slr        u_dn/g_dnslot[0].mem_reg_uram_0_i_93/O
                         net (fo=121, estimated)      0.866     1.360                         u_dma/g_dnslot[0].mem_reg_uram_15
    SLICE_X97Y468        LUT4 (Prop_C6LUT_SLICEM_I2_O)
                                                      0.051     1.411 r  pb_layer_1slr        u_dma/g_dnslot[0].mem_reg_uram_0_i_9/O
                         net (fo=29, estimated)       1.919     3.330                         g_dnslot[0].ra[3]
    URAM288_X3Y92        URAM288                                      r  pb_layer_1slr        g_dnslot[0].mem_reg_uram_15/ADDR_A[3]
  -------------------------------------------------------------------    ----------------------------------------

                         (clock aclk rise edge)       4.000     4.000 r                       
                                                      0.000     4.000 r                       aclk (IN)
                         net (fo=78259, unset)        0.064     4.064                         aclk
    URAM288_X3Y92        URAM288                                      r  pb_layer_1slr        g_dnslot[0].mem_reg_uram_15/CLK
                         clock pessimism              0.000     4.064                           
                         clock uncertainty           -0.035     4.029                           
    URAM288_X3Y92        URAM288 (Setup_URAM_288K_INST_URAM288_CLK_ADDR_A[3])
                                                     -0.481     3.548    pb_layer_1slr          g_dnslot[0].mem_reg_uram_15
  -------------------------------------------------------------------
                         required time                          3.548                           
                         arrival time                          -3.330                           
  -------------------------------------------------------------------
                         slack                                  0.218                           

Slack (MET) :             0.218ns  (required time - arrival time)
  Source:                 dma_kind_reg[1]_rep/C
                            (rising edge-triggered cell FDRE clocked by aclk  {rise@0.000ns fall@2.000ns period=4.000ns})
  Destination:            g_dnslot[0].mem_reg_uram_15/ADDR_A[3]
                            (rising edge-triggered cell URAM288 clocked by aclk  {rise@0.000ns fall@2.000ns period=4.000ns})
  Path Group:             aclk
  Path Type:              Setup (Max at Slow Process Corner)
  Requirement:            4.000ns  (aclk rise@4.000ns - aclk rise@0.000ns)
  Data Path Delay:        3.302ns  (logic 0.183ns (5.542%)  route 3.119ns (94.458%))
  Logic Levels:           2  (LUT3=1 LUT4=1)
  Clock Path Skew:        0.036ns (DCD - SCD + CPR)
    Destination Clock Delay (DCD):    0.064ns = ( 4.064 - 4.000 ) 
    Source Clock Delay      (SCD):    0.028ns
    Clock Pessimism Removal (CPR):    0.000ns
  Clock Uncertainty:      0.035ns  ((TSJ^2 + TIJ^2)^1/2 + DJ) / 2 + PE
    Total System Jitter     (TSJ):    0.071ns
    Total Input Jitter      (TIJ):    0.000ns
    Discrete Jitter          (DJ):    0.000ns
    Phase Error              (PE):    0.000ns

    Location             Delay type                Incr(ns)  Path(ns)    PBlock               Netlist Resource(s)
  -------------------------------------------------------------------    ----------------------------------------
                         (clock aclk rise edge)       0.000     0.000 r                       
                                                      0.000     0.000 r                       aclk (IN)
                         net (fo=78259, unset)        0.028     0.028                         aclk
    SLICE_X86Y435        FDRE                                         r  pb_layer_1slr        dma_kind_reg[1]_rep/C
  -------------------------------------------------------------------    ----------------------------------------
    SLICE_X86Y435        FDRE (Prop_AFF_SLICEL_C_Q)
                                                      0.079     0.107 r  pb_layer_1slr        dma_kind_reg[1]_rep/Q
                         net (fo=155, estimated)      0.334     0.441                         u_dn/g_dnslot[0].mem_reg_uram_26_i_28_0
    SLICE_X84Y435        LUT3 (Prop_H6LUT_SLICEM_I1_O)
                                                      0.053     0.494 f  pb_layer_1slr        u_dn/g_dnslot[0].mem_reg_uram_0_i_93/O
                         net (fo=121, estimated)      0.866     1.360                         u_dma/g_dnslot[0].mem_reg_uram_15
    SLICE_X97Y468        LUT4 (Prop_C6LUT_SLICEM_I2_O)
                                                      0.051     1.411 r  pb_layer_1slr        u_dma/g_dnslot[0].mem_reg_uram_0_i_9/O
                         net (fo=29, estimated)       1.919     3.330                         g_dnslot[0].ra[3]
    URAM288_X3Y92        URAM288                                      r  pb_layer_1slr        g_dnslot[0].mem_reg_uram_15/ADDR_A[3]
  -------------------------------------------------------------------    ----------------------------------------

                         (clock aclk rise edge)       4.000     4.000 r                       
                                                      0.000     4.000 r                       aclk (IN)
                         net (fo=78259, unset)        0.064     4.064                         aclk
    URAM288_X3Y92        URAM288                                      r  pb_layer_1slr        g_dnslot[0].mem_reg_uram_15/CLK
                         clock pessimism              0.000     4.064                           
                         clock uncertainty           -0.035     4.029                           
    URAM288_X3Y92        URAM288 (Setup_URAM_288K_INST_URAM288_CLK_ADDR_A[3])
                                                     -0.481     3.548    pb_layer_1slr          g_dnslot[0].mem_reg_uram_15
  -------------------------------------------------------------------
                         required time                          3.548                           
                         arrival time                          -3.330                           
  -------------------------------------------------------------------
                         slack                                  0.218                           

Slack (MET) :             0.218ns  (required time - arrival time)
  Source:                 dma_kind_reg[1]_rep/C
                            (rising edge-triggered cell FDRE clocked by aclk  {rise@0.000ns fall@2.000ns period=4.000ns})
  Destination:            g_dnslot[0].mem_reg_uram_15/ADDR_A[3]
                            (rising edge-triggered cell URAM288 clocked by aclk  {rise@0.000ns fall@2.000ns period=4.000ns})
  Path Group:             aclk
  Path Type:              Setup (Max at Slow Process Corner)
  Requirement:            4.000ns  (aclk rise@4.000ns - aclk rise@0.000ns)
  Data Path Delay:        3.302ns  (logic 0.183ns (5.542%)  route 3.119ns (94.458%))
  Logic Levels:           2  (LUT3=1 LUT4=1)
  Clock Path Skew:        0.036ns (DCD - SCD + CPR)
    Destination Clock Delay (DCD):    0.064ns = ( 4.064 - 4.000 ) 
    Source Clock Delay      (SCD):    0.028ns
    Clock Pessimism Removal (CPR):    0.000ns
  Clock Uncertainty:      0.035ns  ((TSJ^2 + TIJ^2)^1/2 + DJ) / 2 + PE
    Total System Jitter     (TSJ):    0.071ns
    Total Input Jitter      (TIJ):    0.000ns
    Discrete Jitter          (DJ):    0.000ns
    Phase Error              (PE):    0.000ns

    Location             Delay type                Incr(ns)  Path(ns)    PBlock               Netlist Resource(s)
  -------------------------------------------------------------------    ----------------------------------------
                         (clock aclk rise edge)       0.000     0.000 r                       
                                                      0.000     0.000 r                       aclk (IN)
                         net (fo=78259, unset)        0.028     0.028                         aclk
    SLICE_X86Y435        FDRE                                         r  pb_layer_1slr        dma_kind_reg[1]_rep/C
  -------------------------------------------------------------------    ----------------------------------------
    SLICE_X86Y435        FDRE (Prop_AFF_SLICEL_C_Q)
                                                      0.079     0.107 f  pb_layer_1slr        dma_kind_reg[1]_rep/Q
                         net (fo=155, estimated)      0.334     0.441                         u_dn/g_dnslot[0].mem_reg_uram_26_i_28_0
    SLICE_X84Y435        LUT3 (Prop_H6LUT_SLICEM_I1_O)
                                                      0.053     0.494 r  pb_layer_1slr        u_dn/g_dnslot[0].mem_reg_uram_0_i_93/O
                         net (fo=121, estimated)      0.866     1.360                         u_dma/g_dnslot[0].mem_reg_uram_15
    SLICE_X97Y468        LUT4 (Prop_C6LUT_SLICEM_I2_O)
                                                      0.051     1.411 f  pb_layer_1slr        u_dma/g_dnslot[0].mem_reg_uram_0_i_9/O
                         net (fo=29, estimated)       1.919     3.330                         g_dnslot[0].ra[3]
    URAM288_X3Y92        URAM288                                      f  pb_layer_1slr        g_dnslot[0].mem_reg_uram_15/ADDR_A[3]
  -------------------------------------------------------------------    ----------------------------------------

                         (clock aclk rise edge)       4.000     4.000 r                       
                                                      0.000     4.000 r                       aclk (IN)
                         net (fo=78259, unset)        0.064     4.064                         aclk
    URAM288_X3Y92        URAM288                                      r  pb_layer_1slr        g_dnslot[0].mem_reg_uram_15/CLK
                         clock pessimism              0.000     4.064                           
                         clock uncertainty           -0.035     4.029                           
    URAM288_X3Y92        URAM288 (Setup_URAM_288K_INST_URAM288_CLK_ADDR_A[3])
                                                     -0.481     3.548    pb_layer_1slr          g_dnslot[0].mem_reg_uram_15
  -------------------------------------------------------------------
                         required time                          3.548                           
                         arrival time                          -3.330                           
  -------------------------------------------------------------------
                         slack                                  0.218                           

Slack (MET) :             0.218ns  (required time - arrival time)
  Source:                 dma_kind_reg[1]_rep/C
                            (rising edge-triggered cell FDRE clocked by aclk  {rise@0.000ns fall@2.000ns period=4.000ns})
  Destination:            g_dnslot[0].mem_reg_uram_15/ADDR_A[3]
                            (rising edge-triggered cell URAM288 clocked by aclk  {rise@0.000ns fall@2.000ns period=4.000ns})
  Path Group:             aclk
  Path Type:              Setup (Max at Slow Process Corner)
  Requirement:            4.000ns  (aclk rise@4.000ns - aclk rise@0.000ns)
  Data Path Delay:        3.302ns  (logic 0.183ns (5.542%)  route 3.119ns (94.458%))
  Logic Levels:           2  (LUT3=1 LUT4=1)
  Clock Path Skew:        0.036ns (DCD - SCD + CPR)
    Destination Clock Delay (DCD):    0.064ns = ( 4.064 - 4.000 ) 
    Source Clock Delay      (SCD):    0.028ns
    Clock Pessimism Removal (CPR):    0.000ns
  Clock Uncertainty:      0.035ns  ((TSJ^2 + TIJ^2)^1/2 + DJ) / 2 + PE
    Total System Jitter     (TSJ):    0.071ns
    Total Input Jitter      (TIJ):    0.000ns
    Discrete Jitter          (DJ):    0.000ns
    Phase Error              (PE):    0.000ns

    Location             Delay type                Incr(ns)  Path(ns)    PBlock               Netlist Resource(s)
  -------------------------------------------------------------------    ----------------------------------------
                         (clock aclk rise edge)       0.000     0.000 r                       
                                                      0.000     0.000 r                       aclk (IN)
                         net (fo=78259, unset)        0.028     0.028                         aclk
    SLICE_X86Y435        FDRE                                         r  pb_layer_1slr        dma_kind_reg[1]_rep/C
  -------------------------------------------------------------------    ----------------------------------------
    SLICE_X86Y435        FDRE (Prop_AFF_SLICEL_C_Q)
                                                      0.079     0.107 r  pb_layer_1slr        dma_kind_reg[1]_rep/Q
                         net (fo=155, estimated)      0.334     0.441                         u_dn/g_dnslot[0].mem_reg_uram_26_i_28_0
    SLICE_X84Y435        LUT3 (Prop_H6LUT_SLICEM_I1_O)
                                                      0.053     0.494 f  pb_layer_1slr        u_dn/g_dnslot[0].mem_reg_uram_0_i_93/O
                         net (fo=121, estimated)      0.866     1.360                         u_dma/g_dnslot[0].mem_reg_uram_15
    SLICE_X97Y468        LUT4 (Prop_C6LUT_SLICEM_I2_O)
                                                      0.051     1.411 f  pb_layer_1slr        u_dma/g_dnslot[0].mem_reg_uram_0_i_9/O
                         net (fo=29, estimated)       1.919     3.330                         g_dnslot[0].ra[3]
    URAM288_X3Y92        URAM288                                      f  pb_layer_1slr        g_dnslot[0].mem_reg_uram_15/ADDR_A[3]
  -------------------------------------------------------------------    ----------------------------------------

                         (clock aclk rise edge)       4.000     4.000 r                       
                                                      0.000     4.000 r                       aclk (IN)
                         net (fo=78259, unset)        0.064     4.064                         aclk
    URAM288_X3Y92        URAM288                                      r  pb_layer_1slr        g_dnslot[0].mem_reg_uram_15/CLK
                         clock pessimism              0.000     4.064                           
                         clock uncertainty           -0.035     4.029                           
    URAM288_X3Y92        URAM288 (Setup_URAM_288K_INST_URAM288_CLK_ADDR_A[3])
                                                     -0.481     3.548    pb_layer_1slr          g_dnslot[0].mem_reg_uram_15
  -------------------------------------------------------------------
                         required time                          3.548                           
                         arrival time                          -3.330                           
  -------------------------------------------------------------------
                         slack                                  0.218                           

Slack (MET) :             0.233ns  (required time - arrival time)
  Source:                 dma_kind_reg[1]_rep/C
                            (rising edge-triggered cell FDRE clocked by aclk  {rise@0.000ns fall@2.000ns period=4.000ns})
  Destination:            g_dnslot[0].mem_reg_uram_15/ADDR_A[1]
                            (rising edge-triggered cell URAM288 clocked by aclk  {rise@0.000ns fall@2.000ns period=4.000ns})
  Path Group:             aclk
  Path Type:              Setup (Max at Slow Process Corner)
  Requirement:            4.000ns  (aclk rise@4.000ns - aclk rise@0.000ns)
  Data Path Delay:        3.253ns  (logic 0.182ns (5.595%)  route 3.071ns (94.405%))
  Logic Levels:           2  (LUT3=1 LUT4=1)
  Clock Path Skew:        0.036ns (DCD - SCD + CPR)
    Destination Clock Delay (DCD):    0.064ns = ( 4.064 - 4.000 ) 
    Source Clock Delay      (SCD):    0.028ns
    Clock Pessimism Removal (CPR):    0.000ns
  Clock Uncertainty:      0.035ns  ((TSJ^2 + TIJ^2)^1/2 + DJ) / 2 + PE
    Total System Jitter     (TSJ):    0.071ns
    Total Input Jitter      (TIJ):    0.000ns
    Discrete Jitter          (DJ):    0.000ns
    Phase Error              (PE):    0.000ns

    Location             Delay type                Incr(ns)  Path(ns)    PBlock               Netlist Resource(s)
  -------------------------------------------------------------------    ----------------------------------------
                         (clock aclk rise edge)       0.000     0.000 r                       
                                                      0.000     0.000 r                       aclk (IN)
                         net (fo=78259, unset)        0.028     0.028                         aclk
    SLICE_X86Y435        FDRE                                         r  pb_layer_1slr        dma_kind_reg[1]_rep/C
  -------------------------------------------------------------------    ----------------------------------------
    SLICE_X86Y435        FDRE (Prop_AFF_SLICEL_C_Q)
                                                      0.079     0.107 f  pb_layer_1slr        dma_kind_reg[1]_rep/Q
                         net (fo=155, estimated)      0.334     0.441                         u_dn/g_dnslot[0].mem_reg_uram_26_i_28_0
    SLICE_X84Y435        LUT3 (Prop_H6LUT_SLICEM_I1_O)
                                                      0.053     0.494 r  pb_layer_1slr        u_dn/g_dnslot[0].mem_reg_uram_0_i_93/O
                         net (fo=121, estimated)      0.821     1.315                         u_dma/g_dnslot[0].mem_reg_uram_15
    SLICE_X96Y462        LUT4 (Prop_D6LUT_SLICEL_I2_O)
                                                      0.050     1.365 r  pb_layer_1slr        u_dma/g_dnslot[0].mem_reg_uram_0_i_11/O
                         net (fo=29, estimated)       1.916     3.281                         g_dnslot[0].ra[1]
    URAM288_X3Y92        URAM288                                      r  pb_layer_1slr        g_dnslot[0].mem_reg_uram_15/ADDR_A[1]
  -------------------------------------------------------------------    ----------------------------------------

                         (clock aclk rise edge)       4.000     4.000 r                       
                                                      0.000     4.000 r                       aclk (IN)
                         net (fo=78259, unset)        0.064     4.064                         aclk
    URAM288_X3Y92        URAM288                                      r  pb_layer_1slr        g_dnslot[0].mem_reg_uram_15/CLK
                         clock pessimism              0.000     4.064                           
                         clock uncertainty           -0.035     4.029                           
    URAM288_X3Y92        URAM288 (Setup_URAM_288K_INST_URAM288_CLK_ADDR_A[1])
                                                     -0.515     3.514    pb_layer_1slr          g_dnslot[0].mem_reg_uram_15
  -------------------------------------------------------------------
                         required time                          3.514                           
                         arrival time                          -3.281                           
  -------------------------------------------------------------------
                         slack                                  0.233                           

Slack (MET) :             0.233ns  (required time - arrival time)
  Source:                 dma_kind_reg[1]_rep/C
                            (rising edge-triggered cell FDRE clocked by aclk  {rise@0.000ns fall@2.000ns period=4.000ns})
  Destination:            g_dnslot[0].mem_reg_uram_15/ADDR_A[1]
                            (rising edge-triggered cell URAM288 clocked by aclk  {rise@0.000ns fall@2.000ns period=4.000ns})
  Path Group:             aclk
  Path Type:              Setup (Max at Slow Process Corner)
  Requirement:            4.000ns  (aclk rise@4.000ns - aclk rise@0.000ns)
  Data Path Delay:        3.253ns  (logic 0.182ns (5.595%)  route 3.071ns (94.405%))
  Logic Levels:           2  (LUT3=1 LUT4=1)
  Clock Path Skew:        0.036ns (DCD - SCD + CPR)
    Destination Clock Delay (DCD):    0.064ns = ( 4.064 - 4.000 ) 
    Source Clock Delay      (SCD):    0.028ns
    Clock Pessimism Removal (CPR):    0.000ns
  Clock Uncertainty:      0.035ns  ((TSJ^2 + TIJ^2)^1/2 + DJ) / 2 + PE
    Total System Jitter     (TSJ):    0.071ns
    Total Input Jitter      (TIJ):    0.000ns
    Discrete Jitter          (DJ):    0.000ns
    Phase Error              (PE):    0.000ns

    Location             Delay type                Incr(ns)  Path(ns)    PBlock               Netlist Resource(s)
  -------------------------------------------------------------------    ----------------------------------------
                         (clock aclk rise edge)       0.000     0.000 r                       
                                                      0.000     0.000 r                       aclk (IN)
                         net (fo=78259, unset)        0.028     0.028                         aclk
    SLICE_X86Y435        FDRE                                         r  pb_layer_1slr        dma_kind_reg[1]_rep/C
  -------------------------------------------------------------------    ----------------------------------------
    SLICE_X86Y435        FDRE (Prop_AFF_SLICEL_C_Q)
                                                      0.079     0.107 r  pb_layer_1slr        dma_kind_reg[1]_rep/Q
                         net (fo=155, estimated)      0.334     0.441                         u_dn/g_dnslot[0].mem_reg_uram_26_i_28_0
    SLICE_X84Y435        LUT3 (Prop_H6LUT_SLICEM_I1_O)
                                                      0.053     0.494 f  pb_layer_1slr        u_dn/g_dnslot[0].mem_reg_uram_0_i_93/O
                         net (fo=121, estimated)      0.821     1.315                         u_dma/g_dnslot[0].mem_reg_uram_15
    SLICE_X96Y462        LUT4 (Prop_D6LUT_SLICEL_I2_O)
                                                      0.050     1.365 r  pb_layer_1slr        u_dma/g_dnslot[0].mem_reg_uram_0_i_11/O
                         net (fo=29, estimated)       1.916     3.281                         g_dnslot[0].ra[1]
    URAM288_X3Y92        URAM288                                      r  pb_layer_1slr        g_dnslot[0].mem_reg_uram_15/ADDR_A[1]
  -------------------------------------------------------------------    ----------------------------------------

                         (clock aclk rise edge)       4.000     4.000 r                       
                                                      0.000     4.000 r                       aclk (IN)
                         net (fo=78259, unset)        0.064     4.064                         aclk
    URAM288_X3Y92        URAM288                                      r  pb_layer_1slr        g_dnslot[0].mem_reg_uram_15/CLK
                         clock pessimism              0.000     4.064                           
                         clock uncertainty           -0.035     4.029                           
    URAM288_X3Y92        URAM288 (Setup_URAM_288K_INST_URAM288_CLK_ADDR_A[1])
                                                     -0.515     3.514    pb_layer_1slr          g_dnslot[0].mem_reg_uram_15
  -------------------------------------------------------------------
                         required time                          3.514                           
                         arrival time                          -3.281                           
  -------------------------------------------------------------------
                         slack                                  0.233                           

Slack (MET) :             0.233ns  (required time - arrival time)
  Source:                 dma_kind_reg[1]_rep/C
                            (rising edge-triggered cell FDRE clocked by aclk  {rise@0.000ns fall@2.000ns period=4.000ns})
  Destination:            g_dnslot[0].mem_reg_uram_15/ADDR_A[1]
                            (rising edge-triggered cell URAM288 clocked by aclk  {rise@0.000ns fall@2.000ns period=4.000ns})
  Path Group:             aclk
  Path Type:              Setup (Max at Slow Process Corner)
  Requirement:            4.000ns  (aclk rise@4.000ns - aclk rise@0.000ns)
  Data Path Delay:        3.253ns  (logic 0.182ns (5.595%)  route 3.071ns (94.405%))
  Logic Levels:           2  (LUT3=1 LUT4=1)
  Clock Path Skew:        0.036ns (DCD - SCD + CPR)
    Destination Clock Delay (DCD):    0.064ns = ( 4.064 - 4.000 ) 
    Source Clock Delay      (SCD):    0.028ns
    Clock Pessimism Removal (CPR):    0.000ns
  Clock Uncertainty:      0.035ns  ((TSJ^2 + TIJ^2)^1/2 + DJ) / 2 + PE
    Total System Jitter     (TSJ):    0.071ns
    Total Input Jitter      (TIJ):    0.000ns
    Discrete Jitter          (DJ):    0.000ns
    Phase Error              (PE):    0.000ns

    Location             Delay type                Incr(ns)  Path(ns)    PBlock               Netlist Resource(s)
  -------------------------------------------------------------------    ----------------------------------------
                         (clock aclk rise edge)       0.000     0.000 r                       
                                                      0.000     0.000 r                       aclk (IN)
                         net (fo=78259, unset)        0.028     0.028                         aclk
    SLICE_X86Y435        FDRE                                         r  pb_layer_1slr        dma_kind_reg[1]_rep/C
  -------------------------------------------------------------------    ----------------------------------------
    SLICE_X86Y435        FDRE (Prop_AFF_SLICEL_C_Q)
                                                      0.079     0.107 f  pb_layer_1slr        dma_kind_reg[1]_rep/Q
                         net (fo=155, estimated)      0.334     0.441                         u_dn/g_dnslot[0].mem_reg_uram_26_i_28_0
    SLICE_X84Y435        LUT3 (Prop_H6LUT_SLICEM_I1_O)
                                                      0.053     0.494 r  pb_layer_1slr        u_dn/g_dnslot[0].mem_reg_uram_0_i_93/O
                         net (fo=121, estimated)      0.821     1.315                         u_dma/g_dnslot[0].mem_reg_uram_15
    SLICE_X96Y462        LUT4 (Prop_D6LUT_SLICEL_I2_O)
                                                      0.050     1.365 f  pb_layer_1slr        u_dma/g_dnslot[0].mem_reg_uram_0_i_11/O
                         net (fo=29, estimated)       1.916     3.281                         g_dnslot[0].ra[1]
    URAM288_X3Y92        URAM288                                      f  pb_layer_1slr        g_dnslot[0].mem_reg_uram_15/ADDR_A[1]
  -------------------------------------------------------------------    ----------------------------------------

                         (clock aclk rise edge)       4.000     4.000 r                       
                                                      0.000     4.000 r                       aclk (IN)
                         net (fo=78259, unset)        0.064     4.064                         aclk
    URAM288_X3Y92        URAM288                                      r  pb_layer_1slr        g_dnslot[0].mem_reg_uram_15/CLK
                         clock pessimism              0.000     4.064                           
                         clock uncertainty           -0.035     4.029                           
    URAM288_X3Y92        URAM288 (Setup_URAM_288K_INST_URAM288_CLK_ADDR_A[1])
                                                     -0.515     3.514    pb_layer_1slr          g_dnslot[0].mem_reg_uram_15
  -------------------------------------------------------------------
                         required time                          3.514                           
                         arrival time                          -3.281                           
  -------------------------------------------------------------------
                         slack                                  0.233                           

Slack (MET) :             0.233ns  (required time - arrival time)
  Source:                 dma_kind_reg[1]_rep/C
                            (rising edge-triggered cell FDRE clocked by aclk  {rise@0.000ns fall@2.000ns period=4.000ns})
  Destination:            g_dnslot[0].mem_reg_uram_15/ADDR_A[1]
                            (rising edge-triggered cell URAM288 clocked by aclk  {rise@0.000ns fall@2.000ns period=4.000ns})
  Path Group:             aclk
  Path Type:              Setup (Max at Slow Process Corner)
  Requirement:            4.000ns  (aclk rise@4.000ns - aclk rise@0.000ns)
  Data Path Delay:        3.253ns  (logic 0.182ns (5.595%)  route 3.071ns (94.405%))
  Logic Levels:           2  (LUT3=1 LUT4=1)
  Clock Path Skew:        0.036ns (DCD - SCD + CPR)
    Destination Clock Delay (DCD):    0.064ns = ( 4.064 - 4.000 ) 
    Source Clock Delay      (SCD):    0.028ns
    Clock Pessimism Removal (CPR):    0.000ns
  Clock Uncertainty:      0.035ns  ((TSJ^2 + TIJ^2)^1/2 + DJ) / 2 + PE
    Total System Jitter     (TSJ):    0.071ns
    Total Input Jitter      (TIJ):    0.000ns
    Discrete Jitter          (DJ):    0.000ns
    Phase Error              (PE):    0.000ns

    Location             Delay type                Incr(ns)  Path(ns)    PBlock               Netlist Resource(s)
  -------------------------------------------------------------------    ----------------------------------------
                         (clock aclk rise edge)       0.000     0.000 r                       
                                                      0.000     0.000 r                       aclk (IN)
                         net (fo=78259, unset)        0.028     0.028                         aclk
    SLICE_X86Y435        FDRE                                         r  pb_layer_1slr        dma_kind_reg[1]_rep/C
  -------------------------------------------------------------------    ----------------------------------------
    SLICE_X86Y435        FDRE (Prop_AFF_SLICEL_C_Q)
                                                      0.079     0.107 r  pb_layer_1slr        dma_kind_reg[1]_rep/Q
                         net (fo=155, estimated)      0.334     0.441                         u_dn/g_dnslot[0].mem_reg_uram_26_i_28_0
    SLICE_X84Y435        LUT3 (Prop_H6LUT_SLICEM_I1_O)
                                                      0.053     0.494 f  pb_layer_1slr        u_dn/g_dnslot[0].mem_reg_uram_0_i_93/O
                         net (fo=121, estimated)      0.821     1.315                         u_dma/g_dnslot[0].mem_reg_uram_15
    SLICE_X96Y462        LUT4 (Prop_D6LUT_SLICEL_I2_O)
                                                      0.050     1.365 f  pb_layer_1slr        u_dma/g_dnslot[0].mem_reg_uram_0_i_11/O
                         net (fo=29, estimated)       1.916     3.281                         g_dnslot[0].ra[1]
    URAM288_X3Y92        URAM288                                      f  pb_layer_1slr        g_dnslot[0].mem_reg_uram_15/ADDR_A[1]
  -------------------------------------------------------------------    ----------------------------------------

                         (clock aclk rise edge)       4.000     4.000 r                       
                                                      0.000     4.000 r                       aclk (IN)
                         net (fo=78259, unset)        0.064     4.064                         aclk
    URAM288_X3Y92        URAM288                                      r  pb_layer_1slr        g_dnslot[0].mem_reg_uram_15/CLK
                         clock pessimism              0.000     4.064                           
                         clock uncertainty           -0.035     4.029                           
    URAM288_X3Y92        URAM288 (Setup_URAM_288K_INST_URAM288_CLK_ADDR_A[1])
                                                     -0.515     3.514    pb_layer_1slr          g_dnslot[0].mem_reg_uram_15
  -------------------------------------------------------------------
                         required time                          3.514                           
                         arrival time                          -3.281                           
  -------------------------------------------------------------------
                         slack                                  0.233                           

Slack (MET) :             0.235ns  (required time - arrival time)
  Source:                 dma_kind_reg[0]_rep/C
                            (rising edge-triggered cell FDRE clocked by aclk  {rise@0.000ns fall@2.000ns period=4.000ns})
  Destination:            g_dnslot[0].mem_reg_uram_15/ADDR_A[3]
                            (rising edge-triggered cell URAM288 clocked by aclk  {rise@0.000ns fall@2.000ns period=4.000ns})
  Path Group:             aclk
  Path Type:              Setup (Max at Slow Process Corner)
  Requirement:            4.000ns  (aclk rise@4.000ns - aclk rise@0.000ns)
  Data Path Delay:        3.284ns  (logic 0.220ns (6.699%)  route 3.064ns (93.301%))
  Logic Levels:           2  (LUT3=1 LUT4=1)
  Clock Path Skew:        0.035ns (DCD - SCD + CPR)
    Destination Clock Delay (DCD):    0.064ns = ( 4.064 - 4.000 ) 
    Source Clock Delay      (SCD):    0.029ns
    Clock Pessimism Removal (CPR):    0.000ns
  Clock Uncertainty:      0.035ns  ((TSJ^2 + TIJ^2)^1/2 + DJ) / 2 + PE
    Total System Jitter     (TSJ):    0.071ns
    Total Input Jitter      (TIJ):    0.000ns
    Discrete Jitter          (DJ):    0.000ns
    Phase Error              (PE):    0.000ns

    Location             Delay type                Incr(ns)  Path(ns)    PBlock               Netlist Resource(s)
  -------------------------------------------------------------------    ----------------------------------------
                         (clock aclk rise edge)       0.000     0.000 r                       
                                                      0.000     0.000 r                       aclk (IN)
                         net (fo=78259, unset)        0.029     0.029                         aclk
    SLICE_X85Y437        FDRE                                         r  pb_layer_1slr        dma_kind_reg[0]_rep/C
  -------------------------------------------------------------------    ----------------------------------------
    SLICE_X85Y437        FDRE (Prop_EFF_SLICEL_C_Q)
                                                      0.079     0.108 f  pb_layer_1slr        dma_kind_reg[0]_rep/Q
                         net (fo=155, estimated)      0.279     0.387                         u_dn/g_dnslot[0].mem_reg_uram_26_i_28_1
    SLICE_X84Y435        LUT3 (Prop_H6LUT_SLICEM_I2_O)
                                                      0.090     0.477 r  pb_layer_1slr        u_dn/g_dnslot[0].mem_reg_uram_0_i_93/O
                         net (fo=121, estimated)      0.866     1.343                         u_dma/g_dnslot[0].mem_reg_uram_15
    SLICE_X97Y468        LUT4 (Prop_C6LUT_SLICEM_I2_O)
                                                      0.051     1.394 r  pb_layer_1slr        u_dma/g_dnslot[0].mem_reg_uram_0_i_9/O
                         net (fo=29, estimated)       1.919     3.313                         g_dnslot[0].ra[3]
    URAM288_X3Y92        URAM288                                      r  pb_layer_1slr        g_dnslot[0].mem_reg_uram_15/ADDR_A[3]
  -------------------------------------------------------------------    ----------------------------------------

                         (clock aclk rise edge)       4.000     4.000 r                       
                                                      0.000     4.000 r                       aclk (IN)
                         net (fo=78259, unset)        0.064     4.064                         aclk
    URAM288_X3Y92        URAM288                                      r  pb_layer_1slr        g_dnslot[0].mem_reg_uram_15/CLK
                         clock pessimism              0.000     4.064                           
                         clock uncertainty           -0.035     4.029                           
    URAM288_X3Y92        URAM288 (Setup_URAM_288K_INST_URAM288_CLK_ADDR_A[3])
                                                     -0.481     3.548    pb_layer_1slr          g_dnslot[0].mem_reg_uram_15
  -------------------------------------------------------------------
                         required time                          3.548                           
                         arrival time                          -3.313                           
  -------------------------------------------------------------------
                         slack                                  0.235                           

Slack (MET) :             0.235ns  (required time - arrival time)
  Source:                 dma_kind_reg[0]_rep/C
                            (rising edge-triggered cell FDRE clocked by aclk  {rise@0.000ns fall@2.000ns period=4.000ns})
  Destination:            g_dnslot[0].mem_reg_uram_15/ADDR_A[3]
                            (rising edge-triggered cell URAM288 clocked by aclk  {rise@0.000ns fall@2.000ns period=4.000ns})
  Path Group:             aclk
  Path Type:              Setup (Max at Slow Process Corner)
  Requirement:            4.000ns  (aclk rise@4.000ns - aclk rise@0.000ns)
  Data Path Delay:        3.284ns  (logic 0.220ns (6.699%)  route 3.064ns (93.301%))
  Logic Levels:           2  (LUT3=1 LUT4=1)
  Clock Path Skew:        0.035ns (DCD - SCD + CPR)
    Destination Clock Delay (DCD):    0.064ns = ( 4.064 - 4.000 ) 
    Source Clock Delay      (SCD):    0.029ns
    Clock Pessimism Removal (CPR):    0.000ns
  Clock Uncertainty:      0.035ns  ((TSJ^2 + TIJ^2)^1/2 + DJ) / 2 + PE
    Total System Jitter     (TSJ):    0.071ns
    Total Input Jitter      (TIJ):    0.000ns
    Discrete Jitter          (DJ):    0.000ns
    Phase Error              (PE):    0.000ns

    Location             Delay type                Incr(ns)  Path(ns)    PBlock               Netlist Resource(s)
  -------------------------------------------------------------------    ----------------------------------------
                         (clock aclk rise edge)       0.000     0.000 r                       
                                                      0.000     0.000 r                       aclk (IN)
                         net (fo=78259, unset)        0.029     0.029                         aclk
    SLICE_X85Y437        FDRE                                         r  pb_layer_1slr        dma_kind_reg[0]_rep/C
  -------------------------------------------------------------------    ----------------------------------------
    SLICE_X85Y437        FDRE (Prop_EFF_SLICEL_C_Q)
                                                      0.079     0.108 r  pb_layer_1slr        dma_kind_reg[0]_rep/Q
                         net (fo=155, estimated)      0.279     0.387                         u_dn/g_dnslot[0].mem_reg_uram_26_i_28_1
    SLICE_X84Y435        LUT3 (Prop_H6LUT_SLICEM_I2_O)
                                                      0.090     0.477 f  pb_layer_1slr        u_dn/g_dnslot[0].mem_reg_uram_0_i_93/O
                         net (fo=121, estimated)      0.866     1.343                         u_dma/g_dnslot[0].mem_reg_uram_15
    SLICE_X97Y468        LUT4 (Prop_C6LUT_SLICEM_I2_O)
                                                      0.051     1.394 r  pb_layer_1slr        u_dma/g_dnslot[0].mem_reg_uram_0_i_9/O
                         net (fo=29, estimated)       1.919     3.313                         g_dnslot[0].ra[3]
    URAM288_X3Y92        URAM288                                      r  pb_layer_1slr        g_dnslot[0].mem_reg_uram_15/ADDR_A[3]
  -------------------------------------------------------------------    ----------------------------------------

                         (clock aclk rise edge)       4.000     4.000 r                       
                                                      0.000     4.000 r                       aclk (IN)
                         net (fo=78259, unset)        0.064     4.064                         aclk
    URAM288_X3Y92        URAM288                                      r  pb_layer_1slr        g_dnslot[0].mem_reg_uram_15/CLK
                         clock pessimism              0.000     4.064                           
                         clock uncertainty           -0.035     4.029                           
    URAM288_X3Y92        URAM288 (Setup_URAM_288K_INST_URAM288_CLK_ADDR_A[3])
                                                     -0.481     3.548    pb_layer_1slr          g_dnslot[0].mem_reg_uram_15
  -------------------------------------------------------------------
                         required time                          3.548                           
                         arrival time                          -3.313                           
  -------------------------------------------------------------------
                         slack                                  0.235                           




