DN 2048-bit bank-mux read path — post-PLACE estimate
endpoint: dn_rdq_reg[*] (the registered final DN_GRP:1 mux fed by
the per-group return registers).  Clock aclk, 4.000 ns / 250 MHz.
Re-derived from post_place.dcp by finish_reports.tcl; see its header.

slack     levels    startSLR  endSLR
-0.356    1         SLR1      SLR1       g_dnslot[1].mem_reg_uram_3/CLK -> dn_rdq_reg[223]/D
-0.356    1         SLR1      SLR1       g_dnslot[1].mem_reg_uram_3/CLK -> dn_rdq_reg[223]/D
-0.324    1         SLR1      SLR1       g_dnslot[0].mem_reg_uram_3/CLK -> dn_rdq_reg[223]/D
-0.324    1         SLR1      SLR1       g_dnslot[0].mem_reg_uram_3/CLK -> dn_rdq_reg[223]/D
-0.260    1         SLR1      SLR1       g_dnslot[1].mem_reg_uram_24/CLK -> dn_rdq_reg[1757]/D
-0.260    1         SLR1      SLR1       g_dnslot[1].mem_reg_uram_24/CLK -> dn_rdq_reg[1757]/D
-0.254    1         SLR1      SLR1       g_dnslot[1].mem_reg_uram_8/CLK -> dn_rdq_reg[639]/D
-0.254    1         SLR1      SLR1       g_dnslot[1].mem_reg_uram_8/CLK -> dn_rdq_reg[639]/D
-0.241    1         SLR1      SLR1       g_dnslot[1].mem_reg_uram_24/CLK -> dn_rdq_reg[1750]/D
-0.241    1         SLR1      SLR1       g_dnslot[1].mem_reg_uram_24/CLK -> dn_rdq_reg[1750]/D
-0.206    1         SLR1      SLR1       g_dnslot[0].mem_reg_uram_8/CLK -> dn_rdq_reg[639]/D
-0.206    1         SLR1      SLR1       g_dnslot[0].mem_reg_uram_8/CLK -> dn_rdq_reg[639]/D
-0.197    1         SLR1      SLR1       g_dnslot[1].mem_reg_uram_24/CLK -> dn_rdq_reg[1736]/D
-0.197    1         SLR1      SLR1       g_dnslot[1].mem_reg_uram_24/CLK -> dn_rdq_reg[1736]/D
-0.195    1         SLR1      SLR1       g_dnslot[1].mem_reg_uram_24/CLK -> dn_rdq_reg[1740]/D
-0.195    1         SLR1      SLR1       g_dnslot[1].mem_reg_uram_24/CLK -> dn_rdq_reg[1740]/D
-0.181    1         SLR1      SLR1       g_dnslot[1].mem_reg_uram_24/CLK -> dn_rdq_reg[1748]/D
-0.181    1         SLR1      SLR1       g_dnslot[1].mem_reg_uram_24/CLK -> dn_rdq_reg[1748]/D
-0.145    1         SLR1      SLR1       g_dnslot[1].mem_reg_uram_24/CLK -> dn_rdq_reg[1745]/D
-0.145    1         SLR1      SLR1       g_dnslot[1].mem_reg_uram_24/CLK -> dn_rdq_reg[1745]/D
-0.135    1         SLR1      SLR1       g_dnslot[1].mem_reg_uram_24/CLK -> dn_rdq_reg[1731]/D
-0.135    1         SLR1      SLR1       g_dnslot[1].mem_reg_uram_24/CLK -> dn_rdq_reg[1731]/D
-0.134    1         SLR1      SLR1       g_dnslot[1].mem_reg_uram_24/CLK -> dn_rdq_reg[1752]/D
-0.134    1         SLR1      SLR1       g_dnslot[1].mem_reg_uram_24/CLK -> dn_rdq_reg[1752]/D
-0.126    1         SLR1      SLR1       g_dnslot[1].mem_reg_uram_24/CLK -> dn_rdq_reg[1730]/D
-0.126    1         SLR1      SLR1       g_dnslot[1].mem_reg_uram_24/CLK -> dn_rdq_reg[1730]/D
-0.122    1         SLR1      SLR1       g_dnslot[1].mem_reg_uram_24/CLK -> dn_rdq_reg[1735]/D
-0.122    1         SLR1      SLR1       g_dnslot[1].mem_reg_uram_24/CLK -> dn_rdq_reg[1735]/D
-0.112    1         SLR1      SLR1       g_dnslot[1].mem_reg_uram_24/CLK -> dn_rdq_reg[1744]/D
-0.112    1         SLR1      SLR1       g_dnslot[1].mem_reg_uram_24/CLK -> dn_rdq_reg[1744]/D

---- full report_timing on the worst 10 ----
Copyright 1986-2022 Xilinx, Inc. All Rights Reserved. Copyright 2022-2024 Advanced Micro Devices, Inc. All Rights Reserved.
----------------------------------------------------------------------------------------------------------------------------------------------------------------------------------------------------------------------------------------------
| Tool Version      : Vivado v.2024.2 (lin64) Build 5239630 Fri Nov 08 22:34:34 MST 2024
| Date              : Sat Sep  5 18:22:01 2026
| Host              : snoke running 64-bit Ubuntu 24.04.4 LTS
| Command           : report_timing -to [get_cells -quiet -hier -filter {NAME =~ *dn_rdq_reg*}] -max_paths 10 -nworst 10 -setup -file /home/cah/r2d2/code/fpga/fable5_llm/synth/out_exp_uram_s5fix_base/reports/dn_bank_mux_paths.rpt -append
| Design            : layer_chan
| Device            : xcvu9p-fsgd2104
| Speed File        : -2L  PRODUCTION 1.28 03-30-2022
| Design State      : Fully Placed
| Temperature Grade : E
----------------------------------------------------------------------------------------------------------------------------------------------------------------------------------------------------------------------------------------------

Timing Report

Slack (VIOLATED) :        -0.356ns  (required time - arrival time)
  Source:                 g_dnslot[1].mem_reg_uram_3/CLK
                            (rising edge-triggered cell URAM288 clocked by aclk  {rise@0.000ns fall@2.000ns period=4.000ns})
  Destination:            dn_rdq_reg[223]/D
                            (rising edge-triggered cell FDRE clocked by aclk  {rise@0.000ns fall@2.000ns period=4.000ns})
  Path Group:             aclk
  Path Type:              Setup (Max at Slow Process Corner)
  Requirement:            4.000ns  (aclk rise@4.000ns - aclk rise@0.000ns)
  Data Path Delay:        4.283ns  (logic 1.361ns (31.777%)  route 2.922ns (68.223%))
  Logic Levels:           1  (LUT3=1)
  Clock Path Skew:        -0.063ns (DCD - SCD + CPR)
    Destination Clock Delay (DCD):    0.020ns = ( 4.020 - 4.000 ) 
    Source Clock Delay      (SCD):    0.083ns
    Clock Pessimism Removal (CPR):    0.000ns
  Clock Uncertainty:      0.035ns  ((TSJ^2 + TIJ^2)^1/2 + DJ) / 2 + PE
    Total System Jitter     (TSJ):    0.071ns
    Total Input Jitter      (TIJ):    0.000ns
    Discrete Jitter          (DJ):    0.000ns
    Phase Error              (PE):    0.000ns

    Location             Delay type                Incr(ns)  Path(ns)    Netlist Resource(s)
  -------------------------------------------------------------------    -------------------
                         (clock aclk rise edge)       0.000     0.000 r  
                                                      0.000     0.000 r  aclk (IN)
                         net (fo=77951, unset)        0.083     0.083    aclk
    URAM288_X3Y137       URAM288                                      r  g_dnslot[1].mem_reg_uram_3/CLK
  -------------------------------------------------------------------    -------------------
    URAM288_X3Y137       URAM288 (Prop_URAM_288K_INST_URAM288_CLK_DOUT_A[7])
                                                      1.272     1.355 r  g_dnslot[1].mem_reg_uram_3/DOUT_A[7]
                         net (fo=2, estimated)        2.178     3.533    u_dn/g_dnslot[1].dn_rdq_b_reg[1][223]
    SLICE_X89Y347        LUT3 (Prop_F6LUT_SLICEL_I0_O)
                                                      0.089     3.622 r  u_dn/p_1_out__17__0__0_i_1/O
                         net (fo=3, estimated)        0.744     4.366    u_dn_n_1824
    SLICE_X82Y308        FDRE                                         r  dn_rdq_reg[223]/D
  -------------------------------------------------------------------    -------------------

                         (clock aclk rise edge)       4.000     4.000 r  
                                                      0.000     4.000 r  aclk (IN)
                         net (fo=77951, unset)        0.020     4.020    aclk
    SLICE_X82Y308        FDRE                                         r  dn_rdq_reg[223]/C
                         clock pessimism              0.000     4.020    
                         clock uncertainty           -0.035     3.985    
    SLICE_X82Y308        FDRE (Setup_EFF_SLICEL_C_D)
                                                      0.025     4.010    dn_rdq_reg[223]
  -------------------------------------------------------------------
                         required time                          4.010    
                         arrival time                          -4.366    
  -------------------------------------------------------------------
                         slack                                 -0.356    

Slack (VIOLATED) :        -0.356ns  (required time - arrival time)
  Source:                 g_dnslot[1].mem_reg_uram_3/CLK
                            (rising edge-triggered cell URAM288 clocked by aclk  {rise@0.000ns fall@2.000ns period=4.000ns})
  Destination:            dn_rdq_reg[223]/D
                            (rising edge-triggered cell FDRE clocked by aclk  {rise@0.000ns fall@2.000ns period=4.000ns})
  Path Group:             aclk
  Path Type:              Setup (Max at Slow Process Corner)
  Requirement:            4.000ns  (aclk rise@4.000ns - aclk rise@0.000ns)
  Data Path Delay:        4.283ns  (logic 1.361ns (31.777%)  route 2.922ns (68.223%))
  Logic Levels:           1  (LUT3=1)
  Clock Path Skew:        -0.063ns (DCD - SCD + CPR)
    Destination Clock Delay (DCD):    0.020ns = ( 4.020 - 4.000 ) 
    Source Clock Delay      (SCD):    0.083ns
    Clock Pessimism Removal (CPR):    0.000ns
  Clock Uncertainty:      0.035ns  ((TSJ^2 + TIJ^2)^1/2 + DJ) / 2 + PE
    Total System Jitter     (TSJ):    0.071ns
    Total Input Jitter      (TIJ):    0.000ns
    Discrete Jitter          (DJ):    0.000ns
    Phase Error              (PE):    0.000ns

    Location             Delay type                Incr(ns)  Path(ns)    Netlist Resource(s)
  -------------------------------------------------------------------    -------------------
                         (clock aclk rise edge)       0.000     0.000 r  
                                                      0.000     0.000 r  aclk (IN)
                         net (fo=77951, unset)        0.083     0.083    aclk
    URAM288_X3Y137       URAM288                                      r  g_dnslot[1].mem_reg_uram_3/CLK
  -------------------------------------------------------------------    -------------------
    URAM288_X3Y137       URAM288 (Prop_URAM_288K_INST_URAM288_CLK_DOUT_A[7])
                                                      1.272     1.355 f  g_dnslot[1].mem_reg_uram_3/DOUT_A[7]
                         net (fo=2, estimated)        2.178     3.533    u_dn/g_dnslot[1].dn_rdq_b_reg[1][223]
    SLICE_X89Y347        LUT3 (Prop_F6LUT_SLICEL_I0_O)
                                                      0.089     3.622 f  u_dn/p_1_out__17__0__0_i_1/O
                         net (fo=3, estimated)        0.744     4.366    u_dn_n_1824
    SLICE_X82Y308        FDRE                                         f  dn_rdq_reg[223]/D
  -------------------------------------------------------------------    -------------------

                         (clock aclk rise edge)       4.000     4.000 r  
                                                      0.000     4.000 r  aclk (IN)
                         net (fo=77951, unset)        0.020     4.020    aclk
    SLICE_X82Y308        FDRE                                         r  dn_rdq_reg[223]/C
                         clock pessimism              0.000     4.020    
                         clock uncertainty           -0.035     3.985    
    SLICE_X82Y308        FDRE (Setup_EFF_SLICEL_C_D)
                                                      0.025     4.010    dn_rdq_reg[223]
  -------------------------------------------------------------------
                         required time                          4.010    
                         arrival time                          -4.366    
  -------------------------------------------------------------------
                         slack                                 -0.356    

Slack (VIOLATED) :        -0.324ns  (required time - arrival time)
  Source:                 g_dnslot[0].mem_reg_uram_3/CLK
                            (rising edge-triggered cell URAM288 clocked by aclk  {rise@0.000ns fall@2.000ns period=4.000ns})
  Destination:            dn_rdq_reg[223]/D
                            (rising edge-triggered cell FDRE clocked by aclk  {rise@0.000ns fall@2.000ns period=4.000ns})
  Path Group:             aclk
  Path Type:              Setup (Max at Slow Process Corner)
  Requirement:            4.000ns  (aclk rise@4.000ns - aclk rise@0.000ns)
  Data Path Delay:        4.251ns  (logic 1.321ns (31.075%)  route 2.930ns (68.925%))
  Logic Levels:           1  (LUT3=1)
  Clock Path Skew:        -0.063ns (DCD - SCD + CPR)
    Destination Clock Delay (DCD):    0.020ns = ( 4.020 - 4.000 ) 
    Source Clock Delay      (SCD):    0.083ns
    Clock Pessimism Removal (CPR):    0.000ns
  Clock Uncertainty:      0.035ns  ((TSJ^2 + TIJ^2)^1/2 + DJ) / 2 + PE
    Total System Jitter     (TSJ):    0.071ns
    Total Input Jitter      (TIJ):    0.000ns
    Discrete Jitter          (DJ):    0.000ns
    Phase Error              (PE):    0.000ns

    Location             Delay type                Incr(ns)  Path(ns)    Netlist Resource(s)
  -------------------------------------------------------------------    -------------------
                         (clock aclk rise edge)       0.000     0.000 r  
                                                      0.000     0.000 r  aclk (IN)
                         net (fo=77951, unset)        0.083     0.083    aclk
    URAM288_X3Y136       URAM288                                      r  g_dnslot[0].mem_reg_uram_3/CLK
  -------------------------------------------------------------------    -------------------
    URAM288_X3Y136       URAM288 (Prop_URAM_288K_INST_URAM288_CLK_DOUT_A[7])
                                                      1.272     1.355 r  g_dnslot[0].mem_reg_uram_3/DOUT_A[7]
                         net (fo=2, estimated)        2.186     3.541    u_dn/g_dnslot[0].dn_rdq_b_reg[0][223]
    SLICE_X89Y347        LUT3 (Prop_F6LUT_SLICEL_I1_O)
                                                      0.049     3.590 r  u_dn/p_1_out__17__0__0_i_1/O
                         net (fo=3, estimated)        0.744     4.334    u_dn_n_1824
    SLICE_X82Y308        FDRE                                         r  dn_rdq_reg[223]/D
  -------------------------------------------------------------------    -------------------

                         (clock aclk rise edge)       4.000     4.000 r  
                                                      0.000     4.000 r  aclk (IN)
                         net (fo=77951, unset)        0.020     4.020    aclk
    SLICE_X82Y308        FDRE                                         r  dn_rdq_reg[223]/C
                         clock pessimism              0.000     4.020    
                         clock uncertainty           -0.035     3.985    
    SLICE_X82Y308        FDRE (Setup_EFF_SLICEL_C_D)
                                                      0.025     4.010    dn_rdq_reg[223]
  -------------------------------------------------------------------
                         required time                          4.010    
                         arrival time                          -4.334    
  -------------------------------------------------------------------
                         slack                                 -0.324    

Slack (VIOLATED) :        -0.324ns  (required time - arrival time)
  Source:                 g_dnslot[0].mem_reg_uram_3/CLK
                            (rising edge-triggered cell URAM288 clocked by aclk  {rise@0.000ns fall@2.000ns period=4.000ns})
  Destination:            dn_rdq_reg[223]/D
                            (rising edge-triggered cell FDRE clocked by aclk  {rise@0.000ns fall@2.000ns period=4.000ns})
  Path Group:             aclk
  Path Type:              Setup (Max at Slow Process Corner)
  Requirement:            4.000ns  (aclk rise@4.000ns - aclk rise@0.000ns)
  Data Path Delay:        4.251ns  (logic 1.321ns (31.075%)  route 2.930ns (68.925%))
  Logic Levels:           1  (LUT3=1)
  Clock Path Skew:        -0.063ns (DCD - SCD + CPR)
    Destination Clock Delay (DCD):    0.020ns = ( 4.020 - 4.000 ) 
    Source Clock Delay      (SCD):    0.083ns
    Clock Pessimism Removal (CPR):    0.000ns
  Clock Uncertainty:      0.035ns  ((TSJ^2 + TIJ^2)^1/2 + DJ) / 2 + PE
    Total System Jitter     (TSJ):    0.071ns
    Total Input Jitter      (TIJ):    0.000ns
    Discrete Jitter          (DJ):    0.000ns
    Phase Error              (PE):    0.000ns

    Location             Delay type                Incr(ns)  Path(ns)    Netlist Resource(s)
  -------------------------------------------------------------------    -------------------
                         (clock aclk rise edge)       0.000     0.000 r  
                                                      0.000     0.000 r  aclk (IN)
                         net (fo=77951, unset)        0.083     0.083    aclk
    URAM288_X3Y136       URAM288                                      r  g_dnslot[0].mem_reg_uram_3/CLK
  -------------------------------------------------------------------    -------------------
    URAM288_X3Y136       URAM288 (Prop_URAM_288K_INST_URAM288_CLK_DOUT_A[7])
                                                      1.272     1.355 f  g_dnslot[0].mem_reg_uram_3/DOUT_A[7]
                         net (fo=2, estimated)        2.186     3.541    u_dn/g_dnslot[0].dn_rdq_b_reg[0][223]
    SLICE_X89Y347        LUT3 (Prop_F6LUT_SLICEL_I1_O)
                                                      0.049     3.590 f  u_dn/p_1_out__17__0__0_i_1/O
                         net (fo=3, estimated)        0.744     4.334    u_dn_n_1824
    SLICE_X82Y308        FDRE                                         f  dn_rdq_reg[223]/D
  -------------------------------------------------------------------    -------------------

                         (clock aclk rise edge)       4.000     4.000 r  
                                                      0.000     4.000 r  aclk (IN)
                         net (fo=77951, unset)        0.020     4.020    aclk
    SLICE_X82Y308        FDRE                                         r  dn_rdq_reg[223]/C
                         clock pessimism              0.000     4.020    
                         clock uncertainty           -0.035     3.985    
    SLICE_X82Y308        FDRE (Setup_EFF_SLICEL_C_D)
                                                      0.025     4.010    dn_rdq_reg[223]
  -------------------------------------------------------------------
                         required time                          4.010    
                         arrival time                          -4.334    
  -------------------------------------------------------------------
                         slack                                 -0.324    

Slack (VIOLATED) :        -0.260ns  (required time - arrival time)
  Source:                 g_dnslot[1].mem_reg_uram_24/CLK
                            (rising edge-triggered cell URAM288 clocked by aclk  {rise@0.000ns fall@2.000ns period=4.000ns})
  Destination:            dn_rdq_reg[1757]/D
                            (rising edge-triggered cell FDRE clocked by aclk  {rise@0.000ns fall@2.000ns period=4.000ns})
  Path Group:             aclk
  Path Type:              Setup (Max at Slow Process Corner)
  Requirement:            4.000ns  (aclk rise@4.000ns - aclk rise@0.000ns)
  Data Path Delay:        4.188ns  (logic 1.382ns (32.999%)  route 2.806ns (67.001%))
  Logic Levels:           1  (LUT3=1)
  Clock Path Skew:        -0.062ns (DCD - SCD + CPR)
    Destination Clock Delay (DCD):    0.021ns = ( 4.021 - 4.000 ) 
    Source Clock Delay      (SCD):    0.083ns
    Clock Pessimism Removal (CPR):    0.000ns
  Clock Uncertainty:      0.035ns  ((TSJ^2 + TIJ^2)^1/2 + DJ) / 2 + PE
    Total System Jitter     (TSJ):    0.071ns
    Total Input Jitter      (TIJ):    0.000ns
    Discrete Jitter          (DJ):    0.000ns
    Phase Error              (PE):    0.000ns

    Location             Delay type                Incr(ns)  Path(ns)    Netlist Resource(s)
  -------------------------------------------------------------------    -------------------
                         (clock aclk rise edge)       0.000     0.000 r  
                                                      0.000     0.000 r  aclk (IN)
                         net (fo=77951, unset)        0.083     0.083    aclk
    URAM288_X3Y126       URAM288                                      r  g_dnslot[1].mem_reg_uram_24/CLK
  -------------------------------------------------------------------    -------------------
    URAM288_X3Y126       URAM288 (Prop_URAM_288K_INST_URAM288_CLK_DOUT_A[29])
                                                      1.224     1.307 r  g_dnslot[1].mem_reg_uram_24/DOUT_A[29]
                         net (fo=2, estimated)        1.604     2.911    u_dn/g_dnslot[1].dn_rdq_b_reg[1][1757]
    SLICE_X64Y451        LUT3 (Prop_D5LUT_SLICEM_I0_O)
                                                      0.158     3.069 r  u_dn/p_1_out__21__0__0_i_3/O
                         net (fo=3, estimated)        1.202     4.271    u_dn_n_290
    SLICE_X35Y436        FDRE                                         r  dn_rdq_reg[1757]/D
  -------------------------------------------------------------------    -------------------

                         (clock aclk rise edge)       4.000     4.000 r  
                                                      0.000     4.000 r  aclk (IN)
                         net (fo=77951, unset)        0.021     4.021    aclk
    SLICE_X35Y436        FDRE                                         r  dn_rdq_reg[1757]/C
                         clock pessimism              0.000     4.021    
                         clock uncertainty           -0.035     3.986    
    SLICE_X35Y436        FDRE (Setup_BFF_SLICEM_C_D)
                                                      0.025     4.011    dn_rdq_reg[1757]
  -------------------------------------------------------------------
                         required time                          4.011    
                         arrival time                          -4.271    
  -------------------------------------------------------------------
                         slack                                 -0.260    

Slack (VIOLATED) :        -0.260ns  (required time - arrival time)
  Source:                 g_dnslot[1].mem_reg_uram_24/CLK
                            (rising edge-triggered cell URAM288 clocked by aclk  {rise@0.000ns fall@2.000ns period=4.000ns})
  Destination:            dn_rdq_reg[1757]/D
                            (rising edge-triggered cell FDRE clocked by aclk  {rise@0.000ns fall@2.000ns period=4.000ns})
  Path Group:             aclk
  Path Type:              Setup (Max at Slow Process Corner)
  Requirement:            4.000ns  (aclk rise@4.000ns - aclk rise@0.000ns)
  Data Path Delay:        4.188ns  (logic 1.382ns (32.999%)  route 2.806ns (67.001%))
  Logic Levels:           1  (LUT3=1)
  Clock Path Skew:        -0.062ns (DCD - SCD + CPR)
    Destination Clock Delay (DCD):    0.021ns = ( 4.021 - 4.000 ) 
    Source Clock Delay      (SCD):    0.083ns
    Clock Pessimism Removal (CPR):    0.000ns
  Clock Uncertainty:      0.035ns  ((TSJ^2 + TIJ^2)^1/2 + DJ) / 2 + PE
    Total System Jitter     (TSJ):    0.071ns
    Total Input Jitter      (TIJ):    0.000ns
    Discrete Jitter          (DJ):    0.000ns
    Phase Error              (PE):    0.000ns

    Location             Delay type                Incr(ns)  Path(ns)    Netlist Resource(s)
  -------------------------------------------------------------------    -------------------
                         (clock aclk rise edge)       0.000     0.000 r  
                                                      0.000     0.000 r  aclk (IN)
                         net (fo=77951, unset)        0.083     0.083    aclk
    URAM288_X3Y126       URAM288                                      r  g_dnslot[1].mem_reg_uram_24/CLK
  -------------------------------------------------------------------    -------------------
    URAM288_X3Y126       URAM288 (Prop_URAM_288K_INST_URAM288_CLK_DOUT_A[29])
                                                      1.224     1.307 f  g_dnslot[1].mem_reg_uram_24/DOUT_A[29]
                         net (fo=2, estimated)        1.604     2.911    u_dn/g_dnslot[1].dn_rdq_b_reg[1][1757]
    SLICE_X64Y451        LUT3 (Prop_D5LUT_SLICEM_I0_O)
                                                      0.158     3.069 f  u_dn/p_1_out__21__0__0_i_3/O
                         net (fo=3, estimated)        1.202     4.271    u_dn_n_290
    SLICE_X35Y436        FDRE                                         f  dn_rdq_reg[1757]/D
  -------------------------------------------------------------------    -------------------

                         (clock aclk rise edge)       4.000     4.000 r  
                                                      0.000     4.000 r  aclk (IN)
                         net (fo=77951, unset)        0.021     4.021    aclk
    SLICE_X35Y436        FDRE                                         r  dn_rdq_reg[1757]/C
                         clock pessimism              0.000     4.021    
                         clock uncertainty           -0.035     3.986    
    SLICE_X35Y436        FDRE (Setup_BFF_SLICEM_C_D)
                                                      0.025     4.011    dn_rdq_reg[1757]
  -------------------------------------------------------------------
                         required time                          4.011    
                         arrival time                          -4.271    
  -------------------------------------------------------------------
                         slack                                 -0.260    

Slack (VIOLATED) :        -0.254ns  (required time - arrival time)
  Source:                 g_dnslot[1].mem_reg_uram_8/CLK
                            (rising edge-triggered cell URAM288 clocked by aclk  {rise@0.000ns fall@2.000ns period=4.000ns})
  Destination:            dn_rdq_reg[639]/D
                            (rising edge-triggered cell FDRE clocked by aclk  {rise@0.000ns fall@2.000ns period=4.000ns})
  Path Group:             aclk
  Path Type:              Setup (Max at Slow Process Corner)
  Requirement:            4.000ns  (aclk rise@4.000ns - aclk rise@0.000ns)
  Data Path Delay:        4.181ns  (logic 1.308ns (31.284%)  route 2.873ns (68.716%))
  Logic Levels:           1  (LUT3=1)
  Clock Path Skew:        -0.063ns (DCD - SCD + CPR)
    Destination Clock Delay (DCD):    0.020ns = ( 4.020 - 4.000 ) 
    Source Clock Delay      (SCD):    0.083ns
    Clock Pessimism Removal (CPR):    0.000ns
  Clock Uncertainty:      0.035ns  ((TSJ^2 + TIJ^2)^1/2 + DJ) / 2 + PE
    Total System Jitter     (TSJ):    0.071ns
    Total Input Jitter      (TIJ):    0.000ns
    Discrete Jitter          (DJ):    0.000ns
    Phase Error              (PE):    0.000ns

    Location             Delay type                Incr(ns)  Path(ns)    Netlist Resource(s)
  -------------------------------------------------------------------    -------------------
                         (clock aclk rise edge)       0.000     0.000 r  
                                                      0.000     0.000 r  aclk (IN)
                         net (fo=77951, unset)        0.083     0.083    aclk
    URAM288_X3Y127       URAM288                                      r  g_dnslot[1].mem_reg_uram_8/CLK
  -------------------------------------------------------------------    -------------------
    URAM288_X3Y127       URAM288 (Prop_URAM_288K_INST_URAM288_CLK_DOUT_A[63])
                                                      1.195     1.278 r  g_dnslot[1].mem_reg_uram_8/DOUT_A[63]
                         net (fo=2, estimated)        1.437     2.715    u_dn/g_dnslot[1].dn_rdq_b_reg[1][639]
    SLICE_X72Y444        LUT3 (Prop_E5LUT_SLICEM_I0_O)
                                                      0.113     2.828 r  u_dn/p_1_out__4__1__0_i_1/O
                         net (fo=17, estimated)       1.436     4.264    u_dn_n_1408
    SLICE_X41Y408        FDRE                                         r  dn_rdq_reg[639]/D
  -------------------------------------------------------------------    -------------------

                         (clock aclk rise edge)       4.000     4.000 r  
                                                      0.000     4.000 r  aclk (IN)
                         net (fo=77951, unset)        0.020     4.020    aclk
    SLICE_X41Y408        FDRE                                         r  dn_rdq_reg[639]/C
                         clock pessimism              0.000     4.020    
                         clock uncertainty           -0.035     3.985    
    SLICE_X41Y408        FDRE (Setup_EFF_SLICEL_C_D)
                                                      0.025     4.010    dn_rdq_reg[639]
  -------------------------------------------------------------------
                         required time                          4.010    
                         arrival time                          -4.264    
  -------------------------------------------------------------------
                         slack                                 -0.254    

Slack (VIOLATED) :        -0.254ns  (required time - arrival time)
  Source:                 g_dnslot[1].mem_reg_uram_8/CLK
                            (rising edge-triggered cell URAM288 clocked by aclk  {rise@0.000ns fall@2.000ns period=4.000ns})
  Destination:            dn_rdq_reg[639]/D
                            (rising edge-triggered cell FDRE clocked by aclk  {rise@0.000ns fall@2.000ns period=4.000ns})
  Path Group:             aclk
  Path Type:              Setup (Max at Slow Process Corner)
  Requirement:            4.000ns  (aclk rise@4.000ns - aclk rise@0.000ns)
  Data Path Delay:        4.181ns  (logic 1.308ns (31.284%)  route 2.873ns (68.716%))
  Logic Levels:           1  (LUT3=1)
  Clock Path Skew:        -0.063ns (DCD - SCD + CPR)
    Destination Clock Delay (DCD):    0.020ns = ( 4.020 - 4.000 ) 
    Source Clock Delay      (SCD):    0.083ns
    Clock Pessimism Removal (CPR):    0.000ns
  Clock Uncertainty:      0.035ns  ((TSJ^2 + TIJ^2)^1/2 + DJ) / 2 + PE
    Total System Jitter     (TSJ):    0.071ns
    Total Input Jitter      (TIJ):    0.000ns
    Discrete Jitter          (DJ):    0.000ns
    Phase Error              (PE):    0.000ns

    Location             Delay type                Incr(ns)  Path(ns)    Netlist Resource(s)
  -------------------------------------------------------------------    -------------------
                         (clock aclk rise edge)       0.000     0.000 r  
                                                      0.000     0.000 r  aclk (IN)
                         net (fo=77951, unset)        0.083     0.083    aclk
    URAM288_X3Y127       URAM288                                      r  g_dnslot[1].mem_reg_uram_8/CLK
  -------------------------------------------------------------------    -------------------
    URAM288_X3Y127       URAM288 (Prop_URAM_288K_INST_URAM288_CLK_DOUT_A[63])
                                                      1.195     1.278 f  g_dnslot[1].mem_reg_uram_8/DOUT_A[63]
                         net (fo=2, estimated)        1.437     2.715    u_dn/g_dnslot[1].dn_rdq_b_reg[1][639]
    SLICE_X72Y444        LUT3 (Prop_E5LUT_SLICEM_I0_O)
                                                      0.113     2.828 f  u_dn/p_1_out__4__1__0_i_1/O
                         net (fo=17, estimated)       1.436     4.264    u_dn_n_1408
    SLICE_X41Y408        FDRE                                         f  dn_rdq_reg[639]/D
  -------------------------------------------------------------------    -------------------

                         (clock aclk rise edge)       4.000     4.000 r  
                                                      0.000     4.000 r  aclk (IN)
                         net (fo=77951, unset)        0.020     4.020    aclk
    SLICE_X41Y408        FDRE                                         r  dn_rdq_reg[639]/C
                         clock pessimism              0.000     4.020    
                         clock uncertainty           -0.035     3.985    
    SLICE_X41Y408        FDRE (Setup_EFF_SLICEL_C_D)
                                                      0.025     4.010    dn_rdq_reg[639]
  -------------------------------------------------------------------
                         required time                          4.010    
                         arrival time                          -4.264    
  -------------------------------------------------------------------
                         slack                                 -0.254    

Slack (VIOLATED) :        -0.241ns  (required time - arrival time)
  Source:                 g_dnslot[1].mem_reg_uram_24/CLK
                            (rising edge-triggered cell URAM288 clocked by aclk  {rise@0.000ns fall@2.000ns period=4.000ns})
  Destination:            dn_rdq_reg[1750]/D
                            (rising edge-triggered cell FDRE clocked by aclk  {rise@0.000ns fall@2.000ns period=4.000ns})
  Path Group:             aclk
  Path Type:              Setup (Max at Slow Process Corner)
  Requirement:            4.000ns  (aclk rise@4.000ns - aclk rise@0.000ns)
  Data Path Delay:        4.169ns  (logic 1.324ns (31.758%)  route 2.845ns (68.242%))
  Logic Levels:           1  (LUT3=1)
  Clock Path Skew:        -0.062ns (DCD - SCD + CPR)
    Destination Clock Delay (DCD):    0.021ns = ( 4.021 - 4.000 ) 
    Source Clock Delay      (SCD):    0.083ns
    Clock Pessimism Removal (CPR):    0.000ns
  Clock Uncertainty:      0.035ns  ((TSJ^2 + TIJ^2)^1/2 + DJ) / 2 + PE
    Total System Jitter     (TSJ):    0.071ns
    Total Input Jitter      (TIJ):    0.000ns
    Discrete Jitter          (DJ):    0.000ns
    Phase Error              (PE):    0.000ns

    Location             Delay type                Incr(ns)  Path(ns)    Netlist Resource(s)
  -------------------------------------------------------------------    -------------------
                         (clock aclk rise edge)       0.000     0.000 r  
                                                      0.000     0.000 r  aclk (IN)
                         net (fo=77951, unset)        0.083     0.083    aclk
    URAM288_X3Y126       URAM288                                      r  g_dnslot[1].mem_reg_uram_24/CLK
  -------------------------------------------------------------------    -------------------
    URAM288_X3Y126       URAM288 (Prop_URAM_288K_INST_URAM288_CLK_DOUT_A[22])
                                                      1.234     1.317 r  g_dnslot[1].mem_reg_uram_24/DOUT_A[22]
                         net (fo=2, estimated)        1.697     3.014    u_dn/g_dnslot[1].dn_rdq_b_reg[1][1750]
    SLICE_X64Y440        LUT3 (Prop_H6LUT_SLICEM_I0_O)
                                                      0.090     3.104 r  u_dn/p_1_out__21__0__0_i_10/O
                         net (fo=3, estimated)        1.148     4.252    u_dn_n_297
    SLICE_X35Y436        FDRE                                         r  dn_rdq_reg[1750]/D
  -------------------------------------------------------------------    -------------------

                         (clock aclk rise edge)       4.000     4.000 r  
                                                      0.000     4.000 r  aclk (IN)
                         net (fo=77951, unset)        0.021     4.021    aclk
    SLICE_X35Y436        FDRE                                         r  dn_rdq_reg[1750]/C
                         clock pessimism              0.000     4.021    
                         clock uncertainty           -0.035     3.986    
    SLICE_X35Y436        FDRE (Setup_AFF_SLICEM_C_D)
                                                      0.025     4.011    dn_rdq_reg[1750]
  -------------------------------------------------------------------
                         required time                          4.011    
                         arrival time                          -4.252    
  -------------------------------------------------------------------
                         slack                                 -0.241    

Slack (VIOLATED) :        -0.241ns  (required time - arrival time)
  Source:                 g_dnslot[1].mem_reg_uram_24/CLK
                            (rising edge-triggered cell URAM288 clocked by aclk  {rise@0.000ns fall@2.000ns period=4.000ns})
  Destination:            dn_rdq_reg[1750]/D
                            (rising edge-triggered cell FDRE clocked by aclk  {rise@0.000ns fall@2.000ns period=4.000ns})
  Path Group:             aclk
  Path Type:              Setup (Max at Slow Process Corner)
  Requirement:            4.000ns  (aclk rise@4.000ns - aclk rise@0.000ns)
  Data Path Delay:        4.169ns  (logic 1.324ns (31.758%)  route 2.845ns (68.242%))
  Logic Levels:           1  (LUT3=1)
  Clock Path Skew:        -0.062ns (DCD - SCD + CPR)
    Destination Clock Delay (DCD):    0.021ns = ( 4.021 - 4.000 ) 
    Source Clock Delay      (SCD):    0.083ns
    Clock Pessimism Removal (CPR):    0.000ns
  Clock Uncertainty:      0.035ns  ((TSJ^2 + TIJ^2)^1/2 + DJ) / 2 + PE
    Total System Jitter     (TSJ):    0.071ns
    Total Input Jitter      (TIJ):    0.000ns
    Discrete Jitter          (DJ):    0.000ns
    Phase Error              (PE):    0.000ns

    Location             Delay type                Incr(ns)  Path(ns)    Netlist Resource(s)
  -------------------------------------------------------------------    -------------------
                         (clock aclk rise edge)       0.000     0.000 r  
                                                      0.000     0.000 r  aclk (IN)
                         net (fo=77951, unset)        0.083     0.083    aclk
    URAM288_X3Y126       URAM288                                      r  g_dnslot[1].mem_reg_uram_24/CLK
  -------------------------------------------------------------------    -------------------
    URAM288_X3Y126       URAM288 (Prop_URAM_288K_INST_URAM288_CLK_DOUT_A[22])
                                                      1.234     1.317 f  g_dnslot[1].mem_reg_uram_24/DOUT_A[22]
                         net (fo=2, estimated)        1.697     3.014    u_dn/g_dnslot[1].dn_rdq_b_reg[1][1750]
    SLICE_X64Y440        LUT3 (Prop_H6LUT_SLICEM_I0_O)
                                                      0.090     3.104 f  u_dn/p_1_out__21__0__0_i_10/O
                         net (fo=3, estimated)        1.148     4.252    u_dn_n_297
    SLICE_X35Y436        FDRE                                         f  dn_rdq_reg[1750]/D
  -------------------------------------------------------------------    -------------------

                         (clock aclk rise edge)       4.000     4.000 r  
                                                      0.000     4.000 r  aclk (IN)
                         net (fo=77951, unset)        0.021     4.021    aclk
    SLICE_X35Y436        FDRE                                         r  dn_rdq_reg[1750]/C
                         clock pessimism              0.000     4.021    
                         clock uncertainty           -0.035     3.986    
    SLICE_X35Y436        FDRE (Setup_AFF_SLICEM_C_D)
                                                      0.025     4.011    dn_rdq_reg[1750]
  -------------------------------------------------------------------
                         required time                          4.011    
                         arrival time                          -4.252    
  -------------------------------------------------------------------
                         slack                                 -0.241    




