=== family_run for s5fix_1slralt, re-derived from /home/cah/r2d2/code/fpga/fable5_llm/synth/out_exp_uram_s5fix_1slralt/post_place.dcp
=== host: snoke
=== date: 2026-09-05T18:26:11-06:00
=== tree: 74cf100
=== dcp:  2026-09-05 18:15:57.297161113 -0600 97906909 bytes
=== ---
FAM_DCP: /home/cah/r2d2/code/fpga/fable5_llm/synth/out_exp_uram_s5fix_1slralt/post_place.dcp
FAM_TABLE family cells worst_slack levels datapath logic route route_pct startSLR endSLR
FAM_ROW DN_SLOT           4231    0.218   2   3.302   0.183   3.119   94.5 SLR1  SLR1 
FAM_PATH DN_SLOT dma_kind_reg[1]_rep/C -> g_dnslot[0].mem_reg_uram_15/ADDR_A[3]
FAM_ROW KV_SLOT           4351    0.081   3   3.420   0.433   2.987   87.3 SLR1  SLR1 
FAM_PATH KV_SLOT dma_act_reg/C -> g_kvslot[1].mem_reg_uram_15/CAS_IN_ADDR_A[0]
FAM_ROW CV_SLOT            540    0.181   2   3.507   0.392   3.115   88.8 SLR1  SLR1 
FAM_PATH CV_SLOT u_dma/slot_wdata_reg[107]/C -> g_cvslot[1].sm_reg_uram_1/CAS_IN_DIN_B[43]
FAM_ROW SDMA             27855    0.087   4   3.834   0.273   3.561   92.9 SLR1  SLR1 
FAM_PATH SDMA dma_kind_reg[0]_rep__4/C -> u_dma/fmem_reg_0_255_228_228/DP.A/I
FAM_ROW ATTN_DSP         80569    0.034   2   3.635   1.657   1.978   54.4 SLR1  SLR1 
FAM_PATH ATTN_DSP g_kvslot[0].mem_reg_uram_52/CLK -> u_attn/g_lane[239].pv_p_reg[239]/DSP_A_B_DATA_INST/A[3]
FAM_ROW SCRATCH            231    0.177   4   3.455   0.326   3.129   90.6 SLR1  SLR1 
FAM_PATH SCRATCH cmd_op_reg[0]/C -> smem_b_reg_bram_17/ENARDEN
FAM_HIST family paths worst_slack   (over the 200 worst setup PATHS)
FAM_HIST_ROW ATTN_DSP         110    0.034
FAM_HIST_ROW KV_SLOT            2    0.081
FAM_HIST_ROW OTHER             87    0.043
FAM_HIST_ROW SDMA               1    0.087
FAM_OTHER_WORST slack=0.043 levels=4 datapath=3.625 logic=0.589 route=3.036 route_pct=83.8
FAM_OTHER_PATH u_dn/p_1_out__8__1/DSP_OUTPUT_INST/CLK -> u_dn/g_lane[46].p2_p_reg[46]/DSP_A_B_DATA_INST/A[10]
FAM_DONE
