=== family_run for s5fix_1slr, re-derived from /home/cah/r2d2/code/fpga/fable5_llm/synth/out_exp_uram_s5fix_1slr/post_place.dcp
=== host: snoke
=== date: 2026-09-05T18:26:11-06:00
=== tree: 74cf100
=== dcp:  2026-09-05 18:12:56.901025640 -0600 97865911 bytes
=== ---
FAM_DCP: /home/cah/r2d2/code/fpga/fable5_llm/synth/out_exp_uram_s5fix_1slr/post_place.dcp
FAM_TABLE family cells worst_slack levels datapath logic route route_pct startSLR endSLR
FAM_ROW DN_SLOT           4231    0.208   2   3.363   0.270   3.093   92.0 SLR1  SLR1 
FAM_PATH DN_SLOT dma_kind_reg[0]_rep__5/C -> g_dnslot[1].mem_reg_uram_17/ADDR_A[8]
FAM_ROW KV_SLOT           4351    0.120   3   3.377   0.456   2.921   86.5 SLR1  SLR1 
FAM_PATH KV_SLOT dma_act_reg/C -> g_kvslot[1].mem_reg_uram_35/CAS_IN_ADDR_A[12]
FAM_ROW CV_SLOT            540    0.340   3   3.142   0.417   2.725   86.7 SLR1  SLR1 
FAM_PATH CV_SLOT dma_act_reg/C -> g_cvslot[0].wm_reg_uram_1/CAS_IN_ADDR_A[2]
FAM_ROW SDMA             27852    0.203   4   3.719   0.233   3.486   93.7 SLR1  SLR1 
FAM_PATH SDMA dma_kind_reg[1]_rep__0/C -> u_dma/fmem_reg_0_255_438_438/DP.D/I
FAM_ROW ATTN_DSP         80617    0.109   2   3.519   1.711   1.808   51.4 SLR1  SLR1 
FAM_PATH ATTN_DSP g_kvslot[0].mem_reg_uram_0/CLK -> u_attn/g_lane[2].pv_p_reg[2]/DSP_A_B_DATA_INST/A[0]
FAM_ROW SCRATCH            231    0.235   4   3.345   0.295   3.050   91.2 SLR1  SLR1 
FAM_PATH SCRATCH cmd_op_reg[2]/C -> smem_b_reg_bram_7/WEA[0]
FAM_HIST family paths worst_slack   (over the 200 worst setup PATHS)
FAM_HIST_ROW ATTN_DSP          49    0.109
FAM_HIST_ROW KV_SLOT            1    0.120
FAM_HIST_ROW OTHER            150    0.030
FAM_OTHER_WORST slack=0.030 levels=7 datapath=3.921 logic=0.816 route=3.105 route_pct=79.2
FAM_OTHER_PATH u_dn/g_lane[124].kvm_acc_reg[124]/DSP_OUTPUT_INST/CLK -> u_dn/p_0_out__8__3_i_18_psdsp/D
FAM_DONE
