=== finish_run for s5fix_1slralt, re-derived from /home/cah/r2d2/code/fpga/fable5_llm/synth/out_exp_uram_s5fix_1slralt/post_place.dcp
=== host: snoke
=== date: 2026-09-05T18:26:11-06:00
=== tree: 74cf100
=== dcp:  2026-09-05 18:15:57.297161113 -0600 97906909 bytes
=== ---
FIN_DCP: /home/cah/r2d2/code/fpga/fable5_llm/synth/out_exp_uram_s5fix_1slralt/post_place.dcp
FIN_TOP: layer_chan
FIN_PART: xcvu9p-fsgd2104-2L-e
FIN_DNMUX_ENDPOINT_CELLS: 2048
FIN_DNMUX_WORST_SLACK: 0.054
FIN_DNMUX_DECOMP: levels=1 datapath=3.874 logic=1.272 route=2.602
FIN_KVMUX_TRY {*at_kvdata_reg*} -> 0
FIN_KVMUX_TRY {*at_kvdata*} -> 0
FIN_KVMUX_TRY {*kv_rdq_b*} -> 0
FIN_KVMUX_WORST_SLACK: n/a
FIN_KVWRITE_CELLS: 116
FIN_KVWRITE_WORST_SLACK: 0.081
FIN_KVWRITE_DECOMP: levels=3 datapath=3.420 logic=0.433 route=2.987 route_pct=87.3
FIN_KVWRITE_START: dma_act_reg/C
FIN_KVWRITE_END: g_kvslot[1].mem_reg_uram_15/CAS_IN_ADDR_A[0]
FIN_KVWRITE_SLR: SLR1 -> SLR1
FIN_KV_URAM_BY_SLR: SLR1=116 
FIN_CONV_BRAM_CELLS: 0
FIN_TIMING_SUMMARY: WNS=0.034 TNS=0.000 TNS_FAILING_EP=0 TNS_TOTAL_EP=368487 WHS=0.020 THS=0.000 THS_FAILING_EP=0 THS_TOTAL_EP=368487
FIN_PLACED_WNS: 0.034
FIN_PLACED_WHS: 0.020
FIN_WNS_START: g_kvslot[0].mem_reg_uram_52/CLK
FIN_WNS_END: u_attn/g_lane[239].pv_p_reg[239]/DSP_A_B_DATA_INST/A[3]
FIN_DNWRITE_WORST_SLACK: 0.218
FIN_DNWRITE_DECOMP: levels=2 datapath=3.302 logic=0.183 route=3.119 route_pct=94.5
FIN_PBLOCKS: 1
FIN_PBLOCK pb_layer_1slr cells=21505 range={CLOCKREGION_X0Y5:CLOCKREGION_X5Y9}
FIN_DONE
