URAM288 placement census — variant s5fix_1slr
part xcvu9p-fsgd2104-2L-e, 960 URAM288 total, 320 per SLR

  SLR1        182 URAM288
  TOTAL       182 URAM288

SLRs spanned by the URAM banks: 1
  DN_STATE : SLR1=58 
  KV_CACHE : SLR1=116 
  CV_CACHE : SLR1=8 

---- per cache SLOT: URAM SLR and clock regions ----
(URAM288 sites live only in CLOCKREGION columns X1..X4, 16 per region)
  DN_slot[0]   29 URAM288  SLR: SLR1=29
  DN_slot[0]      clock regions: X1Y7=5 X1Y8=1 X2Y5=2 X2Y6=3 X2Y8=1 X2Y9=1 X3Y5=1 X3Y6=1 X3Y7=4 X3Y8=5 X3Y9=1 X4Y6=1 X4Y7=1 X4Y8=2
  DN_slot[1]   29 URAM288  SLR: SLR1=29
  DN_slot[1]      clock regions: X1Y7=5 X1Y8=1 X2Y5=3 X2Y6=1 X2Y8=1 X2Y9=1 X3Y5=1 X3Y6=2 X3Y7=4 X3Y8=5 X4Y6=1 X4Y7=3 X4Y8=1
  KV_slot[0]   58 URAM288  SLR: SLR1=58
  KV_slot[0]      clock regions: X1Y6=6 X1Y7=2 X1Y8=6 X2Y5=2 X2Y6=6 X2Y7=6 X2Y8=8 X2Y9=4 X3Y6=6 X3Y7=4 X4Y7=6 X4Y8=2
  KV_slot[1]   58 URAM288  SLR: SLR1=58
  KV_slot[1]      clock regions: X1Y6=6 X1Y7=2 X1Y8=4 X2Y5=2 X2Y6=6 X2Y7=10 X2Y8=6 X2Y9=4 X3Y6=6 X3Y7=4 X4Y7=6 X4Y8=2
  CV_slot[0]    4 URAM288  SLR: SLR1=4
  CV_slot[0]      clock regions: X1Y8=2 X1Y9=2
  CV_slot[1]    4 URAM288  SLR: SLR1=4
  CV_slot[1]      clock regions: X1Y7=2 X1Y8=2
