Copyright 1986-2022 Xilinx, Inc. All Rights Reserved. Copyright 2022-2024 Advanced Micro Devices, Inc. All Rights Reserved.
------------------------------------------------------------------------------------------------------------------------------------------------------
| Tool Version      : Vivado v.2024.2 (lin64) Build 5239630 Fri Nov 08 22:34:34 MST 2024
| Date              : Sat Sep  5 18:13:16 2026
| Host              : snoke running 64-bit Ubuntu 24.04.4 LTS
| Command           : report_timing_summary -file /home/cah/r2d2/code/fpga/fable5_llm/synth/out_exp_uram_s5fix_base/reports/timing_summary_placed.rpt
| Design            : layer_chan
| Device            : xcvu9p-fsgd2104
| Speed File        : -2L  PRODUCTION 1.28 03-30-2022
| Design State      : Fully Placed
| Temperature Grade : E
------------------------------------------------------------------------------------------------------------------------------------------------------

Timing Summary Report

------------------------------------------------------------------------------------------------
| Timer Settings
| --------------
------------------------------------------------------------------------------------------------

  Enable Multi Corner Analysis               :  Yes
  Enable Pessimism Removal                   :  Yes
  Pessimism Removal Resolution               :  Nearest Common Node
  Enable Input Delay Default Clock           :  No
  Enable Preset / Clear Arcs                 :  No
  Disable Flight Delays                      :  No
  Ignore I/O Paths                           :  No
  Timing Early Launch at Borrowing Latches   :  No
  Borrow Time for Max Delay Exceptions       :  Yes
  Merge Timing Exceptions                    :  Yes
  Inter-SLR Compensation                     :  Conservative

  Corner  Analyze    Analyze    
  Name    Max Paths  Min Paths  
  ------  ---------  ---------  
  Slow    Yes        Yes        
  Fast    Yes        Yes        


------------------------------------------------------------------------------------------------
| Report Methodology
| ------------------
------------------------------------------------------------------------------------------------

No report available as report_methodology has not been run prior. Run report_methodology on the current design for the summary of methodology violations.



check_timing report

Table of Contents
-----------------
1. checking no_clock (0)
2. checking constant_clock (0)
3. checking pulse_width_clock (0)
4. checking unconstrained_internal_endpoints (0)
5. checking no_input_delay (653)
6. checking no_output_delay (654)
7. checking multiple_clock (0)
8. checking generated_clocks (0)
9. checking loops (0)
10. checking partial_input_delay (0)
11. checking partial_output_delay (0)
12. checking latch_loops (0)

1. checking no_clock (0)
------------------------
 There are 0 register/latch pins with no clock.


2. checking constant_clock (0)
------------------------------
 There are 0 register/latch pins with constant_clock.


3. checking pulse_width_clock (0)
---------------------------------
 There are 0 register/latch pins which need pulse_width check


4. checking unconstrained_internal_endpoints (0)
------------------------------------------------
 There are 0 pins that are not constrained for maximum delay.

 There are 0 pins that are not constrained for maximum delay due to constant clock.


5. checking no_input_delay (653)
--------------------------------
 There are 653 input ports with no input delay specified. (HIGH)

 There are 0 input ports with no input delay but user has a false path constraint.


6. checking no_output_delay (654)
---------------------------------
 There are 654 ports with no output delay specified. (HIGH)

 There are 0 ports with no output delay but user has a false path constraint

 There are 0 ports with no output delay but with a timing clock defined on it or propagating through it


7. checking multiple_clock (0)
------------------------------
 There are 0 register/latch pins with multiple clocks.


8. checking generated_clocks (0)
--------------------------------
 There are 0 generated clocks that are not connected to a clock source.


9. checking loops (0)
---------------------
 There are 0 combinational loops in the design.


10. checking partial_input_delay (0)
------------------------------------
 There are 0 input ports with partial input delay specified.


11. checking partial_output_delay (0)
-------------------------------------
 There are 0 ports with partial output delay specified.


12. checking latch_loops (0)
----------------------------
 There are 0 combinational latch loops in the design through latch input



------------------------------------------------------------------------------------------------
| Design Timing Summary
| ---------------------
------------------------------------------------------------------------------------------------

    WNS(ns)      TNS(ns)  TNS Failing Endpoints  TNS Total Endpoints      WHS(ns)      THS(ns)  THS Failing Endpoints  THS Total Endpoints     WPWS(ns)     TPWS(ns)  TPWS Failing Endpoints  TPWS Total Endpoints  
    -------      -------  ---------------------  -------------------      -------      -------  ---------------------  -------------------     --------     --------  ----------------------  --------------------  
     -0.588    -1016.503                   6920               368245        0.014        0.000                      0               368245        1.300        0.000                       0                 69037  


Timing constraints are not met.


------------------------------------------------------------------------------------------------
| Clock Summary
| -------------
------------------------------------------------------------------------------------------------

Clock  Waveform(ns)         Period(ns)      Frequency(MHz)
-----  ------------         ----------      --------------
aclk   {0.000 2.000}        4.000           250.000         


------------------------------------------------------------------------------------------------
| Intra Clock Table
| -----------------
------------------------------------------------------------------------------------------------

Clock             WNS(ns)      TNS(ns)  TNS Failing Endpoints  TNS Total Endpoints      WHS(ns)      THS(ns)  THS Failing Endpoints  THS Total Endpoints     WPWS(ns)     TPWS(ns)  TPWS Failing Endpoints  TPWS Total Endpoints  
-----             -------      -------  ---------------------  -------------------      -------      -------  ---------------------  -------------------     --------     --------  ----------------------  --------------------  
aclk               -0.588    -1016.503                   6920               368245        0.014        0.000                      0               368245        1.300        0.000                       0                 69037  


------------------------------------------------------------------------------------------------
| Inter Clock Table
| -----------------
------------------------------------------------------------------------------------------------

From Clock    To Clock          WNS(ns)      TNS(ns)  TNS Failing Endpoints  TNS Total Endpoints      WHS(ns)      THS(ns)  THS Failing Endpoints  THS Total Endpoints  
----------    --------          -------      -------  ---------------------  -------------------      -------      -------  ---------------------  -------------------  


------------------------------------------------------------------------------------------------
| Other Path Groups Table
| -----------------------
------------------------------------------------------------------------------------------------

Path Group    From Clock    To Clock          WNS(ns)      TNS(ns)  TNS Failing Endpoints  TNS Total Endpoints      WHS(ns)      THS(ns)  THS Failing Endpoints  THS Total Endpoints  
----------    ----------    --------          -------      -------  ---------------------  -------------------      -------      -------  ---------------------  -------------------  


------------------------------------------------------------------------------------------------
| Timing Details
| --------------
------------------------------------------------------------------------------------------------


---------------------------------------------------------------------------------------------------
From Clock:  aclk
  To Clock:  aclk

Setup :         6920  Failing Endpoints,  Worst Slack       -0.588ns,  Total Violation    -1016.503ns
Hold  :            0  Failing Endpoints,  Worst Slack        0.014ns,  Total Violation        0.000ns
PW    :            0  Failing Endpoints,  Worst Slack        1.300ns,  Total Violation        0.000ns
---------------------------------------------------------------------------------------------------


Max Delay Paths
--------------------------------------------------------------------------------------
Slack (VIOLATED) :        -0.588ns  (required time - arrival time)
  Source:                 dma_kind_reg[1]_replica/C
                            (rising edge-triggered cell FDRE clocked by aclk  {rise@0.000ns fall@2.000ns period=4.000ns})
  Destination:            g_dnslot[1].mem_reg_uram_26/ADDR_A[9]
                            (rising edge-triggered cell URAM288 clocked by aclk  {rise@0.000ns fall@2.000ns period=4.000ns})
  Path Group:             aclk
  Path Type:              Setup (Max at Slow Process Corner)
  Requirement:            4.000ns  (aclk rise@4.000ns - aclk rise@0.000ns)
  Data Path Delay:        4.081ns  (logic 0.165ns (4.043%)  route 3.916ns (95.957%))
  Logic Levels:           2  (LUT3=1 LUT4=1)
  Clock Path Skew:        0.036ns (DCD - SCD + CPR)
    Destination Clock Delay (DCD):    0.064ns = ( 4.064 - 4.000 ) 
    Source Clock Delay      (SCD):    0.028ns
    Clock Pessimism Removal (CPR):    0.000ns
  Clock Uncertainty:      0.035ns  ((TSJ^2 + TIJ^2)^1/2 + DJ) / 2 + PE
    Total System Jitter     (TSJ):    0.071ns
    Total Input Jitter      (TIJ):    0.000ns
    Discrete Jitter          (DJ):    0.000ns
    Phase Error              (PE):    0.000ns
  Inter-SLR Compensation: 0.010ns  (DCD * PF)
    Destination Clock Delay (DCD):    0.064ns
    Prorating Factor         (PF):    0.150

    Location             Delay type                Incr(ns)  Path(ns)    Netlist Resource(s)
  -------------------------------------------------------------------    -------------------
                         (clock aclk rise edge)       0.000     0.000 r  
                                                      0.000     0.000 r  aclk (IN)
                         net (fo=77951, unset)        0.028     0.028    aclk
    SLICE_X77Y270        FDRE                                         r  dma_kind_reg[1]_replica/C
  -------------------------------------------------------------------    -------------------
    SLICE_X77Y270        FDRE (Prop_AFF2_SLICEL_C_Q)
                                                      0.081     0.109 f  dma_kind_reg[1]_replica/Q
                         net (fo=1024, estimated)     1.928     2.037    u_dn/last_kind[1]_repN_alias
    SLR Crossing[0->1]   
    SLICE_X91Y407        LUT3 (Prop_F6LUT_SLICEL_I1_O)
                                                      0.049     2.086 r  u_dn/g_dnslot[0].mem_reg_uram_8_i_73/O
                         net (fo=2, estimated)        0.039     2.125    u_dma/g_dnslot[0].mem_reg_uram_8_i_73_n_0_alias
    SLICE_X91Y407        LUT4 (Prop_G6LUT_SLICEL_I3_O)
                                                      0.035     2.160 r  u_dma/g_dnslot[1].mem_reg_uram_0_i_3/O
                         net (fo=58, estimated)       1.949     4.109    g_dnslot[1].wa[9]
    URAM288_X0Y130       URAM288                                      r  g_dnslot[1].mem_reg_uram_26/ADDR_A[9]
  -------------------------------------------------------------------    -------------------

                         (clock aclk rise edge)       4.000     4.000 r  
                                                      0.000     4.000 r  aclk (IN)
                         net (fo=77951, unset)        0.064     4.064    aclk
    URAM288_X0Y130       URAM288                                      r  g_dnslot[1].mem_reg_uram_26/CLK
                         clock pessimism              0.000     4.064    
                         inter-SLR compensation      -0.010     4.054    
                         clock uncertainty           -0.035     4.019    
    URAM288_X0Y130       URAM288 (Setup_URAM_288K_INST_URAM288_CLK_ADDR_A[9])
                                                     -0.498     3.521    g_dnslot[1].mem_reg_uram_26
  -------------------------------------------------------------------
                         required time                          3.521    
                         arrival time                          -4.109    
  -------------------------------------------------------------------
                         slack                                 -0.588    





Min Delay Paths
--------------------------------------------------------------------------------------
Slack (MET) :             0.014ns  (arrival time - required time)
  Source:                 enq_layer_reg[4]/C
                            (rising edge-triggered cell FDRE clocked by aclk  {rise@0.000ns fall@2.000ns period=4.000ns})
  Destination:            dq_layer_reg_0_3_0_4/RAMC/I
                            (rising edge-triggered cell RAMD32 clocked by aclk  {rise@0.000ns fall@2.000ns period=4.000ns})
  Path Group:             aclk
  Path Type:              Hold (Min at Slow Process Corner)
  Requirement:            0.000ns  (aclk rise@0.000ns - aclk rise@0.000ns)
  Data Path Delay:        0.128ns  (logic 0.058ns (45.312%)  route 0.070ns (54.687%))
  Logic Levels:           0  
  Clock Path Skew:        0.036ns (DCD - SCD - CPR)
    Destination Clock Delay (DCD):    0.057ns
    Source Clock Delay      (SCD):    0.021ns
    Clock Pessimism Removal (CPR):    -0.000ns

    Location             Delay type                Incr(ns)  Path(ns)    Netlist Resource(s)
  -------------------------------------------------------------------    -------------------
                         (clock aclk rise edge)       0.000     0.000 r  
                                                      0.000     0.000 r  aclk (IN)
                         net (fo=77951, unset)        0.021     0.021    aclk
    SLICE_X76Y267        FDRE                                         r  enq_layer_reg[4]/C
  -------------------------------------------------------------------    -------------------
    SLICE_X76Y267        FDRE (Prop_EFF_SLICEM_C_Q)
                                                      0.058     0.079 r  enq_layer_reg[4]/Q
                         net (fo=1, estimated)        0.070     0.149    dq_layer_reg_0_3_0_4/DIC0
    SLICE_X76Y269        RAMD32                                       r  dq_layer_reg_0_3_0_4/RAMC/I
  -------------------------------------------------------------------    -------------------

                         (clock aclk rise edge)       0.000     0.000 r  
                                                      0.000     0.000 r  aclk (IN)
                         net (fo=77951, unset)        0.057     0.057    dq_layer_reg_0_3_0_4/WCLK
    SLICE_X76Y269        RAMD32                                       r  dq_layer_reg_0_3_0_4/RAMC/CLK
                         clock pessimism              0.000     0.057    
    SLICE_X76Y269        RAMD32 (Hold_G5LUT_SLICEM_CLK_I)
                                                      0.078     0.135    dq_layer_reg_0_3_0_4/RAMC
  -------------------------------------------------------------------
                         required time                         -0.135    
                         arrival time                           0.149    
  -------------------------------------------------------------------
                         slack                                  0.014    





Pulse Width Checks
--------------------------------------------------------------------------------------
Clock Name:         aclk
Waveform(ns):       { 0.000 2.000 }
Period(ns):         4.000
Sources:            { aclk }

Check Type        Corner  Lib Pin      Reference Pin  Required(ns)  Actual(ns)  Slack(ns)  Location       Pin
Min Period        n/a     URAM288/CLK  n/a            2.000         4.000       2.000      URAM288_X2Y84  g_cvslot[0].sm_reg_uram_0/CLK
Low Pulse Width   Slow    URAM288/CLK  n/a            0.700         2.000       1.300      URAM288_X2Y84  g_cvslot[0].sm_reg_uram_0/CLK
High Pulse Width  Slow    URAM288/CLK  n/a            0.700         2.000       1.300      URAM288_X2Y84  g_cvslot[0].sm_reg_uram_0/CLK



