  mem region 0: 1253264 B @ 000090000000   /home/cah/r2d2/code/fpga/fable5_llm/tb/scripts/w9/model_9b_s2_reordB.e4.seq
  mem region 1: 563712 B @ 000080000000   /home/cah/r2d2/code/fpga/fable5_llm/tb/scripts/w9/model_9b_s2_reordB.e4.seqdata.bin
  mem region 2: 2034237440 B @ 000060000000   /home/cah/r2d2/code/fpga/fable5_llm/tb/scripts/w9/model_9b_s2.emb.bin
  state window: 162529280 B image   /home/cah/r2d2/code/fpga/fable5_llm/tb/scripts/w9/model_9b_s2.state.bin
  mem region 0: 1026097152 B @ 000010000000   /home/cah/r2d2/code/fpga/fable5_llm/tb/scripts/w9/model_9b_s2.wimg0.bin
  mem region 0: 1022853120 B @ 000010000000   /home/cah/r2d2/code/fpga/fable5_llm/tb/scripts/w9/model_9b_s2.wimg1.bin
  mem region 0: 1021771776 B @ 000010000000   /home/cah/r2d2/code/fpga/fable5_llm/tb/scripts/w9/model_9b_s2.wimg2.bin
  mem region 0: 1021771776 B @ 000010000000   /home/cah/r2d2/code/fpga/fable5_llm/tb/scripts/w9/model_9b_s2.wimg3.bin
tb_seq_chip: launch 0 [-] rec_off 0, 78329 records, 6 tokens, 36864 scratch words, NMV=4 WIMGPC=1 LAT=4 DDRLAT=32 WLAT=40
  TOK[0] = 00117 (279) == golden OK
  TOK[1] = 00108 (264) == golden OK
  TOK[2] = 00356 (854) == golden OK
  TOK[3] = 0000b (11) == golden OK
  TOK[4] = 0012f (303) == golden OK
  TOK[5] = 00108 (264) == golden OK
SEQ-CHIP /home/cah/r2d2/code/fpga/fable5_llm/tb/scripts/w9/model_9b_s2_reordB.e4 launch 0 [-]: 78329 records, 171731695 cycles (2192.44 cyc/rec, 686.927 ms @250MHz, PERF_CYC 171731686)
LAUNCH 0 PASS: [-] pc 78328, tokens 6, tcnt 8, scratch 36864, smem 112
  state: 2676800 read beats, 2659968 write beats, 0 unmapped
  axil writes 281755
  axil reads  10121051
  burst: 97242 write bursts (22688256 beats), 116028 read bursts (29024256 beats), busy_wr 38004975 busy_rd 35405028, decerr 0 non-OK 0, BLAT=4
  fetch-empty stall cycles 84
  ddr beats 445533 (miss 0), weight beats 383606784 total across 4 chan (miss 0) [ 96180480/95876352/95774976/95774976]
  DUT held in reset 0 times after t=0 (rst_armed asserted before launch 0, never violated)
TB_SEQ_CHIP PASS: /home/cah/r2d2/code/fpga/fable5_llm/tb/scripts/w9/model_9b_s2_reordB.e4 (launches 1, 171731695 cycles total, scratch 36864/launch, tokens 6, tcnt 8)
- /tmp/sv1_src_5bb902d/tb/tb_seq_chip.sv:1162: Verilog $finish
