=== host: snoke
=== date: 2026-09-04T19:56:12-06:00
=== tree: a69fe1f
=== cmd:  env FABLE5_MODEL=9b FABLE5_RS_F=7 make -C tb VECPY=/home/cah/.venv/bin/python tb_dn_step tb_gate_unit tb_conv4_silu tb_attn_core tb_layershim_c tb_seq tb_seq_guard lint_layer_chan lint_state_dma lint_layershim_c lint_seq_unit
=== venv: /home/cah/.venv/bin/python (exists)
===       ref/.venv/bin/python (ABSENT)
===       uv: /home/cah/.local/bin/uv (exists)
=== cpu:  nproc=48 OMP_NUM_THREADS=unset MKL_NUM_THREADS=unset
=== env:  FABLE5_MODEL=unset FABLE5_DN_STATE=unset FABLE5_RS_F=unset
===       FABLE5_CALIB_STATS=unset FABLE5_CALIB_MODE=unset
=== ---
make: Entering directory '/home/cah/r2d2/code/fpga/fable5_llm/tb'
verilator --binary --timing -j 4 -Wall \
  --Mdir obj_dir_tb_dn -o tb_dn \
  --top-module tb_dn_step \
  ../rtl/fx_pkg.sv ../rtl/dn_step.sv tb_dn_step.sv
make[1]: Entering directory '/home/cah/r2d2/code/fpga/fable5_llm/tb/obj_dir_tb_dn'
make[1]: Nothing to be done for 'default'.
make[1]: Leaving directory '/home/cah/r2d2/code/fpga/fable5_llm/tb/obj_dir_tb_dn'
obj_dir_tb_dn/tb_dn +vecdir=vectors/s1
DN_CYCLES RLAT=2 P2W=0 cycles_per_head=1798
TB_DN_STEP PASS: 128 outputs + 16384 state entries bit-exact
- tb_dn_step.sv:167: Verilog $finish
obj_dir_tb_dn/tb_dn +vecdir=vectors/s2
DN_CYCLES RLAT=2 P2W=0 cycles_per_head=1798
TB_DN_STEP PASS: 128 outputs + 16384 state entries bit-exact
- tb_dn_step.sv:167: Verilog $finish
obj_dir_tb_dn/tb_dn +vecdir=vectors/s3
DN_CYCLES RLAT=2 P2W=0 cycles_per_head=1798
TB_DN_STEP PASS: 128 outputs + 16384 state entries bit-exact
- tb_dn_step.sv:167: Verilog $finish
obj_dir_tb_dn/tb_dn +vecdir=vectors/s4
DN_CYCLES RLAT=2 P2W=0 cycles_per_head=1798
TB_DN_STEP PASS: 128 outputs + 16384 state entries bit-exact
- tb_dn_step.sv:167: Verilog $finish
verilator --binary --timing -j 4 -Wall \
  --Mdir obj_dir_tb_gate -o tb_gate \
  --top-module tb_gate_unit \
  ../rtl/fx_pkg.sv ../rtl/gate_unit.sv tb_gate_unit.sv
make[1]: Entering directory '/home/cah/r2d2/code/fpga/fable5_llm/tb/obj_dir_tb_gate'
make[1]: Nothing to be done for 'default'.
make[1]: Leaving directory '/home/cah/r2d2/code/fpga/fable5_llm/tb/obj_dir_tb_gate'
obj_dir_tb_gate/tb_gate +vecdir=vectors/s1
TB_GATE_UNIT PASS: 16 heads beta+decay bit-exact
- tb_gate_unit.sv:97: Verilog $finish
obj_dir_tb_gate/tb_gate +vecdir=vectors/s2
TB_GATE_UNIT PASS: 16 heads beta+decay bit-exact
- tb_gate_unit.sv:97: Verilog $finish
obj_dir_tb_gate/tb_gate +vecdir=vectors/s3
TB_GATE_UNIT PASS: 16 heads beta+decay bit-exact
- tb_gate_unit.sv:97: Verilog $finish
obj_dir_tb_gate/tb_gate +vecdir=vectors/s4
TB_GATE_UNIT PASS: 16 heads beta+decay bit-exact
- tb_gate_unit.sv:97: Verilog $finish
verilator --binary --timing -j 4 -Wall \
  --Mdir obj_dir_tb_conv -o tb_conv \
  --top-module tb_conv4_silu \
  ../rtl/fx_pkg.sv ../rtl/fx_silu.sv ../rtl/conv4_silu.sv tb_conv4_silu.sv
make[1]: Entering directory '/home/cah/r2d2/code/fpga/fable5_llm/tb/obj_dir_tb_conv'
make[1]: Nothing to be done for 'default'.
make[1]: Leaving directory '/home/cah/r2d2/code/fpga/fable5_llm/tb/obj_dir_tb_conv'
obj_dir_tb_conv/tb_conv +vecdir=vectors/s1
TB_CONV4_SILU PASS: 64 channels bit-exact
- tb_conv4_silu.sv:61: Verilog $finish
obj_dir_tb_conv/tb_conv +vecdir=vectors/s2
TB_CONV4_SILU PASS: 64 channels bit-exact
- tb_conv4_silu.sv:61: Verilog $finish
obj_dir_tb_conv/tb_conv +vecdir=vectors/s3
TB_CONV4_SILU PASS: 64 channels bit-exact
- tb_conv4_silu.sv:61: Verilog $finish
obj_dir_tb_conv/tb_conv +vecdir=vectors/s4
TB_CONV4_SILU PASS: 64 channels bit-exact
- tb_conv4_silu.sv:61: Verilog $finish
verilator --binary --timing -j 4 -Wall \
  --Mdir obj_dir_tb_attn -o tb_attn \
  --top-module tb_attn_core \
  ../rtl/fx_pkg.sv ../rtl/fx_recip.sv ../rtl/attn_core.sv tb_attn_core.sv
make[1]: Entering directory '/home/cah/r2d2/code/fpga/fable5_llm/tb/obj_dir_tb_attn'
make[1]: Nothing to be done for 'default'.
make[1]: Leaving directory '/home/cah/r2d2/code/fpga/fable5_llm/tb/obj_dir_tb_attn'
obj_dir_tb_attn/tb_attn +vecdir=vectors/s1
TB_ATTN_CORE PASS: 256 outputs bit-exact (T=48)
- tb_attn_core.sv:118: Verilog $finish
obj_dir_tb_attn/tb_attn +vecdir=vectors/s2
TB_ATTN_CORE PASS: 256 outputs bit-exact (T=48)
- tb_attn_core.sv:118: Verilog $finish
obj_dir_tb_attn/tb_attn +vecdir=vectors/s3
TB_ATTN_CORE PASS: 256 outputs bit-exact (T=48)
- tb_attn_core.sv:118: Verilog $finish
obj_dir_tb_attn/tb_attn +vecdir=vectors/s4
TB_ATTN_CORE PASS: 256 outputs bit-exact (T=48)
- tb_attn_core.sv:118: Verilog $finish
verilator --binary --timing -j 4 -Wall \
  --Mdir obj_dir_tb_layershim_c -o tb_layershim_c \
  --top-module tb_layershim_c \
  ../rtl/fx_pkg.sv ../rtl/fx_rsqrt.sv ../rtl/fx_recip.sv ../rtl/fx_silu.sv ../rtl/vecnorm_unit.sv ../rtl/rope_unit.sv ../rtl/conv4_silu.sv ../rtl/dn_step.sv ../rtl/attn_core.sv ../rtl/gate_unit.sv ../rtl/vec_alu.sv ../rtl/state_dma.sv ../rtl/layer_chan.sv tb_layershim_c.sv
make[1]: Entering directory '/home/cah/r2d2/code/fpga/fable5_llm/tb/obj_dir_tb_layershim_c'
g++ -Os  -I.  -MMD -I/usr/share/verilator/include -I/usr/share/verilator/include/vltstd -DVM_COVERAGE=0 -DVM_SC=0 -DVM_TRACE=0 -DVM_TRACE_FST=0 -DVM_TRACE_VCD=0 -faligned-new -fcf-protection=none -Wno-bool-operation -Wno-overloaded-virtual -Wno-shadow -Wno-sign-compare -Wno-uninitialized -Wno-unused-but-set-parameter -Wno-unused-but-set-variable -Wno-unused-parameter -Wno-unused-variable     -DVL_TIME_CONTEXT   -fcoroutines -c -o verilated.o /usr/share/verilator/include/verilated.cpp
g++ -Os  -I.  -MMD -I/usr/share/verilator/include -I/usr/share/verilator/include/vltstd -DVM_COVERAGE=0 -DVM_SC=0 -DVM_TRACE=0 -DVM_TRACE_FST=0 -DVM_TRACE_VCD=0 -faligned-new -fcf-protection=none -Wno-bool-operation -Wno-overloaded-virtual -Wno-shadow -Wno-sign-compare -Wno-uninitialized -Wno-unused-but-set-parameter -Wno-unused-but-set-variable -Wno-unused-parameter -Wno-unused-variable     -DVL_TIME_CONTEXT   -fcoroutines -c -o verilated_timing.o /usr/share/verilator/include/verilated_timing.cpp
g++ -Os  -I.  -MMD -I/usr/share/verilator/include -I/usr/share/verilator/include/vltstd -DVM_COVERAGE=0 -DVM_SC=0 -DVM_TRACE=0 -DVM_TRACE_FST=0 -DVM_TRACE_VCD=0 -faligned-new -fcf-protection=none -Wno-bool-operation -Wno-overloaded-virtual -Wno-shadow -Wno-sign-compare -Wno-uninitialized -Wno-unused-but-set-parameter -Wno-unused-but-set-variable -Wno-unused-parameter -Wno-unused-variable     -DVL_TIME_CONTEXT   -fcoroutines -c -o verilated_threads.o /usr/share/verilator/include/verilated_threads.cpp
g++ -Os  -I.  -MMD -I/usr/share/verilator/include -I/usr/share/verilator/include/vltstd -DVM_COVERAGE=0 -DVM_SC=0 -DVM_TRACE=0 -DVM_TRACE_FST=0 -DVM_TRACE_VCD=0 -faligned-new -fcf-protection=none -Wno-bool-operation -Wno-overloaded-virtual -Wno-shadow -Wno-sign-compare -Wno-uninitialized -Wno-unused-but-set-parameter -Wno-unused-but-set-variable -Wno-unused-parameter -Wno-unused-variable     -DVL_TIME_CONTEXT   -fcoroutines -x c++-header Vtb_layershim_c__pch.h -o Vtb_layershim_c__pch.h.fast.gch
g++   -I.  -MMD -I/usr/share/verilator/include -I/usr/share/verilator/include/vltstd -DVM_COVERAGE=0 -DVM_SC=0 -DVM_TRACE=0 -DVM_TRACE_FST=0 -DVM_TRACE_VCD=0 -faligned-new -fcf-protection=none -Wno-bool-operation -Wno-overloaded-virtual -Wno-shadow -Wno-sign-compare -Wno-uninitialized -Wno-unused-but-set-parameter -Wno-unused-but-set-variable -Wno-unused-parameter -Wno-unused-variable     -DVL_TIME_CONTEXT   -fcoroutines -x c++-header Vtb_layershim_c__pch.h -o Vtb_layershim_c__pch.h.slow.gch
g++ -Os  -I.  -MMD -I/usr/share/verilator/include -I/usr/share/verilator/include/vltstd -DVM_COVERAGE=0 -DVM_SC=0 -DVM_TRACE=0 -DVM_TRACE_FST=0 -DVM_TRACE_VCD=0 -faligned-new -fcf-protection=none -Wno-bool-operation -Wno-overloaded-virtual -Wno-shadow -Wno-sign-compare -Wno-uninitialized -Wno-unused-but-set-parameter -Wno-unused-but-set-variable -Wno-unused-parameter -Wno-unused-variable     -DVL_TIME_CONTEXT   -fcoroutines -include Vtb_layershim_c__pch.h.fast -c -o Vtb_layershim_c.o Vtb_layershim_c.cpp
g++ -Os  -I.  -MMD -I/usr/share/verilator/include -I/usr/share/verilator/include/vltstd -DVM_COVERAGE=0 -DVM_SC=0 -DVM_TRACE=0 -DVM_TRACE_FST=0 -DVM_TRACE_VCD=0 -faligned-new -fcf-protection=none -Wno-bool-operation -Wno-overloaded-virtual -Wno-shadow -Wno-sign-compare -Wno-uninitialized -Wno-unused-but-set-parameter -Wno-unused-but-set-variable -Wno-unused-parameter -Wno-unused-variable     -DVL_TIME_CONTEXT   -fcoroutines -include Vtb_layershim_c__pch.h.fast -c -o Vtb_layershim_c___024root__DepSet_h89d53e63__0.o Vtb_layershim_c___024root__DepSet_h89d53e63__0.cpp
g++ -Os  -I.  -MMD -I/usr/share/verilator/include -I/usr/share/verilator/include/vltstd -DVM_COVERAGE=0 -DVM_SC=0 -DVM_TRACE=0 -DVM_TRACE_FST=0 -DVM_TRACE_VCD=0 -faligned-new -fcf-protection=none -Wno-bool-operation -Wno-overloaded-virtual -Wno-shadow -Wno-sign-compare -Wno-uninitialized -Wno-unused-but-set-parameter -Wno-unused-but-set-variable -Wno-unused-parameter -Wno-unused-variable     -DVL_TIME_CONTEXT   -fcoroutines -include Vtb_layershim_c__pch.h.fast -c -o Vtb_layershim_c___024root__DepSet_h89d53e63__1.o Vtb_layershim_c___024root__DepSet_h89d53e63__1.cpp
g++ -Os  -I.  -MMD -I/usr/share/verilator/include -I/usr/share/verilator/include/vltstd -DVM_COVERAGE=0 -DVM_SC=0 -DVM_TRACE=0 -DVM_TRACE_FST=0 -DVM_TRACE_VCD=0 -faligned-new -fcf-protection=none -Wno-bool-operation -Wno-overloaded-virtual -Wno-shadow -Wno-sign-compare -Wno-uninitialized -Wno-unused-but-set-parameter -Wno-unused-but-set-variable -Wno-unused-parameter -Wno-unused-variable     -DVL_TIME_CONTEXT   -fcoroutines -include Vtb_layershim_c__pch.h.fast -c -o Vtb_layershim_c___024root__DepSet_hbdd598b9__0.o Vtb_layershim_c___024root__DepSet_hbdd598b9__0.cpp
g++ -Os  -I.  -MMD -I/usr/share/verilator/include -I/usr/share/verilator/include/vltstd -DVM_COVERAGE=0 -DVM_SC=0 -DVM_TRACE=0 -DVM_TRACE_FST=0 -DVM_TRACE_VCD=0 -faligned-new -fcf-protection=none -Wno-bool-operation -Wno-overloaded-virtual -Wno-shadow -Wno-sign-compare -Wno-uninitialized -Wno-unused-but-set-parameter -Wno-unused-but-set-variable -Wno-unused-parameter -Wno-unused-variable     -DVL_TIME_CONTEXT   -fcoroutines -include Vtb_layershim_c__pch.h.fast -c -o Vtb_layershim_c___024root__DepSet_hbdd598b9__1.o Vtb_layershim_c___024root__DepSet_hbdd598b9__1.cpp
g++ -Os  -I.  -MMD -I/usr/share/verilator/include -I/usr/share/verilator/include/vltstd -DVM_COVERAGE=0 -DVM_SC=0 -DVM_TRACE=0 -DVM_TRACE_FST=0 -DVM_TRACE_VCD=0 -faligned-new -fcf-protection=none -Wno-bool-operation -Wno-overloaded-virtual -Wno-shadow -Wno-sign-compare -Wno-uninitialized -Wno-unused-but-set-parameter -Wno-unused-but-set-variable -Wno-unused-parameter -Wno-unused-variable     -DVL_TIME_CONTEXT   -fcoroutines -include Vtb_layershim_c__pch.h.fast -c -o Vtb_layershim_c___024root__DepSet_hbdd598b9__2.o Vtb_layershim_c___024root__DepSet_hbdd598b9__2.cpp
g++ -Os  -I.  -MMD -I/usr/share/verilator/include -I/usr/share/verilator/include/vltstd -DVM_COVERAGE=0 -DVM_SC=0 -DVM_TRACE=0 -DVM_TRACE_FST=0 -DVM_TRACE_VCD=0 -faligned-new -fcf-protection=none -Wno-bool-operation -Wno-overloaded-virtual -Wno-shadow -Wno-sign-compare -Wno-uninitialized -Wno-unused-but-set-parameter -Wno-unused-but-set-variable -Wno-unused-parameter -Wno-unused-variable     -DVL_TIME_CONTEXT   -fcoroutines -include Vtb_layershim_c__pch.h.fast -c -o Vtb_layershim_c___024root__DepSet_hbdd598b9__3.o Vtb_layershim_c___024root__DepSet_hbdd598b9__3.cpp
g++ -Os  -I.  -MMD -I/usr/share/verilator/include -I/usr/share/verilator/include/vltstd -DVM_COVERAGE=0 -DVM_SC=0 -DVM_TRACE=0 -DVM_TRACE_FST=0 -DVM_TRACE_VCD=0 -faligned-new -fcf-protection=none -Wno-bool-operation -Wno-overloaded-virtual -Wno-shadow -Wno-sign-compare -Wno-uninitialized -Wno-unused-but-set-parameter -Wno-unused-but-set-variable -Wno-unused-parameter -Wno-unused-variable     -DVL_TIME_CONTEXT   -fcoroutines -include Vtb_layershim_c__pch.h.fast -c -o Vtb_layershim_c___024root__DepSet_hbdd598b9__4.o Vtb_layershim_c___024root__DepSet_hbdd598b9__4.cpp
g++ -Os  -I.  -MMD -I/usr/share/verilator/include -I/usr/share/verilator/include/vltstd -DVM_COVERAGE=0 -DVM_SC=0 -DVM_TRACE=0 -DVM_TRACE_FST=0 -DVM_TRACE_VCD=0 -faligned-new -fcf-protection=none -Wno-bool-operation -Wno-overloaded-virtual -Wno-shadow -Wno-sign-compare -Wno-uninitialized -Wno-unused-but-set-parameter -Wno-unused-but-set-variable -Wno-unused-parameter -Wno-unused-variable     -DVL_TIME_CONTEXT   -fcoroutines -include Vtb_layershim_c__pch.h.fast -c -o Vtb_layershim_c___024root__DepSet_hbdd598b9__5.o Vtb_layershim_c___024root__DepSet_hbdd598b9__5.cpp
g++ -Os  -I.  -MMD -I/usr/share/verilator/include -I/usr/share/verilator/include/vltstd -DVM_COVERAGE=0 -DVM_SC=0 -DVM_TRACE=0 -DVM_TRACE_FST=0 -DVM_TRACE_VCD=0 -faligned-new -fcf-protection=none -Wno-bool-operation -Wno-overloaded-virtual -Wno-shadow -Wno-sign-compare -Wno-uninitialized -Wno-unused-but-set-parameter -Wno-unused-but-set-variable -Wno-unused-parameter -Wno-unused-variable     -DVL_TIME_CONTEXT   -fcoroutines -include Vtb_layershim_c__pch.h.fast -c -o Vtb_layershim_c___024root__DepSet_hbdd598b9__6.o Vtb_layershim_c___024root__DepSet_hbdd598b9__6.cpp
g++ -Os  -I.  -MMD -I/usr/share/verilator/include -I/usr/share/verilator/include/vltstd -DVM_COVERAGE=0 -DVM_SC=0 -DVM_TRACE=0 -DVM_TRACE_FST=0 -DVM_TRACE_VCD=0 -faligned-new -fcf-protection=none -Wno-bool-operation -Wno-overloaded-virtual -Wno-shadow -Wno-sign-compare -Wno-uninitialized -Wno-unused-but-set-parameter -Wno-unused-but-set-variable -Wno-unused-parameter -Wno-unused-variable     -DVL_TIME_CONTEXT   -fcoroutines -include Vtb_layershim_c__pch.h.fast -c -o Vtb_layershim_c__main.o Vtb_layershim_c__main.cpp
g++   -I.  -MMD -I/usr/share/verilator/include -I/usr/share/verilator/include/vltstd -DVM_COVERAGE=0 -DVM_SC=0 -DVM_TRACE=0 -DVM_TRACE_FST=0 -DVM_TRACE_VCD=0 -faligned-new -fcf-protection=none -Wno-bool-operation -Wno-overloaded-virtual -Wno-shadow -Wno-sign-compare -Wno-uninitialized -Wno-unused-but-set-parameter -Wno-unused-but-set-variable -Wno-unused-parameter -Wno-unused-variable     -DVL_TIME_CONTEXT   -fcoroutines -include Vtb_layershim_c__pch.h.slow -c -o Vtb_layershim_c__ConstPool_0.o Vtb_layershim_c__ConstPool_0.cpp
g++   -I.  -MMD -I/usr/share/verilator/include -I/usr/share/verilator/include/vltstd -DVM_COVERAGE=0 -DVM_SC=0 -DVM_TRACE=0 -DVM_TRACE_FST=0 -DVM_TRACE_VCD=0 -faligned-new -fcf-protection=none -Wno-bool-operation -Wno-overloaded-virtual -Wno-shadow -Wno-sign-compare -Wno-uninitialized -Wno-unused-but-set-parameter -Wno-unused-but-set-variable -Wno-unused-parameter -Wno-unused-variable     -DVL_TIME_CONTEXT   -fcoroutines -include Vtb_layershim_c__pch.h.slow -c -o Vtb_layershim_c___024root__Slow.o Vtb_layershim_c___024root__Slow.cpp
g++   -I.  -MMD -I/usr/share/verilator/include -I/usr/share/verilator/include/vltstd -DVM_COVERAGE=0 -DVM_SC=0 -DVM_TRACE=0 -DVM_TRACE_FST=0 -DVM_TRACE_VCD=0 -faligned-new -fcf-protection=none -Wno-bool-operation -Wno-overloaded-virtual -Wno-shadow -Wno-sign-compare -Wno-uninitialized -Wno-unused-but-set-parameter -Wno-unused-but-set-variable -Wno-unused-parameter -Wno-unused-variable     -DVL_TIME_CONTEXT   -fcoroutines -include Vtb_layershim_c__pch.h.slow -c -o Vtb_layershim_c___024root__DepSet_h89d53e63__0__Slow.o Vtb_layershim_c___024root__DepSet_h89d53e63__0__Slow.cpp
g++   -I.  -MMD -I/usr/share/verilator/include -I/usr/share/verilator/include/vltstd -DVM_COVERAGE=0 -DVM_SC=0 -DVM_TRACE=0 -DVM_TRACE_FST=0 -DVM_TRACE_VCD=0 -faligned-new -fcf-protection=none -Wno-bool-operation -Wno-overloaded-virtual -Wno-shadow -Wno-sign-compare -Wno-uninitialized -Wno-unused-but-set-parameter -Wno-unused-but-set-variable -Wno-unused-parameter -Wno-unused-variable     -DVL_TIME_CONTEXT   -fcoroutines -include Vtb_layershim_c__pch.h.slow -c -o Vtb_layershim_c___024root__DepSet_hbdd598b9__0__Slow.o Vtb_layershim_c___024root__DepSet_hbdd598b9__0__Slow.cpp
g++   -I.  -MMD -I/usr/share/verilator/include -I/usr/share/verilator/include/vltstd -DVM_COVERAGE=0 -DVM_SC=0 -DVM_TRACE=0 -DVM_TRACE_FST=0 -DVM_TRACE_VCD=0 -faligned-new -fcf-protection=none -Wno-bool-operation -Wno-overloaded-virtual -Wno-shadow -Wno-sign-compare -Wno-uninitialized -Wno-unused-but-set-parameter -Wno-unused-but-set-variable -Wno-unused-parameter -Wno-unused-variable     -DVL_TIME_CONTEXT   -fcoroutines -include Vtb_layershim_c__pch.h.slow -c -o Vtb_layershim_c__Syms.o Vtb_layershim_c__Syms.cpp
echo "" > Vtb_layershim_c__ALL.verilator_deplist.tmp
Archive ar -rcs Vtb_layershim_c__ALL.a Vtb_layershim_c.o Vtb_layershim_c___024root__DepSet_h89d53e63__0.o Vtb_layershim_c___024root__DepSet_h89d53e63__1.o Vtb_layershim_c___024root__DepSet_hbdd598b9__0.o Vtb_layershim_c___024root__DepSet_hbdd598b9__1.o Vtb_layershim_c___024root__DepSet_hbdd598b9__2.o Vtb_layershim_c___024root__DepSet_hbdd598b9__3.o Vtb_layershim_c___024root__DepSet_hbdd598b9__4.o Vtb_layershim_c___024root__DepSet_hbdd598b9__5.o Vtb_layershim_c___024root__DepSet_hbdd598b9__6.o Vtb_layershim_c__main.o Vtb_layershim_c__ConstPool_0.o Vtb_layershim_c___024root__Slow.o Vtb_layershim_c___024root__DepSet_h89d53e63__0__Slow.o Vtb_layershim_c___024root__DepSet_hbdd598b9__0__Slow.o Vtb_layershim_c__Syms.o
g++     verilated.o verilated_timing.o verilated_threads.o Vtb_layershim_c__ALL.a    -pthread -lpthread -latomic   -o tb_layershim_c
rm Vtb_layershim_c__ALL.verilator_deplist.tmp
make[1]: Leaving directory '/home/cah/r2d2/code/fpga/fable5_llm/tb/obj_dir_tb_layershim_c'
T1 OK: 1428 words burst-written, SWIN readback bit-exact
T2 OK: 954 words SWIN-written, burst readback bit-exact
T3 OK: burst W/R during a live ALU op 4 (len 2048) -> SLVERR on 256/256 read beats + BRESP SLVERR; 2048 ALU results bit-exact; 256 victim words untouched
T4 OK: the blocked burst retried clean once idle (256 words)
T5 OK: DNZ (busy, non-ALU mux arm) -> SLVERR, scratch untouched
T6 OK: 128 SWIN writes concurrent with a 128-beat burst, no beat lost on either side
T7 OK: WSTRB=0 beats consumed, answered OKAY, wrote nothing
T8 OK: 8x (CMD -> DONE poll -> immediate burst) all BRESP OKAY and bit-exact
TB_LAYERSHIM_C PASS (seed 1): T1 1428 w, T2 954 w, T3 ALU 2048 + 256 SLVERR beats, T6 128 w, T4/T5/T7/T8 ok
- tb_layershim_c.sv:666: Verilog $finish
T1 OK: 1037 words burst-written, SWIN readback bit-exact
T2 OK: 922 words SWIN-written, burst readback bit-exact
T3 OK: burst W/R during a live ALU op 4 (len 2048) -> SLVERR on 256/256 read beats + BRESP SLVERR; 2048 ALU results bit-exact; 256 victim words untouched
T4 OK: the blocked burst retried clean once idle (256 words)
T5 OK: DNZ (busy, non-ALU mux arm) -> SLVERR, scratch untouched
T6 OK: 128 SWIN writes concurrent with a 128-beat burst, no beat lost on either side
T7 OK: WSTRB=0 beats consumed, answered OKAY, wrote nothing
T8 OK: 8x (CMD -> DONE poll -> immediate burst) all BRESP OKAY and bit-exact
TB_LAYERSHIM_C PASS (seed 2): T1 1037 w, T2 922 w, T3 ALU 2048 + 256 SLVERR beats, T6 128 w, T4/T5/T7/T8 ok
- tb_layershim_c.sv:666: Verilog $finish
T1 OK: 1123 words burst-written, SWIN readback bit-exact
T2 OK: 840 words SWIN-written, burst readback bit-exact
T3 OK: burst W/R during a live ALU op 4 (len 2048) -> SLVERR on 256/256 read beats + BRESP SLVERR; 2048 ALU results bit-exact; 256 victim words untouched
T4 OK: the blocked burst retried clean once idle (256 words)
T5 OK: DNZ (busy, non-ALU mux arm) -> SLVERR, scratch untouched
T6 OK: 128 SWIN writes concurrent with a 128-beat burst, no beat lost on either side
T7 OK: WSTRB=0 beats consumed, answered OKAY, wrote nothing
T8 OK: 8x (CMD -> DONE poll -> immediate burst) all BRESP OKAY and bit-exact
TB_LAYERSHIM_C PASS (seed 3): T1 1123 w, T2 840 w, T3 ALU 2048 + 256 SLVERR beats, T6 128 w, T4/T5/T7/T8 ok
- tb_layershim_c.sv:666: Verilog $finish
T1 OK: 1378 words burst-written, SWIN readback bit-exact
T2 OK: 708 words SWIN-written, burst readback bit-exact
T3 OK: burst W/R during a live ALU op 4 (len 2048) -> SLVERR on 256/256 read beats + BRESP SLVERR; 2048 ALU results bit-exact; 256 victim words untouched
T4 OK: the blocked burst retried clean once idle (256 words)
T5 OK: DNZ (busy, non-ALU mux arm) -> SLVERR, scratch untouched
T6 OK: 128 SWIN writes concurrent with a 128-beat burst, no beat lost on either side
T7 OK: WSTRB=0 beats consumed, answered OKAY, wrote nothing
T8 OK: 8x (CMD -> DONE poll -> immediate burst) all BRESP OKAY and bit-exact
TB_LAYERSHIM_C PASS (seed 4): T1 1378 w, T2 708 w, T3 ALU 2048 + 256 SLVERR beats, T6 128 w, T4/T5/T7/T8 ok
- tb_layershim_c.sv:666: Verilog $finish
mkdir -p scripts/seqvec
for s in 1 2 3 4; do \
  /home/cah/.venv/bin/python scripts/gen_seq_unit_vectors.py scripts/seqvec $s || exit 1; done
seq_u_s1: 63 records, 921 writes, 303 reads (296 with the XRF sideband), 680 scratch words, 4 tokens
seq_h_hiaddr: 16 records, 8320 scratch words (8192 above word 16383)
seq_h_embrow: 7 records, 3136 scratch words at EMBLOG2=12 (4096 B rows)
seq_m_csrwr: 2001 records, 2000 writes, 0 reads
seq_m_cmd: 801 records, 800 writes, 0 reads
seq_m_movx: 3 records, 5123 writes, 4096 reads
seq_m_movy16: 4 records, 2073 writes, 2112 reads
seq_m_movy32: 4 records, 4121 writes, 2112 reads
seq_m_ldc: 2 records, 4097 writes, 0 reads
seq_f_of24: 121 records, 24 tokens
seq_f_of64: 321 records, 64 tokens
seq_f_of80: 401 records, 80 tokens
seq_e_op: expects err_code 0x01
seq_e_ind: expects err_code 0x02
seq_e_chan: expects err_code 0x05
seq_e_jmp: expects err_code 0x08
seq_e_xopsgn: expects err_code 0x0a
seq_e_csrsp: expects err_code 0x07
seq_e_rsvd: expects err_code 0x06
seq_e_env0: expects err_code 0x0d
seq_e_env97: expects err_code 0x0d
seq_h_repack1: 18 records, 5 MVGOs at per-channel bases (nch=2 depth=16 ilv=[0]), 1096 scratch words
seq_u_s2: 63 records, 906 writes, 253 reads (245 with the XRF sideband), 660 scratch words, 5 tokens
seq_h_repack2: 39 records, 12 MVGOs at per-channel bases (nch=4 depth=16 ilv=[0, 2]), 1188 scratch words
seq_u_s3: 63 records, 878 writes, 213 reads (205 with the XRF sideband), 628 scratch words, 5 tokens
seq_h_repack3: 24 records, 7 MVGOs at per-channel bases (nch=3 depth=32 ilv=[0]), 1161 scratch words
seq_u_s4: 63 records, 836 writes, 245 reads (239 with the XRF sideband), 636 scratch words, 3 tokens
seq_h_repack4: 54 records, 17 MVGOs at per-channel bases (nch=4 depth=8 ilv=[1]), 1177 scratch words
verilator --binary --timing -j 4 -Wall \
  --Mdir obj_dir_tb_seq -o tb_seq \
  --top-module tb_seq_unit ../rtl/seq_unit.sv ../rtl/seq_movers.sv seq_fabric_model.sv seq_burst_fabric.sv seq_ddr_model.sv seq_stub_layer.sv seq_stub_mvchan.sv tb_seq_unit.sv
make[1]: Entering directory '/home/cah/r2d2/code/fpga/fable5_llm/tb/obj_dir_tb_seq'
make[1]: Nothing to be done for 'default'.
make[1]: Leaving directory '/home/cah/r2d2/code/fpga/fable5_llm/tb/obj_dir_tb_seq'
for s in 1 2 3 4; do \
  obj_dir_tb_seq/tb_seq +vec=scripts/seqvec/seq_u_s$s || exit 1; done
SEQ scripts/seqvec/seq_u_s1: 63 records, 3433 cycles (54.49 cyc/rec, 4.588 Mrec/s @250MHz)
  axil writes 121
  axil reads  36  (of which 25 were status polls)
  fetch-empty stall cycles 46  (ddr beats 163)
  layer cmds 11, engine runs 1/0/1/3, LAT=4 BLAT=4 DDRLAT=32 SIDEBAND=0
  burst: 15 write bursts (800 beats), 10 read bursts (292 beats), busy_wr 1583 busy_rd 422, decerr 0 non-OK 0
SEQ PASS: scripts/seqvec/seq_u_s1 (writes 921, reads 303, scratch 680, tokens 4)
- tb_seq_unit.sv:955: Verilog $finish
  S6 OUT FIFO: ntok=5 depth=64 kept=5 rx=5 ovf=0 | pushes=5 pops=5 SIMULTANEOUS=0
SEQ scripts/seqvec/seq_u_s2: 63 records, 3739 cycles (59.35 cyc/rec, 4.212 Mrec/s @250MHz)
  axil writes 138
  axil reads  42  (of which 29 were status polls)
  fetch-empty stall cycles 64  (ddr beats 176)
  layer cmds 12, engine runs 5/1/0/0, LAT=4 BLAT=4 DDRLAT=32 SIDEBAND=0
  burst: 17 write bursts (768 beats), 12 read bursts (240 beats), busy_wr 1571 busy_rd 396, decerr 0 non-OK 0
SEQ PASS: scripts/seqvec/seq_u_s2 (writes 906, reads 253, scratch 660, tokens 5)
- tb_seq_unit.sv:955: Verilog $finish
  S6 OUT FIFO: ntok=5 depth=64 kept=5 rx=5 ovf=0 | pushes=5 pops=5 SIMULTANEOUS=0
SEQ scripts/seqvec/seq_u_s3: 63 records, 3685 cycles (58.49 cyc/rec, 4.274 Mrec/s @250MHz)
  axil writes 138
  axil reads  42  (of which 29 were status polls)
  fetch-empty stall cycles 64  (ddr beats 174)
  layer cmds 12, engine runs 1/0/1/4, LAT=4 BLAT=4 DDRLAT=32 SIDEBAND=0
  burst: 17 write bursts (740 beats), 12 read bursts (200 beats), busy_wr 1517 busy_rd 356, decerr 0 non-OK 0
SEQ PASS: scripts/seqvec/seq_u_s3 (writes 878, reads 213, scratch 628, tokens 5)
- tb_seq_unit.sv:955: Verilog $finish
SEQ scripts/seqvec/seq_u_s4: 63 records, 2950 cycles (46.83 cyc/rec, 5.339 Mrec/s @250MHz)
  axil writes 104
  axil reads  30  (of which 21 were status polls)
  fetch-empty stall cycles 29  (ddr beats 146)
  layer cmds 10, engine runs 0/3/1/0, LAT=4 BLAT=4 DDRLAT=32 SIDEBAND=0
  burst: 13 write bursts (732 beats), 8 read bursts (236 beats), busy_wr 1419 busy_rd 340, decerr 0 non-OK 0
SEQ PASS: scripts/seqvec/seq_u_s4 (writes 836, reads 245, scratch 636, tokens 3)
- tb_seq_unit.sv:955: Verilog $finish
for e in op ind chan jmp xopsgn csrsp rsvd env0 env97; do \
  obj_dir_tb_seq/tb_seq +vec=scripts/seqvec/seq_e_$e || exit 1; done
SEQ scripts/seqvec/seq_e_op: 2 records, 46 cycles (23.00 cyc/rec, 10.870 Mrec/s @250MHz)
  axil writes 0
  axil reads  1  (of which 1 were status polls)
  fetch-empty stall cycles 11  (ddr beats 2)
  layer cmds 0, engine runs 0/0/0/0, LAT=4 BLAT=4 DDRLAT=32 SIDEBAND=0
  burst: 0 write bursts (0 beats), 0 read bursts (0 beats), busy_wr 0 busy_rd 0, decerr 0 non-OK 0
SEQ PASS: scripts/seqvec/seq_e_op (writes 0, reads 0, scratch 0, tokens 0)
- tb_seq_unit.sv:955: Verilog $finish
SEQ scripts/seqvec/seq_e_ind: 2 records, 46 cycles (23.00 cyc/rec, 10.870 Mrec/s @250MHz)
  axil writes 0
  axil reads  1  (of which 1 were status polls)
  fetch-empty stall cycles 11  (ddr beats 2)
  layer cmds 0, engine runs 0/0/0/0, LAT=4 BLAT=4 DDRLAT=32 SIDEBAND=0
  burst: 0 write bursts (0 beats), 0 read bursts (0 beats), busy_wr 0 busy_rd 0, decerr 0 non-OK 0
SEQ PASS: scripts/seqvec/seq_e_ind (writes 0, reads 0, scratch 0, tokens 0)
- tb_seq_unit.sv:955: Verilog $finish
SEQ scripts/seqvec/seq_e_chan: 2 records, 46 cycles (23.00 cyc/rec, 10.870 Mrec/s @250MHz)
  axil writes 0
  axil reads  1  (of which 1 were status polls)
  fetch-empty stall cycles 11  (ddr beats 2)
  layer cmds 0, engine runs 0/0/0/0, LAT=4 BLAT=4 DDRLAT=32 SIDEBAND=0
  burst: 0 write bursts (0 beats), 0 read bursts (0 beats), busy_wr 0 busy_rd 0, decerr 0 non-OK 0
SEQ PASS: scripts/seqvec/seq_e_chan (writes 0, reads 0, scratch 0, tokens 0)
- tb_seq_unit.sv:955: Verilog $finish
SEQ scripts/seqvec/seq_e_jmp: 2 records, 46 cycles (23.00 cyc/rec, 10.870 Mrec/s @250MHz)
  axil writes 0
  axil reads  1  (of which 1 were status polls)
  fetch-empty stall cycles 11  (ddr beats 2)
  layer cmds 0, engine runs 0/0/0/0, LAT=4 BLAT=4 DDRLAT=32 SIDEBAND=0
  burst: 0 write bursts (0 beats), 0 read bursts (0 beats), busy_wr 0 busy_rd 0, decerr 0 non-OK 0
SEQ PASS: scripts/seqvec/seq_e_jmp (writes 0, reads 0, scratch 0, tokens 0)
- tb_seq_unit.sv:955: Verilog $finish
SEQ scripts/seqvec/seq_e_xopsgn: 2 records, 46 cycles (23.00 cyc/rec, 10.870 Mrec/s @250MHz)
  axil writes 0
  axil reads  1  (of which 1 were status polls)
  fetch-empty stall cycles 11  (ddr beats 2)
  layer cmds 0, engine runs 0/0/0/0, LAT=4 BLAT=4 DDRLAT=32 SIDEBAND=0
  burst: 0 write bursts (0 beats), 0 read bursts (0 beats), busy_wr 0 busy_rd 0, decerr 0 non-OK 0
SEQ PASS: scripts/seqvec/seq_e_xopsgn (writes 0, reads 0, scratch 0, tokens 0)
- tb_seq_unit.sv:955: Verilog $finish
SEQ scripts/seqvec/seq_e_csrsp: 2 records, 46 cycles (23.00 cyc/rec, 10.870 Mrec/s @250MHz)
  axil writes 0
  axil reads  1  (of which 1 were status polls)
  fetch-empty stall cycles 11  (ddr beats 2)
  layer cmds 0, engine runs 0/0/0/0, LAT=4 BLAT=4 DDRLAT=32 SIDEBAND=0
  burst: 0 write bursts (0 beats), 0 read bursts (0 beats), busy_wr 0 busy_rd 0, decerr 0 non-OK 0
SEQ PASS: scripts/seqvec/seq_e_csrsp (writes 0, reads 0, scratch 0, tokens 0)
- tb_seq_unit.sv:955: Verilog $finish
SEQ scripts/seqvec/seq_e_rsvd: 2 records, 46 cycles (23.00 cyc/rec, 10.870 Mrec/s @250MHz)
  axil writes 0
  axil reads  1  (of which 1 were status polls)
  fetch-empty stall cycles 11  (ddr beats 2)
  layer cmds 0, engine runs 0/0/0/0, LAT=4 BLAT=4 DDRLAT=32 SIDEBAND=0
  burst: 0 write bursts (0 beats), 0 read bursts (0 beats), busy_wr 0 busy_rd 0, decerr 0 non-OK 0
SEQ PASS: scripts/seqvec/seq_e_rsvd (writes 0, reads 0, scratch 0, tokens 0)
- tb_seq_unit.sv:955: Verilog $finish
SEQ scripts/seqvec/seq_e_env0: 4 records, 295 cycles (73.75 cyc/rec, 3.390 Mrec/s @250MHz)
  axil writes 7
  axil reads  3  (of which 3 were status polls)
  fetch-empty stall cycles 11  (ddr beats 4)
  layer cmds 0, engine runs 1/0/0/0, LAT=4 BLAT=4 DDRLAT=32 SIDEBAND=0
  burst: 1 write bursts (16 beats), 1 read bursts (64 beats), busy_wr 89 busy_rd 77, decerr 0 non-OK 0
SEQ PASS: scripts/seqvec/seq_e_env0 (writes 23, reads 64, scratch 0, tokens 0)
- tb_seq_unit.sv:955: Verilog $finish
SEQ scripts/seqvec/seq_e_env97: 4 records, 295 cycles (73.75 cyc/rec, 3.390 Mrec/s @250MHz)
  axil writes 7
  axil reads  3  (of which 3 were status polls)
  fetch-empty stall cycles 11  (ddr beats 4)
  layer cmds 0, engine runs 1/0/0/0, LAT=4 BLAT=4 DDRLAT=32 SIDEBAND=0
  burst: 1 write bursts (16 beats), 1 read bursts (64 beats), busy_wr 89 busy_rd 77, decerr 0 non-OK 0
SEQ PASS: scripts/seqvec/seq_e_env97 (writes 23, reads 64, scratch 0, tokens 0)
- tb_seq_unit.sv:955: Verilog $finish
for m in csrwr cmd movx movy16 movy32 ldc; do \
  obj_dir_tb_seq/tb_seq +vec=scripts/seqvec/seq_m_$m || exit 1; done
SEQ scripts/seqvec/seq_m_csrwr: 2001 records, 6046 cycles (3.02 cyc/rec, 82.741 Mrec/s @250MHz)
  axil writes 2000
  axil reads  1  (of which 1 were status polls)
  fetch-empty stall cycles 11  (ddr beats 2001)
  layer cmds 0, engine runs 0/0/0/0, LAT=4 BLAT=4 DDRLAT=32 SIDEBAND=0
  burst: 0 write bursts (0 beats), 0 read bursts (0 beats), busy_wr 0 busy_rd 0, decerr 0 non-OK 0
SEQ PASS: scripts/seqvec/seq_m_csrwr (writes 2000, reads 0, scratch 0, tokens 0)
- tb_seq_unit.sv:955: Verilog $finish
SEQ scripts/seqvec/seq_m_cmd: 801 records, 8821 cycles (11.01 cyc/rec, 22.702 Mrec/s @250MHz)
  axil writes 800
  axil reads  276  (of which 276 were status polls)
  fetch-empty stall cycles 11  (ddr beats 801)
  layer cmds 200, engine runs 0/0/0/0, LAT=4 BLAT=4 DDRLAT=32 SIDEBAND=0
  burst: 0 write bursts (0 beats), 0 read bursts (0 beats), busy_wr 0 busy_rd 0, decerr 0 non-OK 0
SEQ PASS: scripts/seqvec/seq_m_cmd (writes 800, reads 0, scratch 0, tokens 0)
- tb_seq_unit.sv:955: Verilog $finish
SEQ scripts/seqvec/seq_m_movx: 3 records, 8935 cycles (2978.33 cyc/rec, 0.084 Mrec/s @250MHz)
  axil writes 3
  axil reads  2  (of which 2 were status polls)
  fetch-empty stall cycles 11  (ddr beats 515)
  layer cmds 0, engine runs 0/0/0/0, LAT=4 BLAT=4 DDRLAT=32 SIDEBAND=0
  burst: 20 write bursts (5120 beats), 16 read bursts (4096 beats), busy_wr 8833 busy_rd 4169, decerr 0 non-OK 0
SEQ PASS: scripts/seqvec/seq_m_movx (writes 5123, reads 4096, scratch 4096, tokens 0)
- tb_seq_unit.sv:955: Verilog $finish
SEQ scripts/seqvec/seq_m_movy16: 4 records, 2434 cycles (608.50 cyc/rec, 0.411 Mrec/s @250MHz)
  axil writes 9
  axil reads  3  (of which 3 were status polls)
  fetch-empty stall cycles 11  (ddr beats 4)
  layer cmds 0, engine runs 1/0/0/0, LAT=4 BLAT=4 DDRLAT=32 SIDEBAND=0
  burst: 9 write bursts (2064 beats), 9 read bursts (2112 beats), busy_wr 2194 busy_rd 2166, decerr 0 non-OK 0
SEQ PASS: scripts/seqvec/seq_m_movy16 (writes 2073, reads 2112, scratch 2048, tokens 0)
- tb_seq_unit.sv:955: Verilog $finish
SEQ scripts/seqvec/seq_m_movy32: 4 records, 4486 cycles (1121.50 cyc/rec, 0.223 Mrec/s @250MHz)
  axil writes 9
  axil reads  3  (of which 3 were status polls)
  fetch-empty stall cycles 11  (ddr beats 4)
  layer cmds 0, engine runs 1/0/0/0, LAT=4 BLAT=4 DDRLAT=32 SIDEBAND=0
  burst: 17 write bursts (4112 beats), 9 read bursts (2112 beats), busy_wr 4244 busy_rd 4120, decerr 0 non-OK 0
SEQ PASS: scripts/seqvec/seq_m_movy32 (writes 4121, reads 2112, scratch 4096, tokens 0)
- tb_seq_unit.sv:955: Verilog $finish
SEQ scripts/seqvec/seq_m_ldc: 2 records, 4705 cycles (2352.50 cyc/rec, 0.106 Mrec/s @250MHz)
  axil writes 1
  axil reads  1  (of which 1 were status polls)
  fetch-empty stall cycles 11  (ddr beats 514)
  layer cmds 0, engine runs 0/0/0/0, LAT=4 BLAT=4 DDRLAT=32 SIDEBAND=0
  burst: 16 write bursts (4096 beats), 0 read bursts (0 beats), busy_wr 4652 busy_rd 0, decerr 0 non-OK 0
SEQ PASS: scripts/seqvec/seq_m_ldc (writes 4097, reads 0, scratch 4096, tokens 0)
- tb_seq_unit.sv:955: Verilog $finish
for d in hiaddr embrow repack1 repack2 repack3 repack4; do \
  obj_dir_tb_seq/tb_seq +vec=scripts/seqvec/seq_h_$d || exit 1; done
SEQ scripts/seqvec/seq_h_hiaddr: 16 records, 21949 cycles (1371.81 cyc/rec, 0.182 Mrec/s @250MHz)
  axil writes 34
  axil reads  7  (of which 7 were status polls)
  fetch-empty stall cycles 11  (ddr beats 920)
  layer cmds 0, engine runs 1/1/1/0, LAT=4 BLAT=4 DDRLAT=32 SIDEBAND=0
  burst: 49 write bursts (12032 beats), 48 read bursts (12160 beats), busy_wr 21284 busy_rd 12848, decerr 0 non-OK 0
SEQ PASS: scripts/seqvec/seq_h_hiaddr (writes 12066, reads 12160, scratch 8320, tokens 0)
- tb_seq_unit.sv:955: Verilog $finish
SEQ scripts/seqvec/seq_h_embrow: 7 records, 3736 cycles (533.71 cyc/rec, 0.468 Mrec/s @250MHz)
  axil writes 9
  axil reads  1  (of which 1 were status polls)
  fetch-empty stall cycles 11  (ddr beats 399)
  layer cmds 0, engine runs 0/0/0/0, LAT=4 BLAT=4 DDRLAT=32 SIDEBAND=0
  burst: 13 write bursts (3136 beats), 0 read bursts (0 beats), busy_wr 3660 busy_rd 0, decerr 0 non-OK 0
SEQ PASS: scripts/seqvec/seq_h_embrow (writes 3145, reads 0, scratch 3136, tokens 0)
- tb_seq_unit.sv:955: Verilog $finish
SEQ scripts/seqvec/seq_h_repack1: 18 records, 5947 cycles (330.39 cyc/rec, 0.757 Mrec/s @250MHz)
  axil writes 46
  axil reads  11  (of which 11 were status polls)
  fetch-empty stall cycles 11  (ddr beats 146)
  layer cmds 0, engine runs 3/2/0/0, LAT=4 BLAT=4 DDRLAT=32 SIDEBAND=0
  burst: 14 write bursts (1928 beats), 19 read bursts (3400 beats), busy_wr 4916 busy_rd 3566, decerr 0 non-OK 0
SEQ PASS: scripts/seqvec/seq_h_repack1 (writes 1974, reads 3400, scratch 1096, tokens 0)
- tb_seq_unit.sv:955: Verilog $finish
SEQ scripts/seqvec/seq_h_repack2: 39 records, 11674 cycles (299.33 cyc/rec, 0.835 Mrec/s @250MHz)
  axil writes 109
  axil reads  25  (of which 25 were status polls)
  fetch-empty stall cycles 11  (ddr beats 167)
  layer cmds 0, engine runs 4/4/2/2, LAT=4 BLAT=4 DDRLAT=32 SIDEBAND=0
  burst: 28 write bursts (2980 beats), 42 read bursts (7332 beats), busy_wr 9283 busy_rd 7716, decerr 0 non-OK 0
SEQ PASS: scripts/seqvec/seq_h_repack2 (writes 3089, reads 7332, scratch 1188, tokens 0)
- tb_seq_unit.sv:955: Verilog $finish
SEQ scripts/seqvec/seq_h_repack3: 24 records, 8062 cycles (335.92 cyc/rec, 0.744 Mrec/s @250MHz)
  axil writes 64
  axil reads  15  (of which 15 were status polls)
  fetch-empty stall cycles 11  (ddr beats 152)
  layer cmds 0, engine runs 3/2/2/0, LAT=4 BLAT=4 DDRLAT=32 SIDEBAND=0
  burst: 18 write bursts (2377 beats), 26 read bursts (5001 beats), busy_wr 6643 busy_rd 5231, decerr 0 non-OK 0
SEQ PASS: scripts/seqvec/seq_h_repack3 (writes 2441, reads 5001, scratch 1161, tokens 0)
- tb_seq_unit.sv:955: Verilog $finish
SEQ scripts/seqvec/seq_h_repack4: 54 records, 16537 cycles (306.24 cyc/rec, 0.816 Mrec/s @250MHz)
  axil writes 154
  axil reads  35  (of which 35 were status polls)
  fetch-empty stall cycles 11  (ddr beats 182)
  layer cmds 0, engine runs 5/4/4/4, LAT=4 BLAT=4 DDRLAT=32 SIDEBAND=0
  burst: 38 write bursts (3865 beats), 61 read bursts (10905 beats), busy_wr 13177 busy_rd 11455, decerr 0 non-OK 0
SEQ PASS: scripts/seqvec/seq_h_repack4 (writes 4019, reads 10905, scratch 1177, tokens 0)
- tb_seq_unit.sv:955: Verilog $finish
verilator --binary --timing -j 4 -Wall -Wno-UNUSEDPARAM \
  +define+SYNTHESIS \
  --Mdir obj_dir_tb_seq_syn -o tb_seq_syn \
  --top-module tb_seq_unit ../rtl/seq_unit.sv ../rtl/seq_movers.sv seq_fabric_model.sv seq_burst_fabric.sv seq_ddr_model.sv seq_stub_layer.sv seq_stub_mvchan.sv tb_seq_unit.sv
make[1]: Entering directory '/home/cah/r2d2/code/fpga/fable5_llm/tb/obj_dir_tb_seq_syn'
make[1]: Nothing to be done for 'default'.
make[1]: Leaving directory '/home/cah/r2d2/code/fpga/fable5_llm/tb/obj_dir_tb_seq_syn'
obj_dir_tb_seq_syn/tb_seq_syn +vec=scripts/seqvec/seq_h_embrow \
  +emblog2bad=7
SEQ scripts/seqvec/seq_h_embrow: will write ILLEGAL EMBLOG2 7 after 12 (guard control)
SEQ scripts/seqvec/seq_h_embrow: illegal EMBLOG2 7 rejected, register still 12
SEQ scripts/seqvec/seq_h_embrow: 7 records, 3736 cycles (533.71 cyc/rec, 0.468 Mrec/s @250MHz)
  axil writes 9
  axil reads  1  (of which 1 were status polls)
  fetch-empty stall cycles 11  (ddr beats 399)
  layer cmds 0, engine runs 0/0/0/0, LAT=4 BLAT=4 DDRLAT=32 SIDEBAND=0
  burst: 13 write bursts (3136 beats), 0 read bursts (0 beats), busy_wr 3660 busy_rd 0, decerr 0 non-OK 0
SEQ PASS: scripts/seqvec/seq_h_embrow (writes 3145, reads 0, scratch 3136, tokens 0)
- tb_seq_unit.sv:955: Verilog $finish
obj_dir_tb_seq_syn/tb_seq_syn +vec=scripts/seqvec/seq_h_embrow \
  +emblog2bad=14
SEQ scripts/seqvec/seq_h_embrow: will write ILLEGAL EMBLOG2 14 after 12 (guard control)
SEQ scripts/seqvec/seq_h_embrow: illegal EMBLOG2 14 rejected, register still 12
SEQ scripts/seqvec/seq_h_embrow: 7 records, 3736 cycles (533.71 cyc/rec, 0.468 Mrec/s @250MHz)
  axil writes 9
  axil reads  1  (of which 1 were status polls)
  fetch-empty stall cycles 11  (ddr beats 399)
  layer cmds 0, engine runs 0/0/0/0, LAT=4 BLAT=4 DDRLAT=32 SIDEBAND=0
  burst: 13 write bursts (3136 beats), 0 read bursts (0 beats), busy_wr 3660 busy_rd 0, decerr 0 non-OK 0
SEQ PASS: scripts/seqvec/seq_h_embrow (writes 3145, reads 0, scratch 3136, tokens 0)
- tb_seq_unit.sv:955: Verilog $finish
--- and the same write in a NORMAL build must raise $error:
OK: illegal EMBLOG2 write is loud in simulation
verilator --lint-only -Wall --timing ../rtl/fx_pkg.sv ../rtl/fx_rsqrt.sv ../rtl/fx_recip.sv ../rtl/fx_silu.sv ../rtl/vecnorm_unit.sv ../rtl/rope_unit.sv ../rtl/conv4_silu.sv ../rtl/dn_step.sv ../rtl/attn_core.sv ../rtl/gate_unit.sv ../rtl/vec_alu.sv ../rtl/state_dma.sv ../rtl/layer_chan.sv \
  --top-module layer_chan
verilator --lint-only -Wall --timing axi_ram_bfm.sv \
  --top-module axi_ram_bfm
verilator --lint-only -Wall --timing ../rtl/state_dma.sv \
  --top-module state_dma
verilator --lint-only -Wall --timing ../rtl/fx_pkg.sv ../rtl/fx_rsqrt.sv ../rtl/fx_recip.sv ../rtl/fx_silu.sv ../rtl/vecnorm_unit.sv ../rtl/rope_unit.sv ../rtl/conv4_silu.sv ../rtl/dn_step.sv ../rtl/attn_core.sv ../rtl/gate_unit.sv ../rtl/vec_alu.sv ../rtl/state_dma.sv ../rtl/layer_chan.sv \
  --top-module layer_chan
verilator --lint-only -Wall --timing ../rtl/fx_pkg.sv ../rtl/fx_rsqrt.sv ../rtl/fx_recip.sv ../rtl/fx_silu.sv ../rtl/vecnorm_unit.sv ../rtl/rope_unit.sv ../rtl/conv4_silu.sv ../rtl/dn_step.sv ../rtl/attn_core.sv ../rtl/gate_unit.sv ../rtl/vec_alu.sv ../rtl/state_dma.sv ../rtl/layer_chan.sv tb_layershim_c.sv \
  --top-module tb_layershim_c
verilator --lint-only -Wall --timing ../rtl/seq_unit.sv ../rtl/seq_movers.sv --top-module seq_unit
verilator --lint-only -Wall --timing seq_fabric_model.sv
verilator --lint-only -Wall --timing seq_burst_fabric.sv
verilator --lint-only -Wall --timing seq_ddr_model.sv
verilator --lint-only -Wall --timing seq_stub_layer.sv
verilator --lint-only -Wall --timing seq_stub_mvchan.sv
make: Leaving directory '/home/cah/r2d2/code/fpga/fable5_llm/tb'
=== rc: 0
=== end: 2026-09-04T19:56:50-06:00
