=== host: darthplagueis
=== date: 2026-09-04T20:03:09-06:00
=== tree: 65e424e
=== cmd:  python3 evidence/qwen_next/spec_cites.py evidence/qwen9b/s2/S2_RTL.md
=== venv: /home/cah/.venv/bin/python (ABSENT)
===       ref/.venv/bin/python (exists)
===       uv: /home/cah/.local/bin/uv (ABSENT)
=== cpu:  nproc=32 OMP_NUM_THREADS=unset MKL_NUM_THREADS=unset
=== env:  FABLE5_MODEL=unset FABLE5_DN_STATE=unset FABLE5_RS_F=unset
===       FABLE5_CALIB_STATS=unset FABLE5_CALIB_MODE=unset
=== ---
checked: 172 exist, 106 range, 5 quote  |  pending 57  |  retired 0  |  noquote 0  |  FAIL 0
  S2_RTL.md:26  PENDING  tb/axi_ram_bfm.sv (a future gate creates this)
  S2_RTL.md:26  PENDING  tb/tb_layer_sdma.sv (a future gate creates this)
  S2_RTL.md:27  PENDING  rtl/state_dma.sv (a future gate creates this)
  S2_RTL.md:31  PENDING  rtl/state_dma.sv (a future gate creates this)
  S2_RTL.md:33  PENDING  rtl/state_dma.sv (a future gate creates this)
  S2_RTL.md:33  PENDING  tb/axi_ram_bfm.sv (a future gate creates this)
  S2_RTL.md:33  PENDING  tb/tb_layer_sdma.sv (a future gate creates this)
  S2_RTL.md:47  PENDING  rtl/state_dma.sv (a future gate creates this)
  S2_RTL.md:61  PENDING  rtl/state_dma.sv (a future gate creates this)
  S2_RTL.md:65  PENDING  rtl/state_dma.sv (a future gate creates this)
  S2_RTL.md:66  PENDING  rtl/state_dma.sv (a future gate creates this)
  S2_RTL.md:67  PENDING  rtl/state_dma.sv (a future gate creates this)
  S2_RTL.md:68  PENDING  rtl/state_dma.sv (a future gate creates this)
  S2_RTL.md:69  PENDING  rtl/state_dma.sv (a future gate creates this)
  S2_RTL.md:70  PENDING  rtl/state_dma.sv (a future gate creates this)
  S2_RTL.md:71  PENDING  rtl/state_dma.sv (a future gate creates this)
  S2_RTL.md:72  PENDING  rtl/state_dma.sv (a future gate creates this)
  S2_RTL.md:73  PENDING  rtl/state_dma.sv (a future gate creates this)
  S2_RTL.md:79  PENDING  rtl/state_dma.sv (a future gate creates this)
  S2_RTL.md:86  PENDING  rtl/state_dma.sv (a future gate creates this)
  S2_RTL.md:113  PENDING  tb/tb_layer_sdma.sv (a future gate creates this)
  S2_RTL.md:208  PENDING  tb/tb_layer_sdma.sv (a future gate creates this)
  S2_RTL.md:230  PENDING  tb/tb_layer_sdma.sv (a future gate creates this)
  S2_RTL.md:310  PENDING  evidence/qwen9b/s2/001_tb_layer_sdma_red.log (a future gate creates this)
  S2_RTL.md:310  PENDING  rtl/state_dma.sv (a future gate creates this)
  S2_RTL.md:333  PENDING  tb/tb_layer_sdma.sv (a future gate creates this)
  S2_RTL.md:336  PENDING  tb/tb_layer_sdma.sv (a future gate creates this)
  S2_RTL.md:336  PENDING  tb/tb_layer_sdma.sv (a future gate creates this)
  S2_RTL.md:342  PENDING  tb/tb_layer_sdma.sv (a future gate creates this)
  S2_RTL.md:343  PENDING  tb/tb_layer_sdma.sv (a future gate creates this)
  S2_RTL.md:343  PENDING  tb/tb_layer_sdma.sv (a future gate creates this)
  S2_RTL.md:344  PENDING  tb/tb_layer_sdma.sv (a future gate creates this)
  S2_RTL.md:345  PENDING  tb/tb_layer_sdma.sv (a future gate creates this)
  S2_RTL.md:346  PENDING  tb/tb_layer_sdma.sv (a future gate creates this)
  S2_RTL.md:346  PENDING  tb/tb_layer_sdma.sv (a future gate creates this)
  S2_RTL.md:347  PENDING  tb/tb_layer_sdma.sv (a future gate creates this)
  S2_RTL.md:348  PENDING  tb/tb_layer_sdma.sv (a future gate creates this)
  S2_RTL.md:349  PENDING  tb/tb_layer_sdma.sv (a future gate creates this)
  S2_RTL.md:350  PENDING  tb/tb_layer_sdma.sv (a future gate creates this)
  S2_RTL.md:351  PENDING  tb/tb_layer_sdma.sv (a future gate creates this)
  S2_RTL.md:351  PENDING  tb/tb_layer_sdma.sv (a future gate creates this)
  S2_RTL.md:352  PENDING  tb/tb_layer_sdma.sv (a future gate creates this)
  S2_RTL.md:353  PENDING  tb/tb_layer_sdma.sv (a future gate creates this)
  S2_RTL.md:449  PENDING  rtl/state_dma.sv (a future gate creates this)
  S2_RTL.md:449  PENDING  tb/axi_ram_bfm.sv (a future gate creates this)
  S2_RTL.md:449  PENDING  tb/tb_layer_sdma.sv (a future gate creates this)
  S2_RTL.md:561  PENDING  tb/tb_layer_sdma.sv (a future gate creates this)
  S2_RTL.md:561  PENDING  tb/tb_layer_sdma.sv (a future gate creates this)
  S2_RTL.md:561  PENDING  tb/tb_layer_sdma.sv (a future gate creates this)
  S2_RTL.md:563  PENDING  tb/axi_ram_bfm.sv (a future gate creates this)
  S2_RTL.md:563  PENDING  tb/axi_ram_bfm.sv (a future gate creates this)
  S2_RTL.md:563  PENDING  tb/tb_layer_sdma.sv (a future gate creates this)
  S2_RTL.md:565  PENDING  tb/tb_layer_sdma.sv (a future gate creates this)
  S2_RTL.md:566  PENDING  rtl/state_dma.sv (a future gate creates this)
  S2_RTL.md:568  PENDING  tb/axi_ram_bfm.sv (a future gate creates this)
  S2_RTL.md:573  PENDING  tb/tb_layer_sdma.sv (a future gate creates this)
  S2_RTL.md:573  PENDING  tb/tb_layer_sdma.sv (a future gate creates this)
SPEC CITES: PASS
=== rc: 0
=== end: 2026-09-04T20:03:09-06:00
