=== host: darthplagueis
=== date: 2026-09-02T03:43:39-06:00
=== tree: a08a90b+dirty
=== cmd:  ref/.venv/bin/python evidence/qwen9b/o3/o3_cite_drift.py --base a08a90b --edited rtl/matvec_engine.sv,rtl/matvec_chan.sv,rtl/seq_movers.sv,sw/hwmap.py,sw/infer.py,sw/layer_test.py,sw/tok_meter.py,sw/seq_run.py,sw/chat_seq.py,ref/seq_format.py,ref/seq_model.py,tb/tb_matvec.sv,tb/tb_matvec_chan.sv,tb/tb_mvshim_b.sv,tb/mvshim_b_stubs.sv,tb/seq_stub_mvchan.sv,tb/tb_seq_unit.sv,tb/scripts/gen_matvec_v2_vectors.py,tb/scripts/gen_seq_unit_vectors.py,tb/Makefile,evidence/qwen9b/g3/isa_bits.py,evidence/qwen_next/spec_cites.py,NEXT_SESSION.md,docs/SEQ_ISA.md,docs/ARCHITECTURE.md --verify --negative-control
=== venv: /home/cah/.venv/bin/python (ABSENT)
===       ref/.venv/bin/python (exists)
===       uv: /home/cah/.local/bin/uv (ABSENT)
=== cpu:  nproc=32 OMP_NUM_THREADS=unset MKL_NUM_THREADS=unset
=== env:  FABLE5_MODEL=unset FABLE5_DN_STATE=unset FABLE5_RS_F=unset
===       FABLE5_CALIB_STATS=unset FABLE5_CALIB_MODE=unset
=== ---
o3 citation-drift gate  [verify]
  code base  a08a90b
  doc base   a08a90b
  files      25 edited files
  citations  397 distinct (file, line) pairs
  unmoved    130
  half-ranges 4 (one endpoint unresolved — NEVER rewritten)
  MODE       NEGATIVE CONTROL
  ! NEXT_SESSION.md:187 -> :204  content does not match the base line
  ! NEXT_SESSION.md:205 -> :222  content does not match the base line
  ! NEXT_SESSION.md:208 -> :225  content does not match the base line
  ! NEXT_SESSION.md:210 -> :227  content does not match the base line
  ! NEXT_SESSION.md:211 -> :228  content does not match the base line
  ! NEXT_SESSION.md:229 -> :246  content does not match the base line
  ! NEXT_SESSION.md:230 -> :247  content does not match the base line
  ! NEXT_SESSION.md:231 -> :248  content does not match the base line
  ! NEXT_SESSION.md:239 -> :256  content does not match the base line
  ! NEXT_SESSION.md:244 -> :261  content does not match the base line
  ! NEXT_SESSION.md:245 -> :262  content does not match the base line
  ! NEXT_SESSION.md:249 -> :266  content does not match the base line
  ! NEXT_SESSION.md:251 -> :268  content does not match the base line
  ! NEXT_SESSION.md:295 -> :312  content does not match the base line
  ! NEXT_SESSION.md:296 -> :313  content does not match the base line
  ! docs/ARCHITECTURE.md:517 -> :554  content does not match the base line
  ! docs/ARCHITECTURE.md:518 -> :555  content does not match the base line
  ! docs/ARCHITECTURE.md:525 -> :562  content does not match the base line
  ! docs/ARCHITECTURE.md:528 -> :565  content does not match the base line
  ! docs/ARCHITECTURE.md:529 -> :566  content does not match the base line
  ! docs/ARCHITECTURE.md:533 -> :570  content does not match the base line
  ! evidence/qwen2b/ra/MOVER_NORM.md does not cite docs/ARCHITECTURE.md:578
  ! docs/ARCHITECTURE.md:627 -> :664  content does not match the base line
  ! docs/SEQ_ISA.md:525 -> :545  content does not match the base line
  ! docs/SEQ_ISA.md:544 -> :564  content does not match the base line
  ! docs/SEQ_ISA.md:546 -> :566  content does not match the base line
  ! docs/SEQ_ISA.md:549 -> :569  content does not match the base line
  ! docs/SEQ_ISA.md:759 -> :793  content does not match the base line
  ! docs/SEQ_ISA.md:765 -> :799  content does not match the base line
  ! docs/SEQ_ISA.md:781 -> :815  content does not match the base line
  ! docs/SEQ_ISA.md:783 -> :817  content does not match the base line
  ! docs/SEQ_ISA.md:792 -> :826  content does not match the base line
  ! docs/SEQ_ISA.md:801 -> :835  content does not match the base line
  ! docs/SEQ_ISA.md:803 -> :837  content does not match the base line
  ! ref/seq_format.py:1612 -> :1622  content does not match the base line
  ! ref/seq_format.py:1851 -> :1861  content does not match the base line
  ! ref/seq_format.py:1875 -> :1885  content does not match the base line
  ! ref/seq_format.py:1888 -> :1898  content does not match the base line
  ! ref/seq_format.py:1916 -> :1926  content does not match the base line
  ! ref/seq_model.py:390 -> :403  content does not match the base line
O3_CITE_DRIFT VERIFY NEGATIVE CONTROL: CAUGHT (199 complaints)
=== rc: 0
=== end: 2026-09-02T03:43:40-06:00
