=== host: snoke
=== date: 2026-09-02T05:21:25-06:00
=== tree: 8138d66+dirty
=== cmd:  make -C tb tb_layer_env
=== venv: /home/cah/.venv/bin/python (exists)
===       ref/.venv/bin/python (ABSENT)
===       uv: /home/cah/.local/bin/uv (exists)
=== cpu:  nproc=48 OMP_NUM_THREADS=unset MKL_NUM_THREADS=unset
=== env:  FABLE5_MODEL=unset FABLE5_DN_STATE=unset FABLE5_RS_F=unset
===       FABLE5_CALIB_STATS=unset FABLE5_CALIB_MODE=unset
=== ---
make: Entering directory '/home/cah/r2d2/code/fpga/fable5_llm/tb'
verilator --binary --timing -j 4 -Wall \
  --Mdir obj_dir_tb_layerbank -o tb_layerbank \
  --top-module tb_layer_chan \
  ../rtl/fx_pkg.sv ../rtl/fx_rsqrt.sv ../rtl/fx_recip.sv ../rtl/fx_silu.sv ../rtl/vecnorm_unit.sv ../rtl/rope_unit.sv ../rtl/conv4_silu.sv ../rtl/dn_step.sv ../rtl/attn_core.sv ../rtl/gate_unit.sv ../rtl/vec_alu.sv ../rtl/layer_chan.sv tb_layer_chan.sv
make[1]: Entering directory '/home/cah/r2d2/code/fpga/fable5_llm/tb/obj_dir_tb_layerbank'
g++ -Os  -I.  -MMD -I/usr/share/verilator/include -I/usr/share/verilator/include/vltstd -DVM_COVERAGE=0 -DVM_SC=0 -DVM_TRACE=0 -DVM_TRACE_FST=0 -DVM_TRACE_VCD=0 -faligned-new -fcf-protection=none -Wno-bool-operation -Wno-overloaded-virtual -Wno-shadow -Wno-sign-compare -Wno-uninitialized -Wno-unused-but-set-parameter -Wno-unused-but-set-variable -Wno-unused-parameter -Wno-unused-variable     -DVL_TIME_CONTEXT   -fcoroutines -c -o verilated.o /usr/share/verilator/include/verilated.cpp
g++ -Os  -I.  -MMD -I/usr/share/verilator/include -I/usr/share/verilator/include/vltstd -DVM_COVERAGE=0 -DVM_SC=0 -DVM_TRACE=0 -DVM_TRACE_FST=0 -DVM_TRACE_VCD=0 -faligned-new -fcf-protection=none -Wno-bool-operation -Wno-overloaded-virtual -Wno-shadow -Wno-sign-compare -Wno-uninitialized -Wno-unused-but-set-parameter -Wno-unused-but-set-variable -Wno-unused-parameter -Wno-unused-variable     -DVL_TIME_CONTEXT   -fcoroutines -c -o verilated_timing.o /usr/share/verilator/include/verilated_timing.cpp
g++ -Os  -I.  -MMD -I/usr/share/verilator/include -I/usr/share/verilator/include/vltstd -DVM_COVERAGE=0 -DVM_SC=0 -DVM_TRACE=0 -DVM_TRACE_FST=0 -DVM_TRACE_VCD=0 -faligned-new -fcf-protection=none -Wno-bool-operation -Wno-overloaded-virtual -Wno-shadow -Wno-sign-compare -Wno-uninitialized -Wno-unused-but-set-parameter -Wno-unused-but-set-variable -Wno-unused-parameter -Wno-unused-variable     -DVL_TIME_CONTEXT   -fcoroutines -c -o verilated_threads.o /usr/share/verilator/include/verilated_threads.cpp
g++ -Os  -I.  -MMD -I/usr/share/verilator/include -I/usr/share/verilator/include/vltstd -DVM_COVERAGE=0 -DVM_SC=0 -DVM_TRACE=0 -DVM_TRACE_FST=0 -DVM_TRACE_VCD=0 -faligned-new -fcf-protection=none -Wno-bool-operation -Wno-overloaded-virtual -Wno-shadow -Wno-sign-compare -Wno-uninitialized -Wno-unused-but-set-parameter -Wno-unused-but-set-variable -Wno-unused-parameter -Wno-unused-variable     -DVL_TIME_CONTEXT   -fcoroutines -x c++-header Vtb_layer_chan__pch.h -o Vtb_layer_chan__pch.h.fast.gch
g++   -I.  -MMD -I/usr/share/verilator/include -I/usr/share/verilator/include/vltstd -DVM_COVERAGE=0 -DVM_SC=0 -DVM_TRACE=0 -DVM_TRACE_FST=0 -DVM_TRACE_VCD=0 -faligned-new -fcf-protection=none -Wno-bool-operation -Wno-overloaded-virtual -Wno-shadow -Wno-sign-compare -Wno-uninitialized -Wno-unused-but-set-parameter -Wno-unused-but-set-variable -Wno-unused-parameter -Wno-unused-variable     -DVL_TIME_CONTEXT   -fcoroutines -x c++-header Vtb_layer_chan__pch.h -o Vtb_layer_chan__pch.h.slow.gch
g++ -Os  -I.  -MMD -I/usr/share/verilator/include -I/usr/share/verilator/include/vltstd -DVM_COVERAGE=0 -DVM_SC=0 -DVM_TRACE=0 -DVM_TRACE_FST=0 -DVM_TRACE_VCD=0 -faligned-new -fcf-protection=none -Wno-bool-operation -Wno-overloaded-virtual -Wno-shadow -Wno-sign-compare -Wno-uninitialized -Wno-unused-but-set-parameter -Wno-unused-but-set-variable -Wno-unused-parameter -Wno-unused-variable     -DVL_TIME_CONTEXT   -fcoroutines -include Vtb_layer_chan__pch.h.fast -c -o Vtb_layer_chan.o Vtb_layer_chan.cpp
g++ -Os  -I.  -MMD -I/usr/share/verilator/include -I/usr/share/verilator/include/vltstd -DVM_COVERAGE=0 -DVM_SC=0 -DVM_TRACE=0 -DVM_TRACE_FST=0 -DVM_TRACE_VCD=0 -faligned-new -fcf-protection=none -Wno-bool-operation -Wno-overloaded-virtual -Wno-shadow -Wno-sign-compare -Wno-uninitialized -Wno-unused-but-set-parameter -Wno-unused-but-set-variable -Wno-unused-parameter -Wno-unused-variable     -DVL_TIME_CONTEXT   -fcoroutines -include Vtb_layer_chan__pch.h.fast -c -o Vtb_layer_chan___024root__DepSet_h3eda1a8d__0.o Vtb_layer_chan___024root__DepSet_h3eda1a8d__0.cpp
g++ -Os  -I.  -MMD -I/usr/share/verilator/include -I/usr/share/verilator/include/vltstd -DVM_COVERAGE=0 -DVM_SC=0 -DVM_TRACE=0 -DVM_TRACE_FST=0 -DVM_TRACE_VCD=0 -faligned-new -fcf-protection=none -Wno-bool-operation -Wno-overloaded-virtual -Wno-shadow -Wno-sign-compare -Wno-uninitialized -Wno-unused-but-set-parameter -Wno-unused-but-set-variable -Wno-unused-parameter -Wno-unused-variable     -DVL_TIME_CONTEXT   -fcoroutines -include Vtb_layer_chan__pch.h.fast -c -o Vtb_layer_chan___024root__DepSet_h3eda1a8d__1.o Vtb_layer_chan___024root__DepSet_h3eda1a8d__1.cpp
g++ -Os  -I.  -MMD -I/usr/share/verilator/include -I/usr/share/verilator/include/vltstd -DVM_COVERAGE=0 -DVM_SC=0 -DVM_TRACE=0 -DVM_TRACE_FST=0 -DVM_TRACE_VCD=0 -faligned-new -fcf-protection=none -Wno-bool-operation -Wno-overloaded-virtual -Wno-shadow -Wno-sign-compare -Wno-uninitialized -Wno-unused-but-set-parameter -Wno-unused-but-set-variable -Wno-unused-parameter -Wno-unused-variable     -DVL_TIME_CONTEXT   -fcoroutines -include Vtb_layer_chan__pch.h.fast -c -o Vtb_layer_chan___024root__DepSet_h3eda1a8d__2.o Vtb_layer_chan___024root__DepSet_h3eda1a8d__2.cpp
g++ -Os  -I.  -MMD -I/usr/share/verilator/include -I/usr/share/verilator/include/vltstd -DVM_COVERAGE=0 -DVM_SC=0 -DVM_TRACE=0 -DVM_TRACE_FST=0 -DVM_TRACE_VCD=0 -faligned-new -fcf-protection=none -Wno-bool-operation -Wno-overloaded-virtual -Wno-shadow -Wno-sign-compare -Wno-uninitialized -Wno-unused-but-set-parameter -Wno-unused-but-set-variable -Wno-unused-parameter -Wno-unused-variable     -DVL_TIME_CONTEXT   -fcoroutines -include Vtb_layer_chan__pch.h.fast -c -o Vtb_layer_chan___024root__DepSet_h5d1b4e19__0.o Vtb_layer_chan___024root__DepSet_h5d1b4e19__0.cpp
g++ -Os  -I.  -MMD -I/usr/share/verilator/include -I/usr/share/verilator/include/vltstd -DVM_COVERAGE=0 -DVM_SC=0 -DVM_TRACE=0 -DVM_TRACE_FST=0 -DVM_TRACE_VCD=0 -faligned-new -fcf-protection=none -Wno-bool-operation -Wno-overloaded-virtual -Wno-shadow -Wno-sign-compare -Wno-uninitialized -Wno-unused-but-set-parameter -Wno-unused-but-set-variable -Wno-unused-parameter -Wno-unused-variable     -DVL_TIME_CONTEXT   -fcoroutines -include Vtb_layer_chan__pch.h.fast -c -o Vtb_layer_chan___024root__DepSet_h5d1b4e19__1.o Vtb_layer_chan___024root__DepSet_h5d1b4e19__1.cpp
g++ -Os  -I.  -MMD -I/usr/share/verilator/include -I/usr/share/verilator/include/vltstd -DVM_COVERAGE=0 -DVM_SC=0 -DVM_TRACE=0 -DVM_TRACE_FST=0 -DVM_TRACE_VCD=0 -faligned-new -fcf-protection=none -Wno-bool-operation -Wno-overloaded-virtual -Wno-shadow -Wno-sign-compare -Wno-uninitialized -Wno-unused-but-set-parameter -Wno-unused-but-set-variable -Wno-unused-parameter -Wno-unused-variable     -DVL_TIME_CONTEXT   -fcoroutines -include Vtb_layer_chan__pch.h.fast -c -o Vtb_layer_chan___024root__DepSet_h5d1b4e19__2.o Vtb_layer_chan___024root__DepSet_h5d1b4e19__2.cpp
g++ -Os  -I.  -MMD -I/usr/share/verilator/include -I/usr/share/verilator/include/vltstd -DVM_COVERAGE=0 -DVM_SC=0 -DVM_TRACE=0 -DVM_TRACE_FST=0 -DVM_TRACE_VCD=0 -faligned-new -fcf-protection=none -Wno-bool-operation -Wno-overloaded-virtual -Wno-shadow -Wno-sign-compare -Wno-uninitialized -Wno-unused-but-set-parameter -Wno-unused-but-set-variable -Wno-unused-parameter -Wno-unused-variable     -DVL_TIME_CONTEXT   -fcoroutines -include Vtb_layer_chan__pch.h.fast -c -o Vtb_layer_chan___024root__DepSet_h5d1b4e19__3.o Vtb_layer_chan___024root__DepSet_h5d1b4e19__3.cpp
g++ -Os  -I.  -MMD -I/usr/share/verilator/include -I/usr/share/verilator/include/vltstd -DVM_COVERAGE=0 -DVM_SC=0 -DVM_TRACE=0 -DVM_TRACE_FST=0 -DVM_TRACE_VCD=0 -faligned-new -fcf-protection=none -Wno-bool-operation -Wno-overloaded-virtual -Wno-shadow -Wno-sign-compare -Wno-uninitialized -Wno-unused-but-set-parameter -Wno-unused-but-set-variable -Wno-unused-parameter -Wno-unused-variable     -DVL_TIME_CONTEXT   -fcoroutines -include Vtb_layer_chan__pch.h.fast -c -o Vtb_layer_chan___024root__DepSet_h5d1b4e19__4.o Vtb_layer_chan___024root__DepSet_h5d1b4e19__4.cpp
g++ -Os  -I.  -MMD -I/usr/share/verilator/include -I/usr/share/verilator/include/vltstd -DVM_COVERAGE=0 -DVM_SC=0 -DVM_TRACE=0 -DVM_TRACE_FST=0 -DVM_TRACE_VCD=0 -faligned-new -fcf-protection=none -Wno-bool-operation -Wno-overloaded-virtual -Wno-shadow -Wno-sign-compare -Wno-uninitialized -Wno-unused-but-set-parameter -Wno-unused-but-set-variable -Wno-unused-parameter -Wno-unused-variable     -DVL_TIME_CONTEXT   -fcoroutines -include Vtb_layer_chan__pch.h.fast -c -o Vtb_layer_chan___024root__DepSet_h5d1b4e19__5.o Vtb_layer_chan___024root__DepSet_h5d1b4e19__5.cpp
g++ -Os  -I.  -MMD -I/usr/share/verilator/include -I/usr/share/verilator/include/vltstd -DVM_COVERAGE=0 -DVM_SC=0 -DVM_TRACE=0 -DVM_TRACE_FST=0 -DVM_TRACE_VCD=0 -faligned-new -fcf-protection=none -Wno-bool-operation -Wno-overloaded-virtual -Wno-shadow -Wno-sign-compare -Wno-uninitialized -Wno-unused-but-set-parameter -Wno-unused-but-set-variable -Wno-unused-parameter -Wno-unused-variable     -DVL_TIME_CONTEXT   -fcoroutines -include Vtb_layer_chan__pch.h.fast -c -o Vtb_layer_chan__main.o Vtb_layer_chan__main.cpp
g++   -I.  -MMD -I/usr/share/verilator/include -I/usr/share/verilator/include/vltstd -DVM_COVERAGE=0 -DVM_SC=0 -DVM_TRACE=0 -DVM_TRACE_FST=0 -DVM_TRACE_VCD=0 -faligned-new -fcf-protection=none -Wno-bool-operation -Wno-overloaded-virtual -Wno-shadow -Wno-sign-compare -Wno-uninitialized -Wno-unused-but-set-parameter -Wno-unused-but-set-variable -Wno-unused-parameter -Wno-unused-variable     -DVL_TIME_CONTEXT   -fcoroutines -include Vtb_layer_chan__pch.h.slow -c -o Vtb_layer_chan__ConstPool_0.o Vtb_layer_chan__ConstPool_0.cpp
g++   -I.  -MMD -I/usr/share/verilator/include -I/usr/share/verilator/include/vltstd -DVM_COVERAGE=0 -DVM_SC=0 -DVM_TRACE=0 -DVM_TRACE_FST=0 -DVM_TRACE_VCD=0 -faligned-new -fcf-protection=none -Wno-bool-operation -Wno-overloaded-virtual -Wno-shadow -Wno-sign-compare -Wno-uninitialized -Wno-unused-but-set-parameter -Wno-unused-but-set-variable -Wno-unused-parameter -Wno-unused-variable     -DVL_TIME_CONTEXT   -fcoroutines -include Vtb_layer_chan__pch.h.slow -c -o Vtb_layer_chan___024root__Slow.o Vtb_layer_chan___024root__Slow.cpp
g++   -I.  -MMD -I/usr/share/verilator/include -I/usr/share/verilator/include/vltstd -DVM_COVERAGE=0 -DVM_SC=0 -DVM_TRACE=0 -DVM_TRACE_FST=0 -DVM_TRACE_VCD=0 -faligned-new -fcf-protection=none -Wno-bool-operation -Wno-overloaded-virtual -Wno-shadow -Wno-sign-compare -Wno-uninitialized -Wno-unused-but-set-parameter -Wno-unused-but-set-variable -Wno-unused-parameter -Wno-unused-variable     -DVL_TIME_CONTEXT   -fcoroutines -include Vtb_layer_chan__pch.h.slow -c -o Vtb_layer_chan___024root__DepSet_h3eda1a8d__0__Slow.o Vtb_layer_chan___024root__DepSet_h3eda1a8d__0__Slow.cpp
g++   -I.  -MMD -I/usr/share/verilator/include -I/usr/share/verilator/include/vltstd -DVM_COVERAGE=0 -DVM_SC=0 -DVM_TRACE=0 -DVM_TRACE_FST=0 -DVM_TRACE_VCD=0 -faligned-new -fcf-protection=none -Wno-bool-operation -Wno-overloaded-virtual -Wno-shadow -Wno-sign-compare -Wno-uninitialized -Wno-unused-but-set-parameter -Wno-unused-but-set-variable -Wno-unused-parameter -Wno-unused-variable     -DVL_TIME_CONTEXT   -fcoroutines -include Vtb_layer_chan__pch.h.slow -c -o Vtb_layer_chan___024root__DepSet_h5d1b4e19__0__Slow.o Vtb_layer_chan___024root__DepSet_h5d1b4e19__0__Slow.cpp
g++   -I.  -MMD -I/usr/share/verilator/include -I/usr/share/verilator/include/vltstd -DVM_COVERAGE=0 -DVM_SC=0 -DVM_TRACE=0 -DVM_TRACE_FST=0 -DVM_TRACE_VCD=0 -faligned-new -fcf-protection=none -Wno-bool-operation -Wno-overloaded-virtual -Wno-shadow -Wno-sign-compare -Wno-uninitialized -Wno-unused-but-set-parameter -Wno-unused-but-set-variable -Wno-unused-parameter -Wno-unused-variable     -DVL_TIME_CONTEXT   -fcoroutines -include Vtb_layer_chan__pch.h.slow -c -o Vtb_layer_chan__Syms.o Vtb_layer_chan__Syms.cpp
echo "" > Vtb_layer_chan__ALL.verilator_deplist.tmp
Archive ar -rcs Vtb_layer_chan__ALL.a Vtb_layer_chan.o Vtb_layer_chan___024root__DepSet_h3eda1a8d__0.o Vtb_layer_chan___024root__DepSet_h3eda1a8d__1.o Vtb_layer_chan___024root__DepSet_h3eda1a8d__2.o Vtb_layer_chan___024root__DepSet_h5d1b4e19__0.o Vtb_layer_chan___024root__DepSet_h5d1b4e19__1.o Vtb_layer_chan___024root__DepSet_h5d1b4e19__2.o Vtb_layer_chan___024root__DepSet_h5d1b4e19__3.o Vtb_layer_chan___024root__DepSet_h5d1b4e19__4.o Vtb_layer_chan___024root__DepSet_h5d1b4e19__5.o Vtb_layer_chan__main.o Vtb_layer_chan__ConstPool_0.o Vtb_layer_chan___024root__Slow.o Vtb_layer_chan___024root__DepSet_h3eda1a8d__0__Slow.o Vtb_layer_chan___024root__DepSet_h5d1b4e19__0__Slow.o Vtb_layer_chan__Syms.o
g++     verilated.o verilated_timing.o verilated_threads.o Vtb_layer_chan__ALL.a    -pthread -lpthread -latomic   -o tb_layerbank
rm Vtb_layer_chan__ALL.verilator_deplist.tmp
make[1]: Leaving directory '/home/cah/r2d2/code/fpga/fable5_llm/tb/obj_dir_tb_layerbank'
  ENV REFUSED (err_op=1) as required: VN nlog2 13 > 12
  ENV REFUSED (err_op=1) as required: VNW len 4097 > 4096
  ENV REFUSED (err_op=1) as required: VNW len 0 refused
  ENV REFUSED (err_op=1) as required: CONV 8190+4 > 8192
  ENV REFUSED (err_op=1) as required: CONVW 8190+4 > 8192
  ENV REFUSED (err_op=1) as required: CONVW nch 0 refused (the retired wrap escape)
  ENV REFUSED (err_op=1) as required: DNZ at dn_slot 24 (no bank)
  ENV REFUSED (err_op=1) as required: DNST at dn_slot 24 (no bank)
  ENV REFUSED (err_op=1) as required: CONV at dn_slot 24 (no bank)
TB_LAYER_ENV PASS: every envelope check fired
- tb_layer_chan.sv:448: Verilog $finish
TB_LAYER_CHAN PASS: 0 cmds, 0 checks bit-exact ()
- tb_layer_chan.sv:584: Verilog $finish
  ENV REFUSED (err_op=1) as required: VN nlog2 13 > 12
  ENV REFUSED (err_op=1) as required: VNW len 4097 > 4096
  ENV REFUSED (err_op=1) as required: VNW len 0 refused
  ENV REFUSED (err_op=1) as required: CONV 8190+4 > 8192
  ENV REFUSED (err_op=1) as required: CONVW 8190+4 > 8192
  ENV REFUSED (err_op=1) as required: CONVW nch 0 refused (the retired wrap escape)
  ENV REFUSED (err_op=1) as required: DNZ at dn_slot 24 (no bank)
  ENV REFUSED (err_op=1) as required: DNST at dn_slot 24 (no bank)
  ENV REFUSED (err_op=1) as required: CONV at dn_slot 24 (no bank)
TB_LAYER_ENV PASS: every envelope check fired
- tb_layer_chan.sv:448: Verilog $finish
TB_LAYER_CHAN PASS: 0 cmds, 0 checks bit-exact ()
- tb_layer_chan.sv:584: Verilog $finish
  ENV REFUSED (err_op=1) as required: VN nlog2 13 > 12
  ENV REFUSED (err_op=1) as required: VNW len 4097 > 4096
  ENV REFUSED (err_op=1) as required: VNW len 0 refused
  ENV REFUSED (err_op=1) as required: CONV 8190+4 > 8192
  ENV REFUSED (err_op=1) as required: CONVW 8190+4 > 8192
  ENV REFUSED (err_op=1) as required: CONVW nch 0 refused (the retired wrap escape)
  ENV REFUSED (err_op=1) as required: DNZ at dn_slot 24 (no bank)
  ENV REFUSED (err_op=1) as required: DNST at dn_slot 24 (no bank)
  ENV REFUSED (err_op=1) as required: CONV at dn_slot 24 (no bank)
TB_LAYER_ENV PASS: every envelope check fired
- tb_layer_chan.sv:448: Verilog $finish
TB_LAYER_CHAN PASS: 0 cmds, 0 checks bit-exact ()
- tb_layer_chan.sv:584: Verilog $finish
  ENV REFUSED (err_op=1) as required: VN nlog2 13 > 12
  ENV REFUSED (err_op=1) as required: VNW len 4097 > 4096
  ENV REFUSED (err_op=1) as required: VNW len 0 refused
  ENV REFUSED (err_op=1) as required: CONV 8190+4 > 8192
  ENV REFUSED (err_op=1) as required: CONVW 8190+4 > 8192
  ENV REFUSED (err_op=1) as required: CONVW nch 0 refused (the retired wrap escape)
  ENV REFUSED (err_op=1) as required: DNZ at dn_slot 24 (no bank)
  ENV REFUSED (err_op=1) as required: DNST at dn_slot 24 (no bank)
  ENV REFUSED (err_op=1) as required: CONV at dn_slot 24 (no bank)
TB_LAYER_ENV PASS: every envelope check fired
- tb_layer_chan.sv:448: Verilog $finish
TB_LAYER_CHAN PASS: 0 cmds, 0 checks bit-exact ()
- tb_layer_chan.sv:584: Verilog $finish
make: Leaving directory '/home/cah/r2d2/code/fpga/fable5_llm/tb'
=== rc: 0
=== end: 2026-09-02T05:23:16-06:00
