=== host: snoke
=== date: 2026-09-02T19:20:53-06:00
=== tree: 20e1214
=== cmd:  /home/cah/.venv/bin/python evidence/qwen9b/o3/o3_cite_drift.py --base 89b2d7d --doc-base 89b2d7d --edited evidence/qwen9b/g3/G3_4_LAYER.md,evidence/qwen9b/g3/isa_bits.py,evidence/qwen9b/o3/o3_cite_drift.py,evidence/qwen_next/feas/layer_cmd_census.py,evidence/qwen_next/feas/resource_budget.py,evidence/qwen_next/feas/toks_model.py,ref/seq_chat.py,ref/seq_format.py,ref/seq_model.py,rtl/seq_unit.sv,tb/scripts/gen_seq_chip_vectors.py,tb/scripts/gen_seq_unit_vectors.py,tb/tb_layer_chan.sv --exclude evidence/qwen9b/g3/G3_4_LAYER.md --exclude evidence/qwen_next/feas/toks_model.py --verify
=== venv: /home/cah/.venv/bin/python (exists)
===       ref/.venv/bin/python (ABSENT)
===       uv: /home/cah/.local/bin/uv (exists)
=== cpu:  nproc=48 OMP_NUM_THREADS=unset MKL_NUM_THREADS=unset
=== env:  FABLE5_MODEL=unset FABLE5_DN_STATE=unset FABLE5_RS_F=unset
===       FABLE5_CALIB_STATS=unset FABLE5_CALIB_MODE=unset
=== ---
o3 citation-drift gate  [verify]
  code base  89b2d7d
  doc base   89b2d7d
  files      13 edited files
  citations  170 distinct (file, line) pairs
  unmoved    70
  half-ranges 0 (one endpoint unresolved — NEVER rewritten)
  relocated  96 citation(s) checked against the base content and the citing documents
  excluded   evidence/qwen9b/g3/G3_4_LAYER.md, evidence/qwen_next/feas/toks_model.py
O3_CITE_DRIFT VERIFY PASS (0 problem(s))
=== rc: 0
=== end: 2026-09-02T19:20:57-06:00
