=== host: darthplagueis
=== date: 2026-09-01T23:22:42-06:00
=== tree: 89bc9b0
=== cmd:  ref/.venv/bin/python evidence/qwen9b/g3/isa_bits.py --dnst-map
=== venv: /home/cah/.venv/bin/python (ABSENT)
===       ref/.venv/bin/python (exists)
===       uv: /home/cah/.local/bin/uv (ABSENT)
=== cpu:  nproc=32 OMP_NUM_THREADS=unset MKL_NUM_THREADS=unset
=== env:  FABLE5_MODEL=9b FABLE5_DN_STATE=unset FABLE5_RS_F=unset
===       FABLE5_CALIB_STATS=unset FABLE5_CALIB_MODE=unset
=== ---
  healthy map (beta_base=12384, decay_base=12416, GATE dst=12384, LNH=32): ACCEPTED
  decay_base off by one                                    REFUSED
  decay_base at the WALL-17 literal 16 rather than LNH     REFUSED
  beta_base off by one                                     REFUSED
  the beta|decay split moved (halves swapped)              REFUSED
  the GATE writer moved and the map did not                REFUSED

DNST_MAP_CONTROL: PASS (healthy accepted, every perturbation refused)
=== rc: 0
=== end: 2026-09-01T23:22:42-06:00
