=== host: snoke
=== date: 2026-08-31T10:37:08-06:00
=== tree: c9d2a2f+dirty
=== cmd:  bash evidence/qwen9b/g2/final_bytelock_pin.sh --crosslock
=== venv: /home/cah/.venv/bin/python (exists)
===       ref/.venv/bin/python (ABSENT)
===       uv: /home/cah/.local/bin/uv (exists)
=== cpu:  nproc=48 OMP_NUM_THREADS=8 MKL_NUM_THREADS=unset
=== env:  FABLE5_MODEL=unset FABLE5_DN_STATE=unset FABLE5_RS_F=unset
===       FABLE5_CALIB_STATS=unset FABLE5_CALIB_MODE=unset
=== ---
  51  tb/scripts/w4/model_v2_s1.e.seq                      docs/USAGE.md
   1  tb/scripts/w4/model_v2_s1.e.seq.json                 evidence/rung1/seqrun_artifacts.sha256
  35  tb/scripts/w4/model_v2_s1.e.seqdata.bin              evidence/chat/seqrun_postrebuild.json
   2  tb/scripts/w4/model_v2_s1.e.chip                     evidence/qwen2b/rd/hw_47_golden_shas.log
  22  tb/scripts/w4/model_v2_s1.e4.seq                     evidence/qwen2b/rb/hw_04_seq_run_nch4.log
   6  tb/scripts/w4/model_v2_s1.e4.seq.json                evidence/qwen2b/rc/t3_locks_after.log
  35  tb/scripts/w4/model_v2_s1.e4.seqdata.bin             evidence/chat/seqrun_postrebuild.json
   3  tb/scripts/w4/model_v2_s1.e4.chip                    evidence/qwen2b/rd/RD_GATE.md
   2  tb/scripts/w4/model_v2_s1.txt                        evidence/rung1/seq_chip_gate_agentE.log
  21  tb/scripts/w4/model_v2_s1.emb.bin                    evidence/chat/seqrun_postrebuild.json
   4  tb/scripts/w4/model_v2_s1.weights.json               evidence/qwen2b/rb/sw_selftests_new_manifest.log
  --  tb/scripts/w4/model_v2_s1.wimg.bin                   no prior record
  --  tb/scripts/w4/model_v2_s1_w[N].bin                   no prior record
   2  tb/scripts/model_v2_s1.txt                           evidence/rung1/seq_chip_gate_agentE.log
  16  tb/scripts/w5/model_w8_2b_s1.e.seq                   evidence/qwen2b/rc/RC_GATE.md
   4  tb/scripts/w5/model_w8_2b_s1.e.seq.json              evidence/qwen2b/rc/RC_GATE.md
  17  tb/scripts/w5/model_w8_2b_s1.e.seqdata.bin           evidence/qwen2b/rc/RC_GATE.md
   3  tb/scripts/w5/model_w8_2b_s1.e.chip                  evidence/qwen2b/rd/RD_GATE.md
   4  tb/scripts/w5/model_w8_2b_s1.txt                     evidence/qwen2b/rc/RC_GATE.md
  10  tb/scripts/w5/model_w8_2b_s1.emb.bin                 evidence/qwen2b/rc/RC_GATE.md
   4  tb/scripts/w5/model_w8_2b_s1.weights.json            evidence/qwen2b/rc/RC_GATE.md
  --  tb/scripts/w5/model_w8_2b_s1.wimg0.bin               no prior record
  --  tb/scripts/w5/model_w8_2b_s1.wimg1.bin               no prior record
  --  tb/scripts/w5/model_w8_2b_s1.wimg2.bin               no prior record
  --  tb/scripts/w5/model_w8_2b_s1.wimg3.bin               no prior record
  --  tb/scripts/w5/model_w8_2b_s1_w[N].bin                no prior record
  --  tb/scripts/w5/lay2b_w8_s1.txt                        no prior record
  --  tb/scripts/w5/lay2b_w8_s1.e.seq                      no prior record
  --  tb/scripts/w5/lay2b_w8_s1.e.seq.json                 no prior record
  --  tb/scripts/w5/lay2b_w8_s1.e.seqdata.bin              no prior record
  --  tb/scripts/w5/lay2b_w8_s1.e.chip                     no prior record
  --  tb/scripts/w5/lay2b_w8_s1.weights.json               no prior record
  --  tb/scripts/w5/lay2b_w8_s1_w[N].bin                   no prior record
  --  tb/scripts/w5/lay2b_w8_s2.txt                        no prior record
  --  tb/scripts/w5/lay2b_w8_s2.e.seq                      no prior record
  --  tb/scripts/w5/lay2b_w8_s2.e.seq.json                 no prior record
  --  tb/scripts/w5/lay2b_w8_s2.e.seqdata.bin              no prior record
  --  tb/scripts/w5/lay2b_w8_s2.e.chip                     no prior record
  --  tb/scripts/w5/lay2b_w8_s2.weights.json               no prior record
  --  tb/scripts/w5/lay2b_w8_s2_w[N].bin                   no prior record
  --  tb/scripts/w5/lay2b_w8_s3.txt                        no prior record
  --  tb/scripts/w5/lay2b_w8_s3.e.seq                      no prior record
  --  tb/scripts/w5/lay2b_w8_s3.e.seq.json                 no prior record
  --  tb/scripts/w5/lay2b_w8_s3.e.seqdata.bin              no prior record
  --  tb/scripts/w5/lay2b_w8_s3.e.chip                     no prior record
  --  tb/scripts/w5/lay2b_w8_s3.weights.json               no prior record
  --  tb/scripts/w5/lay2b_w8_s3_w[N].bin                   no prior record
  --  tb/scripts/w5/lay2b_w8_s4.txt                        no prior record
  --  tb/scripts/w5/lay2b_w8_s4.e.seq                      no prior record
  --  tb/scripts/w5/lay2b_w8_s4.e.seq.json                 no prior record
  --  tb/scripts/w5/lay2b_w8_s4.e.seqdata.bin              no prior record
  --  tb/scripts/w5/lay2b_w8_s4.e.chip                     no prior record
  --  tb/scripts/w5/lay2b_w8_s4.weights.json               no prior record
  --  tb/scripts/w5/lay2b_w8_s4_w[N].bin                   no prior record
=== rc: 0
=== end: 2026-08-31T10:37:20-06:00
