tb_seq_chip: BM1 counters ON (no expect file)
  mem region 0: 1268624 B @ 000090000000   /home/cah/r2d2/code/fpga/fable5_llm/tb/scripts/w9/model_9b_s2.e4.seq
  mem region 1: 563712 B @ 000080000000   /home/cah/r2d2/code/fpga/fable5_llm/tb/scripts/w9/model_9b_s2.e4.seqdata.bin
  mem region 2: 2034237440 B @ 000060000000   /home/cah/r2d2/code/fpga/fable5_llm/tb/scripts/w9/model_9b_s2.emb.bin
  state window: 162529280 B image   /home/cah/r2d2/code/fpga/fable5_llm/tb/scripts/w9/model_9b_s2.state.bin
  mem region 0: 1026097152 B @ 000010000000   /home/cah/r2d2/code/fpga/fable5_llm/tb/scripts/w9/model_9b_s2.wimg0.bin
  mem region 0: 1022853120 B @ 000010000000   /home/cah/r2d2/code/fpga/fable5_llm/tb/scripts/w9/model_9b_s2.wimg1.bin
  mem region 0: 1021771776 B @ 000010000000   /home/cah/r2d2/code/fpga/fable5_llm/tb/scripts/w9/model_9b_s2.wimg2.bin
  mem region 0: 1021771776 B @ 000010000000   /home/cah/r2d2/code/fpga/fable5_llm/tb/scripts/w9/model_9b_s2.wimg3.bin
tb_seq_chip: launch 0 [-] rec_off 0, 79289 records, 6 tokens, 36864 scratch words, NMV=4 WIMGPC=1 LAT=4 DDRLAT=32 WLAT=40
  TOK[0] = 00117 (279) == golden OK
  TOK[1] = 00108 (264) == golden OK
  TOK[2] = 00356 (854) == golden OK
  TOK[3] = 0000b (11) == golden OK
  TOK[4] = 0012f (303) == golden OK
  TOK[5] = 00108 (264) == golden OK
SEQ-CHIP /home/cah/r2d2/code/fpga/fable5_llm/tb/scripts/w9/model_9b_s2.e4 launch 0 [-]: 79289 records, 196707670 cycles (2480.89 cyc/rec, 786.831 ms @250MHz, PERF_CYC 196707663)
BM1 L0 BEGIN  (0x100..0x134 read after HALT; ref = the testbench's negedge sampler)
BM1 L0 BM_IDENT rtl 4205949697 const 4205949697       OK
BM1 L0 PERF_CYC rtl 196707663 ref 196707663       OK
BM1 L0 BM_MVANY rtl 81689880 ref 81689880       OK
BM1 L0 BM_MV0 rtl 81492988 ref 81492988       OK
BM1 L0 BM_MV1 rtl 81235555 ref 81235555       OK
BM1 L0 BM_MV2 rtl 81149423 ref 81149423       OK
BM1 L0 BM_MV3 rtl 81149544 ref 81149544       OK
BM1 L0 BM_FENCE rtl 81582408 ref 81582408       OK
BM1 L0 BM_MVWORK rtl 48822048 ref 48822048       OK
BM1 L0 BM_MVWORK_ANY rtl 181479 ref 181479       OK
BM1 L0 BM_IMOVER rtl 130453404 ref 130453404       OK
BM1 L0 BM_STEPS rtl 6 ref 6       OK
BM1 L0 RSVD_12C rtl 0 const 0       OK
BM1 L0 BM_MOVX rtl 31540704 ref 31540704       OK
BM1 L0 BM_MOVY rtl 17050656 ref 17050656       OK
BM1 L0 RSVD_1FC rtl 0 const 0       OK
BM1 L0 OUTSIDE_200 rtl 3735929054 const 3735929054       OK
BM1 L0 INFO   MVGO work (MVWORK-MOVX-MOVY) 230688  ref MOVER 130404456  ref I2 70306  ref FENCE&ANY&!STR 6072  ref WORK&ANY&STR 117245  L_LCYC 62414775
BM1 L0 ID_FENCE+WORK rtl 130404456 MOVER 130404456       OK
BM1 L0 ID_WORK>=W_ANY rtl 1 want 1       OK
BM1 L0 ID_MAX<=ANY<=S rtl 1 want 1       OK
BM1 L0 ID_MOVX+MOVY<=W rtl 1 want 1       OK
BM1 L0 ID_I2=C7-WS+FN rtl 70306 ref 70306       OK
BM1 L0 PASS: every counter equals its reference                     
LAUNCH 0 PASS: [-] pc 79288, tokens 6, tcnt 8, scratch 36864, smem 112
  state: 2676800 read beats, 2659968 write beats, 0 unmapped
  axil writes 287515
  axil reads  11111190
  burst: 108762 write bursts (25637376 beats), 162108 read bursts (40820736 beats), busy_wr 50006917 busy_rd 47368548, decerr 0 non-OK 0, BLAT=4
  fetch-empty stall cycles 84
  ddr beats 448413 (miss 0), weight beats 383606784 total across 4 chan (miss 0) [ 96180480/95876352/95774976/95774976]
  DUT held in reset 0 times after t=0 (rst_armed asserted before launch 0, never violated)
TB_SEQ_CHIP PASS: /home/cah/r2d2/code/fpga/fable5_llm/tb/scripts/w9/model_9b_s2.e4 (launches 1, 196707670 cycles total, scratch 36864/launch, tokens 6, tcnt 8)
- /home/cah/r2d2/code/fpga/fable5_llm/tb/tb_seq_chip.sv:1198: Verilog $finish
