=== host: snoke  date: 2026-09-27T10:15:03-06:00
=== tree: 03b4f86+dirty
=== dirty:  M NEXT_SESSION.md
=== dirty:  M docs/HISTORY.md
=== dirty:  M docs/NVFP4_STUDY.md
=== dirty: ?? evidence/qwen9b/bm/bm1_timeline_model_9b_s1.csv
=== dirty: ?? evidence/qwen9b/bm/seedlogs_model_9b_s1_bm/
=== dirty: ?? evidence/qwen9b/bm/seedlogs_model_9b_s1_bmtl/
=== dirty: ?? evidence/qwen9b/bm/seedlogs_model_9b_s1_control/
=== dirty: ?? evidence/qwen9b/bm/seedlogs_model_9b_s2_bm/
=== dirty: ?? evidence/qwen9b/bm/seedlogs_model_9b_s2_control/
=== dirty: ?? evidence/qwen9b/bm/seedlogs_model_9b_s3_bm/
=== dirty: ?? evidence/qwen9b/bm/seedlogs_model_9b_s3_control/
=== dirty: ?? evidence/qwen9b/bm/seedlogs_model_9b_s4_bm/
=== dirty: ?? evidence/qwen9b/bm/seedlogs_model_9b_s4_control/
=== dirty: ?? evidence/qwen9b/bm/seedlogs_tok9b_s1_bm/
=== dirty: ?? evidence/qwen9b/bm/seedlogs_tok9b_s1_control/
=== cmd : /home/cah/.venv/bin/python evidence/qwen_next/spec_cites.py NEXT_SESSION.md docs/NVFP4_STUDY.md docs/HISTORY.md
=== env : FABLE5_MODEL=unset
=== venv: /home/cah/.venv/bin/python (named in cmd): 3.12.3 numpy 2.4.6
checked: 727 exist, 301 range, 9 quote  |  pending 0  |  retired 0  |  noquote 0  |  FAIL 0
SPEC CITES: PASS
=== rc  : 0
=== end : 2026-09-27T10:15:04-06:00
