=== host: snoke  date: 2026-09-27T12:13:59-06:00
=== tree: 0eea6a3
=== cmd : bash -c source /home/cah/r2d2/sc2data/tools/Vivado/2024.2/settings64.sh >/dev/null && cd /tmp && exec vivado -mode batch -nojournal -nolog -source /home/cah/r2d2/code/fpga/fable5_llm/evidence/qwen9b/ov/sr0_ip_query.tcl
=== env : FABLE5_MODEL=unset
=== venv: /home/cah/.venv/bin/python (shipped venv (no interpreter named in cmd)): 3.12.3 numpy 2.4.6

****** Vivado v2024.2 (64-bit)
  **** SW Build 5239630 on Fri Nov 08 22:34:34 MST 2024
  **** IP Build 5239520 on Sun Nov 10 16:12:51 MST 2024
  **** SharedData Build 5239561 on Fri Nov 08 14:39:27 MST 2024
  **** Start of session at: Sun Sep 27 12:14:01 2026
    ** Copyright 1986-2022 Xilinx, Inc. All Rights Reserved.
    ** Copyright 2022-2024 Advanced Micro Devices, Inc. All Rights Reserved.

source /home/cah/r2d2/code/fpga/fable5_llm/evidence/qwen9b/ov/sr0_ip_query.tcl
# set xpr [file normalize [file join [file dirname [info script]] ../../../synth/out_build_041/proj/stage1.xpr]]
# puts "IPQ_XPR: $xpr"
IPQ_XPR: /home/cah/r2d2/code/fpga/fable5_llm/synth/out_build_041/proj/stage1.xpr
# open_project -read_only $xpr
Scanning sources...
Finished scanning sources
INFO: [IP_Flow 19-234] Refreshing IP repositories
INFO: [IP_Flow 19-1704] No user IP repositories specified
INFO: [IP_Flow 19-2313] Loaded Vivado IP repository '/home/cah/r2d2/sc2data/tools/Vivado/2024.2/data/ip'.
WARNING: [filemgmt 56-443] The ECC Algorithm string is empty. Setting the Memory Map to default ECC value to ECC_NONE.
WARNING: [filemgmt 56-443] The ECC Algorithm string is empty. Setting the Memory Map to default ECC value to ECC_NONE.
WARNING: [filemgmt 56-443] The ECC Algorithm string is empty. Setting the Memory Map to default ECC value to ECC_NONE.
WARNING: [filemgmt 56-443] The ECC Algorithm string is empty. Setting the Memory Map to default ECC value to ECC_NONE.
WARNING: [filemgmt 56-443] The ECC Algorithm string is empty. Setting the Memory Map to default ECC value to ECC_NONE.
WARNING: [filemgmt 56-443] The ECC Algorithm string is empty. Setting the Memory Map to default ECC value to ECC_NONE.
WARNING: [filemgmt 56-443] The ECC Algorithm string is empty. Setting the Memory Map to default ECC value to ECC_NONE.
WARNING: [filemgmt 56-443] The ECC Algorithm string is empty. Setting the Memory Map to default ECC value to ECC_NONE.
WARNING: [BD 41-1663] The design 'bd.bd' cannot be modified due to following reason(s):
* Project is read-only. Please run 'save_project_as' before making any change to the bd-design. 

WARNING: [BD 41-1661] One or more IPs have been locked in the design 'bd.bd'. Please run report_ip_status for more details and recommendations on how to fix this issue.
List of locked IPs:
bd_burst_slice_4_0
bd_burst_slice_3_0
bd_burst_slice_2_0
bd_seq_xrf_tie_dat_0
bd_burst_slice_1_0
bd_seq_xrf_tie_we_0
bd_axil_slice_6_0
bd_axil_slice_5_0
bd_ddr4_3_0
bd_axil_slice_0_0
bd_ddr4_c2_reset_0
bd_ddr4_c1_reset_0
bd_smc_ch1_0
bd_ddr4_1_0
bd_ddr4_c0_reset_0
bd_refclk_buf_0
bd_xdma_0_0
bd_perst_inv_0
bd_seq_xrf_tie_idx_0
bd_ddr4_0_0
bd_ddr4_c3_reset_0
bd_burst_smc_0
bd_axil_smc_0
bd_ddr4_2_0
bd_axi_smc_0
bd_smc_ch0_0
bd_smc_ch2_0
bd_burst_slice_0_0
bd_smc_ch3_0
bd_axil_slice_1_0
bd_calib_concat_0
bd_axil_slice_2_0
bd_axil_slice_3_0
bd_axil_slice_4_0

INFO: [Project 1-5579] Found utility IPs instantiated in one or more block designs which have equivalent inline hdl with improved performance and reduced diskspace. It is recommended to migrate these utility IPs to inline hdl using the command upgrade_project -migrate_to_inline_hdl. The utility IPs may be deprecated in future releases. More information on inline hdl is available in UG994.
open_project: Time (s): cpu = 00:00:38 ; elapsed = 00:01:34 . Memory (MB): peak = 1734.133 ; gain = 352.723 ; free physical = 229188 ; free virtual = 380100
# set bd [lindex [get_files -quiet *.bd] 0]
# puts "IPQ_BD: $bd"
IPQ_BD: /home/cah/r2d2/code/fpga/fable5_llm/synth/out_build_041/proj/stage1.srcs/sources_1/bd/bd/bd.bd
# open_bd_design /home/cah/r2d2/code/fpga/fable5_llm/synth/out_build_041/proj/stage1.srcs/sources_1/bd/bd/bd.bd
Reading block design file </home/cah/r2d2/code/fpga/fable5_llm/synth/out_build_041/proj/stage1.srcs/sources_1/bd/bd/bd.bd>...
Adding component instance block -- xilinx.com:ip:util_ds_buf:2.2 - refclk_buf
Adding component instance block -- xilinx.com:ip:xdma:4.1 - xdma_0
Adding component instance block -- xilinx.com:ip:util_vector_logic:2.0 - perst_inv
Adding component instance block -- xilinx.com:ip:ddr4:2.2 - ddr4_0
Adding component instance block -- xilinx.com:ip:proc_sys_reset:5.0 - ddr4_c0_reset
Adding component instance block -- xilinx.com:ip:ddr4:2.2 - ddr4_1
Adding component instance block -- xilinx.com:ip:proc_sys_reset:5.0 - ddr4_c1_reset
Adding component instance block -- xilinx.com:ip:ddr4:2.2 - ddr4_2
Adding component instance block -- xilinx.com:ip:proc_sys_reset:5.0 - ddr4_c2_reset
Adding component instance block -- xilinx.com:ip:ddr4:2.2 - ddr4_3
Adding component instance block -- xilinx.com:ip:proc_sys_reset:5.0 - ddr4_c3_reset
Adding component instance block -- xilinx.com:ip:smartconnect:1.0 - axi_smc
Adding component instance block -- xilinx.com:ip:smartconnect:1.0 - smc_ch0
Adding component instance block -- xilinx.com:module_ref:matvec_chan_ipi:1.0 - mvchan_0
Adding component instance block -- xilinx.com:ip:smartconnect:1.0 - smc_ch1
Adding component instance block -- xilinx.com:module_ref:matvec_chan_ipi:1.0 - mvchan_1
Adding component instance block -- xilinx.com:ip:smartconnect:1.0 - smc_ch2
Adding component instance block -- xilinx.com:module_ref:matvec_chan_ipi:1.0 - mvchan_2
Adding component instance block -- xilinx.com:ip:smartconnect:1.0 - smc_ch3
Adding component instance block -- xilinx.com:module_ref:matvec_chan_ipi:1.0 - mvchan_3
Adding component instance block -- xilinx.com:module_ref:csr_block_ipi:1.0 - csr_0
Adding component instance block -- xilinx.com:ip:smartconnect:1.0 - axil_smc
Adding component instance block -- xilinx.com:ip:axi_register_slice:2.1 - axil_slice_0
Adding component instance block -- xilinx.com:ip:axi_register_slice:2.1 - axil_slice_1
Adding component instance block -- xilinx.com:ip:axi_register_slice:2.1 - axil_slice_2
Adding component instance block -- xilinx.com:ip:axi_register_slice:2.1 - axil_slice_3
Adding component instance block -- xilinx.com:ip:axi_register_slice:2.1 - axil_slice_4
Adding component instance block -- xilinx.com:ip:axi_register_slice:2.1 - axil_slice_5
Adding component instance block -- xilinx.com:ip:axi_register_slice:2.1 - axil_slice_6
Adding component instance block -- xilinx.com:module_ref:layer_chan_ipi:1.0 - layer_0
Adding component instance block -- xilinx.com:module_ref:seq_unit_ipi:1.0 - seq_0
Adding component instance block -- xilinx.com:ip:xlconstant:1.1 - seq_xrf_tie_we
Adding component instance block -- xilinx.com:ip:xlconstant:1.1 - seq_xrf_tie_idx
Adding component instance block -- xilinx.com:ip:xlconstant:1.1 - seq_xrf_tie_dat
Adding component instance block -- xilinx.com:ip:smartconnect:1.0 - burst_smc
Adding component instance block -- xilinx.com:ip:axi_register_slice:2.1 - burst_slice_0
Adding component instance block -- xilinx.com:ip:axi_register_slice:2.1 - burst_slice_1
Adding component instance block -- xilinx.com:ip:axi_register_slice:2.1 - burst_slice_2
Adding component instance block -- xilinx.com:ip:axi_register_slice:2.1 - burst_slice_3
Adding component instance block -- xilinx.com:ip:axi_register_slice:2.1 - burst_slice_4
Adding component instance block -- xilinx.com:ip:xlconcat:2.1 - calib_concat
Excluding slave segment /seq_0/s_axil/reg0 from address space /seq_0/m_axil.
Successfully read diagram <bd> from block design file </home/cah/r2d2/code/fpga/fable5_llm/synth/out_build_041/proj/stage1.srcs/sources_1/bd/bd/bd.bd>
open_bd_design: Time (s): cpu = 00:00:24 ; elapsed = 00:00:34 . Memory (MB): peak = 2612.113 ; gain = 834.059 ; free physical = 228943 ; free virtual = 379916
# proc show {cell prop} {
#     set c [get_bd_cells $cell]
#     set v [get_property $prop $c]
#     set allowed "?"
#     if {[catch {set allowed [list_property_value $prop $c]} e]} { set allowed "list_property_value failed: $e" }
#     puts "IPQ_PROP: $cell $prop value={$v} allowed={$allowed}"
# }
# foreach p {CONFIG.C0.DDR4_TimePeriod CONFIG.C0.DDR4_InputClockPeriod CONFIG.C0.DDR4_CLKOUT0_DIVIDE CONFIG.C0.DDR4_MemoryPart CONFIG.C0.DDR4_Mem_Add_Map} {
#     if {[catch {show ddr4_0 $p} e]} { puts "IPQ_ERR: ddr4_0 $p: $e" }
# }
IPQ_PROP: ddr4_0 CONFIG.C0.DDR4_TimePeriod value={833} allowed={}
IPQ_PROP: ddr4_0 CONFIG.C0.DDR4_InputClockPeriod value={3332} allowed={}
IPQ_PROP: ddr4_0 CONFIG.C0.DDR4_CLKOUT0_DIVIDE value={5} allowed={}
IPQ_PROP: ddr4_0 CONFIG.C0.DDR4_MemoryPart value={BLS4G4D240FSB-2400} allowed={}
IPQ_PROP: ddr4_0 CONFIG.C0.DDR4_Mem_Add_Map value={ROW_COLUMN_BANK} allowed={}
# foreach p [lsort [list_property [get_bd_cells ddr4_0]]] {
#     if {[regexp -nocase {period|clk|clock|speed|freq} $p]} {
#         puts "IPQ_DDR4_PROP: $p = {[get_property $p [get_bd_cells ddr4_0]]}"
#     }
# }
IPQ_DDR4_PROP: CONFIG.ADDN_UI_CLKOUT1_FREQ_HZ = {None}
IPQ_DDR4_PROP: CONFIG.ADDN_UI_CLKOUT2_FREQ_HZ = {None}
IPQ_DDR4_PROP: CONFIG.ADDN_UI_CLKOUT3_FREQ_HZ = {None}
IPQ_DDR4_PROP: CONFIG.ADDN_UI_CLKOUT4_FREQ_HZ = {None}
IPQ_DDR4_PROP: CONFIG.C0.DDR4_CLKFBOUT_MULT = {5}
IPQ_DDR4_PROP: CONFIG.C0.DDR4_CLKOUT0_DIVIDE = {5}
IPQ_DDR4_PROP: CONFIG.C0.DDR4_DIVCLK_DIVIDE = {1}
IPQ_DDR4_PROP: CONFIG.C0.DDR4_InputClockPeriod = {3332}
IPQ_DDR4_PROP: CONFIG.C0.DDR4_PhyClockRatio = {4:1}
IPQ_DDR4_PROP: CONFIG.C0.DDR4_TimePeriod = {833}
IPQ_DDR4_PROP: CONFIG.C0_CLOCK_BOARD_INTERFACE = {Custom}
IPQ_DDR4_PROP: CONFIG.CLKOUT6 = {false}
IPQ_DDR4_PROP: CONFIG.DIFF_TERM_SYSCLK = {false}
IPQ_DDR4_PROP: CONFIG.Reference_Clock = {Differential}
IPQ_DDR4_PROP: CONFIG.System_Clock = {Differential}
# foreach p {CONFIG.axisten_freq CONFIG.axi_data_width CONFIG.pl_link_cap_max_link_width CONFIG.pl_link_cap_max_link_speed} {
#     if {[catch {show xdma_0 $p} e]} { puts "IPQ_ERR: xdma_0 $p: $e" }
# }
IPQ_PROP: xdma_0 CONFIG.axisten_freq value={250} allowed={}
IPQ_PROP: xdma_0 CONFIG.axi_data_width value={256_bit} allowed={}
IPQ_PROP: xdma_0 CONFIG.pl_link_cap_max_link_width value={X8} allowed={}
IPQ_PROP: xdma_0 CONFIG.pl_link_cap_max_link_speed value={8.0_GT/s} allowed={}
# close_bd_design [get_bd_designs]
ERROR: [BD 41-71] Exec TCL: Cannot find design bd bd_2327 bd_2a87 bd_3224 bd_6e08 bd_6ef8 bd_760c bd_86d7 bd_9e74 bd_ae59 bd_aea9 bd_b720
ERROR: [Common 17-39] 'close_bd_design' failed due to earlier errors.

    while executing
"close_bd_design [get_bd_designs]"
    (file "/home/cah/r2d2/code/fpga/fable5_llm/evidence/qwen9b/ov/sr0_ip_query.tcl" line 36)
INFO: [Common 17-206] Exiting Vivado at Sun Sep 27 12:16:18 2026...
=== rc  : 1
=== end : 2026-09-27T12:16:28-06:00
