=== host: snoke  date: 2026-09-24T20:01:51-06:00
=== tree: 9c86621+dirty
=== dirty: ?? evidence/qwen9b/bm/bm1_expect_model_9b_s1.txt
=== dirty: ?? evidence/qwen9b/bm/bm1_expect_tok9b_s1.txt
=== dirty: ?? evidence/qwen9b/bm/n02_expect_model_9b_s1.log
=== dirty: ?? evidence/qwen9b/bm/n03_expect_tok9b_s1.log
=== cmd : bash evidence/qwen9b/ov/sv1_gate.sh model_9b_s3
=== env : FABLE5_MODEL=9b
=== venv: /home/cah/.venv/bin/python (shipped venv (no interpreter named in cmd)): 3.12.3 numpy 2.4.6
=== interpreter /home/cah/.venv/bin/python ; seq /home/cah/r2d2/code/fpga/fable5_llm/tb/scripts/w9/model_9b_s3.e4 ; base /home/cah/r2d2/code/fpga/fable5_llm/tb/scripts/w9/model_9b_s3
=== seq sha256 8dfad7db118d5da4
--- SEQ gate: /home/cah/r2d2/code/fpga/fable5_llm/tb/scripts/w9/model_9b_s3.e4
  stream   79289 records, 1268624 B (sha256 8dfad7db118d5da4)
  seqdata  563712 B (sha256 4a7784f2f2c47e07)
  profile  epsnorm   newops from layer_fixed (agent A)
  opcodes  {'CSRWR': 53141, 'CMD': 17644, 'MOVX': 1992, 'MOVY': 2740, 'MVGO': 2740, 'EMB': 2, 'AMAXL': 2, 'JMP': 1, 'FENCE': 686, 'HALT': 1, 'LDC*': 322, 'XOP*': 18}
  loop     5 steps  (looped)  STRUCTURALLY SAFE
  .txt     56576 commands, 21763584 host-relayed words, checks {'R': 2358, 'E': 1494, 'A': 6, 'V': 1494} (117.6s)
  .seq     52928 commands issued, movers MOVX=5976 MVGO=8220 MOVY=8220 LDC=966 EMB=6 AMAXL=6 (945.8s)
  CHECKPT  2358/2358 live-state checkpoints sampled, ALL BIT-EXACT
  SCRATCH  4096 of 65536 words differ at the end; 0 outside the declared y32 staging windows (28672 words) -> CLEAN
  BANKED   BIT-EXACT (conv/S/KV/TCNT/EOUT/AMAX)
  STATE    BIT-EXACT (112 block(s) stored; .txt vs .seq vs the emitter's StateImage)
  TOKENS   IDENTICAL  [313, 430, 2510, 198, 1445, 27180]
SEQ GATE: PASS
=== gate wall 1066s rc=0
=== rc  : 0
=== end : 2026-09-24T20:19:38-06:00
