=== host: snoke  date: 2026-09-24T20:14:48-06:00
=== tree: fa0a720+dirty
=== dirty: ?? evidence/qwen9b/bm/n06_lint_bm1.log
=== dirty: ?? evidence/qwen9b/bm/n07_build_bm1_GREEN.log
=== dirty: ?? evidence/qwen9b/bm/seedlogs_tok9b_s1_bm/
=== cmd : bash evidence/qwen9b/ov/sv1_runner_dry.sh
=== env : FABLE5_MODEL=9b
=== venv: /home/cah/.venv/bin/python (shipped venv (no interpreter named in cmd)): 3.12.3 numpy 2.4.6
##### GREEN: census s1 control log, today+1, s1 record
=== binary   /home/cah/r2d2/code/fpga/fable5_llm/tb/obj_dir_seq_chip_sv1/tb_seq_chip_9b_sv1
=== built    2026-09-24T19:59:56-06:00  sha256 8fc981fdf1787d58
=== seq      /home/cah/r2d2/code/fpga/fable5_llm/tb/scripts/w9/model_9b_s1.e4  (.seq sha256 9760899df53b3b42, .chip sha256 e883928115deab91)
=== base     /home/cah/r2d2/code/fpga/fable5_llm/tb/scripts/w9/model_9b_s1   mode: control
=== watchdog 172800000 ms
=== stdout   /tmp/sv1_dry_1051196/g/model_9b_s1_control.log
=== cycles-today 196706822
=== tokens-ref /home/cah/r2d2/code/fpga/fable5_llm/evidence/qwen9b/s4/S4_REPLAY.md (record of model_9b_s1)
=== DRYLOG   /home/cah/r2d2/code/fpga/fable5_llm/evidence/qwen9b/bn/seedlogs_model_9b_s1_control/model_9b_s1.log — NO SIMULATION RAN; judging that log
=== wall     0s   rc=0
--- verdict lines
    tb_seq_chip: launch 0 [-] rec_off 0, 158536 records, 6 tokens, 36864 scratch words, NMV=4 WIMGPC=1 LAT=4 DDRLAT=32 WLAT=40
      TOK[0] = 00a36 (2614) == golden OK
      TOK[1] = 0013a (314) == golden OK
      TOK[2] = 00117 (279) == golden OK
      TOK[3] = 00171 (369) == golden OK
      TOK[4] = 02de7 (11751) == golden OK
      TOK[5] = 0000d (13) == golden OK
    SEQ-CHIP /home/cah/r2d2/code/fpga/fable5_llm/tb/scripts/w9/model_9b_s1.e4 launch 0 [-]: 158536 records, 196706821 cycles (1240.77 cyc/rec, 786.827 ms @250MHz, PERF_CYC 196706812)
    LAUNCH 0 PASS: [-] pc 158535, tokens 6, tcnt 8, scratch 36864, smem 112
      state: 2676800 read beats, 2659968 write beats, 0 unmapped
      burst: 108762 write bursts (25637376 beats), 162108 read bursts (40820736 beats), busy_wr 50006166 busy_rd 47368548, decerr 0 non-OK 0, BLAT=4
      fetch-empty stall cycles 48
      ddr beats 448410 (miss 0), weight beats 383606784 total across 4 chan (miss 0) [ 96180480/95876352/95774976/95774976]
    TB_SEQ_CHIP PASS: /home/cah/r2d2/code/fpga/fable5_llm/tb/scripts/w9/model_9b_s1.e4 (launches 1, 196706821 cycles total, scratch 36864/launch, tokens 6, tcnt 8)
    CYCLES measured  196706821
    CYCLES BELOW TODAY (196706822): delta -1
    TOKENS measured  [2614,314,279,369,11751,13]
    TOKENS record    [2614,314,279,369,11751,13]  (S4_REPLAY.md, model_9b_s1)
    TOKENS IDENTICAL TO THE SHIPPED RECORD
    CONTROL: no SEQ_TIMELINE block, as required
--- wall 0s
SV1_CHIP model_9b_s1 control: PASS
rc=0
##### RED cycles: today = measured
=== binary   /home/cah/r2d2/code/fpga/fable5_llm/tb/obj_dir_seq_chip_sv1/tb_seq_chip_9b_sv1
=== built    2026-09-24T19:59:56-06:00  sha256 8fc981fdf1787d58
=== seq      /home/cah/r2d2/code/fpga/fable5_llm/tb/scripts/w9/model_9b_s1.e4  (.seq sha256 9760899df53b3b42, .chip sha256 e883928115deab91)
=== base     /home/cah/r2d2/code/fpga/fable5_llm/tb/scripts/w9/model_9b_s1   mode: control
=== watchdog 172800000 ms
=== stdout   /tmp/sv1_dry_1051196/r1/model_9b_s1_control.log
=== cycles-today 196706821
=== tokens-ref /home/cah/r2d2/code/fpga/fable5_llm/evidence/qwen9b/s4/S4_REPLAY.md (record of model_9b_s1)
=== DRYLOG   /home/cah/r2d2/code/fpga/fable5_llm/evidence/qwen9b/bn/seedlogs_model_9b_s1_control/model_9b_s1.log — NO SIMULATION RAN; judging that log
=== wall     0s   rc=0
--- verdict lines
    tb_seq_chip: launch 0 [-] rec_off 0, 158536 records, 6 tokens, 36864 scratch words, NMV=4 WIMGPC=1 LAT=4 DDRLAT=32 WLAT=40
      TOK[0] = 00a36 (2614) == golden OK
      TOK[1] = 0013a (314) == golden OK
      TOK[2] = 00117 (279) == golden OK
      TOK[3] = 00171 (369) == golden OK
      TOK[4] = 02de7 (11751) == golden OK
      TOK[5] = 0000d (13) == golden OK
    SEQ-CHIP /home/cah/r2d2/code/fpga/fable5_llm/tb/scripts/w9/model_9b_s1.e4 launch 0 [-]: 158536 records, 196706821 cycles (1240.77 cyc/rec, 786.827 ms @250MHz, PERF_CYC 196706812)
    LAUNCH 0 PASS: [-] pc 158535, tokens 6, tcnt 8, scratch 36864, smem 112
      state: 2676800 read beats, 2659968 write beats, 0 unmapped
      burst: 108762 write bursts (25637376 beats), 162108 read bursts (40820736 beats), busy_wr 50006166 busy_rd 47368548, decerr 0 non-OK 0, BLAT=4
      fetch-empty stall cycles 48
      ddr beats 448410 (miss 0), weight beats 383606784 total across 4 chan (miss 0) [ 96180480/95876352/95774976/95774976]
    TB_SEQ_CHIP PASS: /home/cah/r2d2/code/fpga/fable5_llm/tb/scripts/w9/model_9b_s1.e4 (launches 1, 196706821 cycles total, scratch 36864/launch, tokens 6, tcnt 8)
    CYCLES measured  196706821
    CYCLES NOT BELOW TODAY: measured '196706821', today 196706821 — STOP
    TOKENS measured  [2614,314,279,369,11751,13]
    TOKENS record    [2614,314,279,369,11751,13]  (S4_REPLAY.md, model_9b_s1)
    TOKENS IDENTICAL TO THE SHIPPED RECORD
    CONTROL: no SEQ_TIMELINE block, as required
--- wall 0s
SV1_CHIP model_9b_s1 control: FAIL
rc=1
##### RED tokens: s1 log judged against the s2 record
=== binary   /home/cah/r2d2/code/fpga/fable5_llm/tb/obj_dir_seq_chip_sv1/tb_seq_chip_9b_sv1
=== built    2026-09-24T19:59:56-06:00  sha256 8fc981fdf1787d58
=== seq      /home/cah/r2d2/code/fpga/fable5_llm/tb/scripts/w9/model_9b_s1.e4  (.seq sha256 9760899df53b3b42, .chip sha256 e883928115deab91)
=== base     /home/cah/r2d2/code/fpga/fable5_llm/tb/scripts/w9/model_9b_s2   mode: control
=== watchdog 172800000 ms
=== stdout   /tmp/sv1_dry_1051196/r2/model_9b_s1_control.log
=== cycles-today 196706822
=== tokens-ref /home/cah/r2d2/code/fpga/fable5_llm/evidence/qwen9b/s4/S4_REPLAY.md (record of model_9b_s2)
=== DRYLOG   /home/cah/r2d2/code/fpga/fable5_llm/evidence/qwen9b/bn/seedlogs_model_9b_s1_control/model_9b_s1.log — NO SIMULATION RAN; judging that log
=== wall     0s   rc=0
--- verdict lines
    tb_seq_chip: launch 0 [-] rec_off 0, 158536 records, 6 tokens, 36864 scratch words, NMV=4 WIMGPC=1 LAT=4 DDRLAT=32 WLAT=40
      TOK[0] = 00a36 (2614) == golden OK
      TOK[1] = 0013a (314) == golden OK
      TOK[2] = 00117 (279) == golden OK
      TOK[3] = 00171 (369) == golden OK
      TOK[4] = 02de7 (11751) == golden OK
      TOK[5] = 0000d (13) == golden OK
    SEQ-CHIP /home/cah/r2d2/code/fpga/fable5_llm/tb/scripts/w9/model_9b_s1.e4 launch 0 [-]: 158536 records, 196706821 cycles (1240.77 cyc/rec, 786.827 ms @250MHz, PERF_CYC 196706812)
    LAUNCH 0 PASS: [-] pc 158535, tokens 6, tcnt 8, scratch 36864, smem 112
      state: 2676800 read beats, 2659968 write beats, 0 unmapped
      burst: 108762 write bursts (25637376 beats), 162108 read bursts (40820736 beats), busy_wr 50006166 busy_rd 47368548, decerr 0 non-OK 0, BLAT=4
      fetch-empty stall cycles 48
      ddr beats 448410 (miss 0), weight beats 383606784 total across 4 chan (miss 0) [ 96180480/95876352/95774976/95774976]
    TB_SEQ_CHIP PASS: /home/cah/r2d2/code/fpga/fable5_llm/tb/scripts/w9/model_9b_s1.e4 (launches 1, 196706821 cycles total, scratch 36864/launch, tokens 6, tcnt 8)
    CYCLES measured  196706821
    CYCLES BELOW TODAY (196706822): delta -1
    TOKENS measured  [2614,314,279,369,11751,13]
    TOKENS record    [279,264,854,11,303,264]  (S4_REPLAY.md, model_9b_s2)
    TOKENS DIFFER — step 0: measured 2614, record 279 — STOP
    CONTROL: no SEQ_TIMELINE block, as required
--- wall 0s
SV1_CHIP model_9b_s1 control: FAIL
rc=1
=== rc  : 0
=== end : 2026-09-24T20:14:48-06:00
