=== host: snoke  date: 2026-09-24T20:41:42-06:00
=== tree: 6c67fcd+dirty
=== dirty: ?? evidence/qwen9b/bm/bm1_timeline_model_9b_s1.csv
=== dirty: ?? evidence/qwen9b/bm/n10_G1_bmtl_model_9b_s1.log
=== dirty: ?? evidence/qwen9b/bm/n11_G2_bm_model_9b_s1.log
=== dirty: ?? evidence/qwen9b/bm/n12_G2_bm_model_9b_s2.log
=== dirty: ?? evidence/qwen9b/bm/n13_G2_bm_model_9b_s3.log
=== dirty: ?? evidence/qwen9b/bm/n14_G2_bm_model_9b_s4.log
=== dirty: ?? evidence/qwen9b/bm/n15_G2_control_model_9b_s1.log
=== dirty: ?? evidence/qwen9b/bm/n16_G2_control_model_9b_s2.log
=== dirty: ?? evidence/qwen9b/bm/n17_G2_control_model_9b_s3.log
=== dirty: ?? evidence/qwen9b/bm/n18_G2_control_model_9b_s4.log
=== dirty: ?? evidence/qwen9b/bm/seedlogs_model_9b_s1_bm/
=== dirty: ?? evidence/qwen9b/bm/seedlogs_model_9b_s1_bmtl/
=== dirty: ?? evidence/qwen9b/bm/seedlogs_model_9b_s1_control/
=== dirty: ?? evidence/qwen9b/bm/seedlogs_model_9b_s2_bm/
=== dirty: ?? evidence/qwen9b/bm/seedlogs_model_9b_s2_control/
=== dirty: ?? evidence/qwen9b/bm/seedlogs_model_9b_s3_bm/
=== dirty: ?? evidence/qwen9b/bm/seedlogs_model_9b_s3_control/
=== dirty: ?? evidence/qwen9b/bm/seedlogs_model_9b_s4_bm/
=== dirty: ?? evidence/qwen9b/bm/seedlogs_model_9b_s4_control/
=== dirty: ?? evidence/qwen9b/bm/seedlogs_tok9b_s1_bm/
=== dirty: ?? evidence/qwen9b/bm/seedlogs_tok9b_s1_control/
=== dirty: ?? evidence/qwen9b/ov/seedlogs_sv1/
=== cmd : bash evidence/qwen9b/ov/sv1_chipvec.sh model_9b_s3_reordA model_9b_s3
=== env : FABLE5_MODEL=9b
=== venv: /home/cah/.venv/bin/python (shipped venv (no interpreter named in cmd)): 3.12.3 numpy 2.4.6
=== seq  scripts/w9/model_9b_s3_reordA.e4.seq sha256 3e41bf4f04d49587
=== base scripts/w9/model_9b_s3
  plan re-derived from the manifest: 249 images, nch=4, chunk_rows=2048, repack=True, ilv_wids=[248], every base identical
    wid 248 (LAYOUT_ILV, 248320 rows) -> per-channel rows [63488, 61952, 61440, 61440]
  pack top: (1294532608, 1291288576, 1290207232, 1290207232)
  scripts/w9/model_9b_s3_reordA.e4.chip: 78329 records, pc 78328, 6 tokens, 36864 scratch words checked (28672 staging words excluded), 112 state block(s)
  seq_model stats: {'CSRWR': 159345, 'CMD': 52928, 'MOVX': 3096, 'MOVY': 8220, 'MVGO': 8220, 'EMB': 6, 'AMAXL': 6, 'JMP': 5, 'FENCE': 2058, 'LDC': 966, 'XOP': 54, 'PROBE': 48, 'MVGO_NOWAIT': 8220}
=== generator wall 857s rc=0
=== golden scripts/w9/model_9b_s3_reordA.e4.chip sha256 20c0f700302528c3
--- vs the shipped golden scripts/w9/model_9b_s3.e4.chip (lines differing, by key):
      1 < NREC
      1 > NREC
      1 < PC
      1 > PC
    NREC/PC: NREC 79289 PC 79288  -> NREC 78329 PC 78328 
    lines other than NREC/PC that differ: 0
TOK 00139 TOK 001ae TOK 009ce TOK 000c6 TOK 005a5 TOK 06a2c 
SV1_CHIPVEC model_9b_s3_reordA: GOLDEN IDENTICAL TO SHIPPED (except NREC/PC)
=== rc  : 0
=== end : 2026-09-24T20:56:05-06:00
