=== host: snoke  date: 2026-09-27T08:18:29-06:00
=== tree: 641cb3c+dirty
=== dirty: ?? evidence/qwen9b/bm/bm1_timeline_model_9b_s1.csv
=== dirty: ?? evidence/qwen9b/bm/seedlogs_model_9b_s1_bm/
=== dirty: ?? evidence/qwen9b/bm/seedlogs_model_9b_s1_bmtl/
=== dirty: ?? evidence/qwen9b/bm/seedlogs_model_9b_s1_control/
=== dirty: ?? evidence/qwen9b/bm/seedlogs_model_9b_s2_bm/
=== dirty: ?? evidence/qwen9b/bm/seedlogs_model_9b_s2_control/
=== dirty: ?? evidence/qwen9b/bm/seedlogs_model_9b_s3_bm/
=== dirty: ?? evidence/qwen9b/bm/seedlogs_model_9b_s3_control/
=== dirty: ?? evidence/qwen9b/bm/seedlogs_model_9b_s4_bm/
=== dirty: ?? evidence/qwen9b/bm/seedlogs_model_9b_s4_control/
=== dirty: ?? evidence/qwen9b/bm/seedlogs_tok9b_s1_bm/
=== dirty: ?? evidence/qwen9b/bm/seedlogs_tok9b_s1_control/
=== dirty: ?? evidence/qwen9b/ov/s1p_cost_fit.py
=== cmd : /home/cah/.venv/bin/python evidence/qwen9b/ov/s1p_cost_fit.py detail 4
=== env : FABLE5_MODEL=9b
=== venv: /home/cah/.venv/bin/python (named in cmd): 3.12.3 numpy 2.4.6
=== stream /home/cah/r2d2/code/fpga/fable5_llm/tb/scripts/w9/model_9b_s1.e4.seq
    sha256 9760899df53b3b4216d517d042a1dd7c9477b4f0cb7e6639320a5fd6d480719b  manifest 9760899df53b3b4216d517d042a1dd7c9477b4f0cb7e6639320a5fd6d480719b  MATCH
=== timeline /home/cah/r2d2/code/fpga/fable5_llm/evidence/qwen9b/bn/bn_timeline_model_9b_s1.csv
    sha256 a9e74bd01954f12ebf417663000b81641aa6e44d7f8d5d2145aa054bafebfb78  committed a9e74bd01954f12ebf417663000b81641aa6e44d7f8d5d2145aa054bafebfb78  MATCH
    R rows read 237784; kept tokens (4,): tok4=39624
  pc 118915 cyc0  98335787 lop 13 dur     30 Lcmp      0 Ldma     19 over     30 kind 0 slot 1 layer 1 head 0
  pc 118919 cyc0  98335826 lop 13 dur     30 Lcmp      0 Ldma     30 over     30 kind 2 slot 1 layer 1 head 0
  pc 118925 cyc0  98340530 lop  2 dur  12315 Lcmp  12289 Ldma  12315 over     26 n 4096
  pc 118989 cyc0  98537610 lop  6 dur  40993 Lcmp  40973 Ldma      0 over     20 
  pc 120191 cyc0  98816631 lop  2 dur  12315 Lcmp  12289 Ldma      0 over     26 n 4096
  pc 120324 cyc0  99309611 lop 14 dur     30 Lcmp      0 Ldma     19 over     30 kind 0 slot 0 layer 0 head 0
  pc 120328 cyc0  99309650 lop 13 dur     30 Lcmp      0 Ldma     30 over     30 kind 0 slot 0 layer 2 head 0
  pc 120332 cyc0  99309689 lop 14 dur     30 Lcmp      0 Ldma     30 over     30 kind 2 slot 0 layer 0 head 0
  pc 120336 cyc0  99309728 lop 13 dur     30 Lcmp      0 Ldma     30 over     30 kind 2 slot 0 layer 2 head 0
  pc 120342 cyc0  99314444 lop  2 dur  12315 Lcmp  12289 Ldma  12315 over     26 n 4096
  pc 120406 cyc0  99511511 lop  6 dur  40993 Lcmp  40973 Ldma      0 over     20 
  pc 121608 cyc0  99790484 lop  2 dur  12315 Lcmp  12289 Ldma      0 over     26 n 4096
  pc 121741 cyc0 100283464 lop 14 dur     30 Lcmp      0 Ldma     19 over     30 kind 0 slot 1 layer 1 head 0
  pc 121745 cyc0 100283503 lop 13 dur     30 Lcmp      0 Ldma     30 over     30 kind 0 slot 1 layer 3 head 0
  pc 121749 cyc0 100283542 lop 13 dur     30 Lcmp      0 Ldma     30 over     30 kind 1 slot 0 layer 0 head 0
  pc 121753 cyc0 100283581 lop 13 dur     30 Lcmp      0 Ldma     30 over     30 kind 1 slot 0 layer 0 head 1
  pc 121757 cyc0 100283620 lop 14 dur     30 Lcmp      0 Ldma     30 over     30 kind 2 slot 1 layer 1 head 0
  pc 121761 cyc0 100283659 lop 13 dur  17242 Lcmp  17224 Ldma  17242 over     18 kind 2 slot 1 layer 3 head 0
  pc 121767 cyc0 100305575 lop  2 dur  12315 Lcmp  12289 Ldma  12315 over     26 n 4096
  pc 121831 cyc0 100502655 lop  6 dur  40993 Lcmp  40973 Ldma      0 over     20 
  pc 123033 cyc0 100781663 lop  2 dur  12315 Lcmp  12289 Ldma      0 over     26 n 4096
  pc 123168 cyc0 101279308 lop  2 dur  12315 Lcmp  12289 Ldma      0 over     26 n 4096
  pc 123225 cyc0 101443067 lop  2 dur    797 Lcmp    769 Ldma      0 over     28 n 256
  pc 123358 cyc0 101470839 lop  2 dur    797 Lcmp    769 Ldma      0 over     28 n 256
  pc 123458 cyc0 101483085 lop 13 dur     30 Lcmp      0 Ldma     19 over     30 kind 1 slot 1 layer 0 head 2
  pc 123462 cyc0 101483124 lop 13 dur     30 Lcmp      0 Ldma     30 over     30 kind 1 slot 1 layer 0 head 3
  pc 123467 cyc0 101483166 lop  9 dur   4645 Lcmp   4619 Ldma    140 over     26 
  pc 123487 cyc0 101495880 lop 14 dur     30 Lcmp      0 Ldma     19 over     30 kind 1 slot 0 layer 0 head 0
  pc 123491 cyc0 101495919 lop 14 dur     30 Lcmp      0 Ldma     26 over     30 kind 1 slot 0 layer 0 head 1
  pc 123495 cyc0 101495958 lop 13 dur     30 Lcmp      0 Ldma     26 over     30 kind 1 slot 0 layer 0 head 4
  pc 123499 cyc0 101495997 lop 13 dur     30 Lcmp      0 Ldma     30 over     30 kind 1 slot 0 layer 0 head 5
  pc 123504 cyc0 101496039 lop  9 dur   4645 Lcmp   4619 Ldma    140 over     26 
  pc 123524 cyc0 101508753 lop 14 dur     30 Lcmp      0 Ldma     19 over     30 kind 1 slot 1 layer 0 head 2
  pc 123528 cyc0 101508792 lop 14 dur     30 Lcmp      0 Ldma     26 over     30 kind 1 slot 1 layer 0 head 3
  pc 123532 cyc0 101508831 lop 13 dur     30 Lcmp      0 Ldma     26 over     30 kind 1 slot 1 layer 0 head 6
  pc 123536 cyc0 101508870 lop 13 dur     30 Lcmp      0 Ldma     30 over     30 kind 1 slot 1 layer 0 head 7
  pc 123541 cyc0 101508912 lop  9 dur   4645 Lcmp   4620 Ldma    140 over     25 
  pc 123561 cyc0 101521626 lop 14 dur     30 Lcmp      0 Ldma     19 over     30 kind 1 slot 0 layer 0 head 4
  pc 123565 cyc0 101521665 lop 14 dur     30 Lcmp      0 Ldma     26 over     30 kind 1 slot 0 layer 0 head 5
  pc 123570 cyc0 101521707 lop  9 dur   4645 Lcmp   4620 Ldma      4 over     25 
  pc 123598 cyc0 101550933 lop 14 dur     30 Lcmp      0 Ldma     19 over     30 kind 1 slot 1 layer 0 head 6
  pc 123602 cyc0 101550972 lop 14 dur     30 Lcmp      0 Ldma     26 over     30 kind 1 slot 1 layer 0 head 7
  pc 123629 cyc0 101618216 lop  2 dur  12315 Lcmp  12289 Ldma      0 over     26 n 4096
  pc 123762 cyc0 102111209 lop 14 dur     30 Lcmp      0 Ldma     19 over     30 kind 0 slot 0 layer 2 head 0
  pc 123766 cyc0 102111248 lop 13 dur     30 Lcmp      0 Ldma     30 over     30 kind 0 slot 0 layer 4 head 0
  pc 123770 cyc0 102111287 lop 14 dur     30 Lcmp      0 Ldma     30 over     30 kind 2 slot 0 layer 2 head 0
  pc 123774 cyc0 102111326 lop 13 dur     30 Lcmp      0 Ldma     30 over     30 kind 2 slot 0 layer 4 head 0
  pc 123780 cyc0 102116075 lop  2 dur  12315 Lcmp  12289 Ldma  12315 over     26 n 4096
  pc 123844 cyc0 102313155 lop  6 dur  40993 Lcmp  40973 Ldma      0 over     20 
  pc 125046 cyc0 102592115 lop  2 dur  12315 Lcmp  12289 Ldma      0 over     26 n 4096
  pc 125179 cyc0 103085095 lop 14 dur     30 Lcmp      0 Ldma     19 over     30 kind 0 slot 1 layer 3 head 0
  pc 125183 cyc0 103085134 lop 13 dur     30 Lcmp      0 Ldma     30 over     30 kind 0 slot 1 layer 5 head 0
  pc 125187 cyc0 103085173 lop 14 dur     30 Lcmp      0 Ldma     30 over     30 kind 2 slot 1 layer 3 head 0
  pc 125191 cyc0 103085212 lop 13 dur     30 Lcmp      0 Ldma     30 over     30 kind 2 slot 1 layer 5 head 0
  pc 125197 cyc0 103089916 lop  2 dur  12315 Lcmp  12289 Ldma  12315 over     26 n 4096
  pc 125261 cyc0 103286996 lop  6 dur  40993 Lcmp  40973 Ldma      0 over     20 
  pc 126463 cyc0 103566004 lop  2 dur  12315 Lcmp  12289 Ldma      0 over     26 n 4096
  pc 126596 cyc0 104058984 lop 14 dur     30 Lcmp      0 Ldma     19 over     30 kind 0 slot 0 layer 4 head 0
  pc 126600 cyc0 104059023 lop 13 dur     30 Lcmp      0 Ldma     30 over     30 kind 0 slot 0 layer 6 head 0
  pc 126604 cyc0 104059062 lop 13 dur     30 Lcmp      0 Ldma     30 over     30 kind 1 slot 0 layer 1 head 0
  pc 126608 cyc0 104059101 lop 13 dur     30 Lcmp      0 Ldma     30 over     30 kind 1 slot 0 layer 1 head 1
  pc 126612 cyc0 104059140 lop 14 dur     30 Lcmp      0 Ldma     30 over     30 kind 2 slot 0 layer 4 head 0
  pc 126616 cyc0 104059179 lop 13 dur  17242 Lcmp  17224 Ldma  17242 over     18 kind 2 slot 0 layer 6 head 0
  pc 126622 cyc0 104081095 lop  2 dur  12315 Lcmp  12289 Ldma  12315 over     26 n 4096
  pc 126686 cyc0 104278175 lop  6 dur  40993 Lcmp  40973 Ldma      0 over     20 
  pc 127888 cyc0 104557183 lop  2 dur  12315 Lcmp  12289 Ldma      0 over     26 n 4096
  pc 128023 cyc0 105054828 lop  2 dur  12315 Lcmp  12289 Ldma      0 over     26 n 4096
  pc 128080 cyc0 105218587 lop  2 dur    797 Lcmp    769 Ldma      0 over     28 n 256
  pc 128213 cyc0 105246359 lop  2 dur    797 Lcmp    769 Ldma      0 over     28 n 256
  pc 128313 cyc0 105258605 lop 13 dur     30 Lcmp      0 Ldma     19 over     30 kind 1 slot 1 layer 1 head 2
  pc 128317 cyc0 105258644 lop 13 dur     30 Lcmp      0 Ldma     30 over     30 kind 1 slot 1 layer 1 head 3
  pc 128322 cyc0 105258686 lop  9 dur   4645 Lcmp   4620 Ldma    140 over     25 
  pc 128342 cyc0 105271400 lop 14 dur     30 Lcmp      0 Ldma     19 over     30 kind 1 slot 0 layer 1 head 0
  pc 128346 cyc0 105271439 lop 14 dur     30 Lcmp      0 Ldma     26 over     30 kind 1 slot 0 layer 1 head 1
  pc 128350 cyc0 105271478 lop 13 dur     30 Lcmp      0 Ldma     26 over     30 kind 1 slot 0 layer 1 head 4
  pc 128354 cyc0 105271517 lop 13 dur     30 Lcmp      0 Ldma     30 over     30 kind 1 slot 0 layer 1 head 5
  pc 128359 cyc0 105271559 lop  9 dur   4645 Lcmp   4621 Ldma    140 over     24 
  pc 128379 cyc0 105284273 lop 14 dur     30 Lcmp      0 Ldma     19 over     30 kind 1 slot 1 layer 1 head 2
  pc 128383 cyc0 105284312 lop 14 dur     30 Lcmp      0 Ldma     26 over     30 kind 1 slot 1 layer 1 head 3
  pc 128387 cyc0 105284351 lop 13 dur     30 Lcmp      0 Ldma     26 over     30 kind 1 slot 1 layer 1 head 6
  pc 128391 cyc0 105284390 lop 13 dur     30 Lcmp      0 Ldma     30 over     30 kind 1 slot 1 layer 1 head 7
  pc 128396 cyc0 105284432 lop  9 dur   4645 Lcmp   4620 Ldma    140 over     25 
  pc 128416 cyc0 105297146 lop 14 dur     30 Lcmp      0 Ldma     19 over     30 kind 1 slot 0 layer 1 head 4
  pc 128420 cyc0 105297185 lop 14 dur     30 Lcmp      0 Ldma     26 over     30 kind 1 slot 0 layer 1 head 5
  pc 128425 cyc0 105297227 lop  9 dur   4645 Lcmp   4621 Ldma      4 over     24 
  pc 128453 cyc0 105326453 lop 14 dur     30 Lcmp      0 Ldma     19 over     30 kind 1 slot 1 layer 1 head 6
  pc 128457 cyc0 105326492 lop 14 dur     30 Lcmp      0 Ldma     26 over     30 kind 1 slot 1 layer 1 head 7
  pc 128484 cyc0 105393736 lop  2 dur  12315 Lcmp  12289 Ldma      0 over     26 n 4096
  pc 128617 cyc0 105886716 lop 14 dur     30 Lcmp      0 Ldma     19 over     30 kind 0 slot 1 layer 5 head 0
  pc 128621 cyc0 105886755 lop 13 dur     30 Lcmp      0 Ldma     30 over     30 kind 0 slot 1 layer 7 head 0
  pc 128625 cyc0 105886794 lop 14 dur     30 Lcmp      0 Ldma     30 over     30 kind 2 slot 1 layer 5 head 0
  pc 128629 cyc0 105886833 lop 13 dur     30 Lcmp      0 Ldma     30 over     30 kind 2 slot 1 layer 7 head 0
  pc 128635 cyc0 105891537 lop  2 dur  12315 Lcmp  12289 Ldma  12315 over     26 n 4096
  pc 128699 cyc0 106088617 lop  6 dur  40993 Lcmp  40973 Ldma      0 over     20 
  pc 129901 cyc0 106367590 lop  2 dur  12315 Lcmp  12289 Ldma      0 over     26 n 4096
  pc 130034 cyc0 106860570 lop 14 dur     30 Lcmp      0 Ldma     19 over     30 kind 0 slot 0 layer 6 head 0
  pc 130038 cyc0 106860609 lop 13 dur     30 Lcmp      0 Ldma     30 over     30 kind 0 slot 0 layer 8 head 0
  pc 130042 cyc0 106860648 lop 14 dur     30 Lcmp      0 Ldma     30 over     30 kind 2 slot 0 layer 6 head 0
  pc 130046 cyc0 106860687 lop 13 dur     30 Lcmp      0 Ldma     30 over     30 kind 2 slot 0 layer 8 head 0
  pc 130052 cyc0 106865436 lop  2 dur  12315 Lcmp  12289 Ldma  12315 over     26 n 4096
  pc 130116 cyc0 107062516 lop  6 dur  40993 Lcmp  40973 Ldma      0 over     20 
  pc 131318 cyc0 107341489 lop  2 dur  12315 Lcmp  12289 Ldma      0 over     26 n 4096
  pc 131451 cyc0 107834495 lop 14 dur     30 Lcmp      0 Ldma     19 over     30 kind 0 slot 1 layer 7 head 0
  pc 131455 cyc0 107834534 lop 13 dur     30 Lcmp      0 Ldma     30 over     30 kind 0 slot 1 layer 9 head 0
  pc 131459 cyc0 107834573 lop 13 dur     30 Lcmp      0 Ldma     30 over     30 kind 1 slot 0 layer 2 head 0
  pc 131463 cyc0 107834612 lop 13 dur     30 Lcmp      0 Ldma     30 over     30 kind 1 slot 0 layer 2 head 1
  pc 131467 cyc0 107834651 lop 14 dur     30 Lcmp      0 Ldma     30 over     30 kind 2 slot 1 layer 7 head 0
  pc 131471 cyc0 107834690 lop 13 dur  17242 Lcmp  17224 Ldma  17242 over     18 kind 2 slot 1 layer 9 head 0
  pc 131477 cyc0 107856606 lop  2 dur  12315 Lcmp  12289 Ldma  12315 over     26 n 4096
  pc 131541 cyc0 108053686 lop  6 dur  40993 Lcmp  40973 Ldma      0 over     20 
  pc 132743 cyc0 108332659 lop  2 dur  12315 Lcmp  12289 Ldma      0 over     26 n 4096
  pc 132878 cyc0 108830317 lop  2 dur  12315 Lcmp  12289 Ldma      0 over     26 n 4096
  pc 132935 cyc0 108994076 lop  2 dur    797 Lcmp    769 Ldma      0 over     28 n 256
  pc 133068 cyc0 109021848 lop  2 dur    797 Lcmp    769 Ldma      0 over     28 n 256
  pc 133168 cyc0 109034094 lop 13 dur     30 Lcmp      0 Ldma     19 over     30 kind 1 slot 1 layer 2 head 2
  pc 133172 cyc0 109034133 lop 13 dur     30 Lcmp      0 Ldma     30 over     30 kind 1 slot 1 layer 2 head 3
  pc 133177 cyc0 109034175 lop  9 dur   4645 Lcmp   4620 Ldma    140 over     25 
  pc 133197 cyc0 109046889 lop 14 dur     30 Lcmp      0 Ldma     19 over     30 kind 1 slot 0 layer 2 head 0
  pc 133201 cyc0 109046928 lop 14 dur     30 Lcmp      0 Ldma     26 over     30 kind 1 slot 0 layer 2 head 1
  pc 133205 cyc0 109046967 lop 13 dur     30 Lcmp      0 Ldma     26 over     30 kind 1 slot 0 layer 2 head 4
  pc 133209 cyc0 109047006 lop 13 dur     30 Lcmp      0 Ldma     30 over     30 kind 1 slot 0 layer 2 head 5
  pc 133214 cyc0 109047048 lop  9 dur   4645 Lcmp   4621 Ldma    140 over     24 
  pc 133234 cyc0 109059762 lop 14 dur     30 Lcmp      0 Ldma     19 over     30 kind 1 slot 1 layer 2 head 2
  pc 133238 cyc0 109059801 lop 14 dur     30 Lcmp      0 Ldma     26 over     30 kind 1 slot 1 layer 2 head 3
  pc 133242 cyc0 109059840 lop 13 dur     30 Lcmp      0 Ldma     26 over     30 kind 1 slot 1 layer 2 head 6
  pc 133246 cyc0 109059879 lop 13 dur     30 Lcmp      0 Ldma     30 over     30 kind 1 slot 1 layer 2 head 7
  pc 133251 cyc0 109059921 lop  9 dur   4645 Lcmp   4622 Ldma    140 over     23 
  pc 133271 cyc0 109072635 lop 14 dur     30 Lcmp      0 Ldma     19 over     30 kind 1 slot 0 layer 2 head 4
  pc 133275 cyc0 109072674 lop 14 dur     30 Lcmp      0 Ldma     26 over     30 kind 1 slot 0 layer 2 head 5
  pc 133280 cyc0 109072716 lop  9 dur   4645 Lcmp   4621 Ldma      4 over     24 
  pc 133308 cyc0 109101942 lop 14 dur     30 Lcmp      0 Ldma     19 over     30 kind 1 slot 1 layer 2 head 6
  pc 133312 cyc0 109101981 lop 14 dur     30 Lcmp      0 Ldma     26 over     30 kind 1 slot 1 layer 2 head 7
  pc 133339 cyc0 109169212 lop  2 dur  12315 Lcmp  12289 Ldma      0 over     26 n 4096
  pc 133472 cyc0 109662218 lop 14 dur     30 Lcmp      0 Ldma     19 over     30 kind 0 slot 0 layer 8 head 0
  pc 133476 cyc0 109662257 lop 13 dur     30 Lcmp      0 Ldma     30 over     30 kind 0 slot 0 layer 10 head 0
  pc 133480 cyc0 109662296 lop 14 dur     30 Lcmp      0 Ldma     30 over     30 kind 2 slot 0 layer 8 head 0
  pc 133484 cyc0 109662335 lop 13 dur     30 Lcmp      0 Ldma     30 over     30 kind 2 slot 0 layer 10 head 0
  pc 133490 cyc0 109667039 lop  2 dur  12315 Lcmp  12289 Ldma  12315 over     26 n 4096
  pc 133554 cyc0 109864119 lop  6 dur  40993 Lcmp  40973 Ldma      0 over     20 
  pc 134756 cyc0 110143079 lop  2 dur  12315 Lcmp  12289 Ldma      0 over     26 n 4096
  pc 134889 cyc0 110636085 lop 14 dur     30 Lcmp      0 Ldma     19 over     30 kind 0 slot 1 layer 9 head 0
  pc 134893 cyc0 110636124 lop 13 dur     30 Lcmp      0 Ldma     30 over     30 kind 0 slot 1 layer 11 head 0
  pc 134897 cyc0 110636163 lop 14 dur     30 Lcmp      0 Ldma     30 over     30 kind 2 slot 1 layer 9 head 0
  pc 134901 cyc0 110636202 lop 13 dur     30 Lcmp      0 Ldma     30 over     30 kind 2 slot 1 layer 11 head 0
  pc 134907 cyc0 110640906 lop  2 dur  12315 Lcmp  12289 Ldma  12315 over     26 n 4096
  pc 134971 cyc0 110837986 lop  6 dur  40993 Lcmp  40973 Ldma      0 over     20 
  pc 136173 cyc0 111116959 lop  2 dur  12315 Lcmp  12289 Ldma      0 over     26 n 4096
  pc 136306 cyc0 111609965 lop 14 dur     30 Lcmp      0 Ldma     19 over     30 kind 0 slot 0 layer 10 head 0
  pc 136310 cyc0 111610004 lop 13 dur     30 Lcmp      0 Ldma     30 over     30 kind 0 slot 0 layer 12 head 0
  pc 136314 cyc0 111610043 lop 13 dur     30 Lcmp      0 Ldma     30 over     30 kind 1 slot 0 layer 3 head 0
  pc 136318 cyc0 111610082 lop 13 dur     30 Lcmp      0 Ldma     30 over     30 kind 1 slot 0 layer 3 head 1
  pc 136322 cyc0 111610121 lop 14 dur     30 Lcmp      0 Ldma     30 over     30 kind 2 slot 0 layer 10 head 0
  pc 136326 cyc0 111610160 lop 13 dur  17242 Lcmp  17224 Ldma  17242 over     18 kind 2 slot 0 layer 12 head 0
  pc 136332 cyc0 111632076 lop  2 dur  12315 Lcmp  12289 Ldma  12315 over     26 n 4096
  pc 136396 cyc0 111829156 lop  6 dur  40993 Lcmp  40973 Ldma      0 over     20 
  pc 137598 cyc0 112108129 lop  2 dur  12315 Lcmp  12289 Ldma      0 over     26 n 4096
  pc 137733 cyc0 112605787 lop  2 dur  12315 Lcmp  12289 Ldma      0 over     26 n 4096
  pc 137790 cyc0 112769546 lop  2 dur    797 Lcmp    769 Ldma      0 over     28 n 256
  pc 137923 cyc0 112797366 lop  2 dur    797 Lcmp    769 Ldma      0 over     28 n 256
  pc 138023 cyc0 112809612 lop 13 dur     30 Lcmp      0 Ldma     19 over     30 kind 1 slot 1 layer 3 head 2
  pc 138027 cyc0 112809651 lop 13 dur     30 Lcmp      0 Ldma     30 over     30 kind 1 slot 1 layer 3 head 3
  pc 138032 cyc0 112809693 lop  9 dur   4645 Lcmp   4622 Ldma    140 over     23 
  pc 138052 cyc0 112822407 lop 14 dur     30 Lcmp      0 Ldma     19 over     30 kind 1 slot 0 layer 3 head 0
  pc 138056 cyc0 112822446 lop 14 dur     30 Lcmp      0 Ldma     26 over     30 kind 1 slot 0 layer 3 head 1
  pc 138060 cyc0 112822485 lop 13 dur     30 Lcmp      0 Ldma     26 over     30 kind 1 slot 0 layer 3 head 4
  pc 138064 cyc0 112822524 lop 13 dur     30 Lcmp      0 Ldma     30 over     30 kind 1 slot 0 layer 3 head 5
  pc 138069 cyc0 112822566 lop  9 dur   4645 Lcmp   4620 Ldma    140 over     25 
  pc 138089 cyc0 112835280 lop 14 dur     30 Lcmp      0 Ldma     19 over     30 kind 1 slot 1 layer 3 head 2
  pc 138093 cyc0 112835319 lop 14 dur     30 Lcmp      0 Ldma     26 over     30 kind 1 slot 1 layer 3 head 3
  pc 138097 cyc0 112835358 lop 13 dur     30 Lcmp      0 Ldma     26 over     30 kind 1 slot 1 layer 3 head 6
  pc 138101 cyc0 112835397 lop 13 dur     30 Lcmp      0 Ldma     30 over     30 kind 1 slot 1 layer 3 head 7
  pc 138106 cyc0 112835439 lop  9 dur   4645 Lcmp   4622 Ldma    140 over     23 
  pc 138126 cyc0 112848153 lop 14 dur     30 Lcmp      0 Ldma     19 over     30 kind 1 slot 0 layer 3 head 4
  pc 138130 cyc0 112848192 lop 14 dur     30 Lcmp      0 Ldma     26 over     30 kind 1 slot 0 layer 3 head 5
  pc 138135 cyc0 112848234 lop  9 dur   4645 Lcmp   4622 Ldma      4 over     23 
  pc 138163 cyc0 112877460 lop 14 dur     30 Lcmp      0 Ldma     19 over     30 kind 1 slot 1 layer 3 head 6
  pc 138167 cyc0 112877499 lop 14 dur     30 Lcmp      0 Ldma     26 over     30 kind 1 slot 1 layer 3 head 7
  pc 138194 cyc0 112944743 lop  2 dur  12315 Lcmp  12289 Ldma      0 over     26 n 4096
  pc 138327 cyc0 113437736 lop 14 dur     30 Lcmp      0 Ldma     19 over     30 kind 0 slot 1 layer 11 head 0
  pc 138331 cyc0 113437775 lop 13 dur     30 Lcmp      0 Ldma     30 over     30 kind 0 slot 1 layer 13 head 0
  pc 138335 cyc0 113437814 lop 14 dur     30 Lcmp      0 Ldma     30 over     30 kind 2 slot 1 layer 11 head 0
  pc 138339 cyc0 113437853 lop 13 dur     30 Lcmp      0 Ldma     30 over     30 kind 2 slot 1 layer 13 head 0
  pc 138345 cyc0 113442557 lop  2 dur  12315 Lcmp  12289 Ldma  12315 over     26 n 4096
  pc 138409 cyc0 113639637 lop  6 dur  40993 Lcmp  40973 Ldma      0 over     20 
  pc 139611 cyc0 113918610 lop  2 dur  12315 Lcmp  12289 Ldma      0 over     26 n 4096
  pc 139744 cyc0 114411616 lop 14 dur     30 Lcmp      0 Ldma     19 over     30 kind 0 slot 0 layer 12 head 0
  pc 139748 cyc0 114411655 lop 13 dur     30 Lcmp      0 Ldma     30 over     30 kind 0 slot 0 layer 14 head 0
  pc 139752 cyc0 114411694 lop 14 dur     30 Lcmp      0 Ldma     30 over     30 kind 2 slot 0 layer 12 head 0
  pc 139756 cyc0 114411733 lop 13 dur     30 Lcmp      0 Ldma     30 over     30 kind 2 slot 0 layer 14 head 0
  pc 139762 cyc0 114416437 lop  2 dur  12315 Lcmp  12289 Ldma  12315 over     26 n 4096
  pc 139826 cyc0 114613517 lop  6 dur  40993 Lcmp  40973 Ldma      0 over     20 
  pc 141028 cyc0 114892490 lop  2 dur  12315 Lcmp  12289 Ldma      0 over     26 n 4096
  pc 141161 cyc0 115385483 lop 14 dur     30 Lcmp      0 Ldma     19 over     30 kind 0 slot 1 layer 13 head 0
  pc 141165 cyc0 115385522 lop 13 dur     30 Lcmp      0 Ldma     30 over     30 kind 0 slot 1 layer 15 head 0
  pc 141169 cyc0 115385561 lop 13 dur     30 Lcmp      0 Ldma     30 over     30 kind 1 slot 0 layer 4 head 0
  pc 141173 cyc0 115385600 lop 13 dur     30 Lcmp      0 Ldma     30 over     30 kind 1 slot 0 layer 4 head 1
  pc 141177 cyc0 115385639 lop 14 dur     30 Lcmp      0 Ldma     30 over     30 kind 2 slot 1 layer 13 head 0
  pc 141181 cyc0 115385678 lop 13 dur  17242 Lcmp  17224 Ldma  17242 over     18 kind 2 slot 1 layer 15 head 0
  pc 141187 cyc0 115407642 lop  2 dur  12315 Lcmp  12289 Ldma  12315 over     26 n 4096
  pc 141251 cyc0 115604709 lop  6 dur  40993 Lcmp  40973 Ldma      0 over     20 
  pc 142453 cyc0 115883682 lop  2 dur  12315 Lcmp  12289 Ldma      0 over     26 n 4096
  pc 142588 cyc0 116381327 lop  2 dur  12315 Lcmp  12289 Ldma      0 over     26 n 4096
  pc 142645 cyc0 116545086 lop  2 dur    797 Lcmp    769 Ldma      0 over     28 n 256
  pc 142778 cyc0 116572858 lop  2 dur    797 Lcmp    769 Ldma      0 over     28 n 256
  pc 142878 cyc0 116585104 lop 13 dur     30 Lcmp      0 Ldma     19 over     30 kind 1 slot 1 layer 4 head 2
  pc 142882 cyc0 116585143 lop 13 dur     30 Lcmp      0 Ldma     30 over     30 kind 1 slot 1 layer 4 head 3
  pc 142887 cyc0 116585185 lop  9 dur   4645 Lcmp   4621 Ldma    140 over     24 
  pc 142907 cyc0 116597899 lop 14 dur     30 Lcmp      0 Ldma     19 over     30 kind 1 slot 0 layer 4 head 0
  pc 142911 cyc0 116597938 lop 14 dur     30 Lcmp      0 Ldma     26 over     30 kind 1 slot 0 layer 4 head 1
  pc 142915 cyc0 116597977 lop 13 dur     30 Lcmp      0 Ldma     26 over     30 kind 1 slot 0 layer 4 head 4
  pc 142919 cyc0 116598016 lop 13 dur     30 Lcmp      0 Ldma     30 over     30 kind 1 slot 0 layer 4 head 5
  pc 142924 cyc0 116598058 lop  9 dur   4645 Lcmp   4621 Ldma    140 over     24 
  pc 142944 cyc0 116610772 lop 14 dur     30 Lcmp      0 Ldma     19 over     30 kind 1 slot 1 layer 4 head 2
  pc 142948 cyc0 116610811 lop 14 dur     30 Lcmp      0 Ldma     26 over     30 kind 1 slot 1 layer 4 head 3
  pc 142952 cyc0 116610850 lop 13 dur     30 Lcmp      0 Ldma     26 over     30 kind 1 slot 1 layer 4 head 6
  pc 142956 cyc0 116610889 lop 13 dur     30 Lcmp      0 Ldma     30 over     30 kind 1 slot 1 layer 4 head 7
  pc 142961 cyc0 116610931 lop  9 dur   4645 Lcmp   4622 Ldma    140 over     23 
  pc 142981 cyc0 116623645 lop 14 dur     30 Lcmp      0 Ldma     19 over     30 kind 1 slot 0 layer 4 head 4
  pc 142985 cyc0 116623684 lop 14 dur     30 Lcmp      0 Ldma     26 over     30 kind 1 slot 0 layer 4 head 5
  pc 142990 cyc0 116623726 lop  9 dur   4645 Lcmp   4621 Ldma      4 over     24 
  pc 143018 cyc0 116652952 lop 14 dur     30 Lcmp      0 Ldma     19 over     30 kind 1 slot 1 layer 4 head 6
  pc 143022 cyc0 116652991 lop 14 dur     30 Lcmp      0 Ldma     26 over     30 kind 1 slot 1 layer 4 head 7
  pc 143049 cyc0 116720235 lop  2 dur  12315 Lcmp  12289 Ldma      0 over     26 n 4096
  pc 143182 cyc0 117213241 lop 14 dur     30 Lcmp      0 Ldma     19 over     30 kind 0 slot 0 layer 14 head 0
  pc 143186 cyc0 117213280 lop 13 dur     30 Lcmp      0 Ldma     30 over     30 kind 0 slot 0 layer 16 head 0
  pc 143190 cyc0 117213319 lop 14 dur     30 Lcmp      0 Ldma     30 over     30 kind 2 slot 0 layer 14 head 0
  pc 143194 cyc0 117213358 lop 13 dur     30 Lcmp      0 Ldma     30 over     30 kind 2 slot 0 layer 16 head 0
  pc 143200 cyc0 117218062 lop  2 dur  12315 Lcmp  12289 Ldma  12315 over     26 n 4096
  pc 143264 cyc0 117415142 lop  6 dur  40993 Lcmp  40973 Ldma      0 over     20 
  pc 144466 cyc0 117694115 lop  2 dur  12315 Lcmp  12289 Ldma      0 over     26 n 4096
  pc 144599 cyc0 118187121 lop 14 dur     30 Lcmp      0 Ldma     19 over     30 kind 0 slot 1 layer 15 head 0
  pc 144603 cyc0 118187160 lop 13 dur     30 Lcmp      0 Ldma     30 over     30 kind 0 slot 1 layer 17 head 0
  pc 144607 cyc0 118187199 lop 14 dur     30 Lcmp      0 Ldma     30 over     30 kind 2 slot 1 layer 15 head 0
  pc 144611 cyc0 118187238 lop 13 dur     30 Lcmp      0 Ldma     30 over     30 kind 2 slot 1 layer 17 head 0
  pc 144617 cyc0 118191942 lop  2 dur  12315 Lcmp  12289 Ldma  12315 over     26 n 4096
  pc 144681 cyc0 118389022 lop  6 dur  40993 Lcmp  40973 Ldma      0 over     20 
  pc 145883 cyc0 118667982 lop  2 dur  12315 Lcmp  12289 Ldma      0 over     26 n 4096
  pc 146016 cyc0 119160962 lop 14 dur     30 Lcmp      0 Ldma     19 over     30 kind 0 slot 0 layer 16 head 0
  pc 146020 cyc0 119161001 lop 13 dur     30 Lcmp      0 Ldma     30 over     30 kind 0 slot 0 layer 18 head 0
  pc 146024 cyc0 119161040 lop 13 dur     30 Lcmp      0 Ldma     30 over     30 kind 1 slot 0 layer 5 head 0
  pc 146028 cyc0 119161079 lop 13 dur     30 Lcmp      0 Ldma     30 over     30 kind 1 slot 0 layer 5 head 1
  pc 146032 cyc0 119161118 lop 14 dur     30 Lcmp      0 Ldma     30 over     30 kind 2 slot 0 layer 16 head 0
  pc 146036 cyc0 119161157 lop 13 dur  17242 Lcmp  17224 Ldma  17242 over     18 kind 2 slot 0 layer 18 head 0
  pc 146042 cyc0 119183073 lop  2 dur  12315 Lcmp  12289 Ldma  12315 over     26 n 4096
  pc 146106 cyc0 119380140 lop  6 dur  40993 Lcmp  40973 Ldma      0 over     20 
  pc 147308 cyc0 119659113 lop  2 dur  12315 Lcmp  12289 Ldma      0 over     26 n 4096
  pc 147443 cyc0 120156819 lop  2 dur  12315 Lcmp  12289 Ldma      0 over     26 n 4096
  pc 147500 cyc0 120320578 lop  2 dur    797 Lcmp    769 Ldma      0 over     28 n 256
  pc 147633 cyc0 120348350 lop  2 dur    797 Lcmp    769 Ldma      0 over     28 n 256
  pc 147733 cyc0 120360596 lop 13 dur     30 Lcmp      0 Ldma     19 over     30 kind 1 slot 1 layer 5 head 2
  pc 147737 cyc0 120360635 lop 13 dur     30 Lcmp      0 Ldma     30 over     30 kind 1 slot 1 layer 5 head 3
  pc 147742 cyc0 120360677 lop  9 dur   4645 Lcmp   4622 Ldma    140 over     23 
  pc 147762 cyc0 120373391 lop 14 dur     30 Lcmp      0 Ldma     19 over     30 kind 1 slot 0 layer 5 head 0
  pc 147766 cyc0 120373430 lop 14 dur     30 Lcmp      0 Ldma     26 over     30 kind 1 slot 0 layer 5 head 1
  pc 147770 cyc0 120373469 lop 13 dur     30 Lcmp      0 Ldma     26 over     30 kind 1 slot 0 layer 5 head 4
  pc 147774 cyc0 120373508 lop 13 dur     30 Lcmp      0 Ldma     30 over     30 kind 1 slot 0 layer 5 head 5
  pc 147779 cyc0 120373550 lop  9 dur   4645 Lcmp   4622 Ldma    140 over     23 
  pc 147799 cyc0 120386264 lop 14 dur     30 Lcmp      0 Ldma     19 over     30 kind 1 slot 1 layer 5 head 2
  pc 147803 cyc0 120386303 lop 14 dur     30 Lcmp      0 Ldma     26 over     30 kind 1 slot 1 layer 5 head 3
  pc 147807 cyc0 120386342 lop 13 dur     30 Lcmp      0 Ldma     26 over     30 kind 1 slot 1 layer 5 head 6
  pc 147811 cyc0 120386381 lop 13 dur     30 Lcmp      0 Ldma     30 over     30 kind 1 slot 1 layer 5 head 7
  pc 147816 cyc0 120386423 lop  9 dur   4645 Lcmp   4622 Ldma    140 over     23 
  pc 147836 cyc0 120399137 lop 14 dur     30 Lcmp      0 Ldma     19 over     30 kind 1 slot 0 layer 5 head 4
  pc 147840 cyc0 120399176 lop 14 dur     30 Lcmp      0 Ldma     26 over     30 kind 1 slot 0 layer 5 head 5
  pc 147845 cyc0 120399218 lop  9 dur   4645 Lcmp   4621 Ldma      4 over     24 
  pc 147873 cyc0 120428444 lop 14 dur     30 Lcmp      0 Ldma     19 over     30 kind 1 slot 1 layer 5 head 6
  pc 147877 cyc0 120428483 lop 14 dur     30 Lcmp      0 Ldma     26 over     30 kind 1 slot 1 layer 5 head 7
  pc 147904 cyc0 120495727 lop  2 dur  12315 Lcmp  12289 Ldma      0 over     26 n 4096
  pc 148037 cyc0 120988720 lop 14 dur     30 Lcmp      0 Ldma     19 over     30 kind 0 slot 1 layer 17 head 0
  pc 148041 cyc0 120988759 lop 13 dur     30 Lcmp      0 Ldma     30 over     30 kind 0 slot 1 layer 19 head 0
  pc 148045 cyc0 120988798 lop 14 dur     30 Lcmp      0 Ldma     30 over     30 kind 2 slot 1 layer 17 head 0
  pc 148049 cyc0 120988837 lop 13 dur     30 Lcmp      0 Ldma     30 over     30 kind 2 slot 1 layer 19 head 0
  pc 148055 cyc0 120993550 lop  2 dur  12315 Lcmp  12289 Ldma  12315 over     26 n 4096
  pc 148119 cyc0 121190617 lop  6 dur  40993 Lcmp  40973 Ldma      0 over     20 
  pc 149321 cyc0 121469638 lop  2 dur  12315 Lcmp  12289 Ldma      0 over     26 n 4096
  pc 149454 cyc0 121962631 lop 14 dur     30 Lcmp      0 Ldma     19 over     30 kind 0 slot 0 layer 18 head 0
  pc 149458 cyc0 121962670 lop 13 dur     30 Lcmp      0 Ldma     30 over     30 kind 0 slot 0 layer 20 head 0
  pc 149462 cyc0 121962709 lop 14 dur     30 Lcmp      0 Ldma     30 over     30 kind 2 slot 0 layer 18 head 0
  pc 149466 cyc0 121962748 lop 13 dur     30 Lcmp      0 Ldma     30 over     30 kind 2 slot 0 layer 20 head 0
  pc 149472 cyc0 121967452 lop  2 dur  12315 Lcmp  12289 Ldma  12315 over     26 n 4096
  pc 149536 cyc0 122164532 lop  6 dur  40993 Lcmp  40973 Ldma      0 over     20 
  pc 150738 cyc0 122443492 lop  2 dur  12315 Lcmp  12289 Ldma      0 over     26 n 4096
  pc 150871 cyc0 122936472 lop 14 dur     30 Lcmp      0 Ldma     19 over     30 kind 0 slot 1 layer 19 head 0
  pc 150875 cyc0 122936511 lop 13 dur     30 Lcmp      0 Ldma     30 over     30 kind 0 slot 1 layer 21 head 0
  pc 150879 cyc0 122936550 lop 13 dur     30 Lcmp      0 Ldma     30 over     30 kind 1 slot 0 layer 6 head 0
  pc 150883 cyc0 122936589 lop 13 dur     30 Lcmp      0 Ldma     30 over     30 kind 1 slot 0 layer 6 head 1
  pc 150887 cyc0 122936628 lop 14 dur     30 Lcmp      0 Ldma     30 over     30 kind 2 slot 1 layer 19 head 0
  pc 150891 cyc0 122936667 lop 13 dur  17242 Lcmp  17224 Ldma  17242 over     18 kind 2 slot 1 layer 21 head 0
  pc 150897 cyc0 122958583 lop  2 dur  12315 Lcmp  12289 Ldma  12315 over     26 n 4096
  pc 150961 cyc0 123155663 lop  6 dur  40993 Lcmp  40973 Ldma      0 over     20 
  pc 152163 cyc0 123434684 lop  2 dur  12315 Lcmp  12289 Ldma      0 over     26 n 4096
  pc 152298 cyc0 123932342 lop  2 dur  12315 Lcmp  12289 Ldma      0 over     26 n 4096
  pc 152355 cyc0 124096149 lop  2 dur    797 Lcmp    769 Ldma      0 over     28 n 256
  pc 152488 cyc0 124123921 lop  2 dur    797 Lcmp    769 Ldma      0 over     28 n 256
  pc 152588 cyc0 124136167 lop 13 dur     30 Lcmp      0 Ldma     19 over     30 kind 1 slot 1 layer 6 head 2
  pc 152592 cyc0 124136206 lop 13 dur     30 Lcmp      0 Ldma     30 over     30 kind 1 slot 1 layer 6 head 3
  pc 152597 cyc0 124136248 lop  9 dur   4645 Lcmp   4622 Ldma    140 over     23 
  pc 152617 cyc0 124148962 lop 14 dur     30 Lcmp      0 Ldma     19 over     30 kind 1 slot 0 layer 6 head 0
  pc 152621 cyc0 124149001 lop 14 dur     30 Lcmp      0 Ldma     26 over     30 kind 1 slot 0 layer 6 head 1
  pc 152625 cyc0 124149040 lop 13 dur     30 Lcmp      0 Ldma     26 over     30 kind 1 slot 0 layer 6 head 4
  pc 152629 cyc0 124149079 lop 13 dur     30 Lcmp      0 Ldma     30 over     30 kind 1 slot 0 layer 6 head 5
  pc 152634 cyc0 124149121 lop  9 dur   4645 Lcmp   4625 Ldma    140 over     20 
  pc 152654 cyc0 124161835 lop 14 dur     30 Lcmp      0 Ldma     19 over     30 kind 1 slot 1 layer 6 head 2
  pc 152658 cyc0 124161874 lop 14 dur     30 Lcmp      0 Ldma     26 over     30 kind 1 slot 1 layer 6 head 3
  pc 152662 cyc0 124161913 lop 13 dur     30 Lcmp      0 Ldma     26 over     30 kind 1 slot 1 layer 6 head 6
  pc 152666 cyc0 124161952 lop 13 dur     30 Lcmp      0 Ldma     30 over     30 kind 1 slot 1 layer 6 head 7
  pc 152671 cyc0 124161994 lop  9 dur   4645 Lcmp   4623 Ldma    140 over     22 
  pc 152691 cyc0 124174708 lop 14 dur     30 Lcmp      0 Ldma     19 over     30 kind 1 slot 0 layer 6 head 4
  pc 152695 cyc0 124174747 lop 14 dur     30 Lcmp      0 Ldma     26 over     30 kind 1 slot 0 layer 6 head 5
  pc 152700 cyc0 124174789 lop  9 dur   4645 Lcmp   4623 Ldma      4 over     22 
  pc 152728 cyc0 124204015 lop 14 dur     30 Lcmp      0 Ldma     19 over     30 kind 1 slot 1 layer 6 head 6
  pc 152732 cyc0 124204054 lop 14 dur     30 Lcmp      0 Ldma     26 over     30 kind 1 slot 1 layer 6 head 7
  pc 152759 cyc0 124271285 lop  2 dur  12315 Lcmp  12289 Ldma      0 over     26 n 4096
  pc 152892 cyc0 124764265 lop 14 dur     30 Lcmp      0 Ldma     19 over     30 kind 0 slot 0 layer 20 head 0
  pc 152896 cyc0 124764304 lop 13 dur     30 Lcmp      0 Ldma     30 over     30 kind 0 slot 0 layer 22 head 0
  pc 152900 cyc0 124764343 lop 14 dur     30 Lcmp      0 Ldma     30 over     30 kind 2 slot 0 layer 20 head 0
  pc 152904 cyc0 124764382 lop 13 dur     30 Lcmp      0 Ldma     30 over     30 kind 2 slot 0 layer 22 head 0
  pc 152910 cyc0 124769086 lop  2 dur  12315 Lcmp  12289 Ldma  12315 over     26 n 4096
  pc 152974 cyc0 124966166 lop  6 dur  40993 Lcmp  40973 Ldma      0 over     20 
  pc 154176 cyc0 125245174 lop  2 dur  12315 Lcmp  12289 Ldma      0 over     26 n 4096
  pc 154309 cyc0 125738154 lop 14 dur     30 Lcmp      0 Ldma     19 over     30 kind 0 slot 1 layer 21 head 0
  pc 154313 cyc0 125738193 lop 13 dur     30 Lcmp      0 Ldma     30 over     30 kind 0 slot 1 layer 23 head 0
  pc 154317 cyc0 125738232 lop 14 dur     30 Lcmp      0 Ldma     30 over     30 kind 2 slot 1 layer 21 head 0
  pc 154321 cyc0 125738271 lop 13 dur     30 Lcmp      0 Ldma     30 over     30 kind 2 slot 1 layer 23 head 0
  pc 154327 cyc0 125742984 lop  2 dur  12315 Lcmp  12289 Ldma  12315 over     26 n 4096
  pc 154391 cyc0 125940064 lop  6 dur  40993 Lcmp  40973 Ldma      0 over     20 
  pc 155593 cyc0 126219072 lop  2 dur  12315 Lcmp  12289 Ldma      0 over     26 n 4096
  pc 155726 cyc0 126712052 lop 14 dur     30 Lcmp      0 Ldma     19 over     30 kind 0 slot 0 layer 22 head 0
  pc 155730 cyc0 126712091 lop 13 dur     30 Lcmp      0 Ldma     30 over     30 kind 1 slot 0 layer 7 head 0
  pc 155734 cyc0 126712130 lop 13 dur     30 Lcmp      0 Ldma     30 over     30 kind 1 slot 0 layer 7 head 1
  pc 155738 cyc0 126712169 lop 14 dur     30 Lcmp      0 Ldma     30 over     30 kind 2 slot 0 layer 22 head 0
  pc 155744 cyc0 126716873 lop  2 dur  12315 Lcmp  12289 Ldma  12315 over     26 n 4096
  pc 155808 cyc0 126913953 lop  6 dur  40993 Lcmp  40973 Ldma      0 over     20 
  pc 157010 cyc0 127192926 lop  2 dur  12315 Lcmp  12289 Ldma      0 over     26 n 4096
  pc 157145 cyc0 127690597 lop  2 dur  12315 Lcmp  12289 Ldma      0 over     26 n 4096
  pc 157202 cyc0 127854356 lop  2 dur    797 Lcmp    769 Ldma      0 over     28 n 256
  pc 157335 cyc0 127882128 lop  2 dur    797 Lcmp    769 Ldma      0 over     28 n 256
  pc 157435 cyc0 127894374 lop 13 dur     30 Lcmp      0 Ldma     19 over     30 kind 1 slot 1 layer 7 head 2
  pc 157439 cyc0 127894413 lop 13 dur     30 Lcmp      0 Ldma     30 over     30 kind 1 slot 1 layer 7 head 3
  pc 157444 cyc0 127894455 lop  9 dur   4645 Lcmp   4623 Ldma    140 over     22 
  pc 157464 cyc0 127907169 lop 14 dur     30 Lcmp      0 Ldma     19 over     30 kind 1 slot 0 layer 7 head 0
  pc 157468 cyc0 127907208 lop 14 dur     30 Lcmp      0 Ldma     26 over     30 kind 1 slot 0 layer 7 head 1
  pc 157472 cyc0 127907247 lop 13 dur     30 Lcmp      0 Ldma     26 over     30 kind 1 slot 0 layer 7 head 4
  pc 157476 cyc0 127907286 lop 13 dur     30 Lcmp      0 Ldma     30 over     30 kind 1 slot 0 layer 7 head 5
  pc 157481 cyc0 127907328 lop  9 dur   4645 Lcmp   4623 Ldma    140 over     22 
  pc 157501 cyc0 127920042 lop 14 dur     30 Lcmp      0 Ldma     19 over     30 kind 1 slot 1 layer 7 head 2
  pc 157505 cyc0 127920081 lop 14 dur     30 Lcmp      0 Ldma     26 over     30 kind 1 slot 1 layer 7 head 3
  pc 157509 cyc0 127920120 lop 13 dur     30 Lcmp      0 Ldma     26 over     30 kind 1 slot 1 layer 7 head 6
  pc 157513 cyc0 127920159 lop 13 dur     30 Lcmp      0 Ldma     30 over     30 kind 1 slot 1 layer 7 head 7
  pc 157518 cyc0 127920201 lop  9 dur   4645 Lcmp   4622 Ldma    140 over     23 
  pc 157538 cyc0 127932915 lop 14 dur     30 Lcmp      0 Ldma     19 over     30 kind 1 slot 0 layer 7 head 4
  pc 157542 cyc0 127932954 lop 14 dur     30 Lcmp      0 Ldma     26 over     30 kind 1 slot 0 layer 7 head 5
  pc 157547 cyc0 127932996 lop  9 dur   4645 Lcmp   4623 Ldma      4 over     22 
  pc 157575 cyc0 127962222 lop 14 dur     30 Lcmp      0 Ldma     19 over     30 kind 1 slot 1 layer 7 head 6
  pc 157579 cyc0 127962261 lop 14 dur     30 Lcmp      0 Ldma     26 over     30 kind 1 slot 1 layer 7 head 7
  pc 157606 cyc0 128029505 lop  2 dur  12315 Lcmp  12289 Ldma      0 over     26 n 4096
  pc 157739 cyc0 128522511 lop 14 dur     30 Lcmp      0 Ldma     19 over     30 kind 0 slot 1 layer 23 head 0
  pc 157743 cyc0 128522550 lop 14 dur     30 Lcmp      0 Ldma     30 over     30 kind 2 slot 1 layer 23 head 0
  pc 157747 cyc0 128522589 lop 13 dur     30 Lcmp      0 Ldma     30 over     30 kind 0 slot 0 layer 0 head 0
  pc 157751 cyc0 128522628 lop 13 dur     30 Lcmp      0 Ldma     30 over     30 kind 2 slot 0 layer 0 head 0
  pc 157756 cyc0 128527329 lop  2 dur  12315 Lcmp  12289 Ldma  12315 over     26 n 4096
=== rc  : 0
=== end : 2026-09-27T08:18:30-06:00
