=== host: snoke  date: 2026-09-27T09:12:09-06:00
=== tree: 2ce1136+dirty
=== dirty: ?? evidence/qwen9b/bm/bm1_timeline_model_9b_s1.csv
=== dirty: ?? evidence/qwen9b/bm/seedlogs_model_9b_s1_bm/
=== dirty: ?? evidence/qwen9b/bm/seedlogs_model_9b_s1_bmtl/
=== dirty: ?? evidence/qwen9b/bm/seedlogs_model_9b_s1_control/
=== dirty: ?? evidence/qwen9b/bm/seedlogs_model_9b_s2_bm/
=== dirty: ?? evidence/qwen9b/bm/seedlogs_model_9b_s2_control/
=== dirty: ?? evidence/qwen9b/bm/seedlogs_model_9b_s3_bm/
=== dirty: ?? evidence/qwen9b/bm/seedlogs_model_9b_s3_control/
=== dirty: ?? evidence/qwen9b/bm/seedlogs_model_9b_s4_bm/
=== dirty: ?? evidence/qwen9b/bm/seedlogs_model_9b_s4_control/
=== dirty: ?? evidence/qwen9b/bm/seedlogs_tok9b_s1_bm/
=== dirty: ?? evidence/qwen9b/bm/seedlogs_tok9b_s1_control/
=== dirty: ?? evidence/qwen9b/ov/n95_s1p_chat511_reordB_041.json
=== dirty: ?? evidence/qwen9b/ov/s1p_board_table.py
=== cmd : /home/cah/.venv/bin/python evidence/qwen9b/ov/s1p_board_table.py
=== env : FABLE5_MODEL=unset
=== venv: /home/cah/.venv/bin/python (named in cmd): 3.12.3 numpy 2.4.6
n68 041 shipped: 511 launches; tokens [760, 20438, 18253, 5134, 421, 279, 3177, 314, 11751] == REF
n74 BM1 form A: 511 launches; tokens [760, 20438, 18253, 5134, 421, 279, 3177, 314, 11751] == REF
n95 041 form B: 511 launches; tokens [760, 20438, 18253, 5134, 421, 279, 3177, 314, 11751] == REF

| run | kind | n | mean PERF_CYC | mean ms |
|---|---|---|---|---|
| n68 041 shipped | lite | 502 | 32,904,360.7 | 131.6174 |
| n68 041 shipped | full | 9 | 36,927,199.9 | 147.7088 |
| n74 BM1 form A | lite | 502 | 29,514,540.0 | 118.0582 |
| n74 BM1 form A | full | 9 | 33,538,706.6 | 134.1548 |
| n95 041 form B | lite | 502 | 28,773,349.3 | 115.0934 |
| n95 041 form B | full | 9 | 32,811,355.0 | 131.2454 |
lite: form B vs n68 041 shipped: means x1.1436; paired over 502 positions mean x1.1437 sd 0.0042 range x1.1367..x1.1511
lite: form B vs n74 BM1 form A: means x1.0258; paired over 502 positions mean x1.0258 sd 0.0010 range x1.0241..x1.0276
full: form B vs n68 041 shipped: means x1.1254; paired over 9 positions mean x1.1254 sd 0.0001 range x1.1253..x1.1255
full: form B vs n74 BM1 form A: means x1.0222; paired over 9 positions mean x1.0222 sd 0.0000 range x1.0221..x1.0222
S1P_BOARD_TABLE: DONE
=== rc  : 0
=== end : 2026-09-27T09:12:10-06:00
