=== host: snoke
=== date: 2026-09-09T19:59:04-06:00
=== tree: 0be8334+dirty
=== cmd:  bash evidence/qwen9b/g6/g6_hup_trap.sh green
=== venv: /home/cah/.venv/bin/python (exists)
===       ref/.venv/bin/python (ABSENT)
===       uv: /home/cah/.local/bin/uv (exists)
=== cpu:  nproc=48 OMP_NUM_THREADS=unset MKL_NUM_THREADS=unset
=== env:  FABLE5_MODEL=unset FABLE5_DN_STATE=unset FABLE5_RS_F=unset
===       FABLE5_CALIB_STATS=unset FABLE5_CALIB_MODE=unset
=== ---
=== MODE: green
=== the trap line under test:
94:trap on_exit EXIT INT TERM HUP
=== what was stubbed (copy vs the committed sw/program_fpga.sh):
--- sw/program_fpga.sh	2026-09-09 19:56:35.653838290 -0600
+++ /tmp/g6hup.wylFyw/program_fpga.sh	2026-09-09 19:59:04.952936591 -0600
@@ -106,7 +106,7 @@
 
 echo "=== [2/3] JTAG program (VOLATILE — never flash): $BIT"
 set +u
-source /home/cah/r2d2/sc2data/tools/Vivado/2024.2/settings64.sh
+source /tmp/g6hup.wylFyw/settings64_stub.sh
 set -u
 
 PROG_OK=0
=== ---
=== the endpoint is now REMOVED and the JTAG step is running:
=== [1/3] remove the endpoint from the PCI tree (host-hang safety)
STUB-PCIE remove
=== [2/3] JTAG program (VOLATILE — never flash): /tmp/g6hup.wylFyw/stub.bit
=== sending SIGHUP to pid 732285 (this is what a dropped ssh delivers)
=== the script exited with rc=0
=== its full output:
=== [1/3] remove the endpoint from the PCI tree (host-hang safety)
STUB-PCIE remove
=== [2/3] JTAG program (VOLATILE — never flash): /tmp/g6hup.wylFyw/stub.bit
=== [3/3] rescan the PCI tree (exit code so far: 0)
STUB-PCIE rescan
=== ---
RESCAN: RAN — the endpoint was put back
G6_HUP_TRAP GREEN: the committed trap line rescanned on SIGHUP
  (rc=0; 129 = 128 + SIGHUP).
=== rc: 0
=== end: 2026-09-09T19:59:10-06:00
