=== host: snoke
=== date: 2026-09-09T20:04:53-06:00
=== tree: aa55828
=== cmd:  bash evidence/qwen9b/g6/g6_pack_rung2.sh
=== venv: /home/cah/.venv/bin/python (exists)
===       ref/.venv/bin/python (ABSENT)
===       uv: /home/cah/.local/bin/uv (exists)
=== cpu:  nproc=48 OMP_NUM_THREADS=unset MKL_NUM_THREADS=unset
=== env:  FABLE5_MODEL=unset FABLE5_DN_STATE=unset FABLE5_RS_F=unset
===       FABLE5_CALIB_STATS=unset FABLE5_CALIB_MODE=unset
=== ---
########## [1] upload the pack, per-piece verified, WITHOUT running it
--- SEQ stream: tb/scripts/w9/model_9b_s1.e4
  artifacts base   tb/scripts/w9/model_9b_s1
  stream           158536 records, 2536576 B (sha256 9760899df53b3b42) VALIDATED
  seqdata          563712 B (sha256 4a7784f2f2c47e07)
  profile          epsnorm  dyn_ka=True  loop 3 steps (structurally safe)
  opcodes          {'CSRWR': 106244, 'CMD': 35286, 'MOVX': 3984, 'MOVY': 5480, 'MVGO': 5480, 'EMB': 4, 'AMAXL': 4, 'JMP': 1, 'FENCE': 1372, 'HALT': 1, 'LDC*': 644, 'XOP*': 36}
  expected tokens  [2614, 314, 279, 369, 11751, 13]
  mode             4-CHANNEL row-split (weights over DDR chans [0, 1, 2, 3], fetch on chan 0)
--- DDR plan (fetch channel 0, host offset 0x0, nch=4)
  stream    0x9000000 .. 0x926b480  (window 48 MiB)
  seqdata   0xc000000 .. 0xc089a00  (window 64 MiB)
  weights   0x10000000 ..            (plan_weights, 249 images, chans [0, 1, 2, 3])
  embedding 0x60000000  (fetch chan 0)
  RELOCATION: 644 LDC records (32 XRF-indirected) rebased by -0x74000000 (emitter 0x80000000 -> 0xc000000); 4 EMB records checked, delta +0x0
--- board: MAGIC=0xfab1e001 VERSION=0xc973c18a CALIB=0xf  SEQ=REFUSED
  SEQ CSRs untouched: --dry-run: the SEQ CSR window is not touched
  weight plan: 249 images match the stream's MVGO plan; 5480 MVGO WBASEs row-aligned inside them
--- upload
  weights   249 images, 3902 MiB -> 0x10000000..0x4d290000/0x4cf78000/0x4ce70000/0x4ce70000 (row-split over chans [0, 1, 2, 3], wid [248] chunk-INTERLEAVED (rung 4 S4))  [readback OK]
  embedding 1940 MiB -> 0x60000000  [readback OK]
  seqdata   563712 B -> 0xc000000  [readback OK]
  stream    2536576 B (158536 records) -> 0x9000000  [readback OK]
  state DN  24 MiB zeroed -> 0x380000000 (chan 3)  [8 witnesses zero]
  state CV  24 conv image(s) -> 0x389800000  [readback OK]
  5845 MiB written, 5845 MiB read back and compared, 45.5s
--- DRY RUN COMPLETE: DDR images uploaded and readback-verified; the SEQ CSR window was never accessed.
report -> evidence/qwen9b/g6/017_upload.json

########## [2] the WHOLE-PACK audit — every host-written byte
--- board: MAGIC=0xfab1e001 VERSION=0xc973c18a CALIB=0xf
  WHOLE-PACK AUDIT  1139 pieces (1114 weight + 24 conv + 1 emb), 5845 MiB read back in 83.0 s (70 MiB/s)
  pack sha256 want  602b008c70fd8aec89bb1174d78fc0ac272ccbc9ebdf8e7fd514d1fef99ea599
  pack sha256 got   602b008c70fd8aec89bb1174d78fc0ac272ccbc9ebdf8e7fd514d1fef99ea599
  PACK IDENTICAL   0 piece(s) MISS of 1139
  json -> evidence/qwen9b/g6/017_audit_clean.json
G6_RESIDENCY: OK

########## [3] chat_seq's OWN R-d witness sampler, clean
--- board: MAGIC=0xfab1e001 VERSION=0xc973c18a CALIB=0xf
  residency  1146 witness blocks (1114 weight + 24 conv + 8 emb, 4584 KiB) in 38 ms -> 0 MISS
  reupload_set  nothing missed — no upload needed
  json -> evidence/qwen9b/g6/017_wit_clean.json
G6_RESIDENCY: OK

########## [4] CONTRIVE the miss — one piece of wid 248
--- board: MAGIC=0xfab1e001 VERSION=0xc973c18a CALIB=0xf
  CONTRIVED MISS: wrote 4096 B of b'G6-CONTRIVED-MISS-0248' over weight model_9b_s1_w248.bin@c0r0 at chan=0 addr=0x454bf800 (piece byte offset 2160640 of 4325376) — this is EXACTLY the block chat_seq._witness(4325376) probes, so the sampling probe cannot miss it
  the bytes that were there: sha256 3fb9fcf02dc3209169ee0be97644ee8a
  json -> evidence/qwen9b/g6/017_corrupt.json
G6_RESIDENCY: OK

########## [5] the WHOLE-PACK audit sees it
--- board: MAGIC=0xfab1e001 VERSION=0xc973c18a CALIB=0xf
  WHOLE-PACK AUDIT  1139 pieces (1114 weight + 24 conv + 1 emb), 5845 MiB read back in 83.2 s (70 MiB/s)
  pack sha256 want  602b008c70fd8aec89bb1174d78fc0ac272ccbc9ebdf8e7fd514d1fef99ea599
  pack sha256 got   021a9697fc6accc8ebb0171e1425330ef51aaadaf2b365baa6f764e1f420f43d
  PACK DIFFERS   1 piece(s) MISS of 1139
    ! weight model_9b_s1_w248.bin@c0r0 chan=0 addr=0x452b0000 4325376 B: want cb57d52aab7a5498 got 933426cdbb8627f8
  json -> evidence/qwen9b/g6/017_audit_damaged.json
G6_RESIDENCY: PACK DIFFERS
   (rc 1 — 1 IS the verdict this step is asking for)

########## [6] the WITNESS SAMPLER sees it too, and ESCALATES
--- board: MAGIC=0xfab1e001 VERSION=0xc973c18a CALIB=0xf
  residency  1146 witness blocks (1114 weight + 24 conv + 8 emb, 4584 KiB) in 39 ms -> 1 MISS
  reupload_set  1 image(s) missed a witness; the R-d rule escalates to ALL 249 image(s) + the embedding — a miss means the pack is not ours to trust
    ! MISS weight model_9b_s1_w248.bin@c0r0 chan=0 addr=0x454bf800
  json -> evidence/qwen9b/g6/017_wit_damaged.json
G6_RESIDENCY: OK

########## [7] the whole-pack re-upload — the repair branch
--- SEQ stream: tb/scripts/w9/model_9b_s1.e4
  artifacts base   tb/scripts/w9/model_9b_s1
  stream           158536 records, 2536576 B (sha256 9760899df53b3b42) VALIDATED
  seqdata          563712 B (sha256 4a7784f2f2c47e07)
  profile          epsnorm  dyn_ka=True  loop 3 steps (structurally safe)
  opcodes          {'CSRWR': 106244, 'CMD': 35286, 'MOVX': 3984, 'MOVY': 5480, 'MVGO': 5480, 'EMB': 4, 'AMAXL': 4, 'JMP': 1, 'FENCE': 1372, 'HALT': 1, 'LDC*': 644, 'XOP*': 36}
  expected tokens  [2614, 314, 279, 369, 11751, 13]
  mode             4-CHANNEL row-split (weights over DDR chans [0, 1, 2, 3], fetch on chan 0)
--- DDR plan (fetch channel 0, host offset 0x0, nch=4)
  stream    0x9000000 .. 0x926b480  (window 48 MiB)
  seqdata   0xc000000 .. 0xc089a00  (window 64 MiB)
  weights   0x10000000 ..            (plan_weights, 249 images, chans [0, 1, 2, 3])
  embedding 0x60000000  (fetch chan 0)
  RELOCATION: 644 LDC records (32 XRF-indirected) rebased by -0x74000000 (emitter 0x80000000 -> 0xc000000); 4 EMB records checked, delta +0x0
--- board: MAGIC=0xfab1e001 VERSION=0xc973c18a CALIB=0xf  SEQ=REFUSED
  SEQ CSRs untouched: --dry-run: the SEQ CSR window is not touched
  weight plan: 249 images match the stream's MVGO plan; 5480 MVGO WBASEs row-aligned inside them
--- upload
  weights   249 images, 3902 MiB -> 0x10000000..0x4d290000/0x4cf78000/0x4ce70000/0x4ce70000 (row-split over chans [0, 1, 2, 3], wid [248] chunk-INTERLEAVED (rung 4 S4))  [readback OK]
  embedding 1940 MiB -> 0x60000000  [readback OK]
  seqdata   563712 B -> 0xc000000  [readback OK]
  stream    2536576 B (158536 records) -> 0x9000000  [readback OK]
  state DN  24 MiB zeroed -> 0x380000000 (chan 3)  [8 witnesses zero]
  state CV  24 conv image(s) -> 0x389800000  [readback OK]
  5845 MiB written, 5845 MiB read back and compared, 45.5s
--- DRY RUN COMPLETE: DDR images uploaded and readback-verified; the SEQ CSR window was never accessed.
report -> evidence/qwen9b/g6/017_repair.json

########## [8] the audit again — the damage is UNDONE
--- board: MAGIC=0xfab1e001 VERSION=0xc973c18a CALIB=0xf
  WHOLE-PACK AUDIT  1139 pieces (1114 weight + 24 conv + 1 emb), 5845 MiB read back in 82.3 s (71 MiB/s)
  pack sha256 want  602b008c70fd8aec89bb1174d78fc0ac272ccbc9ebdf8e7fd514d1fef99ea599
  pack sha256 got   602b008c70fd8aec89bb1174d78fc0ac272ccbc9ebdf8e7fd514d1fef99ea599
  PACK IDENTICAL   0 piece(s) MISS of 1139
  json -> evidence/qwen9b/g6/017_audit_repaired.json
G6_RESIDENCY: OK

########## [9] the witness sampler agrees
--- board: MAGIC=0xfab1e001 VERSION=0xc973c18a CALIB=0xf
  residency  1146 witness blocks (1114 weight + 24 conv + 8 emb, 4584 KiB) in 39 ms -> 0 MISS
  reupload_set  nothing missed — no upload needed
  json -> evidence/qwen9b/g6/017_wit_repaired.json
G6_RESIDENCY: OK

########## [10] and the repaired pack still computes §4.1a's tokens
--- SEQ stream: tb/scripts/w9/model_9b_s1.e4
  artifacts base   tb/scripts/w9/model_9b_s1
  stream           158536 records, 2536576 B (sha256 9760899df53b3b42) VALIDATED
  seqdata          563712 B (sha256 4a7784f2f2c47e07)
  profile          epsnorm  dyn_ka=True  loop 3 steps (structurally safe)
  opcodes          {'CSRWR': 106244, 'CMD': 35286, 'MOVX': 3984, 'MOVY': 5480, 'MVGO': 5480, 'EMB': 4, 'AMAXL': 4, 'JMP': 1, 'FENCE': 1372, 'HALT': 1, 'LDC*': 644, 'XOP*': 36}
  expected tokens  [2614, 314, 279, 369, 11751, 13]
  mode             4-CHANNEL row-split (weights over DDR chans [0, 1, 2, 3], fetch on chan 0)
--- DDR plan (fetch channel 0, host offset 0x0, nch=4)
  stream    0x9000000 .. 0x926b480  (window 48 MiB)
  seqdata   0xc000000 .. 0xc089a00  (window 64 MiB)
  weights   0x10000000 ..            (plan_weights, 249 images, chans [0, 1, 2, 3])
  embedding 0x60000000  (fetch chan 0)
  RELOCATION: 644 LDC records (32 XRF-indirected) rebased by -0x74000000 (emitter 0x80000000 -> 0xc000000); 4 EMB records checked, delta +0x0
--- board: MAGIC=0xfab1e001 VERSION=0xc973c18a CALIB=0xf  SEQ=READY
  weight plan: 249 images match the stream's MVGO plan; 5480 MVGO WBASEs row-aligned inside them
--- upload
  weights   SKIPPED (--skip-weights: assumed resident)
  seqdata   563712 B -> 0xc000000  [readback OK]
  stream    2536576 B (158536 records) -> 0x9000000  [readback OK]
  state     CSRs only (--skip-weights): SB_* <- 0x38000/0x38180/0x38980
  3 MiB written, 3 MiB read back and compared, 0.6s
--- run
  scratch   65536 words zeroed via SPTR/SWIN and read back: 0 non-zero (0.2s)
  EMBLOG2    13 (8192 B embedding rows)
  state CSR SB_DN=0x38000 SB_KV=0x38180 SB_CV=0x38980  [readback OK]
  SEQ_BASE=0x9000000 LEN=158536 ENTRY=0 -> START
    pc 1319/158536  (0.0s)
    pc 4169/158536  (0.0s)
    pc 9087/158536  (0.0s)
    pc 12328/158536  (0.0s)
    pc 17329/158536  (0.1s)
    pc 20827/158536  (0.1s)
    pc 25590/158536  (0.1s)
    pc 29103/158536  (0.1s)
    pc 33362/158536  (0.1s)
    pc 38116/158536  (0.1s)
    pc 41094/158536  (0.1s)
    pc 45869/158536  (0.2s)
    pc 49351/158536  (0.2s)
    pc 53341/158536  (0.2s)
    pc 58373/158536  (0.2s)
    pc 61868/158536  (0.2s)
    pc 66631/158536  (0.2s)
    pc 70138/158536  (0.2s)
    pc 74522/158536  (0.2s)
    pc 77883/158536  (0.3s)
    pc 81978/158536  (0.3s)
    pc 86908/158536  (0.3s)
    pc 90390/158536  (0.3s)
    pc 95148/158536  (0.3s)
    pc 98640/158536  (0.3s)
    pc 102908/158536  (0.3s)
    pc 107687/158536  (0.4s)
    pc 111184/158536  (0.4s)
    pc 115946/158536  (0.4s)
    pc 118905/158536  (0.4s)
    pc 123050/158536  (0.4s)
    pc 127959/158536  (0.4s)
    pc 131276/158536  (0.4s)
    pc 136206/158536  (0.5s)
    pc 139694/158536  (0.5s)
    pc 144453/158536  (0.5s)
    pc 147946/158536  (0.5s)
    pc 152234/158536  (0.5s)
    pc 155709/158536  (0.5s)
    pc 120178/158536  (0.5s)
    pc 123028/158536  (0.6s)
    pc 127954/158536  (0.6s)
    pc 131433/158536  (0.6s)
    pc 136190/158536  (0.6s)
    pc 139685/158536  (0.6s)
    pc 144447/158536  (0.6s)
    pc 147937/158536  (0.6s)
    pc 152210/158536  (0.7s)
    pc 155706/158536  (0.7s)
    pc 120073/158536  (0.7s)
    pc 123012/158536  (0.7s)
    pc 127930/158536  (0.7s)
    pc 131430/158536  (0.7s)
    pc 136177/158536  (0.7s)
    pc 139682/158536  (0.7s)
    pc 144148/158536  (0.8s)
    pc 147921/158536  (0.8s)
    pc 152185/158536  (0.8s)
    pc 155681/158536  (0.8s)
  halted at pc=158535/158536 in 0.824s wall / 822.801 ms device
  STATUS=0x00010004 err=False err_code=0x00 (no error)
  perf: {'cyc': 205700280, 'rec': 237784, 'axil_wr': 287517, 'axil_rd': 9955532, 'fetch_starved_cyc': 98, 'xrf_ovf': False}
  tokens: [2614, 314, 279, 369, 11751, 13]
  TOKENS   IDENTICAL to the .seq.json (6 tokens)
--- post-halt state vs tb/scripts/w9/model_9b_s1.e4.chip
  golden    36886 state checks, ALL MATCH
SEQ RUN: PASS
report -> evidence/qwen9b/g6/017_run_after_repair.json
=== rc: 0
=== end: 2026-09-09T20:10:44-06:00
