=== host: snoke
=== date: 2026-09-09T20:42:05-06:00
=== tree: 637fb91+dirty
=== cmd:  /home/cah/.venv/bin/python evidence/qwen9b/g6/g6_superlatives.py
=== venv: /home/cah/.venv/bin/python (exists)
===       ref/.venv/bin/python (ABSENT)
===       uv: /home/cah/.local/bin/uv (exists)
=== cpu:  nproc=48 OMP_NUM_THREADS=unset MKL_NUM_THREADS=unset
=== env:  FABLE5_MODEL=unset FABLE5_DN_STATE=unset FABLE5_RS_F=unset
===       FABLE5_CALIB_STATS=unset FABLE5_CALIB_MODE=unset
=== ---
G6SUP_RUNS: 13 device-time measurement(s) harvested from 8 log(s)
G6SUP_RUN 008_live_lay9b_s1_scratch65k.log               #0      15.234 ms  lay9b       []
G6SUP_RUN 009_live_tok9b_4seeds.log                      #1      16.278 ms  tok9b       [5290, 4397]
G6SUP_RUN 009_live_tok9b_4seeds.log                      #3      16.278 ms  tok9b       [5591, 703]
G6SUP_RUN 009_live_tok9b_4seeds.log                      #0      16.279 ms  tok9b       [2380, 6362]
G6SUP_RUN 009_live_tok9b_4seeds.log                      #2      16.280 ms  tok9b       [1235, 4971]
G6SUP_RUN 020_perf_census_two_lanes.log                  #0     822.726 ms  model_s1s4  [2614, 314, 279, 369, 11751, 13]
G6SUP_RUN 011_model_9b_s2s3s4.log                        #2     822.787 ms  model_s1s4  [11, 0, 271, 803, 369, 498]
G6SUP_RUN 010_model_9b_s1_upload_and_run.log             #0     822.793 ms  model_s1s4  [2614, 314, 279, 369, 11751, 13]
G6SUP_RUN 018_state_region_smem_golden.log               #0     822.795 ms  model_s1s4  [2614, 314, 279, 369, 11751, 13]
G6SUP_RUN 017_weight_pack_and_contrived_miss.log         #0     822.801 ms  model_s1s4  [2614, 314, 279, 369, 11751, 13]
G6SUP_RUN 028_restore_9b_pack.log                        #0     822.806 ms  model_s1s4  [2614, 314, 279, 369, 11751, 13]
G6SUP_RUN 011_model_9b_s2s3s4.log                        #0     822.807 ms  model_s2s3  [279, 264, 854, 11, 303, 264]
G6SUP_RUN 011_model_9b_s2s3s4.log                        #1     822.809 ms  model_s2s3  [313, 430, 2510, 198, 1445, 27180]

G6SUP_EXT fastest 6-step model run: 020_perf_census_two_lanes.log #0  822.726 ms
G6SUP_EXT slowest 6-step model run: 011_model_9b_s2s3s4.log #1  822.809 ms

G6SUP_DERIVED quantity                               recomputed   from
G6SUP_DERIVED seed-1 device spread                       0.0097   max/min over the 5 seed-1 model runs
G6SUP_DERIVED live full-model runs                            8   runs whose program is the 158,536- or 79,289-record model
G6SUP_DERIVED widest full-model spread                   0.0101   max/min over all 8 full-model runs
G6SUP_DERIVED tok9b 4-seed device spread                  0.012   max/min over the 4 tok9b runs
G6SUP_DERIVED gate tok/s                                 7.2928   6 / (822.726/1000)
G6SUP_DERIVED gate ms/token                            137.1210   822.726 / 6
G6SUP_DERIVED steady tok/s                               7.2917   1000 / 137.1413
G6SUP_DERIVED L_LCYC ms/token                            41.588   249.530 ms / 6
G6SUP_DERIVED L_SDMA_CYC ms/token                         5.125   30.750 ms / 6
G6SUP_DERIVED lane sum, share of device                    34.1   (62382496 + 7687467) / 205681492
G6SUP_DERIVED L_LCYC vs S4 45.674                           8.9   (45.674 - 41.588)/45.674
G6SUP_DERIVED L_LCYC vs Task12 46.079                       9.7   (46.079 - 41.588)/46.079
G6SUP_DERIVED L_SDMA vs modelled 5.133                     0.16   |5.133 - 5.125|/5.133
G6SUP_DERIVED board vs S4 chip-TB 131.14                    4.6   (137.1210 - 131.14)/131.14
G6SUP_DERIVED above the 7.0 band top                        4.2   (7.2928 - 7.0)/7.0
G6SUP_DERIVED clipped, share of non-zero                 0.0685   28 / 40882
G6SUP_DERIVED whole-pack audit MiB/s                         70   5845 MiB / 83.0 s

G6SUP_CHECKED: 0 superlative sentence(s) machine-checked
G6SUP_QUOTED_TOTAL: 0
G6SUP_SCOPED_TOTAL: 0
G6SUP_UNCHECKED: 22 sentence(s) the script cannot attribute
G6SUP_UNCHECKED RD9_GATE.md:25  A log is cited only after both exist.
G6SUP_UNCHECKED RD9_GATE.md:25  * **JTAG-volatile only.** `sw/program_fpga.sh` ran once (§2).
G6SUP_UNCHECKED RD9_GATE.md:25  * **The instruments in this directory are NEW and were untracked when the runs that used them executed**, so those logs' `=== tree
G6SUP_UNCHECKED RD9_GATE.md:153  ### 2.2 The flow, and only the flow
G6SUP_UNCHECKED RD9_GATE.md:203  **No DMA happened before this line**: `001` and `003` are AXI-Lite only, and `006` is the first run that moves a byte.
G6SUP_UNCHECKED RD9_GATE.md:220  ### 3.2 The version constants, moved only after the readback
G6SUP_UNCHECKED RD9_GATE.md:370  `sw/chat_seq.py:1000-1002` says the whole-pack escalation is "selftest-proven only — on hardware every observed miss set has been 
G6SUP_UNCHECKED RD9_GATE.md:485  **The post-halt architectural state**: `golden 36886 state checks, ALL MATCH` on every one of the eight full-model runs in this ga
G6SUP_UNCHECKED RD9_GATE.md:489  **Repeatability, which is what a zero-margin closure most needs measured.** Seed 1's program ran **five** times across this sessio
G6SUP_UNCHECKED RD9_GATE.md:489  Counting all **eight** live full-model runs in this gate — the five above plus s2, s3 and s4 — the widest spread is (822.809 − 822
G6SUP_UNCHECKED RD9_GATE.md:656  **The amendment's instruction — "never add the modelled figure to anything" — is honoured: 5.133 appears here only as the thing 5.
G6SUP_UNCHECKED RD9_GATE.md:699  The region occupies **DDR channel 3 alone** (§6), so all of this traffic lands on one of the four channels while the weights strea
G6SUP_UNCHECKED RD9_GATE.md:714  The plan itself says the model "fails its only out-of-sample test (+1.7 % at nch=1), its r-bracket validation is retracted, and it
G6SUP_UNCHECKED RD9_GATE.md:840  That is the state `sw/program_fpga.sh:122-129` calls "*** THE RESIDENT BITSTREAM IS NOW UNKNOWN ***", about which it says the exit
G6SUP_UNCHECKED RD9_GATE.md:851  **`012` (`rc 2`) is kept for what it proves about a different rail.** The harness's first cut put the stub bin on `PATH` only in t
G6SUP_UNCHECKED RD9_GATE.md:883  `sw/chat_seq.py:946-948` reasons that the conv blocks "are the only part of the DDR state region the host UPLOADS … so they are th
G6SUP_UNCHECKED RD9_GATE.md:899  The candidate fixes (witness only the weight-tap sub-range of each conv block; or drop conv witnesses, since `upload_state` rewrit
G6SUP_UNCHECKED RD9_GATE.md:982  **`024` is transcribed for SEED 1 ONLY** (§7.3).
G6SUP_UNCHECKED RD9_GATE.md:982  **Prefill, first-token latency and any user-facing turn time.** §10 is decode only.
G6SUP_UNCHECKED RD9_GATE.md:1043  **T**, `032_superlatives_control.log`, the negative control, which plants BOTH a false superlative (awarding "fastest" to the slow
G6SUP_UNCHECKED RD9_GATE.md:1050  **The 18 UNCHECKED sentences are listed in the log and are hand-verified here.** Every one of them trips the marker regex on the o
G6SUP_UNCHECKED RD9_GATE.md:1076  **So the edits were rewritten to be LINE-NEUTRAL**, which is the right answer rather than a workaround: the information belongs in
G6SUP: PASS
=== rc: 0
=== end: 2026-09-09T20:42:06-06:00
