=== host: snoke
=== date: 2026-09-09T21:23:48-06:00
=== tree: 3a9a382+dirty
=== cmd:  /home/cah/.venv/bin/python evidence/qwen_next/spec_cites.py evidence/qwen9b/g6/RD9_GATE.md
=== venv: /home/cah/.venv/bin/python (exists)
===       ref/.venv/bin/python (ABSENT)
===       uv: /home/cah/.local/bin/uv (exists)
=== cpu:  nproc=48 OMP_NUM_THREADS=unset MKL_NUM_THREADS=unset
=== env:  FABLE5_MODEL=unset FABLE5_DN_STATE=unset FABLE5_RS_F=unset
===       FABLE5_CALIB_STATS=unset FABLE5_CALIB_MODE=unset
=== ---
checked: 160 exist, 33 range, 1 quote  |  pending 0  |  retired 0  |  noquote 9  |  FAIL 0
  RD9_GATE.md:1129  NOQUOTE  1 span(s) exempted (proposed encoding / shorthand, not a quotation)
  RD9_GATE.md:1199  NOQUOTE  0 span(s) exempted (proposed encoding / shorthand, not a quotation)
  RD9_GATE.md:1200  NOQUOTE  1 span(s) exempted (proposed encoding / shorthand, not a quotation)
  RD9_GATE.md:1201  NOQUOTE  1 span(s) exempted (proposed encoding / shorthand, not a quotation)
  RD9_GATE.md:1202  NOQUOTE  0 span(s) exempted (proposed encoding / shorthand, not a quotation)
  RD9_GATE.md:1203  NOQUOTE  1 span(s) exempted (proposed encoding / shorthand, not a quotation)
  RD9_GATE.md:1204  NOQUOTE  1 span(s) exempted (proposed encoding / shorthand, not a quotation)
  RD9_GATE.md:1205  NOQUOTE  1 span(s) exempted (proposed encoding / shorthand, not a quotation)
  RD9_GATE.md:1206  NOQUOTE  1 span(s) exempted (proposed encoding / shorthand, not a quotation)
SPEC CITES: PASS
=== rc: 0
=== end: 2026-09-09T21:23:48-06:00
