=== host: snoke
=== date: 2026-09-09T22:49:46-06:00
=== tree: 4662b06+dirty
=== cmd:  /home/cah/.venv/bin/python sw/chat_seq.py --selftest
=== venv: /home/cah/.venv/bin/python (exists)
===       ref/.venv/bin/python (ABSENT)
===       uv: /home/cah/.local/bin/uv (exists)
=== cpu:  nproc=48 OMP_NUM_THREADS=unset MKL_NUM_THREADS=unset
=== env:  FABLE5_MODEL=unset FABLE5_DN_STATE=unset FABLE5_RS_F=unset
===       FABLE5_CALIB_STATS=unset FABLE5_CALIB_MODE=unset
=== ---
chat_seq selftest (pure python, NO board):
  [1] template source, frozen sha256, spec slice indices
  [2] image assembly: agent A vs my own spec slices
  [3] position blob (gate A2 in host form) + const blob
    (posblob generated in 0.0s)
  [4] the per-launch patch (agent A) in both position modes
  [5] DDR plan, image placement, one-shot relocation
  [6] context guard T+(P-1)+N < 512 and history truncation
  [7] residency witness manifest + sha256 probe
  [8] launch protocol against the offline seq_unit model
  [9] turn bookkeeping: schedule, prefill-lite, EOS, --ntok, reset
  [9b] canned schedule reconstruction (the always-seed rule)
  [10] tokenizer (infer.py BpeTok) + stop ids
  [11] the shared board lock (O3) — exclusivity and its PATH
  [12] chat template G1: HF id equality, incremental multi-turn, T7
  [13] sampling: dequant, temperature/top-k/top-p, seeded draws
  [14] candidate sources: chip stub, fixture, refusal path
  [15] the full step path over a fixture + a fake board
  [16] --verify-head against a fake head + fake scratchpad
  [17] S7 layout: the LM head never overwrites x8 (0x800..0xBFF)
  [18] sw/head_cache.py: exact integer path + cache discipline
  [19] rung 4 S4: nch sessions, derived geometry, weight placement
  [19c] rung 4 S6: OUT FIFO depth 64, 7-bit count, sticky of_ovf
  [20] rung 4 S8: TOPK-32 STATUS decode + PTR auto-increment
  [21] S3: conv-image witnesses + the session-reset DN memset
  [22] S3/9B: the state region in the verifier, the session and the residency split
    FAIL the verifier hands ref/seq_model.SeqExec a state region (056 [6]: an SLD/SST refuses without one): SeqExec got region=None
    FAIL a pre-S3 artifact has no region (the frozen nch=1 path is untouched): 
    FAIL a region image that does not span the plan is REFUSED, not silently truncated: 
    FAIL the 9B artifact's own StateRegion is what the verifier gets: RAISED AttributeError: this entry point does not exist on this tree
    FAIL ...and it is the artifact's INITIAL image, sha-checked: 
    FAIL the conv witnesses are split OUT of the weight pack's probe: 4 pack + 0 conv of 4
    FAIL a conv miss can no longer escalate the weight pack: it is not in the pack's probe set (§14.1: 0 weight misses, 5.8 GiB re-uploaded at the start of every later session): 
    FAIL the context reset RESTORES every conv image, not just the DN memset: 24 DN block(s), 0 conv write(s)
    FAIL each conv image lands on its own block, channel-local, and is read back: []
    FAIL the session WRITES the initial state region, not just the base CSRs (§14.2: csrs_only leaves the previous context in DDR and the answer is silently wrong at err_code 0x00): []
    FAIL ...and reads SB_DN/SB_KV/SB_CV back before any launch (E_DMA_BASE, SEQ ISA v2.1 B15.4): []
  chat_seq selftest: 369 passed, 11 failed
=== rc: 1
=== end: 2026-09-09T22:50:14-06:00
