=== host: snoke
=== date: 2026-09-10T00:09:49-06:00
=== tree: 67e47bd
=== cmd:  /home/cah/.venv/bin/python evidence/qwen_next/spec_cites.py evidence/qwen9b/g6/RD9_GATE.md docs/USAGE.md NEXT_SESSION.md
=== venv: /home/cah/.venv/bin/python (exists)
===       ref/.venv/bin/python (ABSENT)
===       uv: /home/cah/.local/bin/uv (exists)
=== cpu:  nproc=48 OMP_NUM_THREADS=unset MKL_NUM_THREADS=unset
=== env:  FABLE5_MODEL=unset FABLE5_DN_STATE=unset FABLE5_RS_F=unset
===       FABLE5_CALIB_STATS=unset FABLE5_CALIB_MODE=unset
=== ---
checked: 479 exist, 116 range, 7 quote  |  pending 0  |  retired 0  |  noquote 9  |  FAIL 5
  RD9_GATE.md:1975  RANGE  sw/chat_seq.py:4587-4344 but file has 6202 lines
  RD9_GATE.md:1984  AMBIG  bare continuation `:240` on a line naming 2 files (ref/seq_chat.py, sw/chat_seq.py) — write the full path
  RD9_GATE.md:2189  EXIST  serve.py does not exist
  RD9_GATE.md:2190  EXIST  ddr_test.py does not exist
  RD9_GATE.md:2190  EXIST  program_fpga.sh does not exist
  RD9_GATE.md:1923  NOQUOTE  1 span(s) exempted (proposed encoding / shorthand, not a quotation)
  RD9_GATE.md:2097  NOQUOTE  0 span(s) exempted (proposed encoding / shorthand, not a quotation)
  RD9_GATE.md:2098  NOQUOTE  1 span(s) exempted (proposed encoding / shorthand, not a quotation)
  RD9_GATE.md:2099  NOQUOTE  1 span(s) exempted (proposed encoding / shorthand, not a quotation)
  RD9_GATE.md:2100  NOQUOTE  0 span(s) exempted (proposed encoding / shorthand, not a quotation)
  RD9_GATE.md:2101  NOQUOTE  1 span(s) exempted (proposed encoding / shorthand, not a quotation)
  RD9_GATE.md:2102  NOQUOTE  1 span(s) exempted (proposed encoding / shorthand, not a quotation)
  RD9_GATE.md:2103  NOQUOTE  1 span(s) exempted (proposed encoding / shorthand, not a quotation)
  RD9_GATE.md:2104  NOQUOTE  1 span(s) exempted (proposed encoding / shorthand, not a quotation)
SPEC CITES: FAIL
=== rc: 1
=== end: 2026-09-10T00:09:49-06:00
