=== host: snoke
=== date: 2026-09-10T02:04:56-06:00
=== tree: 58ab6a3
=== cmd:  /home/cah/.venv/bin/python evidence/qwen_next/spec_cites.py evidence/qwen9b/g6/RD9_GATE.md docs/USAGE.md NEXT_SESSION.md
=== venv: /home/cah/.venv/bin/python (exists)
===       ref/.venv/bin/python (ABSENT)
===       uv: /home/cah/.local/bin/uv (exists)
=== cpu:  nproc=48 OMP_NUM_THREADS=unset MKL_NUM_THREADS=unset
=== env:  FABLE5_MODEL=unset FABLE5_DN_STATE=unset FABLE5_RS_F=unset
===       FABLE5_CALIB_STATS=unset FABLE5_CALIB_MODE=unset
=== ---
checked: 583 exist, 152 range, 10 quote  |  pending 0  |  retired 0  |  noquote 10  |  FAIL 23
  RD9_GATE.md:1228  EXIST  run.sh does not exist
  RD9_GATE.md:2295  ORPHAN  bare continuation `:253` on a line that names no file — it binds to nothing and is NOT checked; write the full path
  RD9_GATE.md:2297  ORPHAN  bare continuation `:178` on a line that names no file — it binds to nothing and is NOT checked; write the full path
  RD9_GATE.md:2320  EXIST  G3_1_ISA.md does not exist
  RD9_GATE.md:2332  EXIST  BOARD_LOCK.md does not exist
  RD9_GATE.md:2336  ORPHAN  bare continuation `:448-449` on a line that names no file — it binds to nothing and is NOT checked; write the full path
  RD9_GATE.md:2338  EXIST  G3_1_ISA.md does not exist
  RD9_GATE.md:2339  ORPHAN  bare continuation `:2767` on a line that names no file — it binds to nothing and is NOT checked; write the full path
  RD9_GATE.md:2348  AMBIG  bare continuation `:236` on a line naming 2 files (G3_1_ISA.md, sw/chat_seq.py) — write the full path
  RD9_GATE.md:2348  EXIST  G3_1_ISA.md does not exist
  RD9_GATE.md:2348  EXIST  G3_1_ISA.md does not exist
  RD9_GATE.md:2352  AMBIG  bare continuation `:251-252` on a line naming 2 files (ref/seq_chat.py, sw/chat_seq.py) — write the full path
  RD9_GATE.md:2616  QUOTE  "POS_LDC_BYTE_OFFSETS = o*REC + 8" — not found in any cited file (cited: ref/seq_chat.py:187, ref/seq_chat.py:186)
  RD9_GATE.md:2847  EXIST  task-15-review-round2.md does not exist
  RD9_GATE.md:2848  EXIST  task-15-review-round3.md does not exist
  RD9_GATE.md:2861  EXIST  task-15-report.md does not exist
  RD9_GATE.md:2861  EXIST  task-15-report.md does not exist
  RD9_GATE.md:2861  EXIST  task-15-report.md does not exist
  RD9_GATE.md:2861  EXIST  task-15-report.md does not exist
  RD9_GATE.md:2861  EXIST  task-15-report.md does not exist
  RD9_GATE.md:2861  EXIST  task-15-report.md does not exist
  RD9_GATE.md:2885  EXIST  o3_cite_drift.py does not exist
  RD9_GATE.md:2886  EXIST  o3_cite_drift.py does not exist
  RD9_GATE.md:2189  NOQUOTE  1 span(s) exempted (proposed encoding / shorthand, not a quotation)
  RD9_GATE.md:2351  NOQUOTE  0 span(s) exempted (proposed encoding / shorthand, not a quotation)
  RD9_GATE.md:2470  NOQUOTE  0 span(s) exempted (proposed encoding / shorthand, not a quotation)
  RD9_GATE.md:2471  NOQUOTE  1 span(s) exempted (proposed encoding / shorthand, not a quotation)
  RD9_GATE.md:2472  NOQUOTE  1 span(s) exempted (proposed encoding / shorthand, not a quotation)
  RD9_GATE.md:2473  NOQUOTE  0 span(s) exempted (proposed encoding / shorthand, not a quotation)
  RD9_GATE.md:2474  NOQUOTE  1 span(s) exempted (proposed encoding / shorthand, not a quotation)
  RD9_GATE.md:2475  NOQUOTE  1 span(s) exempted (proposed encoding / shorthand, not a quotation)
  RD9_GATE.md:2476  NOQUOTE  1 span(s) exempted (proposed encoding / shorthand, not a quotation)
  RD9_GATE.md:2477  NOQUOTE  1 span(s) exempted (proposed encoding / shorthand, not a quotation)
SPEC CITES: FAIL
=== rc: 1
=== end: 2026-09-10T02:04:56-06:00
