=== host: snoke
=== date: 2026-09-10T19:17:23-06:00
=== tree: f7e88b5
=== cmd:  /home/cah/.venv/bin/python -u evidence/qwen9b/g6/g6_kv_rows.py --compare evidence/qwen9b/g6/127_15d_kv_rows_pre.json evidence/qwen9b/g6/128_15d_kv_rows_det_a.json
=== venv: /home/cah/.venv/bin/python (exists)
===       ref/.venv/bin/python (ABSENT)
===       uv: /home/cah/.local/bin/uv (exists)
=== cpu:  nproc=48 OMP_NUM_THREADS=unset MKL_NUM_THREADS=unset
=== env:  FABLE5_MODEL=unset FABLE5_DN_STATE=unset FABLE5_RS_F=unset
===       FABLE5_CALIB_STATS=unset FABLE5_CALIB_MODE=unset
=== ---
=== KV ROW COMPARE
  A evidence/qwen9b/g6/127_15d_kv_rows_pre.json  tag=pre-15d
  B evidence/qwen9b/g6/128_15d_kv_rows_det_a.json  tag=chip-det_a
  region_sha256  DIFFER  A 3049c05df09aea64…  B f1829bfe9c739cb6…
  dn_sha256      DIFFER  A eaa414de679357fc…  B e098f93a84ec90e1…
  L0 kvh0 K row 504: rows same, exp 253 vs 0
  L0 kvh0 K row 505: rows same, exp 252 vs 0
  L0 kvh0 K row 506: rows same, exp 252 vs 0
  L0 kvh0 V row 504: rows same, exp 251 vs 0
  L0 kvh0 V row 505: rows same, exp 252 vs 0
  L0 kvh0 V row 506: rows same, exp 250 vs 0
  L4 kvh0 K row 504: rows same, exp 252 vs 0
  L4 kvh0 K row 505: rows same, exp 252 vs 0
  L4 kvh0 K row 506: rows same, exp 252 vs 0
  L4 kvh0 V row 504: rows same, exp 252 vs 0
  L4 kvh0 V row 505: rows same, exp 252 vs 0
  L4 kvh0 V row 506: rows same, exp 251 vs 0
  L7 kvh0 K row 504: rows same, exp 252 vs 0
  L7 kvh0 K row 505: rows same, exp 252 vs 0
  L7 kvh0 K row 506: rows same, exp 252 vs 0
  L7 kvh0 V row 504: rows same, exp 254 vs 0
  L7 kvh0 V row 505: rows same, exp 254 vs 0
  L7 kvh0 V row 506: rows same, exp 254 vs 0
  KV ROW COMPARE: 18 rows differ, lowest differing row 504
=== rc: 1
=== end: 2026-09-10T19:17:24-06:00
