=== host: snoke
=== date: 2026-09-10T19:30:17-06:00
=== tree: a1fe35f
=== cmd:  /home/cah/.venv/bin/python -u evidence/qwen9b/g6/g6_longctx_lockstep.py --top5 5 --continue --dump-kv 441-446 --chat-json evidence/qwen9b/g6/141_15d_chip_k14.json --chat-log evidence/qwen9b/g6/141_15d_bisect_k14.log --out evidence/qwen9b/g6/147_15d_bisect_ref_N443.json
=== venv: /home/cah/.venv/bin/python (exists)
===       ref/.venv/bin/python (ABSENT)
===       uv: /home/cah/.local/bin/uv (exists)
=== cpu:  nproc=48 OMP_NUM_THREADS=9 MKL_NUM_THREADS=9
=== env:  FABLE5_MODEL=9b FABLE5_DN_STATE=unset FABLE5_RS_F=unset
===       FABLE5_CALIB_STATS=unset FABLE5_CALIB_MODE=unset
=== ---
  amax tap   INSTALLED (--top5 5): GLS.Mach.alu op 10 is wrapped read-only; the reference's own arithmetic is untouched
=== the board run being replayed: evidence/qwen9b/g6/141_15d_chip_k14.json
  argv       --nch 4 --max-ctx 700 --ntok 4 --prompt <2135 chars>
  chip       447 launches, context 446, greedy decode
  chip ids   [760, 20438, 16661, 314]   (4 tok)
=== FABLE5_MODEL=9b  template=tb/scripts/w9/model_9b_s1.e4  nrec=158536  T_MAX=4096
  nch=4      model_9b_s1.e4: 158536 records, body 39622 full / 38854 lite; head image(s) [248] chunk-INTERLEAVED over 4 channels (S4)
  compiler   ref/seq_chat.TurnCompiler(pos_mode='ldc', t_max=4096) on model_9b_s1.e4 -> preamble:39, lite:38858, full:39626  (1.3s)
  blob       8940032 B = 551424 B constants + 4096 positions x 2048 B
  crosscheck agent A vs my own spec slices: 6/6 byte-identical (step images, const region, position pool)
  relocate   324 LDC+EMB records rebased by -0x74000000 / +0x0; images at preamble@0x9000000, lite@0x9000280, full@0x9097f40
  session    built in 2.6s  (pos_mode=ldc, t_max=4096)
  tokenizer  c202236235762e1c871ad0ccb60c8ee5ba337b9a: 247587 merges, self-test reproduces all 4 gen_model_script PROMPTS; stop ids [248044, 248046]
  template   ON (docs/INSTRUCT_SPEC.md; --raw opts out): id-spliced wrapper, 5*messages+7 ids, closed-empty think block, stop [248044, 248046]
  templated  443 ids (12 wrapper + 431 body); feed 443; steps 446 = 442 prefill (lite) + 4 decode (full); auto-reset False
  verifier   built in 0.8s; region PRESENT {'dn': 15032385536, 'kv': 15057551360, 'cv': 15191769088, 'end': 15194914816}
  preamble   replayed in 0.0s
------------------------------------------------------------------------
  replaying 446 of 446 steps; 442 prefill then 4 decode.  A prefill step's verdict is that BOTH sides emit no token (the lite body has no LM head); the decode steps are the token-for-token comparison.
------------------------------------------------------------------------
  step   0 lite tok=248045  pos=0   ref -> no token  chip -> no token  ==   [118.3s  eta 14.6h]   
  step   1 lite tok=846     pos=1   ref -> no token  chip -> no token  ==   [120.1s  eta 14.7h]   
  step   2 lite tok=198     pos=2   ref -> no token  chip -> no token  ==   [120.4s  eta 14.7h]   
  step   3 lite tok=8917    pos=3   ref -> no token  chip -> no token  ==   [120.5s  eta 14.7h]   
  step   4 lite tok=5437    pos=4   ref -> no token  chip -> no token  ==   [120.6s  eta 14.7h]   
  step   5 lite tok=1029    pos=5   ref -> no token  chip -> no token  ==   [121.1s  eta 14.7h]   
  step   6 lite tok=279     pos=6   ref -> no token  chip -> no token  ==   [120.4s  eta 14.7h]   
  step   7 lite tok=2614    pos=7   ref -> no token  chip -> no token  ==   [119.3s  eta 14.6h]   
  step   8 lite tok=20438   pos=8   ref -> no token  chip -> no token  ==   [119.6s  eta 14.6h]   
  step   9 lite tok=303     pos=9   ref -> no token  chip -> no token  ==   [119.7s  eta 14.5h]   
  step  10 lite tok=799     pos=10  ref -> no token  chip -> no token  ==   [119.7s  eta 14.5h]   
  step  11 lite tok=11316   pos=11  ref -> no token  chip -> no token  ==   [119.8s  eta 14.5h]   
  step  12 lite tok=13      pos=12  ref -> no token  chip -> no token  ==   [119.7s  eta 14.4h]   
  step  13 lite tok=561     pos=13  ref -> no token  chip -> no token  ==   [119.9s  eta 14.4h]   
  step  14 lite tok=3177    pos=14  ref -> no token  chip -> no token  ==   [119.8s  eta 14.4h]   
  step  15 lite tok=314     pos=15  ref -> no token  chip -> no token  ==   [120.0s  eta 14.3h]   
  step  16 lite tok=11751   pos=16  ref -> no token  chip -> no token  ==   [119.9s  eta 14.3h]   
  step  17 lite tok=13538   pos=17  ref -> no token  chip -> no token  ==   [119.9s  eta 14.3h]   
  step  18 lite tok=494     pos=18  ref -> no token  chip -> no token  ==   [122.0s  eta 14.2h]   
  step  19 lite tok=264     pos=19  ref -> no token  chip -> no token  ==   [120.8s  eta 14.2h]   
  step  20 lite tok=16576   pos=20  ref -> no token  chip -> no token  ==   [120.9s  eta 14.2h]   
  step  21 lite tok=383     pos=21  ref -> no token  chip -> no token  ==   [120.8s  eta 14.2h]   
  step  22 lite tok=449     pos=22  ref -> no token  chip -> no token  ==   [120.8s  eta 14.1h]   
  step  23 lite tok=12552   pos=23  ref -> no token  chip -> no token  ==   [120.8s  eta 14.1h]   
  step  24 lite tok=303     pos=24  ref -> no token  chip -> no token  ==   [120.9s  eta 14.1h]   
  step  25 lite tok=279     pos=25  ref -> no token  chip -> no token  ==   [120.9s  eta 14.0h]   
  step  26 lite tok=181474  pos=26  ref -> no token  chip -> no token  ==   [121.4s  eta 14.0h]   
  step  27 lite tok=11      pos=27  ref -> no token  chip -> no token  ==   [120.8s  eta 14.0h]   
  step  28 lite tok=321     pos=28  ref -> no token  chip -> no token  ==   [120.6s  eta 13.9h]   
  step  29 lite tok=1141    pos=29  ref -> no token  chip -> no token  ==   [120.2s  eta 13.9h]   
  step  30 lite tok=13959   pos=30  ref -> no token  chip -> no token  ==   [119.9s  eta 13.9h]   
  step  31 lite tok=11      pos=31  ref -> no token  chip -> no token  ==   [119.8s  eta 13.8h]   
  step  32 lite tok=37683   pos=32  ref -> no token  chip -> no token  ==   [119.9s  eta 13.8h]   
  step  33 lite tok=321     pos=33  ref -> no token  chip -> no token  ==   [120.0s  eta 13.8h]   
  step  34 lite tok=11388   pos=34  ref -> no token  chip -> no token  ==   [120.0s  eta 13.7h]   
  step  35 lite tok=998     pos=35  ref -> no token  chip -> no token  ==   [120.7s  eta 13.7h]   
  step  36 lite tok=57571   pos=36  ref -> no token  chip -> no token  ==   [121.0s  eta 13.7h]   
  step  37 lite tok=1599    pos=37  ref -> no token  chip -> no token  ==   [119.9s  eta 13.6h]   
  step  38 lite tok=2942    pos=38  ref -> no token  chip -> no token  ==   [119.7s  eta 13.6h]   
  step  39 lite tok=888     pos=39  ref -> no token  chip -> no token  ==   [120.4s  eta 13.6h]   
  step  40 lite tok=279     pos=40  ref -> no token  chip -> no token  ==   [121.1s  eta 13.5h]   
  step  41 lite tok=22892   pos=41  ref -> no token  chip -> no token  ==   [120.8s  eta 13.5h]   
  step  42 lite tok=13      pos=42  ref -> no token  chip -> no token  ==   [120.0s  eta 13.5h]   
  step  43 lite tok=561     pos=43  ref -> no token  chip -> no token  ==   [120.0s  eta 13.4h]   
  step  44 lite tok=3177    pos=44  ref -> no token  chip -> no token  ==   [120.1s  eta 13.4h]   
  step  45 lite tok=314     pos=45  ref -> no token  chip -> no token  ==   [119.8s  eta 13.4h]   
  step  46 lite tok=11751   pos=46  ref -> no token  chip -> no token  ==   [119.5s  eta 13.3h]   
  step  47 lite tok=13538   pos=47  ref -> no token  chip -> no token  ==   [119.7s  eta 13.3h]   
  step  48 lite tok=494     pos=48  ref -> no token  chip -> no token  ==   [119.6s  eta 13.3h]   
  step  49 lite tok=264     pos=49  ref -> no token  chip -> no token  ==   [119.9s  eta 13.2h]   
  step  50 lite tok=16576   pos=50  ref -> no token  chip -> no token  ==   [120.0s  eta 13.2h]   
  step  51 lite tok=383     pos=51  ref -> no token  chip -> no token  ==   [120.1s  eta 13.2h]   
  step  52 lite tok=449     pos=52  ref -> no token  chip -> no token  ==   [120.1s  eta 13.1h]   
  step  53 lite tok=12552   pos=53  ref -> no token  chip -> no token  ==   [120.6s  eta 13.1h]   
  step  54 lite tok=303     pos=54  ref -> no token  chip -> no token  ==   [121.1s  eta 13.1h]   
  step  55 lite tok=279     pos=55  ref -> no token  chip -> no token  ==   [121.2s  eta 13.0h]   
  step  56 lite tok=181474  pos=56  ref -> no token  chip -> no token  ==   [121.1s  eta 13.0h]   
  step  57 lite tok=11      pos=57  ref -> no token  chip -> no token  ==   [120.6s  eta 13.0h]   
  step  58 lite tok=321     pos=58  ref -> no token  chip -> no token  ==   [120.5s  eta 12.9h]   
  step  59 lite tok=1141    pos=59  ref -> no token  chip -> no token  ==   [121.0s  eta 12.9h]   
  step  60 lite tok=13959   pos=60  ref -> no token  chip -> no token  ==   [120.7s  eta 12.9h]   
  step  61 lite tok=11      pos=61  ref -> no token  chip -> no token  ==   [120.3s  eta 12.8h]   
  step  62 lite tok=37683   pos=62  ref -> no token  chip -> no token  ==   [120.2s  eta 12.8h]   
  step  63 lite tok=321     pos=63  ref -> no token  chip -> no token  ==   [120.5s  eta 12.8h]   
  step  64 lite tok=11388   pos=64  ref -> no token  chip -> no token  ==   [121.7s  eta 12.7h]   
  step  65 lite tok=998     pos=65  ref -> no token  chip -> no token  ==   [121.7s  eta 12.7h]   
  step  66 lite tok=57571   pos=66  ref -> no token  chip -> no token  ==   [121.5s  eta 12.7h]   
  step  67 lite tok=1599    pos=67  ref -> no token  chip -> no token  ==   [120.0s  eta 12.6h]   
  step  68 lite tok=2942    pos=68  ref -> no token  chip -> no token  ==   [120.1s  eta 12.6h]   
  step  69 lite tok=888     pos=69  ref -> no token  chip -> no token  ==   [120.5s  eta 12.6h]   
  step  70 lite tok=279     pos=70  ref -> no token  chip -> no token  ==   [120.5s  eta 12.5h]   
  step  71 lite tok=22892   pos=71  ref -> no token  chip -> no token  ==   [120.6s  eta 12.5h]   
  step  72 lite tok=13      pos=72  ref -> no token  chip -> no token  ==   [120.7s  eta 12.5h]   
  step  73 lite tok=561     pos=73  ref -> no token  chip -> no token  ==   [120.8s  eta 12.4h]   
  step  74 lite tok=3177    pos=74  ref -> no token  chip -> no token  ==   [120.5s  eta 12.4h]   
  step  75 lite tok=314     pos=75  ref -> no token  chip -> no token  ==   [120.7s  eta 12.4h]   
  step  76 lite tok=11751   pos=76  ref -> no token  chip -> no token  ==   [120.5s  eta 12.3h]   
  step  77 lite tok=13538   pos=77  ref -> no token  chip -> no token  ==   [120.6s  eta 12.3h]   
  step  78 lite tok=494     pos=78  ref -> no token  chip -> no token  ==   [120.6s  eta 12.3h]   
  step  79 lite tok=264     pos=79  ref -> no token  chip -> no token  ==   [120.7s  eta 12.2h]   
  step  80 lite tok=16576   pos=80  ref -> no token  chip -> no token  ==   [120.6s  eta 12.2h]   
  step  81 lite tok=383     pos=81  ref -> no token  chip -> no token  ==   [120.5s  eta 12.2h]   
  step  82 lite tok=449     pos=82  ref -> no token  chip -> no token  ==   [120.5s  eta 12.1h]   
  step  83 lite tok=12552   pos=83  ref -> no token  chip -> no token  ==   [120.9s  eta 12.1h]   
  step  84 lite tok=303     pos=84  ref -> no token  chip -> no token  ==   [121.0s  eta 12.1h]   
  step  85 lite tok=279     pos=85  ref -> no token  chip -> no token  ==   [120.9s  eta 12.0h]   
  step  86 lite tok=181474  pos=86  ref -> no token  chip -> no token  ==   [121.2s  eta 12.0h]   
  step  87 lite tok=11      pos=87  ref -> no token  chip -> no token  ==   [121.0s  eta 12.0h]   
  step  88 lite tok=321     pos=88  ref -> no token  chip -> no token  ==   [120.5s  eta 11.9h]   
  step  89 lite tok=1141    pos=89  ref -> no token  chip -> no token  ==   [120.5s  eta 11.9h]   
  step  90 lite tok=13959   pos=90  ref -> no token  chip -> no token  ==   [120.6s  eta 11.9h]   
  step  91 lite tok=11      pos=91  ref -> no token  chip -> no token  ==   [120.4s  eta 11.8h]   
  step  92 lite tok=37683   pos=92  ref -> no token  chip -> no token  ==   [120.2s  eta 11.8h]   
  step  93 lite tok=321     pos=93  ref -> no token  chip -> no token  ==   [120.8s  eta 11.8h]   
  step  94 lite tok=11388   pos=94  ref -> no token  chip -> no token  ==   [121.8s  eta 11.7h]   
  step  95 lite tok=998     pos=95  ref -> no token  chip -> no token  ==   [121.7s  eta 11.7h]   
  step  96 lite tok=57571   pos=96  ref -> no token  chip -> no token  ==   [121.8s  eta 11.7h]   
  step  97 lite tok=1599    pos=97  ref -> no token  chip -> no token  ==   [121.6s  eta 11.6h]   
  step  98 lite tok=2942    pos=98  ref -> no token  chip -> no token  ==   [121.3s  eta 11.6h]   
  step  99 lite tok=888     pos=99  ref -> no token  chip -> no token  ==   [121.6s  eta 11.6h]   
  step 100 lite tok=279     pos=100 ref -> no token  chip -> no token  ==   [120.8s  eta 11.5h]   
  step 101 lite tok=22892   pos=101 ref -> no token  chip -> no token  ==   [120.6s  eta 11.5h]   
  step 102 lite tok=13      pos=102 ref -> no token  chip -> no token  ==   [121.3s  eta 11.5h]   
  step 103 lite tok=561     pos=103 ref -> no token  chip -> no token  ==   [121.4s  eta 11.5h]   
  step 104 lite tok=3177    pos=104 ref -> no token  chip -> no token  ==   [120.7s  eta 11.4h]   
  step 105 lite tok=314     pos=105 ref -> no token  chip -> no token  ==   [122.2s  eta 11.4h]   
  step 106 lite tok=11751   pos=106 ref -> no token  chip -> no token  ==   [121.8s  eta 11.4h]   
  step 107 lite tok=13538   pos=107 ref -> no token  chip -> no token  ==   [121.7s  eta 11.3h]   
  step 108 lite tok=494     pos=108 ref -> no token  chip -> no token  ==   [121.6s  eta 11.3h]   
  step 109 lite tok=264     pos=109 ref -> no token  chip -> no token  ==   [121.0s  eta 11.3h]   
  step 110 lite tok=16576   pos=110 ref -> no token  chip -> no token  ==   [120.3s  eta 11.2h]   
  step 111 lite tok=383     pos=111 ref -> no token  chip -> no token  ==   [121.5s  eta 11.2h]   
  step 112 lite tok=449     pos=112 ref -> no token  chip -> no token  ==   [121.9s  eta 11.2h]   
  step 113 lite tok=12552   pos=113 ref -> no token  chip -> no token  ==   [121.8s  eta 11.1h]   
  step 114 lite tok=303     pos=114 ref -> no token  chip -> no token  ==   [121.6s  eta 11.1h]   
  step 115 lite tok=279     pos=115 ref -> no token  chip -> no token  ==   [122.0s  eta 11.1h]   
  step 116 lite tok=181474  pos=116 ref -> no token  chip -> no token  ==   [121.7s  eta 11.0h]   
  step 117 lite tok=11      pos=117 ref -> no token  chip -> no token  ==   [120.9s  eta 11.0h]   
  step 118 lite tok=321     pos=118 ref -> no token  chip -> no token  ==   [120.4s  eta 11.0h]   
  step 119 lite tok=1141    pos=119 ref -> no token  chip -> no token  ==   [120.6s  eta 10.9h]   
  step 120 lite tok=13959   pos=120 ref -> no token  chip -> no token  ==   [120.7s  eta 10.9h]   
  step 121 lite tok=11      pos=121 ref -> no token  chip -> no token  ==   [121.4s  eta 10.9h]   
  step 122 lite tok=37683   pos=122 ref -> no token  chip -> no token  ==   [120.9s  eta 10.8h]   
  step 123 lite tok=321     pos=123 ref -> no token  chip -> no token  ==   [119.9s  eta 10.8h]   
  step 124 lite tok=11388   pos=124 ref -> no token  chip -> no token  ==   [119.9s  eta 10.8h]   
  step 125 lite tok=998     pos=125 ref -> no token  chip -> no token  ==   [119.8s  eta 10.7h]   
  step 126 lite tok=57571   pos=126 ref -> no token  chip -> no token  ==   [119.8s  eta 10.7h]   
  step 127 lite tok=1599    pos=127 ref -> no token  chip -> no token  ==   [119.9s  eta 10.7h]   
  step 128 lite tok=2942    pos=128 ref -> no token  chip -> no token  ==   [120.0s  eta 10.6h]   
  step 129 lite tok=888     pos=129 ref -> no token  chip -> no token  ==   [120.6s  eta 10.6h]   
  step 130 lite tok=279     pos=130 ref -> no token  chip -> no token  ==   [120.3s  eta 10.6h]   
  step 131 lite tok=22892   pos=131 ref -> no token  chip -> no token  ==   [120.1s  eta 10.5h]   
  step 132 lite tok=13      pos=132 ref -> no token  chip -> no token  ==   [119.9s  eta 10.5h]   
  step 133 lite tok=561     pos=133 ref -> no token  chip -> no token  ==   [120.0s  eta 10.5h]   
  step 134 lite tok=3177    pos=134 ref -> no token  chip -> no token  ==   [119.8s  eta 10.4h]   
  step 135 lite tok=314     pos=135 ref -> no token  chip -> no token  ==   [119.9s  eta 10.4h]   
  step 136 lite tok=11751   pos=136 ref -> no token  chip -> no token  ==   [119.9s  eta 10.3h]   
  step 137 lite tok=13538   pos=137 ref -> no token  chip -> no token  ==   [119.8s  eta 10.3h]   
  step 138 lite tok=494     pos=138 ref -> no token  chip -> no token  ==   [119.9s  eta 10.3h]   
  step 139 lite tok=264     pos=139 ref -> no token  chip -> no token  ==   [119.9s  eta 10.2h]   
  step 140 lite tok=16576   pos=140 ref -> no token  chip -> no token  ==   [119.9s  eta 10.2h]   
  step 141 lite tok=383     pos=141 ref -> no token  chip -> no token  ==   [119.9s  eta 10.2h]   
  step 142 lite tok=449     pos=142 ref -> no token  chip -> no token  ==   [120.4s  eta 10.1h]   
  step 143 lite tok=12552   pos=143 ref -> no token  chip -> no token  ==   [120.8s  eta 10.1h]   
  step 144 lite tok=303     pos=144 ref -> no token  chip -> no token  ==   [120.5s  eta 10.1h]   
  step 145 lite tok=279     pos=145 ref -> no token  chip -> no token  ==   [119.7s  eta 10.0h]   
  step 146 lite tok=181474  pos=146 ref -> no token  chip -> no token  ==   [119.7s  eta 10.0h]   
  step 147 lite tok=11      pos=147 ref -> no token  chip -> no token  ==   [120.5s  eta 10.0h]   
  step 148 lite tok=321     pos=148 ref -> no token  chip -> no token  ==   [120.7s  eta  9.9h]   
  step 149 lite tok=1141    pos=149 ref -> no token  chip -> no token  ==   [120.8s  eta  9.9h]   
  step 150 lite tok=13959   pos=150 ref -> no token  chip -> no token  ==   [120.7s  eta  9.9h]   
  step 151 lite tok=11      pos=151 ref -> no token  chip -> no token  ==   [120.7s  eta  9.8h]   
  step 152 lite tok=37683   pos=152 ref -> no token  chip -> no token  ==   [120.8s  eta  9.8h]   
  step 153 lite tok=321     pos=153 ref -> no token  chip -> no token  ==   [120.8s  eta  9.8h]   
  step 154 lite tok=11388   pos=154 ref -> no token  chip -> no token  ==   [120.7s  eta  9.7h]   
  step 155 lite tok=998     pos=155 ref -> no token  chip -> no token  ==   [120.8s  eta  9.7h]   
  step 156 lite tok=57571   pos=156 ref -> no token  chip -> no token  ==   [120.4s  eta  9.7h]   
  step 157 lite tok=1599    pos=157 ref -> no token  chip -> no token  ==   [119.7s  eta  9.6h]   
  step 158 lite tok=2942    pos=158 ref -> no token  chip -> no token  ==   [120.0s  eta  9.6h]   
  step 159 lite tok=888     pos=159 ref -> no token  chip -> no token  ==   [120.9s  eta  9.6h]   
  step 160 lite tok=279     pos=160 ref -> no token  chip -> no token  ==   [120.4s  eta  9.5h]   
  step 161 lite tok=22892   pos=161 ref -> no token  chip -> no token  ==   [121.0s  eta  9.5h]   
  step 162 lite tok=13      pos=162 ref -> no token  chip -> no token  ==   [121.0s  eta  9.5h]   
  step 163 lite tok=561     pos=163 ref -> no token  chip -> no token  ==   [121.1s  eta  9.4h]   
  step 164 lite tok=3177    pos=164 ref -> no token  chip -> no token  ==   [121.1s  eta  9.4h]   
  step 165 lite tok=314     pos=165 ref -> no token  chip -> no token  ==   [121.1s  eta  9.4h]   
  step 166 lite tok=11751   pos=166 ref -> no token  chip -> no token  ==   [121.0s  eta  9.3h]   
  step 167 lite tok=13538   pos=167 ref -> no token  chip -> no token  ==   [121.2s  eta  9.3h]   
  step 168 lite tok=494     pos=168 ref -> no token  chip -> no token  ==   [121.1s  eta  9.3h]   
  step 169 lite tok=264     pos=169 ref -> no token  chip -> no token  ==   [121.1s  eta  9.2h]   
  step 170 lite tok=16576   pos=170 ref -> no token  chip -> no token  ==   [121.1s  eta  9.2h]   
  step 171 lite tok=383     pos=171 ref -> no token  chip -> no token  ==   [121.0s  eta  9.2h]   
  step 172 lite tok=449     pos=172 ref -> no token  chip -> no token  ==   [121.3s  eta  9.1h]   
  step 173 lite tok=12552   pos=173 ref -> no token  chip -> no token  ==   [121.2s  eta  9.1h]   
  step 174 lite tok=303     pos=174 ref -> no token  chip -> no token  ==   [121.2s  eta  9.1h]   
  step 175 lite tok=279     pos=175 ref -> no token  chip -> no token  ==   [121.2s  eta  9.0h]   
  step 176 lite tok=181474  pos=176 ref -> no token  chip -> no token  ==   [121.3s  eta  9.0h]   
  step 177 lite tok=11      pos=177 ref -> no token  chip -> no token  ==   [121.4s  eta  9.0h]   
  step 178 lite tok=321     pos=178 ref -> no token  chip -> no token  ==   [121.3s  eta  8.9h]   
  step 179 lite tok=1141    pos=179 ref -> no token  chip -> no token  ==   [121.4s  eta  8.9h]   
  step 180 lite tok=13959   pos=180 ref -> no token  chip -> no token  ==   [121.4s  eta  8.9h]   
  step 181 lite tok=11      pos=181 ref -> no token  chip -> no token  ==   [121.3s  eta  8.8h]   
  step 182 lite tok=37683   pos=182 ref -> no token  chip -> no token  ==   [121.0s  eta  8.8h]   
  step 183 lite tok=321     pos=183 ref -> no token  chip -> no token  ==   [121.0s  eta  8.8h]   
  step 184 lite tok=11388   pos=184 ref -> no token  chip -> no token  ==   [121.1s  eta  8.7h]   
  step 185 lite tok=998     pos=185 ref -> no token  chip -> no token  ==   [121.2s  eta  8.7h]   
  step 186 lite tok=57571   pos=186 ref -> no token  chip -> no token  ==   [121.1s  eta  8.7h]   
  step 187 lite tok=1599    pos=187 ref -> no token  chip -> no token  ==   [121.2s  eta  8.6h]   
  step 188 lite tok=2942    pos=188 ref -> no token  chip -> no token  ==   [121.1s  eta  8.6h]   
  step 189 lite tok=888     pos=189 ref -> no token  chip -> no token  ==   [121.2s  eta  8.6h]   
  step 190 lite tok=279     pos=190 ref -> no token  chip -> no token  ==   [121.2s  eta  8.5h]   
  step 191 lite tok=22892   pos=191 ref -> no token  chip -> no token  ==   [121.2s  eta  8.5h]   
  step 192 lite tok=13      pos=192 ref -> no token  chip -> no token  ==   [121.2s  eta  8.5h]   
  step 193 lite tok=561     pos=193 ref -> no token  chip -> no token  ==   [121.2s  eta  8.4h]   
  step 194 lite tok=3177    pos=194 ref -> no token  chip -> no token  ==   [121.3s  eta  8.4h]   
  step 195 lite tok=314     pos=195 ref -> no token  chip -> no token  ==   [121.2s  eta  8.4h]   
  step 196 lite tok=11751   pos=196 ref -> no token  chip -> no token  ==   [121.4s  eta  8.3h]   
  step 197 lite tok=13538   pos=197 ref -> no token  chip -> no token  ==   [121.3s  eta  8.3h]   
  step 198 lite tok=494     pos=198 ref -> no token  chip -> no token  ==   [121.1s  eta  8.3h]   
  step 199 lite tok=264     pos=199 ref -> no token  chip -> no token  ==   [121.2s  eta  8.2h]   
  step 200 lite tok=16576   pos=200 ref -> no token  chip -> no token  ==   [121.3s  eta  8.2h]   
  step 201 lite tok=383     pos=201 ref -> no token  chip -> no token  ==   [121.0s  eta  8.2h]   
  step 202 lite tok=449     pos=202 ref -> no token  chip -> no token  ==   [121.0s  eta  8.1h]   
  step 203 lite tok=12552   pos=203 ref -> no token  chip -> no token  ==   [121.3s  eta  8.1h]   
  step 204 lite tok=303     pos=204 ref -> no token  chip -> no token  ==   [121.0s  eta  8.1h]   
  step 205 lite tok=279     pos=205 ref -> no token  chip -> no token  ==   [120.7s  eta  8.0h]   
  step 206 lite tok=181474  pos=206 ref -> no token  chip -> no token  ==   [120.1s  eta  8.0h]   
  step 207 lite tok=11      pos=207 ref -> no token  chip -> no token  ==   [120.1s  eta  8.0h]   
  step 208 lite tok=321     pos=208 ref -> no token  chip -> no token  ==   [120.0s  eta  7.9h]   
  step 209 lite tok=1141    pos=209 ref -> no token  chip -> no token  ==   [119.9s  eta  7.9h]   
  step 210 lite tok=13959   pos=210 ref -> no token  chip -> no token  ==   [120.0s  eta  7.9h]   
  step 211 lite tok=11      pos=211 ref -> no token  chip -> no token  ==   [120.9s  eta  7.8h]   
  step 212 lite tok=37683   pos=212 ref -> no token  chip -> no token  ==   [120.4s  eta  7.8h]   
  step 213 lite tok=321     pos=213 ref -> no token  chip -> no token  ==   [120.7s  eta  7.8h]   
  step 214 lite tok=11388   pos=214 ref -> no token  chip -> no token  ==   [119.9s  eta  7.7h]   
  step 215 lite tok=998     pos=215 ref -> no token  chip -> no token  ==   [119.9s  eta  7.7h]   
  step 216 lite tok=57571   pos=216 ref -> no token  chip -> no token  ==   [120.0s  eta  7.7h]   
  step 217 lite tok=1599    pos=217 ref -> no token  chip -> no token  ==   [120.0s  eta  7.6h]   
  step 218 lite tok=2942    pos=218 ref -> no token  chip -> no token  ==   [120.0s  eta  7.6h]   
  step 219 lite tok=888     pos=219 ref -> no token  chip -> no token  ==   [120.0s  eta  7.6h]   
  step 220 lite tok=279     pos=220 ref -> no token  chip -> no token  ==   [120.7s  eta  7.5h]   
  step 221 lite tok=22892   pos=221 ref -> no token  chip -> no token  ==   [121.1s  eta  7.5h]   
  step 222 lite tok=13      pos=222 ref -> no token  chip -> no token  ==   [121.1s  eta  7.5h]   
  step 223 lite tok=561     pos=223 ref -> no token  chip -> no token  ==   [121.0s  eta  7.4h]   
  step 224 lite tok=3177    pos=224 ref -> no token  chip -> no token  ==   [120.3s  eta  7.4h]   
  step 225 lite tok=314     pos=225 ref -> no token  chip -> no token  ==   [120.2s  eta  7.4h]   
  step 226 lite tok=11751   pos=226 ref -> no token  chip -> no token  ==   [120.1s  eta  7.3h]   
  step 227 lite tok=13538   pos=227 ref -> no token  chip -> no token  ==   [120.2s  eta  7.3h]   
  step 228 lite tok=494     pos=228 ref -> no token  chip -> no token  ==   [120.4s  eta  7.3h]   
  step 229 lite tok=264     pos=229 ref -> no token  chip -> no token  ==   [120.2s  eta  7.2h]   
  step 230 lite tok=16576   pos=230 ref -> no token  chip -> no token  ==   [121.0s  eta  7.2h]   
  step 231 lite tok=383     pos=231 ref -> no token  chip -> no token  ==   [121.1s  eta  7.2h]   
  step 232 lite tok=449     pos=232 ref -> no token  chip -> no token  ==   [120.9s  eta  7.1h]   
  step 233 lite tok=12552   pos=233 ref -> no token  chip -> no token  ==   [121.2s  eta  7.1h]   
  step 234 lite tok=303     pos=234 ref -> no token  chip -> no token  ==   [121.3s  eta  7.1h]   
  step 235 lite tok=279     pos=235 ref -> no token  chip -> no token  ==   [121.1s  eta  7.0h]   
  step 236 lite tok=181474  pos=236 ref -> no token  chip -> no token  ==   [120.2s  eta  7.0h]   
  step 237 lite tok=11      pos=237 ref -> no token  chip -> no token  ==   [120.3s  eta  7.0h]   
  step 238 lite tok=321     pos=238 ref -> no token  chip -> no token  ==   [120.4s  eta  6.9h]   
  step 239 lite tok=1141    pos=239 ref -> no token  chip -> no token  ==   [120.3s  eta  6.9h]   
  step 240 lite tok=13959   pos=240 ref -> no token  chip -> no token  ==   [120.3s  eta  6.9h]   
  step 241 lite tok=11      pos=241 ref -> no token  chip -> no token  ==   [120.2s  eta  6.8h]   
  step 242 lite tok=37683   pos=242 ref -> no token  chip -> no token  ==   [120.2s  eta  6.8h]   
  step 243 lite tok=321     pos=243 ref -> no token  chip -> no token  ==   [120.2s  eta  6.8h]   
  step 244 lite tok=11388   pos=244 ref -> no token  chip -> no token  ==   [120.2s  eta  6.7h]   
  step 245 lite tok=998     pos=245 ref -> no token  chip -> no token  ==   [121.0s  eta  6.7h]   
  step 246 lite tok=57571   pos=246 ref -> no token  chip -> no token  ==   [121.1s  eta  6.7h]   
  step 247 lite tok=1599    pos=247 ref -> no token  chip -> no token  ==   [120.9s  eta  6.6h]   
  step 248 lite tok=2942    pos=248 ref -> no token  chip -> no token  ==   [121.1s  eta  6.6h]   
  step 249 lite tok=888     pos=249 ref -> no token  chip -> no token  ==   [120.6s  eta  6.6h]   
  step 250 lite tok=279     pos=250 ref -> no token  chip -> no token  ==   [121.0s  eta  6.5h]   
  step 251 lite tok=22892   pos=251 ref -> no token  chip -> no token  ==   [121.3s  eta  6.5h]   
  step 252 lite tok=13      pos=252 ref -> no token  chip -> no token  ==   [121.0s  eta  6.5h]   
  step 253 lite tok=561     pos=253 ref -> no token  chip -> no token  ==   [121.3s  eta  6.4h]   
  step 254 lite tok=3177    pos=254 ref -> no token  chip -> no token  ==   [121.3s  eta  6.4h]   
  step 255 lite tok=314     pos=255 ref -> no token  chip -> no token  ==   [121.2s  eta  6.4h]   
  step 256 lite tok=11751   pos=256 ref -> no token  chip -> no token  ==   [121.2s  eta  6.3h]   
  step 257 lite tok=13538   pos=257 ref -> no token  chip -> no token  ==   [121.1s  eta  6.3h]   
  step 258 lite tok=494     pos=258 ref -> no token  chip -> no token  ==   [120.4s  eta  6.3h]   
  step 259 lite tok=264     pos=259 ref -> no token  chip -> no token  ==   [120.5s  eta  6.2h]   
  step 260 lite tok=16576   pos=260 ref -> no token  chip -> no token  ==   [120.3s  eta  6.2h]   
  step 261 lite tok=383     pos=261 ref -> no token  chip -> no token  ==   [120.3s  eta  6.2h]   
  step 262 lite tok=449     pos=262 ref -> no token  chip -> no token  ==   [121.0s  eta  6.1h]   
  step 263 lite tok=12552   pos=263 ref -> no token  chip -> no token  ==   [121.2s  eta  6.1h]   
  step 264 lite tok=303     pos=264 ref -> no token  chip -> no token  ==   [120.2s  eta  6.1h]   
  step 265 lite tok=279     pos=265 ref -> no token  chip -> no token  ==   [120.4s  eta  6.0h]   
  step 266 lite tok=181474  pos=266 ref -> no token  chip -> no token  ==   [121.2s  eta  6.0h]   
  step 267 lite tok=11      pos=267 ref -> no token  chip -> no token  ==   [121.2s  eta  6.0h]   
  step 268 lite tok=321     pos=268 ref -> no token  chip -> no token  ==   [121.1s  eta  5.9h]   
  step 269 lite tok=1141    pos=269 ref -> no token  chip -> no token  ==   [121.4s  eta  5.9h]   
  step 270 lite tok=13959   pos=270 ref -> no token  chip -> no token  ==   [121.1s  eta  5.9h]   
  step 271 lite tok=11      pos=271 ref -> no token  chip -> no token  ==   [121.3s  eta  5.8h]   
  step 272 lite tok=37683   pos=272 ref -> no token  chip -> no token  ==   [121.4s  eta  5.8h]   
  step 273 lite tok=321     pos=273 ref -> no token  chip -> no token  ==   [121.1s  eta  5.8h]   
  step 274 lite tok=11388   pos=274 ref -> no token  chip -> no token  ==   [120.5s  eta  5.7h]   
  step 275 lite tok=998     pos=275 ref -> no token  chip -> no token  ==   [120.5s  eta  5.7h]   
  step 276 lite tok=57571   pos=276 ref -> no token  chip -> no token  ==   [121.4s  eta  5.7h]   
  step 277 lite tok=1599    pos=277 ref -> no token  chip -> no token  ==   [121.5s  eta  5.6h]   
  step 278 lite tok=2942    pos=278 ref -> no token  chip -> no token  ==   [121.5s  eta  5.6h]   
  step 279 lite tok=888     pos=279 ref -> no token  chip -> no token  ==   [121.6s  eta  5.6h]   
  step 280 lite tok=279     pos=280 ref -> no token  chip -> no token  ==   [121.5s  eta  5.5h]   
  step 281 lite tok=22892   pos=281 ref -> no token  chip -> no token  ==   [121.5s  eta  5.5h]   
  step 282 lite tok=13      pos=282 ref -> no token  chip -> no token  ==   [121.5s  eta  5.5h]   
  step 283 lite tok=561     pos=283 ref -> no token  chip -> no token  ==   [121.6s  eta  5.4h]   
  step 284 lite tok=3177    pos=284 ref -> no token  chip -> no token  ==   [121.4s  eta  5.4h]   
  step 285 lite tok=314     pos=285 ref -> no token  chip -> no token  ==   [121.8s  eta  5.4h]   
  step 286 lite tok=11751   pos=286 ref -> no token  chip -> no token  ==   [121.9s  eta  5.3h]   
  step 287 lite tok=13538   pos=287 ref -> no token  chip -> no token  ==   [122.0s  eta  5.3h]   
  step 288 lite tok=494     pos=288 ref -> no token  chip -> no token  ==   [122.1s  eta  5.3h]   
  step 289 lite tok=264     pos=289 ref -> no token  chip -> no token  ==   [121.7s  eta  5.2h]   
  step 290 lite tok=16576   pos=290 ref -> no token  chip -> no token  ==   [121.6s  eta  5.2h]   
  step 291 lite tok=383     pos=291 ref -> no token  chip -> no token  ==   [121.5s  eta  5.2h]   
  step 292 lite tok=449     pos=292 ref -> no token  chip -> no token  ==   [121.5s  eta  5.1h]   
  step 293 lite tok=12552   pos=293 ref -> no token  chip -> no token  ==   [121.5s  eta  5.1h]   
  step 294 lite tok=303     pos=294 ref -> no token  chip -> no token  ==   [121.3s  eta  5.1h]   
  step 295 lite tok=279     pos=295 ref -> no token  chip -> no token  ==   [121.3s  eta  5.0h]   
  step 296 lite tok=181474  pos=296 ref -> no token  chip -> no token  ==   [121.3s  eta  5.0h]   
  step 297 lite tok=11      pos=297 ref -> no token  chip -> no token  ==   [122.3s  eta  5.0h]   
  step 298 lite tok=321     pos=298 ref -> no token  chip -> no token  ==   [121.5s  eta  4.9h]   
  step 299 lite tok=1141    pos=299 ref -> no token  chip -> no token  ==   [121.6s  eta  4.9h]   
  step 300 lite tok=13959   pos=300 ref -> no token  chip -> no token  ==   [121.4s  eta  4.9h]   
  step 301 lite tok=11      pos=301 ref -> no token  chip -> no token  ==   [122.0s  eta  4.8h]   
  step 302 lite tok=37683   pos=302 ref -> no token  chip -> no token  ==   [122.0s  eta  4.8h]   
  step 303 lite tok=321     pos=303 ref -> no token  chip -> no token  ==   [122.3s  eta  4.8h]   
  step 304 lite tok=11388   pos=304 ref -> no token  chip -> no token  ==   [122.2s  eta  4.7h]   
  step 305 lite tok=998     pos=305 ref -> no token  chip -> no token  ==   [121.5s  eta  4.7h]   
  step 306 lite tok=57571   pos=306 ref -> no token  chip -> no token  ==   [121.0s  eta  4.7h]   
  step 307 lite tok=1599    pos=307 ref -> no token  chip -> no token  ==   [120.7s  eta  4.6h]   
  step 308 lite tok=2942    pos=308 ref -> no token  chip -> no token  ==   [121.2s  eta  4.6h]   
  step 309 lite tok=888     pos=309 ref -> no token  chip -> no token  ==   [121.4s  eta  4.6h]   
  step 310 lite tok=279     pos=310 ref -> no token  chip -> no token  ==   [121.4s  eta  4.5h]   
  step 311 lite tok=22892   pos=311 ref -> no token  chip -> no token  ==   [121.5s  eta  4.5h]   
  step 312 lite tok=13      pos=312 ref -> no token  chip -> no token  ==   [121.4s  eta  4.5h]   
  step 313 lite tok=561     pos=313 ref -> no token  chip -> no token  ==   [121.6s  eta  4.4h]   
  step 314 lite tok=3177    pos=314 ref -> no token  chip -> no token  ==   [121.6s  eta  4.4h]   
  step 315 lite tok=314     pos=315 ref -> no token  chip -> no token  ==   [121.6s  eta  4.4h]   
  step 316 lite tok=11751   pos=316 ref -> no token  chip -> no token  ==   [121.1s  eta  4.3h]   
  step 317 lite tok=13538   pos=317 ref -> no token  chip -> no token  ==   [121.5s  eta  4.3h]   
  step 318 lite tok=494     pos=318 ref -> no token  chip -> no token  ==   [121.5s  eta  4.3h]   
  step 319 lite tok=264     pos=319 ref -> no token  chip -> no token  ==   [121.6s  eta  4.2h]   
  step 320 lite tok=16576   pos=320 ref -> no token  chip -> no token  ==   [121.3s  eta  4.2h]   
  step 321 lite tok=383     pos=321 ref -> no token  chip -> no token  ==   [120.9s  eta  4.2h]   
  step 322 lite tok=449     pos=322 ref -> no token  chip -> no token  ==   [120.8s  eta  4.1h]   
  step 323 lite tok=12552   pos=323 ref -> no token  chip -> no token  ==   [120.8s  eta  4.1h]   
  step 324 lite tok=303     pos=324 ref -> no token  chip -> no token  ==   [120.9s  eta  4.1h]   
  step 325 lite tok=279     pos=325 ref -> no token  chip -> no token  ==   [120.9s  eta  4.0h]   
  step 326 lite tok=181474  pos=326 ref -> no token  chip -> no token  ==   [121.6s  eta  4.0h]   
  step 327 lite tok=11      pos=327 ref -> no token  chip -> no token  ==   [121.6s  eta  4.0h]   
  step 328 lite tok=321     pos=328 ref -> no token  chip -> no token  ==   [121.5s  eta  3.9h]   
  step 329 lite tok=1141    pos=329 ref -> no token  chip -> no token  ==   [121.7s  eta  3.9h]   
  step 330 lite tok=13959   pos=330 ref -> no token  chip -> no token  ==   [121.7s  eta  3.9h]   
  step 331 lite tok=11      pos=331 ref -> no token  chip -> no token  ==   [121.5s  eta  3.8h]   
  step 332 lite tok=37683   pos=332 ref -> no token  chip -> no token  ==   [121.6s  eta  3.8h]   
  step 333 lite tok=321     pos=333 ref -> no token  chip -> no token  ==   [121.2s  eta  3.8h]   
  step 334 lite tok=11388   pos=334 ref -> no token  chip -> no token  ==   [120.8s  eta  3.7h]   
  step 335 lite tok=998     pos=335 ref -> no token  chip -> no token  ==   [121.3s  eta  3.7h]   
  step 336 lite tok=57571   pos=336 ref -> no token  chip -> no token  ==   [121.6s  eta  3.7h]   
  step 337 lite tok=1599    pos=337 ref -> no token  chip -> no token  ==   [121.7s  eta  3.6h]   
  step 338 lite tok=2942    pos=338 ref -> no token  chip -> no token  ==   [121.5s  eta  3.6h]   
  step 339 lite tok=888     pos=339 ref -> no token  chip -> no token  ==   [121.2s  eta  3.6h]   
  step 340 lite tok=279     pos=340 ref -> no token  chip -> no token  ==   [121.0s  eta  3.5h]   
  step 341 lite tok=22892   pos=341 ref -> no token  chip -> no token  ==   [121.1s  eta  3.5h]   
  step 342 lite tok=13      pos=342 ref -> no token  chip -> no token  ==   [120.9s  eta  3.5h]   
  step 343 lite tok=561     pos=343 ref -> no token  chip -> no token  ==   [121.1s  eta  3.4h]   
  step 344 lite tok=3177    pos=344 ref -> no token  chip -> no token  ==   [121.1s  eta  3.4h]   
  step 345 lite tok=314     pos=345 ref -> no token  chip -> no token  ==   [121.0s  eta  3.4h]   
  step 346 lite tok=11751   pos=346 ref -> no token  chip -> no token  ==   [121.2s  eta  3.3h]   
  step 347 lite tok=13538   pos=347 ref -> no token  chip -> no token  ==   [121.8s  eta  3.3h]   
  step 348 lite tok=494     pos=348 ref -> no token  chip -> no token  ==   [121.8s  eta  3.3h]   
  step 349 lite tok=264     pos=349 ref -> no token  chip -> no token  ==   [122.1s  eta  3.2h]   
  step 350 lite tok=16576   pos=350 ref -> no token  chip -> no token  ==   [122.2s  eta  3.2h]   
  step 351 lite tok=383     pos=351 ref -> no token  chip -> no token  ==   [122.1s  eta  3.2h]   
  step 352 lite tok=449     pos=352 ref -> no token  chip -> no token  ==   [122.0s  eta  3.1h]   
  step 353 lite tok=12552   pos=353 ref -> no token  chip -> no token  ==   [121.1s  eta  3.1h]   
  step 354 lite tok=303     pos=354 ref -> no token  chip -> no token  ==   [122.0s  eta  3.1h]   
  step 355 lite tok=279     pos=355 ref -> no token  chip -> no token  ==   [122.1s  eta  3.0h]   
  step 356 lite tok=181474  pos=356 ref -> no token  chip -> no token  ==   [122.1s  eta  3.0h]   
  step 357 lite tok=11      pos=357 ref -> no token  chip -> no token  ==   [121.9s  eta  3.0h]   
  step 358 lite tok=321     pos=358 ref -> no token  chip -> no token  ==   [121.1s  eta  2.9h]   
  step 359 lite tok=1141    pos=359 ref -> no token  chip -> no token  ==   [120.9s  eta  2.9h]   
  step 360 lite tok=13959   pos=360 ref -> no token  chip -> no token  ==   [120.6s  eta  2.9h]   
  step 361 lite tok=11      pos=361 ref -> no token  chip -> no token  ==   [121.4s  eta  2.8h]   
  step 362 lite tok=37683   pos=362 ref -> no token  chip -> no token  ==   [120.7s  eta  2.8h]   
  step 363 lite tok=321     pos=363 ref -> no token  chip -> no token  ==   [121.4s  eta  2.8h]   
  step 364 lite tok=11388   pos=364 ref -> no token  chip -> no token  ==   [121.6s  eta  2.7h]   
  step 365 lite tok=998     pos=365 ref -> no token  chip -> no token  ==   [120.9s  eta  2.7h]   
  step 366 lite tok=57571   pos=366 ref -> no token  chip -> no token  ==   [121.0s  eta  2.7h]   
  step 367 lite tok=1599    pos=367 ref -> no token  chip -> no token  ==   [121.5s  eta  2.6h]   
  step 368 lite tok=2942    pos=368 ref -> no token  chip -> no token  ==   [120.9s  eta  2.6h]   
  step 369 lite tok=888     pos=369 ref -> no token  chip -> no token  ==   [121.4s  eta  2.6h]   
  step 370 lite tok=279     pos=370 ref -> no token  chip -> no token  ==   [120.7s  eta  2.5h]   
  step 371 lite tok=22892   pos=371 ref -> no token  chip -> no token  ==   [121.0s  eta  2.5h]   
  step 372 lite tok=13      pos=372 ref -> no token  chip -> no token  ==   [121.8s  eta  2.5h]   
  step 373 lite tok=561     pos=373 ref -> no token  chip -> no token  ==   [121.5s  eta  2.4h]   
  step 374 lite tok=3177    pos=374 ref -> no token  chip -> no token  ==   [121.5s  eta  2.4h]   
  step 375 lite tok=314     pos=375 ref -> no token  chip -> no token  ==   [121.4s  eta  2.4h]   
  step 376 lite tok=11751   pos=376 ref -> no token  chip -> no token  ==   [120.7s  eta  2.3h]   
  step 377 lite tok=13538   pos=377 ref -> no token  chip -> no token  ==   [120.8s  eta  2.3h]   
  step 378 lite tok=494     pos=378 ref -> no token  chip -> no token  ==   [121.2s  eta  2.2h]   
  step 379 lite tok=264     pos=379 ref -> no token  chip -> no token  ==   [122.5s  eta  2.2h]   
  step 380 lite tok=16576   pos=380 ref -> no token  chip -> no token  ==   [122.4s  eta  2.2h]   
  step 381 lite tok=383     pos=381 ref -> no token  chip -> no token  ==   [122.9s  eta  2.1h]   
  step 382 lite tok=449     pos=382 ref -> no token  chip -> no token  ==   [122.5s  eta  2.1h]   
  step 383 lite tok=12552   pos=383 ref -> no token  chip -> no token  ==   [122.2s  eta  2.1h]   
  step 384 lite tok=303     pos=384 ref -> no token  chip -> no token  ==   [122.5s  eta  2.0h]   
  step 385 lite tok=279     pos=385 ref -> no token  chip -> no token  ==   [122.8s  eta  2.0h]   
  step 386 lite tok=181474  pos=386 ref -> no token  chip -> no token  ==   [122.8s  eta  2.0h]   
  step 387 lite tok=11      pos=387 ref -> no token  chip -> no token  ==   [122.8s  eta  1.9h]   
  step 388 lite tok=321     pos=388 ref -> no token  chip -> no token  ==   [122.9s  eta  1.9h]   
  step 389 lite tok=1141    pos=389 ref -> no token  chip -> no token  ==   [122.7s  eta  1.9h]   
  step 390 lite tok=13959   pos=390 ref -> no token  chip -> no token  ==   [122.1s  eta  1.8h]   
  step 391 lite tok=11      pos=391 ref -> no token  chip -> no token  ==   [121.1s  eta  1.8h]   
  step 392 lite tok=37683   pos=392 ref -> no token  chip -> no token  ==   [121.9s  eta  1.8h]   
  step 393 lite tok=321     pos=393 ref -> no token  chip -> no token  ==   [123.5s  eta  1.7h]   
  step 394 lite tok=11388   pos=394 ref -> no token  chip -> no token  ==   [122.3s  eta  1.7h]   
  step 395 lite tok=998     pos=395 ref -> no token  chip -> no token  ==   [122.1s  eta  1.7h]   
  step 396 lite tok=57571   pos=396 ref -> no token  chip -> no token  ==   [121.6s  eta  1.6h]   
  step 397 lite tok=1599    pos=397 ref -> no token  chip -> no token  ==   [121.5s  eta  1.6h]   
  step 398 lite tok=2942    pos=398 ref -> no token  chip -> no token  ==   [121.4s  eta  1.6h]   
  step 399 lite tok=888     pos=399 ref -> no token  chip -> no token  ==   [121.5s  eta  1.5h]   
  step 400 lite tok=279     pos=400 ref -> no token  chip -> no token  ==   [121.4s  eta  1.5h]   
  step 401 lite tok=22892   pos=401 ref -> no token  chip -> no token  ==   [121.4s  eta  1.5h]   
  step 402 lite tok=13      pos=402 ref -> no token  chip -> no token  ==   [121.5s  eta  1.4h]   
  step 403 lite tok=561     pos=403 ref -> no token  chip -> no token  ==   [121.5s  eta  1.4h]   
  step 404 lite tok=3177    pos=404 ref -> no token  chip -> no token  ==   [121.6s  eta  1.4h]   
  step 405 lite tok=314     pos=405 ref -> no token  chip -> no token  ==   [121.6s  eta  1.3h]   
  step 406 lite tok=11751   pos=406 ref -> no token  chip -> no token  ==   [121.7s  eta  1.3h]   
  step 407 lite tok=13538   pos=407 ref -> no token  chip -> no token  ==   [121.6s  eta  1.3h]   
  step 408 lite tok=494     pos=408 ref -> no token  chip -> no token  ==   [121.8s  eta  1.2h]   
  step 409 lite tok=264     pos=409 ref -> no token  chip -> no token  ==   [121.8s  eta  1.2h]   
  step 410 lite tok=16576   pos=410 ref -> no token  chip -> no token  ==   [121.8s  eta  1.2h]   
  step 411 lite tok=383     pos=411 ref -> no token  chip -> no token  ==   [122.0s  eta  1.1h]   
  step 412 lite tok=449     pos=412 ref -> no token  chip -> no token  ==   [121.9s  eta  1.1h]   
  step 413 lite tok=12552   pos=413 ref -> no token  chip -> no token  ==   [121.9s  eta  1.1h]   
  step 414 lite tok=303     pos=414 ref -> no token  chip -> no token  ==   [118.6s  eta  1.0h]   
  step 415 lite tok=279     pos=415 ref -> no token  chip -> no token  ==   [118.5s  eta  1.0h]   
  step 416 lite tok=181474  pos=416 ref -> no token  chip -> no token  ==   [118.5s  eta  1.0h]   
  step 417 lite tok=11      pos=417 ref -> no token  chip -> no token  ==   [118.6s  eta  0.9h]   
  step 418 lite tok=321     pos=418 ref -> no token  chip -> no token  ==   [118.6s  eta  0.9h]   
  step 419 lite tok=1141    pos=419 ref -> no token  chip -> no token  ==   [118.5s  eta  0.9h]   
  step 420 lite tok=13959   pos=420 ref -> no token  chip -> no token  ==   [118.7s  eta  0.8h]   
  step 421 lite tok=11      pos=421 ref -> no token  chip -> no token  ==   [118.6s  eta  0.8h]   
  step 422 lite tok=37683   pos=422 ref -> no token  chip -> no token  ==   [118.5s  eta  0.8h]   
  step 423 lite tok=321     pos=423 ref -> no token  chip -> no token  ==   [118.7s  eta  0.7h]   
  step 424 lite tok=11388   pos=424 ref -> no token  chip -> no token  ==   [118.5s  eta  0.7h]   
  step 425 lite tok=998     pos=425 ref -> no token  chip -> no token  ==   [118.6s  eta  0.7h]   
  step 426 lite tok=57571   pos=426 ref -> no token  chip -> no token  ==   [118.7s  eta  0.6h]   
  step 427 lite tok=1599    pos=427 ref -> no token  chip -> no token  ==   [118.7s  eta  0.6h]   
  step 428 lite tok=2942    pos=428 ref -> no token  chip -> no token  ==   [118.8s  eta  0.6h]   
  step 429 lite tok=888     pos=429 ref -> no token  chip -> no token  ==   [118.6s  eta  0.5h]   
  step 430 lite tok=279     pos=430 ref -> no token  chip -> no token  ==   [118.7s  eta  0.5h]   
  step 431 lite tok=22892   pos=431 ref -> no token  chip -> no token  ==   [118.7s  eta  0.5h]   
  step 432 lite tok=13      pos=432 ref -> no token  chip -> no token  ==   [118.8s  eta  0.4h]   
  step 433 lite tok=220     pos=433 ref -> no token  chip -> no token  ==   [118.8s  eta  0.4h]   
  step 434 lite tok=248046  pos=434 ref -> no token  chip -> no token  ==   [118.9s  eta  0.4h]   
  step 435 lite tok=198     pos=435 ref -> no token  chip -> no token  ==   [118.7s  eta  0.3h]   
  step 436 lite tok=248045  pos=436 ref -> no token  chip -> no token  ==   [118.9s  eta  0.3h]   
  step 437 lite tok=74455   pos=437 ref -> no token  chip -> no token  ==   [118.9s  eta  0.3h]   
  step 438 lite tok=198     pos=438 ref -> no token  chip -> no token  ==   [119.0s  eta  0.2h]   
  step 439 lite tok=248068  pos=439 ref -> no token  chip -> no token  ==   [119.0s  eta  0.2h]   
  step 440 lite tok=271     pos=440 ref -> no token  chip -> no token  ==   [118.9s  eta  0.2h]   
  step 441 lite tok=248069  pos=441 ref -> no token  chip -> no token  ==   [118.9s  eta  0.1h]   
  step 442 full tok=271     pos=442 ref ->      760  chip -> 760  ==   [134.4s  eta  0.1h]   'The'
      top5    760:172918  57590:149012  19205:138943  1919:130766  11839:127011   #1-#2 margin 23906 (13.8251% of the top logit)
      chip's 760 is rank 1 in the reference, value 172918, 0 below the top
  step 443 full tok=760     pos=443 ref ->    20438  chip -> 20438  ==   [134.0s  eta  0.1h]   ' passage'
      top5    20438:82169  3177:77945  3766:76881  11173:73222  1414:70889   #1-#2 margin 4224 (5.1406% of the top logit)
      chip's 20438 is rank 1 in the reference, value 82169, 0 below the top
  step 444 full tok=20438   pos=444 ref ->    16661  chip -> 16661  ==   [134.0s  eta  0.0h]   ' consists'
      top5    16661:164504  42151:160200  18253:160063  17855:154310  369:144369   #1-#2 margin 4304 (2.6163% of the top logit)
      chip's 16661 is rank 1 in the reference, value 164504, 0 below the top
  step 445 full tok=16661   pos=445 ref ->      314  chip -> 314  ==   [134.0s  eta  0.0h]   ' of'
      top5    314:212148  11040:177215  20417:172929  1132:160967  22518:153442   #1-#2 margin 34933 (16.4663% of the top logit)
      chip's 314 is rank 1 in the reference, value 212148, 0 below the top
------------------------------------------------------------------------
  replayed   446 of 446 steps in 14.98 h (121.0 s/step)
  ref ids    [760, 20438, 16661, 314]
  chip ids   [760, 20438, 16661, 314]
  decode     4/4 of the chip's tokens reproduced (4 decode steps replayed)
  dump-kv    the REFERENCE region's rows 441..446, layers [0, 4, 7], through g6_kv_rows.dump()
  region     155 MiB [0x380000000,0x389b00000)  sha256 7466ba76a22c6f4c4ed61ab2ff12d7131d5039ceb3bc8a48d9fd6241869ef8e4
  DN alone   24 MiB  sha256 1b4b504e9f708ec7ef788263bfc1ebd4b81536cd94f619ed8f2e82ae4fe59d14
  L0  kvh0 K  addr 0x00381800000  rows 441..446: 5/6 non-zero  exp [252, 252, 253, 253, 252, 0]...
  L0  kvh0 V  addr 0x00381a00000  rows 441..446: 5/6 non-zero  exp [250, 250, 250, 251, 250, 0]...
  L4  kvh0 K  addr 0x00385800000  rows 441..446: 5/6 non-zero  exp [252, 252, 252, 252, 252, 0]...
  L4  kvh0 V  addr 0x00385a00000  rows 441..446: 5/6 non-zero  exp [251, 251, 251, 252, 251, 0]...
  L7  kvh0 K  addr 0x00388800000  rows 441..446: 5/6 non-zero  exp [252, 252, 252, 252, 252, 0]...
  L7  kvh0 V  addr 0x00388a00000  rows 441..446: 5/6 non-zero  exp [254, 254, 254, 254, 254, 0]...
  dump-kv -> evidence/qwen9b/g6/147_15d_bisect_ref_N443_kv.json
LONGCTX_LOCKSTEP: PASS 446/446
=== rc: 0
=== end: 2026-09-11T10:29:29-06:00
