=== host: snoke
=== date: 2026-09-10T23:29:38-06:00
=== tree: 48ddf12
=== cmd:  /home/cah/.venv/bin/python evidence/qwen_next/spec_cites.py evidence/qwen9b/g6/RD9_GATE.md NEXT_SESSION.md
=== venv: /home/cah/.venv/bin/python (exists)
===       ref/.venv/bin/python (ABSENT)
===       uv: /home/cah/.local/bin/uv (exists)
=== cpu:  nproc=48 OMP_NUM_THREADS=unset MKL_NUM_THREADS=unset
=== env:  FABLE5_MODEL=unset FABLE5_DN_STATE=unset FABLE5_RS_F=unset
===       FABLE5_CALIB_STATS=unset FABLE5_CALIB_MODE=unset
=== ---
checked: 522 exist, 160 range, 12 quote  |  pending 0  |  retired 0  |  noquote 10  |  FAIL 3
  RD9_GATE.md:3162  QUOTE  "denom = Σ_t es[t]" — not found in any cited file (cited: rtl/attn_core.sv:114)
  RD9_GATE.md:3169  QUOTE  "r, re = fp.recip_q(int(es.sum()), 30)" — present in ref/layer_fixed.py but NOT within 6 lines of the cited line (cited: ref/layer_fixed.py:1421)
  RD9_GATE.md:3173  EXIST  attn_core.sv does not exist
  RD9_GATE.md:2189  NOQUOTE  1 span(s) exempted (proposed encoding / shorthand, not a quotation)
  RD9_GATE.md:2357  NOQUOTE  0 span(s) exempted (proposed encoding / shorthand, not a quotation)
  RD9_GATE.md:2476  NOQUOTE  0 span(s) exempted (proposed encoding / shorthand, not a quotation)
  RD9_GATE.md:2477  NOQUOTE  1 span(s) exempted (proposed encoding / shorthand, not a quotation)
  RD9_GATE.md:2478  NOQUOTE  1 span(s) exempted (proposed encoding / shorthand, not a quotation)
  RD9_GATE.md:2479  NOQUOTE  0 span(s) exempted (proposed encoding / shorthand, not a quotation)
  RD9_GATE.md:2480  NOQUOTE  1 span(s) exempted (proposed encoding / shorthand, not a quotation)
  RD9_GATE.md:2481  NOQUOTE  1 span(s) exempted (proposed encoding / shorthand, not a quotation)
  RD9_GATE.md:2482  NOQUOTE  1 span(s) exempted (proposed encoding / shorthand, not a quotation)
  RD9_GATE.md:2483  NOQUOTE  1 span(s) exempted (proposed encoding / shorthand, not a quotation)
SPEC CITES: FAIL
=== rc: 1
=== end: 2026-09-10T23:29:39-06:00
