=== host: snoke
=== date: 2026-09-11T12:37:29-06:00
=== tree: 6f61f30
=== cmd:  /home/cah/.venv/bin/python evidence/qwen9b/g6/g6_superlatives.py --negative-control
=== venv: /home/cah/.venv/bin/python (exists)
===       ref/.venv/bin/python (ABSENT)
===       uv: /home/cah/.local/bin/uv (exists)
=== cpu:  nproc=48 OMP_NUM_THREADS=unset MKL_NUM_THREADS=unset
=== env:  FABLE5_MODEL=unset FABLE5_DN_STATE=unset FABLE5_RS_F=unset
===       FABLE5_CALIB_STATS=unset FABLE5_CALIB_MODE=unset
=== ---
G6SUP_RUNS: 14 device-time measurement(s) harvested from 9 log(s)
G6SUP_RUN 008_live_lay9b_s1_scratch65k.log               #0      15.234 ms  lay9b       []
G6SUP_RUN 009_live_tok9b_4seeds.log                      #1      16.278 ms  tok9b       [5290, 4397]
G6SUP_RUN 009_live_tok9b_4seeds.log                      #3      16.278 ms  tok9b       [5591, 703]
G6SUP_RUN 009_live_tok9b_4seeds.log                      #0      16.279 ms  tok9b       [2380, 6362]
G6SUP_RUN 009_live_tok9b_4seeds.log                      #2      16.280 ms  tok9b       [1235, 4971]
G6SUP_RUN 020_perf_census_two_lanes.log                  #0     822.726 ms  model_s1s4  [2614, 314, 279, 369, 11751, 13]
G6SUP_RUN 011_model_9b_s2s3s4.log                        #2     822.787 ms  model_s1s4  [11, 0, 271, 803, 369, 498]
G6SUP_RUN 010_model_9b_s1_upload_and_run.log             #0     822.793 ms  model_s1s4  [2614, 314, 279, 369, 11751, 13]
G6SUP_RUN 018_state_region_smem_golden.log               #0     822.795 ms  model_s1s4  [2614, 314, 279, 369, 11751, 13]
G6SUP_RUN 017_weight_pack_and_contrived_miss.log         #0     822.801 ms  model_s1s4  [2614, 314, 279, 369, 11751, 13]
G6SUP_RUN 016_weight_pack_and_contrived_miss.log         #0     822.803 ms  model_s1s4  [2614, 314, 279, 369, 11751, 13]
G6SUP_RUN 028_restore_9b_pack.log                        #0     822.806 ms  model_s1s4  [2614, 314, 279, 369, 11751, 13]
G6SUP_RUN 011_model_9b_s2s3s4.log                        #0     822.807 ms  model_s2s3  [279, 264, 854, 11, 303, 264]
G6SUP_RUN 011_model_9b_s2s3s4.log                        #1     822.809 ms  model_s2s3  [313, 430, 2510, 198, 1445, 27180]

G6SUP_EXT fastest 6-step model run: 020_perf_census_two_lanes.log #0  822.726 ms
G6SUP_EXT slowest 6-step model run: 011_model_9b_s2s3s4.log #1  822.809 ms

G6SUP_DERIVED quantity                               recomputed   from
G6SUP_DERIVED seed-1 device spread                       0.0097   max/min over the 6 seed-1 model runs
G6SUP_DERIVED live full-model runs                            9   runs whose program is the 158,536- or 79,289-record model
G6SUP_DERIVED widest full-model spread                   0.0101   max/min over all 9 full-model runs
G6SUP_DERIVED tok9b 4-seed device spread                  0.012   max/min over the 4 tok9b runs
G6SUP_DERIVED gate tok/s                                 7.2928   6 / (822.726/1000)
G6SUP_DERIVED gate ms/token                            137.1210   822.726 / 6
G6SUP_DERIVED steady tok/s                               7.2917   1000 / 137.1413
G6SUP_DERIVED L_LCYC ms/token                            41.588   249.530 ms / 6
G6SUP_DERIVED L_SDMA_CYC ms/token                         5.125   30.750 ms / 6
G6SUP_DERIVED lane sum, share of device                    34.1   (62382496 + 7687467) / 205681492
G6SUP_DERIVED L_LCYC vs S4 45.674                           8.9   (45.674 - 41.588)/45.674
G6SUP_DERIVED L_LCYC vs Task12 46.079                       9.7   (46.079 - 41.588)/46.079
G6SUP_DERIVED L_SDMA vs modelled 5.133                     0.16   |5.133 - 5.125|/5.133
G6SUP_DERIVED board vs S4 chip-TB 131.14                    4.6   (137.1210 - 131.14)/131.14
G6SUP_DERIVED above the 7.0 band top                        4.2   (7.2928 - 7.0)/7.0
G6SUP_DERIVED clipped, share of non-zero                 0.0685   28 / 40882
G6SUP_DERIVED whole-pack audit MiB/s                         70   5845 MiB / 83.0 s
G6SUP_DERIVED_TOTAL: 17 quantity(ies) recomputed from the logs

G6SUP_CONTROL: planted 'fastest' on 011_model_9b_s2s3s4.log, which is the SLOWEST (822.809 ms)
G6SUP_CONTROL: planted seed-1 device spread = 1.0194 %, recomputed 0.0097 %
G6SUP_QUOTED RD9_GATE.md:2095  **T**, `069_superlatives_control_v5.log` (and `032`/`043`/`045`/`047`/`066` before it), the negative control (`superlati
G6SUP_CHECKED: 1 superlative sentence(s) machine-checked
G6SUP_FAIL RD9_GATE.md:3615
    NEGATIVE CONTROL A: 011_model_9b_s2s3s4.log is the fastest 6-step model run of the eight.
    column device time: the extremum is 020_perf_census_two_lanes.log (822.726), the sentence names 011_model_9b_s2s3s4.log
G6SUP_NUMFAIL seed-1 device spread: the doc says 1.0194, recomputed 0.0097 (max/min over the 6 seed-1 model runs)
G6SUP_NUMFAIL seed-1 device spread (control B): the doc says 1.0194, recomputed 0.0097 (max/min over the 6 seed-1 model runs)
G6SUP_QUOTED_TOTAL: 1
G6SUP_SCOPED_TOTAL: 0
G6SUP_UNCHECKED: 68 sentence(s) the script cannot attribute
G6SUP_UNCHECKED RD9_GATE.md:34  A log is cited only after both exist.
G6SUP_UNCHECKED RD9_GATE.md:34  * **JTAG-volatile only.** `sw/program_fpga.sh` ran once (§2).
G6SUP_UNCHECKED RD9_GATE.md:34  * **The instruments in this directory are NEW and were untracked when the runs that used them executed**, so those logs' `=== tree
G6SUP_UNCHECKED RD9_GATE.md:153  **FIX ROUND 3** (2026-09-10, `=== tree: 2762662` → `e8e35a0`; the board was NOT reprogrammed, no weight byte was written, and only
G6SUP_UNCHECKED RD9_GATE.md:257  ### 2.2 The flow, and only the flow
G6SUP_UNCHECKED RD9_GATE.md:313  **No DMA happened before this line**: `001` and `003` are AXI-Lite only, and `006` is the first run that moves a byte.
G6SUP_UNCHECKED RD9_GATE.md:330  ### 3.2 The version constants, moved only after the readback
G6SUP_UNCHECKED RD9_GATE.md:403  **T**, `054`, `rc 0`, `G6_NCH: PASS (0 problem(s))`, under the lock, AXI-Lite reads only, replaces it with three measurements:
G6SUP_UNCHECKED RD9_GATE.md:411  **(1) The contract — nch is a property of the ARTIFACT, not a flag.** `054` reads it out of the source it governs: `sw/seq_run.py`
G6SUP_UNCHECKED RD9_GATE.md:561  `sw/chat_seq.py:1041-1043` says the whole-pack escalation is "selftest-proven only — on hardware every observed miss set has been 
G6SUP_UNCHECKED RD9_GATE.md:676  **The post-halt architectural state**: `golden 36886 state checks, ALL MATCH` on **every one of the eight full-model runs that ran
G6SUP_UNCHECKED RD9_GATE.md:682  **Repeatability, which is what a zero-margin closure most needs measured.** The full model ran **eleven** times as a live 6-step p
G6SUP_UNCHECKED RD9_GATE.md:812  **The `026` [1] `err_op` demonstration is only reachable with the model selection UNSET.** With `FABLE5_MODEL=9b` the tool refuses
G6SUP_UNCHECKED RD9_GATE.md:1089  `FABLE5_MODEL=9b` is exported by the rung script, not by the wrapper, so `083`'s `=== env:` header reads `unset` — the session lin
G6SUP_UNCHECKED RD9_GATE.md:1147  So **runs A and B carry no lane measurement at all, and the counters were never cleared before run A.** `084` is the run that has 
G6SUP_UNCHECKED RD9_GATE.md:1295  **12 is not the reset value, so a readback of 12 is only possible if the write landed.** Both writes go through `sw/seq_run.seq_se
G6SUP_UNCHECKED RD9_GATE.md:1346  **The amendment's instruction — "never add the modelled figure to anything" — is honoured: 5.133 appears here only as the thing 5.
G6SUP_UNCHECKED RD9_GATE.md:1358  The board's `L_LCYC` is the RTL's own accumulating `busy_cmp`, read once after HALT, with nothing subtracted — so the holds-charge
G6SUP_UNCHECKED RD9_GATE.md:1396  **The one sweep on record WEAKENS this**: S4 §5.5.4 ran the whole model at `LAT = 8` and at `LAT = 40` and `LCYC` is **IDENTICAL**
G6SUP_UNCHECKED RD9_GATE.md:1463  The region occupies **DDR channel 3 alone** (§6), so all of this traffic lands on one of the four channels while the weights strea
G6SUP_UNCHECKED RD9_GATE.md:1479  The plan itself says the model "fails its only out-of-sample test (+1.7 % at nch=1), its r-bracket validation is retracted, and it
G6SUP_UNCHECKED RD9_GATE.md:1597  The reference saturates `dt_bias` to ±8 (Q3.12) and `A` to [0, 8) (Q3.15) into `rtl/gate_unit.sv`'s ports as they are built; **61 
G6SUP_UNCHECKED RD9_GATE.md:1668  That is the state `sw/program_fpga.sh:122-129` calls "*** THE RESIDENT BITSTREAM IS NOW UNKNOWN ***", about which it says the exit
G6SUP_UNCHECKED RD9_GATE.md:1679  **`012` (`rc 2`) is kept for what it proves about a different rail.** The harness's first cut put the stub bin on `PATH` only in t
G6SUP_UNCHECKED RD9_GATE.md:1709  What DOES rest on the untranscribed detachment is the **SIGKILL** residual: nothing in `013`/`014`/`015` covers `SIGKILL`, which n
G6SUP_UNCHECKED RD9_GATE.md:1747  `sw/chat_seq.py:987-989` reasons that the conv blocks "are the only part of the DDR state region the host UPLOADS … so they are th
G6SUP_UNCHECKED RD9_GATE.md:1763  The candidate fixes (witness only the weight-tap sub-range of each conv block; or drop conv witnesses, since `upload_state` rewrit
G6SUP_UNCHECKED RD9_GATE.md:1799  > **HALF-ADDRESSED in fix round 2, and only on the chat path.** > `ChatSession.bring_up_state` (`sw/chat_seq.py:2246`) writes the 
G6SUP_UNCHECKED RD9_GATE.md:1860  **The arithmetic says one wrap, and only one.** 527 steps × ~41 ms ≈ 21.6 s of busy time = 5.4 × 10⁹ cycles, against the counter's
G6SUP_UNCHECKED RD9_GATE.md:1980  It is recorded here only because an earlier revision of this document was committed while `024` was still running, with the seed-1
G6SUP_UNCHECKED RD9_GATE.md:1980  **Prefill, first-token latency and any user-facing turn time.** §10 is decode only.
G6SUP_UNCHECKED RD9_GATE.md:2106  Every one of them trips the marker regex on the ordinary English word "only" ("JTAG-volatile **only**", "AXI-Lite **only**", "deco
G6SUP_UNCHECKED RD9_GATE.md:2117  The **34** is `068`'s own `G6SUP_UNCHECKED:` line on the text fix round 1 committed; the rise from 20 was fix round 1's own prose 
G6SUP_UNCHECKED RD9_GATE.md:2117  **The ten more at `117` are fix round 3's own**, and every one is the same idiom: §14.1's "witness **only** the weight-tap sub-ran
G6SUP_UNCHECKED RD9_GATE.md:2117  **Not one is a comparative ranking between runs.** **The five more at `102` are fix round 2's own**: §8.5's "the ONLY transfer who
G6SUP_UNCHECKED RD9_GATE.md:2156  **So the edits were rewritten to be LINE-NEUTRAL**, which is the right answer rather than a workaround: the information belongs in
G6SUP_UNCHECKED RD9_GATE.md:2260  All 27 are digit-only: the reviewer checked every one mechanically (`git diff -w -U0`, each `-`/`+` pair compared with every digit
G6SUP_UNCHECKED RD9_GATE.md:2274  **Fix round 3 restores it** and marks the block so the tool skips its own docstring examples; that is a drift-only repair outside 
G6SUP_UNCHECKED RD9_GATE.md:2294  **`ref/seq_chat.py` did NOT move**: the `T_MAX` block was rewritten to the same eleven lines on purpose, so `T_MAX` is still at `r
G6SUP_UNCHECKED RD9_GATE.md:2304  Every one of the 60 changed line pairs is **digit-only**, checked mechanically.
G6SUP_UNCHECKED RD9_GATE.md:2441  **Neither path can exist in any fresh worktree**: `git ls-files .superpowers/` returns nothing (the SDD tree is untracked; `.super
G6SUP_UNCHECKED RD9_GATE.md:2453  **Like-for-like, the pair was at FAIL 8 before this task and FAIL 8 after it.** The eight QUOTE lines in `049` are **byte-identica
G6SUP_UNCHECKED RD9_GATE.md:2537  This bullet used to add that the file "had **6** before this round touched it" — **that number is on no log** (`spec_cites` covere
G6SUP_UNCHECKED RD9_GATE.md:2605  The tool has two completely different template paths, chosen by `--nch`, and §8's first revision described only the first of them.
G6SUP_UNCHECKED RD9_GATE.md:2702  **For long context: NO, and this is where the cost is.** Three separate things, and only the first is a constant:
G6SUP_UNCHECKED RD9_GATE.md:2773  **E + the long-context rung** last, because it is the only item with an hour-scale reference cost and it is cheapest once 1-3 exis
G6SUP_UNCHECKED RD9_GATE.md:2805  **§20.3's `pos_mode` item asked for a refusal and got two.** `ref/seq_model.SeqExec` shares the XRF blind spot, so a refusal only 
G6SUP_UNCHECKED RD9_GATE.md:2834  That growth is **covered by the selftest only** (`--nch` defaults to 1, so the suite's primary session IS the frozen path, and cas
G6SUP_UNCHECKED RD9_GATE.md:2853  Round 3 answers two reviews — the re-review of round 1 (I-A…I-E, M-1…M-9, doc-only, carried past round 2) and the review of round 
G6SUP_UNCHECKED RD9_GATE.md:3045  Each runs `--top5 5 --continue --dump-kv (N−2)-(N+3)`, so it replays every decode step instead of stopping at the first disagreeme
G6SUP_UNCHECKED RD9_GATE.md:3099  **AND ONE ROW OF THAT TABLE IS THE FINDING.** At N = 113, decode 2 — the step that diverges at N = 503 — the reference's two best 
G6SUP_UNCHECKED RD9_GATE.md:3150  ### 22.7 THE ONE THING THAT SCALES WITH T — named, READ ONLY
G6SUP_UNCHECKED RD9_GATE.md:3152  Exactly **two** accumulations run the length of the context, and only one of them has a width that T can reach:
G6SUP_UNCHECKED RD9_GATE.md:3173  **`denom` is a FIFTH place the T ceiling lives in, and the file's own header names only four.** `rtl/attn_core.sv:15`-`16`: "S2 (s
G6SUP_UNCHECKED RD9_GATE.md:3179  On the arithmetic, no.** Decode 2 is at position 503, which reads T = 504 rows, and 504 · 2³⁰ = 5.412 × 10¹¹ against 2³⁹−1 = 5.498
G6SUP_UNCHECKED RD9_GATE.md:3179  The worst case also needs the softmax to be very nearly uniform over every row: this prompt repeats one sentence sixteen times, so
G6SUP_UNCHECKED RD9_GATE.md:3261  The Verilator census TB — only if A or B points at the RTL.** `evidence/qwen9b/s4/run_s4_census.sh` drives `tb_layer_census` with 
G6SUP_UNCHECKED RD9_GATE.md:3275  What can be done without one, and would say whether the hazard was ever live in `083`: a ~20-line tap on the reference's own `es.s
G6SUP_UNCHECKED RD9_GATE.md:3291  ### 22.10 ROUND 2 — H1 ("the chip attends over at most 7 KV blocks") TESTED BY READING, AND **REFUTED**
G6SUP_UNCHECKED RD9_GATE.md:3293  **The hypothesis.** The flip appears only between N = 443 and N = 503, the interval in which the KV cache crosses from its 7th 64-
G6SUP_UNCHECKED RD9_GATE.md:3356  **(c) The one thing that does change at 448, and why it is benign.** The KV exponent side array is the ONLY quantity in the whole 
G6SUP_UNCHECKED RD9_GATE.md:3356  **The two sides therefore differ in DDR in the bytes at and above TCNT in the last beat — and in no byte any reader reads**, becau
G6SUP_UNCHECKED RD9_GATE.md:3487  **WHICH SIDE WAS WRONG AT N = 503: THE REFERENCE, AND ONLY IN `106`.** Not the chip, not `attn_core`, not the KV cache, not block 
G6SUP_UNCHECKED RD9_GATE.md:3493  The verdict line is `KV ROW COMPARE: 18 rows differ, lowest differing row 504` — and **504 is TCNT**: the run wrote rows 0..503, s
G6SUP_UNCHECKED RD9_GATE.md:3559  ≈ 17.5 h of host, board-free, and NO tool change: the instrument already has `--top5`, `--continue` and `--dump-kv`.** Two things 
G6SUP_UNCHECKED RD9_GATE.md:3559  First, `083` decodes **23 tokens** where `128` decodes 2, so it is **23 decode comparisons at T = 504 through 526** — the deepest 
G6SUP_UNCHECKED RD9_GATE.md:3559  Second, **it is the only measurement that can say whether §22.7's `denom` hazard ever bit**: positions 511-525 are `T ≥ 512`, wher
G6SUP_UNCHECKED RD9_GATE.md:3574  The attn-core T-sweep** — still the cheapest way to answer "do the two sides compute the same attention at any T?" in general, and
G6SUP_CONTROL: CAUGHT BOTH — the checker is live
=== rc: 0
=== end: 2026-09-11T12:37:30-06:00
