=== host: snoke
=== date: 2026-09-11T12:38:46-06:00
=== tree: 5b41772
=== cmd:  /home/cah/.venv/bin/python evidence/qwen_next/spec_cites.py evidence/qwen9b/g6/RD9_GATE.md NEXT_SESSION.md
=== venv: /home/cah/.venv/bin/python (exists)
===       ref/.venv/bin/python (ABSENT)
===       uv: /home/cah/.local/bin/uv (exists)
=== cpu:  nproc=48 OMP_NUM_THREADS=unset MKL_NUM_THREADS=unset
=== env:  FABLE5_MODEL=unset FABLE5_DN_STATE=unset FABLE5_RS_F=unset
===       FABLE5_CALIB_STATS=unset FABLE5_CALIB_MODE=unset
=== ---
checked: 583 exist, 207 range, 35 quote  |  pending 0  |  retired 0  |  noquote 10  |  FAIL 1
  RD9_GATE.md:3627  ORPHAN  bare continuation `:3` on a line that names no file — it binds to nothing and is NOT checked; write the full path
  RD9_GATE.md:2189  NOQUOTE  1 span(s) exempted (proposed encoding / shorthand, not a quotation)
  RD9_GATE.md:2357  NOQUOTE  0 span(s) exempted (proposed encoding / shorthand, not a quotation)
  RD9_GATE.md:2476  NOQUOTE  0 span(s) exempted (proposed encoding / shorthand, not a quotation)
  RD9_GATE.md:2477  NOQUOTE  1 span(s) exempted (proposed encoding / shorthand, not a quotation)
  RD9_GATE.md:2478  NOQUOTE  1 span(s) exempted (proposed encoding / shorthand, not a quotation)
  RD9_GATE.md:2479  NOQUOTE  0 span(s) exempted (proposed encoding / shorthand, not a quotation)
  RD9_GATE.md:2480  NOQUOTE  1 span(s) exempted (proposed encoding / shorthand, not a quotation)
  RD9_GATE.md:2481  NOQUOTE  1 span(s) exempted (proposed encoding / shorthand, not a quotation)
  RD9_GATE.md:2482  NOQUOTE  1 span(s) exempted (proposed encoding / shorthand, not a quotation)
  RD9_GATE.md:2483  NOQUOTE  1 span(s) exempted (proposed encoding / shorthand, not a quotation)
SPEC CITES: FAIL
=== rc: 1
=== end: 2026-09-11T12:38:47-06:00
