=== host: snoke  date: 2026-08-22T14:42:00-06:00
=== tree: 0455999+dirty
=== cmd : make -C tb tb_vec_alu JOBS=16 VECPY=/home/cah/.venv/bin/python
=== venv: 3.12.3 numpy 2.4.6
make: Entering directory '/home/cah/r2d2/code/fpga/fable5_llm/tb'
seq vectors: seed=1 -> vecseq/s1  dynq16=446 (k -14..17), probe8=24, epsnorm=68, vecnorm N=2048 (rmsnorm + l2norm)
seq vectors: seed=2 -> vecseq/s2  dynq16=446 (k -14..17), probe8=24, epsnorm=68, vecnorm N=2048 (rmsnorm + l2norm)
seq vectors: seed=3 -> vecseq/s3  dynq16=446 (k -14..17), probe8=24, epsnorm=68, vecnorm N=2048 (rmsnorm + l2norm)
seq vectors: seed=4 -> vecseq/s4  dynq16=446 (k -14..17), probe8=24, epsnorm=68, vecnorm N=2048 (rmsnorm + l2norm)
verilator --binary --timing -j 16 -Wall \
  --Mdir obj_dir_tb_alu -o tb_alu \
  --top-module tb_vec_alu \
  ../rtl/fx_pkg.sv ../rtl/vec_alu.sv tb_vec_alu.sv
make[1]: Entering directory '/home/cah/r2d2/code/fpga/fable5_llm/tb/obj_dir_tb_alu'
g++ -Os  -I.  -MMD -I/usr/share/verilator/include -I/usr/share/verilator/include/vltstd -DVM_COVERAGE=0 -DVM_SC=0 -DVM_TRACE=0 -DVM_TRACE_FST=0 -DVM_TRACE_VCD=0 -faligned-new -fcf-protection=none -Wno-bool-operation -Wno-overloaded-virtual -Wno-shadow -Wno-sign-compare -Wno-uninitialized -Wno-unused-but-set-parameter -Wno-unused-but-set-variable -Wno-unused-parameter -Wno-unused-variable     -DVL_TIME_CONTEXT   -fcoroutines -c -o verilated.o /usr/share/verilator/include/verilated.cpp
g++ -Os  -I.  -MMD -I/usr/share/verilator/include -I/usr/share/verilator/include/vltstd -DVM_COVERAGE=0 -DVM_SC=0 -DVM_TRACE=0 -DVM_TRACE_FST=0 -DVM_TRACE_VCD=0 -faligned-new -fcf-protection=none -Wno-bool-operation -Wno-overloaded-virtual -Wno-shadow -Wno-sign-compare -Wno-uninitialized -Wno-unused-but-set-parameter -Wno-unused-but-set-variable -Wno-unused-parameter -Wno-unused-variable     -DVL_TIME_CONTEXT   -fcoroutines -c -o verilated_timing.o /usr/share/verilator/include/verilated_timing.cpp
g++ -Os  -I.  -MMD -I/usr/share/verilator/include -I/usr/share/verilator/include/vltstd -DVM_COVERAGE=0 -DVM_SC=0 -DVM_TRACE=0 -DVM_TRACE_FST=0 -DVM_TRACE_VCD=0 -faligned-new -fcf-protection=none -Wno-bool-operation -Wno-overloaded-virtual -Wno-shadow -Wno-sign-compare -Wno-uninitialized -Wno-unused-but-set-parameter -Wno-unused-but-set-variable -Wno-unused-parameter -Wno-unused-variable     -DVL_TIME_CONTEXT   -fcoroutines -c -o verilated_threads.o /usr/share/verilator/include/verilated_threads.cpp
/usr/bin/python3 /usr/share/verilator/bin/verilator_includer -DVL_INCLUDE_OPT=include Vtb_vec_alu.cpp Vtb_vec_alu___024root__DepSet_he9c87036__0.cpp Vtb_vec_alu___024root__DepSet_he539a2bf__0.cpp Vtb_vec_alu__main.cpp Vtb_vec_alu___024root__Slow.cpp Vtb_vec_alu___024root__DepSet_he9c87036__0__Slow.cpp Vtb_vec_alu___024root__DepSet_he539a2bf__0__Slow.cpp Vtb_vec_alu__Syms.cpp > Vtb_vec_alu__ALL.cpp
g++ -Os  -I.  -MMD -I/usr/share/verilator/include -I/usr/share/verilator/include/vltstd -DVM_COVERAGE=0 -DVM_SC=0 -DVM_TRACE=0 -DVM_TRACE_FST=0 -DVM_TRACE_VCD=0 -faligned-new -fcf-protection=none -Wno-bool-operation -Wno-overloaded-virtual -Wno-shadow -Wno-sign-compare -Wno-uninitialized -Wno-unused-but-set-parameter -Wno-unused-but-set-variable -Wno-unused-parameter -Wno-unused-variable     -DVL_TIME_CONTEXT   -fcoroutines -c -o Vtb_vec_alu__ALL.o Vtb_vec_alu__ALL.cpp
echo "" > Vtb_vec_alu__ALL.verilator_deplist.tmp
Archive ar -rcs Vtb_vec_alu__ALL.a Vtb_vec_alu__ALL.o
g++     verilated.o verilated_timing.o verilated_threads.o Vtb_vec_alu__ALL.a    -pthread -lpthread -latomic   -o tb_alu
rm Vtb_vec_alu__ALL.verilator_deplist.tmp
make[1]: Leaving directory '/home/cah/r2d2/code/fpga/fable5_llm/tb/obj_dir_tb_alu'
obj_dir_tb_alu/tb_alu --seed 1 +vecdir=vectors/s1 +seqdir=vecseq/s1
FAIL R-c ADD len=6144: 4096 of 6144 elements wrong (a 12-bit cfg_len runs 2048)
FAIL R-c DYNQ8 len=6144: exponent 0 equals the one the first 2048 elements imply: the scan did NOT reach the max planted at index 5000
[169932000] %Fatal: tb_vec_alu.sv:535: Assertion failed in TOP.tb_vec_alu.unnamedblk18: TB_VEC_ALU FAIL: 2
%Error: tb_vec_alu.sv:535: Verilog $stop
Aborting...
make: *** [Makefile:494: tb_vec_alu] Aborted (core dumped)
make: Leaving directory '/home/cah/r2d2/code/fpga/fable5_llm/tb'
=== rc  : 2
=== end : 2026-08-22T14:42:36-06:00
