FULL_IMPL_CFG: place=AltSpreadLogic_low phys_opt=AggressiveExplore (post-place AND post-route enabled)
TIMING: WNS=-0.377 WHS=0.000 DIRECTIVE=AltSpreadLogic_low RECIPE=full
WHS_GATE: OK whs=0.000
BUILD_OK
FULL_IMPL_CFG: place=AltSpreadLogic_high phys_opt=AggressiveExplore (post-place AND post-route enabled)
TIMING: WNS=-0.136 WHS=0.001 DIRECTIVE=AltSpreadLogic_high RECIPE=full
WHS_GATE: OK whs=0.001
BUILD_OK
FULL_IMPL_CFG: place=Explore phys_opt=AggressiveExplore (post-place AND post-route enabled)
TIMING: WNS=-0.256 WHS=0.001 DIRECTIVE=Explore RECIPE=full
WHS_GATE: OK whs=0.001
BUILD_OK
FULL_IMPL_CFG: place=AltSpreadLogic_medium phys_opt=AggressiveExplore (post-place AND post-route enabled)
TIMING: WNS=-0.318 WHS=0.001 DIRECTIVE=AltSpreadLogic_medium RECIPE=full
WHS_GATE: OK whs=0.001
BUILD_OK
FULL_IMPL_CFG: place=SSI_HighUtilSLRs phys_opt=AggressiveExplore (post-place AND post-route enabled)
TIMING: WNS=-1.211 WHS=0.001 DIRECTIVE=SSI_HighUtilSLRs RECIPE=full
WHS_GATE: OK whs=0.001
BUILD_OK
FULL_IMPL_CFG: place=ExtraPostPlacementOpt phys_opt=AggressiveExplore (post-place AND post-route enabled)
TIMING: WNS=-0.275 WHS=0.000 DIRECTIVE=ExtraPostPlacementOpt RECIPE=full
WHS_GATE: OK whs=0.000
BUILD_OK
FULL_IMPL_CFG: place=WLDrivenBlockPlacement phys_opt=AggressiveExplore (post-place AND post-route enabled)
TIMING: WNS=-0.178 WHS=0.000 DIRECTIVE=WLDrivenBlockPlacement RECIPE=full
WHS_GATE: OK whs=0.000
BUILD_OK
