EXTRA_XDC: /home/cah/r2d2/code/fpga/fable5_llm/synth/constraints/fable5_floorplan.xdc (implementation-only)
FULL_IMPL_CFG: place=Explore phys_opt=AggressiveExplore (post-place AND post-route enabled)
TIMING: WNS=-0.510 WHS=0.000 DIRECTIVE=Explore RECIPE=full XDC=/home/cah/r2d2/code/fpga/fable5_llm/synth/constraints/fable5_floorplan.xdc
PBLOCK_COUNT: 5
PBLOCK pb_layer_dn cells=1 range={CLOCKREGION_X0Y10:CLOCKREGION_X5Y14}
PBLOCK pb_mvchan_0 cells=1 range={CLOCKREGION_X0Y0:CLOCKREGION_X5Y4}
PBLOCK pb_mvchan_1 cells=1 range={CLOCKREGION_X0Y5:CLOCKREGION_X5Y9}
PBLOCK pb_mvchan_2 cells=1 range={CLOCKREGION_X0Y5:CLOCKREGION_X5Y9}
PBLOCK pb_mvchan_3 cells=1 range={CLOCKREGION_X0Y10:CLOCKREGION_X5Y14}
WHS_GATE: OK whs=0.000
BUILD_OK
EXTRA_XDC: /home/cah/r2d2/code/fpga/fable5_llm/synth/constraints/fable5_floorplan.xdc (implementation-only)
FULL_IMPL_CFG: place=AltSpreadLogic_high phys_opt=AggressiveExplore (post-place AND post-route enabled)
TIMING: WNS=-0.624 WHS=0.002 DIRECTIVE=AltSpreadLogic_high RECIPE=full XDC=/home/cah/r2d2/code/fpga/fable5_llm/synth/constraints/fable5_floorplan.xdc
PBLOCK_COUNT: 5
PBLOCK pb_layer_dn cells=1 range={CLOCKREGION_X0Y10:CLOCKREGION_X5Y14}
PBLOCK pb_mvchan_0 cells=1 range={CLOCKREGION_X0Y0:CLOCKREGION_X5Y4}
PBLOCK pb_mvchan_1 cells=1 range={CLOCKREGION_X0Y5:CLOCKREGION_X5Y9}
PBLOCK pb_mvchan_2 cells=1 range={CLOCKREGION_X0Y5:CLOCKREGION_X5Y9}
PBLOCK pb_mvchan_3 cells=1 range={CLOCKREGION_X0Y10:CLOCKREGION_X5Y14}
WHS_GATE: OK whs=0.002
BUILD_OK
EXTRA_XDC: /home/cah/r2d2/code/fpga/fable5_llm/synth/constraints/fable5_floorplan.xdc (implementation-only)
FULL_IMPL_CFG: place=WLDrivenBlockPlacement phys_opt=AggressiveExplore (post-place AND post-route enabled)
TIMING: WNS=-0.557 WHS=0.000 DIRECTIVE=WLDrivenBlockPlacement RECIPE=full XDC=/home/cah/r2d2/code/fpga/fable5_llm/synth/constraints/fable5_floorplan.xdc
PBLOCK_COUNT: 5
PBLOCK pb_layer_dn cells=1 range={CLOCKREGION_X0Y10:CLOCKREGION_X5Y14}
PBLOCK pb_mvchan_0 cells=1 range={CLOCKREGION_X0Y0:CLOCKREGION_X5Y4}
PBLOCK pb_mvchan_1 cells=1 range={CLOCKREGION_X0Y5:CLOCKREGION_X5Y9}
PBLOCK pb_mvchan_2 cells=1 range={CLOCKREGION_X0Y5:CLOCKREGION_X5Y9}
PBLOCK pb_mvchan_3 cells=1 range={CLOCKREGION_X0Y10:CLOCKREGION_X5Y14}
WHS_GATE: OK whs=0.000
BUILD_OK
