#-----------------------------------------------------------
# Vivado v2024.2 (64-bit)
# SW Build 5239630 on Fri Nov 08 22:34:34 MST 2024
# IP Build 5239520 on Sun Nov 10 16:12:51 MST 2024
# SharedData Build 5239561 on Fri Nov 08 14:39:27 MST 2024
# Start of session at: Mon Aug 24 23:15:30 2026
# Process ID         : 3501964
# Current directory  : /home/cah/r2d2/code/fpga/fable5_llm/synth/out_build_035_fp2a_exc_po
# Command line       : vivado -mode batch -nojournal -log finalverify.log -source ../scripts/final_verify.tcl -tclargs /home/cah/r2d2/code/fpga/fable5_llm/synth/out_build_035_fp2a_exc_po/bd_wrapper_po_routed.dcp /home/cah/r2d2/code/fpga/fable5_llm/synth/constraints/fable5_xdma_rst_exception.xdc
# Log file           : /home/cah/r2d2/code/fpga/fable5_llm/synth/out_build_035_fp2a_exc_po/finalverify.log
# Journal file       : 
# Running On         : darthplagueis
# Platform           : Ubuntu
# Operating System   : Ubuntu 24.04.4 LTS
# Processor Detail   : AMD Ryzen 9 5950X 16-Core Processor
# CPU Frequency      : 1746.460 MHz
# CPU Physical cores : 16
# CPU Logical cores  : 32
# Host memory        : 135000 MB
# Swap memory        : 146028 MB
# Total Virtual      : 281029 MB
# Available Virtual  : 222312 MB
#-----------------------------------------------------------
source ../scripts/final_verify.tcl
# set dcp [lindex $argv 0]
# set XDC [lindex $argv 1]
# open_checkpoint $dcp
Command: open_checkpoint /home/cah/r2d2/code/fpga/fable5_llm/synth/out_build_035_fp2a_exc_po/bd_wrapper_po_routed.dcp

Starting open_checkpoint Task

Time (s): cpu = 00:00:00.03 ; elapsed = 00:00:00.03 . Memory (MB): peak = 1460.219 ; gain = 0.000 ; free physical = 8531 ; free virtual = 211806
INFO: [Device 21-403] Loading part xcvu9p-fsgd2104-2L-e
Netlist sorting complete. Time (s): cpu = 00:00:04 ; elapsed = 00:00:04 . Memory (MB): peak = 3862.910 ; gain = 0.000 ; free physical = 5901 ; free virtual = 209494
INFO: [Netlist 29-17] Analyzing 31270 Unisim elements for replacement
INFO: [Netlist 29-28] Unisim Transformation completed in 10 CPU seconds
INFO: [Project 1-479] Netlist was created with Vivado 2024.2
INFO: [Project 1-570] Preparing netlist for logic optimization
WARNING: [Constraints 18-550] Could not create 'DRIVE' constraint because net 'bd_i/ddr4_0/inst/u_ddr4_mem_intfc/u_mig_ddr4_phy/cal_RESET_n[0]' is not directly connected to top level port. 'DRIVE' is ignored for synthesis but preserved for implementation.
WARNING: [Constraints 18-550] Could not create 'SLEW' constraint because net 'bd_i/ddr4_0/inst/u_ddr4_mem_intfc/u_mig_ddr4_phy/cal_RESET_n[0]' is not directly connected to top level port. 'SLEW' is ignored for synthesis but preserved for implementation.
WARNING: [Constraints 18-550] Could not create 'IBUF_LOW_PWR' constraint because net 'bd_i/ddr4_0/inst/u_ddr4_mem_intfc/u_mig_ddr4_phy/sys_clk_in' is not directly connected to top level port. 'IBUF_LOW_PWR' is ignored for synthesis but preserved for implementation.
WARNING: [Constraints 18-550] Could not create 'DRIVE' constraint because net 'bd_i/ddr4_1/inst/u_ddr4_mem_intfc/u_mig_ddr4_phy/cal_RESET_n[0]' is not directly connected to top level port. 'DRIVE' is ignored for synthesis but preserved for implementation.
WARNING: [Constraints 18-550] Could not create 'SLEW' constraint because net 'bd_i/ddr4_1/inst/u_ddr4_mem_intfc/u_mig_ddr4_phy/cal_RESET_n[0]' is not directly connected to top level port. 'SLEW' is ignored for synthesis but preserved for implementation.
WARNING: [Constraints 18-550] Could not create 'IBUF_LOW_PWR' constraint because net 'bd_i/ddr4_1/inst/u_ddr4_mem_intfc/u_mig_ddr4_phy/sys_clk_in' is not directly connected to top level port. 'IBUF_LOW_PWR' is ignored for synthesis but preserved for implementation.
WARNING: [Constraints 18-550] Could not create 'DRIVE' constraint because net 'bd_i/ddr4_2/inst/u_ddr4_mem_intfc/u_mig_ddr4_phy/cal_RESET_n[0]' is not directly connected to top level port. 'DRIVE' is ignored for synthesis but preserved for implementation.
WARNING: [Constraints 18-550] Could not create 'SLEW' constraint because net 'bd_i/ddr4_2/inst/u_ddr4_mem_intfc/u_mig_ddr4_phy/cal_RESET_n[0]' is not directly connected to top level port. 'SLEW' is ignored for synthesis but preserved for implementation.
WARNING: [Constraints 18-550] Could not create 'IBUF_LOW_PWR' constraint because net 'bd_i/ddr4_2/inst/u_ddr4_mem_intfc/u_mig_ddr4_phy/sys_clk_in' is not directly connected to top level port. 'IBUF_LOW_PWR' is ignored for synthesis but preserved for implementation.
WARNING: [Constraints 18-550] Could not create 'DRIVE' constraint because net 'bd_i/ddr4_3/inst/u_ddr4_mem_intfc/u_mig_ddr4_phy/cal_RESET_n[0]' is not directly connected to top level port. 'DRIVE' is ignored for synthesis but preserved for implementation.
WARNING: [Constraints 18-550] Could not create 'SLEW' constraint because net 'bd_i/ddr4_3/inst/u_ddr4_mem_intfc/u_mig_ddr4_phy/cal_RESET_n[0]' is not directly connected to top level port. 'SLEW' is ignored for synthesis but preserved for implementation.
WARNING: [Constraints 18-550] Could not create 'IBUF_LOW_PWR' constraint because net 'bd_i/ddr4_3/inst/u_ddr4_mem_intfc/u_mig_ddr4_phy/sys_clk_in' is not directly connected to top level port. 'IBUF_LOW_PWR' is ignored for synthesis but preserved for implementation.
Read ShapeDB Complete: Time (s): cpu = 00:00:00.63 ; elapsed = 00:00:00.67 . Memory (MB): peak = 5480.684 ; gain = 111.586 ; free physical = 3999 ; free virtual = 207590
INFO: [Timing 38-478] Restoring timing data from binary archive.
INFO: [Timing 38-479] Binary timing data restore complete.
INFO: [Project 1-856] Restoring constraints from binary archive.
INFO: [Power 33-23] Power model is not available for xiphy_riu_or
INFO: [Power 33-23] Power model is not available for genVref.u_hpio_vref
INFO: [Project 1-853] Binary constraint restore complete.
INFO: [Designutils 20-5722] Start Reading Physical Databases.
Reading placement.
Read Netlist Cache: Time (s): cpu = 00:00:00.44 ; elapsed = 00:00:00.47 . Memory (MB): peak = 9686.148 ; gain = 40.180 ; free physical = 1145 ; free virtual = 204716
Reading placer database...
Read Device Cache: Time (s): cpu = 00:00:00.02 ; elapsed = 00:00:00.02 . Memory (MB): peak = 9695.703 ; gain = 9.555 ; free physical = 1136 ; free virtual = 204708
Read PlaceDB: Time (s): cpu = 00:00:14 ; elapsed = 00:00:15 . Memory (MB): peak = 10366.172 ; gain = 668.086 ; free physical = 1085 ; free virtual = 204646
Read PulsedLatchDB: Time (s): cpu = 00:00:00 ; elapsed = 00:00:00 . Memory (MB): peak = 10366.172 ; gain = 0.000 ; free physical = 1084 ; free virtual = 204645
Reading routing.
Read RouteStorage: Time (s): cpu = 00:00:10 ; elapsed = 00:00:03 . Memory (MB): peak = 10773.086 ; gain = 406.914 ; free physical = 1385 ; free virtual = 204936
Read Physdb Files: Time (s): cpu = 00:00:24 ; elapsed = 00:00:18 . Memory (MB): peak = 10773.086 ; gain = 1127.117 ; free physical = 1385 ; free virtual = 204936
Restored from archive | CPU: 25.980000 secs | Memory: 925.904411 MB |
Finished XDEF File Restore: Time (s): cpu = 00:00:25 ; elapsed = 00:00:19 . Memory (MB): peak = 10773.086 ; gain = 1127.117 ; free physical = 1382 ; free virtual = 204933
INFO: [IP_Flow 19-234] Refreshing IP repositories
INFO: [IP_Flow 19-1704] No user IP repositories specified
INFO: [IP_Flow 19-2313] Loaded Vivado IP repository '/home/cah/r2d2/sc2data/tools/Vivado/2024.2/data/ip'.
Netlist sorting complete. Time (s): cpu = 00:00:00.05 ; elapsed = 00:00:00.05 . Memory (MB): peak = 10773.086 ; gain = 0.000 ; free physical = 1365 ; free virtual = 204917
INFO: [Project 1-111] Unisim Transformation Summary:
  A total of 7072 instances were transformed.
  DSP48E1 => DSP48E2 (DSP_ALU, DSP_A_B_DATA, DSP_C_DATA, DSP_MULTIPLIER, DSP_M_DATA, DSP_OUTPUT, DSP_PREADD, DSP_PREADD_DATA): 12 instances
  DSP48E2 => DSP48E2 (DSP_ALU, DSP_A_B_DATA, DSP_C_DATA, DSP_MULTIPLIER, DSP_M_DATA, DSP_OUTPUT, DSP_PREADD, DSP_PREADD_DATA): 1846 instances
  IBUF => IBUF (IBUFCTRL, INBUF): 1 instance 
  IBUFDS => IBUFDS (DIFFINBUF, IBUFCTRL): 4 instances
  IOBUFDS => IOBUFDS (DIFFINBUF, IBUFCTRL, INV, OBUFT(x2)): 32 instances
  IOBUFE3 => IOBUFE3 (IBUFCTRL, INBUF, OBUFT_DCIEN): 288 instances
  LUT6_2 => LUT6_2 (LUT5, LUT6): 124 instances
  OBUFDS => OBUFDS_DUAL_BUF (INV, OBUF(x2)): 4 instances
  RAM16X1D => RAM32X1D (RAMD32(x2)): 32 instances
  RAM256X1S => RAM256X1S (MUXF7(x2), MUXF8, RAMS64E(x4)): 9 instances
  RAM32M => RAM32M (RAMD32(x6), RAMS32(x2)): 860 instances
  RAM32M16 => RAM32M16 (RAMD32(x14), RAMS32(x2)): 1878 instances
  RAM32X1D => RAM32X1D (RAMD32(x2)): 75 instances
  RAM64M => RAM64M (RAMD64E(x4)): 16 instances
  RAM64M8 => RAM64M8 (RAMD64E(x8)): 1875 instances
  RAM64X1D => RAM64X1D (RAMD64E(x2)): 16 instances

INFO: [Project 1-604] Checkpoint was created with Vivado v2024.2 (64-bit) build 5239630
WARNING: [Vivado 12-23575] Critical violations of the methodology design rules detected. Critical violations may contribute to timing failures or cause functional issues in hardware. Run report_methodology for more information.
open_checkpoint: Time (s): cpu = 00:04:16 ; elapsed = 00:02:25 . Memory (MB): peak = 10773.086 ; gain = 9312.867 ; free physical = 1364 ; free virtual = 204916
# read_xdc -quiet $XDC
# puts "FV_CHECKPOINT: $dcp"
FV_CHECKPOINT: /home/cah/r2d2/code/fpga/fable5_llm/synth/out_build_035_fp2a_exc_po/bd_wrapper_po_routed.dcp
get_timing_paths: Time (s): cpu = 00:04:20 ; elapsed = 00:00:49 . Memory (MB): peak = 11929.992 ; gain = 1156.906 ; free physical = 1090 ; free virtual = 204281
# puts "FV_WNS: [get_property SLACK [get_timing_paths -max_paths 1 -nworst 1 -setup]]"
FV_WNS: 0.000
# puts "FV_WHS: [get_property SLACK [get_timing_paths -max_paths 1 -nworst 1 -hold]]"
FV_WHS: 0.000
WARNING: [Timing 38-164] This design has multiple clocks. Inter clock paths are considered valid unless explicitly excluded by timing constraints such as set_clock_groups or set_false_path.
WARNING: [Vivado 12-975] No timing paths matched 'get_timing_paths -max_paths 5000 -nworst 1 -setup -slack_lesser_than 0'.
# set fail [get_timing_paths -max_paths 5000 -nworst 1 -setup -slack_lesser_than 0]
# puts "FV_FAILING_SETUP: [llength $fail]"
FV_FAILING_SETUP: 0
# foreach p $fail { puts "FV_FAIL [get_property SLACK $p] [get_property GROUP $p] [get_property ENDPOINT_PIN $p]" }
WARNING: [Timing 38-164] This design has multiple clocks. Inter clock paths are considered valid unless explicitly excluded by timing constraints such as set_clock_groups or set_false_path.
WARNING: [Vivado 12-975] No timing paths matched 'get_timing_paths -max_paths 5000 -nworst 1 -hold -slack_lesser_than 0'.
# set hfail [get_timing_paths -max_paths 5000 -nworst 1 -hold -slack_lesser_than 0]
# puts "FV_FAILING_HOLD: [llength $hfail]"
FV_FAILING_HOLD: 0
# set xp [get_timing_paths -to [get_pins -quiet -hier -filter {NAME =~ *u_engine/xline_q0_reg*/CE}] -setup -max_paths 1000 -nworst 1]
# array set cw {}
# foreach p $xp {
#     set ep [get_property ENDPOINT_PIN $p]; set s [get_property SLACK $p]
#     if {[regexp {mvchan_(\d+)} $ep -> m]} { if {![info exists cw($m)] || $s < $cw($m)} { set cw($m) $s } }
# }
# foreach c [lsort [array names cw]] { puts "FV_XLINE_WORST_mvchan_$c: $cw($c)" }
FV_XLINE_WORST_mvchan_0: 0.173
FV_XLINE_WORST_mvchan_1: 0.094
FV_XLINE_WORST_mvchan_2: 0.221
FV_XLINE_WORST_mvchan_3: 0.077
# foreach pat {*layer_0*u_core/u_dn/*/D *seq_0*u_seq/*/D *u_engine/xline_q0_reg*/CE} {
#     set ps [get_pins -quiet -hier -filter "NAME =~ $pat"]
#     set tp [get_timing_paths -quiet -to $ps -setup -max_paths 1 -nworst 1]
#     if {[llength $tp] == 0} { puts "FV_FATAL: $pat NOT ANALYSED"; exit 1 }
#     puts "FV_STILL_CHECKED $pat slack=[get_property SLACK [lindex $tp 0]]"
# }
FV_STILL_CHECKED *layer_0*u_core/u_dn/*/D slack=0.001
FV_STILL_CHECKED *seq_0*u_seq/*/D slack=0.011
FV_STILL_CHECKED *u_engine/xline_q0_reg*/CE slack=0.077
# puts "FV_OK"
FV_OK
INFO: [Common 17-206] Exiting Vivado at Mon Aug 24 23:18:57 2026...
