  mem region 0: 1297472 B @ 000090000000   /home/cah/r2d2/code/fpga/fable5_llm/tb/scripts/w9/model_9b_s2.e4.seq
  mem region 1: 2136576 B @ 000080000000   /home/cah/r2d2/code/fpga/fable5_llm/tb/scripts/w9/model_9b_s2.e4.seqdata.bin
  mem region 2: 2034237440 B @ 000060000000   /home/cah/r2d2/code/fpga/fable5_llm/tb/scripts/w9/model_9b_s2.emb.bin
  mem region 0: 1026097152 B @ 000010000000   /home/cah/r2d2/code/fpga/fable5_llm/tb/scripts/w9/model_9b_s2.wimg0.bin
  mem region 0: 1022853120 B @ 000010000000   /home/cah/r2d2/code/fpga/fable5_llm/tb/scripts/w9/model_9b_s2.wimg1.bin
  mem region 0: 1021771776 B @ 000010000000   /home/cah/r2d2/code/fpga/fable5_llm/tb/scripts/w9/model_9b_s2.wimg2.bin
  mem region 0: 1021771776 B @ 000010000000   /home/cah/r2d2/code/fpga/fable5_llm/tb/scripts/w9/model_9b_s2.wimg3.bin
tb_seq_chip: launch 0 [-] rec_off 0, 81092 records, 6 tokens, 36864 scratch words, NMV=4 WIMGPC=1 LAT=4 DDRLAT=32 WLAT=40
  TOK[0] = 00117 (279) == golden OK
  TOK[1] = 00108 (264) == golden OK
  TOK[2] = 00356 (854) == golden OK
  TOK[3] = 0000b (11) == golden OK
  TOK[4] = 0012f (303) == golden OK
  TOK[5] = 00108 (264) == golden OK
SEQ-CHIP /home/cah/r2d2/code/fpga/fable5_llm/tb/scripts/w9/model_9b_s2.e4 launch 0 [-]: 81092 records, 200098897 cycles (2467.55 cyc/rec, 800.396 ms @250MHz, PERF_CYC 200098889)
LAUNCH 0 PASS: [-] pc 81091, tokens 6, tcnt 8, scratch 36864
  axil writes 285606
  axil reads  11304621
  burst: 111930 write bursts (26423808 beats), 162108 read bursts (40820736 beats), busy_wr 50895391 busy_rd 47368548, decerr 0 non-OK 0, BLAT=4
  fetch-empty stall cycles 84
  ddr beats 544808 (miss 0), weight beats 383606784 total across 4 chan (miss 0) [ 96180480/95876352/95774976/95774976]
  DUT held in reset 0 times after t=0 (rst_armed asserted before launch 0, never violated)
TB_SEQ_CHIP PASS: /home/cah/r2d2/code/fpga/fable5_llm/tb/scripts/w9/model_9b_s2.e4 (launches 1, 200098897 cycles total, scratch 36864/launch, tokens 6, tcnt 8)
- tb_seq_chip.sv:1019: Verilog $finish
