host snoke   2026-08-25T18:49:26-06:00
git  d999a54
py   /home/cah/.venv/bin/python  (3.12.3 numpy 2.4.6)
--- git status --porcelain at run time:
      M evidence/qwen_next/ladder/ladder_table.py
      M evidence/qwen_next/ladder/run_fidelity.sh
     ?? evidence/qwen_next/defect_a/run.log
     ?? evidence/qwen_next/ladder/LADDER.md
     ?? evidence/qwen_next/ladder/calib_4b.log
     ?? evidence/qwen_next/ladder/calib_9b.log
     ?? evidence/qwen_next/ladder/fidelity_9b_w8_SMOKE.log
     ?? evidence/qwen_next/ladder/fidelity_9b_w8_SMOKE_S21.log
     ?? evidence/qwen_next/ladder/golden_9b.log
     ?? evidence/qwen_next/ladder/ppl_4b_bf16.json
     ?? evidence/qwen_next/ladder/ppl_4b_bf16.log
     ?? evidence/qwen_next/ladder/ppl_4b_w4g128.json
     ?? evidence/qwen_next/ladder/ppl_4b_w4g128.log
     ?? evidence/qwen_next/ladder/ppl_4b_w4g64.json
     ?? evidence/qwen_next/ladder/ppl_4b_w4g64.log
     ?? evidence/qwen_next/ladder/ppl_4b_w8g128.json
     ?? evidence/qwen_next/ladder/ppl_4b_w8g128.log
     ?? evidence/qwen_next/ladder/ppl_9b_bf16.log
     ?? evidence/qwen_next/place_exp/
     ?? synth/exp_uram/
     (end)

### selftest_08b.log
###   exit 0  -> selftest_08b.log
### embgeom_08b.log
###   exit 0  -> embgeom_08b.log
### embgeom_2b.log
###   exit 0  -> embgeom_2b.log
### embgeom_4b.log
###   exit 0  -> embgeom_4b.log
### embgeom_9b.log
###   exit 0  -> embgeom_9b.log
### damage_08b.log
###   exit 0  -> damage_08b.log
### damage_2b.log
###   exit 0  -> damage_2b.log
### damage_4b.log
###   exit 0  -> damage_4b.log
### damage_9b.log
###   exit 0  -> damage_9b.log
### demo_2b.log
###   exit 0  -> demo_2b.log
### sibling_2b.log
###   exit 0  -> sibling_2b.log
### defect_b_2b.log
###   exit 0  -> defect_b_2b.log
### a1_08b.log
###   exit 0  -> a1_08b.log
### a3_anchor_08b.log
###   exit 0  -> a3_anchor_08b.log

RUN: PASS
