=== host: snoke  date: 2026-08-24T23:31:09-06:00
=== tree: b3dd123+dirty
=== cmd : /home/cah/r2d2/code/fpga/fable5_llm/evidence/qwen2b/rd/rd_program_035.sh
=== venv: 3.12.3 numpy 2.4.6
### 1. pcie_helper.sh remove
0000:82:00.0 not present (already removed?)
  rc=0
### 2. program_fpga.sh (JTAG, VOLATILE) synth/out_build_035_fp2a_exc_po/bd_wrapper.bit
# if {[llength $argv] < 1} { puts "FATAL: need <bitfile>"; exit 1 }
# if {![file exists $bit]} { puts "FATAL: $bit not found"; exit 1 }
# if {$dev eq ""} { puts "FATAL: no xcvu9p device on JTAG"; exit 1 }
# puts "PROGRAM_OK: $bit"
PROGRAM_OK: /home/cah/r2d2/code/fpga/fable5_llm/synth/out_build_035_fp2a_exc_po/bd_wrapper.bit

real	1m19.991s
user	0m51.965s
sys	0m3.057s
  rc=0
### 3. pcie_helper.sh rescan
rescan OK: 82:00.0 Serial controller: Xilinx Corporation Device 9038
  rc=0
### 4. pcie_helper.sh load (xdma.ko — gone since the 08-19 reboot)
insmod /home/cah/r2d2/code/fpga/references/dma_ip_drivers/XDMA/linux-kernel/xdma/xdma.ko OK
load OK: /dev/xdma0_c2h_0 /dev/xdma0_control /dev/xdma0_events_0 /dev/xdma0_events_1 /dev/xdma0_events_10 /dev/xdma0_events_11 /dev/xdma0_events_12 /dev/xdma0_events_13 /dev/xdma0_events_14 /dev/xdma0_events_15 /dev/xdma0_events_2 /dev/xdma0_events_3 /dev/xdma0_events_4 /dev/xdma0_events_5 /dev/xdma0_events_6 /dev/xdma0_events_7 /dev/xdma0_events_8 /dev/xdma0_events_9 /dev/xdma0_h2c_0 /dev/xdma0_user /dev/xdma0_xvc 
  rc=0
### 5. enumeration
82:00.0 Serial controller: Xilinx Corporation Device 9038
crw-rw-rw- 1 root root 510, 36 Aug 24 23:32 /dev/xdma0_c2h_0
crw-rw-rw- 1 root root 510,  1 Aug 24 23:32 /dev/xdma0_control
crw-rw-rw- 1 root root 510, 10 Aug 24 23:32 /dev/xdma0_events_0
crw-rw-rw- 1 root root 510, 11 Aug 24 23:32 /dev/xdma0_events_1
crw-rw-rw- 1 root root 510, 20 Aug 24 23:32 /dev/xdma0_events_10
crw-rw-rw- 1 root root 510, 21 Aug 24 23:32 /dev/xdma0_events_11
crw-rw-rw- 1 root root 510, 22 Aug 24 23:32 /dev/xdma0_events_12
crw-rw-rw- 1 root root 510, 23 Aug 24 23:32 /dev/xdma0_events_13
crw-rw-rw- 1 root root 510, 24 Aug 24 23:32 /dev/xdma0_events_14
crw-rw-rw- 1 root root 510, 25 Aug 24 23:32 /dev/xdma0_events_15
crw-rw-rw- 1 root root 510, 12 Aug 24 23:32 /dev/xdma0_events_2
crw-rw-rw- 1 root root 510, 13 Aug 24 23:32 /dev/xdma0_events_3
crw-rw-rw- 1 root root 510, 14 Aug 24 23:32 /dev/xdma0_events_4
crw-rw-rw- 1 root root 510, 15 Aug 24 23:32 /dev/xdma0_events_5
crw-rw-rw- 1 root root 510, 16 Aug 24 23:32 /dev/xdma0_events_6
crw-rw-rw- 1 root root 510, 17 Aug 24 23:32 /dev/xdma0_events_7
crw-rw-rw- 1 root root 510, 18 Aug 24 23:32 /dev/xdma0_events_8
crw-rw-rw- 1 root root 510, 19 Aug 24 23:32 /dev/xdma0_events_9
crw-rw-rw- 1 root root 510, 32 Aug 24 23:32 /dev/xdma0_h2c_0
crw-rw-rw- 1 root root 510,  0 Aug 24 23:32 /dev/xdma0_user
crw-rw-rw- 1 root root 510,  2 Aug 24 23:32 /dev/xdma0_xvc
=== rc  : 0
=== end : 2026-08-24T23:32:32-06:00
