=== host: snoke  date: 2026-08-24T23:56:49-06:00
=== tree: dcdf5cd+dirty
=== cmd : /home/cah/r2d2/code/fpga/fable5_llm/sw/.venv/bin/python -u /home/cah/r2d2/code/fpga/fable5_llm/sw/seq_run.py --prefix tb/scripts/w5/model_w8_2b_s1.e --four-chan --zero-scratch --out evidence/qwen2b/rd/seq_run4_2b_build035_zeroed.json
=== venv: 3.12.3 numpy 2.4.6
--- SEQ stream: tb/scripts/w5/model_w8_2b_s1.e
  artifacts base   tb/scripts/w5/model_w8_2b_s1
  stream           68503 records, 1096048 B (sha256 fa8d9349cf1d0aa6) VALIDATED
  seqdata          1107712 B (sha256 e8d536ee95880ff3)
  profile          epsnorm  dyn_ka=True  loop 3 steps (structurally safe)
  opcodes          {'CSRWR': 42887, 'CMD': 14252, 'MOVX': 2992, 'MOVY': 3464, 'MVGO': 3464, 'EMB': 4, 'AMAXL': 4, 'JMP': 1, 'FENCE': 868, 'HALT': 1, 'LDC*': 538, 'XOP*': 28}
  expected tokens  [279, 314, 279, 369, 11751, 13]
  mode             4-CHANNEL row-split (weights over DDR chans [0, 1, 2, 3], fetch on chan 0)
--- DDR plan (fetch channel 0, host offset 0x0, nch=4)
  stream    0x9000000 .. 0x910b970  (window 48 MiB)
  seqdata   0xc000000 .. 0xc10e700  (window 64 MiB)
  weights   0x10000000 ..            (plan_weights, 187 images, chans [0, 1, 2, 3])
  embedding 0x60000000  (fetch chan 0)
  RELOCATION: 538 LDC records (24 XRF-indirected) rebased by -0x74000000 (emitter 0x80000000 -> 0xc000000); 4 EMB records checked, delta +0x0
--- board: MAGIC=0xfab1e001 VERSION=0x54443b9f CALIB=0xf  SEQ=READY
  weight plan: 187 images match the stream's MVGO plan; 3464 MVGO WBASEs row-aligned inside them
--- upload
  weights   187 images, 1847 MiB -> 0x10000000..0x2d0c4000/0x2cdac000/0x2cca4000/0x2cca4000 (row-split over chans [0, 1, 2, 3], wid [186] chunk-INTERLEAVED (rung 4 S4))  [readback OK]
  embedding 970 MiB -> 0x60000000  [readback OK]
  seqdata   1107712 B -> 0xc000000  [readback OK]
  stream    1096048 B (68503 records) -> 0x9000000  [readback OK]
  2819 MiB written, 2819 MiB read back and compared, 21.7s
--- run
  scratch   32768 words zeroed via SPTR/SWIN and read back: 0 non-zero (0.1s)
  EMBLOG2    12 (4096 B embedding rows)
  SEQ_BASE=0x9000000 LEN=68503 ENTRY=0 -> START
    pc 344/68503  (0.0s)
    pc 4170/68503  (0.0s)
    pc 8357/68503  (0.0s)
    pc 12923/68503  (0.0s)
    pc 17111/68503  (0.1s)
    pc 20526/68503  (0.1s)
    pc 25073/68503  (0.1s)
    pc 28873/68503  (0.1s)
    pc 33063/68503  (0.1s)
    pc 37231/68503  (0.1s)
    pc 41041/68503  (0.1s)
    pc 45219/68503  (0.2s)
    pc 49782/68503  (0.2s)
    pc 53483/68503  (0.2s)
    pc 57615/68503  (0.2s)
    pc 61510/68503  (0.2s)
    pc 65655/68503  (0.2s)
    pc 51828/68503  (0.2s)
    pc 53342/68503  (0.3s)
    pc 57922/68503  (0.3s)
    pc 62102/68503  (0.3s)
    pc 65902/68503  (0.3s)
    pc 51781/68503  (0.3s)
    pc 53321/68503  (0.3s)
    pc 57875/68503  (0.3s)
    pc 62060/68503  (0.3s)
    pc 65855/68503  (0.4s)
  halted at pc=68502/68503 in 0.374s wall / 371.758 ms device
  STATUS=0x00010004 err=False err_code=0x00 (no error)
  perf: {'cyc': 92939555, 'rec': 101991, 'axil_wr': 132968, 'axil_rd': 4548173, 'fetch_starved_cyc': 95, 'xrf_ovf': False}
  tokens: [279, 314, 279, 369, 11751, 13]
  TOKENS   IDENTICAL to the .seq.json (6 tokens)
--- post-halt state vs tb/scripts/w5/model_w8_2b_s1.e.chip
  golden    16404 state checks, ALL MATCH
SEQ RUN: PASS
report -> evidence/qwen2b/rd/seq_run4_2b_build035_zeroed.json
=== rc  : 0
=== end : 2026-08-24T23:57:13-06:00
