=== host: snoke  date: 2026-09-23T12:32:57-06:00
=== tree: ecdca3b
=== cmd : bash evidence/qwen_next/nvfp4/c1_identity.sh evidence/qwen_next/nvfp4/n01_ppl_08b_w4g128_pre.json evidence/qwen_next/nvfp4/n43_ppl_08b_w4g128_final.json evidence/qwen2b/q1/ppl_08b_w4g128.json
=== venv: /home/cah/.venv/bin/python (shipped venv (no interpreter named in cmd)): 3.12.3 numpy 2.4.6
--- full text diff PRE vs POST (expect only timing + NV1-added fields)
1a2,4
>  "act": null,
>  "act_calib": null,
>  "act_resolved": null,
4a8
>  "bytes_per_token_matvec": 417435648.0,
120a125
>  "device": "cpu",
145a151
>  "model_dtype": "float32",
153,154c159,164
<  "seconds_build": 245.48043251037598,
<  "seconds_eval": 190.39488172531128,
---
>  "rht_form": null,
>  "rht_n_sites": 0,
>  "rht_seed": null,
>  "seconds_act_calib": 0.0,
>  "seconds_build": 245.23233342170715,
>  "seconds_eval": 187.14569449424744,
--- required fields
IDENTICAL   "nll_sum": 76294.3361415863,
IDENTICAL   "ppl": 22.43225053907716,
IDENTICAL   "n_positions": 24528,
IDENTICAL   "total_bits": 7415936000.0,
IDENTICAL   "avg_bits_per_weight": 7.366779659896292,
IDENTICAL  classes block (101 lines, sha256 31e9bfbe96e75820)
--- secondary: POST vs the committed cross-host json
nll_sum  post 76294.3361415863 committed 76294.33612775803  rel diff 1.812e-10
ppl      post 22.43225053907716 committed 22.432250526430412  rel diff 5.638e-10
 "torch": "2.6.0+cu124",
 "torch": "2.12.0+cpu",
C1 BYTE-IDENTITY: PASS
=== rc  : 0
=== end : 2026-09-23T12:32:57-06:00
