=== host: snoke
=== date: 2026-09-05T07:36:50-06:00
=== tree: 0fe1407
=== cmd:  bash evidence/qwen9b/g4/run_g4a_replay.sh model_9b_s --seeds 4 --tokens-ref /home/cah/r2d2/code/fpga/fable5_llm/evidence/qwen9b/g4/G4A_REPLAY.md
=== venv: /home/cah/.venv/bin/python (exists)
===       ref/.venv/bin/python (ABSENT)
===       uv: /home/cah/.local/bin/uv (exists)
=== cpu:  nproc=48 OMP_NUM_THREADS=unset MKL_NUM_THREADS=unset
=== env:  FABLE5_MODEL=unset FABLE5_DN_STATE=unset FABLE5_RS_F=unset
===       FABLE5_CALIB_STATS=unset FABLE5_CALIB_MODE=unset
=== ---
=== binary   /home/cah/r2d2/code/fpga/fable5_llm/tb/obj_dir_tb_seq_chip_9b/tb_seq_chip_9b
=== built    2026-09-05T03:38:14-06:00
=== stem     model_9b_s   seeds:  1 2 3 4 
=== watchdog 172800000 ms
=== per-seed stdout under /home/cah/r2d2/code/fpga/fable5_llm/evidence/qwen9b/s4/seedlogs_model_9b_s
=== tokens-ref /home/cah/r2d2/code/fpga/fable5_llm/evidence/qwen9b/g4/G4A_REPLAY.md
SEED model_9b_s1 rc=0 wall=9211s
SEED model_9b_s2 rc=0 wall=9227s
SEED model_9b_s3 rc=0 wall=9386s
SEED model_9b_s4 rc=0 wall=9627s
--- verdict lines, one seed per block ---
--- model_9b_s1
    tb_seq_chip: launch 0 [-] rec_off 0, 158536 records, 6 tokens, 36864 scratch words, NMV=4 WIMGPC=1 LAT=4 DDRLAT=32 WLAT=40
      burst: 108762 write bursts (25637376 beats), 162108 read bursts (40820736 beats), busy_wr 50006166 busy_rd 47368548, decerr 0 non-OK 0, BLAT=4
      ddr beats 448410 (miss 0), weight beats 383606784 total across 4 chan (miss 0) [ 96180480/95876352/95774976/95774976]
    TB_SEQ_CHIP PASS: /home/cah/r2d2/code/fpga/fable5_llm/tb/scripts/w9/model_9b_s1.e4 (launches 1, 196706821 cycles total, scratch 36864/launch, tokens 6, tcnt 8)
    TOKENS measured  [2614,314,279,369,11751,13]
    TOKENS record    [2614,314,279,369,11751,13]  (G4A_REPLAY.md)
    TOKENS IDENTICAL TO G4A
--- model_9b_s2
    tb_seq_chip: launch 0 [-] rec_off 0, 79289 records, 6 tokens, 36864 scratch words, NMV=4 WIMGPC=1 LAT=4 DDRLAT=32 WLAT=40
      burst: 108762 write bursts (25637376 beats), 162108 read bursts (40820736 beats), busy_wr 50006917 busy_rd 47368548, decerr 0 non-OK 0, BLAT=4
      ddr beats 448413 (miss 0), weight beats 383606784 total across 4 chan (miss 0) [ 96180480/95876352/95774976/95774976]
    TB_SEQ_CHIP PASS: /home/cah/r2d2/code/fpga/fable5_llm/tb/scripts/w9/model_9b_s2.e4 (launches 1, 196707670 cycles total, scratch 36864/launch, tokens 6, tcnt 8)
    TOKENS measured  [279,264,854,11,303,264]
    TOKENS record    [279,264,854,11,303,264]  (G4A_REPLAY.md)
    TOKENS IDENTICAL TO G4A
--- model_9b_s3
    tb_seq_chip: launch 0 [-] rec_off 0, 79289 records, 6 tokens, 36864 scratch words, NMV=4 WIMGPC=1 LAT=4 DDRLAT=32 WLAT=40
      burst: 108762 write bursts (25637376 beats), 162108 read bursts (40820736 beats), busy_wr 50006917 busy_rd 47368548, decerr 0 non-OK 0, BLAT=4
      ddr beats 448413 (miss 0), weight beats 383606784 total across 4 chan (miss 0) [ 96180480/95876352/95774976/95774976]
    TB_SEQ_CHIP PASS: /home/cah/r2d2/code/fpga/fable5_llm/tb/scripts/w9/model_9b_s3.e4 (launches 1, 196707670 cycles total, scratch 36864/launch, tokens 6, tcnt 8)
    TOKENS measured  [313,430,2510,198,1445,27180]
    TOKENS record    [313,430,2510,198,1445,27180]  (G4A_REPLAY.md)
    TOKENS IDENTICAL TO G4A
--- model_9b_s4
    tb_seq_chip: launch 0 [-] rec_off 0, 158536 records, 6 tokens, 36864 scratch words, NMV=4 WIMGPC=1 LAT=4 DDRLAT=32 WLAT=40
      burst: 108762 write bursts (25637376 beats), 162108 read bursts (40820736 beats), busy_wr 50006166 busy_rd 47368548, decerr 0 non-OK 0, BLAT=4
      ddr beats 448410 (miss 0), weight beats 383606784 total across 4 chan (miss 0) [ 96180480/95876352/95774976/95774976]
    TB_SEQ_CHIP PASS: /home/cah/r2d2/code/fpga/fable5_llm/tb/scripts/w9/model_9b_s4.e4 (launches 1, 196706833 cycles total, scratch 36864/launch, tokens 6, tcnt 8)
    TOKENS measured  [11,0,271,803,369,498]
    TOKENS record    [11,0,271,803,369,498]  (G4A_REPLAY.md)
    TOKENS IDENTICAL TO G4A
--- total wall 9627s for 4 seed(s) in parallel
--- TOKENS IDENTICAL TO G4A on 4 of 4 seed(s)
G4A_REPLAY model_9b_s: ALL PASS
=== rc: 0
=== end: 2026-09-05T10:17:17-06:00
