=== host: snoke
=== date: 2026-09-05T12:00:45-06:00
=== tree: 8f89870
=== cmd:  bash evidence/qwen9b/s4/run_s4_census.sh s4nd40 scripts/w9/model_9b_s1.txt 0 scripts/w9/model_9b_s1.emb.bin 4096 2000000
=== venv: /home/cah/.venv/bin/python (exists)
===       ref/.venv/bin/python (ABSENT)
===       uv: /home/cah/.local/bin/uv (exists)
=== cpu:  nproc=48 OMP_NUM_THREADS=unset MKL_NUM_THREADS=unset
=== env:  FABLE5_MODEL=unset FABLE5_DN_STATE=unset FABLE5_RS_F=unset
===       FABLE5_CALIB_STATS=unset FABLE5_CALIB_MODE=unset
=== ---
=== build s4nd40 into obj_dir_tb_layer_census_s4nd40_lat40 (layer_chan from /home/cah/r2d2/code/fpga/fable5_llm/rtl/layer_chan.sv), LAT=40 ===
make: Entering directory '/home/cah/r2d2/code/fpga/fable5_llm/tb/obj_dir_tb_layer_census_s4nd40_lat40'
g++ -Os  -I.  -MMD -I/usr/share/verilator/include -I/usr/share/verilator/include/vltstd -DVM_COVERAGE=0 -DVM_SC=0 -DVM_TRACE=0 -DVM_TRACE_FST=0 -DVM_TRACE_VCD=0 -faligned-new -fcf-protection=none -Wno-bool-operation -Wno-overloaded-virtual -Wno-shadow -Wno-sign-compare -Wno-uninitialized -Wno-unused-but-set-parameter -Wno-unused-but-set-variable -Wno-unused-parameter -Wno-unused-variable     -DVL_TIME_CONTEXT   -fcoroutines -c -o verilated.o /usr/share/verilator/include/verilated.cpp
g++ -Os  -I.  -MMD -I/usr/share/verilator/include -I/usr/share/verilator/include/vltstd -DVM_COVERAGE=0 -DVM_SC=0 -DVM_TRACE=0 -DVM_TRACE_FST=0 -DVM_TRACE_VCD=0 -faligned-new -fcf-protection=none -Wno-bool-operation -Wno-overloaded-virtual -Wno-shadow -Wno-sign-compare -Wno-uninitialized -Wno-unused-but-set-parameter -Wno-unused-but-set-variable -Wno-unused-parameter -Wno-unused-variable     -DVL_TIME_CONTEXT   -fcoroutines -c -o verilated_timing.o /usr/share/verilator/include/verilated_timing.cpp
g++ -Os  -I.  -MMD -I/usr/share/verilator/include -I/usr/share/verilator/include/vltstd -DVM_COVERAGE=0 -DVM_SC=0 -DVM_TRACE=0 -DVM_TRACE_FST=0 -DVM_TRACE_VCD=0 -faligned-new -fcf-protection=none -Wno-bool-operation -Wno-overloaded-virtual -Wno-shadow -Wno-sign-compare -Wno-uninitialized -Wno-unused-but-set-parameter -Wno-unused-but-set-variable -Wno-unused-parameter -Wno-unused-variable     -DVL_TIME_CONTEXT   -fcoroutines -c -o verilated_threads.o /usr/share/verilator/include/verilated_threads.cpp
g++ -Os  -I.  -MMD -I/usr/share/verilator/include -I/usr/share/verilator/include/vltstd -DVM_COVERAGE=0 -DVM_SC=0 -DVM_TRACE=0 -DVM_TRACE_FST=0 -DVM_TRACE_VCD=0 -faligned-new -fcf-protection=none -Wno-bool-operation -Wno-overloaded-virtual -Wno-shadow -Wno-sign-compare -Wno-uninitialized -Wno-unused-but-set-parameter -Wno-unused-but-set-variable -Wno-unused-parameter -Wno-unused-variable     -DVL_TIME_CONTEXT   -fcoroutines -x c++-header Vtb_layer_census__pch.h -o Vtb_layer_census__pch.h.fast.gch
g++   -I.  -MMD -I/usr/share/verilator/include -I/usr/share/verilator/include/vltstd -DVM_COVERAGE=0 -DVM_SC=0 -DVM_TRACE=0 -DVM_TRACE_FST=0 -DVM_TRACE_VCD=0 -faligned-new -fcf-protection=none -Wno-bool-operation -Wno-overloaded-virtual -Wno-shadow -Wno-sign-compare -Wno-uninitialized -Wno-unused-but-set-parameter -Wno-unused-but-set-variable -Wno-unused-parameter -Wno-unused-variable     -DVL_TIME_CONTEXT   -fcoroutines -x c++-header Vtb_layer_census__pch.h -o Vtb_layer_census__pch.h.slow.gch
echo "" > Vtb_layer_census__ALL.verilator_deplist.tmp
g++   -I.  -MMD -I/usr/share/verilator/include -I/usr/share/verilator/include/vltstd -DVM_COVERAGE=0 -DVM_SC=0 -DVM_TRACE=0 -DVM_TRACE_FST=0 -DVM_TRACE_VCD=0 -faligned-new -fcf-protection=none -Wno-bool-operation -Wno-overloaded-virtual -Wno-shadow -Wno-sign-compare -Wno-uninitialized -Wno-unused-but-set-parameter -Wno-unused-but-set-variable -Wno-unused-parameter -Wno-unused-variable     -DVL_TIME_CONTEXT   -fcoroutines -include Vtb_layer_census__pch.h.slow -c -o Vtb_layer_census__ConstPool_0.o Vtb_layer_census__ConstPool_0.cpp
g++   -I.  -MMD -I/usr/share/verilator/include -I/usr/share/verilator/include/vltstd -DVM_COVERAGE=0 -DVM_SC=0 -DVM_TRACE=0 -DVM_TRACE_FST=0 -DVM_TRACE_VCD=0 -faligned-new -fcf-protection=none -Wno-bool-operation -Wno-overloaded-virtual -Wno-shadow -Wno-sign-compare -Wno-uninitialized -Wno-unused-but-set-parameter -Wno-unused-but-set-variable -Wno-unused-parameter -Wno-unused-variable     -DVL_TIME_CONTEXT   -fcoroutines -include Vtb_layer_census__pch.h.slow -c -o Vtb_layer_census___024root__Slow.o Vtb_layer_census___024root__Slow.cpp
g++   -I.  -MMD -I/usr/share/verilator/include -I/usr/share/verilator/include/vltstd -DVM_COVERAGE=0 -DVM_SC=0 -DVM_TRACE=0 -DVM_TRACE_FST=0 -DVM_TRACE_VCD=0 -faligned-new -fcf-protection=none -Wno-bool-operation -Wno-overloaded-virtual -Wno-shadow -Wno-sign-compare -Wno-uninitialized -Wno-unused-but-set-parameter -Wno-unused-but-set-variable -Wno-unused-parameter -Wno-unused-variable     -DVL_TIME_CONTEXT   -fcoroutines -include Vtb_layer_census__pch.h.slow -c -o Vtb_layer_census___024root__DepSet_hfb816c84__0__Slow.o Vtb_layer_census___024root__DepSet_hfb816c84__0__Slow.cpp
g++   -I.  -MMD -I/usr/share/verilator/include -I/usr/share/verilator/include/vltstd -DVM_COVERAGE=0 -DVM_SC=0 -DVM_TRACE=0 -DVM_TRACE_FST=0 -DVM_TRACE_VCD=0 -faligned-new -fcf-protection=none -Wno-bool-operation -Wno-overloaded-virtual -Wno-shadow -Wno-sign-compare -Wno-uninitialized -Wno-unused-but-set-parameter -Wno-unused-but-set-variable -Wno-unused-parameter -Wno-unused-variable     -DVL_TIME_CONTEXT   -fcoroutines -include Vtb_layer_census__pch.h.slow -c -o Vtb_layer_census___024root__DepSet_h256c03ec__0__Slow.o Vtb_layer_census___024root__DepSet_h256c03ec__0__Slow.cpp
g++   -I.  -MMD -I/usr/share/verilator/include -I/usr/share/verilator/include/vltstd -DVM_COVERAGE=0 -DVM_SC=0 -DVM_TRACE=0 -DVM_TRACE_FST=0 -DVM_TRACE_VCD=0 -faligned-new -fcf-protection=none -Wno-bool-operation -Wno-overloaded-virtual -Wno-shadow -Wno-sign-compare -Wno-uninitialized -Wno-unused-but-set-parameter -Wno-unused-but-set-variable -Wno-unused-parameter -Wno-unused-variable     -DVL_TIME_CONTEXT   -fcoroutines -include Vtb_layer_census__pch.h.slow -c -o Vtb_layer_census__Syms.o Vtb_layer_census__Syms.cpp
g++ -Os  -I.  -MMD -I/usr/share/verilator/include -I/usr/share/verilator/include/vltstd -DVM_COVERAGE=0 -DVM_SC=0 -DVM_TRACE=0 -DVM_TRACE_FST=0 -DVM_TRACE_VCD=0 -faligned-new -fcf-protection=none -Wno-bool-operation -Wno-overloaded-virtual -Wno-shadow -Wno-sign-compare -Wno-uninitialized -Wno-unused-but-set-parameter -Wno-unused-but-set-variable -Wno-unused-parameter -Wno-unused-variable     -DVL_TIME_CONTEXT   -fcoroutines -include Vtb_layer_census__pch.h.fast -c -o Vtb_layer_census.o Vtb_layer_census.cpp
g++ -Os  -I.  -MMD -I/usr/share/verilator/include -I/usr/share/verilator/include/vltstd -DVM_COVERAGE=0 -DVM_SC=0 -DVM_TRACE=0 -DVM_TRACE_FST=0 -DVM_TRACE_VCD=0 -faligned-new -fcf-protection=none -Wno-bool-operation -Wno-overloaded-virtual -Wno-shadow -Wno-sign-compare -Wno-uninitialized -Wno-unused-but-set-parameter -Wno-unused-but-set-variable -Wno-unused-parameter -Wno-unused-variable     -DVL_TIME_CONTEXT   -fcoroutines -include Vtb_layer_census__pch.h.fast -c -o Vtb_layer_census___024root__DepSet_hfb816c84__0.o Vtb_layer_census___024root__DepSet_hfb816c84__0.cpp
g++ -Os  -I.  -MMD -I/usr/share/verilator/include -I/usr/share/verilator/include/vltstd -DVM_COVERAGE=0 -DVM_SC=0 -DVM_TRACE=0 -DVM_TRACE_FST=0 -DVM_TRACE_VCD=0 -faligned-new -fcf-protection=none -Wno-bool-operation -Wno-overloaded-virtual -Wno-shadow -Wno-sign-compare -Wno-uninitialized -Wno-unused-but-set-parameter -Wno-unused-but-set-variable -Wno-unused-parameter -Wno-unused-variable     -DVL_TIME_CONTEXT   -fcoroutines -include Vtb_layer_census__pch.h.fast -c -o Vtb_layer_census___024root__DepSet_hfb816c84__1.o Vtb_layer_census___024root__DepSet_hfb816c84__1.cpp
g++ -Os  -I.  -MMD -I/usr/share/verilator/include -I/usr/share/verilator/include/vltstd -DVM_COVERAGE=0 -DVM_SC=0 -DVM_TRACE=0 -DVM_TRACE_FST=0 -DVM_TRACE_VCD=0 -faligned-new -fcf-protection=none -Wno-bool-operation -Wno-overloaded-virtual -Wno-shadow -Wno-sign-compare -Wno-uninitialized -Wno-unused-but-set-parameter -Wno-unused-but-set-variable -Wno-unused-parameter -Wno-unused-variable     -DVL_TIME_CONTEXT   -fcoroutines -include Vtb_layer_census__pch.h.fast -c -o Vtb_layer_census___024root__DepSet_h256c03ec__0.o Vtb_layer_census___024root__DepSet_h256c03ec__0.cpp
g++ -Os  -I.  -MMD -I/usr/share/verilator/include -I/usr/share/verilator/include/vltstd -DVM_COVERAGE=0 -DVM_SC=0 -DVM_TRACE=0 -DVM_TRACE_FST=0 -DVM_TRACE_VCD=0 -faligned-new -fcf-protection=none -Wno-bool-operation -Wno-overloaded-virtual -Wno-shadow -Wno-sign-compare -Wno-uninitialized -Wno-unused-but-set-parameter -Wno-unused-but-set-variable -Wno-unused-parameter -Wno-unused-variable     -DVL_TIME_CONTEXT   -fcoroutines -include Vtb_layer_census__pch.h.fast -c -o Vtb_layer_census___024root__DepSet_h256c03ec__1.o Vtb_layer_census___024root__DepSet_h256c03ec__1.cpp
g++ -Os  -I.  -MMD -I/usr/share/verilator/include -I/usr/share/verilator/include/vltstd -DVM_COVERAGE=0 -DVM_SC=0 -DVM_TRACE=0 -DVM_TRACE_FST=0 -DVM_TRACE_VCD=0 -faligned-new -fcf-protection=none -Wno-bool-operation -Wno-overloaded-virtual -Wno-shadow -Wno-sign-compare -Wno-uninitialized -Wno-unused-but-set-parameter -Wno-unused-but-set-variable -Wno-unused-parameter -Wno-unused-variable     -DVL_TIME_CONTEXT   -fcoroutines -include Vtb_layer_census__pch.h.fast -c -o Vtb_layer_census___024root__DepSet_h256c03ec__2.o Vtb_layer_census___024root__DepSet_h256c03ec__2.cpp
g++ -Os  -I.  -MMD -I/usr/share/verilator/include -I/usr/share/verilator/include/vltstd -DVM_COVERAGE=0 -DVM_SC=0 -DVM_TRACE=0 -DVM_TRACE_FST=0 -DVM_TRACE_VCD=0 -faligned-new -fcf-protection=none -Wno-bool-operation -Wno-overloaded-virtual -Wno-shadow -Wno-sign-compare -Wno-uninitialized -Wno-unused-but-set-parameter -Wno-unused-but-set-variable -Wno-unused-parameter -Wno-unused-variable     -DVL_TIME_CONTEXT   -fcoroutines -include Vtb_layer_census__pch.h.fast -c -o Vtb_layer_census___024root__DepSet_h256c03ec__3.o Vtb_layer_census___024root__DepSet_h256c03ec__3.cpp
g++ -Os  -I.  -MMD -I/usr/share/verilator/include -I/usr/share/verilator/include/vltstd -DVM_COVERAGE=0 -DVM_SC=0 -DVM_TRACE=0 -DVM_TRACE_FST=0 -DVM_TRACE_VCD=0 -faligned-new -fcf-protection=none -Wno-bool-operation -Wno-overloaded-virtual -Wno-shadow -Wno-sign-compare -Wno-uninitialized -Wno-unused-but-set-parameter -Wno-unused-but-set-variable -Wno-unused-parameter -Wno-unused-variable     -DVL_TIME_CONTEXT   -fcoroutines -include Vtb_layer_census__pch.h.fast -c -o Vtb_layer_census___024root__DepSet_h256c03ec__4.o Vtb_layer_census___024root__DepSet_h256c03ec__4.cpp
g++ -Os  -I.  -MMD -I/usr/share/verilator/include -I/usr/share/verilator/include/vltstd -DVM_COVERAGE=0 -DVM_SC=0 -DVM_TRACE=0 -DVM_TRACE_FST=0 -DVM_TRACE_VCD=0 -faligned-new -fcf-protection=none -Wno-bool-operation -Wno-overloaded-virtual -Wno-shadow -Wno-sign-compare -Wno-uninitialized -Wno-unused-but-set-parameter -Wno-unused-but-set-variable -Wno-unused-parameter -Wno-unused-variable     -DVL_TIME_CONTEXT   -fcoroutines -include Vtb_layer_census__pch.h.fast -c -o Vtb_layer_census___024root__DepSet_h256c03ec__5.o Vtb_layer_census___024root__DepSet_h256c03ec__5.cpp
g++ -Os  -I.  -MMD -I/usr/share/verilator/include -I/usr/share/verilator/include/vltstd -DVM_COVERAGE=0 -DVM_SC=0 -DVM_TRACE=0 -DVM_TRACE_FST=0 -DVM_TRACE_VCD=0 -faligned-new -fcf-protection=none -Wno-bool-operation -Wno-overloaded-virtual -Wno-shadow -Wno-sign-compare -Wno-uninitialized -Wno-unused-but-set-parameter -Wno-unused-but-set-variable -Wno-unused-parameter -Wno-unused-variable     -DVL_TIME_CONTEXT   -fcoroutines -include Vtb_layer_census__pch.h.fast -c -o Vtb_layer_census__main.o Vtb_layer_census__main.cpp
Archive ar -rcs Vtb_layer_census__ALL.a Vtb_layer_census.o Vtb_layer_census___024root__DepSet_hfb816c84__0.o Vtb_layer_census___024root__DepSet_hfb816c84__1.o Vtb_layer_census___024root__DepSet_h256c03ec__0.o Vtb_layer_census___024root__DepSet_h256c03ec__1.o Vtb_layer_census___024root__DepSet_h256c03ec__2.o Vtb_layer_census___024root__DepSet_h256c03ec__3.o Vtb_layer_census___024root__DepSet_h256c03ec__4.o Vtb_layer_census___024root__DepSet_h256c03ec__5.o Vtb_layer_census__main.o Vtb_layer_census__ConstPool_0.o Vtb_layer_census___024root__Slow.o Vtb_layer_census___024root__DepSet_hfb816c84__0__Slow.o Vtb_layer_census___024root__DepSet_h256c03ec__0__Slow.o Vtb_layer_census__Syms.o
g++     verilated.o verilated_timing.o verilated_threads.o Vtb_layer_census__ALL.a    -pthread -lpthread -latomic   -o tb_layer_census_s4nd40_lat40
rm Vtb_layer_census__ALL.verilator_deplist.tmp
make: Leaving directory '/home/cah/r2d2/code/fpga/fable5_llm/tb/obj_dir_tb_layer_census_s4nd40_lat40'
=== run s4nd40: +script=scripts/w9/model_9b_s1.txt +state=scripts/w9/model_9b_s1 +census=/home/cah/r2d2/code/fpga/fable5_llm/evidence/qwen9b/s4/census_s4nd40.txt +watchdog_ms=2000000 +nodrain=1 +emb=scripts/w9/model_9b_s1.emb.bin +embn=4096 ===
  state window: 162529280 B image   scripts/w9/model_9b_s1.state.bin
LAYER_CENSUS mode: +nodrain=1 — back-to-back dispatch (the sequencer's rule); per-command cost attribution is SUPPRESSED
emb table: 2034237440 bytes (248320 rows of 4096) from scripts/w9/model_9b_s1.emb.bin
  state region: SB_DN 38000 SB_KV 38180 SB_CV 38980, 155 MiB
LAYER_CENSUS script=scripts/w9/model_9b_s1.txt
LAYER_CENSUS DN_RLAT=2 DN_P2WAIT=0 (rtl/layer_chan.sv:627 literals; P_DN_PIPE=2 accepted and IGNORED, S2 retired it)
LAYER_CENSUS state_region base=380000000 len=9b00000 (S record), ddr beats r=2676800 w=2659968 miss=0, LAT=40 modelled
LAYER_CENSUS commands=56576 checks=8600034 errors=0
LAYER_CENSUS steps_replayed=6 (0 = preamble only)
LAYER_CENSUS dispatch=NODRAIN (the sequencer's rule: poll cmd_cnt only)
LAYER_CENSUS ---- per forward step (step 0 = the preamble) ----
LAYER_CENSUS step    commands      wall_cyc      busy_any       busy_cyc       sdma_cyc     f1_hold    f2_hold
LAYER_CENSUS    0           2         27780         27739              0          27739           0          0
LAYER_CENSUS    1        9429      30615613      12070703       11526387        1282016           0     120953
LAYER_CENSUS    2        9429      30620603      12077432       11531527        1288224           0     120953
LAYER_CENSUS    3        9429      30626378      12082952       11536800        1288864           0     120953
LAYER_CENSUS    4        9429      30631513      12088265       11542031        1289504           0     120953
LAYER_CENSUS    5        9429      30636608      12093602       11547274        1290208           0     120953
LAYER_CENSUS    6        9429      30641743      12098949       11552539        1290912           0     120953
LAYER_CENSUS ---- per opcode: FENCE HOLD cycles (inside LCYC) ----
LAYER_CENSUS  op name     count      f1_hold_cyc  f1_cmds      f2_hold_cyc  f2_cmds
LAYER_CENSUS   1 VN     10566    0                0        0                0       
LAYER_CENSUS   2 VNW    486      0                0        0                0       
LAYER_CENSUS   3 ROPET  48       0                0        0                0       
LAYER_CENSUS   4 ROPE   960      0                0        0                0       
LAYER_CENSUS   6 CONV   144      0                0        0                0       
LAYER_CENSUS   7 GATE   144      0                0        0                0       
LAYER_CENSUS   8 DNST   4608     0                0        0                0       
LAYER_CENSUS   9 KVAP   192      0                0        0                0       
LAYER_CENSUS  10 ATTN   768      0                0        0                0       
LAYER_CENSUS  11 ALU    37314    0                0        0                0       
LAYER_CENSUS  13 SLD    674      0                0        725718           42      
LAYER_CENSUS  14 SST    672      0                0        0                0       
LAYER_CENSUS TOTAL_BUSY_CYCLES 69236558
LAYER_CENSUS TOTAL_SDMA_CYCLES 7757467
LAYER_CENSUS TOTAL_BUSY_ANY_CYCLES 72539642  (either lane busy: STATUS bit 0)
LAYER_CENSUS TOTAL_F1_HOLD_CYCLES 0  (dispatch held by F1; inside LCYC)
LAYER_CENSUS TOTAL_F2_HOLD_CYCLES 725718  (dispatch held by a full DMA queue; inside LCYC)
LAYER_CENSUS TOTAL_F2_FENCE_CYCLES 0  (DMA head held by a compute command; DMA lane, NOT in LCYC)
TB_LAYER_CENSUS PASS: 56576 cmds, 8600034 checks bit-exact (scripts/w9/model_9b_s1.txt)
- /home/cah/r2d2/code/fpga/fable5_llm/evidence/qwen9b/g4/tb_layer_census.sv:881: Verilog $finish
=== census s4nd40 rc=0 wall=3565 s, table in /home/cah/r2d2/code/fpga/fable5_llm/evidence/qwen9b/s4/census_s4nd40.txt ===
=== rc: 0
=== end: 2026-09-05T13:00:26-06:00
