=== host: darthplagueis
=== date: 2026-09-05T13:04:28-06:00
=== tree: 76bffcc
=== cmd:  ref/.venv/bin/python evidence/qwen9b/o3/o3_cite_drift.py --base 1742ccb --doc-base 1742ccb --edited evidence/qwen9b/g4/run_g4a_replay.sh,evidence/qwen9b/g4/tb_layer_census.sv,tb/Makefile,evidence/qwen9b/s3/emit_repeat.sh,evidence/qwen9b/s3/S3_CHAIN.md --exclude evidence/qwen9b/s4/emit_model_gated.sh --exclude evidence/qwen9b/s4/S4_REPLAY.md --verify
=== venv: /home/cah/.venv/bin/python (ABSENT)
===       ref/.venv/bin/python (exists)
===       uv: /home/cah/.local/bin/uv (ABSENT)
=== cpu:  nproc=32 OMP_NUM_THREADS=unset MKL_NUM_THREADS=unset
=== env:  FABLE5_MODEL=unset FABLE5_DN_STATE=unset FABLE5_RS_F=unset
===       FABLE5_CALIB_STATS=unset FABLE5_CALIB_MODE=unset
=== ---
o3 citation-drift gate  [verify]
  code base  1742ccb
  doc base   1742ccb
  files      5 edited files
  citations  61 distinct (file, line) pairs
  unmoved    54
  half-ranges 2 (one endpoint unresolved — NEVER rewritten)
  relocated  3 citation(s) checked against the base content and the citing documents
  excluded   evidence/qwen9b/s4/S4_REPLAY.md, evidence/qwen9b/s4/emit_model_gated.sh
O3_CITE_DRIFT VERIFY PASS (0 problem(s))
=== rc: 0
=== end: 2026-09-05T13:04:29-06:00
