=== host: darthplagueis
=== date: 2026-09-05T14:20:29-06:00
=== tree: 296dc22
=== cmd:  ref/.venv/bin/python evidence/qwen9b/o3/o3_cite_drift.py --base 1742ccb --doc-base 1742ccb --edited evidence/qwen9b/g4/run_g4a_replay.sh,evidence/qwen9b/g4/tb_layer_census.sv,tb/Makefile,evidence/qwen9b/s3/emit_repeat.sh,evidence/qwen9b/s3/S3_CHAIN.md --exclude evidence/qwen9b/s4/S4_REPLAY.md --plan
=== venv: /home/cah/.venv/bin/python (ABSENT)
===       ref/.venv/bin/python (exists)
===       uv: /home/cah/.local/bin/uv (ABSENT)
=== cpu:  nproc=32 OMP_NUM_THREADS=unset MKL_NUM_THREADS=unset
=== env:  FABLE5_MODEL=unset FABLE5_DN_STATE=unset FABLE5_RS_F=unset
===       FABLE5_CALIB_STATS=unset FABLE5_CALIB_MODE=unset
=== ---
o3 citation-drift gate  [plan — dry run, nothing is written]
  code base  1742ccb
  files      5 edited file(s)
  evidence/qwen9b/s4/emit_model_gated.sh                         REPAIR  0  COLLATERAL   2
      collateral  tb/Makefile:1392-1422 -> tb/Makefile:1444-1474
      collateral  tb/Makefile:1414-1421 -> tb/Makefile:1466-1473
  EXCLUDED   evidence/qwen9b/s4/S4_REPLAY.md
  TOTAL      REPAIR 0  COLLATERAL 2
O3_FIX_PLAN: UNSAFE — 2 of 2 rewrites would move a citation that is already correct; repair the 0 stale one(s) BY HAND or --exclude the document
=== rc: 1
=== end: 2026-09-05T14:20:30-06:00
