--- HEAD (pre-rung-4, depth 16) with the same directed race ---
--- HEAD phase 0 ---
S6 RACE: of_rp advanced 24 times but the host received 20 tokens (4 entries consumed with valid=0)
  S6 OUT FIFO: ntok=24 depth=16 kept=24 rx=20 ovf=0 | pushes=24 pops=24 SIMULTANEOUS=0
[6556000] %Fatal: tb_seq_unit.sv:826: Assertion failed in TOP.tb_seq_unit.unnamedblk2: 28 comparison failures
--- HEAD phase 1 ---
S6 RACE: of_rp advanced 24 times but the host received 22 tokens (2 entries consumed with valid=0)
  S6 OUT FIFO: ntok=24 depth=16 kept=24 rx=22 ovf=0 | pushes=24 pops=24 SIMULTANEOUS=0
[6548000] %Fatal: tb_seq_unit.sv:826: Assertion failed in TOP.tb_seq_unit.unnamedblk2: 26 comparison failures
--- HEAD phase 2 ---
S6 RACE: of_rp advanced 24 times but the host received 21 tokens (3 entries consumed with valid=0)
  S6 OUT FIFO: ntok=24 depth=16 kept=24 rx=21 ovf=0 | pushes=24 pops=24 SIMULTANEOUS=0
[6564000] %Fatal: tb_seq_unit.sv:826: Assertion failed in TOP.tb_seq_unit.unnamedblk2: 27 comparison failures
--- HEAD phase 3 ---
S6 RACE: of_rp advanced 24 times but the host received 20 tokens (4 entries consumed with valid=0)
  S6 OUT FIFO: ntok=24 depth=16 kept=24 rx=20 ovf=0 | pushes=24 pops=24 SIMULTANEOUS=0
[6580000] %Fatal: tb_seq_unit.sv:826: Assertion failed in TOP.tb_seq_unit.unnamedblk2: 25 comparison failures
--- HEAD phase 4 ---
S6 RACE: of_rp advanced 24 times but the host received 20 tokens (4 entries consumed with valid=0)
  S6 OUT FIFO: ntok=24 depth=16 kept=24 rx=20 ovf=0 | pushes=24 pops=24 SIMULTANEOUS=0
[6588000] %Fatal: tb_seq_unit.sv:826: Assertion failed in TOP.tb_seq_unit.unnamedblk2: 28 comparison failures
--- HEAD phase 5 ---
S6 RACE: of_rp advanced 24 times but the host received 23 tokens (1 entries consumed with valid=0)
  S6 OUT FIFO: ntok=24 depth=16 kept=24 rx=23 ovf=0 | pushes=24 pops=24 SIMULTANEOUS=0
[6592000] %Fatal: tb_seq_unit.sv:826: Assertion failed in TOP.tb_seq_unit.unnamedblk2: 23 comparison failures
--- HEAD phase 6 ---
S6 RACE: of_rp advanced 24 times but the host received 23 tokens (1 entries consumed with valid=0)
  S6 OUT FIFO: ntok=24 depth=16 kept=24 rx=23 ovf=0 | pushes=24 pops=24 SIMULTANEOUS=0
[6580000] %Fatal: tb_seq_unit.sv:826: Assertion failed in TOP.tb_seq_unit.unnamedblk2: 25 comparison failures
--- HEAD phase 7 ---
S6 RACE: of_rp advanced 24 times but the host received 22 tokens (2 entries consumed with valid=0)
  S6 OUT FIFO: ntok=24 depth=16 kept=24 rx=22 ovf=0 | pushes=24 pops=24 SIMULTANEOUS=0
[6576000] %Fatal: tb_seq_unit.sv:826: Assertion failed in TOP.tb_seq_unit.unnamedblk2: 27 comparison failures
HEAD_RACE_DONE
