vectors: seed=6101 N=23 K=128 g=128 wbeats=1 sbeats=1 NG128=1 sh=2 e=-5 beats=46
vectors: seed=6101 N=23 K=128 g=64 wbeats=1 sbeats=1 NG64=2 sh=2 e=-5 beats=46
vectors: seed=6102 N=23 K=128 g=128 wbeats=1 sbeats=1 NG128=1 sh=2 e=-5 beats=46
vectors: seed=6102 N=23 K=128 g=64 wbeats=1 sbeats=1 NG64=2 sh=2 e=-5 beats=46
vectors: seed=6103 N=23 K=128 g=128 wbeats=1 sbeats=1 NG128=1 sh=2 e=-5 beats=46
vectors: seed=6103 N=23 K=128 g=64 wbeats=1 sbeats=1 NG64=2 sh=2 e=-5 beats=46
vectors: seed=6104 N=23 K=128 g=128 wbeats=1 sbeats=1 NG128=1 sh=2 e=-5 beats=46
vectors: seed=6104 N=23 K=128 g=64 wbeats=1 sbeats=1 NG64=2 sh=2 e=-5 beats=46
vectors: seed=6201 N=24 K=256 g=128 wbeats=2 sbeats=1 NG128=2 sh=3 e=-5 beats=72
vectors: seed=6201 N=24 K=256 g=64 wbeats=2 sbeats=1 NG64=4 sh=3 e=-5 beats=72
vectors: seed=6202 N=24 K=256 g=128 wbeats=2 sbeats=1 NG128=2 sh=3 e=-5 beats=72
vectors: seed=6202 N=24 K=256 g=64 wbeats=2 sbeats=1 NG64=4 sh=3 e=-5 beats=72
vectors: seed=6203 N=24 K=256 g=128 wbeats=2 sbeats=1 NG128=2 sh=3 e=-5 beats=72
vectors: seed=6203 N=24 K=256 g=64 wbeats=2 sbeats=1 NG64=4 sh=3 e=-5 beats=72
vectors: seed=6204 N=24 K=256 g=128 wbeats=2 sbeats=1 NG128=2 sh=3 e=-5 beats=72
vectors: seed=6204 N=24 K=256 g=64 wbeats=2 sbeats=1 NG64=4 sh=3 e=-5 beats=72
vectors: seed=6301 N=17 K=384 g=128 wbeats=3 sbeats=1 NG128=3 sh=4 e=-5 beats=68
vectors: seed=6301 N=17 K=384 g=64 wbeats=3 sbeats=1 NG64=6 sh=4 e=-5 beats=68
vectors: seed=6302 N=17 K=384 g=128 wbeats=3 sbeats=1 NG128=3 sh=4 e=-5 beats=68
vectors: seed=6302 N=17 K=384 g=64 wbeats=3 sbeats=1 NG64=6 sh=4 e=-5 beats=68
vectors: seed=6303 N=17 K=384 g=128 wbeats=3 sbeats=1 NG128=3 sh=4 e=-5 beats=68
vectors: seed=6303 N=17 K=384 g=64 wbeats=3 sbeats=1 NG64=6 sh=4 e=-5 beats=68
vectors: seed=6304 N=17 K=384 g=128 wbeats=3 sbeats=1 NG128=3 sh=4 e=-5 beats=68
vectors: seed=6304 N=17 K=384 g=64 wbeats=3 sbeats=1 NG64=6 sh=4 e=-5 beats=68
vectors: seed=6401 N=31 K=512 g=128 wbeats=4 sbeats=1 NG128=4 sh=4 e=-5 beats=155
vectors: seed=6401 N=31 K=512 g=64 wbeats=4 sbeats=1 NG64=8 sh=4 e=-5 beats=155
vectors: seed=6402 N=31 K=512 g=128 wbeats=4 sbeats=1 NG128=4 sh=4 e=-5 beats=155
vectors: seed=6402 N=31 K=512 g=64 wbeats=4 sbeats=1 NG64=8 sh=4 e=-5 beats=155
vectors: seed=6403 N=31 K=512 g=128 wbeats=4 sbeats=1 NG128=4 sh=4 e=-5 beats=155
vectors: seed=6403 N=31 K=512 g=64 wbeats=4 sbeats=1 NG64=8 sh=4 e=-5 beats=155
vectors: seed=6404 N=31 K=512 g=128 wbeats=4 sbeats=1 NG128=4 sh=4 e=-5 beats=155
vectors: seed=6404 N=31 K=512 g=64 wbeats=4 sbeats=1 NG64=8 sh=4 e=-5 beats=155
verilator --binary --timing -j 8 -Wall \
  --Mdir obj_dir_tb_matvec_d -o tb_matvec_d \
  --top-module tb_matvec \
  ../rtl/matvec_engine.sv tb_matvec.sv
make[1]: Entering directory '/home/cah/r2d2/code/fpga/fable5_llm/tb/obj_dir_tb_matvec_d'
g++ -Os  -I.  -MMD -I/usr/share/verilator/include -I/usr/share/verilator/include/vltstd -DVM_COVERAGE=0 -DVM_SC=0 -DVM_TRACE=0 -DVM_TRACE_FST=0 -DVM_TRACE_VCD=0 -faligned-new -fcf-protection=none -Wno-bool-operation -Wno-overloaded-virtual -Wno-shadow -Wno-sign-compare -Wno-uninitialized -Wno-unused-but-set-parameter -Wno-unused-but-set-variable -Wno-unused-parameter -Wno-unused-variable     -DVL_TIME_CONTEXT   -fcoroutines -c -o verilated.o /usr/share/verilator/include/verilated.cpp
g++ -Os  -I.  -MMD -I/usr/share/verilator/include -I/usr/share/verilator/include/vltstd -DVM_COVERAGE=0 -DVM_SC=0 -DVM_TRACE=0 -DVM_TRACE_FST=0 -DVM_TRACE_VCD=0 -faligned-new -fcf-protection=none -Wno-bool-operation -Wno-overloaded-virtual -Wno-shadow -Wno-sign-compare -Wno-uninitialized -Wno-unused-but-set-parameter -Wno-unused-but-set-variable -Wno-unused-parameter -Wno-unused-variable     -DVL_TIME_CONTEXT   -fcoroutines -c -o verilated_timing.o /usr/share/verilator/include/verilated_timing.cpp
g++ -Os  -I.  -MMD -I/usr/share/verilator/include -I/usr/share/verilator/include/vltstd -DVM_COVERAGE=0 -DVM_SC=0 -DVM_TRACE=0 -DVM_TRACE_FST=0 -DVM_TRACE_VCD=0 -faligned-new -fcf-protection=none -Wno-bool-operation -Wno-overloaded-virtual -Wno-shadow -Wno-sign-compare -Wno-uninitialized -Wno-unused-but-set-parameter -Wno-unused-but-set-variable -Wno-unused-parameter -Wno-unused-variable     -DVL_TIME_CONTEXT   -fcoroutines -c -o verilated_threads.o /usr/share/verilator/include/verilated_threads.cpp
/usr/bin/python3 /usr/share/verilator/bin/verilator_includer -DVL_INCLUDE_OPT=include Vtb_matvec.cpp Vtb_matvec___024root__DepSet_h96a020fc__0.cpp Vtb_matvec___024root__DepSet_h1bdfe977__0.cpp Vtb_matvec__main.cpp Vtb_matvec__ConstPool_0.cpp Vtb_matvec___024root__Slow.cpp Vtb_matvec___024root__DepSet_h96a020fc__0__Slow.cpp Vtb_matvec___024root__DepSet_h1bdfe977__0__Slow.cpp Vtb_matvec__Syms.cpp > Vtb_matvec__ALL.cpp
g++ -Os  -I.  -MMD -I/usr/share/verilator/include -I/usr/share/verilator/include/vltstd -DVM_COVERAGE=0 -DVM_SC=0 -DVM_TRACE=0 -DVM_TRACE_FST=0 -DVM_TRACE_VCD=0 -faligned-new -fcf-protection=none -Wno-bool-operation -Wno-overloaded-virtual -Wno-shadow -Wno-sign-compare -Wno-uninitialized -Wno-unused-but-set-parameter -Wno-unused-but-set-variable -Wno-unused-parameter -Wno-unused-variable     -DVL_TIME_CONTEXT   -fcoroutines -c -o Vtb_matvec__ALL.o Vtb_matvec__ALL.cpp
echo "" > Vtb_matvec__ALL.verilator_deplist.tmp
Archive ar -rcs Vtb_matvec__ALL.a Vtb_matvec__ALL.o
g++     verilated.o verilated_timing.o verilated_threads.o Vtb_matvec__ALL.a    -pthread -lpthread -latomic   -o tb_matvec_d
rm Vtb_matvec__ALL.verilator_deplist.tmp
make[1]: Leaving directory '/home/cah/r2d2/code/fpga/fable5_llm/tb/obj_dir_tb_matvec_d'
=== old-bound replay (maxstall=9/9) on rung-3 RTL ===
[26000] case vecv2/a1_g128: K=1024 NG=8 SH=5 NROWS=64 BPR=9 G64=0
  thru: g64=0 K=1024 NG=8 rows=64 beats=576 cycles=1143 stalls=567 -> 0.503 beats/cycle, 8.85 stalls/row, period 17.85 cyc/row (BPR = 9, retire residual 8.85 cyc/row)
[4767000] case vecv2/a1_g64: K=1024 NG=8 SH=5 NROWS=64 BPR=9 G64=1
  thru: g64=1 K=1024 NG=8 rows=64 beats=576 cycles=1143 stalls=567 -> 0.503 beats/cycle, 8.85 stalls/row, period 17.85 cyc/row (BPR = 9, retire residual 8.85 cyc/row)
[9508000] case vecv2/b1_g128: K=3584 NG=28 SH=7 NROWS=37 BPR=29 G64=0
  thru: g64=0 K=3584 NG=28 rows=37 beats=1073 cycles=1397 stalls=324 -> 0.768 beats/cycle, 8.75 stalls/row, period 37.75 cyc/row (BPR = 29, retire residual 8.75 cyc/row)
[17296000] case vecv2/b1_g64: K=3584 NG=28 SH=7 NROWS=37 BPR=30 G64=1
  thru: g64=1 K=3584 NG=28 rows=37 beats=1110 cycles=1434 stalls=324 -> 0.774 beats/cycle, 8.75 stalls/row, period 38.75 cyc/row (BPR = 30, retire residual 8.75 cyc/row)
[25208000] case vecv2/c1_g128: K=4096 NG=32 SH=7 NROWS=13 BPR=33 G64=0
  thru: g64=0 K=4096 NG=32 rows=13 beats=429 cycles=537 stalls=108 -> 0.798 beats/cycle, 8.30 stalls/row, period 41.30 cyc/row (BPR = 33, retire residual 8.30 cyc/row)
[30569000] case vecv2/c1_g64: K=4096 NG=32 SH=7 NROWS=13 BPR=34 G64=1
  thru: g64=1 K=4096 NG=32 rows=13 beats=442 cycles=550 stalls=108 -> 0.803 beats/cycle, 8.30 stalls/row, period 42.30 cyc/row (BPR = 34, retire residual 8.30 cyc/row)
[35973000] case vecv2/d1_g128: K=2048 NG=16 SH=6 NROWS=16 BPR=17 G64=0
  thru: g64=0 K=2048 NG=16 rows=16 beats=272 cycles=407 stalls=135 -> 0.668 beats/cycle, 8.43 stalls/row, period 25.43 cyc/row (BPR = 17, retire residual 8.43 cyc/row)
[39141000] case vecv2/d1_g64: K=2048 NG=16 SH=6 NROWS=16 BPR=17 G64=1
  thru: g64=1 K=2048 NG=16 rows=16 beats=272 cycles=407 stalls=135 -> 0.668 beats/cycle, 8.43 stalls/row, period 25.43 cyc/row (BPR = 17, retire residual 8.43 cyc/row)
[42308000] case vecv2/e1_g128: K=128 NG=1 SH=2 NROWS=9 BPR=2 G64=0
  thru: g64=0 K=128 NG=1 rows=9 beats=18 cycles=90 stalls=72 -> 0.200 beats/cycle, 8.00 stalls/row, period 10.00 cyc/row (BPR = 2, retire residual 8.00 cyc/row)
[42768000] case vecv2/e1_g64: K=128 NG=1 SH=2 NROWS=9 BPR=2 G64=1
  thru: g64=1 K=128 NG=1 rows=9 beats=18 cycles=90 stalls=72 -> 0.200 beats/cycle, 8.00 stalls/row, period 10.00 cyc/row (BPR = 2, retire residual 8.00 cyc/row)
  pair K=1024 rows=64: g128 1143 cyc / 567 stalls, g64 1143 cyc / 567 stalls, budget 1143 (0 extra scale beat(s)/row)
  pair K=3584 rows=37: g128 1397 cyc / 324 stalls, g64 1434 cyc / 324 stalls, budget 1434 (1 extra scale beat(s)/row)
  pair K=4096 rows=13: g128 537 cyc / 108 stalls, g64 550 cyc / 108 stalls, budget 550 (1 extra scale beat(s)/row)
  pair K=2048 rows=16: g128 407 cyc / 135 stalls, g64 407 cyc / 135 stalls, budget 407 (0 extra scale beat(s)/row)
  pair K=128 rows=9: g128 90 cyc / 72 stalls, g64 90 cyc / 72 stalls, budget 90 (0 extra scale beat(s)/row)
TB_MATVEC PASS: 10 case(s), 9 rows bit-exact (last K=128 G64=1)
- tb_matvec.sv:349: Verilog $finish
[26000] case vecv2/a2_g128: K=1024 NG=8 SH=5 NROWS=64 BPR=9 G64=0
  thru: g64=0 K=1024 NG=8 rows=64 beats=576 cycles=1143 stalls=567 -> 0.503 beats/cycle, 8.85 stalls/row, period 17.85 cyc/row (BPR = 9, retire residual 8.85 cyc/row)
[4767000] case vecv2/a2_g64: K=1024 NG=8 SH=5 NROWS=64 BPR=9 G64=1
  thru: g64=1 K=1024 NG=8 rows=64 beats=576 cycles=1143 stalls=567 -> 0.503 beats/cycle, 8.85 stalls/row, period 17.85 cyc/row (BPR = 9, retire residual 8.85 cyc/row)
[9508000] case vecv2/b2_g128: K=3584 NG=28 SH=7 NROWS=37 BPR=29 G64=0
  thru: g64=0 K=3584 NG=28 rows=37 beats=1073 cycles=1397 stalls=324 -> 0.768 beats/cycle, 8.75 stalls/row, period 37.75 cyc/row (BPR = 29, retire residual 8.75 cyc/row)
[17296000] case vecv2/b2_g64: K=3584 NG=28 SH=7 NROWS=37 BPR=30 G64=1
  thru: g64=1 K=3584 NG=28 rows=37 beats=1110 cycles=1434 stalls=324 -> 0.774 beats/cycle, 8.75 stalls/row, period 38.75 cyc/row (BPR = 30, retire residual 8.75 cyc/row)
[25208000] case vecv2/c2_g128: K=4096 NG=32 SH=7 NROWS=13 BPR=33 G64=0
  thru: g64=0 K=4096 NG=32 rows=13 beats=429 cycles=537 stalls=108 -> 0.798 beats/cycle, 8.30 stalls/row, period 41.30 cyc/row (BPR = 33, retire residual 8.30 cyc/row)
[30569000] case vecv2/c2_g64: K=4096 NG=32 SH=7 NROWS=13 BPR=34 G64=1
  thru: g64=1 K=4096 NG=32 rows=13 beats=442 cycles=550 stalls=108 -> 0.803 beats/cycle, 8.30 stalls/row, period 42.30 cyc/row (BPR = 34, retire residual 8.30 cyc/row)
[35973000] case vecv2/d2_g128: K=2048 NG=16 SH=6 NROWS=16 BPR=17 G64=0
  thru: g64=0 K=2048 NG=16 rows=16 beats=272 cycles=407 stalls=135 -> 0.668 beats/cycle, 8.43 stalls/row, period 25.43 cyc/row (BPR = 17, retire residual 8.43 cyc/row)
[39141000] case vecv2/d2_g64: K=2048 NG=16 SH=6 NROWS=16 BPR=17 G64=1
  thru: g64=1 K=2048 NG=16 rows=16 beats=272 cycles=407 stalls=135 -> 0.668 beats/cycle, 8.43 stalls/row, period 25.43 cyc/row (BPR = 17, retire residual 8.43 cyc/row)
[42308000] case vecv2/e2_g128: K=128 NG=1 SH=2 NROWS=9 BPR=2 G64=0
  thru: g64=0 K=128 NG=1 rows=9 beats=18 cycles=90 stalls=72 -> 0.200 beats/cycle, 8.00 stalls/row, period 10.00 cyc/row (BPR = 2, retire residual 8.00 cyc/row)
[42768000] case vecv2/e2_g64: K=128 NG=1 SH=2 NROWS=9 BPR=2 G64=1
  thru: g64=1 K=128 NG=1 rows=9 beats=18 cycles=90 stalls=72 -> 0.200 beats/cycle, 8.00 stalls/row, period 10.00 cyc/row (BPR = 2, retire residual 8.00 cyc/row)
  pair K=1024 rows=64: g128 1143 cyc / 567 stalls, g64 1143 cyc / 567 stalls, budget 1143 (0 extra scale beat(s)/row)
  pair K=3584 rows=37: g128 1397 cyc / 324 stalls, g64 1434 cyc / 324 stalls, budget 1434 (1 extra scale beat(s)/row)
  pair K=4096 rows=13: g128 537 cyc / 108 stalls, g64 550 cyc / 108 stalls, budget 550 (1 extra scale beat(s)/row)
  pair K=2048 rows=16: g128 407 cyc / 135 stalls, g64 407 cyc / 135 stalls, budget 407 (0 extra scale beat(s)/row)
  pair K=128 rows=9: g128 90 cyc / 72 stalls, g64 90 cyc / 72 stalls, budget 90 (0 extra scale beat(s)/row)
TB_MATVEC PASS: 10 case(s), 9 rows bit-exact (last K=128 G64=1)
- tb_matvec.sv:349: Verilog $finish
[26000] case vecv2/a3_g128: K=1024 NG=8 SH=5 NROWS=64 BPR=9 G64=0
  thru: g64=0 K=1024 NG=8 rows=64 beats=576 cycles=1143 stalls=567 -> 0.503 beats/cycle, 8.85 stalls/row, period 17.85 cyc/row (BPR = 9, retire residual 8.85 cyc/row)
[4767000] case vecv2/a3_g64: K=1024 NG=8 SH=5 NROWS=64 BPR=9 G64=1
  thru: g64=1 K=1024 NG=8 rows=64 beats=576 cycles=1143 stalls=567 -> 0.503 beats/cycle, 8.85 stalls/row, period 17.85 cyc/row (BPR = 9, retire residual 8.85 cyc/row)
[9508000] case vecv2/b3_g128: K=3584 NG=28 SH=7 NROWS=37 BPR=29 G64=0
  thru: g64=0 K=3584 NG=28 rows=37 beats=1073 cycles=1397 stalls=324 -> 0.768 beats/cycle, 8.75 stalls/row, period 37.75 cyc/row (BPR = 29, retire residual 8.75 cyc/row)
[17296000] case vecv2/b3_g64: K=3584 NG=28 SH=7 NROWS=37 BPR=30 G64=1
  thru: g64=1 K=3584 NG=28 rows=37 beats=1110 cycles=1434 stalls=324 -> 0.774 beats/cycle, 8.75 stalls/row, period 38.75 cyc/row (BPR = 30, retire residual 8.75 cyc/row)
[25208000] case vecv2/c3_g128: K=4096 NG=32 SH=7 NROWS=13 BPR=33 G64=0
  thru: g64=0 K=4096 NG=32 rows=13 beats=429 cycles=537 stalls=108 -> 0.798 beats/cycle, 8.30 stalls/row, period 41.30 cyc/row (BPR = 33, retire residual 8.30 cyc/row)
[30569000] case vecv2/c3_g64: K=4096 NG=32 SH=7 NROWS=13 BPR=34 G64=1
  thru: g64=1 K=4096 NG=32 rows=13 beats=442 cycles=550 stalls=108 -> 0.803 beats/cycle, 8.30 stalls/row, period 42.30 cyc/row (BPR = 34, retire residual 8.30 cyc/row)
[35973000] case vecv2/d3_g128: K=2048 NG=16 SH=6 NROWS=16 BPR=17 G64=0
  thru: g64=0 K=2048 NG=16 rows=16 beats=272 cycles=407 stalls=135 -> 0.668 beats/cycle, 8.43 stalls/row, period 25.43 cyc/row (BPR = 17, retire residual 8.43 cyc/row)
[39141000] case vecv2/d3_g64: K=2048 NG=16 SH=6 NROWS=16 BPR=17 G64=1
  thru: g64=1 K=2048 NG=16 rows=16 beats=272 cycles=407 stalls=135 -> 0.668 beats/cycle, 8.43 stalls/row, period 25.43 cyc/row (BPR = 17, retire residual 8.43 cyc/row)
[42308000] case vecv2/e3_g128: K=128 NG=1 SH=2 NROWS=9 BPR=2 G64=0
  thru: g64=0 K=128 NG=1 rows=9 beats=18 cycles=90 stalls=72 -> 0.200 beats/cycle, 8.00 stalls/row, period 10.00 cyc/row (BPR = 2, retire residual 8.00 cyc/row)
[42768000] case vecv2/e3_g64: K=128 NG=1 SH=2 NROWS=9 BPR=2 G64=1
  thru: g64=1 K=128 NG=1 rows=9 beats=18 cycles=90 stalls=72 -> 0.200 beats/cycle, 8.00 stalls/row, period 10.00 cyc/row (BPR = 2, retire residual 8.00 cyc/row)
  pair K=1024 rows=64: g128 1143 cyc / 567 stalls, g64 1143 cyc / 567 stalls, budget 1143 (0 extra scale beat(s)/row)
  pair K=3584 rows=37: g128 1397 cyc / 324 stalls, g64 1434 cyc / 324 stalls, budget 1434 (1 extra scale beat(s)/row)
  pair K=4096 rows=13: g128 537 cyc / 108 stalls, g64 550 cyc / 108 stalls, budget 550 (1 extra scale beat(s)/row)
  pair K=2048 rows=16: g128 407 cyc / 135 stalls, g64 407 cyc / 135 stalls, budget 407 (0 extra scale beat(s)/row)
  pair K=128 rows=9: g128 90 cyc / 72 stalls, g64 90 cyc / 72 stalls, budget 90 (0 extra scale beat(s)/row)
TB_MATVEC PASS: 10 case(s), 9 rows bit-exact (last K=128 G64=1)
- tb_matvec.sv:349: Verilog $finish
[26000] case vecv2/a4_g128: K=1024 NG=8 SH=5 NROWS=64 BPR=9 G64=0
  thru: g64=0 K=1024 NG=8 rows=64 beats=576 cycles=1143 stalls=567 -> 0.503 beats/cycle, 8.85 stalls/row, period 17.85 cyc/row (BPR = 9, retire residual 8.85 cyc/row)
[4767000] case vecv2/a4_g64: K=1024 NG=8 SH=5 NROWS=64 BPR=9 G64=1
  thru: g64=1 K=1024 NG=8 rows=64 beats=576 cycles=1143 stalls=567 -> 0.503 beats/cycle, 8.85 stalls/row, period 17.85 cyc/row (BPR = 9, retire residual 8.85 cyc/row)
[9508000] case vecv2/b4_g128: K=3584 NG=28 SH=7 NROWS=37 BPR=29 G64=0
  thru: g64=0 K=3584 NG=28 rows=37 beats=1073 cycles=1397 stalls=324 -> 0.768 beats/cycle, 8.75 stalls/row, period 37.75 cyc/row (BPR = 29, retire residual 8.75 cyc/row)
[17296000] case vecv2/b4_g64: K=3584 NG=28 SH=7 NROWS=37 BPR=30 G64=1
  thru: g64=1 K=3584 NG=28 rows=37 beats=1110 cycles=1434 stalls=324 -> 0.774 beats/cycle, 8.75 stalls/row, period 38.75 cyc/row (BPR = 30, retire residual 8.75 cyc/row)
[25208000] case vecv2/c4_g128: K=4096 NG=32 SH=7 NROWS=13 BPR=33 G64=0
  thru: g64=0 K=4096 NG=32 rows=13 beats=429 cycles=537 stalls=108 -> 0.798 beats/cycle, 8.30 stalls/row, period 41.30 cyc/row (BPR = 33, retire residual 8.30 cyc/row)
[30569000] case vecv2/c4_g64: K=4096 NG=32 SH=7 NROWS=13 BPR=34 G64=1
  thru: g64=1 K=4096 NG=32 rows=13 beats=442 cycles=550 stalls=108 -> 0.803 beats/cycle, 8.30 stalls/row, period 42.30 cyc/row (BPR = 34, retire residual 8.30 cyc/row)
[35973000] case vecv2/d4_g128: K=2048 NG=16 SH=6 NROWS=16 BPR=17 G64=0
  thru: g64=0 K=2048 NG=16 rows=16 beats=272 cycles=407 stalls=135 -> 0.668 beats/cycle, 8.43 stalls/row, period 25.43 cyc/row (BPR = 17, retire residual 8.43 cyc/row)
[39141000] case vecv2/d4_g64: K=2048 NG=16 SH=6 NROWS=16 BPR=17 G64=1
  thru: g64=1 K=2048 NG=16 rows=16 beats=272 cycles=407 stalls=135 -> 0.668 beats/cycle, 8.43 stalls/row, period 25.43 cyc/row (BPR = 17, retire residual 8.43 cyc/row)
[42308000] case vecv2/e4_g128: K=128 NG=1 SH=2 NROWS=9 BPR=2 G64=0
  thru: g64=0 K=128 NG=1 rows=9 beats=18 cycles=90 stalls=72 -> 0.200 beats/cycle, 8.00 stalls/row, period 10.00 cyc/row (BPR = 2, retire residual 8.00 cyc/row)
[42768000] case vecv2/e4_g64: K=128 NG=1 SH=2 NROWS=9 BPR=2 G64=1
  thru: g64=1 K=128 NG=1 rows=9 beats=18 cycles=90 stalls=72 -> 0.200 beats/cycle, 8.00 stalls/row, period 10.00 cyc/row (BPR = 2, retire residual 8.00 cyc/row)
  pair K=1024 rows=64: g128 1143 cyc / 567 stalls, g64 1143 cyc / 567 stalls, budget 1143 (0 extra scale beat(s)/row)
  pair K=3584 rows=37: g128 1397 cyc / 324 stalls, g64 1434 cyc / 324 stalls, budget 1434 (1 extra scale beat(s)/row)
  pair K=4096 rows=13: g128 537 cyc / 108 stalls, g64 550 cyc / 108 stalls, budget 550 (1 extra scale beat(s)/row)
  pair K=2048 rows=16: g128 407 cyc / 135 stalls, g64 407 cyc / 135 stalls, budget 407 (0 extra scale beat(s)/row)
  pair K=128 rows=9: g128 90 cyc / 72 stalls, g64 90 cyc / 72 stalls, budget 90 (0 extra scale beat(s)/row)
TB_MATVEC PASS: 10 case(s), 9 rows bit-exact (last K=128 G64=1)
- tb_matvec.sv:349: Verilog $finish
=== NG 1..4 shapes, correctness on rung-3 RTL ===
[26000] case vecv2/n11_g128: K=128 NG=1 SH=2 NROWS=23 BPR=2 G64=0
[1006000] case vecv2/n11_g64: K=128 NG=1 SH=2 NROWS=23 BPR=2 G64=1
[1980000] case vecv2/n21_g128: K=256 NG=2 SH=3 NROWS=24 BPR=3 G64=0
[3183000] case vecv2/n21_g64: K=256 NG=2 SH=3 NROWS=24 BPR=3 G64=1
[4387000] case vecv2/n31_g128: K=384 NG=3 SH=4 NROWS=17 BPR=4 G64=0
[5474000] case vecv2/n31_g64: K=384 NG=3 SH=4 NROWS=17 BPR=4 G64=1
[6581000] case vecv2/n41_g128: K=512 NG=4 SH=4 NROWS=31 BPR=5 G64=0
[8498000] case vecv2/n41_g64: K=512 NG=4 SH=4 NROWS=31 BPR=5 G64=1
TB_MATVEC PASS: 8 case(s), 31 rows bit-exact (last K=512 G64=1)
- tb_matvec.sv:349: Verilog $finish
[26000] case vecv2/n12_g128: K=128 NG=1 SH=2 NROWS=23 BPR=2 G64=0
[1006000] case vecv2/n12_g64: K=128 NG=1 SH=2 NROWS=23 BPR=2 G64=1
[1980000] case vecv2/n22_g128: K=256 NG=2 SH=3 NROWS=24 BPR=3 G64=0
[3183000] case vecv2/n22_g64: K=256 NG=2 SH=3 NROWS=24 BPR=3 G64=1
[4387000] case vecv2/n32_g128: K=384 NG=3 SH=4 NROWS=17 BPR=4 G64=0
[5474000] case vecv2/n32_g64: K=384 NG=3 SH=4 NROWS=17 BPR=4 G64=1
[6581000] case vecv2/n42_g128: K=512 NG=4 SH=4 NROWS=31 BPR=5 G64=0
[8498000] case vecv2/n42_g64: K=512 NG=4 SH=4 NROWS=31 BPR=5 G64=1
TB_MATVEC PASS: 8 case(s), 31 rows bit-exact (last K=512 G64=1)
- tb_matvec.sv:349: Verilog $finish
[26000] case vecv2/n13_g128: K=128 NG=1 SH=2 NROWS=23 BPR=2 G64=0
[1006000] case vecv2/n13_g64: K=128 NG=1 SH=2 NROWS=23 BPR=2 G64=1
[1980000] case vecv2/n23_g128: K=256 NG=2 SH=3 NROWS=24 BPR=3 G64=0
[3183000] case vecv2/n23_g64: K=256 NG=2 SH=3 NROWS=24 BPR=3 G64=1
[4387000] case vecv2/n33_g128: K=384 NG=3 SH=4 NROWS=17 BPR=4 G64=0
[5474000] case vecv2/n33_g64: K=384 NG=3 SH=4 NROWS=17 BPR=4 G64=1
[6581000] case vecv2/n43_g128: K=512 NG=4 SH=4 NROWS=31 BPR=5 G64=0
[8498000] case vecv2/n43_g64: K=512 NG=4 SH=4 NROWS=31 BPR=5 G64=1
TB_MATVEC PASS: 8 case(s), 31 rows bit-exact (last K=512 G64=1)
- tb_matvec.sv:349: Verilog $finish
[26000] case vecv2/n14_g128: K=128 NG=1 SH=2 NROWS=23 BPR=2 G64=0
[1006000] case vecv2/n14_g64: K=128 NG=1 SH=2 NROWS=23 BPR=2 G64=1
[1980000] case vecv2/n24_g128: K=256 NG=2 SH=3 NROWS=24 BPR=3 G64=0
[3183000] case vecv2/n24_g64: K=256 NG=2 SH=3 NROWS=24 BPR=3 G64=1
[4387000] case vecv2/n34_g128: K=384 NG=3 SH=4 NROWS=17 BPR=4 G64=0
[5474000] case vecv2/n34_g64: K=384 NG=3 SH=4 NROWS=17 BPR=4 G64=1
[6581000] case vecv2/n44_g128: K=512 NG=4 SH=4 NROWS=31 BPR=5 G64=0
[8498000] case vecv2/n44_g64: K=512 NG=4 SH=4 NROWS=31 BPR=5 G64=1
TB_MATVEC PASS: 8 case(s), 31 rows bit-exact (last K=512 G64=1)
- tb_matvec.sv:349: Verilog $finish
=== NG 1..4 nogap+pairs, rung-3 RTL, bounds RELAXED to measure ===
[26000] case vecv2/n11_g128: K=128 NG=1 SH=2 NROWS=23 BPR=2 G64=0
  thru: g64=0 K=128 NG=1 rows=23 beats=46 cycles=244 stalls=198 -> 0.188 beats/cycle, 8.60 stalls/row, period 10.60 cyc/row (BPR = 2, retire residual 8.60 cyc/row)
[1000000] case vecv2/n11_g64: K=128 NG=1 SH=2 NROWS=23 BPR=2 G64=1
  thru: g64=1 K=128 NG=1 rows=23 beats=46 cycles=244 stalls=198 -> 0.188 beats/cycle, 8.60 stalls/row, period 10.60 cyc/row (BPR = 2, retire residual 8.60 cyc/row)
[1973000] case vecv2/n21_g128: K=256 NG=2 SH=3 NROWS=24 BPR=3 G64=0
  thru: g64=0 K=256 NG=2 rows=24 beats=72 cycles=279 stalls=207 -> 0.258 beats/cycle, 8.62 stalls/row, period 11.62 cyc/row (BPR = 3, retire residual 8.62 cyc/row)
[3173000] case vecv2/n21_g64: K=256 NG=2 SH=3 NROWS=24 BPR=3 G64=1
  thru: g64=1 K=256 NG=2 rows=24 beats=72 cycles=279 stalls=207 -> 0.258 beats/cycle, 8.62 stalls/row, period 11.62 cyc/row (BPR = 3, retire residual 8.62 cyc/row)
[4374000] case vecv2/n31_g128: K=384 NG=3 SH=4 NROWS=17 BPR=4 G64=0
  thru: g64=0 K=384 NG=3 rows=17 beats=68 cycles=212 stalls=144 -> 0.320 beats/cycle, 8.47 stalls/row, period 12.47 cyc/row (BPR = 4, retire residual 8.47 cyc/row)
[5461000] case vecv2/n31_g64: K=384 NG=3 SH=4 NROWS=17 BPR=4 G64=1
  thru: g64=1 K=384 NG=3 rows=17 beats=68 cycles=212 stalls=144 -> 0.320 beats/cycle, 8.47 stalls/row, period 12.47 cyc/row (BPR = 4, retire residual 8.47 cyc/row)
[6547000] case vecv2/n41_g128: K=512 NG=4 SH=4 NROWS=31 BPR=5 G64=0
  thru: g64=0 K=512 NG=4 rows=31 beats=155 cycles=425 stalls=270 -> 0.364 beats/cycle, 8.70 stalls/row, period 13.70 cyc/row (BPR = 5, retire residual 8.70 cyc/row)
[8455000] case vecv2/n41_g64: K=512 NG=4 SH=4 NROWS=31 BPR=5 G64=1
  thru: g64=1 K=512 NG=4 rows=31 beats=155 cycles=425 stalls=270 -> 0.364 beats/cycle, 8.70 stalls/row, period 13.70 cyc/row (BPR = 5, retire residual 8.70 cyc/row)
  pair K=128 rows=23: g128 244 cyc / 198 stalls, g64 244 cyc / 198 stalls, budget 244 (0 extra scale beat(s)/row)
  pair K=256 rows=24: g128 279 cyc / 207 stalls, g64 279 cyc / 207 stalls, budget 279 (0 extra scale beat(s)/row)
  pair K=384 rows=17: g128 212 cyc / 144 stalls, g64 212 cyc / 144 stalls, budget 212 (0 extra scale beat(s)/row)
  pair K=512 rows=31: g128 425 cyc / 270 stalls, g64 425 cyc / 270 stalls, budget 425 (0 extra scale beat(s)/row)
TB_MATVEC PASS: 8 case(s), 31 rows bit-exact (last K=512 G64=1)
- tb_matvec.sv:349: Verilog $finish
[26000] case vecv2/n12_g128: K=128 NG=1 SH=2 NROWS=23 BPR=2 G64=0
  thru: g64=0 K=128 NG=1 rows=23 beats=46 cycles=244 stalls=198 -> 0.188 beats/cycle, 8.60 stalls/row, period 10.60 cyc/row (BPR = 2, retire residual 8.60 cyc/row)
[1000000] case vecv2/n12_g64: K=128 NG=1 SH=2 NROWS=23 BPR=2 G64=1
  thru: g64=1 K=128 NG=1 rows=23 beats=46 cycles=244 stalls=198 -> 0.188 beats/cycle, 8.60 stalls/row, period 10.60 cyc/row (BPR = 2, retire residual 8.60 cyc/row)
[1973000] case vecv2/n22_g128: K=256 NG=2 SH=3 NROWS=24 BPR=3 G64=0
  thru: g64=0 K=256 NG=2 rows=24 beats=72 cycles=279 stalls=207 -> 0.258 beats/cycle, 8.62 stalls/row, period 11.62 cyc/row (BPR = 3, retire residual 8.62 cyc/row)
[3173000] case vecv2/n22_g64: K=256 NG=2 SH=3 NROWS=24 BPR=3 G64=1
  thru: g64=1 K=256 NG=2 rows=24 beats=72 cycles=279 stalls=207 -> 0.258 beats/cycle, 8.62 stalls/row, period 11.62 cyc/row (BPR = 3, retire residual 8.62 cyc/row)
[4374000] case vecv2/n32_g128: K=384 NG=3 SH=4 NROWS=17 BPR=4 G64=0
  thru: g64=0 K=384 NG=3 rows=17 beats=68 cycles=212 stalls=144 -> 0.320 beats/cycle, 8.47 stalls/row, period 12.47 cyc/row (BPR = 4, retire residual 8.47 cyc/row)
[5461000] case vecv2/n32_g64: K=384 NG=3 SH=4 NROWS=17 BPR=4 G64=1
  thru: g64=1 K=384 NG=3 rows=17 beats=68 cycles=212 stalls=144 -> 0.320 beats/cycle, 8.47 stalls/row, period 12.47 cyc/row (BPR = 4, retire residual 8.47 cyc/row)
[6547000] case vecv2/n42_g128: K=512 NG=4 SH=4 NROWS=31 BPR=5 G64=0
  thru: g64=0 K=512 NG=4 rows=31 beats=155 cycles=425 stalls=270 -> 0.364 beats/cycle, 8.70 stalls/row, period 13.70 cyc/row (BPR = 5, retire residual 8.70 cyc/row)
[8455000] case vecv2/n42_g64: K=512 NG=4 SH=4 NROWS=31 BPR=5 G64=1
  thru: g64=1 K=512 NG=4 rows=31 beats=155 cycles=425 stalls=270 -> 0.364 beats/cycle, 8.70 stalls/row, period 13.70 cyc/row (BPR = 5, retire residual 8.70 cyc/row)
  pair K=128 rows=23: g128 244 cyc / 198 stalls, g64 244 cyc / 198 stalls, budget 244 (0 extra scale beat(s)/row)
  pair K=256 rows=24: g128 279 cyc / 207 stalls, g64 279 cyc / 207 stalls, budget 279 (0 extra scale beat(s)/row)
  pair K=384 rows=17: g128 212 cyc / 144 stalls, g64 212 cyc / 144 stalls, budget 212 (0 extra scale beat(s)/row)
  pair K=512 rows=31: g128 425 cyc / 270 stalls, g64 425 cyc / 270 stalls, budget 425 (0 extra scale beat(s)/row)
TB_MATVEC PASS: 8 case(s), 31 rows bit-exact (last K=512 G64=1)
- tb_matvec.sv:349: Verilog $finish
[26000] case vecv2/n13_g128: K=128 NG=1 SH=2 NROWS=23 BPR=2 G64=0
  thru: g64=0 K=128 NG=1 rows=23 beats=46 cycles=244 stalls=198 -> 0.188 beats/cycle, 8.60 stalls/row, period 10.60 cyc/row (BPR = 2, retire residual 8.60 cyc/row)
[1000000] case vecv2/n13_g64: K=128 NG=1 SH=2 NROWS=23 BPR=2 G64=1
  thru: g64=1 K=128 NG=1 rows=23 beats=46 cycles=244 stalls=198 -> 0.188 beats/cycle, 8.60 stalls/row, period 10.60 cyc/row (BPR = 2, retire residual 8.60 cyc/row)
[1973000] case vecv2/n23_g128: K=256 NG=2 SH=3 NROWS=24 BPR=3 G64=0
  thru: g64=0 K=256 NG=2 rows=24 beats=72 cycles=279 stalls=207 -> 0.258 beats/cycle, 8.62 stalls/row, period 11.62 cyc/row (BPR = 3, retire residual 8.62 cyc/row)
[3173000] case vecv2/n23_g64: K=256 NG=2 SH=3 NROWS=24 BPR=3 G64=1
  thru: g64=1 K=256 NG=2 rows=24 beats=72 cycles=279 stalls=207 -> 0.258 beats/cycle, 8.62 stalls/row, period 11.62 cyc/row (BPR = 3, retire residual 8.62 cyc/row)
[4374000] case vecv2/n33_g128: K=384 NG=3 SH=4 NROWS=17 BPR=4 G64=0
  thru: g64=0 K=384 NG=3 rows=17 beats=68 cycles=212 stalls=144 -> 0.320 beats/cycle, 8.47 stalls/row, period 12.47 cyc/row (BPR = 4, retire residual 8.47 cyc/row)
[5461000] case vecv2/n33_g64: K=384 NG=3 SH=4 NROWS=17 BPR=4 G64=1
  thru: g64=1 K=384 NG=3 rows=17 beats=68 cycles=212 stalls=144 -> 0.320 beats/cycle, 8.47 stalls/row, period 12.47 cyc/row (BPR = 4, retire residual 8.47 cyc/row)
[6547000] case vecv2/n43_g128: K=512 NG=4 SH=4 NROWS=31 BPR=5 G64=0
  thru: g64=0 K=512 NG=4 rows=31 beats=155 cycles=425 stalls=270 -> 0.364 beats/cycle, 8.70 stalls/row, period 13.70 cyc/row (BPR = 5, retire residual 8.70 cyc/row)
[8455000] case vecv2/n43_g64: K=512 NG=4 SH=4 NROWS=31 BPR=5 G64=1
  thru: g64=1 K=512 NG=4 rows=31 beats=155 cycles=425 stalls=270 -> 0.364 beats/cycle, 8.70 stalls/row, period 13.70 cyc/row (BPR = 5, retire residual 8.70 cyc/row)
  pair K=128 rows=23: g128 244 cyc / 198 stalls, g64 244 cyc / 198 stalls, budget 244 (0 extra scale beat(s)/row)
  pair K=256 rows=24: g128 279 cyc / 207 stalls, g64 279 cyc / 207 stalls, budget 279 (0 extra scale beat(s)/row)
  pair K=384 rows=17: g128 212 cyc / 144 stalls, g64 212 cyc / 144 stalls, budget 212 (0 extra scale beat(s)/row)
  pair K=512 rows=31: g128 425 cyc / 270 stalls, g64 425 cyc / 270 stalls, budget 425 (0 extra scale beat(s)/row)
TB_MATVEC PASS: 8 case(s), 31 rows bit-exact (last K=512 G64=1)
- tb_matvec.sv:349: Verilog $finish
[26000] case vecv2/n14_g128: K=128 NG=1 SH=2 NROWS=23 BPR=2 G64=0
  thru: g64=0 K=128 NG=1 rows=23 beats=46 cycles=244 stalls=198 -> 0.188 beats/cycle, 8.60 stalls/row, period 10.60 cyc/row (BPR = 2, retire residual 8.60 cyc/row)
[1000000] case vecv2/n14_g64: K=128 NG=1 SH=2 NROWS=23 BPR=2 G64=1
  thru: g64=1 K=128 NG=1 rows=23 beats=46 cycles=244 stalls=198 -> 0.188 beats/cycle, 8.60 stalls/row, period 10.60 cyc/row (BPR = 2, retire residual 8.60 cyc/row)
[1973000] case vecv2/n24_g128: K=256 NG=2 SH=3 NROWS=24 BPR=3 G64=0
  thru: g64=0 K=256 NG=2 rows=24 beats=72 cycles=279 stalls=207 -> 0.258 beats/cycle, 8.62 stalls/row, period 11.62 cyc/row (BPR = 3, retire residual 8.62 cyc/row)
[3173000] case vecv2/n24_g64: K=256 NG=2 SH=3 NROWS=24 BPR=3 G64=1
  thru: g64=1 K=256 NG=2 rows=24 beats=72 cycles=279 stalls=207 -> 0.258 beats/cycle, 8.62 stalls/row, period 11.62 cyc/row (BPR = 3, retire residual 8.62 cyc/row)
[4374000] case vecv2/n34_g128: K=384 NG=3 SH=4 NROWS=17 BPR=4 G64=0
  thru: g64=0 K=384 NG=3 rows=17 beats=68 cycles=212 stalls=144 -> 0.320 beats/cycle, 8.47 stalls/row, period 12.47 cyc/row (BPR = 4, retire residual 8.47 cyc/row)
[5461000] case vecv2/n34_g64: K=384 NG=3 SH=4 NROWS=17 BPR=4 G64=1
  thru: g64=1 K=384 NG=3 rows=17 beats=68 cycles=212 stalls=144 -> 0.320 beats/cycle, 8.47 stalls/row, period 12.47 cyc/row (BPR = 4, retire residual 8.47 cyc/row)
[6547000] case vecv2/n44_g128: K=512 NG=4 SH=4 NROWS=31 BPR=5 G64=0
  thru: g64=0 K=512 NG=4 rows=31 beats=155 cycles=425 stalls=270 -> 0.364 beats/cycle, 8.70 stalls/row, period 13.70 cyc/row (BPR = 5, retire residual 8.70 cyc/row)
[8455000] case vecv2/n44_g64: K=512 NG=4 SH=4 NROWS=31 BPR=5 G64=1
  thru: g64=1 K=512 NG=4 rows=31 beats=155 cycles=425 stalls=270 -> 0.364 beats/cycle, 8.70 stalls/row, period 13.70 cyc/row (BPR = 5, retire residual 8.70 cyc/row)
  pair K=128 rows=23: g128 244 cyc / 198 stalls, g64 244 cyc / 198 stalls, budget 244 (0 extra scale beat(s)/row)
  pair K=256 rows=24: g128 279 cyc / 207 stalls, g64 279 cyc / 207 stalls, budget 279 (0 extra scale beat(s)/row)
  pair K=384 rows=17: g128 212 cyc / 144 stalls, g64 212 cyc / 144 stalls, budget 212 (0 extra scale beat(s)/row)
  pair K=512 rows=31: g128 425 cyc / 270 stalls, g64 425 cyc / 270 stalls, budget 425 (0 extra scale beat(s)/row)
TB_MATVEC PASS: 8 case(s), 31 rows bit-exact (last K=512 G64=1)
- tb_matvec.sv:349: Verilog $finish
=== chunked NG runs ===
[26000] case vecv2/n11_g64: K=128 NG=1 SH=2 NROWS=23 BPR=2 G64=1
[1440000] case vecv2/n21_g128: K=256 NG=2 SH=3 NROWS=24 BPR=3 G64=0
[3267000] case vecv2/n31_g64: K=384 NG=3 SH=4 NROWS=17 BPR=4 G64=1
[4817000] case vecv2/n41_g128: K=512 NG=4 SH=4 NROWS=31 BPR=5 G64=0
TB_MATVEC PASS: 4 case(s), 31 rows bit-exact (last K=512 G64=0)
- tb_matvec.sv:349: Verilog $finish
[26000] case vecv2/n11_g128: K=128 NG=1 SH=2 NROWS=23 BPR=2 G64=0
[1130000] case vecv2/n21_g64: K=256 NG=2 SH=3 NROWS=24 BPR=3 G64=1
[2503000] case vecv2/n31_g128: K=384 NG=3 SH=4 NROWS=17 BPR=4 G64=0
[3787000] case vecv2/n41_g64: K=512 NG=4 SH=4 NROWS=31 BPR=5 G64=1
TB_MATVEC PASS: 4 case(s), 31 rows bit-exact (last K=512 G64=1)
- tb_matvec.sv:349: Verilog $finish
[26000] case vecv2/n12_g64: K=128 NG=1 SH=2 NROWS=23 BPR=2 G64=1
[1440000] case vecv2/n22_g128: K=256 NG=2 SH=3 NROWS=24 BPR=3 G64=0
[3267000] case vecv2/n32_g64: K=384 NG=3 SH=4 NROWS=17 BPR=4 G64=1
[4817000] case vecv2/n42_g128: K=512 NG=4 SH=4 NROWS=31 BPR=5 G64=0
TB_MATVEC PASS: 4 case(s), 31 rows bit-exact (last K=512 G64=0)
- tb_matvec.sv:349: Verilog $finish
[26000] case vecv2/n12_g128: K=128 NG=1 SH=2 NROWS=23 BPR=2 G64=0
[1130000] case vecv2/n22_g64: K=256 NG=2 SH=3 NROWS=24 BPR=3 G64=1
[2503000] case vecv2/n32_g128: K=384 NG=3 SH=4 NROWS=17 BPR=4 G64=0
[3787000] case vecv2/n42_g64: K=512 NG=4 SH=4 NROWS=31 BPR=5 G64=1
TB_MATVEC PASS: 4 case(s), 31 rows bit-exact (last K=512 G64=1)
- tb_matvec.sv:349: Verilog $finish
SELFCHECK_DONE
