=== host: snoke
=== date: 2026-09-14T23:52:53-06:00
=== tree: 29fa4ed
=== cmd:  bash evidence/qwen9b/o3/g7_block_identity.sh f9828f2
=== venv: /home/cah/.venv/bin/python (exists)
===       ref/.venv/bin/python (ABSENT)
===       uv: /home/cah/.local/bin/uv (exists)
=== cpu:  nproc=48 OMP_NUM_THREADS=unset MKL_NUM_THREADS=unset
=== env:  FABLE5_MODEL=unset FABLE5_DN_STATE=unset FABLE5_RS_F=unset
===       FABLE5_CALIB_STATS=unset FABLE5_CALIB_MODE=unset
=== rs_f: derived=n/a (FABLE5_MODEL unset) env=unset rider=0
=== ---
G7_BLOCK: base=f9828f2  NEXT_SESSION.md:6-731 -> docs/HISTORY.md:46-771  (offset +40)
G7_BLOCK_IDENTICAL: PASS  (726 lines, diff empty)
G7_REPAIRS_IN_BLOCK: PASS  (38 number(s) checked, 0 outside)
G7_NO_LIVE_NS_CITE: PASS  (only the pins and the one quoted tool message remain)
--- the residues, by name (each must be exactly one line):
    PIN   evidence/qwen9b/g6/RD9_GATE.md:2608:> `f9828f2:NEXT_SESSION.md:416-417` is **this note's own new text**, written
    PIN   evidence/qwen9b/g6/RD9_GATE.md:2613:> `f9828f2:NEXT_SESSION.md:6-731` — **VERBATIM** into
    QUOTE evidence/qwen9b/g3/G3_3_MATVEC.md:697:| 1 | `NEXT_SESSION.md:449 was rewritten away` | class B — the *"W8 CSR-decode range checks"* follow-on line this task struck.  The one citation (spec §5.1) carries `<!--cites:noquote-->` |
G7_BLOCK_IDENTITY: PASS
=== rc: 0
=== end: 2026-09-14T23:52:53-06:00
