=== host: snoke
=== date: 2026-09-01T14:40:22-06:00
=== tree: 1a6565a
=== cmd:  bash evidence/qwen9b/g2/final_bytelock_pin.sh
=== venv: /home/cah/.venv/bin/python (exists)
===       ref/.venv/bin/python (ABSENT)
===       uv: /home/cah/.local/bin/uv (exists)
=== cpu:  nproc=48 OMP_NUM_THREADS=unset MKL_NUM_THREADS=unset
=== env:  FABLE5_MODEL=unset FABLE5_DN_STATE=unset FABLE5_RS_F=unset
===       FABLE5_CALIB_STATS=unset FABLE5_CALIB_MODE=unset
=== ---
final_bytelock_pin: 2026-09-01T14:40:23-06:00  host=snoke
  root  = /home/cah/r2d2/code/fpga/fable5_llm
  tree  = 1a6565aef1034a1258f5e26e58b7499573ad2bd1

  doc table in sync with expected() (evidence/qwen9b/g2/FINAL_BYTELOCK.md)

  ok           tb/scripts/w4/model_v2_s1.e.seq
  ok           tb/scripts/w4/model_v2_s1.e.seq.json
  ok           tb/scripts/w4/model_v2_s1.e.seqdata.bin
  ok           tb/scripts/w4/model_v2_s1.e.chip
  ok           tb/scripts/w4/model_v2_s1.e4.seq
  ok           tb/scripts/w4/model_v2_s1.e4.seq.json
  ok           tb/scripts/w4/model_v2_s1.e4.seqdata.bin
  ok           tb/scripts/w4/model_v2_s1.e4.chip
  ok           tb/scripts/w4/model_v2_s1.txt
  ok           tb/scripts/w4/model_v2_s1.emb.bin
  ok           tb/scripts/w4/model_v2_s1.weights.json
  ok           tb/scripts/w4/model_v2_s1.wimg.bin
  ok           tb/scripts/w4/model_v2_s1_w[N].bin
  ok           tb/scripts/model_v2_s1.txt
  ok           tb/scripts/w5/model_w8_2b_s1.e.seq
  ok           tb/scripts/w5/model_w8_2b_s1.e.seq.json
  ok           tb/scripts/w5/model_w8_2b_s1.e.seqdata.bin
  ok           tb/scripts/w5/model_w8_2b_s1.e.chip
  ok           tb/scripts/w5/model_w8_2b_s1.txt
  ok           tb/scripts/w5/model_w8_2b_s1.emb.bin
  ok           tb/scripts/w5/model_w8_2b_s1.weights.json
  ok           tb/scripts/w5/model_w8_2b_s1.wimg0.bin
  ok           tb/scripts/w5/model_w8_2b_s1.wimg1.bin
  ok           tb/scripts/w5/model_w8_2b_s1.wimg2.bin
  ok           tb/scripts/w5/model_w8_2b_s1.wimg3.bin
  ok           tb/scripts/w5/model_w8_2b_s1_w[N].bin
  ok           tb/scripts/w5/lay2b_w8_s1.txt
  ok           tb/scripts/w5/lay2b_w8_s1.e.seq
  ok           tb/scripts/w5/lay2b_w8_s1.e.seq.json
  ok           tb/scripts/w5/lay2b_w8_s1.e.seqdata.bin
  ok           tb/scripts/w5/lay2b_w8_s1.e.chip
  ok           tb/scripts/w5/lay2b_w8_s1.weights.json
  ok           tb/scripts/w5/lay2b_w8_s1_w[N].bin
  ok           tb/scripts/w5/lay2b_w8_s2.txt
  ok           tb/scripts/w5/lay2b_w8_s2.e.seq
  ok           tb/scripts/w5/lay2b_w8_s2.e.seq.json
  ok           tb/scripts/w5/lay2b_w8_s2.e.seqdata.bin
  ok           tb/scripts/w5/lay2b_w8_s2.e.chip
  ok           tb/scripts/w5/lay2b_w8_s2.weights.json
  ok           tb/scripts/w5/lay2b_w8_s2_w[N].bin
  ok           tb/scripts/w5/lay2b_w8_s3.txt
  ok           tb/scripts/w5/lay2b_w8_s3.e.seq
  ok           tb/scripts/w5/lay2b_w8_s3.e.seq.json
  ok           tb/scripts/w5/lay2b_w8_s3.e.seqdata.bin
  ok           tb/scripts/w5/lay2b_w8_s3.e.chip
  ok           tb/scripts/w5/lay2b_w8_s3.weights.json
  ok           tb/scripts/w5/lay2b_w8_s3_w[N].bin
  ok           tb/scripts/w5/lay2b_w8_s4.txt
  ok           tb/scripts/w5/lay2b_w8_s4.e.seq
  ok           tb/scripts/w5/lay2b_w8_s4.e.seq.json
  ok           tb/scripts/w5/lay2b_w8_s4.e.seqdata.bin
  ok           tb/scripts/w5/lay2b_w8_s4.e.chip
  ok           tb/scripts/w5/lay2b_w8_s4.weights.json
  ok           tb/scripts/w5/lay2b_w8_s4_w[N].bin

  rows ok 54, bad 0
FINAL_BYTELOCK_PIN PASS — every pinned artifact is byte-identical to
the set build_034 and build_035 were built from.
=== rc: 0
=== end: 2026-09-01T14:40:47-06:00
