=== host: darthplagueis
=== date: 2026-09-01T20:17:25-06:00
=== tree: 77584e9
=== cmd:  sw/.venv/bin/python -u evidence/qwen9b/o3/o3_cite_drift.py --doc-cites --verify
=== venv: /home/cah/.venv/bin/python (ABSENT)
===       ref/.venv/bin/python (exists)
===       uv: /home/cah/.local/bin/uv (ABSENT)
=== cpu:  nproc=32 OMP_NUM_THREADS=unset MKL_NUM_THREADS=unset
=== env:  FABLE5_MODEL=unset FABLE5_DN_STATE=unset FABLE5_RS_F=unset
===       FABLE5_CALIB_STATS=unset FABLE5_CALIB_MODE=unset
=== ---
o3 citation-drift gate  [doc-cites verify]
  doc base   dc8f492
  targets    3 document(s) whose line count moved since dc8f492
               docs/ARCHITECTURE.md                                       753 -> 767 lines
               docs/HISTORY.md                                            316 -> 336 lines
               docs/USAGE.md                                              451 -> 562 lines
  citations  32 line number(s) cited into them at dc8f492
  unmoved    18
  relocated  14 citation(s) checked against the base content and the citing files
O3_DOC_CITES VERIFY PASS (0 problem(s))
=== rc: 0
=== end: 2026-09-01T20:17:28-06:00
