=== host: snoke  date: 2026-09-24T20:01:41-06:00
=== tree: 2390347+dirty
=== dirty:  M ref/seq_model.py
=== dirty: ?? evidence/qwen9b/ov/n22_refusal_selftest_RED.log
=== dirty: ?? evidence/qwen9b/ov/n23_refusal_selftest_GREEN.log
=== dirty: ?? evidence/qwen9b/ov/sv1_gate.sh
=== cmd : /home/cah/.venv/bin/python evidence/qwen9b/bm/bm1_expect.py evidence/qwen9b/bn/003_timeline_model_9b_s1.log --csv evidence/qwen9b/bn/bn_timeline_model_9b_s1.csv --csv-sha256 evidence/qwen9b/bn/bn_timeline_model_9b_s1.csv.sha256 --out evidence/qwen9b/bm/bm1_expect_model_9b_s1.txt
=== venv: /home/cah/.venv/bin/python (named in cmd): 3.12.3 numpy 2.4.6
census log   evidence/qwen9b/bn/003_timeline_model_9b_s1.log
segments     7 (meta ntok=7), bcyc=196706812
mvop totals  MOVX 31540704  MVGO 230688  MOVY 17050656  FENCE 81582408
class 2 MOVER total 130404456 ; FENCE+MVWORK 130404456  (identity D: must be equal)
csv          evidence/qwen9b/bn/bn_timeline_model_9b_s1.csv
csv sha256   a9e74bd01954f12ebf417663000b81641aa6e44d7f8d5d2145aa054bafebfb78
committed    a9e74bd01954f12ebf417663000b81641aa6e44d7f8d5d2145aa054bafebfb78  (evidence/qwen9b/bn/bn_timeline_model_9b_s1.csv.sha256)
CSV sha256 IDENTICAL TO THE COMMITTED HASH
csv S rows   7 segments, 196706812 cycles in all (bcyc 196706812)
MVANY        81689902  (segment 0: 0; tokens 1..6 mean 13614983.7)
CENSUS_I2    70360  (tokens 1..6 mean 11726.7)
--- expect file evidence/qwen9b/bm/bm1_expect_model_9b_s1.txt
  PERF_CYC      196706812   # meta bcyc
  BM_MV0         81492987   # sum class t 8 (MV0_BSY)
  BM_MV1         81235575   # sum class t 9 (MV1_BSY)
  BM_MV2         81149421   # sum class t 10 (MV2_BSY)
  BM_MV3         81149554   # sum class t 11 (MV3_BSY)
  BM_FENCE       81582408   # sum mvop t 3
  BM_MOVX        31540704   # sum mvop t 0
  BM_MOVY        17050656   # sum mvop t 2
  BM_MVWORK      48822048   # sum mvop t 0+1+2
  BM_IMOVER     130453404   # sum ist t 17 (I_MOVER)
  BM_STEPS              6   # sum opcyc t 6 count (OP_EMB)
  L_LCYC         62414792   # sum class t 0 (L_CMP)
  BM_MVANY       81689902   # csv: sum S rows with mask & 0x0F00
  CENSUS_I2         70360   # csv: sum S rows MOVER & !STR & BSY (013 I-2)
=== rc  : 0
=== end : 2026-09-24T20:01:42-06:00
