=== host: snoke  date: 2026-09-25T03:22:40-06:00
=== tree: c26eba4
=== cmd : bash -c 
grep -m1 "| Instance" synth/out_build_041/reports/utilization_hier.rpt | tr -s " " | sed "s/^/UH hdr /"
for R in synth/out_build_042_bm1 synth/out_build_041; do echo "UH $R ($(stat -c %y $R/reports/utilization_hier.rpt))"; grep -E "^\|\s+(seq_0|mvchan_[0-3]|layer_0)\s+\|" $R/reports/utilization_hier.rpt | tr -s " " | sed "s/^/UH   /"; done

=== env : FABLE5_MODEL=unset  FABLE5_SEQ_EXPECT_VERSION=unset
=== venv: /home/cah/.venv/bin/python (shipped venv (no interpreter named in cmd)): 3.12.3 numpy 2.4.6
UH synth/out_build_042_bm1 (2026-09-25 03:15:31.949054942 -0600)
UH   | layer_0 | bd_layer_0_0 | 114215 | 109747 | 4444 | 24 | 63573 | 79 | 8 | 182 | 1840 |
UH   | mvchan_0 | bd_mvchan_0_0 | 14664 | 9678 | 4978 | 8 | 14175 | 4 | 0 | 0 | 2 |
UH   | mvchan_1 | bd_mvchan_1_0 | 14639 | 9653 | 4978 | 8 | 14210 | 4 | 0 | 0 | 2 |
UH   | mvchan_2 | bd_mvchan_2_0 | 14674 | 9688 | 4978 | 8 | 14132 | 4 | 0 | 0 | 2 |
UH   | mvchan_3 | bd_mvchan_3_0 | 14647 | 9661 | 4978 | 8 | 14180 | 4 | 0 | 0 | 2 |
UH   | seq_0 | bd_seq_0_0 | 3992 | 3780 | 212 | 0 | 2990 | 0 | 0 | 0 | 0 |
UH synth/out_build_041 (2026-09-07 09:45:59.884946634 -0600)
UH   | layer_0 | bd_layer_0_0 | 114082 | 109614 | 4444 | 24 | 65578 | 79 | 8 | 182 | 1840 |
UH   | mvchan_0 | bd_mvchan_0_0 | 14729 | 9743 | 4978 | 8 | 14184 | 4 | 0 | 0 | 2 |
UH   | mvchan_1 | bd_mvchan_1_0 | 14602 | 9616 | 4978 | 8 | 14130 | 4 | 0 | 0 | 2 |
UH   | mvchan_2 | bd_mvchan_2_0 | 14614 | 9628 | 4978 | 8 | 14133 | 4 | 0 | 0 | 2 |
UH   | mvchan_3 | bd_mvchan_3_0 | 14639 | 9653 | 4978 | 8 | 14142 | 4 | 0 | 0 | 2 |
UH   | seq_0 | bd_seq_0_0 | 3805 | 3593 | 212 | 0 | 2575 | 0 | 0 | 0 | 0 |
=== rc  : 0
=== end : 2026-09-25T03:22:40-06:00
