=== host: snoke  date: 2026-09-25T10:11:00-06:00
=== tree: 3fd2b1c
=== cmd : bash evidence/qwen9b/bm/bm1_roll_score.sh synth/out_build_042_bm1_ckr2_AltSpreadLogic_medium
=== env : FABLE5_MODEL=unset  FABLE5_SEQ_EXPECT_VERSION=unset
=== venv: /home/cah/.venv/bin/python (shipped venv (no interpreter named in cmd)): 3.12.3 numpy 2.4.6
################ ROLL synth/out_build_042_bm1_ckr2_AltSpreadLogic_medium
SC mtimes:
SC   2026-09-25 09:59:09.247862609 51956193 synth/out_build_042_bm1_ckr2_AltSpreadLogic_medium/proj/stage1.runs/impl_1/bd_wrapper.bit
SC   2026-09-25 09:49:12.447773408 29671 synth/out_build_042_bm1_ckr2_AltSpreadLogic_medium/proj/stage1.runs/impl_1/bd_wrapper.mmi
SC   2026-09-25 09:49:01.447289616 290359194 synth/out_build_042_bm1_ckr2_AltSpreadLogic_medium/proj/stage1.runs/impl_1/bd_wrapper_postroute_physopt.dcp
SC   2026-09-25 07:24:13.705063768 290770820 synth/out_build_042_bm1_ckr2_AltSpreadLogic_medium/proj/stage1.runs/impl_1/bd_wrapper_routed.dcp
SC   2026-09-25 10:08:22.745992238 1470229 synth/out_build_042_bm1_ckr2_AltSpreadLogic_medium/reports/timing_summary.rpt
SC   2026-09-25 10:09:52.702826654 4548158 synth/out_build_042_bm1_ckr2_AltSpreadLogic_medium/reports/utilization_hier.rpt
SC   2026-09-25 10:09:15.295230510 21704 synth/out_build_042_bm1_ckr2_AltSpreadLogic_medium/reports/utilization.rpt
SC fullimpl lines:
SC   EXTRA_XDC: /home/cah/r2d2/code/fpga/fable5_llm/synth/constraints/fable5_clockroot_9b.xdc (implementation-only)
SC   FULL_IMPL_CFG: place=AltSpreadLogic_medium phys_opt=AggressiveExplore (post-place AND post-route enabled)
SC   TIMING: WNS=-0.344 WHS=0.000 DIRECTIVE=AltSpreadLogic_medium RECIPE=full XDC=/home/cah/r2d2/code/fpga/fable5_llm/synth/constraints/fable5_clockroot_9b.xdc
SC   PBLOCK_COUNT: 0
SC   WHS_GATE: OK whs=0.000
SC   BUILD_OK
SC ERROR lines in fullimpl.log: 0
# roll: out_build_042_bm1_ckr2_AltSpreadLogic_medium
# source: synth/out_build_042_bm1_ckr2_AltSpreadLogic_medium/reports/timing_summary.rpt (out dirs are gitignored)
# mtime : 2026-09-25 10:08:22.745992238 -0600
# BM1-T3 spread roll

=== Design Timing Summary ===
     -0.344    -1485.636                  14061              1322256        0.000        0.000                      0              1319120        0.000        0.000                       0                393899  

=== Clock Summary (the six named clocks: name, waveform, period, frequency) ===
  mmcm_clkout0                                                                                                                                                                                                                                                                                                                                                                                                                     {0.000 1.666}          3.332           300.120         
  mmcm_clkout0_2                                                                                                                                                                                                                                                                                                                                                                                                                   {0.000 1.666}          3.332           300.120         
  mmcm_clkout0_3                                                                                                                                                                                                                                                                                                                                                                                                                   {0.000 1.666}          3.332           300.120         
  mmcm_clkout0_1                                                                                                                                                                                                                                                                                                                                                                                                                   {0.000 1.666}          3.332           300.120         
      pipe_clk                                                                                                                                                                                                                                                                                                                                                                                                                     {0.000 2.000}          4.000           250.000         
      xdma_0_axi_aclk                                                                                                                                                                                                                                                                                                                                                                                                              {0.000 2.000}          4.000           250.000         

=== Intra Clock Table (the same six) ===
  mmcm_clkout0                                                                                                                                                                                                                                                                                                                                                                                                                          -0.169      -41.725                    599               173324        0.010        0.000                      0               173324        0.500        0.000                       0                 58646  
  mmcm_clkout0_2                                                                                                                                                                                                                                                                                                                                                                                                                        -0.277     -228.473                   1978               173229        0.009        0.000                      0               173229        0.500        0.000                       0                 58614  
  mmcm_clkout0_3                                                                                                                                                                                                                                                                                                                                                                                                                        -0.132      -60.586                   1168               173237        0.000        0.000                      0               173237        0.500        0.000                       0                 58620  
  mmcm_clkout0_1                                                                                                                                                                                                                                                                                                                                                                                                                        -0.275     -222.289                   1976               173214        0.000        0.000                      0               173214        0.500        0.000                       0                 58616  
      pipe_clk                                                                                                                                                                                                                                                                                                                                                                                                                           0.779        0.000                      0                 4764        0.012        0.000                      0                 4764        0.000        0.000                       0                  2246  
      xdma_0_axi_aclk                                                                                                                                                                                                                                                                                                                                                                                                                   -0.344     -932.564                   8340               579832        0.000        0.000                      0               579832        1.300        0.000                       0                142050  
SC worst Max Delay path per named clock:
WP From Clock: mmcm_clkout0
WP Slack (VIOLATED) : -0.169ns (required time - arrival time)
WP Source: bd_i/mvchan_0/inst/u_chan/u_streamer/f_wr_reg[4]/C
WP Destination: bd_i/mvchan_0/inst/u_chan/u_engine/xline_q0_reg[9]__29/CE
WP From Clock: mmcm_clkout0_2
WP Slack (VIOLATED) : -0.277ns (required time - arrival time)
WP Source: bd_i/mvchan_1/inst/u_chan/u_streamer/f_wr_reg[1]/C
WP Destination: bd_i/mvchan_1/inst/u_chan/u_engine/scales_q_reg[49][7]/CE
WP From Clock: mmcm_clkout0_3
WP Slack (VIOLATED) : -0.132ns (required time - arrival time)
WP Source: bd_i/ddr4_2/inst/u_ddr4_mem_intfc/u_io_addr_sync/SYNC[17].sync_reg_reg[1]/C
WP Destination: bd_i/ddr4_2/inst/u_ddr4_mem_intfc/u_ddr_cal_top/u_ddr_cal/u_ddr_cal_addr_decode/cal_WE_B_reg[1]/CE
WP From Clock: mmcm_clkout0_1
WP Slack (VIOLATED) : -0.275ns (required time - arrival time)
WP Source: bd_i/mvchan_3/inst/u_chan/u_engine/r_g_reg[0]_rep__11/C
WP Destination: bd_i/mvchan_3/inst/u_chan/u_engine/scales_q_reg[32][11]/CE
WP From Clock: pipe_clk
WP Slack (MET) : 0.779ns (required time - arrival time)
WP Source: bd_i/xdma_0/inst/pcie4_ip_i/inst/bd_xdma_0_0_pcie4_ip_gt_top_i/diablo_gt.diablo_gt_phy_wrapper/rst_psrst_n_r_rep_reg_rep__0/C
WP Destination: bd_i/xdma_0/inst/pcie4_ip_i/inst/bd_xdma_0_0_pcie4_ip_gt_top_i/diablo_gt.diablo_gt_phy_wrapper/phy_lane[1].cdr_ctrl_on_eidle_i/gen34_eios_det_pclk_reg/R
WP From Clock: xdma_0_axi_aclk
WP Slack (VIOLATED) : -0.344ns (required time - arrival time)
WP Source: bd_i/layer_0/inst/u_core/dma_kind_reg[0]/C
WP Destination: bd_i/layer_0/inst/u_core/g_kvslot[0].mem_reg_uram_29/CAS_IN_ADDR_B[4]
SC printed paths touching seq_0 / mv_busy_bm / bm_ cells: 0
=== rc  : 0
=== end : 2026-09-25T10:11:00-06:00
