=== host: snoke  date: 2026-09-25T14:09:29-06:00
=== tree: 78165d4
=== cmd : bash evidence/qwen9b/bm/bm1_roll_score.sh synth/out_build_042_bm1_ckr2b_ExtraNetDelay_low
=== env : FABLE5_MODEL=unset  FABLE5_SEQ_EXPECT_VERSION=unset
=== venv: /home/cah/.venv/bin/python (shipped venv (no interpreter named in cmd)): 3.12.3 numpy 2.4.6
################ ROLL synth/out_build_042_bm1_ckr2b_ExtraNetDelay_low
SC mtimes:
SC   2026-09-25 13:58:23.045708243 52710545 synth/out_build_042_bm1_ckr2b_ExtraNetDelay_low/proj/stage1.runs/impl_1/bd_wrapper.bit
SC   2026-09-25 13:46:53.097955938 29669 synth/out_build_042_bm1_ckr2b_ExtraNetDelay_low/proj/stage1.runs/impl_1/bd_wrapper.mmi
SC   2026-09-25 13:46:43.037525758 288066231 synth/out_build_042_bm1_ckr2b_ExtraNetDelay_low/proj/stage1.runs/impl_1/bd_wrapper_postroute_physopt.dcp
SC   2026-09-25 12:58:21.687798932 288323804 synth/out_build_042_bm1_ckr2b_ExtraNetDelay_low/proj/stage1.runs/impl_1/bd_wrapper_routed.dcp
SC   2026-09-25 14:07:05.912222689 1467238 synth/out_build_042_bm1_ckr2b_ExtraNetDelay_low/reports/timing_summary.rpt
SC   2026-09-25 14:08:28.613879490 4548149 synth/out_build_042_bm1_ckr2b_ExtraNetDelay_low/reports/utilization_hier.rpt
SC   2026-09-25 14:07:53.674335954 21695 synth/out_build_042_bm1_ckr2b_ExtraNetDelay_low/reports/utilization.rpt
SC fullimpl lines:
SC   EXTRA_XDC: /home/cah/r2d2/code/fpga/fable5_llm/synth/constraints/fable5_clockroot_9b.xdc (implementation-only)
SC   FULL_IMPL_CFG: place=ExtraNetDelay_low phys_opt=AggressiveExplore (post-place AND post-route enabled)
SC   TIMING: WNS=-0.124 WHS=0.000 DIRECTIVE=ExtraNetDelay_low RECIPE=full XDC=/home/cah/r2d2/code/fpga/fable5_llm/synth/constraints/fable5_clockroot_9b.xdc
SC   PBLOCK_COUNT: 0
SC   WHS_GATE: OK whs=0.000
SC   BUILD_OK
SC ERROR lines in fullimpl.log: 0
# roll: out_build_042_bm1_ckr2b_ExtraNetDelay_low
# source: synth/out_build_042_bm1_ckr2b_ExtraNetDelay_low/reports/timing_summary.rpt (out dirs are gitignored)
# mtime : 2026-09-25 14:07:05.912222689 -0600
# BM1-T3 spread roll

=== Design Timing Summary ===
     -0.124      -94.611                   2308              1322333        0.000        0.000                      0              1319197        0.000        0.000                       0                393465  

=== Clock Summary (the six named clocks: name, waveform, period, frequency) ===
  mmcm_clkout0                                                                                                                                                                                                                                                                                                                                                                                                                     {0.000 1.666}          3.332           300.120         
  mmcm_clkout0_2                                                                                                                                                                                                                                                                                                                                                                                                                   {0.000 1.666}          3.332           300.120         
  mmcm_clkout0_3                                                                                                                                                                                                                                                                                                                                                                                                                   {0.000 1.666}          3.332           300.120         
  mmcm_clkout0_1                                                                                                                                                                                                                                                                                                                                                                                                                   {0.000 1.666}          3.332           300.120         
      pipe_clk                                                                                                                                                                                                                                                                                                                                                                                                                     {0.000 2.000}          4.000           250.000         
      xdma_0_axi_aclk                                                                                                                                                                                                                                                                                                                                                                                                              {0.000 2.000}          4.000           250.000         

=== Intra Clock Table (the same six) ===
  mmcm_clkout0                                                                                                                                                                                                                                                                                                                                                                                                                          -0.010       -0.440                     94               173211        0.000        0.000                      0               173211        0.500        0.000                       0                 58610  
  mmcm_clkout0_2                                                                                                                                                                                                                                                                                                                                                                                                                         0.002        0.000                      0               173341        0.010        0.000                      0               173341        0.500        0.000                       0                 58651  
  mmcm_clkout0_3                                                                                                                                                                                                                                                                                                                                                                                                                         0.003        0.000                      0               173247        0.010        0.000                      0               173247        0.500        0.000                       0                 58621  
  mmcm_clkout0_1                                                                                                                                                                                                                                                                                                                                                                                                                         0.004        0.000                      0               173263        0.011        0.000                      0               173263        0.500        0.000                       0                 58630  
      pipe_clk                                                                                                                                                                                                                                                                                                                                                                                                                           0.707        0.000                      0                 4764        0.010        0.000                      0                 4764        0.000        0.000                       0                  2246  
      xdma_0_axi_aclk                                                                                                                                                                                                                                                                                                                                                                                                                   -0.124      -94.171                   2214               579851        0.004        0.000                      0               579851        1.300        0.000                       0                141600  
SC worst Max Delay path per named clock:
WP From Clock: mmcm_clkout0
WP Slack (VIOLATED) : -0.010ns (required time - arrival time)
WP Source: bd_i/mvchan_0/inst/u_chan/u_streamer/f_rd_reg[0]/C
WP Destination: <hidden>
WP From Clock: mmcm_clkout0_2
WP Slack (MET) : 0.002ns (required time - arrival time)
WP Source: bd_i/mvchan_1/inst/u_chan/u_engine/r_g_reg[2]_rep__1/C
WP Destination: bd_i/mvchan_1/inst/u_chan/u_engine/pa_q_reg/DSP_A_B_DATA_INST/B[12]
WP From Clock: mmcm_clkout0_3
WP Slack (MET) : 0.003ns (required time - arrival time)
WP Source: bd_i/mvchan_2/inst/u_chan/u_engine/r_g_reg[0]_rep__9/C
WP Destination: bd_i/mvchan_2/inst/u_chan/u_engine/pa_q_reg/DSP_A_B_DATA_INST/B[2]
WP From Clock: mmcm_clkout0_1
WP Slack (MET) : 0.004ns (required time - arrival time)
WP Source: bd_i/mvchan_3/inst/u_chan/u_engine/r_g_reg[2]/C
WP Destination: bd_i/mvchan_3/inst/u_chan/u_engine/r_g_reg[1]_rep__7/R
WP From Clock: pipe_clk
WP Slack (MET) : 0.707ns (required time - arrival time)
WP Source: bd_i/xdma_0/inst/pcie4_ip_i/inst/bd_xdma_0_0_pcie4_ip_gt_top_i/diablo_gt.diablo_gt_phy_wrapper/rst_psrst_n_r_rep_reg_rep__0/C
WP Destination: bd_i/xdma_0/inst/pcie4_ip_i/inst/bd_xdma_0_0_pcie4_ip_gt_top_i/diablo_gt.diablo_gt_phy_wrapper/phy_lane[0].cdr_ctrl_on_eidle_i/gen34_eios_det_pclk_reg/R
WP From Clock: xdma_0_axi_aclk
WP Slack (VIOLATED) : -0.124ns (required time - arrival time)
WP Source: bd_i/layer_0/inst/u_core/u_attn/og_i_reg[1]_rep__4/C
WP Destination: bd_i/layer_0/inst/u_core/u_attn/o_g8_reg[18][15]/D
SC printed paths touching seq_0 / mv_busy_bm / bm_ cells: 0
=== rc  : 0
=== end : 2026-09-25T14:09:29-06:00
