=== host: snoke  date: 2026-09-25T16:04:42-06:00
=== tree: 34a21ff+dirty
=== dirty: ?? tight_setup_hold_pins.txt
=== cmd : /home/cah/.venv/bin/python evidence/qwen_next/spec_cites.py evidence/qwen9b/bm/BM1_T3_BUILD.md
=== env : FABLE5_MODEL=unset  FABLE5_SEQ_EXPECT_VERSION=unset
=== venv: /home/cah/.venv/bin/python (named in cmd): 3.12.3 numpy 2.4.6
checked: 138 exist, 71 range, 7 quote  |  pending 0  |  retired 0  |  noquote 0  |  FAIL 33
  BM1_T3_BUILD.md:33  EXIST  launch_po2.sh does not exist
  BM1_T3_BUILD.md:33  EXIST  create_project.tcl does not exist
  BM1_T3_BUILD.md:34  EXIST  build.tcl does not exist
  BM1_T3_BUILD.md:34  EXIST  full_impl.tcl does not exist
  BM1_T3_BUILD.md:45  EXIST  build.log does not exist
  BM1_T3_BUILD.md:48  EXIST  full_impl.tcl does not exist
  BM1_T3_BUILD.md:64  EXIST  103_t14b_build_041.log does not exist
  BM1_T3_BUILD.md:65  EXIST  build.log does not exist
  BM1_T3_BUILD.md:66  EXIST  create.log does not exist
  BM1_T3_BUILD.md:66  EXIST  build_run.log does not exist
  BM1_T3_BUILD.md:71  EXIST  create.log does not exist
  BM1_T3_BUILD.md:72  EXIST  create.log does not exist
  BM1_T3_BUILD.md:77  EXIST  build.tcl does not exist
  BM1_T3_BUILD.md:78  EXIST  build_run.log does not exist
  BM1_T3_BUILD.md:79  EXIST  build.tcl does not exist
  BM1_T3_BUILD.md:102  EXIST  timing_summary.rpt does not exist
  BM1_T3_BUILD.md:103  EXIST  utilization.rpt does not exist
  BM1_T3_BUILD.md:104  EXIST  utilization_hier.rpt does not exist
  BM1_T3_BUILD.md:175  EXIST  launch_po2.sh does not exist
  BM1_T3_BUILD.md:207  EXIST  launch_po2.sh does not exist
  BM1_T3_BUILD.md:219  EXIST  g5d_roll_summary.sh does not exist
  BM1_T3_BUILD.md:353  EXIST  impl_1/runme.log does not exist
  BM1_T3_BUILD.md:369  EXIST  full_impl.tcl does not exist
  BM1_T3_BUILD.md:373  EXIST  full_impl.tcl does not exist
  BM1_T3_BUILD.md:380  EXIST  full_impl.tcl does not exist
  BM1_T3_BUILD.md:385  EXIST  138_t14b_spread_po4.log does not exist
  BM1_T3_BUILD.md:446  EXIST  impl_1/runme.log does not exist
  BM1_T3_BUILD.md:469  EXIST  148_t14b_playbook_ckr2.log does not exist
  BM1_T3_BUILD.md:568  QUOTE  "mvchan_0/u_chan/u_streamer/f_rd_reg[0]" — not found in any cited file (cited: evidence/qwen9b/bm/n45_T3_spread2_score_ENDl.log:48)
  BM1_T3_BUILD.md:599  EXIST  matvec_chan.sv does not exist
  BM1_T3_BUILD.md:599  EXIST  matvec_chan_ipi.v does not exist
  BM1_T3_BUILD.md:599  EXIST  seq_unit.sv does not exist
  BM1_T3_BUILD.md:599  EXIST  seq_unit_ipi.v does not exist
SPEC CITES: FAIL
=== rc  : 1
=== end : 2026-09-25T16:04:43-06:00
