=== host: snoke  date: 2026-09-26T10:03:34-06:00
=== tree: c765718
=== cmd : bash -c bash evidence/qwen9b/bm/bm1_roll_score.sh synth/out_build_042_bm1_ckr2b_EarlyBlockPlacement; echo "SC bitgen DRC lines (fullimpl.log):"; grep -nE "DRC finished|RTSTAT|ERROR: \[DRC" synth/out_build_042_bm1_ckr2b_EarlyBlockPlacement/fullimpl.log | sed "s/^/SC   /"
=== env : FABLE5_MODEL=unset  FABLE5_SEQ_EXPECT_VERSION=unset
=== venv: /home/cah/.venv/bin/python (shipped venv (no interpreter named in cmd)): 3.12.3 numpy 2.4.6
################ ROLL synth/out_build_042_bm1_ckr2b_EarlyBlockPlacement
SC mtimes:
SC   2026-09-25 16:44:07.051513516 51584717 synth/out_build_042_bm1_ckr2b_EarlyBlockPlacement/proj/stage1.runs/impl_1/bd_wrapper.bit
SC   2026-09-25 16:35:01.617745044 29678 synth/out_build_042_bm1_ckr2b_EarlyBlockPlacement/proj/stage1.runs/impl_1/bd_wrapper.mmi
SC   2026-09-25 16:34:51.300294225 288895582 synth/out_build_042_bm1_ckr2b_EarlyBlockPlacement/proj/stage1.runs/impl_1/bd_wrapper_postroute_physopt.dcp
SC   2026-09-25 13:40:17.108071851 289271556 synth/out_build_042_bm1_ckr2b_EarlyBlockPlacement/proj/stage1.runs/impl_1/bd_wrapper_routed.dcp
SC   2026-09-25 16:52:43.452862887 1476079 synth/out_build_042_bm1_ckr2b_EarlyBlockPlacement/reports/timing_summary.rpt
SC   2026-09-25 16:54:02.853291414 4548155 synth/out_build_042_bm1_ckr2b_EarlyBlockPlacement/reports/utilization_hier.rpt
SC   2026-09-25 16:53:29.920869129 21701 synth/out_build_042_bm1_ckr2b_EarlyBlockPlacement/reports/utilization.rpt
SC fullimpl lines:
SC   EXTRA_XDC: /home/cah/r2d2/code/fpga/fable5_llm/synth/constraints/fable5_clockroot_9b.xdc (implementation-only)
SC   FULL_IMPL_CFG: place=EarlyBlockPlacement phys_opt=AggressiveExplore (post-place AND post-route enabled)
SC   TIMING: WNS=-0.507 WHS=0.000 DIRECTIVE=EarlyBlockPlacement RECIPE=full XDC=/home/cah/r2d2/code/fpga/fable5_llm/synth/constraints/fable5_clockroot_9b.xdc
SC   PBLOCK_COUNT: 0
SC   WHS_GATE: OK whs=0.000
SC   BUILD_OK
SC ERROR lines in fullimpl.log: 0
# roll: out_build_042_bm1_ckr2b_EarlyBlockPlacement
# source: synth/out_build_042_bm1_ckr2b_EarlyBlockPlacement/reports/timing_summary.rpt (out dirs are gitignored)
# mtime : 2026-09-25 16:52:43.452862887 -0600
# BM1-T3 spread roll

=== Design Timing Summary ===
     -0.507    -1957.363                  14709              1321641        0.000        0.000                      0              1318505        0.000        0.000                       0                395488  

=== Clock Summary (the six named clocks: name, waveform, period, frequency) ===
  mmcm_clkout0                                                                                                                                                                                                                                                                                                                                                                                                                     {0.000 1.666}          3.332           300.120         
  mmcm_clkout0_2                                                                                                                                                                                                                                                                                                                                                                                                                   {0.000 1.666}          3.332           300.120         
  mmcm_clkout0_3                                                                                                                                                                                                                                                                                                                                                                                                                   {0.000 1.666}          3.332           300.120         
  mmcm_clkout0_1                                                                                                                                                                                                                                                                                                                                                                                                                   {0.000 1.666}          3.332           300.120         
      pipe_clk                                                                                                                                                                                                                                                                                                                                                                                                                     {0.000 2.000}          4.000           250.000         
      xdma_0_axi_aclk                                                                                                                                                                                                                                                                                                                                                                                                              {0.000 2.000}          4.000           250.000         

=== Intra Clock Table (the same six) ===
  mmcm_clkout0                                                                                                                                                                                                                                                                                                                                                                                                                          -0.244     -277.798                   2847               174541        0.000        0.000                      0               174541        0.500        0.000                       0                 59086  
  mmcm_clkout0_2                                                                                                                                                                                                                                                                                                                                                                                                                        -0.023       -0.926                    109               173220        0.001        0.000                      0               173220        0.500        0.000                       0                 58612  
  mmcm_clkout0_3                                                                                                                                                                                                                                                                                                                                                                                                                        -0.099      -44.918                   1115               173184        0.001        0.000                      0               173184        0.500        0.000                       0                 58599  
  mmcm_clkout0_1                                                                                                                                                                                                                                                                                                                                                                                                                        -0.133      -11.221                    173               173232        0.010        0.000                      0               173232        0.500        0.000                       0                 58619  
      pipe_clk                                                                                                                                                                                                                                                                                                                                                                                                                           0.110        0.000                      0                 4764        0.014        0.000                      0                 4764        0.000        0.000                       0                  2246  
      xdma_0_axi_aclk                                                                                                                                                                                                                                                                                                                                                                                                                   -0.507    -1622.500                  10465               578043        0.000        0.000                      0               578043        1.300        0.000                       0                143218  
SC worst Max Delay path per named clock:
WP From Clock: mmcm_clkout0
WP Slack (VIOLATED) : -0.244ns (required time - arrival time)
WP Source: bd_i/mvchan_0/inst/u_chan/u_engine/r_g_reg[0]_rep__11_replica_2/C
WP Destination: bd_i/mvchan_0/inst/u_chan/u_engine/scales_q_reg[84][5]/CE
WP From Clock: mmcm_clkout0_2
WP Slack (VIOLATED) : -0.023ns (required time - arrival time)
WP Source: bd_i/mvchan_1/inst/u_chan/u_engine/r_g_reg[2]_rep__1/C
WP Destination: bd_i/mvchan_1/inst/u_chan/u_streamer/committed_reg[9]/D
WP From Clock: mmcm_clkout0_3
WP Slack (VIOLATED) : -0.099ns (required time - arrival time)
WP Source: bd_i/mvchan_2/inst/u_chan/u_engine/r_g_reg[0]_rep__0/C
WP Destination: bd_i/mvchan_2/inst/u_chan/u_engine/scales_q_reg[15][8]/CE
WP From Clock: mmcm_clkout0_1
WP Slack (VIOLATED) : -0.133ns (required time - arrival time)
WP Source: bd_i/mvchan_3/inst/u_chan/u_streamer/f_wr_reg[4]/C
WP Destination: bd_i/mvchan_3/inst/u_chan/u_streamer/perf_beats_reg[27]/R
WP From Clock: pipe_clk
WP Slack (MET) : 0.110ns (required time - arrival time)
WP Source: bd_i/xdma_0/inst/pcie4_ip_i/inst/bd_xdma_0_0_pcie4_ip_gt_top_i/diablo_gt.diablo_gt_phy_wrapper/rst_psrst_n_r_rep_reg_rep/C
WP Destination: bd_i/xdma_0/inst/pcie4_ip_i/inst/bd_xdma_0_0_pcie4_ip_gt_top_i/phy_pipeline/per_lane_ff_chain[2].phy_rxvalid_chain/with_ff_chain.ff_chain_gen[0].sync_rst.ff_chain_reg[1][0]/R
WP From Clock: xdma_0_axi_aclk
WP Slack (VIOLATED) : -0.507ns (required time - arrival time)
WP Source: bd_i/layer_0/inst/u_core/u_dn/row_reg[0]/C
WP Destination: bd_i/layer_0/inst/u_core/u_dn/g_lane[66].p2_p_reg[66]_i_16_psdsp/D
SC printed paths touching seq_0 / mv_busy_bm / bm_ cells: 0
SC bitgen DRC lines (fullimpl.log):
SC   540:INFO: [Project 1-461] DRC finished with 0 Errors
SC   779:INFO: [Vivado_Tcl 4-198] DRC finished with 0 Errors
SC   784:INFO: [Vivado_Tcl 4-198] DRC finished with 0 Errors
SC   3186:INFO: [Vivado_Tcl 4-198] DRC finished with 0 Errors
SC   3763:INFO: [Vivado_Tcl 4-198] DRC finished with 0 Errors
SC   4249:INFO: [Vivado 12-3199] DRC finished with 0 Errors
=== rc  : 0
=== end : 2026-09-26T10:03:34-06:00
