=== host: snoke  date: 2026-09-28T06:24:57-06:00
=== tree: 110108e
=== cmd : /home/cah/.venv/bin/python evidence/qwen9b/sr/sr11a_r2_tdd.py
=== env : FABLE5_MODEL=9b
=== venv: /home/cah/.venv/bin/python (named in cmd): 3.12.3 numpy 2.4.6
Traceback (most recent call last):
  File "/home/cah/r2d2/code/fpga/fable5_llm/evidence/qwen9b/sr/sr11a_r2_tdd.py", line 89, in guarded
    cond, detail = fn()
                   ^^^^
  File "/home/cah/r2d2/code/fpga/fable5_llm/evidence/qwen9b/sr/sr11a_r2_tdd.py", line 171, in <lambda>
    lambda: refused([movx(0, word=1536), mvgo(0, xb=1),
            ^^^^^^^^^^^^^^^^^^^^^^^^^^^^^^^^^^^^^^^^^^^
  File "/home/cah/r2d2/code/fpga/fable5_llm/evidence/qwen9b/sr/sr11a_r2_tdd.py", line 151, in refused
    run(recs, caps)
seq_format.SeqValidationError: rec 0: MOVX target is reserved (must be 0)  [op=0x03 fl=0x00 tgt=0x0600 imm=0x00000000 lo=0x00000000 hi=0x00000080]
Traceback (most recent call last):
  File "/home/cah/r2d2/code/fpga/fable5_llm/evidence/qwen9b/sr/sr11a_r2_tdd.py", line 89, in guarded
    cond, detail = fn()
                   ^^^^
  File "/home/cah/r2d2/code/fpga/fable5_llm/evidence/qwen9b/sr/sr11a_r2_tdd.py", line 175, in <lambda>
    lambda: refused([movx(0, word=1536), mvgo(0, xb=1),
            ^^^^^^^^^^^^^^^^^^^^^^^^^^^^^^^^^^^^^^^^^^^
  File "/home/cah/r2d2/code/fpga/fable5_llm/evidence/qwen9b/sr/sr11a_r2_tdd.py", line 151, in refused
    run(recs, caps)
seq_format.SeqValidationError: rec 0: MOVX target is reserved (must be 0)  [op=0x03 fl=0x00 tgt=0x0600 imm=0x00000000 lo=0x00000000 hi=0x00000080]
Traceback (most recent call last):
  File "/home/cah/r2d2/code/fpga/fable5_llm/evidence/qwen9b/sr/sr11a_r2_tdd.py", line 89, in guarded
    cond, detail = fn()
                   ^^^^
  File "/home/cah/r2d2/code/fpga/fable5_llm/evidence/qwen9b/sr/sr11a_r2_tdd.py", line 184, in a_ok
    ex = run(recs, R12)
         ^^^^^^^^^^^^^^
  File "/home/cah/r2d2/code/fpga/fable5_llm/evidence/qwen9b/sr/sr11a_r2_tdd.py", line 146, in run
    caps=caps).run()
               ^^^^^
seq_format.SeqValidationError: rec 2: MOVX target is reserved (must be 0)  [op=0x03 fl=0x00 tgt=0x0600 imm=0x00000000 lo=0x00000280 hi=0x00000080]
Traceback (most recent call last):
  File "/home/cah/r2d2/code/fpga/fable5_llm/evidence/qwen9b/sr/sr11a_r2_tdd.py", line 89, in guarded
    cond, detail = fn()
                   ^^^^
  File "/home/cah/r2d2/code/fpga/fable5_llm/evidence/qwen9b/sr/sr11a_r2_tdd.py", line 193, in <lambda>
    lambda: refused([movx(0, n=12288), mvgo(0, ng=96),
            ^^^^^^^^^^^^^^^^^^^^^^^^^^^^^^^^^^^^^^^^^^
  File "/home/cah/r2d2/code/fpga/fable5_llm/evidence/qwen9b/sr/sr11a_r2_tdd.py", line 151, in refused
    run(recs, caps)
seq_format.SeqValidationError: rec 2: MOVX target is reserved (must be 0)  [op=0x03 fl=0x00 tgt=0x0600 imm=0x00000000 lo=0x00000200 hi=0x00000080]
Traceback (most recent call last):
  File "/home/cah/r2d2/code/fpga/fable5_llm/evidence/qwen9b/sr/sr11a_r2_tdd.py", line 89, in guarded
    cond, detail = fn()
                   ^^^^
  File "/home/cah/r2d2/code/fpga/fable5_llm/evidence/qwen9b/sr/sr11a_r2_tdd.py", line 197, in <lambda>
    lambda: refused([movx(0), mvgo(0), movx(0, word=1536),
            ^^^^^^^^^^^^^^^^^^^^^^^^^^^^^^^^^^^^^^^^^^^^^^
  File "/home/cah/r2d2/code/fpga/fable5_llm/evidence/qwen9b/sr/sr11a_r2_tdd.py", line 151, in refused
    run(recs, caps)
seq_format.SeqValidationError: rec 2: MOVX target is reserved (must be 0)  [op=0x03 fl=0x00 tgt=0x0600 imm=0x00000000 lo=0x00000000 hi=0x00000080]
Traceback (most recent call last):
  File "/home/cah/r2d2/code/fpga/fable5_llm/evidence/qwen9b/sr/sr11a_r2_tdd.py", line 89, in guarded
    cond, detail = fn()
                   ^^^^
  File "/home/cah/r2d2/code/fpga/fable5_llm/evidence/qwen9b/sr/sr11a_r2_tdd.py", line 206, in <lambda>
    lambda: refused([movx(0), mvgo(0, rb=1), movy(0, row=2048),
            ^^^^^^^^^^^^^^^^^^^^^^^^^^^^^^^^^^^^^^^^^^^^^^^^^^^
  File "/home/cah/r2d2/code/fpga/fable5_llm/evidence/qwen9b/sr/sr11a_r2_tdd.py", line 151, in refused
    run(recs, caps)
AssertionError: MVGO SHAPE 0x40400100 sets a spare bit [31:29]
Traceback (most recent call last):
  File "/home/cah/r2d2/code/fpga/fable5_llm/evidence/qwen9b/sr/sr11a_r2_tdd.py", line 89, in guarded
    cond, detail = fn()
                   ^^^^
  File "/home/cah/r2d2/code/fpga/fable5_llm/evidence/qwen9b/sr/sr11a_r2_tdd.py", line 210, in <lambda>
    lambda: refused([movx(0), mvgo(0, rb=1), movy(0, row=2046),
            ^^^^^^^^^^^^^^^^^^^^^^^^^^^^^^^^^^^^^^^^^^^^^^^^^^^
  File "/home/cah/r2d2/code/fpga/fable5_llm/evidence/qwen9b/sr/sr11a_r2_tdd.py", line 151, in refused
    run(recs, caps)
AssertionError: MVGO SHAPE 0x40400100 sets a spare bit [31:29]
Traceback (most recent call last):
  File "/home/cah/r2d2/code/fpga/fable5_llm/evidence/qwen9b/sr/sr11a_r2_tdd.py", line 89, in guarded
    cond, detail = fn()
                   ^^^^
  File "/home/cah/r2d2/code/fpga/fable5_llm/evidence/qwen9b/sr/sr11a_r2_tdd.py", line 222, in b_ok
    ex = run(recs, R12)
         ^^^^^^^^^^^^^^
  File "/home/cah/r2d2/code/fpga/fable5_llm/evidence/qwen9b/sr/sr11a_r2_tdd.py", line 146, in run
    caps=caps).run()
               ^^^^^
seq_format.SeqValidationError: rec 2: MOVX target is reserved (must be 0)  [op=0x03 fl=0x00 tgt=0x0600 imm=0x00000000 lo=0x00000400 hi=0x00000080]
Traceback (most recent call last):
  File "/home/cah/r2d2/code/fpga/fable5_llm/evidence/qwen9b/sr/sr11a_r2_tdd.py", line 89, in guarded
    cond, detail = fn()
                   ^^^^
  File "/home/cah/r2d2/code/fpga/fable5_llm/evidence/qwen9b/sr/sr11a_r2_tdd.py", line 239, in b_stale
    run([movx(0), mvgo(0, nowait=False), movy(0, row=2048), HALT], R12)
  File "/home/cah/r2d2/code/fpga/fable5_llm/evidence/qwen9b/sr/sr11a_r2_tdd.py", line 146, in run
    caps=caps).run()
               ^^^^^
seq_format.SeqValidationError: rec 2: MOVY target[15:4] is reserved (must be 0)  [op=0x04 fl=0x00 tgt=0x8000 imm=0x00000000 lo=0x00001000 hi=0x00000004]
Traceback (most recent call last):
  File "/home/cah/r2d2/code/fpga/fable5_llm/evidence/qwen9b/sr/sr11a_r2_tdd.py", line 89, in guarded
    cond, detail = fn()
                   ^^^^
  File "/home/cah/r2d2/code/fpga/fable5_llm/evidence/qwen9b/sr/sr11a_r2_tdd.py", line 315, in d_stream
    SF.validate_stream(recs, caps=R12)
  File "/home/cah/r2d2/code/fpga/fable5_llm/ref/seq_format.py", line 655, in validate_stream
    validate(r, nrec=n, idx=idx, shape_isa=shape_isa, caps=caps)
seq_format.SeqValidationError: rec 0: MOVX target is reserved (must be 0)  [op=0x03 fl=0x00 tgt=0x0600 imm=0x00000000 lo=0x00000000 hi=0x00000080]
=== sr11a_r2_tdd.py  FABLE5_MODEL=9b
=== (a)/(b) running ranges in the model, caps {R1,R2}
  [FAIL] (a) bank-1 MOVX over a PENDING bank-1 read -> refused  -- SeqValidationError: rec 0: MOVX target is reserved (must be 0)  [op=0x03 fl=0x00 tgt=0x0600 imm=0x00000000 lo=0x00000000 hi=0x00000080]
  [FAIL] (a) partial overlap: MOVX word 1520..1551 over pending bank 1 -> refused  -- SeqValidationError: rec 0: MOVX target is reserved (must be 0)  [op=0x03 fl=0x00 tgt=0x0600 imm=0x00000000 lo=0x00000000 hi=0x00000080]
  [FAIL] (a) bank-1 MOVX while a bank-0 stream runs -> admitted; the XBANK MVGO computes on the bank-1 x  -- SeqValidationError: rec 2: MOVX target is reserved (must be 0)  [op=0x03 fl=0x00 tgt=0x0600 imm=0x00000000 lo=0x00000280 hi=0x00000080]
  [FAIL] (a) K = 12288 (ng 96, both banks) pending: bank-1 MOVX -> refused  -- SeqValidationError: rec 2: MOVX target is reserved (must be 0)  [op=0x03 fl=0x00 tgt=0x0600 imm=0x00000000 lo=0x00000200 hi=0x00000080]
  [FAIL] (a) MVGO on a channel with a pending stream in the OTHER banks -> refused (one engine)  -- SeqValidationError: rec 2: MOVX target is reserved (must be 0)  [op=0x03 fl=0x00 tgt=0x0600 imm=0x00000000 lo=0x00000000 hi=0x00000080]
  [PASS] (a) other channel unaffected: MOVX/MVGO ch1 while ch0 pending -> admitted  -- accepted; running after = []
  [FAIL] (b) MOVY over the pending RES range (row 2048) -> refused  -- AssertionError: MVGO SHAPE 0x40400100 sets a spare bit [31:29]
  [FAIL] (b) partial: MOVY rows 2046..2049 over pending 2048.. -> refused  -- AssertionError: MVGO SHAPE 0x40400100 sets a spare bit [31:29]
  [PASS] (b) MOVY row 0 over a pending RBANK=0 stream -> refused  -- RunningChannelError: MOVY reads mv0 RES while a NO-WAIT MVGO is still running on it — the stream needs a FENCE first (ISA v1.4)
  [FAIL] (b) MOVY on the other half while the RBANK stream runs -> admitted, reads the earlier stream's rows  -- SeqValidationError: rec 2: MOVX target is reserved (must be 0)  [op=0x03 fl=0x00 tgt=0x0600 imm=0x00000000 lo=0x00000400 hi=0x00000080]
  [FAIL] (b) MOVY of never-written RES rows -> refused (assert)  -- SeqValidationError: rec 2: MOVY target[15:4] is reserved (must be 0)  [op=0x04 fl=0x00 tgt=0x8000 imm=0x00000000 lo=0x00001000 hi=0x00000004]
=== (c) the validator at caps {R1,R2}: ranges and bank legality
  [FAIL] (c) XBANK K=12288 (ng 96) refused  -- admitted=True
  [PASS] (c) XBANK K=6144 (ng 48) admitted  -- admitted=True
  [FAIL] (c) XBANK ng 49 refused  -- admitted=True
  [FAIL] (c) RBANK nrows 2049 refused  -- admitted=True
  [PASS] (c) RBANK nrows 2048 admitted  -- admitted=True
  [PASS] (c) no bank, nrows 4096 admitted  -- admitted=True
  [FAIL] (c) SHAPE bit 31 refused  -- admitted=True
  [FAIL] (c) MOVX word 1536 + 1536 words admitted  -- admitted=False
  [PASS] (c) MOVX word 1537 + 1536 words refused  -- admitted=False
  [FAIL] (c) MOVX word 3071 + 1 word (len 4) admitted  -- admitted=False
  [PASS] (c) MOVX word 3071 + ceil(5/4)=2 words refused (ragged tail counts)  -- admitted=False
  [PASS] (c) MOVX word 0 + 3072 words (K 12288) admitted  -- admitted=True
  [PASS] (c) MOVX word 3072 len 0 refused (start > 3071)  -- admitted=False
  [PASS] (c) MOVX target[15:12] set refused  -- admitted=False
  [FAIL] (c) MOVY row 2048 + 2048 rows admitted  -- admitted=False
  [PASS] (c) MOVY row 2049 + 2048 rows refused  -- admitted=False
  [FAIL] (c) MOVY row 4095 + 1 row admitted  -- admitted=False
  [FAIL] (c) MOVY row 0 + 4097 rows refused  -- admitted=True
  [FAIL] (c) SHAPE bit 31 refused at empty caps too
=== (d) caps-keyed refusal (device caps, never the manifest)
  [FAIL] (d) XBANK MVGO: refused at {R1} and at {}, admitted at {R1,R2} and {R2}  -- {}:True {R1}:True {R1,R2}:True
  [FAIL] (d) RBANK MVGO: refused at {R1} and at {}, admitted at {R1,R2} and {R2}  -- {}:True {R1}:True {R1,R2}:True
  [FAIL] (d) MOVX start word 1536: refused at {R1} and at {}, admitted at {R1,R2} and {R2}  -- {}:False {R1}:False {R1,R2}:False
  [FAIL] (d) MOVY start row 2048: refused at {R1} and at {}, admitted at {R1,R2} and {R2}  -- {}:False {R1}:False {R1,R2}:False
  [FAIL] (d) validate_stream of an R2 stream keyed by caps  -- SeqValidationError: rec 0: MOVX target is reserved (must be 0)  [op=0x03 fl=0x00 tgt=0x0600 imm=0x00000000 lo=0x00000000 hi=0x00000080]
  [PASS] (d) the model at caps {R1} refuses an R2 stream before executing it  -- SeqValidationError: rec 0: MOVX target is reserved (must be 0)  [op=0x03 fl=0x00 tgt=0x0600 imm=0x00000000 lo=
  [PASS] (d) a frozen isa=1 W8 word (bit 29 = w8) still validates when shape_isa=1 is stated  -- isa=1 W8 word 0x20800290 admitted at shape_isa=1: True
=== (e) zero banks == today's model (base commit e3c2ff1)
  base model sha256 31223a1fb3266136
  [PASS] (e) mixed at caps ['R1']  -- both AssertionError
  [PASS] (e) mixed at caps ['R1', 'R2']  -- both AssertionError
  [PASS] (e) movx_on_running at caps {}  -- both RunningChannelError
  [PASS] (e) movx_on_running at caps ['R1', 'R2']  -- both RunningChannelError
  [PASS] (e) movy_on_running at caps {}  -- both RunningChannelError
  [PASS] (e) movy_on_running at caps ['R1', 'R2']  -- both RunningChannelError
  [PASS] (e) mvgo_on_running at caps {}  -- both RunningChannelError
  [PASS] (e) mvgo_on_running at caps ['R1', 'R2']  -- both RunningChannelError
  [PASS] (e) movy_past_rows at caps {}  -- both AssertionError
  [PASS] (e) movy_past_rows at caps ['R1', 'R2']  -- both AssertionError
  [PASS] (e) short_x_reuse at caps {}  -- state diff none; stats ==; xwin ==; res ==
  [PASS] (e) short_x_reuse at caps ['R1', 'R2']  -- state diff none; stats ==; xwin ==; res ==
=== (f) the model's SHAPE-spare assert
  [PASS] (f) bits 29/30 refused by the model's assert without R2
  [FAIL] (f) bits 29/30 admitted under R2
  [PASS] (f) bit 31 refused under every caps
=== (g) explicit refusals and the model's own refusal selftest
  [PASS] (g) _movx/_mvgo/_movy raise RunningChannelError explicitly  -- missing explicit raise in none
  [FAIL] (g) selftest_running_refusal passes and carries r2_ cases  -- ok=True 8/8 refused; r2 cases []
=== (h) docs/SEQ_ISA.md §B17.2
  [FAIL] (h) B17.2 states the encoding, ranges, legality, err 0x06, NOT fail-closed, the caps rule  -- missing ['MOVX target[11:0]', '1536', 'bit 29', 'XBANK', 'bit 30', 'RBANK', 'MOVY target[15:4]', '3072', '4096', '6144', '2048', '0x06', 'NOT fail-closed', 'RunningChannelError', 'caps']
  [FAIL] (h) B17.2 is no longer the placeholder
=== (i) the shipped s1 stream validates unchanged
  /home/cah/r2d2/code/fpga/fable5_llm/tb/scripts/w9/model_9b_s1.e4.seq sha256 9760899df53b3b4216d517d042a1dd7c9477b4f0cb7e6639320a5fd6d480719b
  [PASS] (i) validate_stream at {}  -- 158536 records
  [PASS] (i) validate_stream at ['R1']  -- 158536 records
  [PASS] (i) validate_stream at ['R1', 'R2']  -- 158536 records
=== per case: (a) 1/6  (b) 1/5  (c) 9/19  (d) 2/7  (e) 12/12  (f) 2/3  (g) 1/2  (h) 0/2  (i) 3/3
=== 31 passed, 28 failed; failing cases: ['a', 'b', 'c', 'd', 'f', 'g', 'h']
SR11a R2 TDD: FAIL
=== rc  : 1
=== end : 2026-09-28T06:24:59-06:00
