=== host: snoke  date: 2026-09-28T06:30:23-06:00
=== tree: d501068
=== cmd : /home/cah/.venv/bin/python evidence/qwen9b/g3/isa_bits.py --shape
=== env : FABLE5_MODEL=9b
=== venv: /home/cah/.venv/bin/python (named in cmd): 3.12.3 numpy 2.4.6
  field   rtl/matvec_chan.sv   tb/tb_matvec_chan.sv   width
  ng      [28:22]             [28:22]                7 b
  nrows   [21: 6]             [21: 6]               16 b
  sh      [ 5: 0]             [ 5: 0]                6 b
  spare bits: 3 (spec 5.2 pins THREE)
  isa=2 round-trips: 88 of 88 value sets (ng [1, 32, 64, 96] x nrows [0, 1, 65535] x sh [0, 63] + 64 seeded random) through hwmap -> {rtl slice, seq_format, seq_model}
  isa=1 round-trips: 22 value sets (4 PINNED to RD_GATE.md:238 + ng 1/32/48 x nrows 0/1/65535 x sh 0/63) through hwmap -> seq_model
  seq_stub_mvchan.sv           SHAPE stored WHOLE: yes; decodes fields: no
  infer.py:244   R_SHAPE write -> shape_word
  layer_test.py:132   R_SHAPE write -> shape_word
  matvec_test.py:123   R_SHAPE write -> shape_word
  tok_meter.py:428   R_SHAPE write -> shape_word
  4 live R_SHAPE producer(s) in sw/, all through the one packer: yes

SHAPE_BITS: PASS
=== rc  : 0
=== end : 2026-09-28T06:30:23-06:00
