=== host: snoke  date: 2026-09-28T11:28:14-06:00
=== tree: 4e3d0c5
=== cmd : env FABLE5_MODEL=9b FABLE5_RS_F=7 /home/cah/.venv/bin/python evidence/qwen9b/sr/sr11b_pass_tdd.py
=== env : FABLE5_MODEL=9b
=== venv: /home/cah/.venv/bin/python (named in cmd): 3.12.3 numpy 2.4.6
Traceback (most recent call last):
  File "/home/cah/r2d2/code/fpga/fable5_llm/evidence/qwen9b/sr/sr11b_pass_tdd.py", line 96, in guarded
    cond, detail = fn()
                   ^^^^
  File "/home/cah/r2d2/code/fpga/fable5_llm/evidence/qwen9b/sr/sr11b_pass_tdd.py", line 344, in f
    n2, _c2, r2 = reorder_at(mk, form, "r2")
                  ^^^^^^^^^^^^^^^^^^^^^^^^^^
  File "/home/cah/r2d2/code/fpga/fable5_llm/evidence/qwen9b/sr/sr11b_pass_tdd.py", line 202, in reorder_at
    return mod.reorder(recs, lambda k, lo, hi: rows, form, cps, rtl=rtl)
           ^^^^^^^^^^^^^^^^^^^^^^^^^^^^^^^^^^^^^^^^^^^^^^^^^^^^^^^^^^^^^
  File "/home/cah/r2d2/code/fpga/fable5_llm/ref/scripts/reorder_e4.py", line 464, in reorder
    need(rtl in RTLS, f"--rtl {rtl!r}: this pass emits {RTLS} (r2 is Task "
reorder_e4.ReorderError: --rtl 'r2': this pass emits ('r0', 'r1') (r2 is Task SR11b's)
Traceback (most recent call last):
  File "/home/cah/r2d2/code/fpga/fable5_llm/evidence/qwen9b/sr/sr11b_pass_tdd.py", line 96, in guarded
    cond, detail = fn()
                   ^^^^
  File "/home/cah/r2d2/code/fpga/fable5_llm/evidence/qwen9b/sr/sr11b_pass_tdd.py", line 374, in m
    n2, _c2, _r2 = reorder_at(mk, form, "r2")
                   ^^^^^^^^^^^^^^^^^^^^^^^^^^
  File "/home/cah/r2d2/code/fpga/fable5_llm/evidence/qwen9b/sr/sr11b_pass_tdd.py", line 202, in reorder_at
    return mod.reorder(recs, lambda k, lo, hi: rows, form, cps, rtl=rtl)
           ^^^^^^^^^^^^^^^^^^^^^^^^^^^^^^^^^^^^^^^^^^^^^^^^^^^^^^^^^^^^^
  File "/home/cah/r2d2/code/fpga/fable5_llm/ref/scripts/reorder_e4.py", line 464, in reorder
    need(rtl in RTLS, f"--rtl {rtl!r}: this pass emits {RTLS} (r2 is Task "
reorder_e4.ReorderError: --rtl 'r2': this pass emits ('r0', 'r1') (r2 is Task SR11b's)
Traceback (most recent call last):
  File "/home/cah/r2d2/code/fpga/fable5_llm/evidence/qwen9b/sr/sr11b_pass_tdd.py", line 96, in guarded
    cond, detail = fn()
                   ^^^^
  File "/home/cah/r2d2/code/fpga/fable5_llm/evidence/qwen9b/sr/sr11b_pass_tdd.py", line 344, in f
    n2, _c2, r2 = reorder_at(mk, form, "r2")
                  ^^^^^^^^^^^^^^^^^^^^^^^^^^
  File "/home/cah/r2d2/code/fpga/fable5_llm/evidence/qwen9b/sr/sr11b_pass_tdd.py", line 202, in reorder_at
    return mod.reorder(recs, lambda k, lo, hi: rows, form, cps, rtl=rtl)
           ^^^^^^^^^^^^^^^^^^^^^^^^^^^^^^^^^^^^^^^^^^^^^^^^^^^^^^^^^^^^^
  File "/home/cah/r2d2/code/fpga/fable5_llm/ref/scripts/reorder_e4.py", line 464, in reorder
    need(rtl in RTLS, f"--rtl {rtl!r}: this pass emits {RTLS} (r2 is Task "
reorder_e4.ReorderError: --rtl 'r2': this pass emits ('r0', 'r1') (r2 is Task SR11b's)
Traceback (most recent call last):
  File "/home/cah/r2d2/code/fpga/fable5_llm/evidence/qwen9b/sr/sr11b_pass_tdd.py", line 96, in guarded
    cond, detail = fn()
                   ^^^^
  File "/home/cah/r2d2/code/fpga/fable5_llm/evidence/qwen9b/sr/sr11b_pass_tdd.py", line 374, in m
    n2, _c2, _r2 = reorder_at(mk, form, "r2")
                   ^^^^^^^^^^^^^^^^^^^^^^^^^^
  File "/home/cah/r2d2/code/fpga/fable5_llm/evidence/qwen9b/sr/sr11b_pass_tdd.py", line 202, in reorder_at
    return mod.reorder(recs, lambda k, lo, hi: rows, form, cps, rtl=rtl)
           ^^^^^^^^^^^^^^^^^^^^^^^^^^^^^^^^^^^^^^^^^^^^^^^^^^^^^^^^^^^^^
  File "/home/cah/r2d2/code/fpga/fable5_llm/ref/scripts/reorder_e4.py", line 464, in reorder
    need(rtl in RTLS, f"--rtl {rtl!r}: this pass emits {RTLS} (r2 is Task "
reorder_e4.ReorderError: --rtl 'r2': this pass emits ('r0', 'r1') (r2 is Task SR11b's)
Traceback (most recent call last):
  File "/home/cah/r2d2/code/fpga/fable5_llm/evidence/qwen9b/sr/sr11b_pass_tdd.py", line 96, in guarded
    cond, detail = fn()
                   ^^^^
  File "/home/cah/r2d2/code/fpga/fable5_llm/evidence/qwen9b/sr/sr11b_pass_tdd.py", line 344, in f
    n2, _c2, r2 = reorder_at(mk, form, "r2")
                  ^^^^^^^^^^^^^^^^^^^^^^^^^^
  File "/home/cah/r2d2/code/fpga/fable5_llm/evidence/qwen9b/sr/sr11b_pass_tdd.py", line 202, in reorder_at
    return mod.reorder(recs, lambda k, lo, hi: rows, form, cps, rtl=rtl)
           ^^^^^^^^^^^^^^^^^^^^^^^^^^^^^^^^^^^^^^^^^^^^^^^^^^^^^^^^^^^^^
  File "/home/cah/r2d2/code/fpga/fable5_llm/ref/scripts/reorder_e4.py", line 464, in reorder
    need(rtl in RTLS, f"--rtl {rtl!r}: this pass emits {RTLS} (r2 is Task "
reorder_e4.ReorderError: --rtl 'r2': this pass emits ('r0', 'r1') (r2 is Task SR11b's)
Traceback (most recent call last):
  File "/home/cah/r2d2/code/fpga/fable5_llm/evidence/qwen9b/sr/sr11b_pass_tdd.py", line 96, in guarded
    cond, detail = fn()
                   ^^^^
  File "/home/cah/r2d2/code/fpga/fable5_llm/evidence/qwen9b/sr/sr11b_pass_tdd.py", line 374, in m
    n2, _c2, _r2 = reorder_at(mk, form, "r2")
                   ^^^^^^^^^^^^^^^^^^^^^^^^^^
  File "/home/cah/r2d2/code/fpga/fable5_llm/evidence/qwen9b/sr/sr11b_pass_tdd.py", line 202, in reorder_at
    return mod.reorder(recs, lambda k, lo, hi: rows, form, cps, rtl=rtl)
           ^^^^^^^^^^^^^^^^^^^^^^^^^^^^^^^^^^^^^^^^^^^^^^^^^^^^^^^^^^^^^
  File "/home/cah/r2d2/code/fpga/fable5_llm/ref/scripts/reorder_e4.py", line 464, in reorder
    need(rtl in RTLS, f"--rtl {rtl!r}: this pass emits {RTLS} (r2 is Task "
reorder_e4.ReorderError: --rtl 'r2': this pass emits ('r0', 'r1') (r2 is Task SR11b's)
Traceback (most recent call last):
  File "/home/cah/r2d2/code/fpga/fable5_llm/evidence/qwen9b/sr/sr11b_pass_tdd.py", line 96, in guarded
    cond, detail = fn()
                   ^^^^
  File "/home/cah/r2d2/code/fpga/fable5_llm/evidence/qwen9b/sr/sr11b_pass_tdd.py", line 344, in f
    n2, _c2, r2 = reorder_at(mk, form, "r2")
                  ^^^^^^^^^^^^^^^^^^^^^^^^^^
  File "/home/cah/r2d2/code/fpga/fable5_llm/evidence/qwen9b/sr/sr11b_pass_tdd.py", line 202, in reorder_at
    return mod.reorder(recs, lambda k, lo, hi: rows, form, cps, rtl=rtl)
           ^^^^^^^^^^^^^^^^^^^^^^^^^^^^^^^^^^^^^^^^^^^^^^^^^^^^^^^^^^^^^
  File "/home/cah/r2d2/code/fpga/fable5_llm/ref/scripts/reorder_e4.py", line 464, in reorder
    need(rtl in RTLS, f"--rtl {rtl!r}: this pass emits {RTLS} (r2 is Task "
reorder_e4.ReorderError: --rtl 'r2': this pass emits ('r0', 'r1') (r2 is Task SR11b's)
Traceback (most recent call last):
  File "/home/cah/r2d2/code/fpga/fable5_llm/evidence/qwen9b/sr/sr11b_pass_tdd.py", line 96, in guarded
    cond, detail = fn()
                   ^^^^
  File "/home/cah/r2d2/code/fpga/fable5_llm/evidence/qwen9b/sr/sr11b_pass_tdd.py", line 374, in m
    n2, _c2, _r2 = reorder_at(mk, form, "r2")
                   ^^^^^^^^^^^^^^^^^^^^^^^^^^
  File "/home/cah/r2d2/code/fpga/fable5_llm/evidence/qwen9b/sr/sr11b_pass_tdd.py", line 202, in reorder_at
    return mod.reorder(recs, lambda k, lo, hi: rows, form, cps, rtl=rtl)
           ^^^^^^^^^^^^^^^^^^^^^^^^^^^^^^^^^^^^^^^^^^^^^^^^^^^^^^^^^^^^^
  File "/home/cah/r2d2/code/fpga/fable5_llm/ref/scripts/reorder_e4.py", line 464, in reorder
    need(rtl in RTLS, f"--rtl {rtl!r}: this pass emits {RTLS} (r2 is Task "
reorder_e4.ReorderError: --rtl 'r2': this pass emits ('r0', 'r1') (r2 is Task SR11b's)
Traceback (most recent call last):
  File "/home/cah/r2d2/code/fpga/fable5_llm/evidence/qwen9b/sr/sr11b_pass_tdd.py", line 96, in guarded
    cond, detail = fn()
                   ^^^^
  File "/home/cah/r2d2/code/fpga/fable5_llm/evidence/qwen9b/sr/sr11b_pass_tdd.py", line 395, in b_el
    n2, _c, rep = reorder_at(synth_r0, "B", "r2")
                  ^^^^^^^^^^^^^^^^^^^^^^^^^^^^^^^
  File "/home/cah/r2d2/code/fpga/fable5_llm/evidence/qwen9b/sr/sr11b_pass_tdd.py", line 202, in reorder_at
    return mod.reorder(recs, lambda k, lo, hi: rows, form, cps, rtl=rtl)
           ^^^^^^^^^^^^^^^^^^^^^^^^^^^^^^^^^^^^^^^^^^^^^^^^^^^^^^^^^^^^^
  File "/home/cah/r2d2/code/fpga/fable5_llm/ref/scripts/reorder_e4.py", line 464, in reorder
    need(rtl in RTLS, f"--rtl {rtl!r}: this pass emits {RTLS} (r2 is Task "
reorder_e4.ReorderError: --rtl 'r2': this pass emits ('r0', 'r1') (r2 is Task SR11b's)
Traceback (most recent call last):
  File "/home/cah/r2d2/code/fpga/fable5_llm/evidence/qwen9b/sr/sr11b_pass_tdd.py", line 96, in guarded
    cond, detail = fn()
                   ^^^^
  File "/home/cah/r2d2/code/fpga/fable5_llm/evidence/qwen9b/sr/sr11b_pass_tdd.py", line 408, in b2_el
    n2, _c, rep = reorder_at(synthetic_r2, "B", "r2")
                  ^^^^^^^^^^^^^^^^^^^^^^^^^^^^^^^^^^^
  File "/home/cah/r2d2/code/fpga/fable5_llm/evidence/qwen9b/sr/sr11b_pass_tdd.py", line 202, in reorder_at
    return mod.reorder(recs, lambda k, lo, hi: rows, form, cps, rtl=rtl)
           ^^^^^^^^^^^^^^^^^^^^^^^^^^^^^^^^^^^^^^^^^^^^^^^^^^^^^^^^^^^^^
  File "/home/cah/r2d2/code/fpga/fable5_llm/ref/scripts/reorder_e4.py", line 464, in reorder
    need(rtl in RTLS, f"--rtl {rtl!r}: this pass emits {RTLS} (r2 is Task "
reorder_e4.ReorderError: --rtl 'r2': this pass emits ('r0', 'r1') (r2 is Task SR11b's)
Traceback (most recent call last):
  File "/home/cah/r2d2/code/fpga/fable5_llm/evidence/qwen9b/sr/sr11b_pass_tdd.py", line 96, in guarded
    cond, detail = fn()
                   ^^^^
  File "/home/cah/r2d2/code/fpga/fable5_llm/evidence/qwen9b/sr/sr11b_pass_tdd.py", line 582, in e4
    pmk, info = pred(S, order)
                ^^^^^^^^^^^^^^
TypeError: 'NoneType' object is not callable
=== sr11b_pass_tdd.py  FABLE5_MODEL=9b FABLE5_RS_F=7  base 99c13ce
    reorder_e4.RTLS ('r0', 'r1'); r2 ABSENT; predict ABSENT
=== (a) the census (evidence/qwen9b/ov/ov_census.py): bank per MOVY
  [FAIL] (a) depth 2: every MOVY node's bank == the RES bank of the MVGO it drains (-1 for the 4096-row span)  -- MOVY banks [None, None, None, None, None, None], writers' RES banks [1, 1, 0, 0, -1, 1]
  [FAIL] (a) depth 1: every MOVY node's bank is 0  -- MOVY banks [None, None, None, None, None, None]
  [PASS] (a) depth 2: MOVX/MVGO banks as the census assigns them (alternation from bank 1; spans -1; the elided MOVX's MVGO reads bank 0 where ch1's surviving copy sits)  -- MOVX [(2, 1), (3, 1), (9, 0), (10, 0), (16, -1)]; MVGO [(4, (1, 1)), (5, (1, 1)), (11, (0, 0)), (12, (0, 0)), (17, (-1, -1)), (21, (0, 1))]
=== (b) / (b2) the pass at r2
  [FAIL] (b) _synthetic form A: banks emitted, <= r1, hazard assert, {R1,R2}-only valid  -- ReorderError: --rtl 'r2': this pass emits ('r0', 'r1') (r2 is Task SR11b's)
  [FAIL] (b) _synthetic form A: SR11a's model runs the r2 output (ranges armed) to the r0 output's final state  -- ReorderError: --rtl 'r2': this pass emits ('r0', 'r1') (r2 is Task SR11b's)
  [FAIL] (b) _synthetic form B: banks emitted, <= r1, hazard assert, {R1,R2}-only valid  -- ReorderError: --rtl 'r2': this pass emits ('r0', 'r1') (r2 is Task SR11b's)
  [FAIL] (b) _synthetic form B: SR11a's model runs the r2 output (ranges armed) to the r0 output's final state  -- ReorderError: --rtl 'r2': this pass emits ('r0', 'r1') (r2 is Task SR11b's)
  [FAIL] (b2) synthetic_r2 form A: banks emitted, <= r1 (strictly), hazard assert, {R1,R2}-only valid  -- ReorderError: --rtl 'r2': this pass emits ('r0', 'r1') (r2 is Task SR11b's)
  [FAIL] (b2) synthetic_r2 form A: SR11a's model runs the r2 output (ranges armed) to the r0 output's final state  -- ReorderError: --rtl 'r2': this pass emits ('r0', 'r1') (r2 is Task SR11b's)
  [FAIL] (b2) synthetic_r2 form B: banks emitted, <= r1 (strictly), hazard assert, {R1,R2}-only valid  -- ReorderError: --rtl 'r2': this pass emits ('r0', 'r1') (r2 is Task SR11b's)
  [FAIL] (b2) synthetic_r2 form B: SR11a's model runs the r2 output (ranges armed) to the r0 output's final state  -- ReorderError: --rtl 'r2': this pass emits ('r0', 'r1') (r2 is Task SR11b's)
  [FAIL] (b) _synthetic: the elided MOVX's MVGO names the bank of the surviving copy  -- ReorderError: --rtl 'r2': this pass emits ('r0', 'r1') (r2 is Task SR11b's)
  [FAIL] (b2) synthetic_r2: elision keyed by bank; the K 12288 MOVX at word 0 and the 4096-row MVGO at bank bits 0  -- ReorderError: --rtl 'r2': this pass emits ('r0', 'r1') (r2 is Task SR11b's)
=== (c) reorder_e4.assert_no_pending_hazard: range-aware at R2
  [FAIL] (c) bank-0 stream pending: MOVX into bank 1 (word 1536) -> legal  -- HazardError: SR11b: record 2 MOVX on mv0 while the no-wait MVGO at record 1 is still pending (no FENCE between)
  [PASS] (c) bank-0 stream pending: MOVX into bank 0 -> HazardError  -- HazardError: SR11b: record 2 MOVX on mv0 while the no-wait MVGO at record 1 is still pending (no FENCE between)
  [PASS] (c) bank-1 stream pending: MOVX at word 1540 (inside) -> HazardError  -- HazardError: SR11b: record 2 MOVX on mv0 while the no-wait MVGO at record 1 is still pending (no FENCE between)
  [PASS] (c) spanning stream (ng 96) pending: MOVX at 1536 -> HazardError  -- HazardError: SR11b: record 2 MOVX on mv0 while the no-wait MVGO at record 1 is still pending (no FENCE between)
  [FAIL] (c) RBANK-1 stream pending: MOVY of rows 0.. -> legal  -- HazardError: SR11b: record 5 MOVY on mv0 while the no-wait MVGO at record 4 is still pending (no FENCE between)
  [PASS] (c) RBANK-1 stream pending: MOVY of rows 2048.. -> HazardError  -- HazardError: SR11b: record 2 MOVY on mv0 while the no-wait MVGO at record 1 is still pending (no FENCE between)
  [PASS] (c) a pending stream in ANY bank: MVGO on the channel -> HazardError  -- HazardError: SR11b: record 2 MOVX on mv0 while the no-wait MVGO at record 1 is still pending (no FENCE between)
  [PASS] (c) zero banks: the per-channel rule (MOVX ch0 while ch0 pends)  -- HazardError: SR11b: record 5 MOVX on mv0 while the no-wait MVGO at record 1 is still pending (no FENCE between)
  [PASS] (c) mask-aware: FENCE 0b0001 drains ch0, MOVX ch0 bank 0 -> legal  -- no HazardError
  [PASS] (c) a stream still pending at HALT -> HazardError  -- HazardError: SR11b: record 2 MOVX on mv0 while the no-wait MVGO at record 1 is still pending (no FENCE between)
=== (d) r0 / r1 byte-identical to the pass at 99c13ce
  [PASS] (d) _synthetic form A r0: == the base pass  -- stream True, checkpoints True, manifest True
  [PASS] (d) _synthetic form A r1: == the base pass  -- stream True, checkpoints True, manifest True
  [PASS] (d) _synthetic form B r0: == the base pass  -- stream True, checkpoints True, manifest True
  [PASS] (d) _synthetic form B r1: == the base pass  -- stream True, checkpoints True, manifest True
  [PASS] (d) synthetic_r2 form A r0: == the base pass  -- stream True, checkpoints True, manifest True
  [PASS] (d) synthetic_r2 form A r1: == the base pass  -- stream True, checkpoints True, manifest True
  [PASS] (d) synthetic_r2 form B r0: == the base pass  -- stream True, checkpoints True, manifest True
  [PASS] (d) synthetic_r2 form B r1: == the base pass  -- stream True, checkpoints True, manifest True
=== cost source: CSV (BN1 timeline of model_9b_s1, skeleton-matched)
=== window template /home/cah/r2d2/code/fpga/fable5_llm/tb/scripts/w9/model_9b_s1.e4.seq sha256 9760899df53b3b42 MATCH
=== timeline /home/cah/r2d2/code/fpga/fable5_llm/evidence/qwen9b/bn/bn_timeline_model_9b_s1.csv
    sha256 a9e74bd01954f12ebf417663000b81641aa6e44d7f8d5d2145aa054bafebfb78  committed a9e74bd01954f12ebf417663000b81641aa6e44d7f8d5d2145aa054bafebfb78  MATCH
    R rows read 237784; kept tokens (1, 2, 3, 4): tok1=39624, tok2=39623, tok3=39625, tok4=39624
    template segments (tok: lo..hi): tok1: 39..39662, tok2: 39663..79285, tok3: 79286..118910, tok4: 118911..158534
    segment 0 (39..39662) <- template tok1 (39..39662) windows
    segment 1 (39663..79285) <- template tok2 (39663..79285) windows
    segment 2 (79286..118910) <- template tok3 (79286..118910) windows
    segment 3 (118911..158534) <- template tok4 (118911..158534) windows
  [PASS] (d) model_9b_s1 form B CSV r0 == SV1's pin (n32)  -- regenerated 57ec3051a0d6e68e, pin 57ec3051a0d6e68e
=== cost source: CSV (BN1 timeline of model_9b_s1, skeleton-matched)
=== window template /home/cah/r2d2/code/fpga/fable5_llm/tb/scripts/w9/model_9b_s1.e4.seq sha256 9760899df53b3b42 MATCH
=== timeline /home/cah/r2d2/code/fpga/fable5_llm/evidence/qwen9b/bn/bn_timeline_model_9b_s1.csv
    sha256 a9e74bd01954f12ebf417663000b81641aa6e44d7f8d5d2145aa054bafebfb78  committed a9e74bd01954f12ebf417663000b81641aa6e44d7f8d5d2145aa054bafebfb78  MATCH
    R rows read 237784; kept tokens (1, 2, 3, 4): tok1=39624, tok2=39623, tok3=39625, tok4=39624
    template segments (tok: lo..hi): tok1: 39..39662, tok2: 39663..79285, tok3: 79286..118910, tok4: 118911..158534
    segment 0 (39..39662) <- template tok1 (39..39662) windows
    segment 1 (39663..79285) <- template tok2 (39663..79285) windows
    segment 2 (79286..118910) <- template tok3 (79286..118910) windows
    segment 3 (118911..158534) <- template tok4 (118911..158534) windows
  [PASS] (d) model_9b_s1 form B CSV r1 == SR4's pin (n410)  -- regenerated 4e11a2ae6872970e, pin 4e11a2ae6872970e
=== (e) ref/seq_cost.py: the FENCE correction (predictions only)
  [FAIL] (e) FENCE_REC = 23 cycles per FENCE record (n570:80)  -- FENCE_REC None
  [FAIL] (e) a per-CLASS single-channel tail (dn_out apart from the others), a default for an unknown class  -- TAIL1 None; default None
  [FAIL] (e) the inherited CMD residual (n570:67) as a fraction of CMD work  -- CMD_RESID_FRAC None (want 0.001802672 = +19,308 / 10,710,770)
  [FAIL] (e) reorder_e4.predict: zero-wait FENCE = 23, waiting FENCE = max(t, end + tail) + 23, + the CMD residual  -- TypeError: 'NoneType' object is not callable
  [PASS] (e) the SCHEDULING rows are the base commit's (no schedule moves)  -- cost_of_segment == base on both synthetics: [True, True]Traceback (most recent call last):
  File "/home/cah/r2d2/code/fpga/fable5_llm/evidence/qwen9b/sr/sr11b_pass_tdd.py", line 96, in guarded
    cond, detail = fn()
                   ^^^^
  File "/home/cah/r2d2/code/fpga/fable5_llm/evidence/qwen9b/sr/sr11b_pass_tdd.py", line 630, in f
    import sr11b_model_correction as MC
ModuleNotFoundError: No module named 'sr11b_model_correction'
Traceback (most recent call last):
  File "/home/cah/r2d2/code/fpga/fable5_llm/evidence/qwen9b/sr/sr11b_pass_tdd.py", line 96, in guarded
    cond, detail = fn()
                   ^^^^
  File "/home/cah/r2d2/code/fpga/fable5_llm/evidence/qwen9b/sr/sr11b_pass_tdd.py", line 681, in h
    new, ncps, rep = RE.reorder(recs, lambda k, lo, hi: rows, "B",
                     ^^^^^^^^^^^^^^^^^^^^^^^^^^^^^^^^^^^^^^^^^^^^^
  File "/home/cah/r2d2/code/fpga/fable5_llm/ref/scripts/reorder_e4.py", line 464, in reorder
    need(rtl in RTLS, f"--rtl {rtl!r}: this pass emits {RTLS} (r2 is Task "
  File "/home/cah/r2d2/code/fpga/fable5_llm/ref/scripts/reorder_e4.py", line 116, in need
    raise ReorderError(msg)
reorder_e4.ReorderError: --rtl 'r2': this pass emits ('r0', 'r1') (r2 is Task SR11b's)

=== (f) the corrected model re-predicts R1's measured window
  [FAIL] (f) within +-0.5 % of 27,163,998; zero-wait exact; FENCE class <= 5,000; every drained class <= 2,500 (tails fitted on tokens 5-6, token 4 held out)  -- ModuleNotFoundError: No module named 'sr11b_model_correction'
=== (g) r2 input refused; (h) the r2 manifest
  [PASS] (g) the pass refuses an input that already carries bank fields (the census assigns banks from program order)  -- ReorderError: --rtl 'r2': this pass emits ('r0', 'r1') (r2 is Task SR11b's)
  [FAIL] (h) write_out at r2: seq_isa 2.3, caps [R1, R2], rtl r2  -- ReorderError: --rtl 'r2': this pass emits ('r0', 'r1') (r2 is Task SR11b's)
=== per case: (a) 1/3  (b) 0/5  (b2) 0/5  (c) 8/10  (d) 10/10  (e) 1/5  (f) 0/1  (g) 1/1  (h) 0/1
=== 21 passed, 20 failed; failing cases: ['a', 'b', 'b2', 'c', 'e', 'f', 'h']
SR11B PASS TDD: FAIL
=== rc  : 1
=== end : 2026-09-28T11:28:53-06:00
