=== host: snoke  date: 2026-09-28T11:47:34-06:00
=== tree: b2331f2+dirty
=== dirty:  M NEXT_SESSION.md
=== cmd : env FABLE5_MODEL=9b /home/cah/.venv/bin/python ref/scripts/reorder_e4.py --in tb/scripts/w9/model_9b_s1.e4 --out tb/scripts/w9/sr11b_regen_s1_r1.e4 --form B --cost csv --rtl r1
=== env : FABLE5_MODEL=9b
=== venv: /home/cah/.venv/bin/python (named in cmd): 3.12.3 numpy 2.4.6
=== input tb/scripts/w9/model_9b_s1.e4.seq sha256 9760899df53b3b42 MATCH, 158536 records, form B, cost csv, rtl r1
=== cost source: CSV (BN1 timeline of model_9b_s1, skeleton-matched)
=== window template /home/cah/r2d2/code/fpga/fable5_llm/tb/scripts/w9/model_9b_s1.e4.seq sha256 9760899df53b3b42 MATCH
=== timeline /home/cah/r2d2/code/fpga/fable5_llm/evidence/qwen9b/bn/bn_timeline_model_9b_s1.csv
    sha256 a9e74bd01954f12ebf417663000b81641aa6e44d7f8d5d2145aa054bafebfb78  committed a9e74bd01954f12ebf417663000b81641aa6e44d7f8d5d2145aa054bafebfb78  MATCH
    R rows read 237784; kept tokens (1, 2, 3, 4): tok1=39624, tok2=39623, tok3=39625, tok4=39624
    template segments (tok: lo..hi): tok1: 39..39662, tok2: 39663..79285, tok3: 79286..118910, tok4: 118911..158534
    segment 0 (39..39662) <- template tok1 (39..39662) windows
    segment 1 (39663..79285) <- template tok2 (39663..79285) windows
    segment 2 (79286..118910) <- template tok3 (79286..118910) windows
    segment 3 (118911..158534) <- template tok4 (118911..158534) windows
=== r1: FENCE masks over the stream (target[3:0] -> count): 0001 x1372, 0010 x1372, 0100 x1368, 1000 x1368
=== r1: validated at caps ['R1']; refused at the empty set: True
=== r1: replay makespan of the emitted order per segment: seg0 27121551, seg1 27128540, seg2 27129666, seg3 27136513; LOOP BODY 27136513 cyc (scheduler 27136513)
=== output 160724 records (input 158536); checkpoints 1572
=== wrote tb/scripts/w9/sr11b_regen_s1_r1.e4.seq sha256 4e11a2ae6872970ecb61e2bb37524b7bd863815e47df1fb9c3af2fbb3218cb28
=== wrote tb/scripts/w9/sr11b_regen_s1_r1.e4.seqdata.bin (copy), tb/scripts/w9/sr11b_regen_s1_r1.e4.seq.json
=== rc  : 0
=== end : 2026-09-28T11:47:53-06:00
