=== host: snoke  date: 2026-09-28T12:26:39-06:00
=== tree: 1416cea+dirty
=== dirty:  M docs/SEQ_ISA.md
=== dirty:  M docs/superpowers/plans/2026-09-27-seq-rtl-round.md
=== dirty:  M docs/superpowers/specs/2026-09-27-seq-rtl-round-design.md
=== dirty:  M evidence/qwen9b/ov/SV1_S1_VERIFY.md
=== dirty:  M evidence/qwen9b/sr/SR4_R1_MODEL.md
=== cmd : bash evidence/qwen9b/sr/sr11bf1_drift.sh reorder 1416cea --verify
=== env : FABLE5_MODEL=unset
=== venv: /home/cah/.venv/bin/python (shipped venv (no interpreter named in cmd)): 3.12.3 numpy 2.4.6
o3 citation-drift gate  [verify]
  code base  99c13ce
  doc base   1416cea
  files      1 edited files
  citations  39 distinct (file, line) pairs
  unmoved    0
  half-ranges 0 (one endpoint unresolved — NEVER rewritten)
  relocated  33 citation(s) checked against the base content and the citing documents
  excluded   evidence/qwen9b/o3/o3_cite_drift.py, evidence/qwen9b/s3/S3_CHAIN.md, evidence/qwen9b/sr/SR11b_R2_PASS.md, evidence/qwen9b/sr/SR13b_HOST_R2.md, evidence/qwen9b/sr/sr11a_fix3_host_tdd.py, evidence/qwen9b/sr/sr11b_gate.sh, evidence/qwen9b/sr/sr11b_model_correction.py, evidence/qwen9b/sr/sr11b_pass_tdd.py, evidence/qwen9b/sr/sr11b_r2_check.py, evidence/qwen9b/sr/sr11bf1_drift.sh, evidence/qwen9b/sr/sr13b_drift.sh, evidence/qwen9b/sr/sr13b_host_tdd.py, evidence/qwen9b/sr/sr13b_r2_pins.py, evidence/qwen9b/sr/sr6_drift.sh, evidence/qwen9b/sr/sr6_hand_repairs.py, evidence/qwen9b/sr/sr6fix1_drift.sh, evidence/qwen9b/sr/sr6fix1_hand_repairs.py, evidence/qwen9b/sr/sr7_drift.sh, evidence/qwen9b/sr/sr7f1_clock_guidance2.tcl, evidence/qwen9b/sr/sr7f1_drift.sh, tb/tb_seq_chip.sv
  ! UNRESOLVED ref/scripts/reorder_e4.py:99 (the cited line was rewritten or deleted) cited by evidence/qwen9b/sr/SR4_R1_MODEL.md
  ! UNRESOLVED ref/scripts/reorder_e4.py:102 (the cited line was rewritten or deleted) cited by evidence/qwen9b/sr/SR4_R1_MODEL.md
  ! UNRESOLVED ref/scripts/reorder_e4.py:164 (the cited line was rewritten or deleted) cited by evidence/qwen9b/sr/SR4_R1_MODEL.md
  ! UNRESOLVED ref/scripts/reorder_e4.py:183 (the cited line was rewritten or deleted) cited by evidence/qwen9b/ov/SV1_S1_VERIFY.md
  ! UNRESOLVED ref/scripts/reorder_e4.py:270 (the cited line was rewritten or deleted) cited by evidence/qwen9b/sr/SR4_R1_MODEL.md
O3_CITE_DRIFT VERIFY FAIL (5 problem(s))
=== rc  : 1
=== end : 2026-09-28T12:26:45-06:00
