=== host: snoke  date: 2026-09-28T12:24:32-06:00
=== tree: 3f74fec+dirty
=== dirty: ?? evidence/qwen9b/sr/sr13a_cov.py
=== cmd : bash -c cd tb/scripts/w9 && for k in 1 2 3 4; do for s in .seq .seq.json .seqdata.bin; do cmp sr11b_regen_s${k}_r1.e4$s model_9b_s${k}_reordB_r1.e4$s && echo "s$k $s IDENTICAL"; done; done
=== env : FABLE5_MODEL=unset
=== venv: /home/cah/.venv/bin/python (shipped venv (no interpreter named in cmd)): 3.12.3 numpy 2.4.6
s1 .seq IDENTICAL
s1 .seq.json IDENTICAL
s1 .seqdata.bin IDENTICAL
s2 .seq IDENTICAL
s2 .seq.json IDENTICAL
s2 .seqdata.bin IDENTICAL
s3 .seq IDENTICAL
s3 .seq.json IDENTICAL
s3 .seqdata.bin IDENTICAL
s4 .seq IDENTICAL
s4 .seq.json IDENTICAL
s4 .seqdata.bin IDENTICAL
=== rc  : 0
=== end : 2026-09-28T12:24:33-06:00
