=== host: snoke  date: 2026-09-28T12:32:54-06:00
=== tree: ee6617a
=== cmd : /home/cah/.venv/bin/python evidence/qwen_next/spec_cites.py evidence/qwen9b/sr/SR11b_R2_PASS.md docs/SEQ_ISA.md docs/superpowers/plans/2026-09-27-seq-rtl-round.md docs/superpowers/specs/2026-09-27-seq-rtl-round-design.md evidence/qwen9b/ov/SV1_S1_VERIFY.md evidence/qwen9b/sr/SR4_R1_MODEL.md evidence/qwen9b/ov/S1P_SHIP.md evidence/qwen9b/ov/OV1_DEPENDENCY_CENSUS.md
=== env : FABLE5_MODEL=unset
=== venv: /home/cah/.venv/bin/python (named in cmd): 3.12.3 numpy 2.4.6
checked: 1398 exist, 963 range, 7 quote  |  pending 0  |  retired 0  |  noquote 22  |  FAIL 9
  SR11b_R2_PASS.md:386  ORPHAN  bare continuation `:99-102` on a line that names no file — it binds to nothing and is NOT checked; write the full path
  SR11b_R2_PASS.md:387  ORPHAN  bare continuation `:183` on a line that names no file — it binds to nothing and is NOT checked; write the full path
  SR11b_R2_PASS.md:389  ORPHAN  bare continuation `:225` on a line that names no file — it binds to nothing and is NOT checked; write the full path
  SR11b_R2_PASS.md:390  ORPHAN  bare continuation `:335-392` on a line that names no file — it binds to nothing and is NOT checked; write the full path
  SR11b_R2_PASS.md:391  ORPHAN  bare continuation `:394` on a line that names no file — it binds to nothing and is NOT checked; write the full path
  SR11b_R2_PASS.md:392  ORPHAN  bare continuation `:840-876` on a line that names no file — it binds to nothing and is NOT checked; write the full path
  SR11b_R2_PASS.md:393  ORPHAN  bare continuation `:225` on a line that names no file — it binds to nothing and is NOT checked; write the full path
  SR4_R1_MODEL.md:27  QUOTE  "caps=frozenset()" — present in ref/seq_model.py but NOT within 6 lines of the cited line (cited: ref/seq_model.py:470)
  SR4_R1_MODEL.md:38  QUOTE  "caps=frozenset()" — present in ref/seq_model.py but NOT within 6 lines of the cited line (cited: ref/seq_model.py:1174)
  2026-09-27-seq-rtl-round.md:41  NOQUOTE  1 span(s) exempted (proposed encoding / shorthand, not a quotation)
  2026-09-27-seq-rtl-round.md:43  NOQUOTE  4 span(s) exempted (proposed encoding / shorthand, not a quotation)
  2026-09-27-seq-rtl-round.md:59  NOQUOTE  1 span(s) exempted (proposed encoding / shorthand, not a quotation)
  2026-09-27-seq-rtl-round.md:76  NOQUOTE  1 span(s) exempted (proposed encoding / shorthand, not a quotation)
  2026-09-27-seq-rtl-round.md:152  NOQUOTE  4 span(s) exempted (proposed encoding / shorthand, not a quotation)
  2026-09-27-seq-rtl-round.md:153  NOQUOTE  3 span(s) exempted (proposed encoding / shorthand, not a quotation)
  2026-09-27-seq-rtl-round.md:178  NOQUOTE  1 span(s) exempted (proposed encoding / shorthand, not a quotation)
  2026-09-27-seq-rtl-round.md:186  NOQUOTE  2 span(s) exempted (proposed encoding / shorthand, not a quotation)
  2026-09-27-seq-rtl-round.md:187  NOQUOTE  3 span(s) exempted (proposed encoding / shorthand, not a quotation)
  2026-09-27-seq-rtl-round.md:190  NOQUOTE  9 span(s) exempted (proposed encoding / shorthand, not a quotation)
  2026-09-27-seq-rtl-round.md:212  NOQUOTE  5 span(s) exempted (proposed encoding / shorthand, not a quotation)
  2026-09-27-seq-rtl-round.md:275  NOQUOTE  3 span(s) exempted (proposed encoding / shorthand, not a quotation)
  2026-09-27-seq-rtl-round.md:276  NOQUOTE  2 span(s) exempted (proposed encoding / shorthand, not a quotation)
  2026-09-27-seq-rtl-round.md:302  NOQUOTE  1 span(s) exempted (proposed encoding / shorthand, not a quotation)
  2026-09-27-seq-rtl-round.md:303  NOQUOTE  1 span(s) exempted (proposed encoding / shorthand, not a quotation)
  2026-09-27-seq-rtl-round.md:304  NOQUOTE  1 span(s) exempted (proposed encoding / shorthand, not a quotation)
  2026-09-27-seq-rtl-round.md:306  NOQUOTE  1 span(s) exempted (proposed encoding / shorthand, not a quotation)
  2026-09-27-seq-rtl-round.md:417  NOQUOTE  1 span(s) exempted (proposed encoding / shorthand, not a quotation)
  2026-09-27-seq-rtl-round.md:453  NOQUOTE  3 span(s) exempted (proposed encoding / shorthand, not a quotation)
  2026-09-27-seq-rtl-round.md:454  NOQUOTE  2 span(s) exempted (proposed encoding / shorthand, not a quotation)
  2026-09-27-seq-rtl-round.md:457  NOQUOTE  2 span(s) exempted (proposed encoding / shorthand, not a quotation)
  2026-09-27-seq-rtl-round.md:504  NOQUOTE  1 span(s) exempted (proposed encoding / shorthand, not a quotation)
SPEC CITES: FAIL
=== rc  : 1
=== end : 2026-09-28T12:32:54-06:00
