=== host: snoke  date: 2026-09-28T07:43:42-06:00
=== tree: 9c69419+dirty
=== dirty:  M NEXT_SESSION.md
=== dirty:  M docs/USAGE.md
=== dirty:  M evidence/qwen9b/g3/isa_bits.py
=== dirty:  M rtl/matvec_chan.sv
=== dirty:  M rtl/matvec_engine.sv
=== dirty:  M rtl/seq_movers.sv
=== dirty:  M rtl/seq_unit.sv
=== dirty:  M tb/Makefile
=== dirty:  M tb/mvshim_b_stubs.sv
=== dirty:  M tb/scripts/gen_seq_unit_vectors.py
=== dirty:  M tb/seq_stub_mvchan.sv
=== dirty:  M tb/tb_matvec.sv
=== dirty:  M tb/tb_matvec_chan.sv
=== dirty:  M tb/tb_seq_unit.sv
=== dirty:  M tb/tb_streamer_engine.sv
=== dirty: ?? evidence/qwen9b/sr/sr12_golden_same.sh
=== dirty: ?? evidence/qwen9b/sr/sr12_mv_cycles.sh
=== dirty: ?? evidence/qwen9b/sr/sr12_mv_each.sh
=== dirty: ?? evidence/qwen9b/sr/sr12_rtl_copies.sh
=== cmd : /home/cah/.venv/bin/python evidence/qwen9b/g3/isa_bits.py --shape
=== env : FABLE5_MODEL=9b
=== venv: /home/cah/.venv/bin/python (named in cmd): 3.12.3 numpy 2.4.6
Traceback (most recent call last):
  File "/home/cah/r2d2/code/fpga/fable5_llm/evidence/qwen9b/g3/isa_bits.py", line 1833, in <module>
    main()
  File "/home/cah/r2d2/code/fpga/fable5_llm/evidence/qwen9b/g3/isa_bits.py", line 1824, in main
    sys.exit(0 if shape_roundtrip(perturb=a.shape_perturb) else 1)
                  ^^^^^^^^^^^^^^^^^^^^^^^^^^^^^^^^^^^^^^^^
  File "/home/cah/r2d2/code/fpga/fable5_llm/evidence/qwen9b/g3/isa_bits.py", line 1399, in shape_roundtrip
    rtl = load_shape_rtl(perturb)
          ^^^^^^^^^^^^^^^^^^^^^^^
  File "/home/cah/r2d2/code/fpga/fable5_llm/evidence/qwen9b/g3/isa_bits.py", line 1270, in load_shape_rtl
    rb, _ = _shape_slices_from_concat(
            ^^^^^^^^^^^^^^^^^^^^^^^^^^
  File "/home/cah/r2d2/code/fpga/fable5_llm/evidence/qwen9b/g3/isa_bits.py", line 1219, in _shape_slices_from_concat
    raise AssertionError(
AssertionError: SHAPE concat member "// SR12\n                                              1'(csr_static_xbank)" has no explicit width — this checker refuses to guess one
=== rc  : 1
=== end : 2026-09-28T07:43:42-06:00
