=== host: snoke  date: 2026-09-28T07:50:37-06:00
=== tree: f4c1fb7+dirty
=== dirty:  M NEXT_SESSION.md
=== dirty:  M docs/USAGE.md
=== dirty:  M rtl/matvec_chan.sv
=== dirty:  M tb/Makefile
=== dirty:  M tb/tb_matvec_chan.sv
=== cmd : /home/cah/.venv/bin/python evidence/qwen9b/g3/isa_bits.py --shape-control
=== env : FABLE5_MODEL=9b
=== venv: /home/cah/.venv/bin/python (named in cmd): 3.12.3 numpy 2.4.6
movx_word  narrow the RTL MOVX start-word slice by one bit            REFUSED
movy_row   narrow the RTL MOVY start-row slice by one bit (lo + 1)    REFUSED
ng         narrow the RTL SHAPE ng slice by one bit                   REFUSED
ng_wide    WIDEN the RTL SHAPE ng slice by one bit (into a spare)     REFUSED
nrows      narrow the RTL SHAPE nrows slice by one bit                REFUSED
rb_row     the engine's RBANK start row one lower (2048 -> 2047)      REFUSED
rbank_bit  move the RTL RBANK SHAPE bit up by one (30 -> 31)          REFUSED
sh         narrow the RTL SHAPE sh slice by one bit                   REFUSED
sh_wide    WIDEN the RTL SHAPE sh slice by one bit (it then overlaps nrows) REFUSED
xb_line    the engine's XBANK start line one lower (48 -> 47)         REFUSED
xbank_bit  move the RTL XBANK SHAPE bit down by one (29 -> 28)        REFUSED

SHAPE_CONTROL: PASS (every perturbation refused)
=== rc  : 0
=== end : 2026-09-28T07:50:39-06:00
