=== host: snoke  date: 2026-09-28T08:02:10-06:00
=== tree: 2327d7a+dirty
=== dirty:  M NEXT_SESSION.md
=== dirty:  M docs/USAGE.md
=== dirty: ?? evidence/qwen9b/sr/SR12_R2_RTL.md
=== cmd : bash -c for d in synth/out_ooc9b_sr12_seq_base synth/out_ooc9b_sr12_seq_r2 synth/out_ooc9b_sr12_mvchan_base synth/out_ooc9b_sr12_mvchan_r2 synth/out_ooc9b_sr12_mvchan_r2final synth/out_ooc9b_sr12_layer; do echo "##### $d"; grep -E "^(date|tree|params)|OOC9B_(TOP|URAM|BRAM|DSP|LUT|FF|CARRY8|DONE)" $d/summary.txt; ls -la --time-style=full-iso $d/reports | grep util_synth.rpt; done; echo "##### the SR3 layer control (5c369c2) and T14A (1dd2889) for comparison:"; grep -E "^(date|tree)|OOC9B_(URAM|BRAM|DSP|LUT|FF|CARRY8):" synth/out_ooc9b_sr3_layer/summary.txt synth/out_ooc9b_t14a_layer/summary.txt
=== env : FABLE5_MODEL=unset
=== venv: /home/cah/.venv/bin/python (shipped venv (no interpreter named in cmd)): 3.12.3 numpy 2.4.6
##### synth/out_ooc9b_sr12_seq_base
date      : 2026-09-28T07:15:36-06:00
tree      : 2910d4d4 7 dirty files
params    : top=seq_unit dn_pipe=-1 (-1 = the RTL's own default)
OOC9B_TOP: seq_unit
OOC9B_URAM: 0
OOC9B_BRAM: RAMB36=0 RAMB18=0 tiles=0.0
OOC9B_DSP: 0
OOC9B_LUT: 4049 (logic 3837, memory 212)
OOC9B_FF: 3002
OOC9B_CARRY8: 233
OOC9B_DONE
=== exit: 2 OOC9B_DONE marker(s) ===
-rw-rw-r-- 1 cah cah 11455 2026-09-28 07:17:57.858852974 -0600 util_synth.rpt
##### synth/out_ooc9b_sr12_seq_r2
date      : 2026-09-28T07:44:59-06:00
tree      : f4c1fb78 4 dirty files
params    : top=seq_unit dn_pipe=-1 (-1 = the RTL's own default)
OOC9B_TOP: seq_unit
OOC9B_URAM: 0
OOC9B_BRAM: RAMB36=0 RAMB18=0 tiles=0.0
OOC9B_DSP: 0
OOC9B_LUT: 4100 (logic 3888, memory 212)
OOC9B_FF: 3050
OOC9B_CARRY8: 237
OOC9B_DONE
=== exit: 2 OOC9B_DONE marker(s) ===
-rw-rw-r-- 1 cah cah 11453 2026-09-28 07:47:27.192930491 -0600 util_synth.rpt
##### synth/out_ooc9b_sr12_mvchan_base
date      : 2026-09-28T07:15:36-06:00
tree      : 2910d4d4 7 dirty files
params    : top=matvec_chan dn_pipe=-1 (-1 = the RTL's own default)
OOC9B_TOP: matvec_chan
OOC9B_URAM: 0
OOC9B_BRAM: RAMB36=4 RAMB18=0 tiles=4.0
OOC9B_DSP: 2
OOC9B_LUT: 14946 (logic 9958, memory 4988)
OOC9B_FF: 14109
OOC9B_CARRY8: 773
OOC9B_DONE
=== exit: 2 OOC9B_DONE marker(s) ===
-rw-rw-r-- 1 cah cah 11852 2026-09-28 07:18:27.665159108 -0600 util_synth.rpt
##### synth/out_ooc9b_sr12_mvchan_r2
date      : 2026-09-28T07:44:59-06:00
tree      : f4c1fb78 4 dirty files
params    : top=matvec_chan dn_pipe=-1 (-1 = the RTL's own default)
OOC9B_TOP: matvec_chan
OOC9B_URAM: 0
OOC9B_BRAM: RAMB36=4 RAMB18=0 tiles=4.0
OOC9B_DSP: 2
OOC9B_LUT: 14943 (logic 9955, memory 4988)
OOC9B_FF: 14116
OOC9B_CARRY8: 773
OOC9B_DONE
=== exit: 2 OOC9B_DONE marker(s) ===
-rw-rw-r-- 1 cah cah 11850 2026-09-28 07:48:08.767745632 -0600 util_synth.rpt
##### synth/out_ooc9b_sr12_mvchan_r2final
date      : 2026-09-28T07:51:19-06:00
tree      : 2327d7ae 4 dirty files
params    : top=matvec_chan dn_pipe=-1 (-1 = the RTL's own default)
OOC9B_TOP: matvec_chan
OOC9B_URAM: 0
OOC9B_BRAM: RAMB36=4 RAMB18=0 tiles=4.0
OOC9B_DSP: 2
OOC9B_LUT: 14958 (logic 9970, memory 4988)
OOC9B_FF: 14123
OOC9B_CARRY8: 773
OOC9B_DONE
=== exit: 2 OOC9B_DONE marker(s) ===
-rw-rw-r-- 1 cah cah 11855 2026-09-28 07:54:18.458890317 -0600 util_synth.rpt
##### synth/out_ooc9b_sr12_layer
date      : 2026-09-28T07:44:59-06:00
tree      : f4c1fb78 4 dirty files
params    : top=layer_chan dn_pipe=-1 (-1 = the RTL's own default)
OOC9B_TOP: layer_chan
OOC9B_URAM: 182
OOC9B_BRAM: RAMB36=79 RAMB18=8 tiles=83.0
OOC9B_DSP: 1840
OOC9B_LUT: 113216 (logic 108720, memory 4496)
OOC9B_FF: 61437
OOC9B_CARRY8: 7839
OOC9B_URAM_PREDICT: 182 (2 slots x (DN 29 + KV 58 + CV 2 + 2))
OOC9B_URAM_MATCH: YES
OOC9B_URAM_SPLIT: dn=58 kv=116 cv=8 other=0
OOC9B_BRAM_SPLIT: scratch=64 conv=0 kvexp=4
OOC9B_DONE
=== exit: 2 OOC9B_DONE marker(s) ===
-rw-rw-r-- 1 cah cah 12017 2026-09-28 08:00:21.265782014 -0600 util_synth.rpt
##### the SR3 layer control (5c369c2) and T14A (1dd2889) for comparison:
synth/out_ooc9b_sr3_layer/summary.txt:date      : 2026-09-27T17:45:07-06:00
synth/out_ooc9b_sr3_layer/summary.txt:tree      : 5c369c28 1 dirty files
synth/out_ooc9b_sr3_layer/summary.txt:OOC9B_URAM: 182
synth/out_ooc9b_sr3_layer/summary.txt:OOC9B_BRAM: RAMB36=79 RAMB18=8 tiles=83.0
synth/out_ooc9b_sr3_layer/summary.txt:OOC9B_DSP: 1840
synth/out_ooc9b_sr3_layer/summary.txt:OOC9B_LUT: 113216 (logic 108720, memory 4496)
synth/out_ooc9b_sr3_layer/summary.txt:OOC9B_FF: 61437
synth/out_ooc9b_sr3_layer/summary.txt:OOC9B_CARRY8: 7839
synth/out_ooc9b_t14a_layer/summary.txt:date      : 2026-09-07T00:05:15-06:00
synth/out_ooc9b_t14a_layer/summary.txt:tree      : 1dd2889d 10 dirty files
synth/out_ooc9b_t14a_layer/summary.txt:OOC9B_URAM: 182
synth/out_ooc9b_t14a_layer/summary.txt:OOC9B_BRAM: RAMB36=79 RAMB18=8 tiles=83.0
synth/out_ooc9b_t14a_layer/summary.txt:OOC9B_DSP: 1840
synth/out_ooc9b_t14a_layer/summary.txt:OOC9B_LUT: 113216 (logic 108720, memory 4496)
synth/out_ooc9b_t14a_layer/summary.txt:OOC9B_FF: 61437
synth/out_ooc9b_t14a_layer/summary.txt:OOC9B_CARRY8: 7839
=== rc  : 0
=== end : 2026-09-28T08:02:10-06:00
