=== host: snoke  date: 2026-09-28T12:26:14-06:00
=== tree: 137ee23
=== cmd : bash -c /home/cah/.venv/bin/python tb/scripts/gen_seq_chip_vectors.py tb/scripts/w9/sr13a_cov_xbank.e4 --base tb/scripts/w9/sr13a_cov_xbank --caps R1,R2 && sha256sum tb/scripts/w9/sr13a_cov_xbank.e4.chip tb/scripts/w9/sr13a_cov_xbank.wimg?.bin && grep -c ^MEM tb/scripts/w9/sr13a_cov_xbank.e4.chip
=== env : FABLE5_MODEL=9b
=== venv: /home/cah/.venv/bin/python (shipped venv (no interpreter named in cmd)): 3.12.3 numpy 2.4.6
  caps ['R1', 'R2'] (validated and executed at them)
  plan re-derived from the manifest: 2 images, nch=4, chunk_rows=2048, repack=True, ilv_wids=[], every base identical
  pack top: (271155200, 271155200, 271155200, 271155200)
  tb/scripts/w9/sr13a_cov_xbank.wimg0.bin: 2719744 B (2.6 MiB) @ 0x10000000
  tb/scripts/w9/sr13a_cov_xbank.wimg1.bin: 2719744 B (2.6 MiB) @ 0x10000000
  tb/scripts/w9/sr13a_cov_xbank.wimg2.bin: 2719744 B (2.6 MiB) @ 0x10000000
  tb/scripts/w9/sr13a_cov_xbank.wimg3.bin: 2719744 B (2.6 MiB) @ 0x10000000
  per-channel weight pack: 4 channels, 2 images (run tb_seq_chip with -GWIMGPC=1)
  tb/scripts/w9/sr13a_cov_xbank.e4.chip: 41 records, pc 40, 0 tokens, 65536 scratch words checked (0 staging words excluded), 0 state block(s)
  seq_model stats: {'CSRWR': 0, 'CMD': 0, 'MOVX': 8, 'MOVY': 12, 'MVGO': 12, 'EMB': 0, 'AMAXL': 0, 'JMP': 0, 'FENCE': 0, 'LDC': 8, 'XOP': 0, 'PROBE': 0, 'MVGO_NOWAIT': 0}
65e9c67cff7d6e8b733f4af3ccfa18b2a4edbf6fa44789895dfb9d1e77c58173  tb/scripts/w9/sr13a_cov_xbank.e4.chip
231f37dde8e1d8759db1d6a1a80943cd066b587680c26ca71c2ab76a49ac8b92  tb/scripts/w9/sr13a_cov_xbank.wimg0.bin
dca210a9ad8285a0ba519c3fa12ef73a99322aeac2ddbcecdab4075ba30ce30c  tb/scripts/w9/sr13a_cov_xbank.wimg1.bin
7eee6b2ca0abe830ec1ec0d4fd12d8e4901e96a7902c774a9ebbf7c8af537805  tb/scripts/w9/sr13a_cov_xbank.wimg2.bin
9c108cde167db412cafc79216b966e8a1c5c938293dc85e6dafb4b736eb3ceec  tb/scripts/w9/sr13a_cov_xbank.wimg3.bin
65536
=== rc  : 0
=== end : 2026-09-28T12:26:23-06:00
