=== host: snoke  date: 2026-09-28T12:26:31-06:00
=== tree: 1416cea+dirty
=== dirty:  M docs/SEQ_ISA.md
=== dirty:  M docs/superpowers/plans/2026-09-27-seq-rtl-round.md
=== dirty:  M docs/superpowers/specs/2026-09-27-seq-rtl-round-design.md
=== dirty:  M evidence/qwen9b/ov/SV1_S1_VERIFY.md
=== dirty:  M evidence/qwen9b/sr/SR4_R1_MODEL.md
=== cmd : bash evidence/qwen9b/sr/run_sr_chip.sh sr13a_cov_xbank sr13a_cov_xbank control
=== env : FABLE5_MODEL=unset
=== venv: /home/cah/.venv/bin/python (shipped venv (no interpreter named in cmd)): 3.12.3 numpy 2.4.6
=== binary   /home/cah/r2d2/code/fpga/fable5_llm/tb/obj_dir_seq_chip_sr13/tb_seq_chip_9b_sr13
=== built    2026-09-28T12:20:27-06:00  sha256 0aa1c5acfd2556bbaa5861c2c9b5d5572429879b3fc4dc09bcd59e3019d2a373
=== seq      /home/cah/r2d2/code/fpga/fable5_llm/tb/scripts/w9/sr13a_cov_xbank.e4  (.seq sha256 ce5055224411cfd7, .chip sha256 65e9c67cff7d6e8b)
=== base     /home/cah/r2d2/code/fpga/fable5_llm/tb/scripts/w9/sr13a_cov_xbank   mode: control
=== watchdog 172800000 ms
=== stdout   /home/cah/r2d2/code/fpga/fable5_llm/evidence/qwen9b/sr/sr13_seed_sr13a_cov_xbank_control.log
=== wall     11s   rc=0
--- verdict lines
    tb_seq_chip: launch 0 [-] rec_off 0, 41 records, 0 tokens, 65536 scratch words, NMV=4 WIMGPC=1 LAT=4 DDRLAT=32 WLAT=40
    SEQ-CHIP /home/cah/r2d2/code/fpga/fable5_llm/tb/scripts/w9/sr13a_cov_xbank.e4 launch 0 [-]: 41 records, 275845 cycles (6727.93 cyc/rec, 1.103 ms @250MHz, PERF_CYC 275837)
    LAUNCH 0 PASS: [-] pc 40, tokens 0, tcnt 8, scratch 65536, smem 0
      state: 0 read beats, 0 write beats, 0 unmapped
      burst: 220 write bursts (56320 beats), 180 read bursts (46080 beats), busy_wr 93671 busy_rd 46836, decerr 0 non-OK 0, BLAT=4
      fetch-empty stall cycles 12
      ddr beats 5161 (miss 0), weight beats 212480 total across 4 chan (miss 0) [ 42240/64000/64000/42240]
    TB_SEQ_CHIP PASS: /home/cah/r2d2/code/fpga/fable5_llm/tb/scripts/w9/sr13a_cov_xbank.e4 (launches 1, 275845 cycles total, scratch 65536/launch, tokens 0, tcnt 8)
    CYCLES measured  275845
    CONTROL: no SEQ_TIMELINE block, as required
--- wall 11s
SR_CHIP sr13a_cov_xbank control: PASS
=== rc  : 0
=== end : 2026-09-28T12:26:43-06:00
