=== host: snoke  date: 2026-09-28T12:30:53-06:00
=== tree: 13c6eba
=== cmd : bash evidence/qwen9b/sr/run_sr_chip.sh sr13a_cov_xbank sr13a_cov_xbank control
=== env : FABLE5_MODEL=unset
=== venv: /home/cah/.venv/bin/python (shipped venv (no interpreter named in cmd)): 3.12.3 numpy 2.4.6
=== binary   /home/cah/r2d2/code/fpga/fable5_llm/tb/obj_dir_seq_chip_sr13_mut/tb_seq_chip_9b_sr13_mut
=== built    2026-09-28T12:30:44-06:00  sha256 32022fcbffb3f764ed9be674f1797a3caf433b54c3bbc2936a4297f4fed28a83
=== seq      /home/cah/r2d2/code/fpga/fable5_llm/tb/scripts/w9/sr13a_cov_xbank.e4  (.seq sha256 ce5055224411cfd7, .chip sha256 65e9c67cff7d6e8b)
=== base     /home/cah/r2d2/code/fpga/fable5_llm/tb/scripts/w9/sr13a_cov_xbank   mode: control
=== watchdog 172800000 ms
=== stdout   /home/cah/r2d2/code/fpga/fable5_llm/evidence/qwen9b/sr/sr13_mut_seed_sr13a_cov_xbank_control.log
evidence/qwen9b/sr/run_sr_chip.sh: line 142: 704410 Aborted                 (core dumped) "$BIN" +seq=$W9/$SEQ.e4 +base=$W9/$BASE +watchdog_ms=$WD ${CSV:+ +timeline=$CSV} > "$LOG" 2>&1
=== wall     12s   rc=134
--- verdict lines
    tb_seq_chip: launch 0 [-] rec_off 0, 41 records, 0 tokens, 65536 scratch words, NMV=4 WIMGPC=1 LAT=4 DDRLAT=32 WLAT=40
    [1103868000] %Fatal: tb_seq_chip.sv:1079: Assertion failed in TOP.tb_seq_chip.unnamedblk6.unnamedblk19: too many scratch mismatches
    %Error: /tmp/sr_src_0044b1b_sr13_mut/tb/tb_seq_chip.sv:1079: Verilog $stop
    NO PASS LINE — last 15 lines:
      MEM[8009] = e0fd, expected 179b
      MEM[800a] = eb66, expected fe5a
      MEM[800b] = 0081, expected 0268
      MEM[800c] = 0342, expected f9ce
      MEM[800d] = 0364, expected 07a1
      MEM[800e] = 1d8f, expected ff0e
      MEM[800f] = 02f5, expected f07f
      MEM[8010] = f62e, expected f1d9
      MEM[8011] = f69d, expected 0cd9
      MEM[8012] = f588, expected ef9c
      MEM[8013] = 05d8, expected fa9b
      MEM[8014] = faf2, expected fe6d
      [1103868000] %Fatal: tb_seq_chip.sv:1079: Assertion failed in TOP.tb_seq_chip.unnamedblk6.unnamedblk19: too many scratch mismatches
      %Error: /tmp/sr_src_0044b1b_sr13_mut/tb/tb_seq_chip.sv:1079: Verilog $stop
      Aborting...
    CYCLES measured  
    CONTROL: no SEQ_TIMELINE block, as required
--- wall 12s
SR_CHIP sr13a_cov_xbank control: FAIL
=== rc  : 1
=== end : 2026-09-28T12:31:05-06:00
