=== host: snoke  date: 2026-09-28T14:56:22-06:00
=== tree: da226ff+dirty
=== dirty:  M evidence/qwen9b/sr/sr11c_bare_ptrs.py
=== cmd : bash evidence/qwen9b/sr/sr_chipvec.sh model_9b_s3_reordB_r2 model_9b_s3 R1,R2
=== env : FABLE5_MODEL=unset
=== venv: /home/cah/.venv/bin/python (shipped venv (no interpreter named in cmd)): 3.12.3 numpy 2.4.6
=== seq  scripts/w9/model_9b_s3_reordB_r2.e4.seq sha256 e35772cc8ed3e554bd3f1fbe93e2f40a754b70e2ea98adaa94d66e71a097a70c
=== base scripts/w9/model_9b_s3   caps R1,R2
  caps ['R1', 'R2'] (validated and executed at them)
  plan re-derived from the manifest: 249 images, nch=4, chunk_rows=2048, repack=True, ilv_wids=[248], every base identical
    wid 248 (LAYOUT_ILV, 248320 rows) -> per-channel rows [63488, 61952, 61440, 61440]
  pack top: (1294532608, 1291288576, 1290207232, 1290207232)
  scripts/w9/model_9b_s3_reordB_r2.e4.chip: 80383 records, pc 80382, 6 tokens, 36864 scratch words checked (28672 staging words excluded), 112 state block(s)
  seq_model stats: {'CSRWR': 159345, 'CMD': 52928, 'MOVX': 3096, 'MOVY': 8220, 'MVGO': 8220, 'EMB': 6, 'AMAXL': 6, 'JMP': 5, 'FENCE': 8220, 'LDC': 966, 'XOP': 54, 'PROBE': 48, 'MVGO_NOWAIT': 8220}
=== generator wall 857s rc=0
=== golden scripts/w9/model_9b_s3_reordB_r2.e4.chip sha256 19bea94a4b75f31431fb52f9bc9868475d9e90ed4f04e277390e02d73eb56cd7
--- vs the shipped golden scripts/w9/model_9b_s3.e4.chip (lines differing, by key):
      1 < NREC
      1 > NREC
      1 < PC
      1 > PC
    NREC/PC: NREC 79289 PC 79288  -> NREC 80383 PC 80382 
    lines other than NREC/PC that differ: 0
TOK 00139 TOK 001ae TOK 009ce TOK 000c6 TOK 005a5 TOK 06a2c 
SR_CHIPVEC model_9b_s3_reordB_r2: GOLDEN IDENTICAL TO SHIPPED (except NREC/PC)
=== rc  : 0
=== end : 2026-09-28T15:10:41-06:00
