=== host: snoke  date: 2026-09-28T15:11:40-06:00
=== tree: fb1ea0e
=== cmd : bash evidence/qwen9b/sr/run_sr_chip.sh model_9b_s1_reordB_r2 model_9b_s1 timeline --csv /home/cah/r2d2/code/fpga/fable5_llm/tb/scripts/w9/model_9b_s1_reordB_r2.timeline.csv --cycles-today 162967117 --tokens-ref evidence/qwen9b/s4/S4_REPLAY.md
=== env : FABLE5_MODEL=unset
=== venv: /home/cah/.venv/bin/python (shipped venv (no interpreter named in cmd)): 3.12.3 numpy 2.4.6
=== binary   /home/cah/r2d2/code/fpga/fable5_llm/tb/obj_dir_seq_chip_sr13/tb_seq_chip_9b_sr13
=== built    2026-09-28T12:20:27-06:00  sha256 0aa1c5acfd2556bbaa5861c2c9b5d5572429879b3fc4dc09bcd59e3019d2a373
=== seq      /home/cah/r2d2/code/fpga/fable5_llm/tb/scripts/w9/model_9b_s1_reordB_r2.e4  (.seq sha256 117ed8b061d56625, .chip sha256 fa6a57cc664e1f3b)
=== base     /home/cah/r2d2/code/fpga/fable5_llm/tb/scripts/w9/model_9b_s1   mode: timeline
=== watchdog 172800000 ms
=== stdout   /home/cah/r2d2/code/fpga/fable5_llm/evidence/qwen9b/sr/sr13_seed_model_9b_s1_reordB_r2_timeline.log
=== csv      /home/cah/r2d2/code/fpga/fable5_llm/tb/scripts/w9/model_9b_s1_reordB_r2.timeline.csv
=== cycles-today 162967117
=== tokens-ref /home/cah/r2d2/code/fpga/fable5_llm/evidence/qwen9b/s4/S4_REPLAY.md (record of model_9b_s1)
=== wall     7625s   rc=0
--- verdict lines
    tb_seq_chip: TIMELINE CENSUS ON -> /home/cah/r2d2/code/fpga/fable5_llm/tb/scripts/w9/model_9b_s1_reordB_r2.timeline.csv
    tb_seq_chip: launch 0 [-] rec_off 0, 160724 records, 6 tokens, 36864 scratch words, NMV=4 WIMGPC=1 LAT=4 DDRLAT=32 WLAT=40
      TOK[0] = 00a36 (2614) == golden OK
      TOK[1] = 0013a (314) == golden OK
      TOK[2] = 00117 (279) == golden OK
      TOK[3] = 00171 (369) == golden OK
      TOK[4] = 02de7 (11751) == golden OK
      TOK[5] = 0000d (13) == golden OK
    SEQ-CHIP /home/cah/r2d2/code/fpga/fable5_llm/tb/scripts/w9/model_9b_s1_reordB_r2.e4 launch 0 [-]: 160724 records, 157010908 cycles (976.90 cyc/rec, 628.044 ms @250MHz, PERF_CYC 157010900)
    LAUNCH 0 PASS: [-] pc 160723, tokens 6, tcnt 8, scratch 36864, smem 112
      state: 2676800 read beats, 2659968 write beats, 0 unmapped
      burst: 97242 write bursts (22688256 beats), 116028 read bursts (29024256 beats), busy_wr 38002310 busy_rd 35405028, decerr 0 non-OK 0, BLAT=4
      fetch-empty stall cycles 48
      ddr beats 451692 (miss 0), weight beats 383606784 total across 4 chan (miss 0) [ 96180480/95876352/95774976/95774976]
    TB_SEQ_CHIP PASS: /home/cah/r2d2/code/fpga/fable5_llm/tb/scripts/w9/model_9b_s1_reordB_r2.e4 (launches 1, 157010908 cycles total, scratch 36864/launch, tokens 6, tcnt 8)
    CYCLES measured  157010908
    CYCLES BELOW TODAY (162967117): delta -5956209
    TOKENS measured  [2614,314,279,369,11751,13]
    TOKENS record    [2614,314,279,369,11751,13]  (S4_REPLAY.md, model_9b_s1)
    TOKENS IDENTICAL TO THE SHIPPED RECORD
    CSV 20736234 bytes, 241066 record rows, sha256 f2e24609eaa9002309d2b35d7b6edc20dfb26cb886e1e2b72b198a85ced61391
--- SEQ_TIMELINE per-token lines
SEQ_TIMELINE meta ntok=7 bcyc=157010900 nrec=241066 nmv=4 wimgpc=1 lat=4 ddrlat=32 wlat=40 ncls=16
SEQ_TIMELINE tcyc 0 17197
SEQ_TIMELINE union 0 17132
SEQ_TIMELINE none 0 65
SEQ_TIMELINE stall 0 24
SEQ_TIMELINE tcyc 1 26154132
SEQ_TIMELINE union 1 25891122
SEQ_TIMELINE none 1 263010
SEQ_TIMELINE stall 1 0
SEQ_TIMELINE tcyc 2 26160898
SEQ_TIMELINE union 2 25898287
SEQ_TIMELINE none 2 262611
SEQ_TIMELINE stall 2 0
SEQ_TIMELINE tcyc 3 26166039
SEQ_TIMELINE union 3 25904110
SEQ_TIMELINE none 3 261929
SEQ_TIMELINE stall 3 0
SEQ_TIMELINE tcyc 4 26171253
SEQ_TIMELINE union 4 25909400
SEQ_TIMELINE none 4 261853
SEQ_TIMELINE stall 4 36
SEQ_TIMELINE tcyc 5 26176557
SEQ_TIMELINE union 5 25915033
SEQ_TIMELINE none 5 261524
SEQ_TIMELINE stall 5 36
SEQ_TIMELINE tcyc 6 26164824
SEQ_TIMELINE union 6 25903599
SEQ_TIMELINE none 6 261225
SEQ_TIMELINE stall 6 0
--- wall 7625s
SR_CHIP model_9b_s1_reordB_r2 timeline: PASS
=== rc  : 0
=== end : 2026-09-28T17:18:46-06:00
