=== host: snoke  date: 2026-09-28T19:07:28-06:00
=== tree: c2b63ec
=== cmd : bash evidence/qwen9b/sr/sr7_launch_verify.sh synth/out_build_045_r2
=== env : FABLE5_MODEL=unset
=== venv: /home/cah/.venv/bin/python (shipped venv (no interpreter named in cmd)): 3.12.3 numpy 2.4.6
LV now: 2026-09-28T19:07:29-06:00
LV build.log:
LV   === create_project (266e3ae7) ===
LV   # puts "CREATE_PROJECT_OK"
LV   CREATE_PROJECT_OK
LV   === build ===
LV CREATE_PROJECT_OK line: 794:CREATE_PROJECT_OK
LV   -rw-rw-r-- 1 cah cah 76387 2026-09-28 17:38:18.526792531 -0600 synth/out_build_045_r2/create.log
LV create.log ERROR lines: 0  CRITICAL WARNING: 11  WARNING: 87
LV CRITICAL WARNING set vs build_042_bm1 (sorted):
LV   IDENTICAL to synth/out_build_042_bm1/create.log
LV CSR VERSION set-failures: 1
LV   320:# if {[catch {set_property CONFIG.VERSION 0x$BuildVer [get_bd_cells csr_0]} err]} {
LV build_run.log: 3248 lines; ERROR: 0
LV   51:# must {launch_runs synth_1 -jobs 16}
LV   203:[Mon Sep 28 17:41:23 2026] Launched bd_ddr4_c3_reset_0_synth_1, bd_axi_smc_0_synth_1, bd_smc_ch0_0_synth_1, bd_mvchan_0_0_synth_1, bd_smc_ch1_0_synth_1, bd_mvchan_1_0_synth_1, bd_smc_ch2_0_synth_1
LV   242:[Mon Sep 28 17:41:23 2026] Launched synth_1...
LV   244:launch_runs: Time (s): cpu = 00:02:15 ; elapsed = 00:02:28 . Memory (MB): peak = 3683.832 ; gain = 2024.031 ; free physical = 47147 ; free virtual = 366182
LV   2026:# must {launch_runs impl_1 -to_step write_bitstream -jobs 16}
LV   2027:[Mon Sep 28 17:54:30 2026] Launched impl_1...
LV   2029:launch_runs: Time (s): cpu = 00:00:39 ; elapsed = 00:00:09 . Memory (MB): peak = 3691.836 ; gain = 8.004 ; free physical = 84130 ; free virtual = 373130
LV processes:
LV   843878 bash -c cd /home/cah/r2d2/code/fpga/fable5_llm && nohup bash evidence/qwen9b/sr/sr_run.sh n1401_SR14_launch_build_045_r2.log synth/scripts/launch_build.sh build_045_r2 > /de
LV   843880 bash evidence/qwen9b/sr/sr_run.sh n1401_SR14_launch_build_045_r2.log synth/scripts/launch_build.sh build_045_r2
LV   843897 bash evidence/qwen9b/sr/sr_run.sh n1401_SR14_launch_build_045_r2.log synth/scripts/launch_build.sh build_045_r2
LV   843898 tee evidence/qwen9b/sr/n1401_SR14_launch_build_045_r2.log
LV   843950 /bin/bash synth/scripts/launch_build.sh build_045_r2
LV   844669 /bin/bash /home/cah/r2d2/sc2data/tools/Vivado/2024.2/bin/vivado -mode batch -nojournal -log build_run.log -source /home/cah/r2d2/code/fpga/fable5_llm/synth/scripts/build.tcl
LV   844690 /bin/bash /home/cah/r2d2/sc2data/tools/Vivado/2024.2/bin/loader -exec vivado -mode batch -nojournal -log build_run.log -source /home/cah/r2d2/code/fpga/fable5_llm/synth/scri
LV   844739 /home/cah/r2d2/sc2data/tools/Vivado/2024.2/bin/unwrapped/lnx64.o/vivado -mode batch -nojournal -log build_run.log -source /home/cah/r2d2/code/fpga/fable5_llm/synth/scripts/b
LV   862124 /bin/sh ./ISEWrap.sh runme.log vivado -log bd_wrapper.vdi -applog -m64 -product Vivado -messageDb vivado.pb -mode batch -source bd_wrapper.tcl -notrace
LV   862125 /bin/bash /home/cah/r2d2/sc2data/tools/Vivado/2024.2/bin/vivado -log bd_wrapper.vdi -applog -m64 -product Vivado -messageDb vivado.pb -mode batch -source bd_wrapper.tcl -not
LV   862147 /bin/bash /home/cah/r2d2/sc2data/tools/Vivado/2024.2/bin/loader -exec vivado -log bd_wrapper.vdi -applog -m64 -product Vivado -messageDb vivado.pb -mode batch -source bd_wra
LV   862196 /home/cah/r2d2/sc2data/tools/Vivado/2024.2/bin/unwrapped/lnx64.o/vivado -log bd_wrapper.vdi -applog -product Vivado -messageDb vivado.pb -mode batch -source bd_wrapper.tcl -
LV load: 4.08 5.65 6.12 9/1476 1049244
=== rc  : 0
=== end : 2026-09-28T19:07:29-06:00
