=== host: snoke  date: 2026-09-28T21:25:03-06:00
=== tree: 153fb09
=== cmd : bash -c ls -la --time-style=full-iso synth/out_build_045_r2/reports/timing_summary.rpt synth/out_build_045_r2/proj/stage1.runs/impl_1/bd_wrapper.bit; grep -hE "^(TIMING|CLOCK_GATE_OK|BUILD_OK)" synth/out_build_045_r2/build_run.log; bash evidence/qwen9b/g5/g5d_roll_summary.sh synth/out_build_045_r2/reports/timing_summary.rpt build_045_r2 "SR14 base default roll (data point, not a rung)"
=== env : FABLE5_MODEL=unset
=== venv: /home/cah/.venv/bin/python (shipped venv (no interpreter named in cmd)): 3.12.3 numpy 2.4.6
-rw-rw-r-- 1 cah cah 49900081 2026-09-28 21:06:28.185101851 -0600 synth/out_build_045_r2/proj/stage1.runs/impl_1/bd_wrapper.bit
-rw-rw-r-- 1 cah cah  1481182 2026-09-28 21:13:59.673555136 -0600 synth/out_build_045_r2/reports/timing_summary.rpt
CLOCK_GATE_OK: 250MHz clocks: pipe_clk xdma_0_axi_aclk
TIMING: WNS=-0.865 WHS=0.010
BUILD_OK
# roll: build_045_r2
# source: synth/out_build_045_r2/reports/timing_summary.rpt (out dirs are gitignored)
# mtime : 2026-09-28 21:13:59.673555136 -0600
# SR14 base default roll (data point, not a rung)

=== Design Timing Summary ===
     -0.865    -7406.432                  33922              1321618        0.010        0.000                      0              1318482        0.000        0.000                       0                391371  

=== Clock Summary (the six named clocks: name, waveform, period, frequency) ===
  mmcm_clkout0                                                                                                                                                                                                                                                                                                                                                                                                                     {0.000 1.666}          3.332           300.120         
  mmcm_clkout0_2                                                                                                                                                                                                                                                                                                                                                                                                                   {0.000 1.666}          3.332           300.120         
  mmcm_clkout0_3                                                                                                                                                                                                                                                                                                                                                                                                                   {0.000 1.666}          3.332           300.120         
  mmcm_clkout0_1                                                                                                                                                                                                                                                                                                                                                                                                                   {0.000 1.666}          3.332           300.120         
      pipe_clk                                                                                                                                                                                                                                                                                                                                                                                                                     {0.000 2.000}          4.000           250.000         
      xdma_0_axi_aclk                                                                                                                                                                                                                                                                                                                                                                                                              {0.000 2.000}          4.000           250.000         

=== Intra Clock Table (the same six) ===
  mmcm_clkout0                                                                                                                                                                                                                                                                                                                                                                                                                          -0.625    -1377.215                   5766               173234        0.010        0.000                      0               173234        0.500        0.000                       0                 58611  
  mmcm_clkout0_2                                                                                                                                                                                                                                                                                                                                                                                                                         0.007        0.000                      0               173236        0.010        0.000                      0               173236        0.500        0.000                       0                 58613  
  mmcm_clkout0_3                                                                                                                                                                                                                                                                                                                                                                                                                         0.005        0.000                      0               173208        0.010        0.000                      0               173208        0.500        0.000                       0                 58572  
  mmcm_clkout0_1                                                                                                                                                                                                                                                                                                                                                                                                                        -0.183      -46.651                    567               173327        0.010        0.000                      0               173327        0.500        0.000                       0                 58614  
      pipe_clk                                                                                                                                                                                                                                                                                                                                                                                                                           0.913        0.000                      0                 4764        0.010        0.000                      0                 4764        0.000        0.000                       0                  2246  
      xdma_0_axi_aclk                                                                                                                                                                                                                                                                                                                                                                                                                   -0.865    -5982.541                  27587               579193        0.010        0.000                      0               579193        1.300        0.000                       0                139608  
=== rc  : 0
=== end : 2026-09-28T21:25:03-06:00
