=== host: snoke  date: 2026-09-29T02:30:54-06:00
=== tree: 400f956
=== cmd : bash -c source /home/cah/r2d2/sc2data/tools/Vivado/2024.2/settings64.sh >/dev/null && cd /tmp/sr14_fpc_n1422 && exec vivado -mode batch -nolog -nojournal -source /home/cah/r2d2/code/fpga/fable5_llm/evidence/qwen9b/sr/sr14_fp_cover.tcl -tclargs /home/cah/r2d2/code/fpga/fable5_llm/synth/out_build_045_r2_incr/proj/stage1.runs/impl_1/bd_wrapper_postroute_physopt.dcp /tmp/sr14_fpc_n1422
=== env : FABLE5_MODEL=unset
=== venv: /home/cah/.venv/bin/python (shipped venv (no interpreter named in cmd)): 3.12.3 numpy 2.4.6

****** Vivado v2024.2 (64-bit)
  **** SW Build 5239630 on Fri Nov 08 22:34:34 MST 2024
  **** IP Build 5239520 on Sun Nov 10 16:12:51 MST 2024
  **** SharedData Build 5239561 on Fri Nov 08 14:39:27 MST 2024
  **** Start of session at: Tue Sep 29 02:30:57 2026
    ** Copyright 1986-2022 Xilinx, Inc. All Rights Reserved.
    ** Copyright 2022-2024 Advanced Micro Devices, Inc. All Rights Reserved.

source /home/cah/r2d2/code/fpga/fable5_llm/evidence/qwen9b/sr/sr14_fp_cover.tcl
# set dcp [lindex $argv 0]
# set od  [lindex $argv 1]
# set flt {NAME =~ */csr_static_xbank_reg* || NAME =~ */csr_static_rbank_reg*}
# set expc 8
# set expg 8
# if {[llength $argv] >= 5} {
#     set parts {}
#     foreach g [split [lindex $argv 2] ,] { lappend parts "NAME =~ $g" }
#     set flt [join $parts " || "]; set expc [lindex $argv 3]; set expg [lindex $argv 4]
# }
# puts "FPC_FILTER: {$flt} expected cells=$expc groups=$expg"
FPC_FILTER: {NAME =~ */csr_static_xbank_reg* || NAME =~ */csr_static_rbank_reg*} expected cells=8 groups=8
# file mkdir $od
# open_checkpoint $dcp
Command: open_checkpoint /home/cah/r2d2/code/fpga/fable5_llm/synth/out_build_045_r2_incr/proj/stage1.runs/impl_1/bd_wrapper_postroute_physopt.dcp

Starting open_checkpoint Task

Time (s): cpu = 00:00:00.07 ; elapsed = 00:00:00.07 . Memory (MB): peak = 1459.215 ; gain = 0.000 ; free physical = 70448 ; free virtual = 373126
INFO: [Device 21-403] Loading part xcvu9p-fsgd2104-2L-e
Netlist sorting complete. Time (s): cpu = 00:00:08 ; elapsed = 00:00:09 . Memory (MB): peak = 3881.055 ; gain = 0.000 ; free physical = 65519 ; free virtual = 368201
INFO: [Netlist 29-17] Analyzing 31386 Unisim elements for replacement
INFO: [Netlist 29-28] Unisim Transformation completed in 28 CPU seconds
INFO: [Project 1-479] Netlist was created with Vivado 2024.2
INFO: [Project 1-570] Preparing netlist for logic optimization
WARNING: [Constraints 18-550] Could not create 'DRIVE' constraint because net 'bd_i/ddr4_0/inst/u_ddr4_mem_intfc/u_mig_ddr4_phy/cal_RESET_n[0]' is not directly connected to top level port. 'DRIVE' is ignored for synthesis but preserved for implementation.
WARNING: [Constraints 18-550] Could not create 'SLEW' constraint because net 'bd_i/ddr4_0/inst/u_ddr4_mem_intfc/u_mig_ddr4_phy/cal_RESET_n[0]' is not directly connected to top level port. 'SLEW' is ignored for synthesis but preserved for implementation.
WARNING: [Constraints 18-550] Could not create 'IBUF_LOW_PWR' constraint because net 'bd_i/ddr4_0/inst/u_ddr4_mem_intfc/u_mig_ddr4_phy/sys_clk_in' is not directly connected to top level port. 'IBUF_LOW_PWR' is ignored for synthesis but preserved for implementation.
WARNING: [Constraints 18-550] Could not create 'DRIVE' constraint because net 'bd_i/ddr4_1/inst/u_ddr4_mem_intfc/u_mig_ddr4_phy/cal_RESET_n[0]' is not directly connected to top level port. 'DRIVE' is ignored for synthesis but preserved for implementation.
WARNING: [Constraints 18-550] Could not create 'SLEW' constraint because net 'bd_i/ddr4_1/inst/u_ddr4_mem_intfc/u_mig_ddr4_phy/cal_RESET_n[0]' is not directly connected to top level port. 'SLEW' is ignored for synthesis but preserved for implementation.
WARNING: [Constraints 18-550] Could not create 'IBUF_LOW_PWR' constraint because net 'bd_i/ddr4_1/inst/u_ddr4_mem_intfc/u_mig_ddr4_phy/sys_clk_in' is not directly connected to top level port. 'IBUF_LOW_PWR' is ignored for synthesis but preserved for implementation.
WARNING: [Constraints 18-550] Could not create 'DRIVE' constraint because net 'bd_i/ddr4_2/inst/u_ddr4_mem_intfc/u_mig_ddr4_phy/cal_RESET_n[0]' is not directly connected to top level port. 'DRIVE' is ignored for synthesis but preserved for implementation.
WARNING: [Constraints 18-550] Could not create 'SLEW' constraint because net 'bd_i/ddr4_2/inst/u_ddr4_mem_intfc/u_mig_ddr4_phy/cal_RESET_n[0]' is not directly connected to top level port. 'SLEW' is ignored for synthesis but preserved for implementation.
WARNING: [Constraints 18-550] Could not create 'IBUF_LOW_PWR' constraint because net 'bd_i/ddr4_2/inst/u_ddr4_mem_intfc/u_mig_ddr4_phy/sys_clk_in' is not directly connected to top level port. 'IBUF_LOW_PWR' is ignored for synthesis but preserved for implementation.
WARNING: [Constraints 18-550] Could not create 'DRIVE' constraint because net 'bd_i/ddr4_3/inst/u_ddr4_mem_intfc/u_mig_ddr4_phy/cal_RESET_n[0]' is not directly connected to top level port. 'DRIVE' is ignored for synthesis but preserved for implementation.
WARNING: [Constraints 18-550] Could not create 'SLEW' constraint because net 'bd_i/ddr4_3/inst/u_ddr4_mem_intfc/u_mig_ddr4_phy/cal_RESET_n[0]' is not directly connected to top level port. 'SLEW' is ignored for synthesis but preserved for implementation.
WARNING: [Constraints 18-550] Could not create 'IBUF_LOW_PWR' constraint because net 'bd_i/ddr4_3/inst/u_ddr4_mem_intfc/u_mig_ddr4_phy/sys_clk_in' is not directly connected to top level port. 'IBUF_LOW_PWR' is ignored for synthesis but preserved for implementation.
Read ShapeDB Complete: Time (s): cpu = 00:00:02 ; elapsed = 00:00:02 . Memory (MB): peak = 5547.727 ; gain = 121.125 ; free physical = 62330 ; free virtual = 365012
INFO: [Timing 38-478] Restoring timing data from binary archive.
INFO: [Timing 38-479] Binary timing data restore complete.
INFO: [Project 1-856] Restoring constraints from binary archive.
INFO: [Power 33-23] Power model is not available for xiphy_riu_or
INFO: [Power 33-23] Power model is not available for genVref.u_hpio_vref
INFO: [Project 1-853] Binary constraint restore complete.
INFO: [Designutils 20-5722] Start Reading Physical Databases.
Read Netlist Cache: Time (s): cpu = 00:00:01 ; elapsed = 00:00:01 . Memory (MB): peak = 9797.082 ; gain = 40.984 ; free physical = 54019 ; free virtual = 356702
Reading placer database...
Read Device Cache: Time (s): cpu = 00:00:00.04 ; elapsed = 00:00:00.04 . Memory (MB): peak = 9797.082 ; gain = 0.000 ; free physical = 54019 ; free virtual = 356702
Read PlaceDB: Time (s): cpu = 00:00:38 ; elapsed = 00:00:39 . Memory (MB): peak = 10401.230 ; gain = 604.148 ; free physical = 52610 ; free virtual = 355293
Read PulsedLatchDB: Time (s): cpu = 00:00:00 ; elapsed = 00:00:00 . Memory (MB): peak = 10401.230 ; gain = 0.000 ; free physical = 52610 ; free virtual = 355293
Read RouteStorage: Time (s): cpu = 00:00:20 ; elapsed = 00:00:21 . Memory (MB): peak = 10823.621 ; gain = 422.391 ; free physical = 52060 ; free virtual = 354743
Read Physdb Files: Time (s): cpu = 00:00:59 ; elapsed = 00:01:01 . Memory (MB): peak = 10823.621 ; gain = 1067.523 ; free physical = 52067 ; free virtual = 354749
Finished XDEF File Restore: Time (s): cpu = 00:04:58 ; elapsed = 00:05:01 . Memory (MB): peak = 11145.637 ; gain = 1389.539 ; free physical = 55920 ; free virtual = 358531
INFO: [Project 1-837] Checkpoint contains data reused from an Incremental Compile. Run report_incremental_reuse for further information about reused data.
INFO: [IP_Flow 19-234] Refreshing IP repositories
INFO: [IP_Flow 19-1704] No user IP repositories specified
INFO: [IP_Flow 19-2313] Loaded Vivado IP repository '/home/cah/r2d2/sc2data/tools/Vivado/2024.2/data/ip'.
Netlist sorting complete. Time (s): cpu = 00:00:00.1 ; elapsed = 00:00:00.1 . Memory (MB): peak = 11256.355 ; gain = 0.000 ; free physical = 55764 ; free virtual = 358375
INFO: [Project 1-111] Unisim Transformation Summary:
  A total of 8345 instances were transformed.
  DSP48E1 => DSP48E2 (DSP_ALU, DSP_A_B_DATA, DSP_C_DATA, DSP_MULTIPLIER, DSP_M_DATA, DSP_OUTPUT, DSP_PREADD, DSP_PREADD_DATA): 12 instances
  DSP48E2 => DSP48E2 (DSP_ALU, DSP_A_B_DATA, DSP_C_DATA, DSP_MULTIPLIER, DSP_M_DATA, DSP_OUTPUT, DSP_PREADD, DSP_PREADD_DATA): 1848 instances
  IBUF => IBUF (IBUFCTRL, INBUF): 1 instance 
  IBUFDS => IBUFDS (DIFFINBUF, IBUFCTRL): 4 instances
  IOBUFDS => IOBUFDS (DIFFINBUF, IBUFCTRL, INV, OBUFT(x2)): 32 instances
  IOBUFE3 => IOBUFE3 (IBUFCTRL, INBUF, OBUFT_DCIEN): 288 instances
  LUT6_2 => LUT6_2 (LUT5, LUT6): 124 instances
  OBUFDS => OBUFDS_DUAL_BUF (INV, OBUF(x2)): 4 instances
  RAM16X1D => RAM32X1D (RAMD32(x2)): 40 instances
  RAM256X1D => RAM256X1D (MUXF7(x4), MUXF8(x2), RAMD64E(x8)): 512 instances
  RAM256X1S => RAM256X1S (MUXF7(x2), MUXF8, RAMS64E(x4)): 9 instances
  RAM32M => RAM32M (RAMD32(x6), RAMS32(x2)): 866 instances
  RAM32M16 => RAM32M16 (RAMD32(x14), RAMS32(x2)): 1978 instances
  RAM32X1D => RAM32X1D (RAMD32(x2)): 80 instances
  RAM64M => RAM64M (RAMD64E(x4)): 16 instances
  RAM64M8 => RAM64M8 (RAMD64E(x8)): 2515 instances
  RAM64X1D => RAM64X1D (RAMD64E(x2)): 16 instances

INFO: [Project 1-604] Checkpoint was created with Vivado v2024.2 (64-bit) build 5239630
WARNING: [Vivado 12-23575] Critical violations of the methodology design rules detected. Critical violations may contribute to timing failures or cause functional issues in hardware. Run report_methodology for more information.
open_checkpoint: Time (s): cpu = 00:15:25 ; elapsed = 00:10:54 . Memory (MB): peak = 11256.355 ; gain = 9797.141 ; free physical = 55766 ; free virtual = 358377
# puts "FPC_CHECKPOINT: $dcp size=[file size $dcp] mtime=[clock format [file mtime $dcp] -format {%Y-%m-%dT%H:%M:%S}]"
FPC_CHECKPOINT: /home/cah/r2d2/code/fpga/fable5_llm/synth/out_build_045_r2_incr/proj/stage1.runs/impl_1/bd_wrapper_postroute_physopt.dcp size=288942161 mtime=2026-09-29T01:55:45
# set c [get_cells -quiet -hierarchical -filter $flt]
# puts "FPC_CELLS: [llength $c]"
FPC_CELLS: 8
# array set grp {}
# foreach x [lsort $c] {
#     set cp [get_pins -quiet $x/C]
#     set ck [get_clocks -quiet -of_objects $cp]
#     puts "FPC_CELL $x REF=[get_property REF_NAME $x] clock={$ck}"
#     set m ?; set k ?
#     regexp {mvchan_(\d+)} $x -> m
#     regexp {csr_static_([a-z0-9]+)_reg} $x -> k
#     set key "mvchan_$m $k"
#     if {![info exists grp($key)]} { set grp($key) 0 }
#     incr grp($key)
# }
FPC_CELL bd_i/mvchan_0/inst/u_chan/csr_static_rbank_reg REF=FDRE clock={xdma_0_axi_aclk}
FPC_CELL bd_i/mvchan_0/inst/u_chan/csr_static_xbank_reg REF=FDRE clock={xdma_0_axi_aclk}
FPC_CELL bd_i/mvchan_1/inst/u_chan/csr_static_rbank_reg REF=FDRE clock={xdma_0_axi_aclk}
FPC_CELL bd_i/mvchan_1/inst/u_chan/csr_static_xbank_reg REF=FDRE clock={xdma_0_axi_aclk}
FPC_CELL bd_i/mvchan_2/inst/u_chan/csr_static_rbank_reg REF=FDRE clock={xdma_0_axi_aclk}
FPC_CELL bd_i/mvchan_2/inst/u_chan/csr_static_xbank_reg REF=FDRE clock={xdma_0_axi_aclk}
FPC_CELL bd_i/mvchan_3/inst/u_chan/csr_static_rbank_reg REF=FDRE clock={xdma_0_axi_aclk}
FPC_CELL bd_i/mvchan_3/inst/u_chan/csr_static_xbank_reg REF=FDRE clock={xdma_0_axi_aclk}
# foreach key [lsort [array names grp]] { puts "FPC_GROUP $key cells=$grp($key)" }
FPC_GROUP mvchan_0 rbank cells=1
FPC_GROUP mvchan_0 xbank cells=1
FPC_GROUP mvchan_1 rbank cells=1
FPC_GROUP mvchan_1 xbank cells=1
FPC_GROUP mvchan_2 rbank cells=1
FPC_GROUP mvchan_2 xbank cells=1
FPC_GROUP mvchan_3 rbank cells=1
FPC_GROUP mvchan_3 xbank cells=1
# puts "FPC_GROUPS: [llength [array names grp]] (expected $expg)"
FPC_GROUPS: 8 (expected 8)
# if {[llength $c] == 0} { puts "FPC_VERDICT: NOT_COVERED (no register matches the filter)"; puts "FPC_DONE"; exit 0 }
# set statics [get_cells -quiet -hierarchical -filter {NAME =~ */csr_static_*_reg*}]
# set inset 0
# foreach x $c { if {[lsearch -exact $statics $x] >= 0} { incr inset } }
# puts "FPC_STATICS_ALL: [llength $statics]; new registers inside the constraint's -from set: $inset of [llength $c]"
FPC_STATICS_ALL: 364; new registers inside the constraint's -from set: 8 of 8
# set ui [get_clocks -quiet -filter {NAME =~ mmcm_clkout0*}]
# puts "FPC_UI_CLOCKS: $ui"
FPC_UI_CLOCKS: mmcm_clkout0 mmcm_clkout0_1 mmcm_clkout0_3 mmcm_clkout0_2
# foreach x [lsort $c] {
#     set eps [all_fanout -quiet -from [get_pins -quiet $x/Q] -endpoints_only -flat]
#     set eclk {}
#     foreach e $eps {
#         set ecell [get_cells -quiet -of_objects $e]
#         set ecp [get_pins -quiet -filter {IS_CLOCK} -of_objects $ecell]
#         foreach k [get_clocks -quiet -of_objects $ecp] { if {[lsearch -exact $eclk $k] < 0} { lappend eclk $k } }
#     }
#     puts "FPC_FANOUT $x endpoints=[llength $eps] endpoint_clocks={[lsort $eclk]}"
# }
FPC_FANOUT bd_i/mvchan_0/inst/u_chan/csr_static_rbank_reg endpoints=1 endpoint_clocks={mmcm_clkout0}
FPC_FANOUT bd_i/mvchan_0/inst/u_chan/csr_static_xbank_reg endpoints=47 endpoint_clocks={mmcm_clkout0}
FPC_FANOUT bd_i/mvchan_1/inst/u_chan/csr_static_rbank_reg endpoints=1 endpoint_clocks={mmcm_clkout0_2}
FPC_FANOUT bd_i/mvchan_1/inst/u_chan/csr_static_xbank_reg endpoints=47 endpoint_clocks={mmcm_clkout0_2}
FPC_FANOUT bd_i/mvchan_2/inst/u_chan/csr_static_rbank_reg endpoints=1 endpoint_clocks={mmcm_clkout0_3}
FPC_FANOUT bd_i/mvchan_2/inst/u_chan/csr_static_xbank_reg endpoints=47 endpoint_clocks={mmcm_clkout0_3}
FPC_FANOUT bd_i/mvchan_3/inst/u_chan/csr_static_rbank_reg endpoints=1 endpoint_clocks={mmcm_clkout0_1}
FPC_FANOUT bd_i/mvchan_3/inst/u_chan/csr_static_xbank_reg endpoints=47 endpoint_clocks={mmcm_clkout0_1}
# if {[catch {report_exceptions -from $c -file $od/fpc_report_exceptions_from.rpt} e]} {
#     puts "FPC_EXC_FROM_ERR: $e"
# } else {
#     set fh [open $od/fpc_report_exceptions_from.rpt r]; set t [read $fh]; close $fh
#     foreach l [split $t "\n"] { puts "FPC_EXC_FROM | $l" }
# }
INFO: [Timing 38-91] UpdateTimingParams: Speed grade: -2L, Temperature grade: E, Delay Type: min_max.
INFO: [Timing 38-191] Multithreading enabled for timing update using a maximum of 8 CPUs
INFO: [Timing 38-35] Done setting XDC timing constraints.
report_exceptions: Time (s): cpu = 00:13:18 ; elapsed = 00:02:57 . Memory (MB): peak = 12413.465 ; gain = 1157.109 ; free physical = 64559 ; free virtual = 367172
FPC_EXC_FROM | Copyright 1986-2022 Xilinx, Inc. All Rights Reserved. Copyright 2022-2024 Advanced Micro Devices, Inc. All Rights Reserved.
FPC_EXC_FROM | ---------------------------------------------------------------------------------------------------------------------------------------------------------------------------------------------------------------------
FPC_EXC_FROM | | Tool Version      : Vivado v.2024.2 (lin64) Build 5239630 Fri Nov 08 22:34:34 MST 2024
FPC_EXC_FROM | | Date              : Tue Sep 29 02:44:57 2026
FPC_EXC_FROM | | Host              : snoke running 64-bit Ubuntu 24.04.5 LTS
FPC_EXC_FROM | | Command           : report_exceptions -from [get_cells -quiet -hierarchical -filter {NAME =~ */csr_static_xbank_reg* || NAME =~ */csr_static_rbank_reg*}] -file /tmp/sr14_fpc_n1422/fpc_report_exceptions_from.rpt
FPC_EXC_FROM | | Design            : bd_wrapper
FPC_EXC_FROM | | Device            : xcvu9p-fsgd2104
FPC_EXC_FROM | | Speed File        : -2L  PRODUCTION 1.28 03-30-2022
FPC_EXC_FROM | | Design State      : Physopt postRoute
FPC_EXC_FROM | | Temperature Grade : E
FPC_EXC_FROM | ---------------------------------------------------------------------------------------------------------------------------------------------------------------------------------------------------------------------
FPC_EXC_FROM | 
FPC_EXC_FROM | Exceptions Report
FPC_EXC_FROM | 
FPC_EXC_FROM | Position  From                                                             Through         To                                            Setup           Hold            Status           
FPC_EXC_FROM | --------  ---------------------------------------------------------------  --------------  --------------------------------------------  --------------  --------------  -----------------
FPC_EXC_FROM | 262       [get_cells -hierarchical -filter {NAME =~ */csr_static_*_reg*}]  *               [get_clocks -filter {NAME =~ mmcm_clkout0*}]  false           false           
FPC_EXC_FROM | 
FPC_EXC_FROM | 
# if {[catch {report_exceptions -from $c -to $ui -file $od/fpc_report_exceptions_from_to_ui.rpt} e]} {
#     puts "FPC_EXC_FROM_TO_UI_ERR: $e"
# } else {
#     set fh [open $od/fpc_report_exceptions_from_to_ui.rpt r]; set t [read $fh]; close $fh
#     foreach l [split $t "\n"] { puts "FPC_EXC_TO_UI | $l" }
# }
INFO: [Timing 38-91] UpdateTimingParams: Speed grade: -2L, Temperature grade: E, Delay Type: min_max.
INFO: [Timing 38-191] Multithreading enabled for timing update using a maximum of 8 CPUs
report_exceptions: Time (s): cpu = 00:02:06 ; elapsed = 00:00:34 . Memory (MB): peak = 12413.465 ; gain = 0.000 ; free physical = 64597 ; free virtual = 367210
FPC_EXC_TO_UI | Copyright 1986-2022 Xilinx, Inc. All Rights Reserved. Copyright 2022-2024 Advanced Micro Devices, Inc. All Rights Reserved.
FPC_EXC_TO_UI | -----------------------------------------------------------------------------------------------------------------------------------------------------------------------------------------------------------------------------------------------------------------------------------
FPC_EXC_TO_UI | | Tool Version      : Vivado v.2024.2 (lin64) Build 5239630 Fri Nov 08 22:34:34 MST 2024
FPC_EXC_TO_UI | | Date              : Tue Sep 29 02:45:31 2026
FPC_EXC_TO_UI | | Host              : snoke running 64-bit Ubuntu 24.04.5 LTS
FPC_EXC_TO_UI | | Command           : report_exceptions -from [get_cells -quiet -hierarchical -filter {NAME =~ */csr_static_xbank_reg* || NAME =~ */csr_static_rbank_reg*}] -to [get_clocks -quiet -filter {NAME =~ mmcm_clkout0*}] -file /tmp/sr14_fpc_n1422/fpc_report_exceptions_from_to_ui.rpt
FPC_EXC_TO_UI | | Design            : bd_wrapper
FPC_EXC_TO_UI | | Device            : xcvu9p-fsgd2104
FPC_EXC_TO_UI | | Speed File        : -2L  PRODUCTION 1.28 03-30-2022
FPC_EXC_TO_UI | | Design State      : Physopt postRoute
FPC_EXC_TO_UI | | Temperature Grade : E
FPC_EXC_TO_UI | -----------------------------------------------------------------------------------------------------------------------------------------------------------------------------------------------------------------------------------------------------------------------------------
FPC_EXC_TO_UI | 
FPC_EXC_TO_UI | Exceptions Report
FPC_EXC_TO_UI | 
FPC_EXC_TO_UI | Position  From                                                             Through         To                                            Setup           Hold            Status           
FPC_EXC_TO_UI | --------  ---------------------------------------------------------------  --------------  --------------------------------------------  --------------  --------------  -----------------
FPC_EXC_TO_UI | 262       [get_cells -hierarchical -filter {NAME =~ */csr_static_*_reg*}]  *               [get_clocks -filter {NAME =~ mmcm_clkout0*}]  false           false           
FPC_EXC_TO_UI | 
FPC_EXC_TO_UI | 
# set ntot 0
# set nfalse 0
# set bad 0
# set nexempty 0
# foreach dly {setup hold} {
#     set tp [get_timing_paths -quiet -from $c -to $ui -$dly -max_paths 1000 -nworst 1]
#     foreach p $tp {
#         incr ntot
#         set s [get_property SLACK $p]; set ex [get_property -quiet EXCEPTION $p]
#         if {$ex eq ""} { incr nexempty }
#         if {($s eq "" || $s eq "inf") && ($ex eq "" || [string match -nocase "*false*" $ex])} { incr nfalse } else {
#             incr bad
#             puts "FPC_TIMED $dly [get_property STARTPOINT_PIN $p] -> [get_property ENDPOINT_PIN $p] slack=$s exception={$ex}"
#         }
#     }
# }
# puts "FPC_UI_PATHS: total=$ntot false_path_inf=$nfalse timed=$bad (expected total > 0, timed 0); paths with no EXCEPTION property: $nexempty"
FPC_UI_PATHS: total=384 false_path_inf=384 timed=0 (expected total > 0, timed 0); paths with no EXCEPTION property: 0
# report_timing -from $c -to $ui -max_paths 10 -file $od/fpc_report_timing_to_ui.rpt
INFO: [Timing 38-78] ReportTimingParams: -from_pins  -to_pins  -max_paths 10 -nworst 1 -delay_type max -sort_by slack.
WARNING: [Timing 38-164] This design has multiple clocks. Inter clock paths are considered valid unless explicitly excluded by timing constraints such as set_clock_groups or set_false_path.
# set fh [open $od/fpc_report_timing_to_ui.rpt r]
# set t [read $fh]
# close $fh
# foreach l [split $t "\n"] { if {[regexp {No timing paths|Slack|Source:|Destination:|Timing Exception|Path Group|Requirement} $l]} { puts "FPC_RT | $l" } }
FPC_RT | Slack:                    inf
FPC_RT |   Source:                 bd_i/mvchan_2/inst/u_chan/csr_static_xbank_reg/C
FPC_RT |   Destination:            bd_i/mvchan_2/inst/u_chan/u_engine/x_line_reg[4]_rep/D
FPC_RT |   Path Group:             (none)
FPC_RT |   Timing Exception:       False Path
FPC_RT | Slack:                    inf
FPC_RT |   Source:                 bd_i/mvchan_2/inst/u_chan/csr_static_xbank_reg/C
FPC_RT |   Destination:            bd_i/mvchan_2/inst/u_chan/u_engine/x_line_reg[4]_rep__0/D
FPC_RT |   Path Group:             (none)
FPC_RT |   Timing Exception:       False Path
FPC_RT | Slack:                    inf
FPC_RT |   Source:                 bd_i/mvchan_2/inst/u_chan/csr_static_xbank_reg/C
FPC_RT |   Destination:            bd_i/mvchan_2/inst/u_chan/u_engine/x_line_reg[4]_rep__6/D
FPC_RT |   Path Group:             (none)
FPC_RT |   Timing Exception:       False Path
FPC_RT | Slack:                    inf
FPC_RT |   Source:                 bd_i/mvchan_2/inst/u_chan/csr_static_xbank_reg/C
FPC_RT |   Destination:            bd_i/mvchan_2/inst/u_chan/u_engine/x_line_reg[4]_rep__12/D
FPC_RT |   Path Group:             (none)
FPC_RT |   Timing Exception:       False Path
FPC_RT | Slack:                    inf
FPC_RT |   Source:                 bd_i/mvchan_2/inst/u_chan/csr_static_xbank_reg/C
FPC_RT |   Destination:            bd_i/mvchan_2/inst/u_chan/u_engine/x_line_reg[4]_rep__17/D
FPC_RT |   Path Group:             (none)
FPC_RT |   Timing Exception:       False Path
FPC_RT | Slack:                    inf
FPC_RT |   Source:                 bd_i/mvchan_2/inst/u_chan/csr_static_xbank_reg/C
FPC_RT |   Destination:            bd_i/mvchan_2/inst/u_chan/u_engine/x_line_reg[5]_rep__5/D
FPC_RT |   Path Group:             (none)
FPC_RT |   Timing Exception:       False Path
FPC_RT | Slack:                    inf
FPC_RT |   Source:                 bd_i/mvchan_2/inst/u_chan/csr_static_xbank_reg/C
FPC_RT |   Destination:            bd_i/mvchan_2/inst/u_chan/u_engine/x_line_reg[5]_rep__0/D
FPC_RT |   Path Group:             (none)
FPC_RT |   Timing Exception:       False Path
FPC_RT | Slack:                    inf
FPC_RT |   Source:                 bd_i/mvchan_2/inst/u_chan/csr_static_xbank_reg/C
FPC_RT |   Destination:            bd_i/mvchan_2/inst/u_chan/u_engine/x_line_reg[5]/D
FPC_RT |   Path Group:             (none)
FPC_RT |   Timing Exception:       False Path
FPC_RT | Slack:                    inf
FPC_RT |   Source:                 bd_i/mvchan_2/inst/u_chan/csr_static_xbank_reg/C
FPC_RT |   Destination:            bd_i/mvchan_2/inst/u_chan/u_engine/x_line_reg[4]_rep__16/D
FPC_RT |   Path Group:             (none)
FPC_RT |   Timing Exception:       False Path
FPC_RT | Slack:                    inf
FPC_RT |   Source:                 bd_i/mvchan_2/inst/u_chan/csr_static_xbank_reg/C
FPC_RT |   Destination:            bd_i/mvchan_2/inst/u_chan/u_engine/x_line_reg[4]_rep__3/D
FPC_RT |   Path Group:             (none)
FPC_RT |   Timing Exception:       False Path
# foreach x [lsort $c] {
#     set tp [get_timing_paths -quiet -from $x -to $ui -setup -max_paths 1 -nworst 1]
#     foreach p $tp {
#         puts "FPC_PATH $x -> [get_property ENDPOINT_PIN $p] slack=[get_property SLACK $p] exception={[get_property -quiet EXCEPTION $p]}"
#     }
#     if {[llength $tp] == 0} { puts "FPC_PATH $x -> (no path to a UI clock)" }
# }
FPC_PATH bd_i/mvchan_0/inst/u_chan/csr_static_rbank_reg -> bd_i/mvchan_0/inst/u_chan/u_engine/row_in_reg[11]/D slack= exception={False Path}
FPC_PATH bd_i/mvchan_0/inst/u_chan/csr_static_xbank_reg -> bd_i/mvchan_0/inst/u_chan/u_engine/x_line_reg[4]_rep__2/D slack= exception={False Path}
FPC_PATH bd_i/mvchan_1/inst/u_chan/csr_static_rbank_reg -> bd_i/mvchan_1/inst/u_chan/u_engine/row_in_reg[11]/D slack= exception={False Path}
FPC_PATH bd_i/mvchan_1/inst/u_chan/csr_static_xbank_reg -> bd_i/mvchan_1/inst/u_chan/u_engine/x_line_reg[4]_rep__2/D slack= exception={False Path}
FPC_PATH bd_i/mvchan_2/inst/u_chan/csr_static_rbank_reg -> bd_i/mvchan_2/inst/u_chan/u_engine/row_in_reg[11]/D slack= exception={False Path}
FPC_PATH bd_i/mvchan_2/inst/u_chan/csr_static_xbank_reg -> bd_i/mvchan_2/inst/u_chan/u_engine/x_line_reg[4]_rep/D slack= exception={False Path}
FPC_PATH bd_i/mvchan_3/inst/u_chan/csr_static_rbank_reg -> bd_i/mvchan_3/inst/u_chan/u_engine/row_in_reg[11]/D slack= exception={False Path}
FPC_PATH bd_i/mvchan_3/inst/u_chan/csr_static_xbank_reg -> bd_i/mvchan_3/inst/u_chan/u_engine/x_line_reg[5]_rep__19/D slack= exception={False Path}
# puts "FPC_TIMED_UI_PATHS_NOT_FALSE: $bad"
FPC_TIMED_UI_PATHS_NOT_FALSE: 0
# if {[llength $c] == $expc && [llength [array names grp]] == $expg && $inset == $expc && $ntot > 0 && $bad == 0} {
#     puts "FPC_VERDICT: COVERED"
# } else {
#     puts "FPC_VERDICT: NOT_COVERED"
# }
FPC_VERDICT: COVERED
# foreach pat {*u_engine/x_line_reg*/D *u_engine/row_in_reg*/D *u_engine/g_q_reg*/D *u_engine/g_cnt_reg*/D} {
#     set ps [get_pins -quiet -hier -filter "NAME =~ $pat"]
#     if {[llength $ps] == 0} { puts "FPC_CONE $pat: no pins"; continue }
#     set tp [get_timing_paths -quiet -to $ps -setup -max_paths 1000 -nworst 1]
#     array unset w; array set w {}
#     foreach p $tp {
#         set ep [get_property ENDPOINT_PIN $p]; set s [get_property SLACK $p]
#         if {[regexp {mvchan_(\d+)} $ep -> m]} { if {![info exists w($m)] || $s < $w($m)} { set w($m) $s } }
#     }
#     set row ""
#     foreach m [lsort [array names w]] { append row " mvchan_$m=$w($m)" }
#     puts "FPC_CONE $pat pins=[llength $ps] worst_setup:$row"
# }
FPC_CONE *u_engine/x_line_reg*/D pins=556 worst_setup: mvchan_0=0.542 mvchan_1=0.255 mvchan_2=0.555 mvchan_3=0.348
FPC_CONE *u_engine/row_in_reg*/D pins=64 worst_setup: mvchan_0=0.943 mvchan_1=0.592 mvchan_2=0.685 mvchan_3=0.783
FPC_CONE *u_engine/g_q_reg*/D pins=28 worst_setup: mvchan_0=1.934 mvchan_1=2.344 mvchan_2=1.405 mvchan_3=1.793
FPC_CONE *u_engine/g_cnt_reg*/D pins=28 worst_setup: mvchan_0=2.504 mvchan_1=2.058 mvchan_2=1.357 mvchan_3=2.096
# foreach pat {*seq_0/*/D *seq_0*u_seq/*/D} {
#     set ps [get_pins -quiet -hier -filter "NAME =~ $pat"]
#     set ts [get_timing_paths -quiet -to $ps -setup -max_paths 1 -nworst 1]
#     set th [get_timing_paths -quiet -to $ps -hold  -max_paths 1 -nworst 1]
#     set ss [expr {[llength $ts] ? [get_property SLACK [lindex $ts 0]] : "none"}]
#     set hs [expr {[llength $th] ? [get_property SLACK [lindex $th 0]] : "none"}]
#     puts "FPC_SEQ0 $pat pins=[llength $ps] worst_setup=$ss worst_hold=$hs"
#     if {[llength $ts]} { puts "FPC_SEQ0   from [get_property STARTPOINT_PIN [lindex $ts 0]] to [get_property ENDPOINT_PIN [lindex $ts 0]]" }
# }
FPC_SEQ0 *seq_0/*/D pins=3048 worst_setup=0.247 worst_hold=0.01
FPC_SEQ0   from bd_i/seq_0/inst/u_seq/rec_reg[37]/C to bd_i/seq_0/inst/u_seq/xrf_ovf_reg/D
FPC_SEQ0 *seq_0*u_seq/*/D pins=3046 worst_setup=0.247 worst_hold=0.01
FPC_SEQ0   from bd_i/seq_0/inst/u_seq/rec_reg[37]/C to bd_i/seq_0/inst/u_seq/xrf_ovf_reg/D
# puts "FPC_DONE"
FPC_DONE
INFO: [Common 17-206] Exiting Vivado at Tue Sep 29 02:47:05 2026...
=== rc  : 0
=== end : 2026-09-29T02:47:19-06:00
