=== host: snoke  date: 2026-09-29T05:24:58-06:00
=== tree: 27f9663
=== cmd : bash -c /home/cah/.venv/bin/python evidence/qwen9b/sr/sr8_ident.py --expect 266e3ae7 --want-caps R1,R2; r1=$?; echo "sr8_ident rc $r1"; echo "--- cross-check: bm1_ident.py --want-version 266e3ae7 --want-caps R1,R2 (the addendum tool)"; /home/cah/.venv/bin/python evidence/qwen9b/bm/bm1_ident.py --want-version 266e3ae7 --want-caps R1,R2; r2=$?; echo "bm1_ident rc $r2"; [ $r1 = 0 ] && [ $r2 = 0 ]
=== env : FABLE5_MODEL=unset
=== venv: /home/cah/.venv/bin/python (shipped venv (no interpreter named in cmd)): 3.12.3 numpy 2.4.6
--- expect VERSION 0x266e3ae7, caps {R1,R2}
  MAGIC        0xfab1e001  want 0xfab1e001  OK
  VERSION      0x266e3ae7  want 0x266e3ae7  OK
  CALIB        0x0000000f  want 0x0000000f  OK
  LAYER_IDENT  0xfab1e5a0  want 0xfab1e5a0  OK
  SEQ_IDENT    0xfab1e5e0  want 0xfab1e5e0  OK
  TOPK_IDENT   0xfab1704b  want 0xfab1704b  OK
  BM_IDENT     0xfab1b301  want 0xfab1b301  OK
  SEQ_CAPS     0xfab1ca03  decoded {R1,R2}  want {R1,R2}  OK
  CAPS_WORD    0xfab1ca03  want 0xfab1ca03  OK
IDENT: PASS
sr8_ident rc 0
--- cross-check: bm1_ident.py --want-version 266e3ae7 --want-caps R1,R2 (the addendum tool)
  MAGIC        0xfab1e001  want 0xfab1e001  OK
  VERSION      0x266e3ae7  want 0x266e3ae7  OK
  CALIB        0x0000000f  want 0x0000000f  OK
  LAYER_IDENT  0xfab1e5a0  want 0xfab1e5a0  OK
  SEQ_IDENT    0xfab1e5e0  want 0xfab1e5e0  OK
  TOPK_IDENT   0xfab1704b  want 0xfab1704b  OK
  BM_IDENT     0xfab1b301  want 0xfab1b301  OK
  SEQ_CAPS     0xfab1ca03  decoded {R1,R2}  want {R1,R2}  OK
IDENT: PASS
bm1_ident rc 0
=== rc  : 0
=== end : 2026-09-29T05:24:58-06:00
