=== host: snoke  date: 2026-09-29T06:28:09-06:00
=== tree: 0a17178
=== cmd : bash evidence/qwen9b/sr/sr15_spec_cites_baseline.sh evidence/qwen9b/sr/SR15_R2_BOARD.md NEXT_SESSION.md docs/NVFP4_STUDY.md docs/superpowers/specs/2026-09-24-board-idle-counters-design.md evidence/qwen9b/g3/G3_3_MATVEC.md evidence/qwen9b/sr/SR2_ISA.md evidence/qwen9b/sr/SR6_HOST.md
=== env : FABLE5_MODEL=unset
=== venv: /home/cah/.venv/bin/python (shipped venv (no interpreter named in cmd)): 3.12.3 numpy 2.4.6
files     7
FAIL keys (line-free) base 0  work 21
--- per document, base / work
  2026-09-24-board-idle-counters-design.md                      0   20
  G3_3_MATVEC.md                                                0    1
--- REPAIRED (in base, not in work)
--- INTRODUCED (in work, not in base)
  2026-09-24-board-idle-counters-design.md EXIST  001_build_bm1.log does not exist
  2026-09-24-board-idle-counters-design.md EXIST  003_g1_timeline_model_9b_s1.log does not exist
  2026-09-24-board-idle-counters-design.md EXIST  008_g1_compare.log does not exist
  2026-09-24-board-idle-counters-design.md EXIST  010_build_042_bm1.log does not exist
  2026-09-24-board-idle-counters-design.md EXIST  011_spread_ckr2.log does not exist
  2026-09-24-board-idle-counters-design.md EXIST  012_final_verify.log does not exist
  2026-09-24-board-idle-counters-design.md EXIST  013_clockroot_check.log does not exist
  2026-09-24-board-idle-counters-design.md EXIST  014_slrcensus.log does not exist
  2026-09-24-board-idle-counters-design.md EXIST  015_bm1_paths.rpt does not exist
  2026-09-24-board-idle-counters-design.md EXIST  021_program_bm1.log does not exist
  2026-09-24-board-idle-counters-design.md EXIST  022_identity_bm1.log does not exist
  2026-09-24-board-idle-counters-design.md EXIST  032_program_shipped.log does not exist
  2026-09-24-board-idle-counters-design.md EXIST  033_identity_shipped.log does not exist
  2026-09-24-board-idle-counters-design.md EXIST  034_restore_chat.log does not exist
  2026-09-24-board-idle-counters-design.md EXIST  040_bm1_board_analysis.log does not exist
  2026-09-24-board-idle-counters-design.md EXIST  evidence/qwen9b/bm/bm1_tb_gate.py does not exist
  2026-09-24-board-idle-counters-design.md QUOTE  "0x1000·(c+1)" — not found in any cited file (cited: rtl/matvec_chan.sv:N, rtl/matvec_chan.sv:N)
  2026-09-24-board-idle-counters-design.md QUOTE  "B & (ist == I_MOVER)" — not found in any cited file (cited: evidence/qwen9b/bn/003_timeline_model_9b_s1.log:N)
  2026-09-24-board-idle-counters-design.md QUOTE  "cdc_sync_stat[0]" — present in rtl/matvec_chan.sv but NOT within 6 lines of the cited line (cited: rtl/matvec_chan.sv:N)
  2026-09-24-board-idle-counters-design.md QUOTE  "mv_busy_bm[c]" — not found in any cited file (cited: rtl/matvec_chan.sv:N)
  G3_3_MATVEC.md QUOTE  "W8 CSR-decode range checks" — present in docs/HISTORY.md but NOT within 6 lines of the cited line (cited: docs/HISTORY.md:N, docs/HISTORY.md:N)
SR15_SPEC_CITES_BASELINE: FAIL (introduced)
=== rc  : 1
=== end : 2026-09-29T06:28:27-06:00
