=== host: snoke  date: 2026-09-29T06:41:15-06:00
=== tree: 70a81c8
=== cmd : bash evidence/qwen9b/sr/sr16_round_clock.sh
=== env : FABLE5_MODEL=unset
=== venv: /home/cah/.venv/bin/python (shipped venv (no interpreter named in cmd)): 3.12.3 numpy 2.4.6
--- per task scope: first -> last commit (author date, local), count
  SR0         2026-09-27 11:48 -> 2026-09-27 12:04    4 commits
  SR1         2026-09-27 16:20 -> 2026-09-27 21:40   12 commits
  SR-PLAN     2026-09-27 16:29 -> 2026-09-27 16:29    1 commits
  SR2         2026-09-27 17:01 -> 2026-09-27 17:08    5 commits
  SR2b        2026-09-27 17:18 -> 2026-09-27 17:23    4 commits
  SR3         2026-09-27 17:44 -> 2026-09-27 18:06    4 commits
  SR3c        2026-09-27 18:18 -> 2026-09-27 18:29    4 commits
  SR4         2026-09-27 18:38 -> 2026-09-27 19:21   10 commits
  SR5a        2026-09-27 19:19 -> 2026-09-27 21:55    7 commits
  SR6         2026-09-27 19:32 -> 2026-09-27 20:01   21 commits
  SR-ISABITS  2026-09-27 21:59 -> 2026-09-27 22:00    6 commits
  SR5b        2026-09-27 22:07 -> 2026-09-28 06:09    7 commits
  SR10        2026-09-27 22:10 -> 2026-09-27 23:00    5 commits
  SR11a       2026-09-28 06:24 -> 2026-09-28 06:48    8 commits
  SR7         2026-09-28 07:19 -> 2026-09-28 10:49   10 commits
  SR12        2026-09-28 08:03 -> 2026-09-28 08:03    1 commits
  SR11b       2026-09-28 11:28 -> 2026-09-28 12:08   17 commits
  SR13b       2026-09-28 12:08 -> 2026-09-28 12:22   10 commits
  SR13a       2026-09-28 12:18 -> 2026-09-28 17:24   16 commits
  SR11c       2026-09-28 12:48 -> 2026-09-28 13:33   17 commits
  SR14        2026-09-28 17:37 -> 2026-09-29 03:23   18 commits
  SR8         2026-09-29 03:46 -> 2026-09-29 04:56   18 commits
  SR15        2026-09-29 05:10 -> 2026-09-29 06:29   18 commits
  SR16        2026-09-29 06:39 -> 2026-09-29 06:41    2 commits
--- the round's bounding commits
  first SR0 commit: ad7b62b 2026-09-27 11:48 tool(SR0): sr0_clock_sens.py — OV1's model re-run with aclk / MIG-UI windows scaled, for the RTL-round spec's clo
  HEAD: 70a81c8 2026-09-29 06:41 tools(SR16): sr16_round_clock.sh — the round's wall clock from commit stamps; committed before use
SR16_ROUND_CLOCK: DONE
=== rc  : 0
=== end : 2026-09-29T06:41:15-06:00
