=== host: snoke  date: 2026-09-29T07:37:03-06:00
=== tree: 092c2de+dirty
=== dirty:  M evidence/qwen9b/sr/SR2_ISA.md
=== cmd : bash evidence/qwen9b/sr/sr17_drift.sh docs/USAGE.md 092c2de --fix
=== env : FABLE5_MODEL=unset
=== venv: /home/cah/.venv/bin/python (shipped venv (no interpreter named in cmd)): 3.12.3 numpy 2.4.6
o3 citation-drift gate  [fix]
  code base  ac302a1
  doc base   092c2de
  files      1 edited files
  citations  30 distinct (file, line) pairs
  unmoved    8
  half-ranges 0 (one endpoint unresolved — NEVER rewritten)
  EXCLUDED   evidence/qwen9b/sr/sr6_hand_repairs.py (written in post-fix coordinates)
  EXCLUDED   evidence/qwen9b/sr/sr6fix1_hand_repairs.py (written in post-fix coordinates)
  fixed      docs/superpowers/plans/2026-08-12-qwen2b-track-r.md
  fixed      docs/superpowers/plans/2026-08-16-qwen2b-v5-w8.md
  fixed      evidence/qwen9b/o3/BOARD_LOCK.md
  fixed      ref/scripts/regen_gate.sh
  FIXED      22 citation(s) in 4 document(s)
O3_CITE_DRIFT FIX APPLIED — now run --verify
=== rc  : 0
=== end : 2026-09-29T07:37:09-06:00
