=== host: snoke  date: 2026-09-29T08:15:45-06:00
=== tree: 1692cdc
=== cmd : /home/cah/.venv/bin/python evidence/qwen9b/sr/sr17ff_bm_rows_red.py
=== env : FABLE5_MODEL=unset
=== venv: /home/cah/.venv/bin/python (named in cmd): 3.12.3 numpy 2.4.6
usage: sr17ff_bm_rows_red.py [-h] [--prefix PREFIX] [--base BASE] [--dev DEV]
                             [--chan CHAN] [--four-chan] [--dry-run]
                             [--skip-weights] [--no-verify] [--zero-scratch]
                             [--no-xrf-init] [--entry ENTRY]
                             [--timeout TIMEOUT] [--chip CHIP] [--no-chip]
                             [--dump-scratch DUMP_SCRATCH] [--out OUT]
                             [--selftest] [--expect-version HASH]
                             [--caps R1[,R2..]] [--shape-isa {1,2}]
                             [--lock LOCK] [--no-lock]
sr17ff_bm_rows_red.py: error: argument --expect-version: expect-version 0x9b588e79 is not a known sequencer bitstream (known: 0x266e3ae7 build_045_r2_incr (R2 XWIN/RES banks + R1 + BM1 counters; admitted only when named), 0x54443b9f build_035_fp2a_exc_po (frozen 2B W8, isa=1 SHAPE; admitted only when named), 0x9b588e78 build_042_bm1 (BM1 idle counters; admitted only when named), 0xc973c18a build_041_ckr2_AltSpreadLogic_high (shipped 9B; default), 0xe3c2ff1e build_044_r1_incr (R1 FENCE mask + BM1 counters; admitted only when named)) -- add its row to sw/seq_run.SEQ_VERSIONS, do not guess
usage: sr17ff_bm_rows_red.py [-h] [--prefix PREFIX] [--base BASE] [--dev DEV]
                             [--chan CHAN] [--four-chan] [--dry-run]
                             [--skip-weights] [--no-verify] [--zero-scratch]
                             [--no-xrf-init] [--entry ENTRY]
                             [--timeout TIMEOUT] [--chip CHIP] [--no-chip]
                             [--dump-scratch DUMP_SCRATCH] [--out OUT]
                             [--selftest] [--expect-version HASH]
                             [--caps R1[,R2..]] [--shape-isa {1,2}]
                             [--lock LOCK] [--no-lock]
sr17ff_bm_rows_red.py: error: argument --expect-version: expect-version 0x9b588e79 is not a known sequencer bitstream (known: 0x266e3ae7 build_045_r2_incr (R2 XWIN/RES banks + R1 + BM1 counters; admitted only when named), 0x54443b9f build_035_fp2a_exc_po (frozen 2B W8, isa=1 SHAPE; admitted only when named), 0x9b588e78 build_042_bm1 (BM1 idle counters; admitted only when named), 0xc973c18a build_041_ckr2_AltSpreadLogic_high (shipped 9B; default), 0xe3c2ff1e build_044_r1_incr (R1 FENCE mask + BM1 counters; admitted only when named)) -- add its row to sw/seq_run.SEQ_VERSIONS, do not guess
usage: sr17ff_bm_rows_red.py [-h] [--prefix PREFIX] [--base BASE] [--dev DEV]
                             [--chan CHAN] [--four-chan] [--dry-run]
                             [--skip-weights] [--no-verify] [--zero-scratch]
                             [--no-xrf-init] [--entry ENTRY]
                             [--timeout TIMEOUT] [--chip CHIP] [--no-chip]
                             [--dump-scratch DUMP_SCRATCH] [--out OUT]
                             [--selftest] [--expect-version HASH]
                             [--caps R1[,R2..]] [--shape-isa {1,2}]
                             [--lock LOCK] [--no-lock]
sr17ff_bm_rows_red.py: error: argument --expect-version: expect-version 0x9b588e79 is not a known sequencer bitstream (known: 0x266e3ae7 build_045_r2_incr (R2 XWIN/RES banks + R1 + BM1 counters; admitted only when named), 0x54443b9f build_035_fp2a_exc_po (frozen 2B W8, isa=1 SHAPE; admitted only when named), 0x9b588e78 build_042_bm1 (BM1 idle counters; admitted only when named), 0xc973c18a build_041_ckr2_AltSpreadLogic_high (shipped 9B; default), 0xe3c2ff1e build_044_r1_incr (R1 FENCE mask + BM1 counters; admitted only when named)) -- add its row to sw/seq_run.SEQ_VERSIONS, do not guess
usage: sr17ff_bm_rows_red.py [-h] [--prefix PREFIX] [--base BASE] [--dev DEV]
                             [--chan CHAN] [--four-chan] [--dry-run]
                             [--skip-weights] [--no-verify] [--zero-scratch]
                             [--no-xrf-init] [--entry ENTRY]
                             [--timeout TIMEOUT] [--chip CHIP] [--no-chip]
                             [--dump-scratch DUMP_SCRATCH] [--out OUT]
                             [--selftest] [--expect-version HASH]
                             [--caps R1[,R2..]] [--shape-isa {1,2}]
                             [--lock LOCK] [--no-lock]
sr17ff_bm_rows_red.py: error: argument --expect-version: expect-version 0x9b588e79 is not a known sequencer bitstream (known: 0x266e3ae7 build_045_r2_incr (R2 XWIN/RES banks + R1 + BM1 counters; admitted only when named), 0x54443b9f build_035_fp2a_exc_po (frozen 2B W8, isa=1 SHAPE; admitted only when named), 0x9b588e78 build_042_bm1 (BM1 idle counters; admitted only when named), 0xc973c18a build_041_ckr2_AltSpreadLogic_high (shipped 9B; default), 0xe3c2ff1e build_044_r1_incr (R1 FENCE mask + BM1 counters; admitted only when named)) -- add its row to sw/seq_run.SEQ_VERSIONS, do not guess
usage: sr17ff_bm_rows_red.py [-h] [--prefix PREFIX] [--base BASE] [--dev DEV]
                             [--chan CHAN] [--four-chan] [--dry-run]
                             [--skip-weights] [--no-verify] [--zero-scratch]
                             [--no-xrf-init] [--entry ENTRY]
                             [--timeout TIMEOUT] [--chip CHIP] [--no-chip]
                             [--dump-scratch DUMP_SCRATCH] [--out OUT]
                             [--selftest] [--expect-version HASH]
                             [--caps R1[,R2..]] [--shape-isa {1,2}]
                             [--lock LOCK] [--no-lock]
sr17ff_bm_rows_red.py: error: argument --expect-version: expect-version 0x9b588e79 is not a known sequencer bitstream (known: 0x266e3ae7 build_045_r2_incr (R2 XWIN/RES banks + R1 + BM1 counters; admitted only when named), 0x54443b9f build_035_fp2a_exc_po (frozen 2B W8, isa=1 SHAPE; admitted only when named), 0x9b588e78 build_042_bm1 (BM1 idle counters; admitted only when named), 0xc973c18a build_041_ckr2_AltSpreadLogic_high (shipped 9B; default), 0xe3c2ff1e build_044_r1_incr (R1 FENCE mask + BM1 counters; admitted only when named)) -- add its row to sw/seq_run.SEQ_VERSIONS, do not guess
--- board: MAGIC=0xfab1e001 VERSION=0xc973c18a CALIB=0xf  SEQ=REFUSED
  SEQ CSRs untouched: scripted: VERSION mismatch
--- board: MAGIC=0xfab1e001 VERSION=0xc973c18a CALIB=0xf  SEQ=REFUSED
  SEQ CSRs untouched: scripted: VERSION mismatch
  capabilities     {}  (default (board-free: --dry-run never reads the SEQ window))
  SHAPE layout     unstated  (none stated (--dry-run: pass --shape-isa 1|2))
--- SEQ stream: /home/cah/r2d2/code/fpga/fable5_llm/tb/scripts/w3/lay_s1.e
  artifacts base   /home/cah/r2d2/code/fpga/fable5_llm/tb/scripts/w3/lay_s1
  stream           1987 records, 31792 B (sha256 407429b498e92634) VALIDATED at capabilities {}
  seqdata          63360 B (sha256 afd5bea218f7add4)
  profile          epsnorm  dyn_ka=True  loop 0 steps (fewer than two decode steps)
  opcodes          {'CSRWR': 1381, 'CMD': 460, 'MOVX': 30, 'MOVY': 44, 'MVGO': 44, 'HALT': 1, 'LDC*': 25, 'XOP*': 2}
  expected tokens  []
  mode             single-channel (engine chan 0)
--- DDR plan (fetch channel 0, host offset 0x0, nch=1)
  stream    0x9000000 .. 0x9007c30  (window 48 MiB)
  seqdata   0xc000000 .. 0xc00f780  (window 64 MiB)
  weights   0x10000000 ..            (plan_weights, 15 images, chans [0])
  embedding 0x60000000  (fetch chan 0)
  RELOCATION: 25 LDC records (0 XRF-indirected) rebased by -0x74000000 (emitter 0x80000000 -> 0xc000000); 0 EMB records checked, delta +0x0
  weight plan: 15 images match the stream's MVGO plan; 44 MVGO WBASEs row-aligned inside them
--- upload
== control (no mutation): selftest PASS; expected PASS -> OK
  seq_run selftest: 2840 passed, 0 failed
--- board: MAGIC=0xfab1e001 VERSION=0xc973c18a CALIB=0xf  SEQ=REFUSED
  SEQ CSRs untouched: scripted: VERSION mismatch
--- board: MAGIC=0xfab1e001 VERSION=0xc973c18a CALIB=0xf  SEQ=REFUSED
  SEQ CSRs untouched: scripted: VERSION mismatch
  capabilities     {}  (default (board-free: --dry-run never reads the SEQ window))
  SHAPE layout     unstated  (none stated (--dry-run: pass --shape-isa 1|2))
--- SEQ stream: /home/cah/r2d2/code/fpga/fable5_llm/tb/scripts/w3/lay_s1.e
  artifacts base   /home/cah/r2d2/code/fpga/fable5_llm/tb/scripts/w3/lay_s1
  stream           1987 records, 31792 B (sha256 407429b498e92634) VALIDATED at capabilities {}
  seqdata          63360 B (sha256 afd5bea218f7add4)
  profile          epsnorm  dyn_ka=True  loop 0 steps (fewer than two decode steps)
  opcodes          {'CSRWR': 1381, 'CMD': 460, 'MOVX': 30, 'MOVY': 44, 'MVGO': 44, 'HALT': 1, 'LDC*': 25, 'XOP*': 2}
  expected tokens  []
  mode             single-channel (engine chan 0)
--- DDR plan (fetch channel 0, host offset 0x0, nch=1)
  stream    0x9000000 .. 0x9007c30  (window 48 MiB)
  seqdata   0xc000000 .. 0xc00f780  (window 64 MiB)
  weights   0x10000000 ..            (plan_weights, 15 images, chans [0])
  embedding 0x60000000  (fetch chan 0)
  RELOCATION: 25 LDC records (0 XRF-indirected) rebased by -0x74000000 (emitter 0x80000000 -> 0xc000000); 0 EMB records checked, delta +0x0
  weight plan: 15 images match the stream's MVGO plan; 44 MVGO WBASEs row-aligned inside them
--- upload
== m1 build_042_bm1 BM row deleted: selftest RED; expected RED naming every SEQ_VERSIONS key | BM_IDENT pins -> OK
    FAIL every SEQ_VERSIONS key (5) has an hwmap.SEQ_BM_IDENT_BY_VERSION row: missing 0x9b588e78
    FAIL BM_IDENT pins: 034/035/041 unmapped; 042/e3c2ff1e/266e3ae7 0xFAB1B301: 0x9b588e78->None
  seq_run selftest: 2838 passed, 2 failed
--- board: MAGIC=0xfab1e001 VERSION=0xc973c18a CALIB=0xf  SEQ=REFUSED
  SEQ CSRs untouched: scripted: VERSION mismatch
--- board: MAGIC=0xfab1e001 VERSION=0xc973c18a CALIB=0xf  SEQ=REFUSED
  SEQ CSRs untouched: scripted: VERSION mismatch
  capabilities     {}  (default (board-free: --dry-run never reads the SEQ window))
  SHAPE layout     unstated  (none stated (--dry-run: pass --shape-isa 1|2))
--- SEQ stream: /home/cah/r2d2/code/fpga/fable5_llm/tb/scripts/w3/lay_s1.e
  artifacts base   /home/cah/r2d2/code/fpga/fable5_llm/tb/scripts/w3/lay_s1
  stream           1987 records, 31792 B (sha256 407429b498e92634) VALIDATED at capabilities {}
  seqdata          63360 B (sha256 afd5bea218f7add4)
  profile          epsnorm  dyn_ka=True  loop 0 steps (fewer than two decode steps)
  opcodes          {'CSRWR': 1381, 'CMD': 460, 'MOVX': 30, 'MOVY': 44, 'MVGO': 44, 'HALT': 1, 'LDC*': 25, 'XOP*': 2}
  expected tokens  []
  mode             single-channel (engine chan 0)
--- DDR plan (fetch channel 0, host offset 0x0, nch=1)
  stream    0x9000000 .. 0x9007c30  (window 48 MiB)
  seqdata   0xc000000 .. 0xc00f780  (window 64 MiB)
  weights   0x10000000 ..            (plan_weights, 15 images, chans [0])
  embedding 0x60000000  (fetch chan 0)
  RELOCATION: 25 LDC records (0 XRF-indirected) rebased by -0x74000000 (emitter 0x80000000 -> 0xc000000); 0 EMB records checked, delta +0x0
  weight plan: 15 images match the stream's MVGO plan; 44 MVGO WBASEs row-aligned inside them
--- upload
== m2 266e3ae7 (R2) BM row deleted: selftest RED; expected RED naming every SEQ_VERSIONS key | a row expecting a SEQ_CAPS word | BM_IDENT pins -> OK
    FAIL SR14: the R2 row exists with SEQ_CAPS {R1,R2} = 0xFAB1CA03, isa=2, and agreeing hwmap SHAPE / BM_IDENT rows: 
    FAIL every SEQ_VERSIONS key (5) has an hwmap.SEQ_BM_IDENT_BY_VERSION row: missing 0x266e3ae7
    FAIL a row expecting a SEQ_CAPS word != 0xDEADC0DE expects BM_IDENT 0xFAB1B301: 0x266e3ae7 caps 0xfab1ca03 bm None
    FAIL BM_IDENT pins: 034/035/041 unmapped; 042/e3c2ff1e/266e3ae7 0xFAB1B301: 0x266e3ae7->None
  seq_run selftest: 2836 passed, 4 failed
--- board: MAGIC=0xfab1e001 VERSION=0xc973c18a CALIB=0xf  SEQ=REFUSED
  SEQ CSRs untouched: scripted: VERSION mismatch
--- board: MAGIC=0xfab1e001 VERSION=0xc973c18a CALIB=0xf  SEQ=REFUSED
  SEQ CSRs untouched: scripted: VERSION mismatch
  capabilities     {}  (default (board-free: --dry-run never reads the SEQ window))
  SHAPE layout     unstated  (none stated (--dry-run: pass --shape-isa 1|2))
--- SEQ stream: /home/cah/r2d2/code/fpga/fable5_llm/tb/scripts/w3/lay_s1.e
  artifacts base   /home/cah/r2d2/code/fpga/fable5_llm/tb/scripts/w3/lay_s1
  stream           1987 records, 31792 B (sha256 407429b498e92634) VALIDATED at capabilities {}
  seqdata          63360 B (sha256 afd5bea218f7add4)
  profile          epsnorm  dyn_ka=True  loop 0 steps (fewer than two decode steps)
  opcodes          {'CSRWR': 1381, 'CMD': 460, 'MOVX': 30, 'MOVY': 44, 'MVGO': 44, 'HALT': 1, 'LDC*': 25, 'XOP*': 2}
  expected tokens  []
  mode             single-channel (engine chan 0)
--- DDR plan (fetch channel 0, host offset 0x0, nch=1)
  stream    0x9000000 .. 0x9007c30  (window 48 MiB)
  seqdata   0xc000000 .. 0xc00f780  (window 64 MiB)
  weights   0x10000000 ..            (plan_weights, 15 images, chans [0])
  embedding 0x60000000  (fetch chan 0)
  RELOCATION: 25 LDC records (0 XRF-indirected) rebased by -0x74000000 (emitter 0x80000000 -> 0xc000000); 0 EMB records checked, delta +0x0
  weight plan: 15 images match the stream's MVGO plan; 44 MVGO WBASEs row-aligned inside them
--- upload
== m3 e3c2ff1e BM -> 0xDEADC0DE: selftest RED; expected RED naming a row expecting a SEQ_CAPS word | BM_IDENT pins -> OK
    FAIL a row expecting a SEQ_CAPS word != 0xDEADC0DE expects BM_IDENT 0xFAB1B301: 0xe3c2ff1e caps 0xfab1ca01 bm 3735929054
    FAIL BM_IDENT pins: 034/035/041 unmapped; 042/e3c2ff1e/266e3ae7 0xFAB1B301: 0xe3c2ff1e->3735929054
  seq_run selftest: 2838 passed, 2 failed
--- board: MAGIC=0xfab1e001 VERSION=0xc973c18a CALIB=0xf  SEQ=REFUSED
  SEQ CSRs untouched: scripted: VERSION mismatch
--- board: MAGIC=0xfab1e001 VERSION=0xc973c18a CALIB=0xf  SEQ=REFUSED
  SEQ CSRs untouched: scripted: VERSION mismatch
  capabilities     {}  (default (board-free: --dry-run never reads the SEQ window))
  SHAPE layout     unstated  (none stated (--dry-run: pass --shape-isa 1|2))
--- SEQ stream: /home/cah/r2d2/code/fpga/fable5_llm/tb/scripts/w3/lay_s1.e
  artifacts base   /home/cah/r2d2/code/fpga/fable5_llm/tb/scripts/w3/lay_s1
  stream           1987 records, 31792 B (sha256 407429b498e92634) VALIDATED at capabilities {}
  seqdata          63360 B (sha256 afd5bea218f7add4)
  profile          epsnorm  dyn_ka=True  loop 0 steps (fewer than two decode steps)usage: sr17ff_bm_rows_red.py [-h] [--prefix PREFIX] [--base BASE] [--dev DEV]
                             [--chan CHAN] [--four-chan] [--dry-run]
                             [--skip-weights] [--no-verify] [--zero-scratch]
                             [--no-xrf-init] [--entry ENTRY]
                             [--timeout TIMEOUT] [--chip CHIP] [--no-chip]
                             [--dump-scratch DUMP_SCRATCH] [--out OUT]
                             [--selftest] [--expect-version HASH]
                             [--caps R1[,R2..]] [--shape-isa {1,2}]
                             [--lock LOCK] [--no-lock]
sr17ff_bm_rows_red.py: error: argument --expect-version: expect-version 0x9b588e79 is not a known sequencer bitstream (known: 0x11111111 sr17ff test row, 0x266e3ae7 build_045_r2_incr (R2 XWIN/RES banks + R1 + BM1 counters; admitted only when named), 0x54443b9f build_035_fp2a_exc_po (frozen 2B W8, isa=1 SHAPE; admitted only when named), 0x9b588e78 build_042_bm1 (BM1 idle counters; admitted only when named), 0xc973c18a build_041_ckr2_AltSpreadLogic_high (shipped 9B; default), 0xe3c2ff1e build_044_r1_incr (R1 FENCE mask + BM1 counters; admitted only when named)) -- add its row to sw/seq_run.SEQ_VERSIONS, do not guess

  opcodes          {'CSRWR': 1381, 'CMD': 460, 'MOVX': 30, 'MOVY': 44, 'MVGO': 44, 'HALT': 1, 'LDC*': 25, 'XOP*': 2}
  expected tokens  []
  mode             single-channel (engine chan 0)
--- DDR plan (fetch channel 0, host offset 0x0, nch=1)
  stream    0x9000000 .. 0x9007c30  (window 48 MiB)
  seqdata   0xc000000 .. 0xc00f780  (window 64 MiB)
  weights   0x10000000 ..            (plan_weights, 15 images, chans [0])
  embedding 0x60000000  (fetch chan 0)
  RELOCATION: 25 LDC records (0 XRF-indirected) rebased by -0x74000000 (emitter 0x80000000 -> 0xc000000); 0 EMB records checked, delta +0x0
  weight plan: 15 images match the stream's MVGO plan; 44 MVGO WBASEs row-aligned inside them
--- upload
== m4 build_041 BM -> 0x12345678: selftest RED; expected RED naming each row's BM_IDENT is the unmapped read | BM_IDENT pins -> OK
    FAIL each row's BM_IDENT is the unmapped read or 0xFAB1B301 (hwmap.SEQ_BM_IDENT == seq_run.SEQ_BM_IDENT): 0xc973c18a->0x12345678
    FAIL BM_IDENT pins: 034/035/041 unmapped; 042/e3c2ff1e/266e3ae7 0xFAB1B301: 0xc973c18a->305419896
  seq_run selftest: 2838 passed, 2 failed
--- board: MAGIC=0xfab1e001 VERSION=0xc973c18a CALIB=0xf  SEQ=REFUSED
  SEQ CSRs untouched: scripted: VERSION mismatch
--- board: MAGIC=0xfab1e001 VERSION=0xc973c18a CALIB=0xf  SEQ=REFUSED
  SEQ CSRs untouched: scripted: VERSION mismatch
  capabilities     {}  (default (board-free: --dry-run never reads the SEQ window))
  SHAPE layout     unstated  (none stated (--dry-run: pass --shape-isa 1|2))
--- SEQ stream: /home/cah/r2d2/code/fpga/fable5_llm/tb/scripts/w3/lay_s1.e
  artifacts base   /home/cah/r2d2/code/fpga/fable5_llm/tb/scripts/w3/lay_s1
  stream           1987 records, 31792 B (sha256 407429b498e92634) VALIDATED at capabilities {}
  seqdata          63360 B (sha256 afd5bea218f7add4)
  profile          epsnorm  dyn_ka=True  loop 0 steps (fewer than two decode steps)
  opcodes          {'CSRWR': 1381, 'CMD': 460, 'MOVX': 30, 'MOVY': 44, 'MVGO': 44, 'HALT': 1, 'LDC*': 25, 'XOP*': 2}
  expected tokens  []
  mode             single-channel (engine chan 0)
--- DDR plan (fetch channel 0, host offset 0x0, nch=1)
  stream    0x9000000 .. 0x9007c30  (window 48 MiB)
  seqdata   0xc000000 .. 0xc00f780  (window 64 MiB)
  weights   0x10000000 ..            (plan_weights, 15 images, chans [0])
  embedding 0x60000000  (fetch chan 0)
  RELOCATION: 25 LDC records (0 XRF-indirected) rebased by -0x74000000 (emitter 0x80000000 -> 0xc000000); 0 EMB records checked, delta +0x0
  weight plan: 15 images match the stream's MVGO plan; 44 MVGO WBASEs row-aligned inside them
--- upload
== m5 new SEQ_VERSIONS row 0x11111111 (caps {R1}) without a BM row: selftest RED; expected RED naming every SEQ_VERSIONS key | a row expecting a SEQ_CAPS word -> OK
    FAIL every SEQ_VERSIONS key has an hwmap.SHAPE_ISA_BY_VERSION row with the same SHAPE layout: 0x11111111 2/None
    FAIL every SEQ_VERSIONS key (6) has an hwmap.SEQ_BM_IDENT_BY_VERSION row: missing 0x11111111
    FAIL a row expecting a SEQ_CAPS word != 0xDEADC0DE expects BM_IDENT 0xFAB1B301: 0x11111111 caps 0xfab1ca01 bm None
  seq_run selftest: 2837 passed, 3 failed
SR17FF_BM_ROWS_RED: 6/6 as expected -> PASS
=== rc  : 0
=== end : 2026-09-29T08:16:25-06:00
