=== host: snoke  date: 2026-09-28T12:48:52-06:00
=== tree: 60b6807
=== cmd : bash evidence/qwen9b/sr/sr11c_launch_incr_busy.sh
=== env : FABLE5_MODEL=unset
=== venv: /home/cah/.venv/bin/python (shipped venv (no interpreter named in cmd)): 3.12.3 numpy 2.4.6
== case 1: busy source (live pid 709003 on snoke, no end marker), real launch path
  proj_busy says: PROJ_BUSY: run impl_1 is in flight (pid 709003 on snoke, no end/error marker)
    PROJ_BUSY: run impl_1 is in flight (pid 709003 on snoke, no end/error marker)
    FATAL: /home/cah/r2d2/code/fpga/fable5_llm/synth/out_sr11c_fakebusy_709001/proj has a Vivado run in flight — wait for it to finish (the base build's '=== DONE'), then launch
  PASS busy (live pid) refused (rc 1)
  PASS no out dir synth/out_sr11c_fakebusy_709001_o1
  PASS refusal names the in-flight run
== case 2: busy source (queued impl_1), LAUNCH_INCR_CHECK_ONLY=1
  proj_busy says: PROJ_BUSY: run impl_1 is queued (queue marker, not yet begun)
    PROJ_BUSY: run impl_1 is queued (queue marker, not yet begun)
    FATAL: /home/cah/r2d2/code/fpga/fable5_llm/synth/out_sr11c_fakebusy_709001/proj has a Vivado run in flight — wait for it to finish (the base build's '=== DONE'), then launch
  PASS busy (queued) refused (rc 1)
  PASS no out dir synth/out_sr11c_fakebusy_709001_o2
  PASS refusal names the in-flight run
== case 3: CONTROL — the same fake made idle, LAUNCH_INCR_CHECK_ONLY=1
  proj_busy says: PROJ_IDLE: /home/cah/r2d2/code/fpga/fable5_llm/synth/out_sr11c_fakebusy_709001/proj
    PROJ_IDLE: /home/cah/r2d2/code/fpga/fable5_llm/synth/out_sr11c_fakebusy_709001/proj
    CHECK_ONLY: arguments and source OK, nothing launched
  PASS idle control accepted (check-only) (rc 0)
  PASS no out dir synth/out_sr11c_fakebusy_709001_o3
  PASS check-only line printed
PGREP vivado launched by this test: 0
sr11c_launch_incr_busy: 9 passed, 0 failed
=== rc  : 0
=== end : 2026-09-28T12:48:53-06:00
