=== host: snoke  date: 2026-09-29T19:25:21-06:00
=== tree: ef778b7
=== cmd : bash evidence/qwen9b/sr/sr7f1_guard_check.sh
=== env : FABLE5_MODEL=unset
=== venv: /home/cah/.venv/bin/python (shipped venv (no interpreter named in cmd)): 3.12.3 numpy 2.4.6
== unit cases (fake projects)
    PROJ_IDLE: /tmp/sr7f1_guard.vwaBYD/done/proj
  PASS done (rc 0)
    PROJ_IDLE: /tmp/sr7f1_guard.vwaBYD/errored/proj
  PASS errored (rc 0)
    PROJ_BUSY: run impl_1 is in flight (pid 1428733 on snoke, no end/error marker)
  PASS live (rc 3)
    PROJ_NOTE: run impl_1 has a begin marker, no end/error marker, and pid 999999 is dead (a crashed run)
    PROJ_IDLE: /tmp/sr7f1_guard.vwaBYD/crashed/proj
  PASS crashed (rc 0)
    PROJ_BUSY: run impl_1 is queued (queue marker, not yet begun)
  PASS queued (rc 3)
    PROJ_BUSY: run impl_1 began on host 'otherhost' (not snoke) with no end/error marker — cannot check its pid here
  PASS foreign (rc 3)
    PROJ_BUSY: live process(es) naming /tmp/sr7f1_guard.vwaBYD/procref/proj:
      1428757 bash -c sleep 600; true /tmp/sr7f1_guard.vwaBYD/procref/proj/x
  PASS procref (rc 3)
== the real projects, read-only (must be IDLE)
    PROJ_IDLE: /home/cah/r2d2/code/fpga/fable5_llm/synth/out_build_044_r1/proj
  PASS synth/out_build_044_r1/proj (rc 0)
    PROJ_IDLE: /home/cah/r2d2/code/fpga/fable5_llm/synth/out_build_043_incr_probe/proj
  PASS synth/out_build_043_incr_probe/proj (rc 0)
    PROJ_IDLE: /home/cah/r2d2/code/fpga/fable5_llm/synth/out_build_041_ckr2_AltSpreadLogic_high/proj
  PASS synth/out_build_041_ckr2_AltSpreadLogic_high/proj (rc 0)
== launch_incr.sh wiring: LAUNCH_INCR_CHECK_ONLY=1 on an idle source
    PROJ_IDLE: /home/cah/r2d2/code/fpga/fable5_llm/synth/out_build_044_r1/proj
    CHECK_ONLY: arguments and source OK, nothing launched
  PASS check-only on build_044_r1 (rc 0)
  PASS no out dir created
  PASS launch_incr ran the guard
PGREP vivado launched by this check: 0
sr7f1_guard_check: 13 passed, 0 failed
=== rc  : 0
=== end : 2026-09-29T19:25:24-06:00
