=== host: snoke  date: 2026-09-29T18:59:23-06:00
=== tree: 638ad5f+dirty
=== dirty:  M evidence/qwen9b/g6/g6_state.py
=== dirty:  M sw/program_fpga.sh
=== dirty:  M synth/scripts/build.tcl
=== dirty:  M synth/scripts/launch_build.sh
=== dirty: ?? evidence/qwen9b/sr/r3_g6state_tdd.py
=== dirty: ?? evidence/qwen9b/sr/r3_preflight.sh
=== dirty: ?? evidence/qwen9b/sr/r3_synthonly_probe.tcl
=== dirty: ?? evidence/qwen9b/sr/r3_tool_tdd.sh
=== dirty: ?? synth/scripts/postimpl_sanity.tcl
=== cmd : bash evidence/qwen9b/sr/r3_2_drift.sh 15132b2 --plan
=== env : FABLE5_MODEL=unset
=== venv: /home/cah/.venv/bin/python (shipped venv (no interpreter named in cmd)): 3.12.3 numpy 2.4.6
o3 citation-drift gate  [plan — dry run, nothing is written]
  code base  15132b2
  files      1 edited file(s)
  TOTAL      REPAIR 0  COLLATERAL 0
O3_FIX_PLAN: SAFE — every rewrite repairs a citation --verify reports stale
=== rc  : 0
=== end : 2026-09-29T18:59:29-06:00
