=== host: snoke  date: 2026-09-29T18:59:05-06:00
=== tree: 638ad5f+dirty
=== dirty:  M evidence/qwen9b/g6/g6_state.py
=== dirty:  M sw/program_fpga.sh
=== dirty:  M synth/scripts/build.tcl
=== dirty:  M synth/scripts/launch_build.sh
=== dirty: ?? evidence/qwen9b/sr/r3_g6state_tdd.py
=== dirty: ?? evidence/qwen9b/sr/r3_preflight.sh
=== dirty: ?? evidence/qwen9b/sr/r3_synthonly_probe.tcl
=== dirty: ?? evidence/qwen9b/sr/r3_tool_tdd.sh
=== dirty: ?? synth/scripts/postimpl_sanity.tcl
=== cmd : bash evidence/qwen9b/ov/sv1_gate.sh model_9b_s2
=== env : FABLE5_MODEL=unset
=== venv: /home/cah/.venv/bin/python (shipped venv (no interpreter named in cmd)): 3.12.3 numpy 2.4.6
=== interpreter /home/cah/.venv/bin/python ; seq /home/cah/r2d2/code/fpga/fable5_llm/tb/scripts/w9/model_9b_s2.e4 ; base /home/cah/r2d2/code/fpga/fable5_llm/tb/scripts/w9/model_9b_s2
=== seq sha256 dae5873430562646
--- SEQ gate: /home/cah/r2d2/code/fpga/fable5_llm/tb/scripts/w9/model_9b_s2.e4
  stream   79289 records, 1268624 B (sha256 dae5873430562646)
  seqdata  563712 B (sha256 4a7784f2f2c47e07)
  profile  epsnorm   newops from layer_fixed (agent A)
  opcodes  {'CSRWR': 53141, 'CMD': 17644, 'MOVX': 1992, 'MOVY': 2740, 'MVGO': 2740, 'EMB': 2, 'AMAXL': 2, 'JMP': 1, 'FENCE': 686, 'HALT': 1, 'LDC*': 322, 'XOP*': 18}
  caps     none (validated and executed at this set; SEQ_ISA v2.3 B17.0)
  loop     5 steps  (looped)  STRUCTURALLY SAFE
  .txt     56576 commands, 21763584 host-relayed words, checks {'R': 2358, 'E': 1494, 'A': 6, 'V': 1494} (131.8s)
  .seq     52928 commands issued, movers MOVX=5976 MVGO=8220 MOVY=8220 LDC=966 EMB=6 AMAXL=6 (862.4s)
  CHECKPT  2358/2358 live-state checkpoints sampled, ALL BIT-EXACT
  SCRATCH  4095 of 65536 words differ at the end; 0 outside the declared y32 staging windows (28672 words) -> CLEAN
  BANKED   BIT-EXACT (conv/S/KV/TCNT/EOUT/AMAX)
  STATE    BIT-EXACT (112 block(s) stored; .txt vs .seq vs the emitter's StateImage)
  TOKENS   IDENTICAL  [279, 264, 854, 11, 303, 264]
SEQ GATE: PASS
=== gate wall 996s rc=0
=== rc  : 0
=== end : 2026-09-29T19:15:41-06:00
