=== host: snoke  date: 2026-09-29T19:35:29-06:00
=== tree: a299358
=== cmd : /home/cah/.venv/bin/python evidence/qwen9b/sr/r3_4_cost.py --fingerprint
=== env : FABLE5_MODEL=9b
=== venv: /home/cah/.venv/bin/python (named in cmd): 3.12.3 numpy 2.4.6
=== tree ref/seq_cost.py sha256 d76b7c86c34037d8d451a501fa8e6c9203a295192d9ad69ade575bc05cc36c29
TABLE 32 constants sha256 96d299d0da17b74e84af984ddb93b7b1dfee742d5c61bcd094489938183b19e5
FP model_9b_s1: stream 9760899df53b3b4216d517d042a1dd7c9477b4f0cb7e6639320a5fd6d480719b  nrec 158536  segs 5 (pass segmentation)  win 131115310  S 216685480  MOVX 3984 / 21041536  refused 0  rows sha256 6575b1165d0617bdb1f976185a658e722f4a2925d5b38cf6918b08fcf09d7aee
FP model_9b_s1_reordA: stream b6ced3f92d3fe8c3fbb1bd02a3eda3b561478e4733ffd40a25ce1bd862ab319d  nrec 156616  segs 5 (pass segmentation)  win 117910638  S 216685480  MOVX 2064 / 12946816  refused 0  rows sha256 f9728d14f73e0c72ae17997832956c16eeb304a1f0e0b4b909a97893c81003cb
FP model_9b_s1_reordB: stream 57ec3051a0d6e68ee689859bc020b44001bcce6323b8d5c78415055853bee4da  nrec 156616  segs 5 (pass segmentation)  win 114437320  S 216685480  MOVX 2064 / 12946816  refused 0  rows sha256 c9a986167e505994f24eff9bcd05ce075de2b0f7987d3e4cd48707903bb169ab
FP model_9b_s1_reordB_r1: stream 4e11a2ae6872970ecb61e2bb37524b7bd863815e47df1fb9c3af2fbb3218cb28  nrec 160724  segs 6 (fallback cuts at EMBs + JMP target; pass said: the JMP must close the last segment)  win 109873604  S 216685480  MOVX 2064 / 12946816  refused 0  rows sha256 c218c8983c11b460894f53b7da57268ef03b712ee98ce6876cb0c59495a2ea50
FP model_9b_s1_reordB_r2: stream 117ed8b061d5662517d67f905ff1b5900520ba39eff680548e8af9a7efc17d19  nrec 160724  segs 6 (fallback cuts at EMBs + JMP target; pass said: the JMP must close the last segment)  win 105912724  S 216685480  MOVX 2064 / 12946816  refused 0  rows sha256 1d129e59d9c6d8da2edc2a3703adfbd28a6cde329935ec31f61d5287263baea1
FP model_9b_s2: stream dae587343056264626a8a9ca95b339dcf8ffe3c40cc945c959367869a4fc0d95  nrec 79289  segs 3 (pass segmentation)  win 65547778  S 108342740  MOVX 1992 / 10520768  refused 0  rows sha256 fd389c56037a178aa663d78ebab38de518d92a5ef6b15e109447ed29d78b21ed
FP model_9b_s2_reordA: stream fcc508f5b8e284ea1cfd8bdd1d56c36043bae213ae02a09cb9054541f961e3aa  nrec 78329  segs 3 (pass segmentation)  win 58945442  S 108342740  MOVX 1032 / 6473408  refused 0  rows sha256 bdbaf260adaa3901be6eb3804390fdc192a2df824656b072e89439137d6bec49
FP model_9b_s2_reordB: stream e883a016e1ee5e2bf2608b72747e6a9dbaa4e6149ee712241de1b5221ce7790b  nrec 78329  segs 3 (pass segmentation)  win 57208782  S 108342740  MOVX 1032 / 6473408  refused 0  rows sha256 d9f39354f66f606ba66e731e3bce47298a17dfa573b32ecd16bf407443a22368
FP model_9b_s2_reordB_r1: stream cc982e4f66be17cef279bf09dcbc36d1170a4347b68b90e31a51d5993b93bbd4  nrec 80383  segs 4 (fallback cuts at EMBs + JMP target; pass said: the JMP must close the last segment)  win 54927340  S 108342740  MOVX 1032 / 6473408  refused 0  rows sha256 56286d4c2f64d3a4b8bf6542b4b66f00dd6ccbf8c296c42d4f6adc3eab2ab2c4
FP model_9b_s2_reordB_r2: stream 5d0a8bdd8298ea252af063041c63bb5df654a9aa834be4acb66e8772c23c6756  nrec 80383  segs 4 (fallback cuts at EMBs + JMP target; pass said: the JMP must close the last segment)  win 52948980  S 108342740  MOVX 1032 / 6473408  refused 0  rows sha256 67b97abdef6e85253a0f480d558e508366d7f90ab4e6db46688d9e22224a4f62
FP model_9b_s3: stream 8dfad7db118d5da4f23b31dbe451bb92519844678bafd93f4752301b3c2b1b40  nrec 79289  segs 3 (pass segmentation)  win 65547778  S 108342740  MOVX 1992 / 10520768  refused 0  rows sha256 fd389c56037a178aa663d78ebab38de518d92a5ef6b15e109447ed29d78b21ed
FP model_9b_s3_reordA: stream 3e41bf4f04d495874642c3f12ace7c3216c078a2d782fb08af3e79e27dc7b459  nrec 78329  segs 3 (pass segmentation)  win 58945442  S 108342740  MOVX 1032 / 6473408  refused 0  rows sha256 bdbaf260adaa3901be6eb3804390fdc192a2df824656b072e89439137d6bec49
FP model_9b_s3_reordB: stream 42fa77cbdb2f1c206386e69534eded424d4b42cb6915a59bb467c6cf24cfdd63  nrec 78329  segs 3 (pass segmentation)  win 57208782  S 108342740  MOVX 1032 / 6473408  refused 0  rows sha256 d9f39354f66f606ba66e731e3bce47298a17dfa573b32ecd16bf407443a22368
FP model_9b_s3_reordB_r1: stream 0f85a974ffa9aa7e9431202e9346b74073fb0ab51624bb3720edb3927946fe3b  nrec 80383  segs 4 (fallback cuts at EMBs + JMP target; pass said: the JMP must close the last segment)  win 54927340  S 108342740  MOVX 1032 / 6473408  refused 0  rows sha256 56286d4c2f64d3a4b8bf6542b4b66f00dd6ccbf8c296c42d4f6adc3eab2ab2c4
FP model_9b_s3_reordB_r2: stream e35772cc8ed3e554bd3f1fbe93e2f40a754b70e2ea98adaa94d66e71a097a70c  nrec 80383  segs 4 (fallback cuts at EMBs + JMP target; pass said: the JMP must close the last segment)  win 52948980  S 108342740  MOVX 1032 / 6473408  refused 0  rows sha256 67b97abdef6e85253a0f480d558e508366d7f90ab4e6db46688d9e22224a4f62
FP model_9b_s4: stream 3483d82ab91164569d06065b8c1bc2529d03d161d5df7d54b7a09e562e1b876b  nrec 158536  segs 5 (pass segmentation)  win 131115310  S 216685480  MOVX 3984 / 21041536  refused 0  rows sha256 6575b1165d0617bdb1f976185a658e722f4a2925d5b38cf6918b08fcf09d7aee
FP model_9b_s4_reordA: stream 2fa7a550bcb37e6f454578d6907a838e9a7157e01a2e778e7a6673511481a321  nrec 156616  segs 5 (pass segmentation)  win 117910638  S 216685480  MOVX 2064 / 12946816  refused 0  rows sha256 f9728d14f73e0c72ae17997832956c16eeb304a1f0e0b4b909a97893c81003cb
FP model_9b_s4_reordB: stream 059e0ba6820f064667bb2b80f4d2eaacb972626452c3339a1ffa2b8064674d5d  nrec 156616  segs 5 (pass segmentation)  win 114437320  S 216685480  MOVX 2064 / 12946816  refused 0  rows sha256 c9a986167e505994f24eff9bcd05ce075de2b0f7987d3e4cd48707903bb169ab
FP model_9b_s4_reordB_r1: stream 492e0def197b635b9e64b01e2ff1637bc4f1eda4db0899961e994160274e6c95  nrec 160724  segs 6 (fallback cuts at EMBs + JMP target; pass said: the JMP must close the last segment)  win 109873604  S 216685480  MOVX 2064 / 12946816  refused 0  rows sha256 c218c8983c11b460894f53b7da57268ef03b712ee98ce6876cb0c59495a2ea50
FP model_9b_s4_reordB_r2: stream 8b16c7b15d1f204a00bc47b3cce11f8c85dc580ee4294f069451d41155b28563  nrec 160724  segs 6 (fallback cuts at EMBs + JMP target; pass said: the JMP must close the last segment)  win 105912724  S 216685480  MOVX 2064 / 12946816  refused 0  rows sha256 1d129e59d9c6d8da2edc2a3703adfbd28a6cde329935ec31f61d5287263baea1
FP ALL 20 streams: sha256 f788ab359eba1f91dbb5de26335f6341240f7fd91139268ba86b965f2693e6be
R3_4_COST: PASS
=== rc  : 0
=== end : 2026-09-29T19:35:48-06:00
