=== host: snoke  date: 2026-09-29T19:39:38-06:00
=== tree: 09704c4+dirty
=== dirty:  M evidence/qwen9b/sr/r3_2_drift.sh
=== cmd : bash evidence/qwen9b/sr/r3_4_drift.sh a299358 c2fdfb3 --fix
=== env : FABLE5_MODEL=unset
=== venv: /home/cah/.venv/bin/python (shipped venv (no interpreter named in cmd)): 3.12.3 numpy 2.4.6
o3 citation-drift gate  [fix]
  code base  a299358
  doc base   c2fdfb3
  files      1 edited files
  citations  22 distinct (file, line) pairs
  unmoved    7
  half-ranges 0 (one endpoint unresolved — NEVER rewritten)
  EXCLUDED   evidence/qwen9b/sr/SR11c_CITE_DRIFT.md (written in post-fix coordinates)
  fixed      docs/superpowers/plans/2026-09-27-seq-rtl-round.md
  fixed      docs/superpowers/plans/2026-09-29-r3-broadcast.md
  fixed      evidence/qwen9b/ov/S1P_SHIP.md
  fixed      evidence/qwen9b/sr/SR11b_R2_PASS.md
  fixed      evidence/qwen9b/sr/SR4_R1_MODEL.md
  FIXED      15 citation(s) in 5 document(s)
O3_CITE_DRIFT FIX APPLIED — now run --verify
=== rc  : 0
=== end : 2026-09-29T19:39:45-06:00
