=== host: snoke  date: 2026-09-29T19:42:25-06:00
=== tree: c8a3b07
=== cmd : /home/cah/.venv/bin/python evidence/qwen_next/spec_cites.py evidence/qwen9b/sr/R3_4_COST.md docs/superpowers/plans/2026-09-27-seq-rtl-round.md docs/superpowers/plans/2026-09-29-r3-broadcast.md evidence/qwen9b/ov/S1P_SHIP.md evidence/qwen9b/sr/SR11b_R2_PASS.md evidence/qwen9b/sr/SR4_R1_MODEL.md
=== env : FABLE5_MODEL=unset
=== venv: /home/cah/.venv/bin/python (named in cmd): 3.12.3 numpy 2.4.6
checked: 1150 exist, 601 range, 11 quote  |  pending 0  |  retired 0  |  noquote 41  |  FAIL 0
  2026-09-27-seq-rtl-round.md:41  NOQUOTE  1 span(s) exempted (proposed encoding / shorthand, not a quotation)
  2026-09-27-seq-rtl-round.md:43  NOQUOTE  4 span(s) exempted (proposed encoding / shorthand, not a quotation)
  2026-09-27-seq-rtl-round.md:59  NOQUOTE  1 span(s) exempted (proposed encoding / shorthand, not a quotation)
  2026-09-27-seq-rtl-round.md:76  NOQUOTE  1 span(s) exempted (proposed encoding / shorthand, not a quotation)
  2026-09-27-seq-rtl-round.md:152  NOQUOTE  4 span(s) exempted (proposed encoding / shorthand, not a quotation)
  2026-09-27-seq-rtl-round.md:153  NOQUOTE  3 span(s) exempted (proposed encoding / shorthand, not a quotation)
  2026-09-27-seq-rtl-round.md:178  NOQUOTE  1 span(s) exempted (proposed encoding / shorthand, not a quotation)
  2026-09-27-seq-rtl-round.md:186  NOQUOTE  2 span(s) exempted (proposed encoding / shorthand, not a quotation)
  2026-09-27-seq-rtl-round.md:187  NOQUOTE  3 span(s) exempted (proposed encoding / shorthand, not a quotation)
  2026-09-27-seq-rtl-round.md:190  NOQUOTE  9 span(s) exempted (proposed encoding / shorthand, not a quotation)
  2026-09-27-seq-rtl-round.md:212  NOQUOTE  5 span(s) exempted (proposed encoding / shorthand, not a quotation)
  2026-09-27-seq-rtl-round.md:275  NOQUOTE  3 span(s) exempted (proposed encoding / shorthand, not a quotation)
  2026-09-27-seq-rtl-round.md:276  NOQUOTE  2 span(s) exempted (proposed encoding / shorthand, not a quotation)
  2026-09-27-seq-rtl-round.md:302  NOQUOTE  1 span(s) exempted (proposed encoding / shorthand, not a quotation)
  2026-09-27-seq-rtl-round.md:303  NOQUOTE  1 span(s) exempted (proposed encoding / shorthand, not a quotation)
  2026-09-27-seq-rtl-round.md:304  NOQUOTE  1 span(s) exempted (proposed encoding / shorthand, not a quotation)
  2026-09-27-seq-rtl-round.md:306  NOQUOTE  1 span(s) exempted (proposed encoding / shorthand, not a quotation)
  2026-09-27-seq-rtl-round.md:417  NOQUOTE  1 span(s) exempted (proposed encoding / shorthand, not a quotation)
  2026-09-27-seq-rtl-round.md:453  NOQUOTE  3 span(s) exempted (proposed encoding / shorthand, not a quotation)
  2026-09-27-seq-rtl-round.md:454  NOQUOTE  2 span(s) exempted (proposed encoding / shorthand, not a quotation)
  2026-09-27-seq-rtl-round.md:457  NOQUOTE  2 span(s) exempted (proposed encoding / shorthand, not a quotation)
  2026-09-27-seq-rtl-round.md:504  NOQUOTE  1 span(s) exempted (proposed encoding / shorthand, not a quotation)
  2026-09-29-r3-broadcast.md:39  NOQUOTE  1 span(s) exempted (proposed encoding / shorthand, not a quotation)
  2026-09-29-r3-broadcast.md:41  NOQUOTE  4 span(s) exempted (proposed encoding / shorthand, not a quotation)
  2026-09-29-r3-broadcast.md:45  NOQUOTE  2 span(s) exempted (proposed encoding / shorthand, not a quotation)
  2026-09-29-r3-broadcast.md:128  NOQUOTE  7 span(s) exempted (proposed encoding / shorthand, not a quotation)
  2026-09-29-r3-broadcast.md:130  NOQUOTE  2 span(s) exempted (proposed encoding / shorthand, not a quotation)
  2026-09-29-r3-broadcast.md:134  NOQUOTE  2 span(s) exempted (proposed encoding / shorthand, not a quotation)
  2026-09-29-r3-broadcast.md:136  NOQUOTE  5 span(s) exempted (proposed encoding / shorthand, not a quotation)
  2026-09-29-r3-broadcast.md:170  NOQUOTE  3 span(s) exempted (proposed encoding / shorthand, not a quotation)
  2026-09-29-r3-broadcast.md:186  NOQUOTE  3 span(s) exempted (proposed encoding / shorthand, not a quotation)
  2026-09-29-r3-broadcast.md:217  NOQUOTE  2 span(s) exempted (proposed encoding / shorthand, not a quotation)
  2026-09-29-r3-broadcast.md:219  NOQUOTE  1 span(s) exempted (proposed encoding / shorthand, not a quotation)
  2026-09-29-r3-broadcast.md:221  NOQUOTE  1 span(s) exempted (proposed encoding / shorthand, not a quotation)
  2026-09-29-r3-broadcast.md:222  NOQUOTE  3 span(s) exempted (proposed encoding / shorthand, not a quotation)
  2026-09-29-r3-broadcast.md:233  NOQUOTE  1 span(s) exempted (proposed encoding / shorthand, not a quotation)
  2026-09-29-r3-broadcast.md:235  NOQUOTE  3 span(s) exempted (proposed encoding / shorthand, not a quotation)
  2026-09-29-r3-broadcast.md:269  NOQUOTE  4 span(s) exempted (proposed encoding / shorthand, not a quotation)
  2026-09-29-r3-broadcast.md:270  NOQUOTE  5 span(s) exempted (proposed encoding / shorthand, not a quotation)
  2026-09-29-r3-broadcast.md:274  NOQUOTE  1 span(s) exempted (proposed encoding / shorthand, not a quotation)
  2026-09-29-r3-broadcast.md:301  NOQUOTE  1 span(s) exempted (proposed encoding / shorthand, not a quotation)
SPEC CITES: PASS
=== rc  : 0
=== end : 2026-09-29T19:42:25-06:00
