=== host: snoke  date: 2026-09-29T20:16:54-06:00
=== tree: ec7c2be
=== cmd : /home/cah/.venv/bin/python evidence/qwen9b/sr/r3_pass_tdd.py
=== env : FABLE5_MODEL=9b
=== venv: /home/cah/.venv/bin/python (named in cmd): 3.12.3 numpy 2.4.6
Traceback (most recent call last):
  File "/home/cah/r2d2/code/fpga/fable5_llm/evidence/qwen9b/sr/r3_pass_tdd.py", line 101, in guarded
    cond, detail = fn()
                   ^^^^
  File "/home/cah/r2d2/code/fpga/fable5_llm/evidence/qwen9b/sr/r3_pass_tdd.py", line 263, in f
    n3, _c3, r3 = reorder_at(mk_r3("plain"), form, "r3")
                  ^^^^^^^^^^^^^^^^^^^^^^^^^^^^^^^^^^^^^^
  File "/home/cah/r2d2/code/fpga/fable5_llm/evidence/qwen9b/sr/r3_pass_tdd.py", line 208, in reorder_at
    return mod.reorder(recs, lambda k, lo, hi: rows, form, cps, rtl=rtl)
           ^^^^^^^^^^^^^^^^^^^^^^^^^^^^^^^^^^^^^^^^^^^^^^^^^^^^^^^^^^^^^
reorder_e4.ReorderError: --rtl 'r3': this pass emits ('r0', 'r1', 'r2')
Traceback (most recent call last):
  File "/home/cah/r2d2/code/fpga/fable5_llm/evidence/qwen9b/sr/r3_pass_tdd.py", line 101, in guarded
    cond, detail = fn()
                   ^^^^
  File "/home/cah/r2d2/code/fpga/fable5_llm/evidence/qwen9b/sr/r3_pass_tdd.py", line 263, in f
    n3, _c3, r3 = reorder_at(mk_r3("plain"), form, "r3")
                  ^^^^^^^^^^^^^^^^^^^^^^^^^^^^^^^^^^^^^^
  File "/home/cah/r2d2/code/fpga/fable5_llm/evidence/qwen9b/sr/r3_pass_tdd.py", line 208, in reorder_at
    return mod.reorder(recs, lambda k, lo, hi: rows, form, cps, rtl=rtl)
           ^^^^^^^^^^^^^^^^^^^^^^^^^^^^^^^^^^^^^^^^^^^^^^^^^^^^^^^^^^^^^
reorder_e4.ReorderError: --rtl 'r3': this pass emits ('r0', 'r1', 'r2')
Traceback (most recent call last):
  File "/home/cah/r2d2/code/fpga/fable5_llm/evidence/qwen9b/sr/r3_pass_tdd.py", line 101, in guarded
    cond, detail = fn()
                   ^^^^
  File "/home/cah/r2d2/code/fpga/fable5_llm/evidence/qwen9b/sr/r3_pass_tdd.py", line 281, in one_chan
    n3, _c, r3 = reorder_at(RE._synthetic, "B", "r3")
                 ^^^^^^^^^^^^^^^^^^^^^^^^^^^^^^^^^^^^
  File "/home/cah/r2d2/code/fpga/fable5_llm/evidence/qwen9b/sr/r3_pass_tdd.py", line 208, in reorder_at
    return mod.reorder(recs, lambda k, lo, hi: rows, form, cps, rtl=rtl)
           ^^^^^^^^^^^^^^^^^^^^^^^^^^^^^^^^^^^^^^^^^^^^^^^^^^^^^^^^^^^^^
reorder_e4.ReorderError: --rtl 'r3': this pass emits ('r0', 'r1', 'r2')
Traceback (most recent call last):
  File "/home/cah/r2d2/code/fpga/fable5_llm/evidence/qwen9b/sr/r3_pass_tdd.py", line 101, in guarded
    cond, detail = fn()
                   ^^^^
  File "/home/cah/r2d2/code/fpga/fable5_llm/evidence/qwen9b/sr/r3_pass_tdd.py", line 309, in f
    S3, _ = seg_S(mk_r3("plain"), form, "r3")
            ^^^^^^^^^^^^^^^^^^^^^^^^^^^^^^^^^
  File "/home/cah/r2d2/code/fpga/fable5_llm/evidence/qwen9b/sr/r3_pass_tdd.py", line 214, in seg_S
    return RE.schedule_segment(recs, lo, hi, rows, form, rtl), recs
           ^^^^^^^^^^^^^^^^^^^^^^^^^^^^^^^^^^^^^^^^^^^^^^^^^^
KeyError: 'r3'
Traceback (most recent call last):
  File "/home/cah/r2d2/code/fpga/fable5_llm/evidence/qwen9b/sr/r3_pass_tdd.py", line 101, in guarded
    cond, detail = fn()
                   ^^^^
  File "/home/cah/r2d2/code/fpga/fable5_llm/evidence/qwen9b/sr/r3_pass_tdd.py", line 309, in f
    S3, _ = seg_S(mk_r3("plain"), form, "r3")
            ^^^^^^^^^^^^^^^^^^^^^^^^^^^^^^^^^
  File "/home/cah/r2d2/code/fpga/fable5_llm/evidence/qwen9b/sr/r3_pass_tdd.py", line 214, in seg_S
    return RE.schedule_segment(recs, lo, hi, rows, form, rtl), recs
           ^^^^^^^^^^^^^^^^^^^^^^^^^^^^^^^^^^^^^^^^^^^^^^^^^^
KeyError: 'r3'
Traceback (most recent call last):
  File "/home/cah/r2d2/code/fpga/fable5_llm/evidence/qwen9b/sr/r3_pass_tdd.py", line 101, in guarded
    cond, detail = fn()
                   ^^^^
  File "/home/cah/r2d2/code/fpga/fable5_llm/evidence/qwen9b/sr/r3_pass_tdd.py", line 341, in latest
    S3, _ = seg_S(mk_r3("plain"), "B", "r3")
            ^^^^^^^^^^^^^^^^^^^^^^^^^^^^^^^^
  File "/home/cah/r2d2/code/fpga/fable5_llm/evidence/qwen9b/sr/r3_pass_tdd.py", line 214, in seg_S
    return RE.schedule_segment(recs, lo, hi, rows, form, rtl), recs
           ^^^^^^^^^^^^^^^^^^^^^^^^^^^^^^^^^^^^^^^^^^^^^^^^^^
KeyError: 'r3'
Traceback (most recent call last):
  File "/home/cah/r2d2/code/fpga/fable5_llm/evidence/qwen9b/sr/r3_pass_tdd.py", line 101, in guarded
    cond, detail = fn()
                   ^^^^
  File "/home/cah/r2d2/code/fpga/fable5_llm/evidence/qwen9b/sr/r3_pass_tdd.py", line 392, in f
    S3, _ = seg_S(mk_r3("forced"), form, "r3")
            ^^^^^^^^^^^^^^^^^^^^^^^^^^^^^^^^^^
  File "/home/cah/r2d2/code/fpga/fable5_llm/evidence/qwen9b/sr/r3_pass_tdd.py", line 214, in seg_S
    return RE.schedule_segment(recs, lo, hi, rows, form, rtl), recs
           ^^^^^^^^^^^^^^^^^^^^^^^^^^^^^^^^^^^^^^^^^^^^^^^^^^
KeyError: 'r3'
Traceback (most recent call last):
  File "/home/cah/r2d2/code/fpga/fable5_llm/evidence/qwen9b/sr/r3_pass_tdd.py", line 101, in guarded
    cond, detail = fn()
                   ^^^^
  File "/home/cah/r2d2/code/fpga/fable5_llm/evidence/qwen9b/sr/r3_pass_tdd.py", line 420, in g
    n3, _c, r3 = reorder_at(mk_r3("forced"), form, "r3")
                 ^^^^^^^^^^^^^^^^^^^^^^^^^^^^^^^^^^^^^^^
  File "/home/cah/r2d2/code/fpga/fable5_llm/evidence/qwen9b/sr/r3_pass_tdd.py", line 208, in reorder_at
    return mod.reorder(recs, lambda k, lo, hi: rows, form, cps, rtl=rtl)
           ^^^^^^^^^^^^^^^^^^^^^^^^^^^^^^^^^^^^^^^^^^^^^^^^^^^^^^^^^^^^^
reorder_e4.ReorderError: --rtl 'r3': this pass emits ('r0', 'r1', 'r2')
Traceback (most recent call last):
  File "/home/cah/r2d2/code/fpga/fable5_llm/evidence/qwen9b/sr/r3_pass_tdd.py", line 101, in guarded
    cond, detail = fn()
                   ^^^^
  File "/home/cah/r2d2/code/fpga/fable5_llm/evidence/qwen9b/sr/r3_pass_tdd.py", line 443, in i_
    n3, _c, _r = reorder_at(mk_r3("forced"), form, "r3")
                 ^^^^^^^^^^^^^^^^^^^^^^^^^^^^^^^^^^^^^^^
  File "/home/cah/r2d2/code/fpga/fable5_llm/evidence/qwen9b/sr/r3_pass_tdd.py", line 208, in reorder_at
    return mod.reorder(recs, lambda k, lo, hi: rows, form, cps, rtl=rtl)
           ^^^^^^^^^^^^^^^^^^^^^^^^^^^^^^^^^^^^^^^^^^^^^^^^^^^^^^^^^^^^^
reorder_e4.ReorderError: --rtl 'r3': this pass emits ('r0', 'r1', 'r2')
Traceback (most recent call last):
  File "/home/cah/r2d2/code/fpga/fable5_llm/evidence/qwen9b/sr/r3_pass_tdd.py", line 101, in guarded
    cond, detail = fn()
                   ^^^^
  File "/home/cah/r2d2/code/fpga/fable5_llm/evidence/qwen9b/sr/r3_pass_tdd.py", line 392, in f
    S3, _ = seg_S(mk_r3("forced"), form, "r3")
            ^^^^^^^^^^^^^^^^^^^^^^^^^^^^^^^^^^
  File "/home/cah/r2d2/code/fpga/fable5_llm/evidence/qwen9b/sr/r3_pass_tdd.py", line 214, in seg_S
    return RE.schedule_segment(recs, lo, hi, rows, form, rtl), recs
           ^^^^^^^^^^^^^^^^^^^^^^^^^^^^^^^^^^^^^^^^^^^^^^^^^^
KeyError: 'r3'
Traceback (most recent call last):
  File "/home/cah/r2d2/code/fpga/fable5_llm/evidence/qwen9b/sr/r3_pass_tdd.py", line 101, in guarded
    cond, detail = fn()
                   ^^^^
  File "/home/cah/r2d2/code/fpga/fable5_llm/evidence/qwen9b/sr/r3_pass_tdd.py", line 420, in g
    n3, _c, r3 = reorder_at(mk_r3("forced"), form, "r3")
                 ^^^^^^^^^^^^^^^^^^^^^^^^^^^^^^^^^^^^^^^
  File "/home/cah/r2d2/code/fpga/fable5_llm/evidence/qwen9b/sr/r3_pass_tdd.py", line 208, in reorder_at
    return mod.reorder(recs, lambda k, lo, hi: rows, form, cps, rtl=rtl)
           ^^^^^^^^^^^^^^^^^^^^^^^^^^^^^^^^^^^^^^^^^^^^^^^^^^^^^^^^^^^^^
reorder_e4.ReorderError: --rtl 'r3': this pass emits ('r0', 'r1', 'r2')
Traceback (most recent call last):
  File "/home/cah/r2d2/code/fpga/fable5_llm/evidence/qwen9b/sr/r3_pass_tdd.py", line 101, in guarded
    cond, detail = fn()
                   ^^^^
  File "/home/cah/r2d2/code/fpga/fable5_llm/evidence/qwen9b/sr/r3_pass_tdd.py", line 443, in i_
    n3, _c, _r = reorder_at(mk_r3("forced"), form, "r3")
                 ^^^^^^^^^^^^^^^^^^^^^^^^^^^^^^^^^^^^^^^
  File "/home/cah/r2d2/code/fpga/fable5_llm/evidence/qwen9b/sr/r3_pass_tdd.py", line 208, in reorder_at
    return mod.reorder(recs, lambda k, lo, hi: rows, form, cps, rtl=rtl)
           ^^^^^^^^^^^^^^^^^^^^^^^^^^^^^^^^^^^^^^^^^^^^^^^^^^^^^^^^^^^^^
reorder_e4.ReorderError: --rtl 'r3': this pass emits ('r0', 'r1', 'r2')
Traceback (most recent call last):
  File "/home/cah/r2d2/code/fpga/fable5_llm/evidence/qwen9b/sr/r3_pass_tdd.py", line 101, in guarded
    cond, detail = fn()
                   ^^^^
  File "/home/cah/r2d2/code/fpga/fable5_llm/evidence/qwen9b/sr/r3_pass_tdd.py", line 459, in mut
    n3, _c, r3 = reorder_at(mk_r3("forced"), "B", "r3")
                 ^^^^^^^^^^^^^^^^^^^^^^^^^^^^^^^^^^^^^^
  File "/home/cah/r2d2/code/fpga/fable5_llm/evidence/qwen9b/sr/r3_pass_tdd.py", line 208, in reorder_at
    return mod.reorder(recs, lambda k, lo, hi: rows, form, cps, rtl=rtl)
           ^^^^^^^^^^^^^^^^^^^^^^^^^^^^^^^^^^^^^^^^^^^^^^^^^^^^^^^^^^^^^
reorder_e4.ReorderError: --rtl 'r3': this pass emits ('r0', 'r1', 'r2')
Traceback (most recent call last):
  File "/home/cah/r2d2/code/fpga/fable5_llm/evidence/qwen9b/sr/r3_pass_tdd.py", line 101, in guarded
    cond, detail = fn()
                   ^^^^
  File "/home/cah/r2d2/code/fpga/fable5_llm/evidence/qwen9b/sr/r3_pass_tdd.py", line 487, in f
    n3, _c, r3 = reorder_at(mk_r3("differ"), form, "r3")
                 ^^^^^^^^^^^^^^^^^^^^^^^^^^^^^^^^^^^^^^^
  File "/home/cah/r2d2/code/fpga/fable5_llm/evidence/qwen9b/sr/r3_pass_tdd.py", line 208, in reorder_at
    return mod.reorder(recs, lambda k, lo, hi: rows, form, cps, rtl=rtl)
           ^^^^^^^^^^^^^^^^^^^^^^^^^^^^^^^^^^^^^^^^^^^^^^^^^^^^^^^^^^^^^
reorder_e4.ReorderError: --rtl 'r3': this pass emits ('r0', 'r1', 'r2')
Traceback (most recent call last):
  File "/home/cah/r2d2/code/fpga/fable5_llm/evidence/qwen9b/sr/r3_pass_tdd.py", line 101, in guarded
    cond, detail = fn()
                   ^^^^
  File "/home/cah/r2d2/code/fpga/fable5_llm/evidence/qwen9b/sr/r3_pass_tdd.py", line 504, in m
    n3, _c, _r = reorder_at(mk_r3("differ"), form, "r3")
                 ^^^^^^^^^^^^^^^^^^^^^^^^^^^^^^^^^^^^^^^
  File "/home/cah/r2d2/code/fpga/fable5_llm/evidence/qwen9b/sr/r3_pass_tdd.py", line 208, in reorder_at
    return mod.reorder(recs, lambda k, lo, hi: rows, form, cps, rtl=rtl)
           ^^^^^^^^^^^^^^^^^^^^^^^^^^^^^^^^^^^^^^^^^^^^^^^^^^^^^^^^^^^^^
reorder_e4.ReorderError: --rtl 'r3': this pass emits ('r0', 'r1', 'r2')
Traceback (most recent call last):
  File "/home/cah/r2d2/code/fpga/fable5_llm/evidence/qwen9b/sr/r3_pass_tdd.py", line 101, in guarded
    cond, detail = fn()
                   ^^^^
  File "/home/cah/r2d2/code/fpga/fable5_llm/evidence/qwen9b/sr/r3_pass_tdd.py", line 487, in f
    n3, _c, r3 = reorder_at(mk_r3("differ"), form, "r3")
                 ^^^^^^^^^^^^^^^^^^^^^^^^^^^^^^^^^^^^^^^
  File "/home/cah/r2d2/code/fpga/fable5_llm/evidence/qwen9b/sr/r3_pass_tdd.py", line 208, in reorder_at
    return mod.reorder(recs, lambda k, lo, hi: rows, form, cps, rtl=rtl)
           ^^^^^^^^^^^^^^^^^^^^^^^^^^^^^^^^^^^^^^^^^^^^^^^^^^^^^^^^^^^^^
reorder_e4.ReorderError: --rtl 'r3': this pass emits ('r0', 'r1', 'r2')
Traceback (most recent call last):
  File "/home/cah/r2d2/code/fpga/fable5_llm/evidence/qwen9b/sr/r3_pass_tdd.py", line 101, in guarded
    cond, detail = fn()
                   ^^^^
  File "/home/cah/r2d2/code/fpga/fable5_llm/evidence/qwen9b/sr/r3_pass_tdd.py", line 504, in m
    n3, _c, _r = reorder_at(mk_r3("differ"), form, "r3")
                 ^^^^^^^^^^^^^^^^^^^^^^^^^^^^^^^^^^^^^^^
  File "/home/cah/r2d2/code/fpga/fable5_llm/evidence/qwen9b/sr/r3_pass_tdd.py", line 208, in reorder_at
    return mod.reorder(recs, lambda k, lo, hi: rows, form, cps, rtl=rtl)
           ^^^^^^^^^^^^^^^^^^^^^^^^^^^^^^^^^^^^^^^^^^^^^^^^^^^^^^^^^^^^^
reorder_e4.ReorderError: --rtl 'r3': this pass emits ('r0', 'r1', 'r2')
Traceback (most recent call last):
  File "/home/cah/r2d2/code/fpga/fable5_llm/evidence/qwen9b/sr/r3_pass_tdd.py", line 101, in guarded
    cond, detail = fn()
                   ^^^^
  File "/home/cah/r2d2/code/fpga/fable5_llm/evidence/qwen9b/sr/r3_pass_tdd.py", line 554, in mutated
    n3, _c, _r = reorder_at(mk_r3("plain"), "B", "r3")
                 ^^^^^^^^^^^^^^^^^^^^^^^^^^^^^^^^^^^^^
  File "/home/cah/r2d2/code/fpga/fable5_llm/evidence/qwen9b/sr/r3_pass_tdd.py", line 208, in reorder_at
    return mod.reorder(recs, lambda k, lo, hi: rows, form, cps, rtl=rtl)
           ^^^^^^^^^^^^^^^^^^^^^^^^^^^^^^^^^^^^^^^^^^^^^^^^^^^^^^^^^^^^^
reorder_e4.ReorderError: --rtl 'r3': this pass emits ('r0', 'r1', 'r2')
Traceback (most recent call last):
  File "/home/cah/r2d2/code/fpga/fable5_llm/evidence/qwen9b/sr/r3_pass_tdd.py", line 101, in guarded
    cond, detail = fn()
                   ^^^^
  File "/home/cah/r2d2/code/fpga/fable5_llm/evidence/qwen9b/sr/r3_pass_tdd.py", line 591, in f
    n3, _c, r3 = reorder_at(mk_r3(label), "B", "r3")
                 ^^^^^^^^^^^^^^^^^^^^^^^^^^^^^^^^^^^
  File "/home/cah/r2d2/code/fpga/fable5_llm/evidence/qwen9b/sr/r3_pass_tdd.py", line 208, in reorder_at
    return mod.reorder(recs, lambda k, lo, hi: rows, form, cps, rtl=rtl)
           ^^^^^^^^^^^^^^^^^^^^^^^^^^^^^^^^^^^^^^^^^^^^^^^^^^^^^^^^^^^^^
reorder_e4.ReorderError: --rtl 'r3': this pass emits ('r0', 'r1', 'r2')
Traceback (most recent call last):
  File "/home/cah/r2d2/code/fpga/fable5_llm/evidence/qwen9b/sr/r3_pass_tdd.py", line 101, in guarded
    cond, detail = fn()
                   ^^^^
  File "/home/cah/r2d2/code/fpga/fable5_llm/evidence/qwen9b/sr/r3_pass_tdd.py", line 591, in f
    n3, _c, r3 = reorder_at(mk_r3(label), "B", "r3")
                 ^^^^^^^^^^^^^^^^^^^^^^^^^^^^^^^^^^^
  File "/home/cah/r2d2/code/fpga/fable5_llm/evidence/qwen9b/sr/r3_pass_tdd.py", line 208, in reorder_at
    return mod.reorder(recs, lambda k, lo, hi: rows, form, cps, rtl=rtl)
           ^^^^^^^^^^^^^^^^^^^^^^^^^^^^^^^^^^^^^^^^^^^^^^^^^^^^^^^^^^^^^
reorder_e4.ReorderError: --rtl 'r3': this pass emits ('r0', 'r1', 'r2')
Traceback (most recent call last):
  File "/home/cah/r2d2/code/fpga/fable5_llm/evidence/qwen9b/sr/r3_pass_tdd.py", line 101, in guarded
    cond, detail = fn()
                   ^^^^
  File "/home/cah/r2d2/code/fpga/fable5_llm/evidence/qwen9b/sr/r3_pass_tdd.py", line 591, in f
    n3, _c, r3 = reorder_at(mk_r3(label), "B", "r3")
                 ^^^^^^^^^^^^^^^^^^^^^^^^^^^^^^^^^^^
  File "/home/cah/r2d2/code/fpga/fable5_llm/evidence/qwen9b/sr/r3_pass_tdd.py", line 208, in reorder_at
    return mod.reorder(recs, lambda k, lo, hi: rows, form, cps, rtl=rtl)
           ^^^^^^^^^^^^^^^^^^^^^^^^^^^^^^^^^^^^^^^^^^^^^^^^^^^^^^^^^^^^^
reorder_e4.ReorderError: --rtl 'r3': this pass emits ('r0', 'r1', 'r2')
=== r3_pass_tdd.py  FABLE5_MODEL=9b FABLE5_RS_F=7  base a65f87c
    reorder_e4.RTLS ('r0', 'r1', 'r2'); r3 ABSENT
=== (a) one broadcast per matvec with four live MOVX
  [FAIL] (a) synthetic_r3 form A: 3 matvecs -> 3 broadcasts at 1536 / 0 / 1536, no unicast MOVX, replay <= r2  -- ReorderError: --rtl 'r3': this pass emits ('r0', 'r1', 'r2')
  [FAIL] (a) synthetic_r3 form B: 3 matvecs -> 3 broadcasts at 1536 / 0 / 1536, no unicast MOVX, replay <= r2  -- ReorderError: --rtl 'r3': this pass emits ('r0', 'r1', 'r2')
  [FAIL] (a) _synthetic (one channel): no broadcast, counted unicast-left, r3 stream byte-identical to r2's  -- ReorderError: --rtl 'r3': this pass emits ('r0', 'r1', 'r2')
=== (b) the merged node: the union of the four siblings' edges
  [FAIL] (b) synthetic_r3 form A: every carrier's preds/sdeps == the union of its four siblings' (r2 edges), siblings dead, no live edge onto a sibling  -- KeyError: 'r3'
  [FAIL] (b) synthetic_r3 form B: every carrier's preds/sdeps == the union of its four siblings' (r2 edges), siblings dead, no live edge onto a sibling  -- KeyError: 'r3'
  [FAIL] (b) synthetic_r3 form B: C's broadcast starts after the LATEST of the four channels' readers (channel 3's 3000-cycle stream)  -- KeyError: 'r3'
=== (c) / (i) disagreeing banks: FORCED onto channel 0's bank
  [FAIL] (c) synthetic_r3 forced form A: ONE forced node (B, channel 3, bank 1 -> 0) with the edge from D's channel-3 MVGO (the last reader of bank 0 there) added  -- KeyError: 'r3'
  [FAIL] (c) synthetic_r3 forced form A: counts 3 broadcasts / 1 forced; every consumer's XBANK = its broadcast's window; the model runs it to the r0 output's state  -- ReorderError: --rtl 'r3': this pass emits ('r0', 'r1', 'r2')
  [FAIL] (i) synthetic_r3 forced form A: the forced channel's MVGO XBANK = the forced bank (0), and its later rotation follows (C: bank 1 on all four, not forced)  -- ReorderError: --rtl 'r3': this pass emits ('r0', 'r1', 'r2')
  [FAIL] (c) synthetic_r3 forced form B: ONE forced node (B, channel 3, bank 1 -> 0) with the edge from D's channel-3 MVGO (the last reader of bank 0 there) added  -- KeyError: 'r3'
  [FAIL] (c) synthetic_r3 forced form B: counts 3 broadcasts / 1 forced; every consumer's XBANK = its broadcast's window; the model runs it to the r0 output's state  -- ReorderError: --rtl 'r3': this pass emits ('r0', 'r1', 'r2')
  [FAIL] (i) synthetic_r3 forced form B: the forced channel's MVGO XBANK = the forced bank (0), and its later rotation follows (C: bank 1 on all four, not forced)  -- ReorderError: --rtl 'r3': this pass emits ('r0', 'r1', 'r2')
  [FAIL] (i) the pass's consumer assert passes the output and names a consumer MVGO whose XBANK was flipped  -- ReorderError: --rtl 'r3': this pass emits ('r0', 'r1', 'r2')
=== (d) a group whose siblings differ in source stays unicast
  [FAIL] (d) synthetic_r3 differ form A: E stays four unicast MOVX, counted (two key groups, 4 MOVX)  -- ReorderError: --rtl 'r3': this pass emits ('r0', 'r1', 'r2')
  [FAIL] (d) synthetic_r3 differ form A: the model runs the mixed output to the r0 output's state  -- ReorderError: --rtl 'r3': this pass emits ('r0', 'r1', 'r2')
  [FAIL] (d) synthetic_r3 differ form B: E stays four unicast MOVX, counted (two key groups, 4 MOVX)  -- ReorderError: --rtl 'r3': this pass emits ('r0', 'r1', 'r2')
  [FAIL] (d) synthetic_r3 differ form B: the model runs the mixed output to the r0 output's state  -- ReorderError: --rtl 'r3': this pass emits ('r0', 'r1', 'r2')
=== (e) the hazard assert refuses a broadcast over a pending range on channel 3
  [FAIL] (e) ch3 bank-0 stream pending: broadcast into bank 0 -> HazardError naming mv3  -- no HazardError
  [PASS] (e) ch3 bank-0 stream pending: broadcast into bank 1 (word 1536) -> legal  -- no HazardError
  [FAIL] (e) ch3 bank-1 stream pending: broadcast at word 1540 -> HazardError  -- no HazardError
  [FAIL] (e) ch0 drained by FENCE 0b0001, ch3 still pending -> HazardError naming mv3  -- no HazardError
  [PASS] (e) every channel drained (FENCE 0) -> legal  -- no HazardError
  [PASS] (e) R3-2's M1 row: MVGO no-wait, MVGO wait, then a broadcast -> refused (MVGO on a pending channel)  -- HazardError: R3-5: record 2 MVGO on mv0 while the no-wait MVGO at record 1 is still pending (no FENCE between)
  [FAIL] (e) synthetic_r3 form B output: every broadcast hand-hoisted above the FENCE that drains channel 3's same-bank stream is refused naming mv3  -- ReorderError: --rtl 'r3': this pass emits ('r0', 'r1', 'r2')
=== (f) valid at {R1,R2,R3} only
  [FAIL] (f) synthetic_r3 plain form B: VALID at {R1,R2,R3}; REFUSED at {R1,R2} (first refusal the broadcast), {R1}, {}; rep caps / refused_at_r1r2  -- ReorderError: --rtl 'r3': this pass emits ('r0', 'r1', 'r2')
  [FAIL] (f) synthetic_r3 forced form B: VALID at {R1,R2,R3}; REFUSED at {R1,R2} (first refusal the broadcast), {R1}, {}; rep caps / refused_at_r1r2  -- ReorderError: --rtl 'r3': this pass emits ('r0', 'r1', 'r2')
  [FAIL] (f) synthetic_r3 differ form B: VALID at {R1,R2,R3}; REFUSED at {R1,R2} (first refusal the broadcast), {R1}, {}; rep caps / refused_at_r1r2  -- ReorderError: --rtl 'r3': this pass emits ('r0', 'r1', 'r2')
=== (g) r0 / r1 / r2 byte-identical to the pass at a65f87c
  [PASS] (g) _synthetic form A r0: == the base pass  -- stream True, checkpoints True, manifest True
  [PASS] (g) _synthetic form A r1: == the base pass  -- stream True, checkpoints True, manifest True
  [PASS] (g) _synthetic form A r2: == the base pass  -- stream True, checkpoints True, manifest True
  [PASS] (g) _synthetic form B r0: == the base pass  -- stream True, checkpoints True, manifest True
  [PASS] (g) _synthetic form B r1: == the base pass  -- stream True, checkpoints True, manifest True
  [PASS] (g) _synthetic form B r2: == the base pass  -- stream True, checkpoints True, manifest True
  [PASS] (g) synthetic_r2 form A r0: == the base pass  -- stream True, checkpoints True, manifest True
  [PASS] (g) synthetic_r2 form A r1: == the base pass  -- stream True, checkpoints True, manifest True
  [PASS] (g) synthetic_r2 form A r2: == the base pass  -- stream True, checkpoints True, manifest True
  [PASS] (g) synthetic_r2 form B r0: == the base pass  -- stream True, checkpoints True, manifest True
  [PASS] (g) synthetic_r2 form B r1: == the base pass  -- stream True, checkpoints True, manifest True
  [PASS] (g) synthetic_r2 form B r2: == the base pass  -- stream True, checkpoints True, manifest True
  [PASS] (g) synthetic_r3 form A r0: == the base pass  -- stream True, checkpoints True, manifest True
  [PASS] (g) synthetic_r3 form A r1: == the base pass  -- stream True, checkpoints True, manifest True
  [PASS] (g) synthetic_r3 form A r2: == the base pass  -- stream True, checkpoints True, manifest True
  [PASS] (g) synthetic_r3 form B r0: == the base pass  -- stream True, checkpoints True, manifest True
  [PASS] (g) synthetic_r3 form B r1: == the base pass  -- stream True, checkpoints True, manifest True
  [PASS] (g) synthetic_r3 form B r2: == the base pass  -- stream True, checkpoints True, manifest True
  [PASS] (g) synthetic_r3 forced form A r0: == the base pass  -- stream True, checkpoints True, manifest True
  [PASS] (g) synthetic_r3 forced form A r1: == the base pass  -- stream True, checkpoints True, manifest True
  [PASS] (g) synthetic_r3 forced form A r2: == the base pass  -- stream True, checkpoints True, manifest True
  [PASS] (g) synthetic_r3 forced form B r0: == the base pass  -- stream True, checkpoints True, manifest True
  [PASS] (g) synthetic_r3 forced form B r1: == the base pass  -- stream True, checkpoints True, manifest True
  [PASS] (g) synthetic_r3 forced form B r2: == the base pass  -- stream True, checkpoints True, manifest True
  [PASS] (g) synthetic_r3 differ form A r0: == the base pass  -- stream True, checkpoints True, manifest True
  [PASS] (g) synthetic_r3 differ form A r1: == the base pass  -- stream True, checkpoints True, manifest True
  [PASS] (g) synthetic_r3 differ form A r2: == the base pass  -- stream True, checkpoints True, manifest True
  [PASS] (g) synthetic_r3 differ form B r0: == the base pass  -- stream True, checkpoints True, manifest True
  [PASS] (g) synthetic_r3 differ form B r1: == the base pass  -- stream True, checkpoints True, manifest TrueTraceback (most recent call last):
  File "/home/cah/r2d2/code/fpga/fable5_llm/evidence/qwen9b/sr/r3_pass_tdd.py", line 101, in guarded
    cond, detail = fn()
                   ^^^^
  File "/home/cah/r2d2/code/fpga/fable5_llm/evidence/qwen9b/sr/r3_pass_tdd.py", line 680, in man
    b = reorder_at(mk, "B", "r3")
        ^^^^^^^^^^^^^^^^^^^^^^^^^
  File "/home/cah/r2d2/code/fpga/fable5_llm/evidence/qwen9b/sr/r3_pass_tdd.py", line 208, in reorder_at
    return mod.reorder(recs, lambda k, lo, hi: rows, form, cps, rtl=rtl)
           ^^^^^^^^^^^^^^^^^^^^^^^^^^^^^^^^^^^^^^^^^^^^^^^^^^^^^^^^^^^^^
reorder_e4.ReorderError: --rtl 'r3': this pass emits ('r0', 'r1', 'r2')
Traceback (most recent call last):
  File "/home/cah/r2d2/code/fpga/fable5_llm/evidence/qwen9b/sr/r3_pass_tdd.py", line 101, in guarded
    cond, detail = fn()
                   ^^^^
  File "/home/cah/r2d2/code/fpga/fable5_llm/evidence/qwen9b/sr/r3_pass_tdd.py", line 745, in h4
    S3, _ = seg_S(mk_r3("forced"), "B", "r3")
            ^^^^^^^^^^^^^^^^^^^^^^^^^^^^^^^^^
  File "/home/cah/r2d2/code/fpga/fable5_llm/evidence/qwen9b/sr/r3_pass_tdd.py", line 214, in seg_S
    return RE.schedule_segment(recs, lo, hi, rows, form, rtl), recs
           ^^^^^^^^^^^^^^^^^^^^^^^^^^^^^^^^^^^^^^^^^^^^^^^^^^
KeyError: 'r3'

  [PASS] (g) synthetic_r3 differ form B r2: == the base pass  -- stream True, checkpoints True, manifest True
=== cost source: CSV (BN1 timeline of model_9b_s1, skeleton-matched)
=== window template /home/cah/r2d2/code/fpga/fable5_llm/tb/scripts/w9/model_9b_s1.e4.seq sha256 9760899df53b3b42 MATCH
=== timeline /home/cah/r2d2/code/fpga/fable5_llm/evidence/qwen9b/bn/bn_timeline_model_9b_s1.csv
    sha256 a9e74bd01954f12ebf417663000b81641aa6e44d7f8d5d2145aa054bafebfb78  committed a9e74bd01954f12ebf417663000b81641aa6e44d7f8d5d2145aa054bafebfb78  MATCH
    R rows read 237784; kept tokens (1, 2, 3, 4): tok1=39624, tok2=39623, tok3=39625, tok4=39624
    template segments (tok: lo..hi): tok1: 39..39662, tok2: 39663..79285, tok3: 79286..118910, tok4: 118911..158534
    segment 0 (39..39662) <- template tok1 (39..39662) windows
    segment 1 (39663..79285) <- template tok2 (39663..79285) windows
    segment 2 (79286..118910) <- template tok3 (79286..118910) windows
    segment 3 (118911..158534) <- template tok4 (118911..158534) windows
  [PASS] (g) model_9b_s1 form B CSV r0 == its pin (FULL sha256)  -- regenerated 57ec3051a0d6e68ee689859bc020b44001bcce6323b8d5c78415055853bee4da, pin 57ec3051a0d6e68ee689859bc020b44001bcce6323b8d5c78415055853bee4da
=== cost source: CSV (BN1 timeline of model_9b_s1, skeleton-matched)
=== window template /home/cah/r2d2/code/fpga/fable5_llm/tb/scripts/w9/model_9b_s1.e4.seq sha256 9760899df53b3b42 MATCH
=== timeline /home/cah/r2d2/code/fpga/fable5_llm/evidence/qwen9b/bn/bn_timeline_model_9b_s1.csv
    sha256 a9e74bd01954f12ebf417663000b81641aa6e44d7f8d5d2145aa054bafebfb78  committed a9e74bd01954f12ebf417663000b81641aa6e44d7f8d5d2145aa054bafebfb78  MATCH
    R rows read 237784; kept tokens (1, 2, 3, 4): tok1=39624, tok2=39623, tok3=39625, tok4=39624
    template segments (tok: lo..hi): tok1: 39..39662, tok2: 39663..79285, tok3: 79286..118910, tok4: 118911..158534
    segment 0 (39..39662) <- template tok1 (39..39662) windows
    segment 1 (39663..79285) <- template tok2 (39663..79285) windows
    segment 2 (79286..118910) <- template tok3 (79286..118910) windows
    segment 3 (118911..158534) <- template tok4 (118911..158534) windows
  [PASS] (g) model_9b_s1 form B CSV r1 == its pin (FULL sha256)  -- regenerated 4e11a2ae6872970ecb61e2bb37524b7bd863815e47df1fb9c3af2fbb3218cb28, pin 4e11a2ae6872970ecb61e2bb37524b7bd863815e47df1fb9c3af2fbb3218cb28
=== cost source: CSV (BN1 timeline of model_9b_s1, skeleton-matched)
=== window template /home/cah/r2d2/code/fpga/fable5_llm/tb/scripts/w9/model_9b_s1.e4.seq sha256 9760899df53b3b42 MATCH
=== timeline /home/cah/r2d2/code/fpga/fable5_llm/evidence/qwen9b/bn/bn_timeline_model_9b_s1.csv
    sha256 a9e74bd01954f12ebf417663000b81641aa6e44d7f8d5d2145aa054bafebfb78  committed a9e74bd01954f12ebf417663000b81641aa6e44d7f8d5d2145aa054bafebfb78  MATCH
    R rows read 237784; kept tokens (1, 2, 3, 4): tok1=39624, tok2=39623, tok3=39625, tok4=39624
    template segments (tok: lo..hi): tok1: 39..39662, tok2: 39663..79285, tok3: 79286..118910, tok4: 118911..158534
    segment 0 (39..39662) <- template tok1 (39..39662) windows
    segment 1 (39663..79285) <- template tok2 (39663..79285) windows
    segment 2 (79286..118910) <- template tok3 (79286..118910) windows
    segment 3 (118911..158534) <- template tok4 (118911..158534) windows
  [PASS] (g) model_9b_s1 form B CSV r2 == its pin (FULL sha256)  -- regenerated 117ed8b061d5662517d67f905ff1b5900520ba39eff680548e8af9a7efc17d19, pin 117ed8b061d5662517d67f905ff1b5900520ba39eff680548e8af9a7efc17d19
  [FAIL] (g) write_out at r3: seq_isa 2.3, caps [R1,R2,R3], rtl r3, shape_isa kept, broadcasts / forced / unicast-left counts, refused_at_r1r2  -- ReorderError: --rtl 'r3': this pass emits ('r0', 'r1', 'r2')
=== (h) the channel-keyed paths meet chan 0xF by name
  [FAIL] (h) hazard assert: a broadcast is checked against every channel, not filed under channel 15  -- a broadcast over channel 3's pending range passed (filed under channel 15, nothing checked)
  [FAIL] (h) hazard assert: a MVGO with chan 0xF is refused BY NAME  -- a MVGO with chan 0xF passed
  [FAIL] (h) the pass refuses an INPUT carrying a broadcast by name (before the census's per-channel elision key)  -- KeyError (not by name): 15
  [FAIL] (h) replay() / predict() on an order containing broadcasts: handled (the carrier node), equal to the report  -- KeyError: 'r3'
  [FAIL] (h) the census (build_edges) never sees a chan-15 MOVX node on an r3 run that emits broadcasts  -- build_edges calls 1, any with a chan-15 MOVX False
=== per case: (a) 0/3  (b) 0/3  (c) 0/4  (d) 0/4  (e) 3/7  (f) 0/3  (g) 33/34  (h) 0/5  (i) 0/3
=== 36 passed, 30 failed; failing cases: ['a', 'b', 'c', 'd', 'e', 'f', 'g', 'h', 'i']
R3-5 PASS TDD: FAIL
=== rc  : 1
=== end : 2026-09-29T20:17:52-06:00
