=== host: snoke  date: 2026-09-29T20:30:53-06:00
=== tree: b7a230b+dirty
=== dirty:  M tb/Makefile
=== dirty:  M tb/scripts/gen_seq_unit_vectors.py
=== dirty:  M tb/seq_stub_mvchan.sv
=== dirty:  M tb/tb_matvec_chan.sv
=== dirty:  M tb/tb_seq_unit.sv
=== dirty: ?? tb/scripts/w9_r3regen/
=== cmd : bash evidence/qwen9b/sr/r3_5_pin_compare.sh
=== env : FABLE5_MODEL=unset
=== venv: /home/cah/.venv/bin/python (shipped venv (no interpreter named in cmd)): 3.12.3 numpy 2.4.6
r0 s1 model_9b_s1_reordB
    regenerated .seq  57ec3051a0d6e68ee689859bc020b44001bcce6323b8d5c78415055853bee4da
    its manifest      57ec3051a0d6e68ee689859bc020b44001bcce6323b8d5c78415055853bee4da
    pin digest        57ec3051a0d6e68ee689859bc020b44001bcce6323b8d5c78415055853bee4da
    pinned file       57ec3051a0d6e68ee689859bc020b44001bcce6323b8d5c78415055853bee4da
    manifest bytes vs the pin's: DIFFERS; .seqdata.bin: IDENTICAL  -> OK
r0 s2 model_9b_s2_reordB
    regenerated .seq  e883a016e1ee5e2bf2608b72747e6a9dbaa4e6149ee712241de1b5221ce7790b
    its manifest      e883a016e1ee5e2bf2608b72747e6a9dbaa4e6149ee712241de1b5221ce7790b
    pin digest        e883a016e1ee5e2bf2608b72747e6a9dbaa4e6149ee712241de1b5221ce7790b
    pinned file       e883a016e1ee5e2bf2608b72747e6a9dbaa4e6149ee712241de1b5221ce7790b
    manifest bytes vs the pin's: DIFFERS; .seqdata.bin: IDENTICAL  -> OK
r0 s3 model_9b_s3_reordB
    regenerated .seq  42fa77cbdb2f1c206386e69534eded424d4b42cb6915a59bb467c6cf24cfdd63
    its manifest      42fa77cbdb2f1c206386e69534eded424d4b42cb6915a59bb467c6cf24cfdd63
    pin digest        42fa77cbdb2f1c206386e69534eded424d4b42cb6915a59bb467c6cf24cfdd63
    pinned file       42fa77cbdb2f1c206386e69534eded424d4b42cb6915a59bb467c6cf24cfdd63
    manifest bytes vs the pin's: DIFFERS; .seqdata.bin: IDENTICAL  -> OK
r0 s4 model_9b_s4_reordB
    regenerated .seq  059e0ba6820f064667bb2b80f4d2eaacb972626452c3339a1ffa2b8064674d5d
    its manifest      059e0ba6820f064667bb2b80f4d2eaacb972626452c3339a1ffa2b8064674d5d
    pin digest        059e0ba6820f064667bb2b80f4d2eaacb972626452c3339a1ffa2b8064674d5d
    pinned file       059e0ba6820f064667bb2b80f4d2eaacb972626452c3339a1ffa2b8064674d5d
    manifest bytes vs the pin's: DIFFERS; .seqdata.bin: IDENTICAL  -> OK
r1 s1 model_9b_s1_reordB_r1
    regenerated .seq  4e11a2ae6872970ecb61e2bb37524b7bd863815e47df1fb9c3af2fbb3218cb28
    its manifest      4e11a2ae6872970ecb61e2bb37524b7bd863815e47df1fb9c3af2fbb3218cb28
    pin digest        4e11a2ae6872970ecb61e2bb37524b7bd863815e47df1fb9c3af2fbb3218cb28
    pinned file       4e11a2ae6872970ecb61e2bb37524b7bd863815e47df1fb9c3af2fbb3218cb28
    manifest bytes vs the pin's: IDENTICAL; .seqdata.bin: IDENTICAL  -> OK
r1 s2 model_9b_s2_reordB_r1
    regenerated .seq  cc982e4f66be17cef279bf09dcbc36d1170a4347b68b90e31a51d5993b93bbd4
    its manifest      cc982e4f66be17cef279bf09dcbc36d1170a4347b68b90e31a51d5993b93bbd4
    pin digest        cc982e4f66be17cef279bf09dcbc36d1170a4347b68b90e31a51d5993b93bbd4
    pinned file       cc982e4f66be17cef279bf09dcbc36d1170a4347b68b90e31a51d5993b93bbd4
    manifest bytes vs the pin's: IDENTICAL; .seqdata.bin: IDENTICAL  -> OK
r1 s3 model_9b_s3_reordB_r1
    regenerated .seq  0f85a974ffa9aa7e9431202e9346b74073fb0ab51624bb3720edb3927946fe3b
    its manifest      0f85a974ffa9aa7e9431202e9346b74073fb0ab51624bb3720edb3927946fe3b
    pin digest        0f85a974ffa9aa7e9431202e9346b74073fb0ab51624bb3720edb3927946fe3b
    pinned file       0f85a974ffa9aa7e9431202e9346b74073fb0ab51624bb3720edb3927946fe3b
    manifest bytes vs the pin's: IDENTICAL; .seqdata.bin: IDENTICAL  -> OK
r1 s4 model_9b_s4_reordB_r1
    regenerated .seq  492e0def197b635b9e64b01e2ff1637bc4f1eda4db0899961e994160274e6c95
    its manifest      492e0def197b635b9e64b01e2ff1637bc4f1eda4db0899961e994160274e6c95
    pin digest        492e0def197b635b9e64b01e2ff1637bc4f1eda4db0899961e994160274e6c95
    pinned file       492e0def197b635b9e64b01e2ff1637bc4f1eda4db0899961e994160274e6c95
    manifest bytes vs the pin's: IDENTICAL; .seqdata.bin: IDENTICAL  -> OK
r2 s1 model_9b_s1_reordB_r2
    regenerated .seq  117ed8b061d5662517d67f905ff1b5900520ba39eff680548e8af9a7efc17d19
    its manifest      117ed8b061d5662517d67f905ff1b5900520ba39eff680548e8af9a7efc17d19
    pin digest        117ed8b061d5662517d67f905ff1b5900520ba39eff680548e8af9a7efc17d19
    pinned file       117ed8b061d5662517d67f905ff1b5900520ba39eff680548e8af9a7efc17d19
    manifest bytes vs the pin's: IDENTICAL; .seqdata.bin: IDENTICAL  -> OK
r2 s2 model_9b_s2_reordB_r2
    regenerated .seq  5d0a8bdd8298ea252af063041c63bb5df654a9aa834be4acb66e8772c23c6756
    its manifest      5d0a8bdd8298ea252af063041c63bb5df654a9aa834be4acb66e8772c23c6756
    pin digest        5d0a8bdd8298ea252af063041c63bb5df654a9aa834be4acb66e8772c23c6756
    pinned file       5d0a8bdd8298ea252af063041c63bb5df654a9aa834be4acb66e8772c23c6756
    manifest bytes vs the pin's: IDENTICAL; .seqdata.bin: IDENTICAL  -> OK
r2 s3 model_9b_s3_reordB_r2
    regenerated .seq  e35772cc8ed3e554bd3f1fbe93e2f40a754b70e2ea98adaa94d66e71a097a70c
    its manifest      e35772cc8ed3e554bd3f1fbe93e2f40a754b70e2ea98adaa94d66e71a097a70c
    pin digest        e35772cc8ed3e554bd3f1fbe93e2f40a754b70e2ea98adaa94d66e71a097a70c
    pinned file       e35772cc8ed3e554bd3f1fbe93e2f40a754b70e2ea98adaa94d66e71a097a70c
    manifest bytes vs the pin's: IDENTICAL; .seqdata.bin: IDENTICAL  -> OK
r2 s4 model_9b_s4_reordB_r2
    regenerated .seq  8b16c7b15d1f204a00bc47b3cce11f8c85dc580ee4294f069451d41155b28563
    its manifest      8b16c7b15d1f204a00bc47b3cce11f8c85dc580ee4294f069451d41155b28563
    pin digest        8b16c7b15d1f204a00bc47b3cce11f8c85dc580ee4294f069451d41155b28563
    pinned file       8b16c7b15d1f204a00bc47b3cce11f8c85dc580ee4294f069451d41155b28563
    manifest bytes vs the pin's: IDENTICAL; .seqdata.bin: IDENTICAL  -> OK
R3_5_PIN_COMPARE: 12 compared, 0 differ -> PASS
=== rc  : 0
=== end : 2026-09-29T20:31:08-06:00
