=== host: snoke  date: 2026-09-29T20:32:51-06:00
=== tree: 423603f
=== cmd : bash evidence/qwen9b/sr/sr11b_gate.sh model_9b_s4_reordB_r3 model_9b_s4 R1,R2,R3
=== env : FABLE5_MODEL=unset
=== venv: /home/cah/.venv/bin/python (shipped venv (no interpreter named in cmd)): 3.12.3 numpy 2.4.6
=== interpreter /home/cah/.venv/bin/python ; seq /home/cah/r2d2/code/fpga/fable5_llm/tb/scripts/w9/model_9b_s4_reordB_r3.e4 ; base /home/cah/r2d2/code/fpga/fable5_llm/tb/scripts/w9/model_9b_s4 ; caps R1,R2,R3
=== seq sha256 735a73882ecaad2cfe183debdd25e971f28d500ba03f9eefb1b58d65450f23f4
--- SEQ gate: /home/cah/r2d2/code/fpga/fable5_llm/tb/scripts/w9/model_9b_s4_reordB_r3.e4
  stream   159176 records, 2546816 B (sha256 735a73882ecaad2c)
  seqdata  563712 B (sha256 4a7784f2f2c47e07)
  profile  epsnorm   newops from layer_fixed (agent A)
  opcodes  {'CSRWR': 106244, 'CMD': 35286, 'MOVX': 516, 'MOVY': 5480, 'MVGO': 5480, 'EMB': 4, 'AMAXL': 4, 'JMP': 1, 'FENCE': 5480, 'HALT': 1, 'LDC*': 644, 'XOP*': 36}
  caps     ['R1', 'R2', 'R3'] (validated and executed at this set; SEQ_ISA v2.3 B17.0)
  loop     3 steps  (looped)  STRUCTURALLY SAFE
  .txt     56576 commands, 21763584 host-relayed words, checks {'R': 2358, 'E': 1494, 'A': 6, 'V': 1494} (121.6s)
  .seq     52928 commands issued, movers MOVX=774 MVGO=8220 MOVY=8220 LDC=966 EMB=6 AMAXL=6 (831.1s)
  CHECKPT  2358/2358 live-state checkpoints sampled, ALL BIT-EXACT
  SCRATCH  4095 of 65536 words differ at the end; 0 outside the declared y32 staging windows (28672 words) -> CLEAN
  BANKED   BIT-EXACT (conv/S/KV/TCNT/EOUT/AMAX)
  STATE    BIT-EXACT (112 block(s) stored; .txt vs .seq vs the emitter's StateImage)
  TOKENS   IDENTICAL  [11, 0, 271, 803, 369, 498]
SEQ GATE: PASS
=== gate wall 954s rc=0
=== rc  : 0
=== end : 2026-09-29T20:48:45-06:00
