=== host: snoke  date: 2026-09-29T20:48:57-06:00
=== tree: 761d1b7+dirty
=== dirty: ?? evidence/qwen9b/sr/R3_5_PASS.md
=== cmd : bash evidence/qwen9b/sr/r3_8_bdcheck.sh r3_bdcheck2
=== env : FABLE5_MODEL=unset
=== venv: /home/cah/.venv/bin/python (shipped venv (no interpreter named in cmd)): 3.12.3 numpy 2.4.6
BD out /home/cah/r2d2/code/fpga/fable5_llm/synth/out_r3_bdcheck2 ; VERSION 761d1b78 ; create_project.tcl sha256 defefc11bc9a5fa9
vivado rc 0
BD CREATE_PROJECT_OK: 1
BD create.log ERROR: 0  CRITICAL WARNING: 11  WARNING: 87
BD reference synth/out_build_045_r2/create.log ERROR: 0  CRITICAL WARNING: 11
BD CRITICAL WARNING set: IDENTICAL to synth/out_build_045_r2/create.log
XPUSH_NET: /seq_0_xpush0_valid seq_0/xpush0_valid -> mvchan_0/xpush_valid bits 1 clocks /xdma_0_axi_aclk -> /xdma_0_axi_aclk
XPUSH_NET: /seq_0_xpush0_idx seq_0/xpush0_idx -> mvchan_0/xpush_idx bits 12 clocks /xdma_0_axi_aclk -> /xdma_0_axi_aclk
XPUSH_NET: /seq_0_xpush0_data seq_0/xpush0_data -> mvchan_0/xpush_data bits 32 clocks /xdma_0_axi_aclk -> /xdma_0_axi_aclk
XPUSH_NET: /mvchan_0_xpush_room mvchan_0/xpush_room -> seq_0/xpush0_room bits 1 clocks /xdma_0_axi_aclk -> /xdma_0_axi_aclk
XPUSH_NET: /mvchan_0_xpush_busy mvchan_0/xpush_busy -> seq_0/xpush0_busy bits 1 clocks /xdma_0_axi_aclk -> /xdma_0_axi_aclk
XPUSH_NET: /seq_0_xpush1_valid seq_0/xpush1_valid -> mvchan_1/xpush_valid bits 1 clocks /xdma_0_axi_aclk -> /xdma_0_axi_aclk
XPUSH_NET: /seq_0_xpush1_idx seq_0/xpush1_idx -> mvchan_1/xpush_idx bits 12 clocks /xdma_0_axi_aclk -> /xdma_0_axi_aclk
XPUSH_NET: /seq_0_xpush1_data seq_0/xpush1_data -> mvchan_1/xpush_data bits 32 clocks /xdma_0_axi_aclk -> /xdma_0_axi_aclk
XPUSH_NET: /mvchan_1_xpush_room mvchan_1/xpush_room -> seq_0/xpush1_room bits 1 clocks /xdma_0_axi_aclk -> /xdma_0_axi_aclk
XPUSH_NET: /mvchan_1_xpush_busy mvchan_1/xpush_busy -> seq_0/xpush1_busy bits 1 clocks /xdma_0_axi_aclk -> /xdma_0_axi_aclk
XPUSH_NET: /seq_0_xpush2_valid seq_0/xpush2_valid -> mvchan_2/xpush_valid bits 1 clocks /xdma_0_axi_aclk -> /xdma_0_axi_aclk
XPUSH_NET: /seq_0_xpush2_idx seq_0/xpush2_idx -> mvchan_2/xpush_idx bits 12 clocks /xdma_0_axi_aclk -> /xdma_0_axi_aclk
XPUSH_NET: /seq_0_xpush2_data seq_0/xpush2_data -> mvchan_2/xpush_data bits 32 clocks /xdma_0_axi_aclk -> /xdma_0_axi_aclk
XPUSH_NET: /mvchan_2_xpush_room mvchan_2/xpush_room -> seq_0/xpush2_room bits 1 clocks /xdma_0_axi_aclk -> /xdma_0_axi_aclk
XPUSH_NET: /mvchan_2_xpush_busy mvchan_2/xpush_busy -> seq_0/xpush2_busy bits 1 clocks /xdma_0_axi_aclk -> /xdma_0_axi_aclk
XPUSH_NET: /seq_0_xpush3_valid seq_0/xpush3_valid -> mvchan_3/xpush_valid bits 1 clocks /xdma_0_axi_aclk -> /xdma_0_axi_aclk
XPUSH_NET: /seq_0_xpush3_idx seq_0/xpush3_idx -> mvchan_3/xpush_idx bits 12 clocks /xdma_0_axi_aclk -> /xdma_0_axi_aclk
XPUSH_NET: /seq_0_xpush3_data seq_0/xpush3_data -> mvchan_3/xpush_data bits 32 clocks /xdma_0_axi_aclk -> /xdma_0_axi_aclk
XPUSH_NET: /mvchan_3_xpush_room mvchan_3/xpush_room -> seq_0/xpush3_room bits 1 clocks /xdma_0_axi_aclk -> /xdma_0_axi_aclk
XPUSH_NET: /mvchan_3_xpush_busy mvchan_3/xpush_busy -> seq_0/xpush3_busy bits 1 clocks /xdma_0_axi_aclk -> /xdma_0_axi_aclk
XPUSH_BUS_OK: 20 BD nets, 188 bits (47 per channel: 45 forward + 2 return), every end on /xdma_0_axi_aclk
BD validate_bd_design calls completed: 1, save_bd_design: 1
=== rc  : 0
=== end : 2026-09-29T20:53:00-06:00
