=== host: snoke  date: 2026-09-29T23:16:07-06:00
=== tree: be84add+dirty
=== dirty: ?? evidence/qwen9b/sr/R3_8_RTL.md
=== cmd : bash evidence/qwen9b/sr/run_sr_chip.sh lay9b_s1 lay9b_s1 control
=== env : FABLE5_MODEL=unset
=== venv: /home/cah/.venv/bin/python (shipped venv (no interpreter named in cmd)): 3.12.3 numpy 2.4.6
=== binary   /home/cah/r2d2/code/fpga/fable5_llm/tb/obj_dir_seq_chip_srr3/tb_seq_chip_9b_srr3
=== built    2026-09-29T20:52:32-06:00  sha256 c64e745323652d6fd2c566535e1e1fdec49c44c40d21db97b8b77ffdc1f19e9c
=== seq      /home/cah/r2d2/code/fpga/fable5_llm/tb/scripts/w9/lay9b_s1.e4  (.seq sha256 b6ba7d8dcbadd11d, .chip sha256 66bf377f441a6bc5)
=== base     /home/cah/r2d2/code/fpga/fable5_llm/tb/scripts/w9/lay9b_s1   mode: control
=== watchdog 172800000 ms
=== stdout   /home/cah/r2d2/code/fpga/fable5_llm/tb/scripts_scratch/r3_8_dbgr3/srr3_seed_lay9b_s1_control.log
Terminated
=== wall     1258s   rc=143
--- verdict lines
    NO PASS LINE — last 15 lines:
    CYCLES measured  
    CONTROL: no SEQ_TIMELINE block, as required
--- wall 1258s
SR_CHIP lay9b_s1 control: FAIL
=== rc  : 1
=== end : 2026-09-29T23:37:05-06:00
