=== host: snoke  date: 2026-09-29T20:54:07-06:00
=== tree: 7bb4a69
=== cmd : bash evidence/qwen9b/sr/run_sr_chip.sh model_9b_s1 model_9b_s1 control --cycles-equal 196706821 --tokens-ref evidence/qwen9b/s4/S4_REPLAY.md
=== env : FABLE5_MODEL=unset
=== venv: /home/cah/.venv/bin/python (shipped venv (no interpreter named in cmd)): 3.12.3 numpy 2.4.6
=== binary   /home/cah/r2d2/code/fpga/fable5_llm/tb/obj_dir_seq_chip_srr3/tb_seq_chip_9b_srr3
=== built    2026-09-29T20:52:32-06:00  sha256 c64e745323652d6fd2c566535e1e1fdec49c44c40d21db97b8b77ffdc1f19e9c
=== seq      /home/cah/r2d2/code/fpga/fable5_llm/tb/scripts/w9/model_9b_s1.e4  (.seq sha256 9760899df53b3b42, .chip sha256 e883928115deab91)
=== base     /home/cah/r2d2/code/fpga/fable5_llm/tb/scripts/w9/model_9b_s1   mode: control
=== watchdog 172800000 ms
=== stdout   /home/cah/r2d2/code/fpga/fable5_llm/tb/obj_dir_seq_chip_srr3/srr3_seed_model_9b_s1_control.log
=== cycles-equal 196706821
=== tokens-ref /home/cah/r2d2/code/fpga/fable5_llm/evidence/qwen9b/s4/S4_REPLAY.md (record of model_9b_s1)
evidence/qwen9b/sr/run_sr_chip.sh: line 142: 1553662 Aborted                 (core dumped) "$BIN" +seq=$W9/$SEQ.e4 +base=$W9/$BASE +watchdog_ms=$WD ${CSV:+ +timeline=$CSV} > "$LOG" 2>&1
=== wall     8423s   rc=134
--- verdict lines
    tb_seq_chip: launch 0 [-] rec_off 0, 158536 records, 6 tokens, 36864 scratch words, NMV=4 WIMGPC=1 LAT=4 DDRLAT=32 WLAT=40
    [1200000396000] %Fatal: tb_seq_chip.sv:984: Assertion failed in TOP.tb_seq_chip.unnamedblk7.unnamedblk15: SEQ never halted (STATUS 00000001)
    %Error: /tmp/sr_src_761d1b7_srr3/tb/tb_seq_chip.sv:984: Verilog $stop
    NO PASS LINE — last 15 lines:
        mem region 0: 2536576 B @ 000090000000   /home/cah/r2d2/code/fpga/fable5_llm/tb/scripts/w9/model_9b_s1.e4.seq
        mem region 1: 563712 B @ 000080000000   /home/cah/r2d2/code/fpga/fable5_llm/tb/scripts/w9/model_9b_s1.e4.seqdata.bin
        mem region 2: 2034237440 B @ 000060000000   /home/cah/r2d2/code/fpga/fable5_llm/tb/scripts/w9/model_9b_s1.emb.bin
        state window: 162529280 B image   /home/cah/r2d2/code/fpga/fable5_llm/tb/scripts/w9/model_9b_s1.state.bin
        mem region 0: 1026097152 B @ 000010000000   /home/cah/r2d2/code/fpga/fable5_llm/tb/scripts/w9/model_9b_s1.wimg0.bin
        mem region 0: 1022853120 B @ 000010000000   /home/cah/r2d2/code/fpga/fable5_llm/tb/scripts/w9/model_9b_s1.wimg1.bin
        mem region 0: 1021771776 B @ 000010000000   /home/cah/r2d2/code/fpga/fable5_llm/tb/scripts/w9/model_9b_s1.wimg2.bin
        mem region 0: 1021771776 B @ 000010000000   /home/cah/r2d2/code/fpga/fable5_llm/tb/scripts/w9/model_9b_s1.wimg3.bin
      tb_seq_chip: launch 0 [-] rec_off 0, 158536 records, 6 tokens, 36864 scratch words, NMV=4 WIMGPC=1 LAT=4 DDRLAT=32 WLAT=40
      [1200000396000] %Fatal: tb_seq_chip.sv:984: Assertion failed in TOP.tb_seq_chip.unnamedblk7.unnamedblk15: SEQ never halted (STATUS 00000001)
      %Error: /tmp/sr_src_761d1b7_srr3/tb/tb_seq_chip.sv:984: Verilog $stop
      Aborting...
    CYCLES measured  
    CYCLES DIFFER: no cycle count measured, reference 196706821 — STOP
    TOKENS measured  []
    TOKENS record    [2614,314,279,369,11751,13]  (S4_REPLAY.md, model_9b_s1)
    TOKENS DIFFER — step 0: measured <none>, record 2614 — STOP
    CONTROL: no SEQ_TIMELINE block, as required
--- wall 8423s
SR_CHIP model_9b_s1 control: FAIL
=== rc  : 1
=== end : 2026-09-29T23:14:31-06:00
