=== host: snoke  date: 2026-09-29T23:59:25-06:00
=== tree: e4d8166+dirty
=== dirty: ?? evidence/qwen9b/sr/R3_8_RTL.md
=== cmd : bash evidence/qwen9b/sr/r3_2_drift.sh e4d8166 --check
=== env : FABLE5_MODEL=unset
=== venv: /home/cah/.venv/bin/python (shipped venv (no interpreter named in cmd)): 3.12.3 numpy 2.4.6
o3 citation-drift gate  [check]
  code base  ec7c2be
  doc base   e4d8166
  files      15 edited files
  citations  773 distinct (file, line) pairs
  unmoved    749
  half-ranges 11 (one endpoint unresolved — NEVER rewritten)
  UNRESOLVED rtl/matvec_chan.sv:187 (the cited line was rewritten or deleted)   'output logic        mv_busy_bm,'
             cited by evidence/qwen9b/bm/BM1_T1_GATE.md
  UNRESOLVED rtl/matvec_chan.sv:256 (the cited line was rewritten or deleted)   '// wins (see the arbitration note in the header).'
             cited by docs/superpowers/plans/2026-09-29-r3-broadcast.md
  UNRESOLVED rtl/matvec_chan.sv:263 (the cited line was rewritten or deleted)   'wire  [43:0] xf_din  = xf_push_a ? xf_din_a : xf_din_b;'
             cited by docs/superpowers/plans/2026-09-29-r3-broadcast.md, docs/superpowers/specs/2026-09-27-seq-rtl-round-design.md
  UNRESOLVED rtl/matvec_chan.sv:592 (the cited line was rewritten or deleted)   "wire ws_can   = wb_win ? (!xf_full && !xf_push_a && !axil_wr_commit) : 1'b1;"
             cited by docs/superpowers/plans/2026-09-29-r3-broadcast.md
  UNRESOLVED rtl/matvec_chan_ipi.v:178 (the cited line was rewritten or deleted)   '.mv_busy_bm(mv_busy_bm),'
             cited by docs/superpowers/plans/2026-09-29-r3-broadcast.md
  UNRESOLVED rtl/seq_movers.sv:105 (the cited line was rewritten or deleted)   'input  wire [11:0]  cmd_row,        // MOVY RES start row   (SEQ_ISA B17.2, SR'
             cited by evidence/qwen9b/sr/SR12_R2_RTL.md
  UNRESOLVED rtl/seq_movers.sv:252 (the cited line was rewritten or deleted)   'logic [11:0] xword_q;'
             cited by evidence/qwen9b/sr/SR12_R2_RTL.md
  UNRESOLVED rtl/seq_movers.sv:644 (the cited line was rewritten or deleted)   'xword_q   <= cmd_xword;          // SR12: B17.2 XWIN start word'
             cited by evidence/qwen9b/sr/SR12_R2_RTL.md
  UNRESOLVED rtl/seq_movers.sv:663 (the cited line was rewritten or deleted)   'X_SPTR: if (wr_fire) st <= X_XPTR;'
             cited by docs/superpowers/plans/2026-09-29-r3-broadcast.md
  UNRESOLVED rtl/seq_movers.sv:707 (the cited line was rewritten or deleted)   'X_END: if (wr_idle && bw_idle) begin'
             cited by docs/superpowers/specs/2026-09-27-seq-rtl-round-design.md
  UNRESOLVED rtl/seq_movers.sv:715 (the cited line was rewritten or deleted)   'end else st <= S_DONE;'
             cited by evidence/qwen9b/sr/R3_7_PREDICTION.md
  UNRESOLVED rtl/seq_unit.sv:272 (the cited line was rewritten or deleted)   'input  wire [3:0]   mv_busy_bm,'
             cited by evidence/qwen9b/bm/BM1_T1_GATE.md
  UNRESOLVED rtl/seq_unit.sv:335 (the cited line was rewritten or deleted)   '// copy of sw/hwmap.py\'s seq_caps_word({"R1", "R2"}) = 0xFAB1CA03 since'
             cited by evidence/qwen9b/sr/sr11c_hand_repairs.py
  UNRESOLVED rtl/seq_unit.sv:336 (the cited line was rewritten or deleted)   '// SR12 (R1 alone was 0xFAB1CA01); the unit TB reads it back against the'
             cited by evidence/qwen9b/sr/sr11c_hand_repairs.py
  UNRESOLVED rtl/seq_unit.sv:339 (the cited line was rewritten or deleted)   "1'b0 /*r3*/, 1'b1 /*r2*/, 1'b1 /*r1*/};"
             cited by docs/superpowers/plans/2026-09-29-r3-broadcast.md, evidence/qwen9b/sr/SR12_R2_RTL.md, evidence/qwen9b/sr/SR3_R1_RTL.md, evidence/qwen9b/sr/sr11c_hand_repairs.py
  UNRESOLVED rtl/seq_unit.sv:800 (the cited line was rewritten or deleted)   "else if (r_chan >= 4'd4)         begin v_bad=1; v_code=E_CHAN; end"
             cited by docs/SEQ_ISA.md, docs/superpowers/plans/2026-09-29-r3-broadcast.md, docs/superpowers/specs/2026-09-27-seq-rtl-round-design.md, evidence/qwen9b/sr/R3_1_ISA.md, evidence/qwen9b/sr/sr2_isa_tdd.py
  UNRESOLVED rtl/seq_unit.sv:892 (the cited line was rewritten or deleted)   'logic [11:0] mv_xword;           // SR12: MOVX XWIN start word (B17.2)'
             cited by evidence/qwen9b/sr/SR12_R2_RTL.md
  UNRESOLVED rtl/seq_unit.sv:977 (the cited line was rewritten or deleted)   "mv_fmask <= '0; mv_xword <= '0; mv_row <= '0;"
             cited by evidence/qwen9b/sr/SR12_R2_RTL.md, evidence/qwen9b/sr/SR3_R1_RTL.md, evidence/qwen9b/sr/sr11c_hand_repairs.py
  UNRESOLVED rtl/seq_unit.sv:1521 (the cited line was rewritten or deleted)   '.cmd_xword(mv_xword), .cmd_row(mv_row),      // SR12: B17.2'
             cited by evidence/qwen9b/sr/SR12_R2_RTL.md
  UNRESOLVED rtl/seq_unit_ipi.v:241 (the cited line was rewritten or deleted)   '.mv_busy_bm({mv_busy_bm3, mv_busy_bm2, mv_busy_bm1, mv_busy_bm0}),'
             cited by docs/superpowers/plans/2026-09-29-r3-broadcast.md
  UNRESOLVED tb/Makefile:948 (the cited line was rewritten or deleted)   'fmask fmask2 fmask3 fmask4 bank bank2 bank3 bank4'
             cited by evidence/qwen9b/sr/SR12_R2_RTL.md
  UNRESOLVED tb/scripts/gen_seq_unit_vectors.py:136 (the cited line was rewritten or deleted)   'BUILD_CAPS = frozenset({"R1", "R2"})'
             cited by evidence/qwen9b/sr/SR12_R2_RTL.md
  UNRESOLVED tb/tb_matvec_chan.sv:58 (the cited line was rewritten or deleted)   '.mv_busy_bm(),        // BM1 (SEQ_ISA B16): not observed here'
             cited by evidence/qwen9b/bm/BM1_T1_GATE.md
  UNRESOLVED tb/tb_seq_chip.sv:382 (the cited line was rewritten or deleted)   '.mv_busy_bm(mvb_bm[c]),'
             cited by docs/superpowers/plans/2026-09-29-r3-broadcast.md
  HALF-MAPPED rtl/matvec_chan.sv:182-187 — the end endpoint is unresolved, so the WHOLE token is left alone (O3)
             :182 '// ------- BM1 (spec 2026-09-24 §1.1, SEQ_ISA B16): engine b' -> 182
             :187 'output logic        mv_busy_bm,' -> GONE
             cited by evidence/qwen9b/bm/BM1_T1_GATE.md
  HALF-MAPPED rtl/matvec_chan.sv:257-263 — the end endpoint is unresolved, so the WHOLE token is left alone (O3)
             :257 'logic        xf_full;' -> 257
             :263 'wire  [43:0] xf_din  = xf_push_a ? xf_din_a : xf_din_b;' -> GONE
             cited by docs/superpowers/specs/2026-09-27-seq-rtl-round-design.md
  HALF-MAPPED rtl/matvec_chan.sv:585-592 — the end endpoint is unresolved, so the WHOLE token is left alone (O3)
             :585 '// axil_wr_commit is the cycle in which the AXI-Lite side sa' -> 585
             :592 'wire ws_can   = wb_win ? (!xf_full && !xf_push_a && !axil_wr' -> GONE
             cited by docs/superpowers/plans/2026-09-29-r3-broadcast.md
  HALF-MAPPED rtl/seq_movers.sv:104-105 — the end endpoint is unresolved, so the WHOLE token is left alone (O3)
             :104 'input  wire [11:0]  cmd_xword,      // MOVX XWIN start word ' -> 104
             :105 'input  wire [11:0]  cmd_row,        // MOVY RES start row   ' -> GONE
             cited by evidence/qwen9b/sr/SR12_R2_RTL.md
  HALF-MAPPED rtl/seq_movers.sv:643-644 — the end endpoint is unresolved, so the WHOLE token is left alone (O3)
             :643 'res_row_q <= cmd_row;            // SR12: B17.2 RES start ro' -> 643
             :644 'xword_q   <= cmd_xword;          // SR12: B17.2 XWIN start w' -> GONE
             cited by evidence/qwen9b/sr/SR12_R2_RTL.md
  HALF-MAPPED rtl/seq_movers.sv:663-716 — the start endpoint is unresolved, so the WHOLE token is left alone (O3)
             :663 'X_SPTR: if (wr_fire) st <= X_XPTR;' -> GONE
             :716 'end' -> 716
             cited by docs/superpowers/plans/2026-09-29-r3-broadcast.md
  HALF-MAPPED rtl/seq_movers.sv:712-715 — the end endpoint is unresolved, so the WHOLE token is left alone (O3)
             :712 'X_STATW: if (rd_rsp_valid) begin' -> 712
             :715 'end else st <= S_DONE;' -> GONE
             cited by evidence/qwen9b/sr/R3_7_PREDICTION.md
  HALF-MAPPED rtl/seq_unit.sv:268-272 — the end endpoint is unresolved, so the WHOLE token is left alone (O3)
             :268 '// ---------------- BM1: matvec engine busy, one bit per cha' -> 268
             :272 'input  wire [3:0]   mv_busy_bm,' -> GONE
             cited by evidence/qwen9b/bm/BM1_T1_GATE.md
  HALF-MAPPED rtl/seq_unit.sv:338-339 — the end endpoint is unresolved, so the WHOLE token is left alone (O3)
             :338 "localparam logic [31:0] SEQ_CAPS = {24'hFAB1CA, 5'd0," -> 338
             :339 "1'b0 /*r3*/, 1'b1 /*r2*/, 1'b1 /*r1*/};" -> GONE
             cited by docs/superpowers/plans/2026-09-29-r3-broadcast.md, evidence/qwen9b/sr/SR12_R2_RTL.md, evidence/qwen9b/sr/SR3_R1_RTL.md, evidence/qwen9b/sr/sr11c_hand_repairs.py
  HALF-MAPPED rtl/seq_unit.sv:798-800 — the end endpoint is unresolved, so the WHOLE token is left alone (O3)
             :798 'OP_MOVX, OP_MVGO: begin' -> 798
             :800 "else if (r_chan >= 4'd4)         begin v_bad=1; v_code=E_CHA" -> GONE
             cited by docs/SEQ_ISA.md, docs/superpowers/plans/2026-09-29-r3-broadcast.md, docs/superpowers/specs/2026-09-27-seq-rtl-round-design.md, evidence/qwen9b/sr/R3_1_ISA.md, evidence/qwen9b/sr/sr2_isa_tdd.py
  HALF-MAPPED tb/tb_seq_chip.sv:348-382 — the end endpoint is unresolved, so the WHOLE token is left alone (O3)
             :348 'for (genvar c = 0; c < NMV; c++) begin : g_mv' -> 348
             :382 '.mv_busy_bm(mvb_bm[c]),' -> GONE
             cited by docs/superpowers/plans/2026-09-29-r3-broadcast.md
O3_CITE_DRIFT CHECK FAIL (0 drifted, 24 unresolved, 0 missing, 11 half-mapped)
=== rc  : 1
=== end : 2026-09-29T23:59:31-06:00
