=== host: snoke  date: 2026-09-27T17:48:30-06:00
=== tree: 5c369c2
=== cmd : bash -c cat synth/out_ooc9b_sr3_seq_r1/summary.txt; ls -la --time-style=full-iso synth/out_ooc9b_sr3_seq_r1/reports; grep -E "^\| (CLB LUTs|CLB Registers|CARRY8|Block RAM Tile|URAM|DSPs) " synth/out_ooc9b_sr3_seq_r1/reports/util_synth.rpt
=== env : FABLE5_MODEL=unset
=== venv: /home/cah/.venv/bin/python (shipped venv (no interpreter named in cmd)): 3.12.3 numpy 2.4.6
=== G4b OOC structure run: sr3_seq_r1 ===
host      : snoke
date      : 2026-09-27T17:45:07-06:00
tree      : 5c369c28 1 dirty files
vivado    : /home/cah/r2d2/sc2data/tools/Vivado/2024.2/bin/vivado
params    : top=seq_unit dn_pipe=-1 (-1 = the RTL's own default)
OOC9B_TOP: seq_unit
OOC9B_PART: xcvu9p-fsgd2104-2L-e
OOC9B_VIVADO: 2024.2
OOC9B_DNPIPE_ARG: -1
OOC9B_SYNTH_S: 121
OOC9B_URAM: 0
OOC9B_BRAM: RAMB36=0 RAMB18=0 tiles=0.0
OOC9B_DSP: 0
OOC9B_LUT: 4049 (logic 3837, memory 212)
OOC9B_FF: 3002
OOC9B_CARRY8: 233
OOC9B_DONE
=== exit: 2 OOC9B_DONE marker(s) ===
total 42
drwxrwxr-x 2 cah cah     4 2026-09-27 17:47:30.920572904 -0600 .
drwxrwxr-x 4 cah cah    14 2026-09-27 17:47:56.176686171 -0600 ..
-rw-rw-r-- 1 cah cah  1847 2026-09-27 17:47:31.021577357 -0600 util_synth_hier.rpt
-rw-rw-r-- 1 cah cah 11452 2026-09-27 17:47:30.622559764 -0600 util_synth.rpt
| CLB Registers              | 3002 |     0 |          0 |   2364480 |  0.13 |
| CARRY8                     |  233 |     0 |          0 |    147780 |  0.16 |
| Block RAM Tile |    0 |     0 |          0 |      2160 |  0.00 |
| URAM           |    0 |     0 |          0 |       960 |  0.00 |
| DSPs      |    0 |     0 |          0 |      6840 |  0.00 |
| CARRY8   |  233 |                 CLB |
=== rc  : 0
=== end : 2026-09-27T17:48:30-06:00
