=== host: snoke  date: 2026-09-30T03:00:25-06:00
=== tree: 3f38efd
=== cmd : bash tb/scripts_scratch/r3_9a/ident.sh
=== env : FABLE5_MODEL=unset
=== venv: /home/cah/.venv/bin/python (shipped venv (no interpreter named in cmd)): 3.12.3 numpy 2.4.6
MATCH    9760899df53b3b4216d517d042a1dd7c9477b4f0cb7e6639320a5fd6d480719b  model_9b_s1.e4.seq  (= n1302_sr13a_stream_identity.log)
sha256sum: tb/scripts/w9/model_9b_s9760899df53b3b4216d517d042a1dd7c9477b4f0cb7e6639320a5fd6d480719b.e4.chip: No such file or directory
MATCH      model_9b_s9760899df53b3b4216d517d042a1dd7c9477b4f0cb7e6639320a5fd6d480719b.e4.chip  (= n1302_sr13a_stream_identity.log)
MATCH    dae587343056264626a8a9ca95b339dcf8ffe3c40cc945c959367869a4fc0d95  model_9b_s2.e4.seq  (= n1302_sr13a_stream_identity.log)
sha256sum: tb/scripts/w9/model_9b_sdae587343056264626a8a9ca95b339dcf8ffe3c40cc945c959367869a4fc0d95.e4.chip: No such file or directory
MATCH      model_9b_sdae587343056264626a8a9ca95b339dcf8ffe3c40cc945c959367869a4fc0d95.e4.chip  (= n1302_sr13a_stream_identity.log)
MATCH    8dfad7db118d5da4f23b31dbe451bb92519844678bafd93f4752301b3c2b1b40  model_9b_s3.e4.seq  (= n1302_sr13a_stream_identity.log)
sha256sum: tb/scripts/w9/model_9b_s8dfad7db118d5da4f23b31dbe451bb92519844678bafd93f4752301b3c2b1b40.e4.chip: No such file or directory
MATCH      model_9b_s8dfad7db118d5da4f23b31dbe451bb92519844678bafd93f4752301b3c2b1b40.e4.chip  (= n1302_sr13a_stream_identity.log)
MATCH    3483d82ab91164569d06065b8c1bc2529d03d161d5df7d54b7a09e562e1b876b  model_9b_s4.e4.seq  (= n1302_sr13a_stream_identity.log)
sha256sum: tb/scripts/w9/model_9b_s3483d82ab91164569d06065b8c1bc2529d03d161d5df7d54b7a09e562e1b876b.e4.chip: No such file or directory
MATCH      model_9b_s3483d82ab91164569d06065b8c1bc2529d03d161d5df7d54b7a09e562e1b876b.e4.chip  (= n1302_sr13a_stream_identity.log)
MATCH    4e11a2ae6872970ecb61e2bb37524b7bd863815e47df1fb9c3af2fbb3218cb28  model_9b_s1_reordB_r1.e4.seq  (= n1302_sr13a_stream_identity.log)
sha256sum: tb/scripts/w9/model_9b_s4e11a2ae6872970ecb61e2bb37524b7bd863815e47df1fb9c3af2fbb3218cb28_reordB_r1.e4.chip: No such file or directory
MATCH      model_9b_s4e11a2ae6872970ecb61e2bb37524b7bd863815e47df1fb9c3af2fbb3218cb28_reordB_r1.e4.chip  (= n1302_sr13a_stream_identity.log)
MATCH    cc982e4f66be17cef279bf09dcbc36d1170a4347b68b90e31a51d5993b93bbd4  model_9b_s2_reordB_r1.e4.seq  (= n1302_sr13a_stream_identity.log)
sha256sum: tb/scripts/w9/model_9b_scc982e4f66be17cef279bf09dcbc36d1170a4347b68b90e31a51d5993b93bbd4_reordB_r1.e4.chip: No such file or directory
MATCH      model_9b_scc982e4f66be17cef279bf09dcbc36d1170a4347b68b90e31a51d5993b93bbd4_reordB_r1.e4.chip  (= n1302_sr13a_stream_identity.log)
MATCH    0f85a974ffa9aa7e9431202e9346b74073fb0ab51624bb3720edb3927946fe3b  model_9b_s3_reordB_r1.e4.seq  (= n1302_sr13a_stream_identity.log)
sha256sum: tb/scripts/w9/model_9b_s0f85a974ffa9aa7e9431202e9346b74073fb0ab51624bb3720edb3927946fe3b_reordB_r1.e4.chip: No such file or directory
MATCH      model_9b_s0f85a974ffa9aa7e9431202e9346b74073fb0ab51624bb3720edb3927946fe3b_reordB_r1.e4.chip  (= n1302_sr13a_stream_identity.log)
MATCH    492e0def197b635b9e64b01e2ff1637bc4f1eda4db0899961e994160274e6c95  model_9b_s4_reordB_r1.e4.seq  (= n1302_sr13a_stream_identity.log)
sha256sum: tb/scripts/w9/model_9b_s492e0def197b635b9e64b01e2ff1637bc4f1eda4db0899961e994160274e6c95_reordB_r1.e4.chip: No such file or directory
MATCH      model_9b_s492e0def197b635b9e64b01e2ff1637bc4f1eda4db0899961e994160274e6c95_reordB_r1.e4.chip  (= n1302_sr13a_stream_identity.log)
MATCH    117ed8b061d5662517d67f905ff1b5900520ba39eff680548e8af9a7efc17d19  model_9b_s1_reordB_r2.e4.seq  (= n1344_sr13a_r2_stream_identity.log)
tb/scripts_scratch/r3_9a/ident.sh: line 10: 117ed8b061d5662517d67f905ff1b5900520ba39eff680548e8af9a7efc17d19: value too great for base (error token is "117ed8b061d5662517d67f905ff1b5900520ba39eff680548e8af9a7efc17d19")
STREAM_IDENTITY: 17 files re-hashed, 0 mismatches
=== rc  : 0
=== end : 2026-09-30T03:00:25-06:00
