=== host: snoke  date: 2026-09-30T19:42:33-06:00
=== tree: 5952bc7
=== cmd : env K=r3b bash evidence/qwen9b/sr/run_sr_chip.sh model_9b_s2_reordB_r2 model_9b_s2 control --cycles-equal 157011556 --tokens-ref evidence/qwen9b/s4/S4_REPLAY.md --plusarg +caps_expect=fab1ca07
=== env : FABLE5_MODEL=unset
=== venv: /home/cah/.venv/bin/python (shipped venv (no interpreter named in cmd)): 3.12.3 numpy 2.4.6
=== binary   /home/cah/r2d2/code/fpga/fable5_llm/tb/obj_dir_seq_chip_srr3b/tb_seq_chip_9b_srr3b
=== built    2026-09-30T02:59:58-06:00  sha256 54d174a47e6d8995f4aa8ccd0052707ef2574ae1f3ae3e7c895526c8c8dc8d32
=== seq      /home/cah/r2d2/code/fpga/fable5_llm/tb/scripts/w9/model_9b_s2_reordB_r2.e4  (.seq sha256 5d0a8bdd8298ea25, .chip sha256 af973f81e0e03394)
=== base     /home/cah/r2d2/code/fpga/fable5_llm/tb/scripts/w9/model_9b_s2   mode: control
=== watchdog 172800000 ms
=== stdout   /home/cah/r2d2/code/fpga/fable5_llm/evidence/qwen9b/sr/srr3b_seed_model_9b_s2_reordB_r2_control.log
=== plusargs +caps_expect=fab1ca07
=== cycles-equal 157011556
=== tokens-ref /home/cah/r2d2/code/fpga/fable5_llm/evidence/qwen9b/s4/S4_REPLAY.md (record of model_9b_s2)
=== wall     7570s   rc=0
--- verdict lines
    tb_seq_chip: launch 0 [-] rec_off 0, 80383 records, 6 tokens, 36864 scratch words, NMV=4 WIMGPC=1 LAT=4 DDRLAT=32 WLAT=40
      TOK[0] = 00117 (279) == golden OK
      TOK[1] = 00108 (264) == golden OK
      TOK[2] = 00356 (854) == golden OK
      TOK[3] = 0000b (11) == golden OK
      TOK[4] = 0012f (303) == golden OK
      TOK[5] = 00108 (264) == golden OK
    SEQ-CHIP /home/cah/r2d2/code/fpga/fable5_llm/tb/scripts/w9/model_9b_s2_reordB_r2.e4 launch 0 [-]: 80383 records, 157011556 cycles (1953.29 cyc/rec, 628.046 ms @250MHz, PERF_CYC 157011547)
    LAUNCH 0 PASS: [-] pc 80382, tokens 6, tcnt 8, scratch 36864, smem 112
      state: 2676800 read beats, 2659968 write beats, 0 unmapped
      burst: 97242 write bursts (22688256 beats), 116028 read bursts (29024256 beats), busy_wr 38005652 busy_rd 35405028, decerr 0 non-OK 0, BLAT=4
      fetch-empty stall cycles 84
      ddr beats 451695 (miss 0), weight beats 383606784 total across 4 chan (miss 0) [ 96180480/95876352/95774976/95774976]
    TB_SEQ_CHIP PASS: /home/cah/r2d2/code/fpga/fable5_llm/tb/scripts/w9/model_9b_s2_reordB_r2.e4 (launches 1, 157011556 cycles total, scratch 36864/launch, tokens 6, tcnt 8)
      SEQ_CAPS fab1ca07
      SEQ_CAPS fab1ca07 == +caps_expect fab1ca07
    CYCLES measured  157011556
    CYCLES IDENTICAL TO THE REFERENCE (157011556)
    TOKENS measured  [279,264,854,11,303,264]
    TOKENS record    [279,264,854,11,303,264]  (S4_REPLAY.md, model_9b_s2)
    TOKENS IDENTICAL TO THE SHIPPED RECORD
    CONTROL: no SEQ_TIMELINE block, as required
--- wall 7570s
SR_CHIP model_9b_s2_reordB_r2 control: PASS
=== rc  : 0
=== end : 2026-09-30T21:48:43-06:00
