=== host: snoke  date: 2026-09-30T19:46:19-06:00
=== tree: 5952bc7
=== cmd : bash evidence/qwen9b/sr/r3_9a_cov_run.sh 4 timeline 2:43307:2000 holdonly
=== env : FABLE5_MODEL=unset
=== venv: /home/cah/.venv/bin/python (shipped venv (no interpreter named in cmd)): 3.12.3 numpy 2.4.6
=== R3-7's prediction 82d2677 an ancestor of HEAD 5952bc7?
    git merge-base --is-ancestor 82d2677 HEAD -> 0 (yes)
######## r3_9a_bcast_bp_s4 timeline (hold) --plusarg +xp_hold=2:43307:2000
=== binary   /home/cah/r2d2/code/fpga/fable5_llm/tb/obj_dir_seq_chip_srr3b/tb_seq_chip_9b_srr3b
=== built    2026-09-30T02:59:58-06:00  sha256 54d174a47e6d8995f4aa8ccd0052707ef2574ae1f3ae3e7c895526c8c8dc8d32
=== seq      /home/cah/r2d2/code/fpga/fable5_llm/tb/scripts/w9/r3_9a_bcast_bp_s4.e4  (.seq sha256 c051dd91dc6e6d90, .chip sha256 f539dcadda5cae01)
=== base     /home/cah/r2d2/code/fpga/fable5_llm/tb/scripts/w9/r3_9a_bcast_bp_s4   mode: timeline
=== watchdog 172800000 ms
=== stdout   /home/cah/r2d2/code/fpga/fable5_llm/evidence/qwen9b/sr/srr3b_seed_r3_9a_bcast_bp_s4_timeline_hold.log
=== plusargs +caps_expect=fab1ca07 +xp_hold=2:43307:2000
=== csv      /home/cah/r2d2/code/fpga/fable5_llm/tb/scripts/w9/r3_9a_bcast_bp_s4_hold.timeline.csv
=== wall     10s   rc=0
--- verdict lines
    tb_seq_chip: TIMELINE CENSUS ON -> /home/cah/r2d2/code/fpga/fable5_llm/tb/scripts/w9/r3_9a_bcast_bp_s4_hold.timeline.csv
    tb_seq_chip: +xp_hold: channel 2 ui_clk held low for 2000 aclk cycles from cycle 43307
    tb_seq_chip: launch 0 [-] rec_off 0, 13 records, 0 tokens, 65536 scratch words, NMV=4 WIMGPC=1 LAT=4 DDRLAT=32 WLAT=40
    SEQ-CHIP /home/cah/r2d2/code/fpga/fable5_llm/tb/scripts/w9/r3_9a_bcast_bp_s4.e4 launch 0 [-]: 13 records, 229117 cycles (17624.38 cyc/rec, 0.916 ms @250MHz, PERF_CYC 229110)
    LAUNCH 0 PASS: [-] pc 12, tokens 0, tcnt 8, scratch 65536, smem 0
      state: 0 read beats, 0 write beats, 0 unmapped
      burst: 116 write bursts (29696 beats), 104 read bursts (26624 beats), busy_wr 42404 busy_rd 28646, decerr 0 non-OK 0, BLAT=4
      fetch-empty stall cycles 12
      ddr beats 3085 (miss 0), weight beats 202752 total across 4 chan (miss 0) [ 50688/50688/50688/50688]
    TB_SEQ_CHIP PASS: /home/cah/r2d2/code/fpga/fable5_llm/tb/scripts/w9/r3_9a_bcast_bp_s4.e4 (launches 1, 229117 cycles total, scratch 65536/launch, tokens 0, tcnt 8)
    tb_seq_chip: +xp_hold: channel 2 ui_clk held low for 2000 aclk cycles from cycle 43307
      SEQ_CAPS fab1ca07
      SEQ_CAPS fab1ca07 == +caps_expect fab1ca07
    tb_seq_chip R3-8: 1 broadcasts retired, 3072 words pushed per channel, every one in its XWIN FIFO at retire; +xp_hold channel 2 held 2000 cycles
    tb_seq_chip R3-9a: 1 broadcast X_END exits checked, landed == sent on every built channel at each; min margin (exit cycle - last push-leg FIFO write) 3 cycles
    CYCLES measured  229117
    CSV 1795 bytes, 13 record rows, sha256 5a1209831d6d23e5bc35cdbb806686c4f15f033b10727eef0bc8b20372272379
--- SEQ_TIMELINE per-token lines
SEQ_TIMELINE meta ntok=1 bcyc=229110 nrec=13 nmv=4 wimgpc=1 lat=4 ddrlat=32 wlat=40 ncls=16
SEQ_TIMELINE tcyc 0 229110
SEQ_TIMELINE union 0 229026
SEQ_TIMELINE none 0 84
SEQ_TIMELINE stall 0 24
--- wall 10s
SR_CHIP r3_9a_bcast_bp_s4 timeline: PASS
    R3_BCAST_WORDS (generator) 3072, words pushed per channel (TB) 3072
    PUSH COUNT = GENERATOR
    tb_seq_chip R3-9a: 1 broadcast X_END exits checked, landed == sent on every built channel at each; min margin (exit cycle - last push-leg FIFO write) 3 cycles
R3_9A_COV_RUN s4 timeline: ALL PASS
=== rc  : 0
=== end : 2026-09-30T19:46:29-06:00
