=== host: snoke  date: 2026-10-01T06:49:13-06:00
=== tree: 5caa4f2
=== cmd : bash evidence/qwen9b/sr/sr_chipvec.sh model_9b_s3_reordB_r3 model_9b_s3 R1,R2,R3
=== env : FABLE5_MODEL=unset
=== venv: /home/cah/.venv/bin/python (shipped venv (no interpreter named in cmd)): 3.12.3 numpy 2.4.6
=== seq  scripts/w9/model_9b_s3_reordB_r3.e4.seq sha256 b282ca19b6729e65052f95ea096d5087a18fe99cd2bc8a89291403668f0dd4c8
=== base scripts/w9/model_9b_s3   caps R1,R2,R3
  caps ['R1', 'R2', 'R3'] (validated and executed at them)
  plan re-derived from the manifest: 249 images, nch=4, chunk_rows=2048, repack=True, ilv_wids=[248], every base identical
    wid 248 (LAYOUT_ILV, 248320 rows) -> per-channel rows [63488, 61952, 61440, 61440]
  pack top: (1294532608, 1291288576, 1290207232, 1290207232)
  scripts/w9/model_9b_s3_reordB_r3.e4.chip: 79609 records, pc 79608, 6 tokens, 36864 scratch words checked (28672 staging words excluded), 112 state block(s)
  seq_model stats: {'CSRWR': 159345, 'CMD': 52928, 'MOVX': 774, 'MOVY': 8220, 'MVGO': 8220, 'EMB': 6, 'AMAXL': 6, 'JMP': 5, 'FENCE': 8220, 'LDC': 966, 'XOP': 54, 'PROBE': 48, 'MVGO_NOWAIT': 8220}
=== generator wall 876s rc=0
=== golden scripts/w9/model_9b_s3_reordB_r3.e4.chip sha256 fde8bf1819445e0e76da3c0ad92d074a08e0d3965d5bef97532af433cbd0cc5e
--- vs the shipped golden scripts/w9/model_9b_s3.e4.chip (lines differing, by key):
      1 < NREC
      1 > NREC
      1 < PC
      1 > PC
    NREC/PC: NREC 79289 PC 79288  -> NREC 79609 PC 79608 
    lines other than NREC/PC that differ: 0
TOK 00139 TOK 001ae TOK 009ce TOK 000c6 TOK 005a5 TOK 06a2c 
SR_CHIPVEC model_9b_s3_reordB_r3: GOLDEN IDENTICAL TO SHIPPED (except NREC/PC)
=== rc  : 0
=== end : 2026-10-01T07:03:53-06:00
