=== host: snoke  date: 2026-10-01T07:23:50-06:00
=== tree: 5cb4e2f
=== cmd : env K=r3b bash evidence/qwen9b/sr/run_sr_chip.sh sr5br3_c1_ship model_9b_s1 control --plusarg +caps_expect=fab1ca07
=== env : FABLE5_MODEL=unset
=== venv: /home/cah/.venv/bin/python (shipped venv (no interpreter named in cmd)): 3.12.3 numpy 2.4.6
=== binary   /home/cah/r2d2/code/fpga/fable5_llm/tb/obj_dir_seq_chip_srr3b/tb_seq_chip_9b_srr3b
=== built    2026-09-30T02:59:58-06:00  sha256 54d174a47e6d8995f4aa8ccd0052707ef2574ae1f3ae3e7c895526c8c8dc8d32
=== seq      /home/cah/r2d2/code/fpga/fable5_llm/tb/scripts/w9/sr5br3_c1_ship.e4  (.seq sha256 4535697af56f33ee, .chip sha256 122ebb7fe8353443)
=== base     /home/cah/r2d2/code/fpga/fable5_llm/tb/scripts/w9/model_9b_s1   mode: control
=== watchdog 172800000 ms
=== stdout   /home/cah/r2d2/code/fpga/fable5_llm/evidence/qwen9b/sr/srr3b_seed_sr5br3_c1_ship_control.log
=== plusargs +caps_expect=fab1ca07
=== wall     5689s   rc=0
--- verdict lines
    tb_seq_chip: launch 0 [preamble] rec_off 0, 39 records, 0 tokens, 36864 scratch words, NMV=4 WIMGPC=1 LAT=4 DDRLAT=32 WLAT=40
    SEQ-CHIP /home/cah/r2d2/code/fpga/fable5_llm/tb/scripts/w9/sr5br3_c1_ship.e4 launch 0 [preamble]: 39 records, 214 cycles (5.49 cyc/rec, 0.001 ms @250MHz, PERF_CYC 207)
    LAUNCH 0 PASS: [preamble] pc 38, tokens 0, tcnt 8, scratch 36864, smem 0
    tb_seq_chip: launch 1 [lite] rec_off 256, 38858 records, 0 tokens, 36864 scratch words, NMV=4 WIMGPC=1 LAT=4 DDRLAT=32 WLAT=40
    SEQ-CHIP /home/cah/r2d2/code/fpga/fable5_llm/tb/scripts/w9/sr5br3_c1_ship.e4 launch 1 [lite]: 38858 records, 30210292 cycles (777.45 cyc/rec, 120.841 ms @250MHz, PERF_CYC 30210284)
    LAUNCH 1 PASS: [lite] pc 38857, tokens 0, tcnt 8, scratch 36864, smem 112
    tb_seq_chip: launch 2 [lite] rec_off 39168, 38858 records, 0 tokens, 36864 scratch words, NMV=4 WIMGPC=1 LAT=4 DDRLAT=32 WLAT=40
    SEQ-CHIP /home/cah/r2d2/code/fpga/fable5_llm/tb/scripts/w9/sr5br3_c1_ship.e4 launch 2 [lite]: 38858 records, 30215077 cycles (777.58 cyc/rec, 120.860 ms @250MHz, PERF_CYC 30215068)
    LAUNCH 2 PASS: [lite] pc 38857, tokens 0, tcnt 8, scratch 36864, smem 112
    tb_seq_chip: launch 3 [full] rec_off 78080, 39626 records, 1 tokens, 36864 scratch words, NMV=4 WIMGPC=1 LAT=4 DDRLAT=32 WLAT=40
      TOK[0] = 00117 (279) == golden OK
    SEQ-CHIP /home/cah/r2d2/code/fpga/fable5_llm/tb/scripts/w9/sr5br3_c1_ship.e4 launch 3 [full]: 39626 records, 32781847 cycles (827.28 cyc/rec, 131.127 ms @250MHz, PERF_CYC 32781838)
    LAUNCH 3 PASS: [full] pc 39625, tokens 1, tcnt 8, scratch 36864, smem 112
    tb_seq_chip: launch 4 [full] rec_off 117760, 39626 records, 1 tokens, 36864 scratch words, NMV=4 WIMGPC=1 LAT=4 DDRLAT=32 WLAT=40
      TOK[0] = 00a36 (2614) == golden OK
    SEQ-CHIP /home/cah/r2d2/code/fpga/fable5_llm/tb/scripts/w9/sr5br3_c1_ship.e4 launch 4 [full]: 39626 records, 32786722 cycles (827.40 cyc/rec, 131.147 ms @250MHz, PERF_CYC 32786713)
    LAUNCH 4 PASS: [full] pc 39625, tokens 1, tcnt 8, scratch 36864, smem 112
      state: 1789632 read beats, 1772288 write beats, 0 unmapped
      burst: 68352 write bursts (16090112 beats), 106004 read bursts (26684416 beats), busy_wr 32287092 busy_rd 30565452, decerr 0 non-OK 0, BLAT=4
      fetch-empty stall cycles 12
      ddr beats 297423 (miss 0), weight beats 239348736 total across 4 chan (miss 0) [ 59930112/59828736/59794944/59794944]
    TB_SEQ_CHIP PASS: /home/cah/r2d2/code/fpga/fable5_llm/tb/scripts/w9/sr5br3_c1_ship.e4 (launches 5, 125994152 cycles total, scratch 36864/launch, tokens 2, tcnt 8)
      SEQ_CAPS fab1ca07
      SEQ_CAPS fab1ca07 == +caps_expect fab1ca07
    CYCLES measured  125994152
    CONTROL: no SEQ_TIMELINE block, as required
--- wall 5689s
SR_CHIP sr5br3_c1_ship control: PASS
=== rc  : 0
=== end : 2026-10-01T08:58:41-06:00
