=== host: snoke  date: 2026-10-01T06:58:05-06:00
=== tree: 5f1d4e2
=== cmd : env FABLE5_MODEL=9b FABLE5_RS_F=7 OMP_NUM_THREADS=2 MKL_NUM_THREADS=2 /home/cah/.venv/bin/python -u evidence/qwen9b/sr/sr5b_chat_vectors.py c4 --toks 11 0 271 --far-pos 510 --seq-rtl r3
=== env : FABLE5_MODEL=9b
=== venv: /home/cah/.venv/bin/python (named in cmd): 3.12.3 numpy 2.4.6
  effective_reorder(auto, 9b, --nch 4, shipped template) = 'B'  (the per-image order below is what a default 9B session runs)
  [ship] seq_rtl r0, caps []
  [ship] launch 0 preamble tok=None pos=0: 39 recs, pc 38, out [], image sha 04f998daed6143c0 (0 s)
  [ship] launch 1 lite tok=11 pos=0: 38858 recs, pc 38857, out [], image sha f74df4dde28d3232 (157 s)
  [ship] launch 2 lite tok=0 pos=1: 38858 recs, pc 38857, out [], image sha af6b8aa8d44e0abb (157 s)
  [ship] launch 3 full tok=271 pos=2: 39626 recs, pc 39625, out [11], image sha 1ff8f357b9541bd6 (173 s)
  [ship] launch 4 full tok=11 pos=510: 39626 recs, pc 39625, out [271], image sha 9eb565637fdbc211 (166 s)
  wrote tb/scripts/w9/sr5br3_c4_ship.e4.{seq,seqdata.bin,chip}  .seq 5949aa638d10d53e .seqdata.bin a3ea37aa79d3e804 .chip fcf97a0a1767620e
  reorder    form B: PER IMAGE on the shipped template (static costs at position 0, --seq-rtl r3: masked FENCEs + XWIN/RES bank fields, caps ['R1', 'R2', 'R3']); pins lite 8a226ca17f197073 full fdfc6d0c7cd04bbd
  nch=4      model_9b_s1.e4: 158536 records, body 39622 full / 38854 lite; head image(s) [248] chunk-INTERLEAVED over 4 channels (S4)
  reorder    form B r3 lite: 38858 -> 38930 records == pin 8a226ca17f197073; MOVX elided 480, fences deferred 280; hazard assert PASS {'MOVX': 128, 'MVGO': 1248, 'MOVY': 1248, 'FENCE': 1248}; postcheck 53983 edges; FENCE masks {1: 312, 2: 312, 4: 312, 8: 312}; static model 30209477 -> 22297831 cyc
  reorder    form B r3 full: 39626 -> 39786 records == pin fdfc6d0c7cd04bbd; MOVX elided 480, fences deferred 310; hazard assert PASS {'MOVX': 129, 'MVGO': 1370, 'MOVY': 1370, 'FENCE': 1370}; postcheck 54966 edges; FENCE masks {1: 343, 2: 343, 4: 342, 8: 342}; static model 32771280 -> 24087146 cyc
  reorder    form B images built in 5.3 s
  compiler   ref/seq_chat.TurnCompiler(pos_mode='ldc', t_max=4096) on model_9b_s1.e4 -> preamble:39, lite:38930, full:39786  (6.8s)
  blob       8940032 B = 551424 B constants + 4096 positions x 2048 B
  crosscheck agent A vs my own spec slices: 6/6 byte-identical (step images, const region, position pool)
  relocate   324 LDC+EMB records rebased by -0x74000000 / +0x0; images at preamble@0x9000000, lite@0x9000280, full@0x90983c0
  [r3] seq_rtl r3, caps ['R1', 'R2', 'R3']
  r3 lite: == pin 8a226ca17f197073c5eb6074990311477032883d5eef2c639ec6cb7e88fb09cd (38930 records, 1248 masked FENCEs, 128 broadcast MOVX)
  r3 full: == pin fdfc6d0c7cd04bbd499512a75eb8fea3934a7e2af41991b9f6d11453b3243ede (39786 records, 1370 masked FENCEs, 129 broadcast MOVX)
  [r3] launch 0 preamble tok=None pos=0: 39 recs, pc 38, out [], image sha 04f998daed6143c0 (0 s)
  [r3] launch 1 lite tok=11 pos=0: 38930 recs, pc 38929, out [], image sha df0d121effb03c19 (149 s)
  [r3] launch 2 lite tok=0 pos=1: 38930 recs, pc 38929, out [], image sha 048d471ddc707344 (149 s)
  [r3] launch 3 full tok=271 pos=2: 39786 recs, pc 39785, out [11], image sha bfb97948d558fdd9 (164 s)
  [r3] launch 4 full tok=11 pos=510: 39786 recs, pc 39785, out [271], image sha a469b97585dca1f5 (165 s)
  wrote tb/scripts/w9/sr5br3_c4_r3.e4.{seq,seqdata.bin,chip}  .seq e3128d151ca417bd .seqdata.bin a3ea37aa79d3e804 .chip f9d202b57a51c264
  ship.seq vs S1T's tb/scripts/w9/s1t_c4_ship.e4.seq: IDENTICAL (5949aa638d10d53e)
  ship.seqdata.bin vs S1T's tb/scripts/w9/s1t_c4_ship.e4.seqdata.bin: IDENTICAL (a3ea37aa79d3e804)
  ship.chip vs S1T's tb/scripts/w9/s1t_c4_ship.e4.chip: IDENTICAL (fcf97a0a1767620e)
--- acceptance: shipped vs r3, launch by launch
  launch 0 preamble tok None pos 0: records 39 -> 39, pc 38 -> 38; tokens [] vs []; golden lines IDENTICAL (36882); image identical; head same -> OK
  launch 1 lite     tok 11 pos 0: records 38858 -> 38930, pc 38857 -> 38929; tokens [] vs []; golden lines IDENTICAL (36994); image reordered; head same -> OK
  launch 2 lite     tok 0 pos 1: records 38858 -> 38930, pc 38857 -> 38929; tokens [] vs []; golden lines IDENTICAL (36994); image reordered; head same -> OK
  launch 3 full     tok 271 pos 2: records 39626 -> 39786, pc 39625 -> 39785; tokens [11] vs [11]; golden lines IDENTICAL (36995); image reordered; head same -> OK
  launch 4 full     tok 11 pos 510: records 39626 -> 39786, pc 39625 -> 39785; tokens [271] vs [271]; golden lines IDENTICAL (36995); image reordered; head same -> OK
  seqdata identical: True
SR5B_CHAT_VECTORS c4: PASS tokens [[], [], [], [11], [271]] (1295 s)
=== rc  : 0
=== end : 2026-10-01T07:19:41-06:00
