=== host: snoke  date: 2026-10-01T13:25:27-06:00
=== tree: cf15810
=== cmd : bash -c source /home/cah/r2d2/sc2data/tools/Vivado/2024.2/settings64.sh >/dev/null && cd /tmp/r3_n3215 && exec vivado -mode batch -nolog -nojournal -source /home/cah/r2d2/code/fpga/fable5_llm/evidence/qwen9b/sr/r3_postimpl_sanity_run.tcl -tclargs /home/cah/r2d2/code/fpga/fable5_llm/synth/out_build_046_r3_incr/proj/stage1.runs/impl_1/bd_wrapper_postroute_physopt.dcp /tmp/r3_n3215
=== env : FABLE5_MODEL=unset
=== venv: /home/cah/.venv/bin/python (shipped venv (no interpreter named in cmd)): 3.12.3 numpy 2.4.6

****** Vivado v2024.2 (64-bit)
  **** SW Build 5239630 on Fri Nov 08 22:34:34 MST 2024
  **** IP Build 5239520 on Sun Nov 10 16:12:51 MST 2024
  **** SharedData Build 5239561 on Fri Nov 08 14:39:27 MST 2024
  **** Start of session at: Thu Oct  1 13:25:30 2026
    ** Copyright 1986-2022 Xilinx, Inc. All Rights Reserved.
    ** Copyright 2022-2024 Advanced Micro Devices, Inc. All Rights Reserved.

source /home/cah/r2d2/code/fpga/fable5_llm/evidence/qwen9b/sr/r3_postimpl_sanity_run.tcl
# set dcp [lindex $argv 0]
# set rd  [lindex $argv 1]
# file mkdir $rd
# open_checkpoint $dcp
Command: open_checkpoint /home/cah/r2d2/code/fpga/fable5_llm/synth/out_build_046_r3_incr/proj/stage1.runs/impl_1/bd_wrapper_postroute_physopt.dcp

Starting open_checkpoint Task

Time (s): cpu = 00:00:00.06 ; elapsed = 00:00:00.07 . Memory (MB): peak = 1385.445 ; gain = 0.000 ; free physical = 123803 ; free virtual = 375437
INFO: [Device 21-403] Loading part xcvu9p-fsgd2104-2L-e
Netlist sorting complete. Time (s): cpu = 00:00:09 ; elapsed = 00:00:09 . Memory (MB): peak = 3883.371 ; gain = 0.000 ; free physical = 111561 ; free virtual = 363199
INFO: [Netlist 29-17] Analyzing 31411 Unisim elements for replacement
INFO: [Netlist 29-28] Unisim Transformation completed in 26 CPU seconds
INFO: [Project 1-479] Netlist was created with Vivado 2024.2
INFO: [Project 1-570] Preparing netlist for logic optimization
WARNING: [Constraints 18-550] Could not create 'DRIVE' constraint because net 'bd_i/ddr4_0/inst/u_ddr4_mem_intfc/u_mig_ddr4_phy/cal_RESET_n[0]' is not directly connected to top level port. 'DRIVE' is ignored for synthesis but preserved for implementation.
WARNING: [Constraints 18-550] Could not create 'SLEW' constraint because net 'bd_i/ddr4_0/inst/u_ddr4_mem_intfc/u_mig_ddr4_phy/cal_RESET_n[0]' is not directly connected to top level port. 'SLEW' is ignored for synthesis but preserved for implementation.
WARNING: [Constraints 18-550] Could not create 'IBUF_LOW_PWR' constraint because net 'bd_i/ddr4_0/inst/u_ddr4_mem_intfc/u_mig_ddr4_phy/sys_clk_in' is not directly connected to top level port. 'IBUF_LOW_PWR' is ignored for synthesis but preserved for implementation.
WARNING: [Constraints 18-550] Could not create 'DRIVE' constraint because net 'bd_i/ddr4_1/inst/u_ddr4_mem_intfc/u_mig_ddr4_phy/cal_RESET_n[0]' is not directly connected to top level port. 'DRIVE' is ignored for synthesis but preserved for implementation.
WARNING: [Constraints 18-550] Could not create 'SLEW' constraint because net 'bd_i/ddr4_1/inst/u_ddr4_mem_intfc/u_mig_ddr4_phy/cal_RESET_n[0]' is not directly connected to top level port. 'SLEW' is ignored for synthesis but preserved for implementation.
WARNING: [Constraints 18-550] Could not create 'IBUF_LOW_PWR' constraint because net 'bd_i/ddr4_1/inst/u_ddr4_mem_intfc/u_mig_ddr4_phy/sys_clk_in' is not directly connected to top level port. 'IBUF_LOW_PWR' is ignored for synthesis but preserved for implementation.
WARNING: [Constraints 18-550] Could not create 'DRIVE' constraint because net 'bd_i/ddr4_2/inst/u_ddr4_mem_intfc/u_mig_ddr4_phy/cal_RESET_n[0]' is not directly connected to top level port. 'DRIVE' is ignored for synthesis but preserved for implementation.
WARNING: [Constraints 18-550] Could not create 'SLEW' constraint because net 'bd_i/ddr4_2/inst/u_ddr4_mem_intfc/u_mig_ddr4_phy/cal_RESET_n[0]' is not directly connected to top level port. 'SLEW' is ignored for synthesis but preserved for implementation.
WARNING: [Constraints 18-550] Could not create 'IBUF_LOW_PWR' constraint because net 'bd_i/ddr4_2/inst/u_ddr4_mem_intfc/u_mig_ddr4_phy/sys_clk_in' is not directly connected to top level port. 'IBUF_LOW_PWR' is ignored for synthesis but preserved for implementation.
WARNING: [Constraints 18-550] Could not create 'DRIVE' constraint because net 'bd_i/ddr4_3/inst/u_ddr4_mem_intfc/u_mig_ddr4_phy/cal_RESET_n[0]' is not directly connected to top level port. 'DRIVE' is ignored for synthesis but preserved for implementation.
WARNING: [Constraints 18-550] Could not create 'SLEW' constraint because net 'bd_i/ddr4_3/inst/u_ddr4_mem_intfc/u_mig_ddr4_phy/cal_RESET_n[0]' is not directly connected to top level port. 'SLEW' is ignored for synthesis but preserved for implementation.
WARNING: [Constraints 18-550] Could not create 'IBUF_LOW_PWR' constraint because net 'bd_i/ddr4_3/inst/u_ddr4_mem_intfc/u_mig_ddr4_phy/sys_clk_in' is not directly connected to top level port. 'IBUF_LOW_PWR' is ignored for synthesis but preserved for implementation.
Read ShapeDB Complete: Time (s): cpu = 00:00:02 ; elapsed = 00:00:03 . Memory (MB): peak = 5641.645 ; gain = 216.656 ; free physical = 103249 ; free virtual = 354887
INFO: [Timing 38-478] Restoring timing data from binary archive.
INFO: [Timing 38-479] Binary timing data restore complete.
INFO: [Project 1-856] Restoring constraints from binary archive.
INFO: [Power 33-23] Power model is not available for xiphy_riu_or
INFO: [Power 33-23] Power model is not available for genVref.u_hpio_vref
INFO: [Project 1-853] Binary constraint restore complete.
INFO: [Designutils 20-5722] Start Reading Physical Databases.
Read Netlist Cache: Time (s): cpu = 00:00:01 ; elapsed = 00:00:01 . Memory (MB): peak = 9816.500 ; gain = 0.000 ; free physical = 82951 ; free virtual = 334589
Reading placer database...
Read Device Cache: Time (s): cpu = 00:00:00.04 ; elapsed = 00:00:00.04 . Memory (MB): peak = 9816.500 ; gain = 0.000 ; free physical = 82951 ; free virtual = 334589
Read PlaceDB: Time (s): cpu = 00:00:38 ; elapsed = 00:00:39 . Memory (MB): peak = 10444.648 ; gain = 628.148 ; free physical = 79799 ; free virtual = 331437
Read PulsedLatchDB: Time (s): cpu = 00:00:00 ; elapsed = 00:00:00 . Memory (MB): peak = 10444.648 ; gain = 0.000 ; free physical = 79799 ; free virtual = 331437
Read RouteStorage: Time (s): cpu = 00:00:20 ; elapsed = 00:00:21 . Memory (MB): peak = 10866.086 ; gain = 421.438 ; free physical = 78166 ; free virtual = 329804
Read Physdb Files: Time (s): cpu = 00:01:00 ; elapsed = 00:01:02 . Memory (MB): peak = 10866.086 ; gain = 1049.586 ; free physical = 78150 ; free virtual = 329788
Finished XDEF File Restore: Time (s): cpu = 00:05:02 ; elapsed = 00:05:05 . Memory (MB): peak = 11190.109 ; gain = 1373.609 ; free physical = 76500 ; free virtual = 328139
INFO: [Project 1-837] Checkpoint contains data reused from an Incremental Compile. Run report_incremental_reuse for further information about reused data.
INFO: [IP_Flow 19-234] Refreshing IP repositories
INFO: [IP_Flow 19-1704] No user IP repositories specified
INFO: [IP_Flow 19-2313] Loaded Vivado IP repository '/home/cah/r2d2/sc2data/tools/Vivado/2024.2/data/ip'.
Netlist sorting complete. Time (s): cpu = 00:00:00.11 ; elapsed = 00:00:00.11 . Memory (MB): peak = 11300.234 ; gain = 0.000 ; free physical = 75983 ; free virtual = 327623
INFO: [Project 1-111] Unisim Transformation Summary:
  A total of 8365 instances were transformed.
  DSP48E1 => DSP48E2 (DSP_ALU, DSP_A_B_DATA, DSP_C_DATA, DSP_MULTIPLIER, DSP_M_DATA, DSP_OUTPUT, DSP_PREADD, DSP_PREADD_DATA): 12 instances
  DSP48E2 => DSP48E2 (DSP_ALU, DSP_A_B_DATA, DSP_C_DATA, DSP_MULTIPLIER, DSP_M_DATA, DSP_OUTPUT, DSP_PREADD, DSP_PREADD_DATA): 1848 instances
  IBUF => IBUF (IBUFCTRL, INBUF): 1 instance 
  IBUFDS => IBUFDS (DIFFINBUF, IBUFCTRL): 4 instances
  IOBUFDS => IOBUFDS (DIFFINBUF, IBUFCTRL, INV, OBUFT(x2)): 32 instances
  IOBUFE3 => IOBUFE3 (IBUFCTRL, INBUF, OBUFT_DCIEN): 288 instances
  LUT6_2 => LUT6_2 (LUT5, LUT6): 124 instances
  OBUFDS => OBUFDS_DUAL_BUF (INV, OBUF(x2)): 4 instances
  RAM16X1D => RAM32X1D (RAMD32(x2)): 40 instances
  RAM256X1D => RAM256X1D (MUXF7(x4), MUXF8(x2), RAMD64E(x8)): 512 instances
  RAM256X1S => RAM256X1S (MUXF7(x2), MUXF8, RAMS64E(x4)): 9 instances
  RAM32M => RAM32M (RAMD32(x6), RAMS32(x2)): 866 instances
  RAM32M16 => RAM32M16 (RAMD32(x14), RAMS32(x2)): 1990 instances
  RAM32X1D => RAM32X1D (RAMD32(x2)): 88 instances
  RAM64M => RAM64M (RAMD64E(x4)): 16 instances
  RAM64M8 => RAM64M8 (RAMD64E(x8)): 2515 instances
  RAM64X1D => RAM64X1D (RAMD64E(x2)): 16 instances

INFO: [Project 1-604] Checkpoint was created with Vivado v2024.2 (64-bit) build 5239630
WARNING: [Vivado 12-23575] Critical violations of the methodology design rules detected. Critical violations may contribute to timing failures or cause functional issues in hardware. Run report_methodology for more information.
open_checkpoint: Time (s): cpu = 00:17:08 ; elapsed = 00:11:14 . Memory (MB): peak = 11300.234 ; gain = 9914.789 ; free physical = 75968 ; free virtual = 327608
# puts "PS_CHECKPOINT: $dcp size=[file size $dcp] mtime=[clock format [file mtime $dcp] -format {%Y-%m-%dT%H:%M:%S}]"
PS_CHECKPOINT: /home/cah/r2d2/code/fpga/fable5_llm/synth/out_build_046_r3_incr/proj/stage1.runs/impl_1/bd_wrapper_postroute_physopt.dcp size=292160094 mtime=2026-10-01T12:47:36
# source -notrace /home/cah/r2d2/code/fpga/fable5_llm/synth/scripts/postimpl_sanity.tcl
# postimpl_clock_gate $rd
CLOCK_GATE_OK: 250MHz clocks: pipe_clk xdma_0_axi_aclk
check_timing: Time (s): cpu = 00:08:24 ; elapsed = 00:01:42 . Memory (MB): peak = 12424.359 ; gain = 1124.125 ; free physical = 94462 ; free virtual = 346102
# set fh [open $rd/check_timing_noclock.rpt r]
# set ct [read $fh]
# close $fh
# foreach l [split $ct "\n"] { if {[regexp {register/latch pins with no clock|no_clock|There are} $l]} { puts "PS_NOCLOCK | $l" } }
PS_NOCLOCK | | Command           : check_timing -override_defaults no_clock -file /tmp/r3_n3215/check_timing_noclock.rpt
PS_NOCLOCK | 1. checking no_clock (0)
PS_NOCLOCK | 1. checking no_clock (0)
PS_NOCLOCK |  There are 0 register/latch pins with no clock.
# postimpl_loc_print
PCIE_LOC: bd_i/xdma_0/inst/pcie4_ip_i/inst/bd_xdma_0_0_pcie4_ip_pcie_4_0_pipe_inst/pcie_4_0_e4_inst -> PCIE40E4_X1Y2
GT_LOC: GTYE4_CHANNEL_X1Y28
GT_LOC: GTYE4_CHANNEL_X1Y29
GT_LOC: GTYE4_CHANNEL_X1Y30
GT_LOC: GTYE4_CHANNEL_X1Y31
GT_LOC: GTYE4_CHANNEL_X1Y32
GT_LOC: GTYE4_CHANNEL_X1Y33
GT_LOC: GTYE4_CHANNEL_X1Y34
GT_LOC: GTYE4_CHANNEL_X1Y35
# puts "PS_DONE"
PS_DONE
INFO: [Common 17-206] Exiting Vivado at Thu Oct  1 13:38:37 2026...
=== rc  : 0
=== end : 2026-10-01T13:38:51-06:00
