=== host: snoke  date: 2026-10-01T13:45:03-06:00
=== tree: cf15810
=== cmd : bash -c source /home/cah/r2d2/sc2data/tools/Vivado/2024.2/settings64.sh >/dev/null && cd /tmp/r3_n3217 && exec vivado -mode batch -nolog -nojournal -source /home/cah/r2d2/code/fpga/fable5_llm/synth/scripts/final_verify.tcl -tclargs /home/cah/r2d2/code/fpga/fable5_llm/synth/out_build_046_r3_incr/proj/stage1.runs/impl_1/bd_wrapper_postroute_physopt.dcp /home/cah/r2d2/code/fpga/fable5_llm/synth/constraints/fable5_xdma_rst_exception.xdc
=== env : FABLE5_MODEL=unset
=== venv: /home/cah/.venv/bin/python (shipped venv (no interpreter named in cmd)): 3.12.3 numpy 2.4.6

****** Vivado v2024.2 (64-bit)
  **** SW Build 5239630 on Fri Nov 08 22:34:34 MST 2024
  **** IP Build 5239520 on Sun Nov 10 16:12:51 MST 2024
  **** SharedData Build 5239561 on Fri Nov 08 14:39:27 MST 2024
  **** Start of session at: Thu Oct  1 13:45:06 2026
    ** Copyright 1986-2022 Xilinx, Inc. All Rights Reserved.
    ** Copyright 2022-2024 Advanced Micro Devices, Inc. All Rights Reserved.

source /home/cah/r2d2/code/fpga/fable5_llm/synth/scripts/final_verify.tcl
# set dcp [lindex $argv 0]
# set XDC [lindex $argv 1]
# open_checkpoint $dcp
Command: open_checkpoint /home/cah/r2d2/code/fpga/fable5_llm/synth/out_build_046_r3_incr/proj/stage1.runs/impl_1/bd_wrapper_postroute_physopt.dcp

Starting open_checkpoint Task

Time (s): cpu = 00:00:00.06 ; elapsed = 00:00:00.06 . Memory (MB): peak = 1394.758 ; gain = 0.000 ; free physical = 125648 ; free virtual = 377284
INFO: [Device 21-403] Loading part xcvu9p-fsgd2104-2L-e
Netlist sorting complete. Time (s): cpu = 00:00:08 ; elapsed = 00:00:08 . Memory (MB): peak = 3882.684 ; gain = 0.000 ; free physical = 123174 ; free virtual = 374812
INFO: [Netlist 29-17] Analyzing 31411 Unisim elements for replacement
INFO: [Netlist 29-28] Unisim Transformation completed in 26 CPU seconds
INFO: [Project 1-479] Netlist was created with Vivado 2024.2
INFO: [Project 1-570] Preparing netlist for logic optimization
WARNING: [Constraints 18-550] Could not create 'DRIVE' constraint because net 'bd_i/ddr4_0/inst/u_ddr4_mem_intfc/u_mig_ddr4_phy/cal_RESET_n[0]' is not directly connected to top level port. 'DRIVE' is ignored for synthesis but preserved for implementation.
WARNING: [Constraints 18-550] Could not create 'SLEW' constraint because net 'bd_i/ddr4_0/inst/u_ddr4_mem_intfc/u_mig_ddr4_phy/cal_RESET_n[0]' is not directly connected to top level port. 'SLEW' is ignored for synthesis but preserved for implementation.
WARNING: [Constraints 18-550] Could not create 'IBUF_LOW_PWR' constraint because net 'bd_i/ddr4_0/inst/u_ddr4_mem_intfc/u_mig_ddr4_phy/sys_clk_in' is not directly connected to top level port. 'IBUF_LOW_PWR' is ignored for synthesis but preserved for implementation.
WARNING: [Constraints 18-550] Could not create 'DRIVE' constraint because net 'bd_i/ddr4_1/inst/u_ddr4_mem_intfc/u_mig_ddr4_phy/cal_RESET_n[0]' is not directly connected to top level port. 'DRIVE' is ignored for synthesis but preserved for implementation.
WARNING: [Constraints 18-550] Could not create 'SLEW' constraint because net 'bd_i/ddr4_1/inst/u_ddr4_mem_intfc/u_mig_ddr4_phy/cal_RESET_n[0]' is not directly connected to top level port. 'SLEW' is ignored for synthesis but preserved for implementation.
WARNING: [Constraints 18-550] Could not create 'IBUF_LOW_PWR' constraint because net 'bd_i/ddr4_1/inst/u_ddr4_mem_intfc/u_mig_ddr4_phy/sys_clk_in' is not directly connected to top level port. 'IBUF_LOW_PWR' is ignored for synthesis but preserved for implementation.
WARNING: [Constraints 18-550] Could not create 'DRIVE' constraint because net 'bd_i/ddr4_2/inst/u_ddr4_mem_intfc/u_mig_ddr4_phy/cal_RESET_n[0]' is not directly connected to top level port. 'DRIVE' is ignored for synthesis but preserved for implementation.
WARNING: [Constraints 18-550] Could not create 'SLEW' constraint because net 'bd_i/ddr4_2/inst/u_ddr4_mem_intfc/u_mig_ddr4_phy/cal_RESET_n[0]' is not directly connected to top level port. 'SLEW' is ignored for synthesis but preserved for implementation.
WARNING: [Constraints 18-550] Could not create 'IBUF_LOW_PWR' constraint because net 'bd_i/ddr4_2/inst/u_ddr4_mem_intfc/u_mig_ddr4_phy/sys_clk_in' is not directly connected to top level port. 'IBUF_LOW_PWR' is ignored for synthesis but preserved for implementation.
WARNING: [Constraints 18-550] Could not create 'DRIVE' constraint because net 'bd_i/ddr4_3/inst/u_ddr4_mem_intfc/u_mig_ddr4_phy/cal_RESET_n[0]' is not directly connected to top level port. 'DRIVE' is ignored for synthesis but preserved for implementation.
WARNING: [Constraints 18-550] Could not create 'SLEW' constraint because net 'bd_i/ddr4_3/inst/u_ddr4_mem_intfc/u_mig_ddr4_phy/cal_RESET_n[0]' is not directly connected to top level port. 'SLEW' is ignored for synthesis but preserved for implementation.
WARNING: [Constraints 18-550] Could not create 'IBUF_LOW_PWR' constraint because net 'bd_i/ddr4_3/inst/u_ddr4_mem_intfc/u_mig_ddr4_phy/sys_clk_in' is not directly connected to top level port. 'IBUF_LOW_PWR' is ignored for synthesis but preserved for implementation.
Read ShapeDB Complete: Time (s): cpu = 00:00:02 ; elapsed = 00:00:03 . Memory (MB): peak = 5642.215 ; gain = 215.656 ; free physical = 121479 ; free virtual = 373117
INFO: [Timing 38-478] Restoring timing data from binary archive.
INFO: [Timing 38-479] Binary timing data restore complete.
INFO: [Project 1-856] Restoring constraints from binary archive.
INFO: [Power 33-23] Power model is not available for xiphy_riu_or
INFO: [Power 33-23] Power model is not available for genVref.u_hpio_vref
INFO: [Project 1-853] Binary constraint restore complete.
INFO: [Designutils 20-5722] Start Reading Physical Databases.
Read Netlist Cache: Time (s): cpu = 00:00:01 ; elapsed = 00:00:01 . Memory (MB): peak = 9814.992 ; gain = 0.000 ; free physical = 114392 ; free virtual = 366032
Reading placer database...
Read Device Cache: Time (s): cpu = 00:00:00.04 ; elapsed = 00:00:00.04 . Memory (MB): peak = 9814.992 ; gain = 0.000 ; free physical = 114391 ; free virtual = 366031
Read PlaceDB: Time (s): cpu = 00:00:38 ; elapsed = 00:00:39 . Memory (MB): peak = 10445.141 ; gain = 630.148 ; free physical = 112598 ; free virtual = 364238
Read PulsedLatchDB: Time (s): cpu = 00:00:00 ; elapsed = 00:00:00 . Memory (MB): peak = 10445.141 ; gain = 0.000 ; free physical = 112598 ; free virtual = 364238
Read RouteStorage: Time (s): cpu = 00:00:20 ; elapsed = 00:00:21 . Memory (MB): peak = 10868.578 ; gain = 423.438 ; free physical = 111808 ; free virtual = 363448
Read Physdb Files: Time (s): cpu = 00:00:59 ; elapsed = 00:01:01 . Memory (MB): peak = 10868.578 ; gain = 1053.586 ; free physical = 111812 ; free virtual = 363452
Finished XDEF File Restore: Time (s): cpu = 00:04:59 ; elapsed = 00:05:02 . Memory (MB): peak = 11191.602 ; gain = 1376.609 ; free physical = 106490 ; free virtual = 358130
INFO: [Project 1-837] Checkpoint contains data reused from an Incremental Compile. Run report_incremental_reuse for further information about reused data.
INFO: [IP_Flow 19-234] Refreshing IP repositories
INFO: [IP_Flow 19-1704] No user IP repositories specified
INFO: [IP_Flow 19-2313] Loaded Vivado IP repository '/home/cah/r2d2/sc2data/tools/Vivado/2024.2/data/ip'.
Netlist sorting complete. Time (s): cpu = 00:00:00.1 ; elapsed = 00:00:00.11 . Memory (MB): peak = 11301.727 ; gain = 0.000 ; free physical = 106444 ; free virtual = 358085
INFO: [Project 1-111] Unisim Transformation Summary:
  A total of 8365 instances were transformed.
  DSP48E1 => DSP48E2 (DSP_ALU, DSP_A_B_DATA, DSP_C_DATA, DSP_MULTIPLIER, DSP_M_DATA, DSP_OUTPUT, DSP_PREADD, DSP_PREADD_DATA): 12 instances
  DSP48E2 => DSP48E2 (DSP_ALU, DSP_A_B_DATA, DSP_C_DATA, DSP_MULTIPLIER, DSP_M_DATA, DSP_OUTPUT, DSP_PREADD, DSP_PREADD_DATA): 1848 instances
  IBUF => IBUF (IBUFCTRL, INBUF): 1 instance 
  IBUFDS => IBUFDS (DIFFINBUF, IBUFCTRL): 4 instances
  IOBUFDS => IOBUFDS (DIFFINBUF, IBUFCTRL, INV, OBUFT(x2)): 32 instances
  IOBUFE3 => IOBUFE3 (IBUFCTRL, INBUF, OBUFT_DCIEN): 288 instances
  LUT6_2 => LUT6_2 (LUT5, LUT6): 124 instances
  OBUFDS => OBUFDS_DUAL_BUF (INV, OBUF(x2)): 4 instances
  RAM16X1D => RAM32X1D (RAMD32(x2)): 40 instances
  RAM256X1D => RAM256X1D (MUXF7(x4), MUXF8(x2), RAMD64E(x8)): 512 instances
  RAM256X1S => RAM256X1S (MUXF7(x2), MUXF8, RAMS64E(x4)): 9 instances
  RAM32M => RAM32M (RAMD32(x6), RAMS32(x2)): 866 instances
  RAM32M16 => RAM32M16 (RAMD32(x14), RAMS32(x2)): 1990 instances
  RAM32X1D => RAM32X1D (RAMD32(x2)): 88 instances
  RAM64M => RAM64M (RAMD64E(x4)): 16 instances
  RAM64M8 => RAM64M8 (RAMD64E(x8)): 2515 instances
  RAM64X1D => RAM64X1D (RAMD64E(x2)): 16 instances

INFO: [Project 1-604] Checkpoint was created with Vivado v2024.2 (64-bit) build 5239630
WARNING: [Vivado 12-23575] Critical violations of the methodology design rules detected. Critical violations may contribute to timing failures or cause functional issues in hardware. Run report_methodology for more information.
open_checkpoint: Time (s): cpu = 00:15:19 ; elapsed = 00:10:49 . Memory (MB): peak = 11301.727 ; gain = 9906.969 ; free physical = 106429 ; free virtual = 358070
# read_xdc -quiet $XDC
# puts "FV_CHECKPOINT: $dcp"
FV_CHECKPOINT: /home/cah/r2d2/code/fpga/fable5_llm/synth/out_build_046_r3_incr/proj/stage1.runs/impl_1/bd_wrapper_postroute_physopt.dcp
get_timing_paths: Time (s): cpu = 00:10:06 ; elapsed = 00:01:59 . Memory (MB): peak = 12415.836 ; gain = 1114.109 ; free physical = 105184 ; free virtual = 356825
# puts "FV_WNS: [get_property SLACK [get_timing_paths -max_paths 1 -nworst 1 -setup]]"
FV_WNS: 0.004
get_timing_paths: Time (s): cpu = 00:00:43 ; elapsed = 00:00:06 . Memory (MB): peak = 12415.836 ; gain = 0.000 ; free physical = 105157 ; free virtual = 356799
# puts "FV_WHS: [get_property SLACK [get_timing_paths -max_paths 1 -nworst 1 -hold]]"
FV_WHS: 0.001
WARNING: [Timing 38-164] This design has multiple clocks. Inter clock paths are considered valid unless explicitly excluded by timing constraints such as set_clock_groups or set_false_path.
WARNING: [Vivado 12-975] No timing paths matched 'get_timing_paths -max_paths 5000 -nworst 1 -setup -slack_lesser_than 0'.
# set fail [get_timing_paths -max_paths 5000 -nworst 1 -setup -slack_lesser_than 0]
# puts "FV_FAILING_SETUP: [llength $fail]"
FV_FAILING_SETUP: 0
# foreach p $fail { puts "FV_FAIL [get_property SLACK $p] [get_property GROUP $p] [get_property ENDPOINT_PIN $p]" }
WARNING: [Timing 38-164] This design has multiple clocks. Inter clock paths are considered valid unless explicitly excluded by timing constraints such as set_clock_groups or set_false_path.
WARNING: [Vivado 12-975] No timing paths matched 'get_timing_paths -max_paths 5000 -nworst 1 -hold -slack_lesser_than 0'.
# set hfail [get_timing_paths -max_paths 5000 -nworst 1 -hold -slack_lesser_than 0]
# puts "FV_FAILING_HOLD: [llength $hfail]"
FV_FAILING_HOLD: 0
# set XLINE_PAT ""
# foreach cand {*u_engine/xline_q0_reg*/CE *u_engine/xline_q_reg*/CE} {
#     if {[llength [get_pins -quiet -hier -filter "NAME =~ $cand"]] > 0} {
#         set XLINE_PAT $cand; break
#     }
# }
# if {$XLINE_PAT eq ""} {
#     puts "FV_FATAL: no u_engine xline register cone found (tried xline_q0_reg and xline_q_reg)"; exit 1
# }
# puts "FV_XLINE_PATTERN: $XLINE_PAT"
FV_XLINE_PATTERN: *u_engine/xline_q0_reg*/CE
# set xp [get_timing_paths -to [get_pins -quiet -hier -filter "NAME =~ $XLINE_PAT"] -setup -max_paths 1000 -nworst 1]
# array set cw {}
# foreach p $xp {
#     set ep [get_property ENDPOINT_PIN $p]; set s [get_property SLACK $p]
#     if {[regexp {mvchan_(\d+)} $ep -> m]} { if {![info exists cw($m)] || $s < $cw($m)} { set cw($m) $s } }
# }
# foreach c [lsort [array names cw]] { puts "FV_XLINE_WORST_mvchan_$c: $cw($c)" }
FV_XLINE_WORST_mvchan_0: 0.186
FV_XLINE_WORST_mvchan_1: 0.055
FV_XLINE_WORST_mvchan_2: 0.168
FV_XLINE_WORST_mvchan_3: 0.068
# foreach pat [list *layer_0*u_core/u_dn/*/D *layer_0*u_core/u_dma/*/D *layer_0*u_core/u_attn/*/D *seq_0*u_seq/*/D $XLINE_PAT] {
#     set ps [get_pins -quiet -hier -filter "NAME =~ $pat"]
#     set tp [get_timing_paths -quiet -to $ps -setup -max_paths 1 -nworst 1]
#     if {[llength $tp] == 0} { puts "FV_FATAL: $pat NOT ANALYSED"; exit 1 }
#     puts "FV_STILL_CHECKED $pat slack=[get_property SLACK [lindex $tp 0]]"
# }
FV_STILL_CHECKED *layer_0*u_core/u_dn/*/D slack=0.015
FV_STILL_CHECKED *layer_0*u_core/u_dma/*/D slack=0.062
FV_STILL_CHECKED *layer_0*u_core/u_attn/*/D slack=0.012
FV_STILL_CHECKED *seq_0*u_seq/*/D slack=0.324
FV_STILL_CHECKED *u_engine/xline_q0_reg*/CE slack=0.055
# puts "FV_OK"
FV_OK
INFO: [Common 17-206] Exiting Vivado at Thu Oct  1 13:58:26 2026...
=== rc  : 0
=== end : 2026-10-01T13:58:40-06:00
