=== host: snoke  date: 2026-10-01T13:47:34-06:00
=== tree: cf15810+dirty
=== dirty: ?? evidence/qwen9b/sr/r3_bus_names.tcl
=== cmd : bash -c source /home/cah/r2d2/sc2data/tools/Vivado/2024.2/settings64.sh >/dev/null && cd /tmp/r3_n3226 && exec vivado -mode batch -nolog -nojournal -source /home/cah/r2d2/code/fpga/fable5_llm/evidence/qwen9b/sr/r3_bus_names.tcl -tclargs /home/cah/r2d2/code/fpga/fable5_llm/synth/out_build_046_r3/proj/stage1.runs/bd_seq_0_0_synth_1/bd_seq_0_0.dcp *u_mov/*
=== env : FABLE5_MODEL=unset
=== venv: /home/cah/.venv/bin/python (shipped venv (no interpreter named in cmd)): 3.12.3 numpy 2.4.6

****** Vivado v2024.2 (64-bit)
  **** SW Build 5239630 on Fri Nov 08 22:34:34 MST 2024
  **** IP Build 5239520 on Sun Nov 10 16:12:51 MST 2024
  **** SharedData Build 5239561 on Fri Nov 08 14:39:27 MST 2024
  **** Start of session at: Thu Oct  1 13:47:37 2026
    ** Copyright 1986-2022 Xilinx, Inc. All Rights Reserved.
    ** Copyright 2022-2024 Advanced Micro Devices, Inc. All Rights Reserved.

source /home/cah/r2d2/code/fpga/fable5_llm/evidence/qwen9b/sr/r3_bus_names.tcl
# open_checkpoint [lindex $argv 0]
Command: open_checkpoint /home/cah/r2d2/code/fpga/fable5_llm/synth/out_build_046_r3/proj/stage1.runs/bd_seq_0_0_synth_1/bd_seq_0_0.dcp

Starting open_checkpoint Task

Time (s): cpu = 00:00:00.06 ; elapsed = 00:00:00.06 . Memory (MB): peak = 1428.090 ; gain = 0.000 ; free physical = 121040 ; free virtual = 372678
INFO: [Device 21-403] Loading part xcvu9p-fsgd2104-2L-e
Netlist sorting complete. Time (s): cpu = 00:00:00.03 ; elapsed = 00:00:00.03 . Memory (MB): peak = 2531.625 ; gain = 0.000 ; free physical = 119692 ; free virtual = 371330
INFO: [Netlist 29-17] Analyzing 330 Unisim elements for replacement
INFO: [Netlist 29-28] Unisim Transformation completed in 0 CPU seconds
INFO: [Project 1-479] Netlist was created with Vivado 2024.2
INFO: [Project 1-570] Preparing netlist for logic optimization
Read ShapeDB Complete: Time (s): cpu = 00:00:00.01 ; elapsed = 00:00:00.01 . Memory (MB): peak = 2531.625 ; gain = 0.000 ; free physical = 119270 ; free virtual = 370907
Netlist sorting complete. Time (s): cpu = 00:00:00 ; elapsed = 00:00:00 . Memory (MB): peak = 2814.742 ; gain = 0.000 ; free physical = 117202 ; free virtual = 368840
INFO: [Project 1-111] Unisim Transformation Summary:
  A total of 28 instances were transformed.
  RAM32M => RAM32M (RAMD32(x6), RAMS32(x2)): 1 instance 
  RAM32M16 => RAM32M16 (RAMD32(x14), RAMS32(x2)): 2 instances
  RAM64M => RAM64M (RAMD64E(x4)): 2 instances
  RAM64M8 => RAM64M8 (RAMD64E(x8)): 23 instances

INFO: [Project 1-604] Checkpoint was created with Vivado v2024.2 (64-bit) build 5239630
open_checkpoint: Time (s): cpu = 00:00:32 ; elapsed = 00:00:33 . Memory (MB): peak = 2814.742 ; gain = 1386.652 ; free physical = 117202 ; free virtual = 368840
# set g [lindex $argv 1]
# set c [get_cells -quiet -hierarchical -filter "IS_SEQUENTIAL && NAME =~ $g"]
# puts "NM count=[llength $c] glob=$g"
NM count=1226 glob=*u_mov/*
# foreach x [lsort -dictionary $c] { puts "NM $x REF=[get_property REF_NAME $x]" }
NM inst/u_seq/u_mov/ar_addr_reg[2] REF=FDRE
NM inst/u_seq/u_mov/ar_addr_reg[3] REF=FDRE
NM inst/u_seq/u_mov/ar_addr_reg[4] REF=FDRE
NM inst/u_seq/u_mov/ar_addr_reg[5] REF=FDRE
NM inst/u_seq/u_mov/ar_addr_reg[6] REF=FDRE
NM inst/u_seq/u_mov/ar_addr_reg[7] REF=FDRE
NM inst/u_seq/u_mov/ar_addr_reg[8] REF=FDRE
NM inst/u_seq/u_mov/ar_addr_reg[9] REF=FDRE
NM inst/u_seq/u_mov/ar_addr_reg[10] REF=FDRE
NM inst/u_seq/u_mov/ar_addr_reg[11] REF=FDRE
NM inst/u_seq/u_mov/ar_addr_reg[12] REF=FDRE
NM inst/u_seq/u_mov/ar_addr_reg[13] REF=FDRE
NM inst/u_seq/u_mov/ar_addr_reg[14] REF=FDRE
NM inst/u_seq/u_mov/ar_addr_reg[15] REF=FDRE
NM inst/u_seq/u_mov/ar_addr_reg[16] REF=FDRE
NM inst/u_seq/u_mov/ar_addr_reg[17] REF=FDRE
NM inst/u_seq/u_mov/ar_addr_reg[18] REF=FDRE
NM inst/u_seq/u_mov/ar_addr_reg[19] REF=FDRE
NM inst/u_seq/u_mov/ar_addr_reg[20] REF=FDRE
NM inst/u_seq/u_mov/ar_addr_reg[21] REF=FDRE
NM inst/u_seq/u_mov/ar_addr_reg[22] REF=FDRE
NM inst/u_seq/u_mov/ar_addr_reg[23] REF=FDRE
NM inst/u_seq/u_mov/ar_addr_reg[24] REF=FDRE
NM inst/u_seq/u_mov/ar_addr_reg[25] REF=FDRE
NM inst/u_seq/u_mov/ar_addr_reg[26] REF=FDRE
NM inst/u_seq/u_mov/ar_addr_reg[27] REF=FDRE
NM inst/u_seq/u_mov/ar_addr_reg[28] REF=FDRE
NM inst/u_seq/u_mov/ar_addr_reg[29] REF=FDRE
NM inst/u_seq/u_mov/ar_addr_reg[30] REF=FDRE
NM inst/u_seq/u_mov/ar_addr_reg[31] REF=FDRE
NM inst/u_seq/u_mov/ar_left_reg[0] REF=FDRE
NM inst/u_seq/u_mov/ar_left_reg[1] REF=FDRE
NM inst/u_seq/u_mov/ar_left_reg[2] REF=FDRE
NM inst/u_seq/u_mov/ar_left_reg[3] REF=FDRE
NM inst/u_seq/u_mov/ar_left_reg[4] REF=FDRE
NM inst/u_seq/u_mov/ar_left_reg[5] REF=FDRE
NM inst/u_seq/u_mov/ar_left_reg[6] REF=FDRE
NM inst/u_seq/u_mov/ar_left_reg[7] REF=FDRE
NM inst/u_seq/u_mov/ar_left_reg[8] REF=FDRE
NM inst/u_seq/u_mov/ar_left_reg[9] REF=FDRE
NM inst/u_seq/u_mov/ar_left_reg[10] REF=FDRE
NM inst/u_seq/u_mov/ar_left_reg[11] REF=FDRE
NM inst/u_seq/u_mov/ar_left_reg[12] REF=FDRE
NM inst/u_seq/u_mov/ar_left_reg[13] REF=FDRE
NM inst/u_seq/u_mov/ar_left_reg[14] REF=FDRE
NM inst/u_seq/u_mov/ar_left_reg[15] REF=FDRE
NM inst/u_seq/u_mov/ar_left_reg[16] REF=FDRE
NM inst/u_seq/u_mov/ar_left_reg[17] REF=FDRE
NM inst/u_seq/u_mov/ar_left_reg[18] REF=FDRE
NM inst/u_seq/u_mov/ar_left_reg[19] REF=FDRE
NM inst/u_seq/u_mov/ar_left_reg[20] REF=FDRE
NM inst/u_seq/u_mov/ar_left_reg[21] REF=FDRE
NM inst/u_seq/u_mov/ar_left_reg[22] REF=FDRE
NM inst/u_seq/u_mov/ar_left_reg[23] REF=FDRE
NM inst/u_seq/u_mov/ar_out_reg[0] REF=FDRE
NM inst/u_seq/u_mov/ar_out_reg[1] REF=FDRE
NM inst/u_seq/u_mov/ar_out_reg[2] REF=FDRE
NM inst/u_seq/u_mov/aw_addr_reg[2] REF=FDRE
NM inst/u_seq/u_mov/aw_addr_reg[3] REF=FDRE
NM inst/u_seq/u_mov/aw_addr_reg[4] REF=FDRE
NM inst/u_seq/u_mov/aw_addr_reg[5] REF=FDRE
NM inst/u_seq/u_mov/aw_addr_reg[6] REF=FDRE
NM inst/u_seq/u_mov/aw_addr_reg[7] REF=FDRE
NM inst/u_seq/u_mov/aw_addr_reg[8] REF=FDRE
NM inst/u_seq/u_mov/aw_addr_reg[9] REF=FDRE
NM inst/u_seq/u_mov/aw_addr_reg[10] REF=FDRE
NM inst/u_seq/u_mov/aw_addr_reg[11] REF=FDRE
NM inst/u_seq/u_mov/aw_addr_reg[12] REF=FDRE
NM inst/u_seq/u_mov/aw_addr_reg[13] REF=FDRE
NM inst/u_seq/u_mov/aw_addr_reg[14] REF=FDRE
NM inst/u_seq/u_mov/aw_addr_reg[15] REF=FDRE
NM inst/u_seq/u_mov/aw_addr_reg[16] REF=FDRE
NM inst/u_seq/u_mov/aw_addr_reg[17] REF=FDRE
NM inst/u_seq/u_mov/aw_addr_reg[18] REF=FDRE
NM inst/u_seq/u_mov/aw_addr_reg[19] REF=FDRE
NM inst/u_seq/u_mov/aw_addr_reg[20] REF=FDRE
NM inst/u_seq/u_mov/aw_addr_reg[21] REF=FDRE
NM inst/u_seq/u_mov/aw_addr_reg[22] REF=FDRE
NM inst/u_seq/u_mov/aw_addr_reg[23] REF=FDRE
NM inst/u_seq/u_mov/aw_addr_reg[24] REF=FDRE
NM inst/u_seq/u_mov/aw_addr_reg[25] REF=FDRE
NM inst/u_seq/u_mov/aw_addr_reg[26] REF=FDRE
NM inst/u_seq/u_mov/aw_addr_reg[27] REF=FDRE
NM inst/u_seq/u_mov/aw_addr_reg[28] REF=FDRE
NM inst/u_seq/u_mov/aw_addr_reg[29] REF=FDRE
NM inst/u_seq/u_mov/aw_addr_reg[30] REF=FDRE
NM inst/u_seq/u_mov/aw_addr_reg[31] REF=FDRE
NM inst/u_seq/u_mov/aw_credit_reg[0] REF=FDRE
NM inst/u_seq/u_mov/aw_credit_reg[1] REF=FDRE
NM inst/u_seq/u_mov/aw_left_reg[0] REF=FDRE
NM inst/u_seq/u_mov/aw_left_reg[1] REF=FDRE
NM inst/u_seq/u_mov/aw_left_reg[2] REF=FDRE
NM inst/u_seq/u_mov/aw_left_reg[3] REF=FDRE
NM inst/u_seq/u_mov/aw_left_reg[4] REF=FDRE
NM inst/u_seq/u_mov/aw_left_reg[5] REF=FDRE
NM inst/u_seq/u_mov/aw_left_reg[6] REF=FDRE
NM inst/u_seq/u_mov/aw_left_reg[7] REF=FDRE
NM inst/u_seq/u_mov/aw_left_reg[8] REF=FDRE
NM inst/u_seq/u_mov/aw_left_reg[9] REF=FDRE
NM inst/u_seq/u_mov/aw_left_reg[10] REF=FDRE
NM inst/u_seq/u_mov/aw_left_reg[11] REF=FDRE
NM inst/u_seq/u_mov/aw_left_reg[12] REF=FDRE
NM inst/u_seq/u_mov/aw_left_reg[13] REF=FDRE
NM inst/u_seq/u_mov/aw_left_reg[14] REF=FDRE
NM inst/u_seq/u_mov/aw_left_reg[15] REF=FDRE
NM inst/u_seq/u_mov/aw_left_reg[16] REF=FDRE
NM inst/u_seq/u_mov/aw_left_reg[17] REF=FDRE
NM inst/u_seq/u_mov/aw_left_reg[18] REF=FDRE
NM inst/u_seq/u_mov/aw_left_reg[19] REF=FDRE
NM inst/u_seq/u_mov/aw_left_reg[20] REF=FDRE
NM inst/u_seq/u_mov/aw_left_reg[21] REF=FDRE
NM inst/u_seq/u_mov/aw_left_reg[22] REF=FDRE
NM inst/u_seq/u_mov/aw_left_reg[23] REF=FDRE
NM inst/u_seq/u_mov/axib_err_reg REF=FDRE
NM inst/u_seq/u_mov/b_out_reg[0] REF=FDRE
NM inst/u_seq/u_mov/b_out_reg[1] REF=FDRE
NM inst/u_seq/u_mov/b_out_reg[2] REF=FDRE
NM inst/u_seq/u_mov/b_out_reg[3] REF=FDRE
NM inst/u_seq/u_mov/bcast_q_reg REF=FDRE
NM inst/u_seq/u_mov/beats_q_reg[0] REF=FDRE
NM inst/u_seq/u_mov/beats_q_reg[1] REF=FDRE
NM inst/u_seq/u_mov/beats_q_reg[2] REF=FDRE
NM inst/u_seq/u_mov/beats_q_reg[3] REF=FDRE
NM inst/u_seq/u_mov/beats_q_reg[4] REF=FDRE
NM inst/u_seq/u_mov/beats_q_reg[5] REF=FDRE
NM inst/u_seq/u_mov/beats_q_reg[6] REF=FDRE
NM inst/u_seq/u_mov/beats_q_reg[7] REF=FDRE
NM inst/u_seq/u_mov/beats_q_reg[8] REF=FDRE
NM inst/u_seq/u_mov/beats_q_reg[9] REF=FDRE
NM inst/u_seq/u_mov/beats_q_reg[10] REF=FDRE
NM inst/u_seq/u_mov/beats_q_reg[11] REF=FDRE
NM inst/u_seq/u_mov/beats_q_reg[12] REF=FDRE
NM inst/u_seq/u_mov/beats_q_reg[13] REF=FDRE
NM inst/u_seq/u_mov/beats_q_reg[14] REF=FDRE
NM inst/u_seq/u_mov/beats_q_reg[15] REF=FDRE
NM inst/u_seq/u_mov/beats_q_reg[16] REF=FDRE
NM inst/u_seq/u_mov/beats_q_reg[17] REF=FDRE
NM inst/u_seq/u_mov/beats_q_reg[18] REF=FDRE
NM inst/u_seq/u_mov/beats_q_reg[19] REF=FDRE
NM inst/u_seq/u_mov/beats_q_reg[20] REF=FDRE
NM inst/u_seq/u_mov/beats_q_reg[21] REF=FDRE
NM inst/u_seq/u_mov/beats_q_reg[22] REF=FDRE
NM inst/u_seq/u_mov/beats_q_reg[23] REF=FDRE
NM inst/u_seq/u_mov/br_saddr_reg[2] REF=FDRE
NM inst/u_seq/u_mov/br_saddr_reg[3] REF=FDRE
NM inst/u_seq/u_mov/br_saddr_reg[4] REF=FDRE
NM inst/u_seq/u_mov/br_saddr_reg[5] REF=FDRE
NM inst/u_seq/u_mov/br_saddr_reg[6] REF=FDRE
NM inst/u_seq/u_mov/br_saddr_reg[7] REF=FDRE
NM inst/u_seq/u_mov/br_saddr_reg[8] REF=FDRE
NM inst/u_seq/u_mov/br_saddr_reg[9] REF=FDRE
NM inst/u_seq/u_mov/br_saddr_reg[10] REF=FDRE
NM inst/u_seq/u_mov/br_saddr_reg[11] REF=FDRE
NM inst/u_seq/u_mov/br_saddr_reg[12] REF=FDRE
NM inst/u_seq/u_mov/br_saddr_reg[13] REF=FDRE
NM inst/u_seq/u_mov/br_saddr_reg[14] REF=FDRE
NM inst/u_seq/u_mov/br_saddr_reg[15] REF=FDRE
NM inst/u_seq/u_mov/br_saddr_reg[16] REF=FDRE
NM inst/u_seq/u_mov/br_saddr_reg[17] REF=FDRE
NM inst/u_seq/u_mov/br_saddr_reg[18] REF=FDRE
NM inst/u_seq/u_mov/br_saddr_reg[19] REF=FDRE
NM inst/u_seq/u_mov/br_sbeats_reg[0] REF=FDRE
NM inst/u_seq/u_mov/br_sbeats_reg[1] REF=FDRE
NM inst/u_seq/u_mov/br_sbeats_reg[2] REF=FDRE
NM inst/u_seq/u_mov/br_sbeats_reg[3] REF=FDRE
NM inst/u_seq/u_mov/br_sbeats_reg[4] REF=FDRE
NM inst/u_seq/u_mov/br_sbeats_reg[5] REF=FDRE
NM inst/u_seq/u_mov/br_sbeats_reg[6] REF=FDRE
NM inst/u_seq/u_mov/br_sbeats_reg[7] REF=FDRE
NM inst/u_seq/u_mov/br_sbeats_reg[8] REF=FDRE
NM inst/u_seq/u_mov/br_sbeats_reg[9] REF=FDRE
NM inst/u_seq/u_mov/br_sbeats_reg[10] REF=FDRE
NM inst/u_seq/u_mov/br_sbeats_reg[11] REF=FDRE
NM inst/u_seq/u_mov/br_sbeats_reg[12] REF=FDRE
NM inst/u_seq/u_mov/br_sbeats_reg[13] REF=FDRE
NM inst/u_seq/u_mov/br_sbeats_reg[14] REF=FDRE
NM inst/u_seq/u_mov/br_sbeats_reg[15] REF=FDRE
NM inst/u_seq/u_mov/br_sbeats_reg[16] REF=FDRE
NM inst/u_seq/u_mov/br_sbeats_reg[17] REF=FDRE
NM inst/u_seq/u_mov/br_sbeats_reg[18] REF=FDRE
NM inst/u_seq/u_mov/br_sbeats_reg[19] REF=FDRE
NM inst/u_seq/u_mov/br_sbeats_reg[20] REF=FDRE
NM inst/u_seq/u_mov/br_sbeats_reg[21] REF=FDRE
NM inst/u_seq/u_mov/br_sbeats_reg[22] REF=FDRE
NM inst/u_seq/u_mov/br_sbeats_reg[23] REF=FDRE
NM inst/u_seq/u_mov/br_start_reg REF=FDRE
NM inst/u_seq/u_mov/bw_saddr_reg[2] REF=FDRE
NM inst/u_seq/u_mov/bw_saddr_reg[3] REF=FDRE
NM inst/u_seq/u_mov/bw_saddr_reg[4] REF=FDRE
NM inst/u_seq/u_mov/bw_saddr_reg[5] REF=FDRE
NM inst/u_seq/u_mov/bw_saddr_reg[6] REF=FDRE
NM inst/u_seq/u_mov/bw_saddr_reg[7] REF=FDRE
NM inst/u_seq/u_mov/bw_saddr_reg[8] REF=FDRE
NM inst/u_seq/u_mov/bw_saddr_reg[9] REF=FDRE
NM inst/u_seq/u_mov/bw_saddr_reg[10] REF=FDRE
NM inst/u_seq/u_mov/bw_saddr_reg[11] REF=FDRE
NM inst/u_seq/u_mov/bw_saddr_reg[12] REF=FDRE
NM inst/u_seq/u_mov/bw_saddr_reg[13] REF=FDRE
NM inst/u_seq/u_mov/bw_saddr_reg[14] REF=FDRE
NM inst/u_seq/u_mov/bw_saddr_reg[15] REF=FDRE
NM inst/u_seq/u_mov/bw_saddr_reg[16] REF=FDRE
NM inst/u_seq/u_mov/bw_saddr_reg[17] REF=FDRE
NM inst/u_seq/u_mov/bw_saddr_reg[18] REF=FDRE
NM inst/u_seq/u_mov/bw_saddr_reg[19] REF=FDRE
NM inst/u_seq/u_mov/bw_sbeats_reg[0] REF=FDRE
NM inst/u_seq/u_mov/bw_sbeats_reg[1] REF=FDRE
NM inst/u_seq/u_mov/bw_sbeats_reg[2] REF=FDRE
NM inst/u_seq/u_mov/bw_sbeats_reg[3] REF=FDRE
NM inst/u_seq/u_mov/bw_sbeats_reg[4] REF=FDRE
NM inst/u_seq/u_mov/bw_sbeats_reg[5] REF=FDRE
NM inst/u_seq/u_mov/bw_sbeats_reg[6] REF=FDRE
NM inst/u_seq/u_mov/bw_sbeats_reg[7] REF=FDRE
NM inst/u_seq/u_mov/bw_sbeats_reg[8] REF=FDRE
NM inst/u_seq/u_mov/bw_sbeats_reg[9] REF=FDRE
NM inst/u_seq/u_mov/bw_sbeats_reg[10] REF=FDRE
NM inst/u_seq/u_mov/bw_sbeats_reg[11] REF=FDRE
NM inst/u_seq/u_mov/bw_sbeats_reg[12] REF=FDRE
NM inst/u_seq/u_mov/bw_sbeats_reg[13] REF=FDRE
NM inst/u_seq/u_mov/bw_sbeats_reg[14] REF=FDRE
NM inst/u_seq/u_mov/bw_sbeats_reg[15] REF=FDRE
NM inst/u_seq/u_mov/bw_sbeats_reg[16] REF=FDRE
NM inst/u_seq/u_mov/bw_sbeats_reg[17] REF=FDRE
NM inst/u_seq/u_mov/bw_sbeats_reg[18] REF=FDRE
NM inst/u_seq/u_mov/bw_sbeats_reg[19] REF=FDRE
NM inst/u_seq/u_mov/bw_sbeats_reg[20] REF=FDRE
NM inst/u_seq/u_mov/bw_sbeats_reg[21] REF=FDRE
NM inst/u_seq/u_mov/bw_sbeats_reg[22] REF=FDRE
NM inst/u_seq/u_mov/bw_sbeats_reg[23] REF=FDRE
NM inst/u_seq/u_mov/bw_start_reg REF=FDRE
NM inst/u_seq/u_mov/cfg_step_reg[0] REF=FDRE
NM inst/u_seq/u_mov/cfg_step_reg[1] REF=FDRE
NM inst/u_seq/u_mov/cfg_step_reg[2] REF=FDRE
NM inst/u_seq/u_mov/chan_pend_reg[0] REF=FDRE
NM inst/u_seq/u_mov/chan_pend_reg[1] REF=FDRE
NM inst/u_seq/u_mov/chan_pend_reg[2] REF=FDRE
NM inst/u_seq/u_mov/chan_pend_reg[3] REF=FDRE
NM inst/u_seq/u_mov/chan_q_reg[0] REF=FDRE
NM inst/u_seq/u_mov/chan_q_reg[1] REF=FDRE
NM inst/u_seq/u_mov/done_reg REF=FDRE
NM inst/u_seq/u_mov/dq_add_reg[0] REF=FDRE
NM inst/u_seq/u_mov/dq_add_reg[1] REF=FDRE
NM inst/u_seq/u_mov/dq_add_reg[2] REF=FDRE
NM inst/u_seq/u_mov/dq_add_reg[3] REF=FDRE
NM inst/u_seq/u_mov/dq_add_reg[4] REF=FDRE
NM inst/u_seq/u_mov/dq_add_reg[5] REF=FDRE
NM inst/u_seq/u_mov/dq_add_reg[6] REF=FDRE
NM inst/u_seq/u_mov/dq_add_reg[7] REF=FDRE
NM inst/u_seq/u_mov/dq_add_reg[8] REF=FDRE
NM inst/u_seq/u_mov/dq_add_reg[9] REF=FDRE
NM inst/u_seq/u_mov/dq_add_reg[10] REF=FDRE
NM inst/u_seq/u_mov/dq_add_reg[11] REF=FDRE
NM inst/u_seq/u_mov/dq_add_reg[12] REF=FDRE
NM inst/u_seq/u_mov/dq_add_reg[13] REF=FDRE
NM inst/u_seq/u_mov/dq_add_reg[14] REF=FDRE
NM inst/u_seq/u_mov/dq_add_reg[15] REF=FDRE
NM inst/u_seq/u_mov/dq_add_reg[16] REF=FDRE
NM inst/u_seq/u_mov/dq_add_reg[17] REF=FDRE
NM inst/u_seq/u_mov/dq_add_reg[18] REF=FDRE
NM inst/u_seq/u_mov/dq_add_reg[19] REF=FDRE
NM inst/u_seq/u_mov/dq_add_reg[20] REF=FDRE
NM inst/u_seq/u_mov/dq_add_reg[21] REF=FDRE
NM inst/u_seq/u_mov/dq_add_reg[22] REF=FDRE
NM inst/u_seq/u_mov/dq_add_reg[23] REF=FDRE
NM inst/u_seq/u_mov/dq_add_reg[24] REF=FDRE
NM inst/u_seq/u_mov/dq_add_reg[25] REF=FDRE
NM inst/u_seq/u_mov/dq_add_reg[26] REF=FDRE
NM inst/u_seq/u_mov/dq_add_reg[27] REF=FDRE
NM inst/u_seq/u_mov/dq_add_reg[28] REF=FDRE
NM inst/u_seq/u_mov/dq_add_reg[29] REF=FDRE
NM inst/u_seq/u_mov/dq_add_reg[30] REF=FDRE
NM inst/u_seq/u_mov/dq_add_reg[31] REF=FDRE
NM inst/u_seq/u_mov/dq_add_reg[32] REF=FDRE
NM inst/u_seq/u_mov/dq_add_reg[33] REF=FDRE
NM inst/u_seq/u_mov/dq_add_reg[34] REF=FDRE
NM inst/u_seq/u_mov/dq_add_reg[35] REF=FDRE
NM inst/u_seq/u_mov/dq_add_reg[36] REF=FDRE
NM inst/u_seq/u_mov/dq_add_reg[37] REF=FDRE
NM inst/u_seq/u_mov/dq_add_reg[38] REF=FDRE
NM inst/u_seq/u_mov/dq_add_reg[39] REF=FDRE
NM inst/u_seq/u_mov/dq_add_reg[40] REF=FDRE
NM inst/u_seq/u_mov/dq_add_reg[41] REF=FDRE
NM inst/u_seq/u_mov/dq_add_reg[42] REF=FDRE
NM inst/u_seq/u_mov/dq_add_reg[43] REF=FDRE
NM inst/u_seq/u_mov/dq_add_reg[44] REF=FDRE
NM inst/u_seq/u_mov/dq_add_reg[45] REF=FDRE
NM inst/u_seq/u_mov/dq_add_reg[46] REF=FDRE
NM inst/u_seq/u_mov/dq_add_reg[47] REF=FDRE
NM inst/u_seq/u_mov/dq_add_reg[48] REF=FDRE
NM inst/u_seq/u_mov/dq_add_reg[49] REF=FDRE
NM inst/u_seq/u_mov/dq_add_reg[50] REF=FDRE
NM inst/u_seq/u_mov/dq_add_reg[51] REF=FDRE
NM inst/u_seq/u_mov/dq_add_reg[52] REF=FDRE
NM inst/u_seq/u_mov/dq_add_reg[53] REF=FDRE
NM inst/u_seq/u_mov/dq_add_reg[54] REF=FDRE
NM inst/u_seq/u_mov/dq_add_reg[55] REF=FDRE
NM inst/u_seq/u_mov/dq_add_reg[56] REF=FDRE
NM inst/u_seq/u_mov/dq_add_reg[57] REF=FDRE
NM inst/u_seq/u_mov/dq_add_reg[58] REF=FDRE
NM inst/u_seq/u_mov/dq_add_reg[59] REF=FDRE
NM inst/u_seq/u_mov/dq_add_reg[60] REF=FDRE
NM inst/u_seq/u_mov/dq_add_reg[61] REF=FDRE
NM inst/u_seq/u_mov/dq_add_reg[62] REF=FDRE
NM inst/u_seq/u_mov/dq_left_reg REF=FDRE
NM inst/u_seq/u_mov/dq_m_reg[0] REF=FDRE
NM inst/u_seq/u_mov/dq_m_reg[1] REF=FDRE
NM inst/u_seq/u_mov/dq_m_reg[2] REF=FDRE
NM inst/u_seq/u_mov/dq_m_reg[3] REF=FDRE
NM inst/u_seq/u_mov/dq_m_reg[4] REF=FDRE
NM inst/u_seq/u_mov/dq_m_reg[5] REF=FDRE
NM inst/u_seq/u_mov/err_code_reg[0] REF=FDRE
NM inst/u_seq/u_mov/err_code_reg[1] REF=FDRE
NM inst/u_seq/u_mov/err_code_reg[4] REF=FDRE
NM inst/u_seq/u_mov/err_code_reg[5] REF=FDRE
NM inst/u_seq/u_mov/err_reg REF=FDRE
NM inst/u_seq/u_mov/fence_chan_reg[0] REF=FDRE
NM inst/u_seq/u_mov/fence_chan_reg[1] REF=FDRE
NM inst/u_seq/u_mov/fmask_q_reg[0] REF=FDRE
NM inst/u_seq/u_mov/fmask_q_reg[1] REF=FDRE
NM inst/u_seq/u_mov/fmask_q_reg[2] REF=FDRE
NM inst/u_seq/u_mov/fmask_q_reg[3] REF=FDRE
NM inst/u_seq/u_mov/g_xp[0].xp_d_q_reg[0][0] REF=FDRE
NM inst/u_seq/u_mov/g_xp[0].xp_d_q_reg[0][1] REF=FDRE
NM inst/u_seq/u_mov/g_xp[0].xp_d_q_reg[0][2] REF=FDRE
NM inst/u_seq/u_mov/g_xp[0].xp_d_q_reg[0][3] REF=FDRE
NM inst/u_seq/u_mov/g_xp[0].xp_d_q_reg[0][4] REF=FDRE
NM inst/u_seq/u_mov/g_xp[0].xp_d_q_reg[0][5] REF=FDRE
NM inst/u_seq/u_mov/g_xp[0].xp_d_q_reg[0][6] REF=FDRE
NM inst/u_seq/u_mov/g_xp[0].xp_d_q_reg[0][7] REF=FDRE
NM inst/u_seq/u_mov/g_xp[0].xp_d_q_reg[0][8] REF=FDRE
NM inst/u_seq/u_mov/g_xp[0].xp_d_q_reg[0][9] REF=FDRE
NM inst/u_seq/u_mov/g_xp[0].xp_d_q_reg[0][10] REF=FDRE
NM inst/u_seq/u_mov/g_xp[0].xp_d_q_reg[0][11] REF=FDRE
NM inst/u_seq/u_mov/g_xp[0].xp_d_q_reg[0][12] REF=FDRE
NM inst/u_seq/u_mov/g_xp[0].xp_d_q_reg[0][13] REF=FDRE
NM inst/u_seq/u_mov/g_xp[0].xp_d_q_reg[0][14] REF=FDRE
NM inst/u_seq/u_mov/g_xp[0].xp_d_q_reg[0][15] REF=FDRE
NM inst/u_seq/u_mov/g_xp[0].xp_d_q_reg[0][16] REF=FDRE
NM inst/u_seq/u_mov/g_xp[0].xp_d_q_reg[0][17] REF=FDRE
NM inst/u_seq/u_mov/g_xp[0].xp_d_q_reg[0][18] REF=FDRE
NM inst/u_seq/u_mov/g_xp[0].xp_d_q_reg[0][19] REF=FDRE
NM inst/u_seq/u_mov/g_xp[0].xp_d_q_reg[0][20] REF=FDRE
NM inst/u_seq/u_mov/g_xp[0].xp_d_q_reg[0][21] REF=FDRE
NM inst/u_seq/u_mov/g_xp[0].xp_d_q_reg[0][22] REF=FDRE
NM inst/u_seq/u_mov/g_xp[0].xp_d_q_reg[0][23] REF=FDRE
NM inst/u_seq/u_mov/g_xp[0].xp_d_q_reg[0][24] REF=FDRE
NM inst/u_seq/u_mov/g_xp[0].xp_d_q_reg[0][25] REF=FDRE
NM inst/u_seq/u_mov/g_xp[0].xp_d_q_reg[0][26] REF=FDRE
NM inst/u_seq/u_mov/g_xp[0].xp_d_q_reg[0][27] REF=FDRE
NM inst/u_seq/u_mov/g_xp[0].xp_d_q_reg[0][28] REF=FDRE
NM inst/u_seq/u_mov/g_xp[0].xp_d_q_reg[0][29] REF=FDRE
NM inst/u_seq/u_mov/g_xp[0].xp_d_q_reg[0][30] REF=FDRE
NM inst/u_seq/u_mov/g_xp[0].xp_d_q_reg[0][31] REF=FDRE
NM inst/u_seq/u_mov/g_xp[0].xp_i_q_reg[0][0] REF=FDRE
NM inst/u_seq/u_mov/g_xp[0].xp_i_q_reg[0][1] REF=FDRE
NM inst/u_seq/u_mov/g_xp[0].xp_i_q_reg[0][2] REF=FDRE
NM inst/u_seq/u_mov/g_xp[0].xp_i_q_reg[0][3] REF=FDRE
NM inst/u_seq/u_mov/g_xp[0].xp_i_q_reg[0][4] REF=FDRE
NM inst/u_seq/u_mov/g_xp[0].xp_i_q_reg[0][5] REF=FDRE
NM inst/u_seq/u_mov/g_xp[0].xp_i_q_reg[0][6] REF=FDRE
NM inst/u_seq/u_mov/g_xp[0].xp_i_q_reg[0][7] REF=FDRE
NM inst/u_seq/u_mov/g_xp[0].xp_i_q_reg[0][8] REF=FDRE
NM inst/u_seq/u_mov/g_xp[0].xp_i_q_reg[0][9] REF=FDRE
NM inst/u_seq/u_mov/g_xp[0].xp_i_q_reg[0][10] REF=FDRE
NM inst/u_seq/u_mov/g_xp[0].xp_i_q_reg[0][11] REF=FDRE
NM inst/u_seq/u_mov/g_xp[1].xp_d_q_reg[1][0] REF=FDRE
NM inst/u_seq/u_mov/g_xp[1].xp_d_q_reg[1][1] REF=FDRE
NM inst/u_seq/u_mov/g_xp[1].xp_d_q_reg[1][2] REF=FDRE
NM inst/u_seq/u_mov/g_xp[1].xp_d_q_reg[1][3] REF=FDRE
NM inst/u_seq/u_mov/g_xp[1].xp_d_q_reg[1][4] REF=FDRE
NM inst/u_seq/u_mov/g_xp[1].xp_d_q_reg[1][5] REF=FDRE
NM inst/u_seq/u_mov/g_xp[1].xp_d_q_reg[1][6] REF=FDRE
NM inst/u_seq/u_mov/g_xp[1].xp_d_q_reg[1][7] REF=FDRE
NM inst/u_seq/u_mov/g_xp[1].xp_d_q_reg[1][8] REF=FDRE
NM inst/u_seq/u_mov/g_xp[1].xp_d_q_reg[1][9] REF=FDRE
NM inst/u_seq/u_mov/g_xp[1].xp_d_q_reg[1][10] REF=FDRE
NM inst/u_seq/u_mov/g_xp[1].xp_d_q_reg[1][11] REF=FDRE
NM inst/u_seq/u_mov/g_xp[1].xp_d_q_reg[1][12] REF=FDRE
NM inst/u_seq/u_mov/g_xp[1].xp_d_q_reg[1][13] REF=FDRE
NM inst/u_seq/u_mov/g_xp[1].xp_d_q_reg[1][14] REF=FDRE
NM inst/u_seq/u_mov/g_xp[1].xp_d_q_reg[1][15] REF=FDRE
NM inst/u_seq/u_mov/g_xp[1].xp_d_q_reg[1][16] REF=FDRE
NM inst/u_seq/u_mov/g_xp[1].xp_d_q_reg[1][17] REF=FDRE
NM inst/u_seq/u_mov/g_xp[1].xp_d_q_reg[1][18] REF=FDRE
NM inst/u_seq/u_mov/g_xp[1].xp_d_q_reg[1][19] REF=FDRE
NM inst/u_seq/u_mov/g_xp[1].xp_d_q_reg[1][20] REF=FDRE
NM inst/u_seq/u_mov/g_xp[1].xp_d_q_reg[1][21] REF=FDRE
NM inst/u_seq/u_mov/g_xp[1].xp_d_q_reg[1][22] REF=FDRE
NM inst/u_seq/u_mov/g_xp[1].xp_d_q_reg[1][23] REF=FDRE
NM inst/u_seq/u_mov/g_xp[1].xp_d_q_reg[1][24] REF=FDRE
NM inst/u_seq/u_mov/g_xp[1].xp_d_q_reg[1][25] REF=FDRE
NM inst/u_seq/u_mov/g_xp[1].xp_d_q_reg[1][26] REF=FDRE
NM inst/u_seq/u_mov/g_xp[1].xp_d_q_reg[1][27] REF=FDRE
NM inst/u_seq/u_mov/g_xp[1].xp_d_q_reg[1][28] REF=FDRE
NM inst/u_seq/u_mov/g_xp[1].xp_d_q_reg[1][29] REF=FDRE
NM inst/u_seq/u_mov/g_xp[1].xp_d_q_reg[1][30] REF=FDRE
NM inst/u_seq/u_mov/g_xp[1].xp_d_q_reg[1][31] REF=FDRE
NM inst/u_seq/u_mov/g_xp[1].xp_i_q_reg[1][0] REF=FDRE
NM inst/u_seq/u_mov/g_xp[1].xp_i_q_reg[1][1] REF=FDRE
NM inst/u_seq/u_mov/g_xp[1].xp_i_q_reg[1][2] REF=FDRE
NM inst/u_seq/u_mov/g_xp[1].xp_i_q_reg[1][3] REF=FDRE
NM inst/u_seq/u_mov/g_xp[1].xp_i_q_reg[1][4] REF=FDRE
NM inst/u_seq/u_mov/g_xp[1].xp_i_q_reg[1][5] REF=FDRE
NM inst/u_seq/u_mov/g_xp[1].xp_i_q_reg[1][6] REF=FDRE
NM inst/u_seq/u_mov/g_xp[1].xp_i_q_reg[1][7] REF=FDRE
NM inst/u_seq/u_mov/g_xp[1].xp_i_q_reg[1][8] REF=FDRE
NM inst/u_seq/u_mov/g_xp[1].xp_i_q_reg[1][9] REF=FDRE
NM inst/u_seq/u_mov/g_xp[1].xp_i_q_reg[1][10] REF=FDRE
NM inst/u_seq/u_mov/g_xp[1].xp_i_q_reg[1][11] REF=FDRE
NM inst/u_seq/u_mov/g_xp[2].xp_d_q_reg[2][0] REF=FDRE
NM inst/u_seq/u_mov/g_xp[2].xp_d_q_reg[2][1] REF=FDRE
NM inst/u_seq/u_mov/g_xp[2].xp_d_q_reg[2][2] REF=FDRE
NM inst/u_seq/u_mov/g_xp[2].xp_d_q_reg[2][3] REF=FDRE
NM inst/u_seq/u_mov/g_xp[2].xp_d_q_reg[2][4] REF=FDRE
NM inst/u_seq/u_mov/g_xp[2].xp_d_q_reg[2][5] REF=FDRE
NM inst/u_seq/u_mov/g_xp[2].xp_d_q_reg[2][6] REF=FDRE
NM inst/u_seq/u_mov/g_xp[2].xp_d_q_reg[2][7] REF=FDRE
NM inst/u_seq/u_mov/g_xp[2].xp_d_q_reg[2][8] REF=FDRE
NM inst/u_seq/u_mov/g_xp[2].xp_d_q_reg[2][9] REF=FDRE
NM inst/u_seq/u_mov/g_xp[2].xp_d_q_reg[2][10] REF=FDRE
NM inst/u_seq/u_mov/g_xp[2].xp_d_q_reg[2][11] REF=FDRE
NM inst/u_seq/u_mov/g_xp[2].xp_d_q_reg[2][12] REF=FDRE
NM inst/u_seq/u_mov/g_xp[2].xp_d_q_reg[2][13] REF=FDRE
NM inst/u_seq/u_mov/g_xp[2].xp_d_q_reg[2][14] REF=FDRE
NM inst/u_seq/u_mov/g_xp[2].xp_d_q_reg[2][15] REF=FDRE
NM inst/u_seq/u_mov/g_xp[2].xp_d_q_reg[2][16] REF=FDRE
NM inst/u_seq/u_mov/g_xp[2].xp_d_q_reg[2][17] REF=FDRE
NM inst/u_seq/u_mov/g_xp[2].xp_d_q_reg[2][18] REF=FDRE
NM inst/u_seq/u_mov/g_xp[2].xp_d_q_reg[2][19] REF=FDRE
NM inst/u_seq/u_mov/g_xp[2].xp_d_q_reg[2][20] REF=FDRE
NM inst/u_seq/u_mov/g_xp[2].xp_d_q_reg[2][21] REF=FDRE
NM inst/u_seq/u_mov/g_xp[2].xp_d_q_reg[2][22] REF=FDRE
NM inst/u_seq/u_mov/g_xp[2].xp_d_q_reg[2][23] REF=FDRE
NM inst/u_seq/u_mov/g_xp[2].xp_d_q_reg[2][24] REF=FDRE
NM inst/u_seq/u_mov/g_xp[2].xp_d_q_reg[2][25] REF=FDRE
NM inst/u_seq/u_mov/g_xp[2].xp_d_q_reg[2][26] REF=FDRE
NM inst/u_seq/u_mov/g_xp[2].xp_d_q_reg[2][27] REF=FDRE
NM inst/u_seq/u_mov/g_xp[2].xp_d_q_reg[2][28] REF=FDRE
NM inst/u_seq/u_mov/g_xp[2].xp_d_q_reg[2][29] REF=FDRE
NM inst/u_seq/u_mov/g_xp[2].xp_d_q_reg[2][30] REF=FDRE
NM inst/u_seq/u_mov/g_xp[2].xp_d_q_reg[2][31] REF=FDRE
NM inst/u_seq/u_mov/g_xp[2].xp_i_q_reg[2][0] REF=FDRE
NM inst/u_seq/u_mov/g_xp[2].xp_i_q_reg[2][1] REF=FDRE
NM inst/u_seq/u_mov/g_xp[2].xp_i_q_reg[2][2] REF=FDRE
NM inst/u_seq/u_mov/g_xp[2].xp_i_q_reg[2][3] REF=FDRE
NM inst/u_seq/u_mov/g_xp[2].xp_i_q_reg[2][4] REF=FDRE
NM inst/u_seq/u_mov/g_xp[2].xp_i_q_reg[2][5] REF=FDRE
NM inst/u_seq/u_mov/g_xp[2].xp_i_q_reg[2][6] REF=FDRE
NM inst/u_seq/u_mov/g_xp[2].xp_i_q_reg[2][7] REF=FDRE
NM inst/u_seq/u_mov/g_xp[2].xp_i_q_reg[2][8] REF=FDRE
NM inst/u_seq/u_mov/g_xp[2].xp_i_q_reg[2][9] REF=FDRE
NM inst/u_seq/u_mov/g_xp[2].xp_i_q_reg[2][10] REF=FDRE
NM inst/u_seq/u_mov/g_xp[2].xp_i_q_reg[2][11] REF=FDRE
NM inst/u_seq/u_mov/g_xp[3].xp_d_q_reg[3][0] REF=FDRE
NM inst/u_seq/u_mov/g_xp[3].xp_d_q_reg[3][1] REF=FDRE
NM inst/u_seq/u_mov/g_xp[3].xp_d_q_reg[3][2] REF=FDRE
NM inst/u_seq/u_mov/g_xp[3].xp_d_q_reg[3][3] REF=FDRE
NM inst/u_seq/u_mov/g_xp[3].xp_d_q_reg[3][4] REF=FDRE
NM inst/u_seq/u_mov/g_xp[3].xp_d_q_reg[3][5] REF=FDRE
NM inst/u_seq/u_mov/g_xp[3].xp_d_q_reg[3][6] REF=FDRE
NM inst/u_seq/u_mov/g_xp[3].xp_d_q_reg[3][7] REF=FDRE
NM inst/u_seq/u_mov/g_xp[3].xp_d_q_reg[3][8] REF=FDRE
NM inst/u_seq/u_mov/g_xp[3].xp_d_q_reg[3][9] REF=FDRE
NM inst/u_seq/u_mov/g_xp[3].xp_d_q_reg[3][10] REF=FDRE
NM inst/u_seq/u_mov/g_xp[3].xp_d_q_reg[3][11] REF=FDRE
NM inst/u_seq/u_mov/g_xp[3].xp_d_q_reg[3][12] REF=FDRE
NM inst/u_seq/u_mov/g_xp[3].xp_d_q_reg[3][13] REF=FDRE
NM inst/u_seq/u_mov/g_xp[3].xp_d_q_reg[3][14] REF=FDRE
NM inst/u_seq/u_mov/g_xp[3].xp_d_q_reg[3][15] REF=FDRE
NM inst/u_seq/u_mov/g_xp[3].xp_d_q_reg[3][16] REF=FDRE
NM inst/u_seq/u_mov/g_xp[3].xp_d_q_reg[3][17] REF=FDRE
NM inst/u_seq/u_mov/g_xp[3].xp_d_q_reg[3][18] REF=FDRE
NM inst/u_seq/u_mov/g_xp[3].xp_d_q_reg[3][19] REF=FDRE
NM inst/u_seq/u_mov/g_xp[3].xp_d_q_reg[3][20] REF=FDRE
NM inst/u_seq/u_mov/g_xp[3].xp_d_q_reg[3][21] REF=FDRE
NM inst/u_seq/u_mov/g_xp[3].xp_d_q_reg[3][22] REF=FDRE
NM inst/u_seq/u_mov/g_xp[3].xp_d_q_reg[3][23] REF=FDRE
NM inst/u_seq/u_mov/g_xp[3].xp_d_q_reg[3][24] REF=FDRE
NM inst/u_seq/u_mov/g_xp[3].xp_d_q_reg[3][25] REF=FDRE
NM inst/u_seq/u_mov/g_xp[3].xp_d_q_reg[3][26] REF=FDRE
NM inst/u_seq/u_mov/g_xp[3].xp_d_q_reg[3][27] REF=FDRE
NM inst/u_seq/u_mov/g_xp[3].xp_d_q_reg[3][28] REF=FDRE
NM inst/u_seq/u_mov/g_xp[3].xp_d_q_reg[3][29] REF=FDRE
NM inst/u_seq/u_mov/g_xp[3].xp_d_q_reg[3][30] REF=FDRE
NM inst/u_seq/u_mov/g_xp[3].xp_d_q_reg[3][31] REF=FDRE
NM inst/u_seq/u_mov/g_xp[3].xp_i_q_reg[3][0] REF=FDRE
NM inst/u_seq/u_mov/g_xp[3].xp_i_q_reg[3][1] REF=FDRE
NM inst/u_seq/u_mov/g_xp[3].xp_i_q_reg[3][2] REF=FDRE
NM inst/u_seq/u_mov/g_xp[3].xp_i_q_reg[3][3] REF=FDRE
NM inst/u_seq/u_mov/g_xp[3].xp_i_q_reg[3][4] REF=FDRE
NM inst/u_seq/u_mov/g_xp[3].xp_i_q_reg[3][5] REF=FDRE
NM inst/u_seq/u_mov/g_xp[3].xp_i_q_reg[3][6] REF=FDRE
NM inst/u_seq/u_mov/g_xp[3].xp_i_q_reg[3][7] REF=FDRE
NM inst/u_seq/u_mov/g_xp[3].xp_i_q_reg[3][8] REF=FDRE
NM inst/u_seq/u_mov/g_xp[3].xp_i_q_reg[3][9] REF=FDRE
NM inst/u_seq/u_mov/g_xp[3].xp_i_q_reg[3][10] REF=FDRE
NM inst/u_seq/u_mov/g_xp[3].xp_i_q_reg[3][11] REF=FDRE
NM inst/u_seq/u_mov/guard_cnt_reg[0] REF=FDRE
NM inst/u_seq/u_mov/guard_cnt_reg[1] REF=FDRE
NM inst/u_seq/u_mov/guard_cnt_reg[2] REF=FDRE
NM inst/u_seq/u_mov/guard_cnt_reg[3] REF=FDRE
NM inst/u_seq/u_mov/guard_cnt_reg[4] REF=FDRE
NM inst/u_seq/u_mov/guard_cnt_reg[5] REF=FDRE
NM inst/u_seq/u_mov/guard_cnt_reg[6] REF=FDRE
NM inst/u_seq/u_mov/guard_cnt_reg[7] REF=FDRE
NM inst/u_seq/u_mov/guard_cnt_reg[8] REF=FDRE
NM inst/u_seq/u_mov/guard_cnt_reg[9] REF=FDRE
NM inst/u_seq/u_mov/guard_cnt_reg[10] REF=FDRE
NM inst/u_seq/u_mov/guard_cnt_reg[11] REF=FDRE
NM inst/u_seq/u_mov/guard_cnt_reg[12] REF=FDRE
NM inst/u_seq/u_mov/guard_cnt_reg[13] REF=FDRE
NM inst/u_seq/u_mov/guard_cnt_reg[14] REF=FDRE
NM inst/u_seq/u_mov/guard_cnt_reg[15] REF=FDRE
NM inst/u_seq/u_mov/guard_cnt_reg[16] REF=FDRE
NM inst/u_seq/u_mov/guard_cnt_reg[17] REF=FDRE
NM inst/u_seq/u_mov/guard_cnt_reg[18] REF=FDRE
NM inst/u_seq/u_mov/guard_cnt_reg[19] REF=FDRE
NM inst/u_seq/u_mov/guard_cnt_reg[20] REF=FDRE
NM inst/u_seq/u_mov/guard_cnt_reg[21] REF=FDRE
NM inst/u_seq/u_mov/guard_cnt_reg[22] REF=FDRE
NM inst/u_seq/u_mov/guard_cnt_reg[23] REF=FDRE
NM inst/u_seq/u_mov/guard_cnt_reg[24] REF=FDRE
NM inst/u_seq/u_mov/guard_cnt_reg[25] REF=FDRE
NM inst/u_seq/u_mov/guard_cnt_reg[26] REF=FDRE
NM inst/u_seq/u_mov/guard_cnt_reg[27] REF=FDRE
NM inst/u_seq/u_mov/guard_cnt_reg[28] REF=FDRE
NM inst/u_seq/u_mov/guard_cnt_reg[29] REF=FDRE
NM inst/u_seq/u_mov/guard_cnt_reg[30] REF=FDRE
NM inst/u_seq/u_mov/guard_cnt_reg[31] REF=FDRE
NM inst/u_seq/u_mov/i16_q_reg REF=FDRE
NM inst/u_seq/u_mov/len_q_reg[0] REF=FDRE
NM inst/u_seq/u_mov/len_q_reg[1] REF=FDRE
NM inst/u_seq/u_mov/len_q_reg[2] REF=FDRE
NM inst/u_seq/u_mov/len_q_reg[3] REF=FDRE
NM inst/u_seq/u_mov/len_q_reg[4] REF=FDRE
NM inst/u_seq/u_mov/len_q_reg[5] REF=FDRE
NM inst/u_seq/u_mov/len_q_reg[6] REF=FDRE
NM inst/u_seq/u_mov/len_q_reg[7] REF=FDRE
NM inst/u_seq/u_mov/len_q_reg[8] REF=FDRE
NM inst/u_seq/u_mov/len_q_reg[9] REF=FDRE
NM inst/u_seq/u_mov/len_q_reg[10] REF=FDRE
NM inst/u_seq/u_mov/len_q_reg[11] REF=FDRE
NM inst/u_seq/u_mov/len_q_reg[12] REF=FDRE
NM inst/u_seq/u_mov/len_q_reg[13] REF=FDRE
NM inst/u_seq/u_mov/len_q_reg[14] REF=FDRE
NM inst/u_seq/u_mov/len_q_reg[15] REF=FDRE
NM inst/u_seq/u_mov/len_q_reg[16] REF=FDRE
NM inst/u_seq/u_mov/len_q_reg[17] REF=FDRE
NM inst/u_seq/u_mov/len_q_reg[18] REF=FDRE
NM inst/u_seq/u_mov/len_q_reg[19] REF=FDRE
NM inst/u_seq/u_mov/len_q_reg[20] REF=FDRE
NM inst/u_seq/u_mov/len_q_reg[21] REF=FDRE
NM inst/u_seq/u_mov/len_q_reg[22] REF=FDRE
NM inst/u_seq/u_mov/len_q_reg[23] REF=FDRE
NM inst/u_seq/u_mov/nowait_q_reg REF=FDRE
NM inst/u_seq/u_mov/pack_acc_reg[0] REF=FDRE
NM inst/u_seq/u_mov/pack_acc_reg[1] REF=FDRE
NM inst/u_seq/u_mov/pack_acc_reg[2] REF=FDRE
NM inst/u_seq/u_mov/pack_acc_reg[3] REF=FDRE
NM inst/u_seq/u_mov/pack_acc_reg[4] REF=FDRE
NM inst/u_seq/u_mov/pack_acc_reg[5] REF=FDRE
NM inst/u_seq/u_mov/pack_acc_reg[6] REF=FDRE
NM inst/u_seq/u_mov/pack_acc_reg[7] REF=FDRE
NM inst/u_seq/u_mov/pack_acc_reg[8] REF=FDRE
NM inst/u_seq/u_mov/pack_acc_reg[9] REF=FDRE
NM inst/u_seq/u_mov/pack_acc_reg[10] REF=FDRE
NM inst/u_seq/u_mov/pack_acc_reg[11] REF=FDRE
NM inst/u_seq/u_mov/pack_acc_reg[12] REF=FDRE
NM inst/u_seq/u_mov/pack_acc_reg[13] REF=FDRE
NM inst/u_seq/u_mov/pack_acc_reg[14] REF=FDRE
NM inst/u_seq/u_mov/pack_acc_reg[15] REF=FDRE
NM inst/u_seq/u_mov/pack_acc_reg[16] REF=FDRE
NM inst/u_seq/u_mov/pack_acc_reg[17] REF=FDRE
NM inst/u_seq/u_mov/pack_acc_reg[18] REF=FDRE
NM inst/u_seq/u_mov/pack_acc_reg[19] REF=FDRE
NM inst/u_seq/u_mov/pack_acc_reg[20] REF=FDRE
NM inst/u_seq/u_mov/pack_acc_reg[21] REF=FDRE
NM inst/u_seq/u_mov/pack_acc_reg[22] REF=FDRE
NM inst/u_seq/u_mov/pack_acc_reg[23] REF=FDRE
NM inst/u_seq/u_mov/pack_idx_reg[0] REF=FDRE
NM inst/u_seq/u_mov/pack_idx_reg[1] REF=FDRE
NM inst/u_seq/u_mov/poll_is_fence_reg REF=FDRE
NM inst/u_seq/u_mov/rd_got_reg[0] REF=FDRE
NM inst/u_seq/u_mov/rd_got_reg[1] REF=FDRE
NM inst/u_seq/u_mov/rd_got_reg[2] REF=FDRE
NM inst/u_seq/u_mov/rd_got_reg[3] REF=FDRE
NM inst/u_seq/u_mov/rd_got_reg[4] REF=FDRE
NM inst/u_seq/u_mov/rd_got_reg[5] REF=FDRE
NM inst/u_seq/u_mov/rd_got_reg[6] REF=FDRE
NM inst/u_seq/u_mov/rd_got_reg[7] REF=FDRE
NM inst/u_seq/u_mov/rd_got_reg[8] REF=FDRE
NM inst/u_seq/u_mov/rd_got_reg[9] REF=FDRE
NM inst/u_seq/u_mov/rd_got_reg[10] REF=FDRE
NM inst/u_seq/u_mov/rd_got_reg[11] REF=FDRE
NM inst/u_seq/u_mov/rd_got_reg[12] REF=FDRE
NM inst/u_seq/u_mov/rd_got_reg[13] REF=FDRE
NM inst/u_seq/u_mov/rd_got_reg[14] REF=FDRE
NM inst/u_seq/u_mov/rd_got_reg[15] REF=FDRE
NM inst/u_seq/u_mov/rd_got_reg[16] REF=FDRE
NM inst/u_seq/u_mov/rd_got_reg[17] REF=FDRE
NM inst/u_seq/u_mov/rd_got_reg[18] REF=FDRE
NM inst/u_seq/u_mov/rd_got_reg[19] REF=FDRE
NM inst/u_seq/u_mov/rd_got_reg[20] REF=FDRE
NM inst/u_seq/u_mov/rd_got_reg[21] REF=FDRE
NM inst/u_seq/u_mov/rd_got_reg[22] REF=FDRE
NM inst/u_seq/u_mov/rd_got_reg[23] REF=FDRE
NM inst/u_seq/u_mov/res_row_q_reg[0] REF=FDRE
NM inst/u_seq/u_mov/res_row_q_reg[1] REF=FDRE
NM inst/u_seq/u_mov/res_row_q_reg[2] REF=FDRE
NM inst/u_seq/u_mov/res_row_q_reg[3] REF=FDRE
NM inst/u_seq/u_mov/res_row_q_reg[4] REF=FDRE
NM inst/u_seq/u_mov/res_row_q_reg[5] REF=FDRE
NM inst/u_seq/u_mov/res_row_q_reg[6] REF=FDRE
NM inst/u_seq/u_mov/res_row_q_reg[7] REF=FDRE
NM inst/u_seq/u_mov/res_row_q_reg[8] REF=FDRE
NM inst/u_seq/u_mov/res_row_q_reg[9] REF=FDRE
NM inst/u_seq/u_mov/res_row_q_reg[10] REF=FDRE
NM inst/u_seq/u_mov/res_row_q_reg[11] REF=FDRE
NM inst/u_seq/u_mov/s1_mag_reg[0] REF=FDRE
NM inst/u_seq/u_mov/s1_mag_reg[1] REF=FDRE
NM inst/u_seq/u_mov/s1_mag_reg[2] REF=FDRE
NM inst/u_seq/u_mov/s1_mag_reg[3] REF=FDRE
NM inst/u_seq/u_mov/s1_mag_reg[4] REF=FDRE
NM inst/u_seq/u_mov/s1_mag_reg[5] REF=FDRE
NM inst/u_seq/u_mov/s1_mag_reg[6] REF=FDRE
NM inst/u_seq/u_mov/s1_mag_reg[7] REF=FDRE
NM inst/u_seq/u_mov/s1_mag_reg[8] REF=FDRE
NM inst/u_seq/u_mov/s1_mag_reg[9] REF=FDRE
NM inst/u_seq/u_mov/s1_mag_reg[10] REF=FDRE
NM inst/u_seq/u_mov/s1_mag_reg[11] REF=FDRE
NM inst/u_seq/u_mov/s1_mag_reg[12] REF=FDRE
NM inst/u_seq/u_mov/s1_mag_reg[13] REF=FDRE
NM inst/u_seq/u_mov/s1_mag_reg[14] REF=FDRE
NM inst/u_seq/u_mov/s1_mag_reg[15] REF=FDRE
NM inst/u_seq/u_mov/s1_mag_reg[16] REF=FDRE
NM inst/u_seq/u_mov/s1_mag_reg[17] REF=FDRE
NM inst/u_seq/u_mov/s1_mag_reg[18] REF=FDRE
NM inst/u_seq/u_mov/s1_mag_reg[19] REF=FDRE
NM inst/u_seq/u_mov/s1_mag_reg[20] REF=FDRE
NM inst/u_seq/u_mov/s1_mag_reg[21] REF=FDRE
NM inst/u_seq/u_mov/s1_mag_reg[22] REF=FDRE
NM inst/u_seq/u_mov/s1_mag_reg[23] REF=FDRE
NM inst/u_seq/u_mov/s1_mag_reg[24] REF=FDRE
NM inst/u_seq/u_mov/s1_mag_reg[25] REF=FDRE
NM inst/u_seq/u_mov/s1_mag_reg[26] REF=FDRE
NM inst/u_seq/u_mov/s1_mag_reg[27] REF=FDRE
NM inst/u_seq/u_mov/s1_mag_reg[28] REF=FDRE
NM inst/u_seq/u_mov/s1_mag_reg[29] REF=FDRE
NM inst/u_seq/u_mov/s1_mag_reg[30] REF=FDRE
NM inst/u_seq/u_mov/s1_mag_reg[31] REF=FDRE
NM inst/u_seq/u_mov/s1_mag_reg[32] REF=FDRE
NM inst/u_seq/u_mov/s1_mag_reg[33] REF=FDRE
NM inst/u_seq/u_mov/s1_mag_reg[34] REF=FDRE
NM inst/u_seq/u_mov/s1_mag_reg[35] REF=FDRE
NM inst/u_seq/u_mov/s1_mag_reg[36] REF=FDRE
NM inst/u_seq/u_mov/s1_mag_reg[37] REF=FDRE
NM inst/u_seq/u_mov/s1_mag_reg[38] REF=FDRE
NM inst/u_seq/u_mov/s1_mag_reg[39] REF=FDRE
NM inst/u_seq/u_mov/s1_mag_reg[40] REF=FDRE
NM inst/u_seq/u_mov/s1_mag_reg[41] REF=FDRE
NM inst/u_seq/u_mov/s1_mag_reg[42] REF=FDRE
NM inst/u_seq/u_mov/s1_mag_reg[43] REF=FDRE
NM inst/u_seq/u_mov/s1_mag_reg[44] REF=FDRE
NM inst/u_seq/u_mov/s1_mag_reg[45] REF=FDRE
NM inst/u_seq/u_mov/s1_mag_reg[46] REF=FDRE
NM inst/u_seq/u_mov/s1_mag_reg[47] REF=FDRE
NM inst/u_seq/u_mov/s1_mag_reg[48] REF=FDRE
NM inst/u_seq/u_mov/s1_mag_reg[49] REF=FDRE
NM inst/u_seq/u_mov/s1_mag_reg[50] REF=FDRE
NM inst/u_seq/u_mov/s1_mag_reg[51] REF=FDRE
NM inst/u_seq/u_mov/s1_mag_reg[52] REF=FDRE
NM inst/u_seq/u_mov/s1_mag_reg[53] REF=FDRE
NM inst/u_seq/u_mov/s1_mag_reg[54] REF=FDRE
NM inst/u_seq/u_mov/s1_mag_reg[55] REF=FDRE
NM inst/u_seq/u_mov/s1_mag_reg[56] REF=FDRE
NM inst/u_seq/u_mov/s1_mag_reg[57] REF=FDRE
NM inst/u_seq/u_mov/s1_mag_reg[58] REF=FDRE
NM inst/u_seq/u_mov/s1_mag_reg[59] REF=FDRE
NM inst/u_seq/u_mov/s1_mag_reg[60] REF=FDRE
NM inst/u_seq/u_mov/s1_mag_reg[61] REF=FDRE
NM inst/u_seq/u_mov/s1_mag_reg[62] REF=FDRE
NM inst/u_seq/u_mov/s1_mag_reg[63] REF=FDRE
NM inst/u_seq/u_mov/s1_sgn_reg REF=FDRE
NM inst/u_seq/u_mov/s1_v64_reg[0] REF=FDRE
NM inst/u_seq/u_mov/s1_v64_reg[1] REF=FDRE
NM inst/u_seq/u_mov/s1_v64_reg[2] REF=FDRE
NM inst/u_seq/u_mov/s1_v64_reg[3] REF=FDRE
NM inst/u_seq/u_mov/s1_v64_reg[4] REF=FDRE
NM inst/u_seq/u_mov/s1_v64_reg[5] REF=FDRE
NM inst/u_seq/u_mov/s1_v64_reg[6] REF=FDRE
NM inst/u_seq/u_mov/s1_v64_reg[7] REF=FDRE
NM inst/u_seq/u_mov/s1_v64_reg[8] REF=FDRE
NM inst/u_seq/u_mov/s1_v64_reg[9] REF=FDRE
NM inst/u_seq/u_mov/s1_v64_reg[10] REF=FDRE
NM inst/u_seq/u_mov/s1_v64_reg[11] REF=FDRE
NM inst/u_seq/u_mov/s1_v64_reg[12] REF=FDRE
NM inst/u_seq/u_mov/s1_v64_reg[13] REF=FDRE
NM inst/u_seq/u_mov/s1_v64_reg[14] REF=FDRE
NM inst/u_seq/u_mov/s1_v64_reg[15] REF=FDRE
NM inst/u_seq/u_mov/s1_v64_reg[16] REF=FDRE
NM inst/u_seq/u_mov/s1_v64_reg[17] REF=FDRE
NM inst/u_seq/u_mov/s1_v64_reg[18] REF=FDRE
NM inst/u_seq/u_mov/s1_v64_reg[19] REF=FDRE
NM inst/u_seq/u_mov/s1_v64_reg[20] REF=FDRE
NM inst/u_seq/u_mov/s1_v64_reg[21] REF=FDRE
NM inst/u_seq/u_mov/s1_v64_reg[22] REF=FDRE
NM inst/u_seq/u_mov/s1_v64_reg[23] REF=FDRE
NM inst/u_seq/u_mov/s1_v64_reg[24] REF=FDRE
NM inst/u_seq/u_mov/s1_v64_reg[25] REF=FDRE
NM inst/u_seq/u_mov/s1_v64_reg[26] REF=FDRE
NM inst/u_seq/u_mov/s1_v64_reg[27] REF=FDRE
NM inst/u_seq/u_mov/s1_v64_reg[28] REF=FDRE
NM inst/u_seq/u_mov/s1_v64_reg[29] REF=FDRE
NM inst/u_seq/u_mov/s1_v64_reg[30] REF=FDRE
NM inst/u_seq/u_mov/s1_valid_reg REF=FDRE
NM inst/u_seq/u_mov/s2_lsh_reg[0] REF=FDRE
NM inst/u_seq/u_mov/s2_lsh_reg[1] REF=FDRE
NM inst/u_seq/u_mov/s2_lsh_reg[2] REF=FDRE
NM inst/u_seq/u_mov/s2_lsh_reg[3] REF=FDRE
NM inst/u_seq/u_mov/s2_lsh_reg[4] REF=FDRE
NM inst/u_seq/u_mov/s2_lsh_reg[5] REF=FDRE
NM inst/u_seq/u_mov/s2_lsh_reg[6] REF=FDRE
NM inst/u_seq/u_mov/s2_lsh_reg[7] REF=FDRE
NM inst/u_seq/u_mov/s2_lsh_reg[8] REF=FDRE
NM inst/u_seq/u_mov/s2_lsh_reg[9] REF=FDRE
NM inst/u_seq/u_mov/s2_lsh_reg[10] REF=FDRE
NM inst/u_seq/u_mov/s2_lsh_reg[11] REF=FDRE
NM inst/u_seq/u_mov/s2_lsh_reg[12] REF=FDRE
NM inst/u_seq/u_mov/s2_lsh_reg[13] REF=FDRE
NM inst/u_seq/u_mov/s2_lsh_reg[14] REF=FDRE
NM inst/u_seq/u_mov/s2_lsh_reg[15] REF=FDRE
NM inst/u_seq/u_mov/s2_lsh_reg[16] REF=FDRE
NM inst/u_seq/u_mov/s2_lsh_reg[17] REF=FDRE
NM inst/u_seq/u_mov/s2_lsh_reg[18] REF=FDRE
NM inst/u_seq/u_mov/s2_lsh_reg[19] REF=FDRE
NM inst/u_seq/u_mov/s2_lsh_reg[20] REF=FDRE
NM inst/u_seq/u_mov/s2_lsh_reg[21] REF=FDRE
NM inst/u_seq/u_mov/s2_lsh_reg[22] REF=FDRE
NM inst/u_seq/u_mov/s2_lsh_reg[23] REF=FDRE
NM inst/u_seq/u_mov/s2_lsh_reg[24] REF=FDRE
NM inst/u_seq/u_mov/s2_lsh_reg[25] REF=FDRE
NM inst/u_seq/u_mov/s2_lsh_reg[26] REF=FDRE
NM inst/u_seq/u_mov/s2_lsh_reg[27] REF=FDRE
NM inst/u_seq/u_mov/s2_lsh_reg[28] REF=FDRE
NM inst/u_seq/u_mov/s2_lsh_reg[29] REF=FDRE
NM inst/u_seq/u_mov/s2_lsh_reg[30] REF=FDRE
NM inst/u_seq/u_mov/s2_lsh_reg[31] REF=FDRE
NM inst/u_seq/u_mov/s2_lsh_reg[32] REF=FDRE
NM inst/u_seq/u_mov/s2_lsh_reg[33] REF=FDRE
NM inst/u_seq/u_mov/s2_lsh_reg[34] REF=FDRE
NM inst/u_seq/u_mov/s2_lsh_reg[35] REF=FDRE
NM inst/u_seq/u_mov/s2_lsh_reg[36] REF=FDRE
NM inst/u_seq/u_mov/s2_lsh_reg[37] REF=FDRE
NM inst/u_seq/u_mov/s2_lsh_reg[38] REF=FDRE
NM inst/u_seq/u_mov/s2_lsh_reg[39] REF=FDRE
NM inst/u_seq/u_mov/s2_lsh_reg[40] REF=FDRE
NM inst/u_seq/u_mov/s2_lsh_reg[41] REF=FDRE
NM inst/u_seq/u_mov/s2_lsh_reg[42] REF=FDRE
NM inst/u_seq/u_mov/s2_lsh_reg[43] REF=FDRE
NM inst/u_seq/u_mov/s2_lsh_reg[44] REF=FDRE
NM inst/u_seq/u_mov/s2_lsh_reg[45] REF=FDRE
NM inst/u_seq/u_mov/s2_lsh_reg[46] REF=FDRE
NM inst/u_seq/u_mov/s2_lsh_reg[47] REF=FDRE
NM inst/u_seq/u_mov/s2_lsh_reg[48] REF=FDRE
NM inst/u_seq/u_mov/s2_lsh_reg[49] REF=FDRE
NM inst/u_seq/u_mov/s2_lsh_reg[50] REF=FDRE
NM inst/u_seq/u_mov/s2_lsh_reg[51] REF=FDRE
NM inst/u_seq/u_mov/s2_lsh_reg[52] REF=FDRE
NM inst/u_seq/u_mov/s2_lsh_reg[53] REF=FDRE
NM inst/u_seq/u_mov/s2_lsh_reg[54] REF=FDRE
NM inst/u_seq/u_mov/s2_lsh_reg[55] REF=FDRE
NM inst/u_seq/u_mov/s2_lsh_reg[56] REF=FDRE
NM inst/u_seq/u_mov/s2_lsh_reg[57] REF=FDRE
NM inst/u_seq/u_mov/s2_lsh_reg[58] REF=FDRE
NM inst/u_seq/u_mov/s2_lsh_reg[59] REF=FDRE
NM inst/u_seq/u_mov/s2_lsh_reg[60] REF=FDRE
NM inst/u_seq/u_mov/s2_lsh_reg[61] REF=FDRE
NM inst/u_seq/u_mov/s2_lsh_reg[62] REF=FDRE
NM inst/u_seq/u_mov/s2_lsh_reg[63] REF=FDRE
NM inst/u_seq/u_mov/s2_rsh_reg[0] REF=FDRE
NM inst/u_seq/u_mov/s2_rsh_reg[1] REF=FDRE
NM inst/u_seq/u_mov/s2_rsh_reg[2] REF=FDRE
NM inst/u_seq/u_mov/s2_rsh_reg[3] REF=FDRE
NM inst/u_seq/u_mov/s2_rsh_reg[4] REF=FDRE
NM inst/u_seq/u_mov/s2_rsh_reg[5] REF=FDRE
NM inst/u_seq/u_mov/s2_rsh_reg[6] REF=FDRE
NM inst/u_seq/u_mov/s2_rsh_reg[7] REF=FDRE
NM inst/u_seq/u_mov/s2_rsh_reg[8] REF=FDRE
NM inst/u_seq/u_mov/s2_rsh_reg[9] REF=FDRE
NM inst/u_seq/u_mov/s2_rsh_reg[10] REF=FDRE
NM inst/u_seq/u_mov/s2_rsh_reg[11] REF=FDRE
NM inst/u_seq/u_mov/s2_rsh_reg[12] REF=FDRE
NM inst/u_seq/u_mov/s2_rsh_reg[13] REF=FDRE
NM inst/u_seq/u_mov/s2_rsh_reg[14] REF=FDRE
NM inst/u_seq/u_mov/s2_rsh_reg[15] REF=FDRE
NM inst/u_seq/u_mov/s2_rsh_reg[16] REF=FDRE
NM inst/u_seq/u_mov/s2_rsh_reg[17] REF=FDRE
NM inst/u_seq/u_mov/s2_rsh_reg[18] REF=FDRE
NM inst/u_seq/u_mov/s2_rsh_reg[19] REF=FDRE
NM inst/u_seq/u_mov/s2_rsh_reg[20] REF=FDRE
NM inst/u_seq/u_mov/s2_rsh_reg[21] REF=FDRE
NM inst/u_seq/u_mov/s2_rsh_reg[22] REF=FDRE
NM inst/u_seq/u_mov/s2_rsh_reg[23] REF=FDRE
NM inst/u_seq/u_mov/s2_rsh_reg[24] REF=FDRE
NM inst/u_seq/u_mov/s2_rsh_reg[25] REF=FDRE
NM inst/u_seq/u_mov/s2_rsh_reg[26] REF=FDRE
NM inst/u_seq/u_mov/s2_rsh_reg[27] REF=FDRE
NM inst/u_seq/u_mov/s2_rsh_reg[28] REF=FDRE
NM inst/u_seq/u_mov/s2_rsh_reg[29] REF=FDRE
NM inst/u_seq/u_mov/s2_rsh_reg[30] REF=FDRE
NM inst/u_seq/u_mov/s2_rsh_reg[31] REF=FDRE
NM inst/u_seq/u_mov/s2_rsh_reg[32] REF=FDRE
NM inst/u_seq/u_mov/s2_rsh_reg[33] REF=FDRE
NM inst/u_seq/u_mov/s2_rsh_reg[34] REF=FDRE
NM inst/u_seq/u_mov/s2_rsh_reg[35] REF=FDRE
NM inst/u_seq/u_mov/s2_rsh_reg[36] REF=FDRE
NM inst/u_seq/u_mov/s2_rsh_reg[37] REF=FDRE
NM inst/u_seq/u_mov/s2_rsh_reg[38] REF=FDRE
NM inst/u_seq/u_mov/s2_rsh_reg[39] REF=FDRE
NM inst/u_seq/u_mov/s2_rsh_reg[40] REF=FDRE
NM inst/u_seq/u_mov/s2_rsh_reg[41] REF=FDRE
NM inst/u_seq/u_mov/s2_rsh_reg[42] REF=FDRE
NM inst/u_seq/u_mov/s2_rsh_reg[43] REF=FDRE
NM inst/u_seq/u_mov/s2_rsh_reg[44] REF=FDRE
NM inst/u_seq/u_mov/s2_rsh_reg[45] REF=FDRE
NM inst/u_seq/u_mov/s2_rsh_reg[46] REF=FDRE
NM inst/u_seq/u_mov/s2_rsh_reg[47] REF=FDRE
NM inst/u_seq/u_mov/s2_rsh_reg[48] REF=FDRE
NM inst/u_seq/u_mov/s2_rsh_reg[49] REF=FDRE
NM inst/u_seq/u_mov/s2_rsh_reg[50] REF=FDRE
NM inst/u_seq/u_mov/s2_rsh_reg[51] REF=FDRE
NM inst/u_seq/u_mov/s2_rsh_reg[52] REF=FDRE
NM inst/u_seq/u_mov/s2_rsh_reg[53] REF=FDRE
NM inst/u_seq/u_mov/s2_rsh_reg[54] REF=FDRE
NM inst/u_seq/u_mov/s2_rsh_reg[55] REF=FDRE
NM inst/u_seq/u_mov/s2_rsh_reg[56] REF=FDRE
NM inst/u_seq/u_mov/s2_rsh_reg[57] REF=FDRE
NM inst/u_seq/u_mov/s2_rsh_reg[58] REF=FDRE
NM inst/u_seq/u_mov/s2_rsh_reg[59] REF=FDRE
NM inst/u_seq/u_mov/s2_rsh_reg[60] REF=FDRE
NM inst/u_seq/u_mov/s2_rsh_reg[61] REF=FDRE
NM inst/u_seq/u_mov/s2_rsh_reg[62] REF=FDRE
NM inst/u_seq/u_mov/s2_rsh_reg[63] REF=FDRE
NM inst/u_seq/u_mov/s2_sgn_reg REF=FDRE
NM inst/u_seq/u_mov/s2_valid_reg REF=FDRE
NM inst/u_seq/u_mov/s3_t_reg[0] REF=FDRE
NM inst/u_seq/u_mov/s3_t_reg[1] REF=FDRE
NM inst/u_seq/u_mov/s3_t_reg[2] REF=FDRE
NM inst/u_seq/u_mov/s3_t_reg[3] REF=FDRE
NM inst/u_seq/u_mov/s3_t_reg[4] REF=FDRE
NM inst/u_seq/u_mov/s3_t_reg[5] REF=FDRE
NM inst/u_seq/u_mov/s3_t_reg[6] REF=FDRE
NM inst/u_seq/u_mov/s3_t_reg[7] REF=FDRE
NM inst/u_seq/u_mov/s3_t_reg[8] REF=FDRE
NM inst/u_seq/u_mov/s3_t_reg[9] REF=FDRE
NM inst/u_seq/u_mov/s3_t_reg[10] REF=FDRE
NM inst/u_seq/u_mov/s3_t_reg[11] REF=FDRE
NM inst/u_seq/u_mov/s3_t_reg[12] REF=FDRE
NM inst/u_seq/u_mov/s3_t_reg[13] REF=FDRE
NM inst/u_seq/u_mov/s3_t_reg[14] REF=FDRE
NM inst/u_seq/u_mov/s3_t_reg[15] REF=FDRE
NM inst/u_seq/u_mov/s3_t_reg[16] REF=FDRE
NM inst/u_seq/u_mov/s3_t_reg[17] REF=FDRE
NM inst/u_seq/u_mov/s3_t_reg[18] REF=FDRE
NM inst/u_seq/u_mov/s3_t_reg[19] REF=FDRE
NM inst/u_seq/u_mov/s3_t_reg[20] REF=FDRE
NM inst/u_seq/u_mov/s3_t_reg[21] REF=FDRE
NM inst/u_seq/u_mov/s3_t_reg[22] REF=FDRE
NM inst/u_seq/u_mov/s3_t_reg[23] REF=FDRE
NM inst/u_seq/u_mov/s3_t_reg[24] REF=FDRE
NM inst/u_seq/u_mov/s3_t_reg[25] REF=FDRE
NM inst/u_seq/u_mov/s3_t_reg[26] REF=FDRE
NM inst/u_seq/u_mov/s3_t_reg[27] REF=FDRE
NM inst/u_seq/u_mov/s3_t_reg[28] REF=FDRE
NM inst/u_seq/u_mov/s3_t_reg[29] REF=FDRE
NM inst/u_seq/u_mov/s3_t_reg[30] REF=FDRE
NM inst/u_seq/u_mov/s3_t_reg[31] REF=FDRE
NM inst/u_seq/u_mov/s3_t_reg[32] REF=FDRE
NM inst/u_seq/u_mov/s3_t_reg[33] REF=FDRE
NM inst/u_seq/u_mov/s3_t_reg[34] REF=FDRE
NM inst/u_seq/u_mov/s3_t_reg[35] REF=FDRE
NM inst/u_seq/u_mov/s3_t_reg[36] REF=FDRE
NM inst/u_seq/u_mov/s3_t_reg[37] REF=FDRE
NM inst/u_seq/u_mov/s3_t_reg[38] REF=FDRE
NM inst/u_seq/u_mov/s3_t_reg[39] REF=FDRE
NM inst/u_seq/u_mov/s3_t_reg[40] REF=FDRE
NM inst/u_seq/u_mov/s3_t_reg[41] REF=FDRE
NM inst/u_seq/u_mov/s3_t_reg[42] REF=FDRE
NM inst/u_seq/u_mov/s3_t_reg[43] REF=FDRE
NM inst/u_seq/u_mov/s3_t_reg[44] REF=FDRE
NM inst/u_seq/u_mov/s3_t_reg[45] REF=FDRE
NM inst/u_seq/u_mov/s3_t_reg[46] REF=FDRE
NM inst/u_seq/u_mov/s3_t_reg[47] REF=FDRE
NM inst/u_seq/u_mov/s3_t_reg[48] REF=FDRE
NM inst/u_seq/u_mov/s3_t_reg[49] REF=FDRE
NM inst/u_seq/u_mov/s3_t_reg[50] REF=FDRE
NM inst/u_seq/u_mov/s3_t_reg[51] REF=FDRE
NM inst/u_seq/u_mov/s3_t_reg[52] REF=FDRE
NM inst/u_seq/u_mov/s3_t_reg[53] REF=FDRE
NM inst/u_seq/u_mov/s3_t_reg[54] REF=FDRE
NM inst/u_seq/u_mov/s3_t_reg[55] REF=FDRE
NM inst/u_seq/u_mov/s3_t_reg[56] REF=FDRE
NM inst/u_seq/u_mov/s3_t_reg[57] REF=FDRE
NM inst/u_seq/u_mov/s3_t_reg[58] REF=FDRE
NM inst/u_seq/u_mov/s3_t_reg[59] REF=FDRE
NM inst/u_seq/u_mov/s3_t_reg[60] REF=FDRE
NM inst/u_seq/u_mov/s3_t_reg[61] REF=FDRE
NM inst/u_seq/u_mov/s3_t_reg[62] REF=FDRE
NM inst/u_seq/u_mov/s3_t_reg[63] REF=FDRE
NM inst/u_seq/u_mov/s3_valid_reg REF=FDRE
NM inst/u_seq/u_mov/saddr_q_reg[0] REF=FDRE
NM inst/u_seq/u_mov/saddr_q_reg[1] REF=FDRE
NM inst/u_seq/u_mov/saddr_q_reg[2] REF=FDRE
NM inst/u_seq/u_mov/saddr_q_reg[3] REF=FDRE
NM inst/u_seq/u_mov/saddr_q_reg[4] REF=FDRE
NM inst/u_seq/u_mov/saddr_q_reg[5] REF=FDRE
NM inst/u_seq/u_mov/saddr_q_reg[6] REF=FDRE
NM inst/u_seq/u_mov/saddr_q_reg[7] REF=FDRE
NM inst/u_seq/u_mov/saddr_q_reg[8] REF=FDRE
NM inst/u_seq/u_mov/saddr_q_reg[9] REF=FDRE
NM inst/u_seq/u_mov/saddr_q_reg[10] REF=FDRE
NM inst/u_seq/u_mov/saddr_q_reg[11] REF=FDRE
NM inst/u_seq/u_mov/saddr_q_reg[12] REF=FDRE
NM inst/u_seq/u_mov/saddr_q_reg[13] REF=FDRE
NM inst/u_seq/u_mov/saddr_q_reg[14] REF=FDRE
NM inst/u_seq/u_mov/saddr_q_reg[15] REF=FDRE
NM inst/u_seq/u_mov/shape_q_reg[0] REF=FDRE
NM inst/u_seq/u_mov/shape_q_reg[1] REF=FDRE
NM inst/u_seq/u_mov/shape_q_reg[2] REF=FDRE
NM inst/u_seq/u_mov/shape_q_reg[3] REF=FDRE
NM inst/u_seq/u_mov/shape_q_reg[4] REF=FDRE
NM inst/u_seq/u_mov/shape_q_reg[5] REF=FDRE
NM inst/u_seq/u_mov/shape_q_reg[6] REF=FDRE
NM inst/u_seq/u_mov/shape_q_reg[7] REF=FDRE
NM inst/u_seq/u_mov/shape_q_reg[8] REF=FDRE
NM inst/u_seq/u_mov/shape_q_reg[9] REF=FDRE
NM inst/u_seq/u_mov/shape_q_reg[10] REF=FDRE
NM inst/u_seq/u_mov/shape_q_reg[11] REF=FDRE
NM inst/u_seq/u_mov/shape_q_reg[12] REF=FDRE
NM inst/u_seq/u_mov/shape_q_reg[13] REF=FDRE
NM inst/u_seq/u_mov/shape_q_reg[14] REF=FDRE
NM inst/u_seq/u_mov/shape_q_reg[15] REF=FDRE
NM inst/u_seq/u_mov/shape_q_reg[16] REF=FDRE
NM inst/u_seq/u_mov/shape_q_reg[17] REF=FDRE
NM inst/u_seq/u_mov/shape_q_reg[18] REF=FDRE
NM inst/u_seq/u_mov/shape_q_reg[19] REF=FDRE
NM inst/u_seq/u_mov/shape_q_reg[20] REF=FDRE
NM inst/u_seq/u_mov/shape_q_reg[21] REF=FDRE
NM inst/u_seq/u_mov/shape_q_reg[22] REF=FDRE
NM inst/u_seq/u_mov/shape_q_reg[23] REF=FDRE
NM inst/u_seq/u_mov/shape_q_reg[24] REF=FDRE
NM inst/u_seq/u_mov/shape_q_reg[25] REF=FDRE
NM inst/u_seq/u_mov/shape_q_reg[26] REF=FDRE
NM inst/u_seq/u_mov/shape_q_reg[27] REF=FDRE
NM inst/u_seq/u_mov/shape_q_reg[28] REF=FDRE
NM inst/u_seq/u_mov/shape_q_reg[29] REF=FDRE
NM inst/u_seq/u_mov/shape_q_reg[30] REF=FDRE
NM inst/u_seq/u_mov/shape_q_reg[31] REF=FDRE
NM inst/u_seq/u_mov/shift_q_reg[0] REF=FDRE
NM inst/u_seq/u_mov/shift_q_reg[1] REF=FDRE
NM inst/u_seq/u_mov/shift_q_reg[2] REF=FDRE
NM inst/u_seq/u_mov/shift_q_reg[3] REF=FDRE
NM inst/u_seq/u_mov/shift_q_reg[4] REF=FDRE
NM inst/u_seq/u_mov/shift_q_reg[5] REF=FDRE
NM inst/u_seq/u_mov/shift_q_reg[6] REF=FDRE
NM inst/u_seq/u_mov/shift_q_reg[7] REF=FDRE
NM inst/u_seq/u_mov/shift_q_reg[8] REF=FDRE
NM inst/u_seq/u_mov/shift_q_reg[9] REF=FDRE
NM inst/u_seq/u_mov/shift_q_reg[10] REF=FDRE
NM inst/u_seq/u_mov/shift_q_reg[11] REF=FDRE
NM inst/u_seq/u_mov/shift_q_reg[12] REF=FDRE
NM inst/u_seq/u_mov/shift_q_reg[13] REF=FDRE
NM inst/u_seq/u_mov/shift_q_reg[14] REF=FDRE
NM inst/u_seq/u_mov/shift_q_reg[15] REF=FDRE
NM inst/u_seq/u_mov/shift_q_reg[16] REF=FDRE
NM inst/u_seq/u_mov/shift_q_reg[17] REF=FDRE
NM inst/u_seq/u_mov/shift_q_reg[18] REF=FDRE
NM inst/u_seq/u_mov/shift_q_reg[19] REF=FDRE
NM inst/u_seq/u_mov/shift_q_reg[20] REF=FDRE
NM inst/u_seq/u_mov/shift_q_reg[21] REF=FDRE
NM inst/u_seq/u_mov/shift_q_reg[22] REF=FDRE
NM inst/u_seq/u_mov/shift_q_reg[23] REF=FDRE
NM inst/u_seq/u_mov/shift_q_reg[24] REF=FDRE
NM inst/u_seq/u_mov/shift_q_reg[25] REF=FDRE
NM inst/u_seq/u_mov/shift_q_reg[26] REF=FDRE
NM inst/u_seq/u_mov/shift_q_reg[27] REF=FDRE
NM inst/u_seq/u_mov/shift_q_reg[28] REF=FDRE
NM inst/u_seq/u_mov/shift_q_reg[29] REF=FDRE
NM inst/u_seq/u_mov/shift_q_reg[30] REF=FDRE
NM inst/u_seq/u_mov/shift_q_reg[31] REF=FDRE
NM inst/u_seq/u_mov/st_reg[0] REF=FDRE
NM inst/u_seq/u_mov/st_reg[1] REF=FDRE
NM inst/u_seq/u_mov/st_reg[2] REF=FDRE
NM inst/u_seq/u_mov/st_reg[3] REF=FDRE
NM inst/u_seq/u_mov/st_reg[4] REF=FDRE
NM inst/u_seq/u_mov/tmo_reg[0] REF=FDRE
NM inst/u_seq/u_mov/tmo_reg[1] REF=FDRE
NM inst/u_seq/u_mov/tmo_reg[2] REF=FDRE
NM inst/u_seq/u_mov/tmo_reg[3] REF=FDRE
NM inst/u_seq/u_mov/tmo_reg[4] REF=FDRE
NM inst/u_seq/u_mov/tmo_reg[5] REF=FDRE
NM inst/u_seq/u_mov/tmo_reg[6] REF=FDRE
NM inst/u_seq/u_mov/tmo_reg[7] REF=FDRE
NM inst/u_seq/u_mov/tmo_reg[8] REF=FDRE
NM inst/u_seq/u_mov/tmo_reg[9] REF=FDRE
NM inst/u_seq/u_mov/tmo_reg[10] REF=FDRE
NM inst/u_seq/u_mov/tmo_reg[11] REF=FDRE
NM inst/u_seq/u_mov/tmo_reg[12] REF=FDRE
NM inst/u_seq/u_mov/tmo_reg[13] REF=FDRE
NM inst/u_seq/u_mov/tmo_reg[14] REF=FDRE
NM inst/u_seq/u_mov/tmo_reg[15] REF=FDRE
NM inst/u_seq/u_mov/tmo_reg[16] REF=FDRE
NM inst/u_seq/u_mov/tmo_reg[17] REF=FDRE
NM inst/u_seq/u_mov/tmo_reg[18] REF=FDRE
NM inst/u_seq/u_mov/tmo_reg[19] REF=FDRE
NM inst/u_seq/u_mov/tmo_reg[20] REF=FDRE
NM inst/u_seq/u_mov/tmo_reg[21] REF=FDRE
NM inst/u_seq/u_mov/tmo_reg[22] REF=FDRE
NM inst/u_seq/u_mov/tmo_reg[23] REF=FDRE
NM inst/u_seq/u_mov/tmo_reg[24] REF=FDRE
NM inst/u_seq/u_mov/tmo_reg[25] REF=FDRE
NM inst/u_seq/u_mov/w_addr_reg[2] REF=FDRE
NM inst/u_seq/u_mov/w_addr_reg[3] REF=FDRE
NM inst/u_seq/u_mov/w_addr_reg[4] REF=FDRE
NM inst/u_seq/u_mov/w_addr_reg[5] REF=FDRE
NM inst/u_seq/u_mov/w_addr_reg[6] REF=FDRE
NM inst/u_seq/u_mov/w_addr_reg[7] REF=FDRE
NM inst/u_seq/u_mov/w_addr_reg[8] REF=FDRE
NM inst/u_seq/u_mov/w_addr_reg[9] REF=FDRE
NM inst/u_seq/u_mov/w_addr_reg[10] REF=FDRE
NM inst/u_seq/u_mov/w_addr_reg[11] REF=FDRE
NM inst/u_seq/u_mov/w_cnt_reg[0] REF=FDRE
NM inst/u_seq/u_mov/w_cnt_reg[1] REF=FDRE
NM inst/u_seq/u_mov/w_cnt_reg[2] REF=FDRE
NM inst/u_seq/u_mov/w_cnt_reg[3] REF=FDRE
NM inst/u_seq/u_mov/w_cnt_reg[4] REF=FDRE
NM inst/u_seq/u_mov/w_cnt_reg[5] REF=FDRE
NM inst/u_seq/u_mov/w_cnt_reg[6] REF=FDRE
NM inst/u_seq/u_mov/w_cnt_reg[7] REF=FDRE
NM inst/u_seq/u_mov/w_cnt_reg[8] REF=FDRE
NM inst/u_seq/u_mov/w_left_reg[0] REF=FDRE
NM inst/u_seq/u_mov/w_left_reg[1] REF=FDRE
NM inst/u_seq/u_mov/w_left_reg[2] REF=FDRE
NM inst/u_seq/u_mov/w_left_reg[3] REF=FDRE
NM inst/u_seq/u_mov/w_left_reg[4] REF=FDRE
NM inst/u_seq/u_mov/w_left_reg[5] REF=FDRE
NM inst/u_seq/u_mov/w_left_reg[6] REF=FDRE
NM inst/u_seq/u_mov/w_left_reg[7] REF=FDRE
NM inst/u_seq/u_mov/w_left_reg[8] REF=FDRE
NM inst/u_seq/u_mov/w_left_reg[9] REF=FDRE
NM inst/u_seq/u_mov/w_left_reg[10] REF=FDRE
NM inst/u_seq/u_mov/w_left_reg[11] REF=FDRE
NM inst/u_seq/u_mov/w_left_reg[12] REF=FDRE
NM inst/u_seq/u_mov/w_left_reg[13] REF=FDRE
NM inst/u_seq/u_mov/w_left_reg[14] REF=FDRE
NM inst/u_seq/u_mov/w_left_reg[15] REF=FDRE
NM inst/u_seq/u_mov/w_left_reg[16] REF=FDRE
NM inst/u_seq/u_mov/w_left_reg[17] REF=FDRE
NM inst/u_seq/u_mov/w_left_reg[18] REF=FDRE
NM inst/u_seq/u_mov/w_left_reg[19] REF=FDRE
NM inst/u_seq/u_mov/w_left_reg[20] REF=FDRE
NM inst/u_seq/u_mov/w_left_reg[21] REF=FDRE
NM inst/u_seq/u_mov/w_left_reg[22] REF=FDRE
NM inst/u_seq/u_mov/w_left_reg[23] REF=FDRE
NM inst/u_seq/u_mov/wbase_q_reg[0] REF=FDRE
NM inst/u_seq/u_mov/wbase_q_reg[1] REF=FDRE
NM inst/u_seq/u_mov/wbase_q_reg[2] REF=FDRE
NM inst/u_seq/u_mov/wbase_q_reg[3] REF=FDRE
NM inst/u_seq/u_mov/wbase_q_reg[4] REF=FDRE
NM inst/u_seq/u_mov/wbase_q_reg[5] REF=FDRE
NM inst/u_seq/u_mov/wbase_q_reg[6] REF=FDRE
NM inst/u_seq/u_mov/wbase_q_reg[7] REF=FDRE
NM inst/u_seq/u_mov/wbase_q_reg[8] REF=FDRE
NM inst/u_seq/u_mov/wbase_q_reg[9] REF=FDRE
NM inst/u_seq/u_mov/wbase_q_reg[10] REF=FDRE
NM inst/u_seq/u_mov/wbase_q_reg[11] REF=FDRE
NM inst/u_seq/u_mov/wbase_q_reg[12] REF=FDRE
NM inst/u_seq/u_mov/wbase_q_reg[13] REF=FDRE
NM inst/u_seq/u_mov/wbase_q_reg[14] REF=FDRE
NM inst/u_seq/u_mov/wbase_q_reg[15] REF=FDRE
NM inst/u_seq/u_mov/wbase_q_reg[16] REF=FDRE
NM inst/u_seq/u_mov/wbase_q_reg[17] REF=FDRE
NM inst/u_seq/u_mov/wbase_q_reg[18] REF=FDRE
NM inst/u_seq/u_mov/wbase_q_reg[19] REF=FDRE
NM inst/u_seq/u_mov/wbase_q_reg[20] REF=FDRE
NM inst/u_seq/u_mov/wbase_q_reg[21] REF=FDRE
NM inst/u_seq/u_mov/wbase_q_reg[22] REF=FDRE
NM inst/u_seq/u_mov/wbase_q_reg[23] REF=FDRE
NM inst/u_seq/u_mov/wbase_q_reg[24] REF=FDRE
NM inst/u_seq/u_mov/wbase_q_reg[25] REF=FDRE
NM inst/u_seq/u_mov/wbase_q_reg[26] REF=FDRE
NM inst/u_seq/u_mov/wbase_q_reg[27] REF=FDRE
NM inst/u_seq/u_mov/wbase_q_reg[28] REF=FDRE
NM inst/u_seq/u_mov/wbase_q_reg[29] REF=FDRE
NM inst/u_seq/u_mov/wbase_q_reg[30] REF=FDRE
NM inst/u_seq/u_mov/wbase_q_reg[31] REF=FDRE
NM inst/u_seq/u_mov/wbase_q_reg[32] REF=FDRE
NM inst/u_seq/u_mov/wbase_q_reg[33] REF=FDRE
NM inst/u_seq/u_mov/xp_busy_q_reg[0] REF=FDRE
NM inst/u_seq/u_mov/xp_busy_q_reg[1] REF=FDRE
NM inst/u_seq/u_mov/xp_busy_q_reg[2] REF=FDRE
NM inst/u_seq/u_mov/xp_busy_q_reg[3] REF=FDRE
NM inst/u_seq/u_mov/xp_room_q_reg[0] REF=FDRE
NM inst/u_seq/u_mov/xp_room_q_reg[1] REF=FDRE
NM inst/u_seq/u_mov/xp_room_q_reg[2] REF=FDRE
NM inst/u_seq/u_mov/xp_room_q_reg[3] REF=FDRE
NM inst/u_seq/u_mov/xp_rt_reg[0] REF=FDRE
NM inst/u_seq/u_mov/xp_rt_reg[1] REF=FDRE
NM inst/u_seq/u_mov/xp_rt_reg[2] REF=FDRE
NM inst/u_seq/u_mov/xp_v_q_reg[0] REF=FDRE
NM inst/u_seq/u_mov/xp_v_q_reg[1] REF=FDRE
NM inst/u_seq/u_mov/xp_v_q_reg[2] REF=FDRE
NM inst/u_seq/u_mov/xp_v_q_reg[3] REF=FDRE
NM inst/u_seq/u_mov/xp_widx_reg[0] REF=FDRE
NM inst/u_seq/u_mov/xp_widx_reg[1] REF=FDRE
NM inst/u_seq/u_mov/xp_widx_reg[2] REF=FDRE
NM inst/u_seq/u_mov/xp_widx_reg[3] REF=FDRE
NM inst/u_seq/u_mov/xp_widx_reg[4] REF=FDRE
NM inst/u_seq/u_mov/xp_widx_reg[5] REF=FDRE
NM inst/u_seq/u_mov/xp_widx_reg[6] REF=FDRE
NM inst/u_seq/u_mov/xp_widx_reg[7] REF=FDRE
NM inst/u_seq/u_mov/xp_widx_reg[8] REF=FDRE
NM inst/u_seq/u_mov/xp_widx_reg[9] REF=FDRE
NM inst/u_seq/u_mov/xp_widx_reg[10] REF=FDRE
NM inst/u_seq/u_mov/xp_widx_reg[11] REF=FDRE
NM inst/u_seq/u_mov/xword_q_reg[0] REF=FDRE
NM inst/u_seq/u_mov/xword_q_reg[1] REF=FDRE
NM inst/u_seq/u_mov/xword_q_reg[2] REF=FDRE
NM inst/u_seq/u_mov/xword_q_reg[3] REF=FDRE
NM inst/u_seq/u_mov/xword_q_reg[4] REF=FDRE
NM inst/u_seq/u_mov/xword_q_reg[5] REF=FDRE
NM inst/u_seq/u_mov/xword_q_reg[6] REF=FDRE
NM inst/u_seq/u_mov/xword_q_reg[7] REF=FDRE
NM inst/u_seq/u_mov/xword_q_reg[8] REF=FDRE
NM inst/u_seq/u_mov/xword_q_reg[9] REF=FDRE
NM inst/u_seq/u_mov/xword_q_reg[10] REF=FDRE
NM inst/u_seq/u_mov/xword_q_reg[11] REF=FDRE
NM inst/u_seq/u_mov/y_half_reg REF=FDRE
NM inst/u_seq/u_mov/y_val_reg[0] REF=FDRE
NM inst/u_seq/u_mov/y_val_reg[1] REF=FDRE
NM inst/u_seq/u_mov/y_val_reg[2] REF=FDRE
NM inst/u_seq/u_mov/y_val_reg[3] REF=FDRE
NM inst/u_seq/u_mov/y_val_reg[4] REF=FDRE
NM inst/u_seq/u_mov/y_val_reg[5] REF=FDRE
NM inst/u_seq/u_mov/y_val_reg[6] REF=FDRE
NM inst/u_seq/u_mov/y_val_reg[7] REF=FDRE
NM inst/u_seq/u_mov/y_val_reg[8] REF=FDRE
NM inst/u_seq/u_mov/y_val_reg[9] REF=FDRE
NM inst/u_seq/u_mov/y_val_reg[10] REF=FDRE
NM inst/u_seq/u_mov/y_val_reg[11] REF=FDRE
NM inst/u_seq/u_mov/y_val_reg[12] REF=FDRE
NM inst/u_seq/u_mov/y_val_reg[13] REF=FDRE
NM inst/u_seq/u_mov/y_val_reg[14] REF=FDRE
NM inst/u_seq/u_mov/y_val_reg[15] REF=FDRE
NM inst/u_seq/u_mov/y_val_reg[16] REF=FDRE
NM inst/u_seq/u_mov/y_val_reg[17] REF=FDRE
NM inst/u_seq/u_mov/y_val_reg[18] REF=FDRE
NM inst/u_seq/u_mov/y_val_reg[19] REF=FDRE
NM inst/u_seq/u_mov/y_val_reg[20] REF=FDRE
NM inst/u_seq/u_mov/y_val_reg[21] REF=FDRE
NM inst/u_seq/u_mov/y_val_reg[22] REF=FDRE
NM inst/u_seq/u_mov/y_val_reg[23] REF=FDRE
NM inst/u_seq/u_mov/y_val_reg[24] REF=FDRE
NM inst/u_seq/u_mov/y_val_reg[25] REF=FDRE
NM inst/u_seq/u_mov/y_val_reg[26] REF=FDRE
NM inst/u_seq/u_mov/y_val_reg[27] REF=FDRE
NM inst/u_seq/u_mov/y_val_reg[28] REF=FDRE
NM inst/u_seq/u_mov/y_val_reg[29] REF=FDRE
NM inst/u_seq/u_mov/y_val_reg[30] REF=FDRE
NM inst/u_seq/u_mov/y_val_reg[31] REF=FDRE
NM inst/u_seq/u_mov/y_val_valid_reg REF=FDRE
NM inst/u_seq/u_mov/yf_cnt_reg[0] REF=FDRE
NM inst/u_seq/u_mov/yf_cnt_reg[1] REF=FDRE
NM inst/u_seq/u_mov/yf_cnt_reg[2] REF=FDRE
NM inst/u_seq/u_mov/yf_cnt_reg[3] REF=FDRE
NM inst/u_seq/u_mov/yf_cnt_reg[4] REF=FDRE
NM inst/u_seq/u_mov/yf_cnt_reg[5] REF=FDRE
NM inst/u_seq/u_mov/yf_mem_reg_0_31_0_13/RAMA REF=RAMD32
NM inst/u_seq/u_mov/yf_mem_reg_0_31_0_13/RAMA_D1 REF=RAMD32
NM inst/u_seq/u_mov/yf_mem_reg_0_31_0_13/RAMB REF=RAMD32
NM inst/u_seq/u_mov/yf_mem_reg_0_31_0_13/RAMB_D1 REF=RAMD32
NM inst/u_seq/u_mov/yf_mem_reg_0_31_0_13/RAMC REF=RAMD32
NM inst/u_seq/u_mov/yf_mem_reg_0_31_0_13/RAMC_D1 REF=RAMD32
NM inst/u_seq/u_mov/yf_mem_reg_0_31_0_13/RAMD REF=RAMD32
NM inst/u_seq/u_mov/yf_mem_reg_0_31_0_13/RAMD_D1 REF=RAMD32
NM inst/u_seq/u_mov/yf_mem_reg_0_31_0_13/RAME REF=RAMD32
NM inst/u_seq/u_mov/yf_mem_reg_0_31_0_13/RAME_D1 REF=RAMD32
NM inst/u_seq/u_mov/yf_mem_reg_0_31_0_13/RAMF REF=RAMD32
NM inst/u_seq/u_mov/yf_mem_reg_0_31_0_13/RAMF_D1 REF=RAMD32
NM inst/u_seq/u_mov/yf_mem_reg_0_31_0_13/RAMG REF=RAMD32
NM inst/u_seq/u_mov/yf_mem_reg_0_31_0_13/RAMG_D1 REF=RAMD32
NM inst/u_seq/u_mov/yf_mem_reg_0_31_0_13/RAMH REF=RAMS32
NM inst/u_seq/u_mov/yf_mem_reg_0_31_0_13/RAMH_D1 REF=RAMS32
NM inst/u_seq/u_mov/yf_mem_reg_0_31_14_27/RAMA REF=RAMD32
NM inst/u_seq/u_mov/yf_mem_reg_0_31_14_27/RAMA_D1 REF=RAMD32
NM inst/u_seq/u_mov/yf_mem_reg_0_31_14_27/RAMB REF=RAMD32
NM inst/u_seq/u_mov/yf_mem_reg_0_31_14_27/RAMB_D1 REF=RAMD32
NM inst/u_seq/u_mov/yf_mem_reg_0_31_14_27/RAMC REF=RAMD32
NM inst/u_seq/u_mov/yf_mem_reg_0_31_14_27/RAMC_D1 REF=RAMD32
NM inst/u_seq/u_mov/yf_mem_reg_0_31_14_27/RAMD REF=RAMD32
NM inst/u_seq/u_mov/yf_mem_reg_0_31_14_27/RAMD_D1 REF=RAMD32
NM inst/u_seq/u_mov/yf_mem_reg_0_31_14_27/RAME REF=RAMD32
NM inst/u_seq/u_mov/yf_mem_reg_0_31_14_27/RAME_D1 REF=RAMD32
NM inst/u_seq/u_mov/yf_mem_reg_0_31_14_27/RAMF REF=RAMD32
NM inst/u_seq/u_mov/yf_mem_reg_0_31_14_27/RAMF_D1 REF=RAMD32
NM inst/u_seq/u_mov/yf_mem_reg_0_31_14_27/RAMG REF=RAMD32
NM inst/u_seq/u_mov/yf_mem_reg_0_31_14_27/RAMG_D1 REF=RAMD32
NM inst/u_seq/u_mov/yf_mem_reg_0_31_14_27/RAMH REF=RAMS32
NM inst/u_seq/u_mov/yf_mem_reg_0_31_14_27/RAMH_D1 REF=RAMS32
NM inst/u_seq/u_mov/yf_mem_reg_0_31_28_31/RAMA REF=RAMD32
NM inst/u_seq/u_mov/yf_mem_reg_0_31_28_31/RAMA_D1 REF=RAMD32
NM inst/u_seq/u_mov/yf_mem_reg_0_31_28_31/RAMB REF=RAMD32
NM inst/u_seq/u_mov/yf_mem_reg_0_31_28_31/RAMB_D1 REF=RAMD32
NM inst/u_seq/u_mov/yf_mem_reg_0_31_28_31/RAMC REF=RAMD32
NM inst/u_seq/u_mov/yf_mem_reg_0_31_28_31/RAMC_D1 REF=RAMD32
NM inst/u_seq/u_mov/yf_mem_reg_0_31_28_31/RAMD REF=RAMS32
NM inst/u_seq/u_mov/yf_mem_reg_0_31_28_31/RAMD_D1 REF=RAMS32
NM inst/u_seq/u_mov/yf_rp_reg[0] REF=FDRE
NM inst/u_seq/u_mov/yf_rp_reg[1] REF=FDRE
NM inst/u_seq/u_mov/yf_rp_reg[2] REF=FDRE
NM inst/u_seq/u_mov/yf_rp_reg[3] REF=FDRE
NM inst/u_seq/u_mov/yf_rp_reg[4] REF=FDRE
NM inst/u_seq/u_mov/yf_wp_reg[0] REF=FDRE
NM inst/u_seq/u_mov/yf_wp_reg[1] REF=FDRE
NM inst/u_seq/u_mov/yf_wp_reg[2] REF=FDRE
NM inst/u_seq/u_mov/yf_wp_reg[3] REF=FDRE
NM inst/u_seq/u_mov/yf_wp_reg[4] REF=FDRE
# puts "NM_DONE"
NM_DONE
INFO: [Common 17-206] Exiting Vivado at Thu Oct  1 13:48:18 2026...
=== rc  : 0
=== end : 2026-10-01T13:48:29-06:00
