=== host: snoke  date: 2026-10-01T13:45:23-06:00
=== tree: cf15810
=== cmd : bash -c source /home/cah/r2d2/sc2data/tools/Vivado/2024.2/settings64.sh >/dev/null && cd /tmp/r3_n3224 && printf "%s\n" "open_checkpoint /home/cah/r2d2/code/fpga/fable5_llm/synth/out_build_046_r3/proj/stage1.runs/bd_seq_0_0_synth_1/bd_seq_0_0.dcp" "set c \[get_cells -hier -filter {IS_SEQUENTIAL && NAME =~ *u_mov/xp_*}\]" "puts \"NM count=\[llength $c\]\"" "foreach x \[lsort $c\] { puts \"NM $x\" }" > names.tcl && vivado -mode batch -nolog -nojournal -source names.tcl
=== env : FABLE5_MODEL=unset
=== venv: /home/cah/.venv/bin/python (shipped venv (no interpreter named in cmd)): 3.12.3 numpy 2.4.6

****** Vivado v2024.2 (64-bit)
  **** SW Build 5239630 on Fri Nov 08 22:34:34 MST 2024
  **** IP Build 5239520 on Sun Nov 10 16:12:51 MST 2024
  **** SharedData Build 5239561 on Fri Nov 08 14:39:27 MST 2024
  **** Start of session at: Thu Oct  1 13:45:25 2026
    ** Copyright 1986-2022 Xilinx, Inc. All Rights Reserved.
    ** Copyright 2022-2024 Advanced Micro Devices, Inc. All Rights Reserved.

source names.tcl
# open_checkpoint /home/cah/r2d2/code/fpga/fable5_llm/synth/out_build_046_r3/proj/stage1.runs/bd_seq_0_0_synth_1/bd_seq_0_0.dcp
Command: open_checkpoint /home/cah/r2d2/code/fpga/fable5_llm/synth/out_build_046_r3/proj/stage1.runs/bd_seq_0_0_synth_1/bd_seq_0_0.dcp

Starting open_checkpoint Task

Time (s): cpu = 00:00:00.06 ; elapsed = 00:00:00.06 . Memory (MB): peak = 1401.695 ; gain = 0.000 ; free physical = 124893 ; free virtual = 376530
INFO: [Device 21-403] Loading part xcvu9p-fsgd2104-2L-e
Netlist sorting complete. Time (s): cpu = 00:00:00.03 ; elapsed = 00:00:00.03 . Memory (MB): peak = 2532.199 ; gain = 0.000 ; free physical = 122376 ; free virtual = 374012
INFO: [Netlist 29-17] Analyzing 330 Unisim elements for replacement
INFO: [Netlist 29-28] Unisim Transformation completed in 0 CPU seconds
INFO: [Project 1-479] Netlist was created with Vivado 2024.2
INFO: [Project 1-570] Preparing netlist for logic optimization
Read ShapeDB Complete: Time (s): cpu = 00:00:00.01 ; elapsed = 00:00:00.01 . Memory (MB): peak = 2532.199 ; gain = 0.000 ; free physical = 122280 ; free virtual = 373917
Netlist sorting complete. Time (s): cpu = 00:00:00 ; elapsed = 00:00:00 . Memory (MB): peak = 2814.316 ; gain = 0.000 ; free physical = 121696 ; free virtual = 373332
INFO: [Project 1-111] Unisim Transformation Summary:
  A total of 28 instances were transformed.
  RAM32M => RAM32M (RAMD32(x6), RAMS32(x2)): 1 instance 
  RAM32M16 => RAM32M16 (RAMD32(x14), RAMS32(x2)): 2 instances
  RAM64M => RAM64M (RAMD64E(x4)): 2 instances
  RAM64M8 => RAM64M8 (RAMD64E(x8)): 23 instances

INFO: [Project 1-604] Checkpoint was created with Vivado v2024.2 (64-bit) build 5239630
open_checkpoint: Time (s): cpu = 00:00:31 ; elapsed = 00:00:33 . Memory (MB): peak = 2814.316 ; gain = 1412.621 ; free physical = 121696 ; free virtual = 373332
extra characters after close-brace
    while executing
"set c \[get_cells -hier -filter {IS_SEQUENTIAL && NAME =~ *u_mov/xp_*}\"
    (file "names.tcl" line 2)
INFO: [Common 17-206] Exiting Vivado at Thu Oct  1 13:46:04 2026...
=== rc  : 1
=== end : 2026-10-01T13:46:15-06:00
