=== host: snoke  date: 2026-10-01T14:18:59-06:00
=== tree: 0a0b156
=== cmd : /home/cah/.venv/bin/python evidence/qwen9b/sr/sr14_ident_expect.py --want-version 2e874592 --want-caps R1,R2,R3
=== env : FABLE5_MODEL=9b
=== venv: /home/cah/.venv/bin/python (named in cmd): 3.12.3 numpy 2.4.6
expected words: SEQ_CAPS 0xfab1ca07  BM_IDENT 0xfab1b301  SHAPE isa 2
PASS  R3 board, --want-version 2e874592 --want-caps R1,R2,R3: judge -> PASS (want PASS)
        MAGIC        0xfab1e001  want 0xfab1e001  OK
        VERSION      0x2e874592  want 0x2e874592  OK
        CALIB        0x0000000f  want 0x0000000f  OK
        LAYER_IDENT  0xfab1e5a0  want 0xfab1e5a0  OK
        SEQ_IDENT    0xfab1e5e0  want 0xfab1e5e0  OK
        TOPK_IDENT   0xfab1704b  want 0xfab1704b  OK
        BM_IDENT     0xfab1b301  want 0xfab1b301  OK
        SEQ_CAPS     0xfab1ca07  decoded {R1,R2,R3}  want {R1,R2,R3}  OK
      IDENT: PASS
PASS  R3 VERSION reporting the R1+R2 word 0xFAB1CA03: judge -> FAIL (want FAIL)
        MAGIC        0xfab1e001  want 0xfab1e001  OK
        VERSION      0x2e874592  want 0x2e874592  OK
        CALIB        0x0000000f  want 0x0000000f  OK
        LAYER_IDENT  0xfab1e5a0  want 0xfab1e5a0  OK
        SEQ_IDENT    0xfab1e5e0  want 0xfab1e5e0  OK
        TOPK_IDENT   0xfab1704b  want 0xfab1704b  OK
        BM_IDENT     0xfab1b301  want 0xfab1b301  OK
        SEQ_CAPS     0xfab1ca03  decoded {R1,R2}  want {R1,R2,R3}  MISMATCH
      IDENT: FAIL
PASS  R3 VERSION reporting the R1 word 0xFAB1CA01: judge -> FAIL (want FAIL)
        MAGIC        0xfab1e001  want 0xfab1e001  OK
        VERSION      0x2e874592  want 0x2e874592  OK
        CALIB        0x0000000f  want 0x0000000f  OK
        LAYER_IDENT  0xfab1e5a0  want 0xfab1e5a0  OK
        SEQ_IDENT    0xfab1e5e0  want 0xfab1e5e0  OK
        TOPK_IDENT   0xfab1704b  want 0xfab1704b  OK
        BM_IDENT     0xfab1b301  want 0xfab1b301  OK
        SEQ_CAPS     0xfab1ca01  decoded {R1}  want {R1,R2,R3}  MISMATCH
      IDENT: FAIL
PASS  R3 VERSION reporting 0xDEADC0DE (a pre-round read): judge -> FAIL (want FAIL)
        MAGIC        0xfab1e001  want 0xfab1e001  OK
        VERSION      0x2e874592  want 0x2e874592  OK
        CALIB        0x0000000f  want 0x0000000f  OK
        LAYER_IDENT  0xfab1e5a0  want 0xfab1e5a0  OK
        SEQ_IDENT    0xfab1e5e0  want 0xfab1e5e0  OK
        TOPK_IDENT   0xfab1704b  want 0xfab1704b  OK
        BM_IDENT     0xfab1b301  want 0xfab1b301  OK
        SEQ_CAPS     0xdeadc0de  decoded {none}  want {R1,R2,R3}  MISMATCH
      IDENT: FAIL
PASS  R3 VERSION without the BM1 block (BM_IDENT 0xDEADC0DE): judge -> FAIL (want FAIL)
        MAGIC        0xfab1e001  want 0xfab1e001  OK
        VERSION      0x2e874592  want 0x2e874592  OK
        CALIB        0x0000000f  want 0x0000000f  OK
        LAYER_IDENT  0xfab1e5a0  want 0xfab1e5a0  OK
        SEQ_IDENT    0xfab1e5e0  want 0xfab1e5e0  OK
        TOPK_IDENT   0xfab1704b  want 0xfab1704b  OK
        BM_IDENT     0xdeadc0de  want 0xfab1b301  MISMATCH
        SEQ_CAPS     0xfab1ca07  decoded {R1,R2,R3}  want {R1,R2,R3}  OK
      IDENT: FAIL
PASS  the R2 bitstream (VERSION 266e3ae7) named as R3: judge -> FAIL (want FAIL)
        MAGIC        0xfab1e001  want 0xfab1e001  OK
        VERSION      0x266e3ae7  want 0x2e874592  MISMATCH
        CALIB        0x0000000f  want 0x0000000f  OK
        LAYER_IDENT  0xfab1e5a0  want 0xfab1e5a0  OK
        SEQ_IDENT    0xfab1e5e0  want 0xfab1e5e0  OK
        TOPK_IDENT   0xfab1704b  want 0xfab1704b  OK
        BM_IDENT     0xfab1b301  want 0xfab1b301  OK
        SEQ_CAPS     0xfab1ca03  decoded {R1,R2}  want {R1,R2,R3}  MISMATCH
      IDENT: FAIL
PASS  the R1 bitstream (VERSION e3c2ff1e) named as R3: judge -> FAIL (want FAIL)
        MAGIC        0xfab1e001  want 0xfab1e001  OK
        VERSION      0xe3c2ff1e  want 0x2e874592  MISMATCH
        CALIB        0x0000000f  want 0x0000000f  OK
        LAYER_IDENT  0xfab1e5a0  want 0xfab1e5a0  OK
        SEQ_IDENT    0xfab1e5e0  want 0xfab1e5e0  OK
        TOPK_IDENT   0xfab1704b  want 0xfab1704b  OK
        BM_IDENT     0xfab1b301  want 0xfab1b301  OK
        SEQ_CAPS     0xfab1ca01  decoded {R1}  want {R1,R2,R3}  MISMATCH
      IDENT: FAIL
PASS  control: the R1 bitstream judged as R1 (unchanged by the R3 row): judge -> PASS (want PASS)
        MAGIC        0xfab1e001  want 0xfab1e001  OK
        VERSION      0xe3c2ff1e  want 0xe3c2ff1e  OK
        CALIB        0x0000000f  want 0x0000000f  OK
        LAYER_IDENT  0xfab1e5a0  want 0xfab1e5a0  OK
        SEQ_IDENT    0xfab1e5e0  want 0xfab1e5e0  OK
        TOPK_IDENT   0xfab1704b  want 0xfab1704b  OK
        BM_IDENT     0xfab1b301  want 0xfab1b301  OK
        SEQ_CAPS     0xfab1ca01  decoded {R1}  want {R1}  OK
      IDENT: PASS
SR14_IDENT_EXPECT: 8 passed, 0 failed -> PASS
=== rc  : 0
=== end : 2026-10-01T14:18:59-06:00
