=== host: snoke  date: 2026-09-27T18:45:00-06:00
=== tree: 9ac0260
=== cmd : bash evidence/qwen9b/ov/sv1_gate.sh model_9b_s4
=== env : FABLE5_MODEL=unset
=== venv: /home/cah/.venv/bin/python (shipped venv (no interpreter named in cmd)): 3.12.3 numpy 2.4.6
=== interpreter /home/cah/.venv/bin/python ; seq /home/cah/r2d2/code/fpga/fable5_llm/tb/scripts/w9/model_9b_s4.e4 ; base /home/cah/r2d2/code/fpga/fable5_llm/tb/scripts/w9/model_9b_s4
=== seq sha256 3483d82ab9116456
--- SEQ gate: /home/cah/r2d2/code/fpga/fable5_llm/tb/scripts/w9/model_9b_s4.e4
  stream   158536 records, 2536576 B (sha256 3483d82ab9116456)
  seqdata  563712 B (sha256 4a7784f2f2c47e07)
  profile  epsnorm   newops from layer_fixed (agent A)
  opcodes  {'CSRWR': 106244, 'CMD': 35286, 'MOVX': 3984, 'MOVY': 5480, 'MVGO': 5480, 'EMB': 4, 'AMAXL': 4, 'JMP': 1, 'FENCE': 1372, 'HALT': 1, 'LDC*': 644, 'XOP*': 36}
  caps     none (validated and executed at this set; SEQ_ISA v2.3 B17.0)
  loop     3 steps  (looped)  STRUCTURALLY SAFE
  .txt     56576 commands, 21763584 host-relayed words, checks {'R': 2358, 'E': 1494, 'A': 6, 'V': 1494} (122.2s)
  .seq     52928 commands issued, movers MOVX=5976 MVGO=8220 MOVY=8220 LDC=966 EMB=6 AMAXL=6 (1366.7s)
  CHECKPT  2358/2358 live-state checkpoints sampled, ALL BIT-EXACT
  SCRATCH  4095 of 65536 words differ at the end; 0 outside the declared y32 staging windows (28672 words) -> CLEAN
  BANKED   BIT-EXACT (conv/S/KV/TCNT/EOUT/AMAX)
  STATE    BIT-EXACT (112 block(s) stored; .txt vs .seq vs the emitter's StateImage)
  TOKENS   IDENTICAL  [11, 0, 271, 803, 369, 498]
SEQ GATE: PASS
=== gate wall 1504s rc=0
=== rc  : 0
=== end : 2026-09-27T19:10:05-06:00
