=== host: snoke  date: 2026-09-27T22:07:34-06:00
=== tree: 59b5538
=== cmd : bash evidence/qwen9b/sr/sr5b_streams.sh
=== env : FABLE5_MODEL=9b
=== venv: /home/cah/.venv/bin/python (shipped venv (no interpreter named in cmd)): 3.12.3 numpy 2.4.6
--- s1: SR4's log evidence/qwen9b/sr/n410_reorder_s1_B_r1.log
    logged   4e11a2ae6872970ecb61e2bb37524b7bd863815e47df1fb9c3af2fbb3218cb28
    on disk  4e11a2ae6872970ecb61e2bb37524b7bd863815e47df1fb9c3af2fbb3218cb28  (tb/scripts/w9/model_9b_s1_reordB_r1.e4.seq)
    regen    FABLE5_MODEL=9b FABLE5_RS_F=7 /home/cah/.venv/bin/python ref/scripts/reorder_e4.py --in tb/scripts/w9/model_9b_s1.e4 --out tb/scripts/w9/sr5b_regen_s1_r1.e4 --form B --cost csv --rtl r1 --stats
      --- segment 3 static 118911..158534 (LOOP BODY): records 39624 -> 40171
      === OUTPUT hazard assert: PASS over the whole stream (MOVX 2064, MVGO 5480, MOVY 5480, FENCE 5480; none on a pending channel, none pending at JMP/HALT)
      === r1: FENCE masks over the stream (target[3:0] -> count): 0001 x1372, 0010 x1372, 0100 x1368, 1000 x1368
      === r1: replay makespan of the emitted order per segment: seg0 27121551, seg1 27128540, seg2 27129666, seg3 27136513; LOOP BODY 27136513 cyc (scheduler 27136513)
      === output 160724 records (input 158536); checkpoints 1572
    regen    4e11a2ae6872970ecb61e2bb37524b7bd863815e47df1fb9c3af2fbb3218cb28  (rc 0, 21 s)
    .seqdata.bin regen vs on disk: IDENTICAL
    s1: IDENTITY OK (logged == on disk == regenerated)
--- s2: SR4's log evidence/qwen9b/sr/n411_reorder_s2_B_r1.log
    logged   cc982e4f66be17cef279bf09dcbc36d1170a4347b68b90e31a51d5993b93bbd4
    on disk  cc982e4f66be17cef279bf09dcbc36d1170a4347b68b90e31a51d5993b93bbd4  (tb/scripts/w9/model_9b_s2_reordB_r1.e4.seq)
    regen    FABLE5_MODEL=9b FABLE5_RS_F=7 /home/cah/.venv/bin/python ref/scripts/reorder_e4.py --in tb/scripts/w9/model_9b_s2.e4 --out tb/scripts/w9/sr5b_regen_s2_r1.e4 --form B --cost csv --rtl r1 --stats
      --- segment 1 static 39664..79287 (LOOP BODY): records 39624 -> 40171
      === OUTPUT hazard assert: PASS over the whole stream (MOVX 1032, MVGO 2740, MOVY 2740, FENCE 2740; none on a pending channel, none pending at JMP/HALT)
      === r1: FENCE masks over the stream (target[3:0] -> count): 0001 x686, 0010 x686, 0100 x684, 1000 x684
      === r1: replay makespan of the emitted order per segment: seg0 27129666, seg1 27136513; LOOP BODY 27136513 cyc (scheduler 27136513)
      === output 80383 records (input 79289); checkpoints 786
    regen    cc982e4f66be17cef279bf09dcbc36d1170a4347b68b90e31a51d5993b93bbd4  (rc 0, 10 s)
    .seqdata.bin regen vs on disk: IDENTICAL
    s2: IDENTITY OK (logged == on disk == regenerated)
--- s3: SR4's log evidence/qwen9b/sr/n412_reorder_s3_B_r1.log
    logged   0f85a974ffa9aa7e9431202e9346b74073fb0ab51624bb3720edb3927946fe3b
    on disk  0f85a974ffa9aa7e9431202e9346b74073fb0ab51624bb3720edb3927946fe3b  (tb/scripts/w9/model_9b_s3_reordB_r1.e4.seq)
    regen    FABLE5_MODEL=9b FABLE5_RS_F=7 /home/cah/.venv/bin/python ref/scripts/reorder_e4.py --in tb/scripts/w9/model_9b_s3.e4 --out tb/scripts/w9/sr5b_regen_s3_r1.e4 --form B --cost csv --rtl r1 --stats
      --- segment 1 static 39664..79287 (LOOP BODY): records 39624 -> 40171
      === OUTPUT hazard assert: PASS over the whole stream (MOVX 1032, MVGO 2740, MOVY 2740, FENCE 2740; none on a pending channel, none pending at JMP/HALT)
      === r1: FENCE masks over the stream (target[3:0] -> count): 0001 x686, 0010 x686, 0100 x684, 1000 x684
      === r1: replay makespan of the emitted order per segment: seg0 27129666, seg1 27136513; LOOP BODY 27136513 cyc (scheduler 27136513)
      === output 80383 records (input 79289); checkpoints 786
    regen    0f85a974ffa9aa7e9431202e9346b74073fb0ab51624bb3720edb3927946fe3b  (rc 0, 10 s)
    .seqdata.bin regen vs on disk: IDENTICAL
    s3: IDENTITY OK (logged == on disk == regenerated)
--- s4: SR4's log evidence/qwen9b/sr/n413_reorder_s4_B_r1.log
    logged   492e0def197b635b9e64b01e2ff1637bc4f1eda4db0899961e994160274e6c95
    on disk  492e0def197b635b9e64b01e2ff1637bc4f1eda4db0899961e994160274e6c95  (tb/scripts/w9/model_9b_s4_reordB_r1.e4.seq)
    regen    FABLE5_MODEL=9b FABLE5_RS_F=7 /home/cah/.venv/bin/python ref/scripts/reorder_e4.py --in tb/scripts/w9/model_9b_s4.e4 --out tb/scripts/w9/sr5b_regen_s4_r1.e4 --form B --cost csv --rtl r1 --stats
      --- segment 3 static 118911..158534 (LOOP BODY): records 39624 -> 40171
      === OUTPUT hazard assert: PASS over the whole stream (MOVX 2064, MVGO 5480, MOVY 5480, FENCE 5480; none on a pending channel, none pending at JMP/HALT)
      === r1: FENCE masks over the stream (target[3:0] -> count): 0001 x1372, 0010 x1372, 0100 x1368, 1000 x1368
      === r1: replay makespan of the emitted order per segment: seg0 27121551, seg1 27128540, seg2 27129666, seg3 27136513; LOOP BODY 27136513 cyc (scheduler 27136513)
      === output 160724 records (input 158536); checkpoints 1572
    regen    492e0def197b635b9e64b01e2ff1637bc4f1eda4db0899961e994160274e6c95  (rc 0, 19 s)
    .seqdata.bin regen vs on disk: IDENTICAL
    s4: IDENTITY OK (logged == on disk == regenerated)
SR5B_STREAMS: PASS — 4/4 r1 streams are SR4's bytes
=== rc  : 0
=== end : 2026-09-27T22:08:35-06:00
