=== host: snoke  date: 2026-09-27T22:29:38-06:00
=== tree: 82e2ecb
=== cmd : bash evidence/qwen9b/sr/run_sr_chip.sh sr5b_c4_r1 model_9b_s1 control
=== env : FABLE5_MODEL=unset
=== venv: /home/cah/.venv/bin/python (shipped venv (no interpreter named in cmd)): 3.12.3 numpy 2.4.6
=== binary   /home/cah/r2d2/code/fpga/fable5_llm/tb/obj_dir_seq_chip_sr5/tb_seq_chip_9b_sr5
=== built    2026-09-27T19:20:50-06:00  sha256 f7b64e5a1c39503371db0cee64ceedb363b56a4cc7e8d2fadb9b31c7acc0353e
=== seq      /home/cah/r2d2/code/fpga/fable5_llm/tb/scripts/w9/sr5b_c4_r1.e4  (.seq sha256 52aa657055726cdc, .chip sha256 1397df46c9893b38)
=== base     /home/cah/r2d2/code/fpga/fable5_llm/tb/scripts/w9/model_9b_s1   mode: control
=== watchdog 172800000 ms
=== stdout   /home/cah/r2d2/code/fpga/fable5_llm/evidence/qwen9b/sr/sr5_seed_sr5b_c4_r1_control.log
=== wall     4858s   rc=0
--- verdict lines
    tb_seq_chip: launch 0 [preamble] rec_off 0, 39 records, 0 tokens, 36864 scratch words, NMV=4 WIMGPC=1 LAT=4 DDRLAT=32 WLAT=40
    SEQ-CHIP /home/cah/r2d2/code/fpga/fable5_llm/tb/scripts/w9/sr5b_c4_r1.e4 launch 0 [preamble]: 39 records, 214 cycles (5.49 cyc/rec, 0.001 ms @250MHz, PERF_CYC 207)
    LAUNCH 0 PASS: [preamble] pc 38, tokens 0, tcnt 8, scratch 36864, smem 0
    tb_seq_chip: launch 1 [lite] rec_off 256, 39314 records, 0 tokens, 36864 scratch words, NMV=4 WIMGPC=1 LAT=4 DDRLAT=32 WLAT=40
    SEQ-CHIP /home/cah/r2d2/code/fpga/fable5_llm/tb/scripts/w9/sr5b_c4_r1.e4 launch 1 [lite]: 39314 records, 25221355 cycles (641.54 cyc/rec, 100.885 ms @250MHz, PERF_CYC 25221347)
    LAUNCH 1 PASS: [lite] pc 39313, tokens 0, tcnt 8, scratch 36864, smem 112
    tb_seq_chip: launch 2 [lite] rec_off 39680, 39314 records, 0 tokens, 36864 scratch words, NMV=4 WIMGPC=1 LAT=4 DDRLAT=32 WLAT=40
    SEQ-CHIP /home/cah/r2d2/code/fpga/fable5_llm/tb/scripts/w9/sr5b_c4_r1.e4 launch 2 [lite]: 39314 records, 25228219 cycles (641.71 cyc/rec, 100.913 ms @250MHz, PERF_CYC 25228211)
    LAUNCH 2 PASS: [lite] pc 39313, tokens 0, tcnt 8, scratch 36864, smem 112
    tb_seq_chip: launch 3 [full] rec_off 79104, 40173 records, 1 tokens, 36864 scratch words, NMV=4 WIMGPC=1 LAT=4 DDRLAT=32 WLAT=40
      TOK[0] = 0000b (11) == golden OK
    SEQ-CHIP /home/cah/r2d2/code/fpga/fable5_llm/tb/scripts/w9/sr5b_c4_r1.e4 launch 3 [full]: 40173 records, 27173575 cycles (676.41 cyc/rec, 108.694 ms @250MHz, PERF_CYC 27173568)
    LAUNCH 3 PASS: [full] pc 40172, tokens 1, tcnt 8, scratch 36864, smem 112
    tb_seq_chip: launch 4 [full] rec_off 119296, 40173 records, 1 tokens, 36864 scratch words, NMV=4 WIMGPC=1 LAT=4 DDRLAT=32 WLAT=40
      TOK[0] = 0010f (271) == golden OK
    SEQ-CHIP /home/cah/r2d2/code/fpga/fable5_llm/tb/scripts/w9/sr5b_c4_r1.e4 launch 4 [full]: 40173 records, 27178738 cycles (676.54 cyc/rec, 108.715 ms @250MHz, PERF_CYC 27178729)
    LAUNCH 4 PASS: [full] pc 40172, tokens 1, tcnt 8, scratch 36864, smem 112
      state: 1789632 read beats, 1772288 write beats, 0 unmapped
      burst: 60672 write bursts (14124032 beats), 75284 read bursts (18820096 beats), busy_wr 24287788 busy_rd 22589772, decerr 0 non-OK 0, BLAT=4
      fetch-empty stall cycles 12
      ddr beats 299429 (miss 0), weight beats 239348736 total across 4 chan (miss 0) [ 59930112/59828736/59794944/59794944]
    TB_SEQ_CHIP PASS: /home/cah/r2d2/code/fpga/fable5_llm/tb/scripts/w9/sr5b_c4_r1.e4 (launches 5, 104802101 cycles total, scratch 36864/launch, tokens 2, tcnt 8)
    CYCLES measured  104802101
    CONTROL: no SEQ_TIMELINE block, as required
--- wall 4858s
SR_CHIP sr5b_c4_r1 control: PASS
=== rc  : 0
=== end : 2026-09-27T23:50:36-06:00
