=== host: snoke  date: 2026-09-27T19:38:53-06:00
=== tree: 96aedd7
=== cmd : /home/cah/.venv/bin/python -u evidence/qwen9b/sr/sr6_r1_pins.py
=== env : FABLE5_MODEL=9b
=== venv: /home/cah/.venv/bin/python (named in cmd): 3.12.3 numpy 2.4.6
=== shipped session: pos_mode ldc; lite 38858 / full 39626 records; REORDER_B_POS 0
--- r1 lite: 38858 -> 39314 records; sha256 999911226f9a70b43dda1b520b95fa544b1aa2c0e15935420aa317c9a5de0723
    rtl r1; caps ['R1']; FENCE masks {1: 312, 2: 312, 4: 312, 8: 312}; refused at the empty set: True
    MOVX elided 480; fences 312 -> 1248; rule bl; STATIC model: program order 30209477 cyc -> replay 25195119 cyc (x1.1990); postcheck 56205 edges, 0 violations; hazard {'MOVX': 512, 'MVGO': 1248, 'MOVY': 1248, 'FENCE': 1248}
    validate_stream at {R1}: 39314 records; at the empty set: REFUSED (rec 38: FENCE takes no operands  [op=0x09 fl=0x00 tgt=0x0001...); hazard assert (re-run here): {'MOVX': 512, 'MVGO': 1248, 'MOVY': 1248, 'FENCE': 1248}
    head records 0..2 -> [0, 1, 2]; position-LDC addr_lo byte offsets [68936, 146616, 224296, 301976, 379656, 457336, 535016, 612568] -> [68840, 147432, 226024, 304616, 383208, 461800, 540392, 618840]
    at the new offsets: ['LDC*/ind', 'LDC*/ind', 'LDC*/ind', 'LDC*/ind', 'LDC*/ind', 'LDC*/ind', 'LDC*/ind', 'LDC*/ind']
--- r1 full: 39626 -> 40173 records; sha256 bf115a04ffcc6bfa8342576c275ef2998b01f7522bc15b315ac63f992adc7281
    rtl r1; caps ['R1']; FENCE masks {1: 343, 2: 343, 4: 342, 8: 342}; refused at the empty set: True
    MOVX elided 480; fences 343 -> 1370; rule bl; STATIC model: program order 32771280 cyc -> replay 27135354 cyc (x1.2077); postcheck 57194 edges, 0 violations; hazard {'MOVX': 516, 'MVGO': 1370, 'MOVY': 1370, 'FENCE': 1370}
    validate_stream at {R1}: 40173 records; at the empty set: REFUSED (rec 38: FENCE takes no operands  [op=0x09 fl=0x00 tgt=0x0001...); hazard assert (re-run here): {'MOVX': 516, 'MVGO': 1370, 'MOVY': 1370, 'FENCE': 1370}
    head records 0..2 -> [0, 1, 2]; position-LDC addr_lo byte offsets [68936, 146616, 224296, 301976, 379656, 457336, 535016, 612568] -> [68840, 147432, 226024, 304616, 383208, 461800, 540392, 618840]
    at the new offsets: ['LDC*/ind', 'LDC*/ind', 'LDC*/ind', 'LDC*/ind', 'LDC*/ind', 'LDC*/ind', 'LDC*/ind', 'LDC*/ind']
=== deterministic: YES
=== r0 lite regenerated c9efdf35175d55d4 (38378) vs S1P pin c9efdf35175d55d4 (38378): IDENTICAL
=== r0 full regenerated 7119833ca6ed7d1f (39146) vs S1P pin 7119833ca6ed7d1f (39146): IDENTICAL
PIN r1 lite 999911226f9a70b43dda1b520b95fa544b1aa2c0e15935420aa317c9a5de0723 39314
PIN r1 full bf115a04ffcc6bfa8342576c275ef2998b01f7522bc15b315ac63f992adc7281 40173
R1 PINS: PASS
=== rc  : 0
=== end : 2026-09-27T19:39:11-06:00
