=== host: snoke  date: 2026-09-27T20:15:23-06:00
=== tree: 31620ef
=== cmd : bash evidence/qwen9b/sr/sr6fix1_drift.sh --doc-cites --check
=== env : FABLE5_MODEL=unset
=== venv: /home/cah/.venv/bin/python (shipped venv (no interpreter named in cmd)): 3.12.3 numpy 2.4.6
o3 citation-drift gate  [doc-cites]
  doc base   3b3c727
  targets    3 document(s) whose line count moved since 3b3c727
               NEXT_SESSION.md                                            1362 -> 1367 lines
               docs/USAGE.md                                              715 -> 722 lines
               evidence/qwen9b/sr/SR6_HOST.md                             316 -> 351 lines
  citations  63 line number(s) cited into them at 3b3c727
  unmoved    17
  DRIFTED    docs/superpowers/plans/2026-08-12-qwen2b-track-r.md:17 cites docs/USAGE.md:577 -> should be 584
  DRIFTED    docs/superpowers/plans/2026-08-12-qwen2b-track-r.md:17 cites docs/USAGE.md:581 -> should be 588
  DRIFTED    docs/superpowers/plans/2026-08-12-qwen2b-track-r.md:48 cites docs/USAGE.md:577 -> should be 584
  DRIFTED    docs/superpowers/plans/2026-08-12-qwen2b-track-r.md:48 cites docs/USAGE.md:581 -> should be 588
  DRIFTED    docs/superpowers/plans/2026-08-16-qwen2b-v5-w8.md:238 cites docs/USAGE.md:562 -> should be 569
  DRIFTED    docs/superpowers/plans/2026-08-16-qwen2b-v5-w8.md:238 cites docs/USAGE.md:576 -> should be 583
  DRIFTED    docs/superpowers/specs/2026-09-24-board-idle-counters-design.md:46 cites NEXT_SESSION.md:385 -> should be None
  DRIFTED    evidence/qwen9b/g3/G3_3_MATVEC.md:697 cites NEXT_SESSION.md:449 -> should be 454
  DRIFTED    evidence/qwen9b/g6/RD9_GATE.md:2608 cites NEXT_SESSION.md:416 -> should be 421
  DRIFTED    evidence/qwen9b/g6/RD9_GATE.md:2608 cites NEXT_SESSION.md:417 -> should be 422
  DRIFTED    evidence/qwen9b/g6/RD9_GATE.md:2613 cites NEXT_SESSION.md:731 -> should be 736
  DRIFTED    evidence/qwen9b/o3/BOARD_LOCK.md:411 cites docs/USAGE.md:457 -> should be 464
  DRIFTED    evidence/qwen9b/o3/BOARD_LOCK.md:645 cites docs/USAGE.md:441 -> should be 448
  DRIFTED    evidence/qwen9b/o3/BOARD_LOCK.md:645 cites docs/USAGE.md:445 -> should be 452
  DRIFTED    evidence/qwen9b/o3/BOARD_LOCK.md:645 cites docs/USAGE.md:551 -> should be 558
  DRIFTED    evidence/qwen9b/o3/BOARD_LOCK.md:645 cites docs/USAGE.md:555 -> should be 562
  DRIFTED    evidence/qwen9b/o3/BOARD_LOCK.md:646 cites docs/USAGE.md:441 -> should be 448
  DRIFTED    evidence/qwen9b/o3/BOARD_LOCK.md:646 cites docs/USAGE.md:445 -> should be 452
  DRIFTED    evidence/qwen9b/o3/BOARD_LOCK.md:646 cites docs/USAGE.md:551 -> should be 558
  DRIFTED    evidence/qwen9b/o3/BOARD_LOCK.md:646 cites docs/USAGE.md:555 -> should be 562
  DRIFTED    evidence/qwen9b/o3/BOARD_LOCK.md:647 cites docs/USAGE.md:426 -> should be 433
  DRIFTED    evidence/qwen9b/o3/BOARD_LOCK.md:647 cites docs/USAGE.md:440 -> should be 447
  DRIFTED    evidence/qwen9b/o3/BOARD_LOCK.md:647 cites docs/USAGE.md:536 -> should be 543
  DRIFTED    evidence/qwen9b/o3/BOARD_LOCK.md:647 cites docs/USAGE.md:550 -> should be 557
  DRIFTED    evidence/qwen9b/sr/SR2_ISA.md:104 cites NEXT_SESSION.md:1082 -> should be 1087
  DRIFTED    evidence/qwen9b/sr/SR2_ISA.md:104 cites NEXT_SESSION.md:1087 -> should be 1092
  DRIFTED    evidence/qwen9b/sr/sr6_hand_repairs.py:36 cites docs/USAGE.md:551 -> should be 558
  DRIFTED    evidence/qwen9b/sr/sr6_hand_repairs.py:36 cites docs/USAGE.md:555 -> should be 562
  DRIFTED    evidence/qwen9b/sr/sr6_hand_repairs.py:36 cites docs/USAGE.md:577 -> should be 584
  DRIFTED    evidence/qwen9b/sr/sr6_hand_repairs.py:36 cites docs/USAGE.md:581 -> should be 588
  DRIFTED    evidence/qwen9b/sr/sr6_hand_repairs.py:37 cites docs/USAGE.md:551 -> should be 558
  DRIFTED    evidence/qwen9b/sr/sr6_hand_repairs.py:37 cites docs/USAGE.md:555 -> should be 562
  DRIFTED    evidence/qwen9b/sr/sr6_hand_repairs.py:37 cites docs/USAGE.md:577 -> should be 584
  DRIFTED    evidence/qwen9b/sr/sr6_hand_repairs.py:37 cites docs/USAGE.md:581 -> should be 588
  DRIFTED    evidence/qwen9b/sr/sr6_hand_repairs.py:38 cites docs/USAGE.md:536 -> should be 543
  DRIFTED    evidence/qwen9b/sr/sr6_hand_repairs.py:38 cites docs/USAGE.md:550 -> should be 557
  DRIFTED    evidence/qwen9b/sr/sr6_hand_repairs.py:38 cites docs/USAGE.md:562 -> should be 569
  DRIFTED    evidence/qwen9b/sr/sr6_hand_repairs.py:38 cites docs/USAGE.md:576 -> should be 583
  DRIFTED    evidence/qwen9b/sr/sr6_hand_repairs.py:39 cites docs/USAGE.md:431 -> should be 438
  DRIFTED    evidence/qwen9b/sr/sr6_hand_repairs.py:39 cites docs/USAGE.md:457 -> should be 464
  DRIFTED    evidence/qwen9b/sr/sr6_hand_repairs.py:40 cites docs/USAGE.md:551 -> should be 558
  DRIFTED    evidence/qwen9b/sr/sr6_hand_repairs.py:40 cites docs/USAGE.md:555 -> should be 562
  DRIFTED    evidence/qwen9b/sr/sr6_hand_repairs.py:40 cites docs/USAGE.md:577 -> should be 584
  DRIFTED    evidence/qwen9b/sr/sr6_hand_repairs.py:40 cites docs/USAGE.md:581 -> should be 588
  DRIFTED    ref/scripts/regen_gate.sh:5 cites docs/USAGE.md:577 -> should be 584
  DRIFTED    ref/scripts/regen_gate.sh:5 cites docs/USAGE.md:581 -> should be 588
O3_DOC_CITES CHECK FAIL (46 drifted of 63)
=== rc  : 1
=== end : 2026-09-27T20:15:32-06:00
