=== host: snoke  date: 2026-09-27T20:16:23-06:00
=== tree: 817bd6c
=== cmd : /home/cah/.venv/bin/python evidence/qwen9b/sr/sr6fix1_hand_repairs.py
=== env : FABLE5_MODEL=unset
=== venv: /home/cah/.venv/bin/python (named in cmd): 3.12.3 numpy 2.4.6
OK  evidence/qwen9b/sr/SR6_HOST.md  sw/seq_run.py:9-22 -> sw/seq_run.py:9-23
      base    9 | 0. IDENTITY  the board's identity gate (Dev), and — on a SEQ run — the
      base   22 | same set.
      work    9 | 0. IDENTITY  the board's identity gate (Dev), and — on a SEQ run — the
      work   23 | same set.
OK  evidence/qwen9b/sr/SR6_HOST.md  sw/seq_run.py:242 -> sw/seq_run.py:243
      base  242 | def manifest_caps_check(meta, caps, what="stream"):
      work  243 | def manifest_caps_check(meta, caps, what="stream"):
OK  evidence/qwen9b/sr/SR6_HOST.md  sw/seq_run.py:297-298 -> sw/seq_run.py:298-299
      base  297 | SF.validate_stream(self.recs, caps=self.caps)
      base  298 | manifest_caps_check(m, self.caps, what=f"{prefix}.seq.json")
      work  298 | SF.validate_stream(self.recs, caps=self.caps)
      work  299 | manifest_caps_check(m, self.caps, what=f"{prefix}.seq.json")
OK  evidence/qwen9b/sr/SR6_HOST.md  sw/seq_run.py:605 -> sw/seq_run.py:606
      base  605 | SF.validate_stream(out, caps=caps)
      work  606 | SF.validate_stream(out, caps=caps)
OK  evidence/qwen9b/sr/SR6_HOST.md  sw/seq_run.py:795 -> sw/seq_run.py:796
      base  795 | SF.validate_stream(recs, caps=caps)
      work  796 | SF.validate_stream(recs, caps=caps)
OK  evidence/qwen9b/sr/SR6_HOST.md  sw/seq_run.py:1296 -> sw/seq_run.py:1297
      base 1296 | def seq_caps(self):
      work 1297 | def seq_caps(self):
OK  evidence/qwen9b/sr/SR6_HOST.md  sw/seq_run.py:3090 -> sw/seq_run.py:3091
      base 3090 | def parse_caps(text):
      work 3091 | def parse_caps(text):
OK  evidence/qwen9b/sr/SR6_HOST.md  sw/seq_run.py:3164 -> sw/seq_run.py:3165
      base 3164 | ap.add_argument("--caps", type=_argparse_caps, default=None,
      work 3165 | ap.add_argument("--caps", type=_argparse_caps, default=None,
OK  evidence/qwen9b/sr/SR6_HOST.md  sw/seq_run.py:3208-3234 -> sw/seq_run.py:3211-3237
      base 3208 | # ---------------- board identity (SR6: FIRST) ----------------
      base 3234 | f"was uploaded or written")
      work 3211 | # ---------------- board identity (SR6: FIRST) ----------------
      work 3237 | f"was uploaded or written")
OK  evidence/qwen9b/sr/SR6_HOST.md  sw/seq_run.py:3236-3253 -> sw/seq_run.py:3239-3256
      base 3236 | # ---------------- capabilities (SR6, SEQ_ISA v2.3 B17.0) ------------
      base 3253 | rep["caps"] = sorted(caps)
      work 3239 | # ---------------- capabilities (SR6, SEQ_ISA v2.3 B17.0) ------------
      work 3256 | rep["caps"] = sorted(caps)
OK  evidence/qwen9b/sr/SR6_HOST.md  sw/seq_run.py:3257 -> sw/seq_run.py:3260
      base 3257 | art = Artifacts(args.prefix, base=args.base, caps=caps)
      work 3260 | art = Artifacts(args.prefix, base=args.base, caps=caps)
OK  evidence/qwen9b/sr/SR6_HOST.md  sw/seq_run.py:3301 -> sw/seq_run.py:3304
      base 3301 | recs, rrep = relocate(art.recs, m, plan, len(art.blob), caps=caps)
      work 3304 | recs, rrep = relocate(art.recs, m, plan, len(art.blob), caps=caps)
OK  evidence/qwen9b/sr/SR6_HOST.md  sw/seq_run.py:2887 -> sw/seq_run.py:2888
      base 2887 | log("  --- SR6: Dev.seq_caps / manifest_caps_check / --caps")
      work 2888 | log("  --- SR6: Dev.seq_caps / manifest_caps_check / --caps")
OK  docs/superpowers/plans/2026-08-12-qwen2b-track-r.md  docs/USAGE.md:577-581 -> docs/USAGE.md:584-588
      base  577 | would not reproduce the bytes): `tb/scripts/layer_s*` and `tb/scripts/token_s*`
      base  581 | ### The Python interpreter quirk (this is the #1 time-waster)
      work  584 | would not reproduce the bytes): `tb/scripts/layer_s*` and `tb/scripts/token_s*`
      work  588 | ### The Python interpreter quirk (this is the #1 time-waster)
OK  docs/superpowers/plans/2026-08-16-qwen2b-v5-w8.md  docs/USAGE.md:562-576 -> docs/USAGE.md:569-583
      base  562 | `0x0900_0000`. It takes the lock now, so it can no longer do that under a
      base  576 | **Committed and frozen** (do not regenerate — the generator has moved on and
      work  569 | `0x0900_0000`. It takes the lock now, so it can no longer do that under a
      work  583 | **Committed and frozen** (do not regenerate — the generator has moved on and
OK  evidence/qwen9b/o3/BOARD_LOCK.md  docs/USAGE.md:457 -> docs/USAGE.md:464
      base  457 | An exclusive `fcntl.flock()` taken **before any device fd is opened** and held
      work  464 | An exclusive `fcntl.flock()` taken **before any device fd is opened** and held
OK  ref/scripts/regen_gate.sh  docs/USAGE.md:577-581 -> docs/USAGE.md:584-588
      base  577 | would not reproduce the bytes): `tb/scripts/layer_s*` and `tb/scripts/token_s*`
      base  581 | ### The Python interpreter quirk (this is the #1 time-waster)
      work  584 | would not reproduce the bytes): `tb/scripts/layer_s*` and `tb/scripts/token_s*`
      work  588 | ### The Python interpreter quirk (this is the #1 time-waster)
OK  evidence/qwen9b/g6/RD9_GATE.md  NEXT_SESSION.md:416-417 -> NEXT_SESSION.md:421-422
      base  416 | carries a 256-byte holder block naming host, pid, user, tool, time, tree sha
      base  417 | and checkout. `chat_seq.SeqLock` is the same class under its old name, so no
      work  421 | carries a 256-byte holder block naming host, pid, user, tool, time, tree sha
      work  422 | and checkout. `chat_seq.SeqLock` is the same class under its old name, so no
OK  evidence/qwen9b/g3/G3_3_MATVEC.md  NEXT_SESSION.md:449 -> NEXT_SESSION.md:454
      base  449 | the bitstreams that consume them are frozen. **Anyone who finds the byte-lock
      work  454 | the bitstreams that consume them are frozen. **Anyone who finds the byte-lock
OK  evidence/qwen9b/sr/SR2_ISA.md  NEXT_SESSION.md:1082-1087 -> NEXT_SESSION.md:1087-1092
      base 1082 | 11. **Added 2026-09-27: `chat_seq --selftest` is 407 passed / 1 failed**, the
      base 1087 | (`evidence/qwen9b/ov/S1P_SHIP.md` §3.2). No bitstream change.
      work 1087 | 11. **Added 2026-09-27: `chat_seq --selftest` is 407 passed / 1 failed**, the
      work 1092 | (`evidence/qwen9b/ov/S1P_SHIP.md` §3.2). No bitstream change.
SR6FIX1_HAND_REPAIRS PASS (20 tokens, 0 bad)
=== rc  : 0
=== end : 2026-09-27T20:16:24-06:00
