=== host: snoke  date: 2026-09-28T06:17:38-06:00
=== tree: 6a5a8b8+dirty
=== dirty:  M sw/seq_run.py
=== dirty: ?? evidence/qwen9b/sr/sr7_host_tdd.py
=== cmd : /home/cah/.venv/bin/python evidence/qwen9b/sr/sr7_host_tdd.py
=== env : FABLE5_MODEL=9b
=== venv: /home/cah/.venv/bin/python (named in cmd): 3.12.3 numpy 2.4.6
R1 word 0xfab1ca01  unmapped 0xdeadc0de
(a) SEQ_VERSIONS rows carry the expected SEQ_CAPS word
  PASS every row is (shape_isa, what, caps_word)
  PASS build_041 expects 0xDEADC0DE
  PASS build_042_bm1 expects 0xDEADC0DE
(b)/(c) the gate compares SEQ_CAPS against the row
  PASS (b) shipped board + 0xDEADC0DE -> READY
  PASS (c) shipped VERSION + R1 word -> REFUSED
  PASS (c) BM1 VERSION + R1 word -> REFUSED
(d) a scripted R1 row (table patched for this test only)
  PASS (d) R1 VERSION + R1 word -> READY
  PASS (d) R1 VERSION + 0xDEADC0DE -> REFUSED (caps missing)
  PASS (d) R1 VERSION + an unknown capability bit -> REFUSED
  PASS (e) the gate records the raw SEQ_CAPS word
(f) parse_expect_version's refusal lists the rows
  PASS (f) unknown hash -> ValueError listing c973c18a and 9b588e78
(g)/(h) bm1_ident reads and judges SEQ_CAPS
  FAIL (g) bm1_ident has judge(regs, want_version, want_caps)  
  FAIL (h) bm1_ident reads BAR 0x6064  None
sr7_host_tdd: 11 passed, 2 failed
=== rc  : 1
=== end : 2026-09-28T06:17:39-06:00
