=== host: snoke  date: 2026-09-28T06:23:06-06:00
=== tree: 6a5a8b8+dirty
=== dirty:  M evidence/qwen9b/bm/bm1_ident.py
=== dirty:  M sw/seq_run.py
=== dirty: ?? evidence/qwen9b/sr/sr7_host_tdd.py
=== dirty: ?? evidence/qwen9b/sr/sr7_launch_verify.sh
=== cmd : bash evidence/qwen9b/sr/sr7_launch_verify.sh synth/out_build_044_r1
=== env : FABLE5_MODEL=unset
=== venv: /home/cah/.venv/bin/python (shipped venv (no interpreter named in cmd)): 3.12.3 numpy 2.4.6
LV now: 2026-09-28T06:23:07-06:00
LV build.log:
LV   === create_project (e3c2ff1e) ===
LV   # puts "CREATE_PROJECT_OK"
LV   CREATE_PROJECT_OK
LV   === build ===
LV CREATE_PROJECT_OK line: 794:CREATE_PROJECT_OK
LV   -rw-rw-r-- 1 cah cah 76388 2026-09-28 06:16:05.379256587 -0600 synth/out_build_044_r1/create.log
LV create.log ERROR lines: 0  CRITICAL WARNING: 11  WARNING: 87
LV CRITICAL WARNING set vs build_042_bm1 (sorted):
LV   IDENTICAL to synth/out_build_042_bm1/create.log
LV CSR VERSION set-failures: 1
LV   320:# if {[catch {set_property CONFIG.VERSION 0x$BuildVer [get_bd_cells csr_0]} err]} {
LV build_run.log: 246 lines; ERROR: 0
LV   51:# must {launch_runs synth_1 -jobs 16}
LV   203:[Mon Sep 28 06:19:59 2026] Launched bd_ddr4_c3_reset_0_synth_1, bd_axi_smc_0_synth_1, bd_smc_ch0_0_synth_1, bd_mvchan_0_0_synth_1, bd_smc_ch1_0_synth_1, bd_mvchan_1_0_synth_1, bd_smc_ch2_0_synth_1
LV   242:[Mon Sep 28 06:19:59 2026] Launched synth_1...
LV   244:launch_runs: Time (s): cpu = 00:02:16 ; elapsed = 00:03:17 . Memory (MB): peak = 3675.734 ; gain = 2016.066 ; free physical = 54986 ; free virtual = 369622
LV processes:
LV   457641 bash -c cd /home/cah/r2d2/code/fpga/fable5_llm && git rev-parse --short=8 HEAD && setsid nohup bash evidence/qwen9b/sr/sr_run.sh n701_SR7_launch_build_044_r1.log synth/scrip
LV   457644 bash evidence/qwen9b/sr/sr_run.sh n701_SR7_launch_build_044_r1.log synth/scripts/launch_build.sh build_044_r1
LV   457660 bash evidence/qwen9b/sr/sr_run.sh n701_SR7_launch_build_044_r1.log synth/scripts/launch_build.sh build_044_r1
LV   457661 tee evidence/qwen9b/sr/n701_SR7_launch_build_044_r1.log
LV   457713 /bin/bash synth/scripts/launch_build.sh build_044_r1
LV   458555 /bin/bash /home/cah/r2d2/sc2data/tools/Vivado/2024.2/bin/vivado -mode batch -nojournal -log build_run.log -source /home/cah/r2d2/code/fpga/fable5_llm/synth/scripts/build.tcl
LV   458576 /bin/bash /home/cah/r2d2/sc2data/tools/Vivado/2024.2/bin/loader -exec vivado -mode batch -nojournal -log build_run.log -source /home/cah/r2d2/code/fpga/fable5_llm/synth/scri
LV   458625 /home/cah/r2d2/sc2data/tools/Vivado/2024.2/bin/unwrapped/lnx64.o/vivado -mode batch -nojournal -log build_run.log -source /home/cah/r2d2/code/fpga/fable5_llm/synth/scripts/b
LV   461212 /bin/sh ./ISEWrap.sh runme.log vivado -log bd_axi_smc_0.vds -m64 -product Vivado -mode batch -messageDb vivado.pb -notrace -source bd_axi_smc_0.tcl
LV   461218 /bin/bash /home/cah/r2d2/sc2data/tools/Vivado/2024.2/bin/vivado -log bd_axi_smc_0.vds -m64 -product Vivado -mode batch -messageDb vivado.pb -notrace -source bd_axi_smc_0.tcl
LV   461222 /bin/sh ./ISEWrap.sh runme.log vivado -log bd_smc_ch0_0.vds -m64 -product Vivado -mode batch -messageDb vivado.pb -notrace -source bd_smc_ch0_0.tcl
LV   461233 /bin/sh ./ISEWrap.sh runme.log vivado -log bd_mvchan_0_0.vds -m64 -product Vivado -mode batch -messageDb vivado.pb -notrace -source bd_mvchan_0_0.tcl
LV   461234 /bin/bash /home/cah/r2d2/sc2data/tools/Vivado/2024.2/bin/vivado -log bd_smc_ch0_0.vds -m64 -product Vivado -mode batch -messageDb vivado.pb -notrace -source bd_smc_ch0_0.tcl
LV   461250 /bin/bash /home/cah/r2d2/sc2data/tools/Vivado/2024.2/bin/vivado -log bd_mvchan_0_0.vds -m64 -product Vivado -mode batch -messageDb vivado.pb -notrace -source bd_mvchan_0_0.t
LV   461254 /bin/sh ./ISEWrap.sh runme.log vivado -log bd_smc_ch1_0.vds -m64 -product Vivado -mode batch -messageDb vivado.pb -notrace -source bd_smc_ch1_0.tcl
LV   461269 /bin/sh ./ISEWrap.sh runme.log vivado -log bd_mvchan_1_0.vds -m64 -product Vivado -mode batch -messageDb vivado.pb -notrace -source bd_mvchan_1_0.tcl
LV   461273 /bin/bash /home/cah/r2d2/sc2data/tools/Vivado/2024.2/bin/vivado -log bd_smc_ch1_0.vds -m64 -product Vivado -mode batch -messageDb vivado.pb -notrace -source bd_smc_ch1_0.tcl
LV   461288 /bin/bash /home/cah/r2d2/sc2data/tools/Vivado/2024.2/bin/vivado -log bd_mvchan_1_0.vds -m64 -product Vivado -mode batch -messageDb vivado.pb -notrace -source bd_mvchan_1_0.t
LV   461305 /bin/sh ./ISEWrap.sh runme.log vivado -log bd_smc_ch2_0.vds -m64 -product Vivado -mode batch -messageDb vivado.pb -notrace -source bd_smc_ch2_0.tcl
LV   461325 /bin/bash /home/cah/r2d2/sc2data/tools/Vivado/2024.2/bin/vivado -log bd_smc_ch2_0.vds -m64 -product Vivado -mode batch -messageDb vivado.pb -notrace -source bd_smc_ch2_0.tcl
LV   461338 /bin/sh ./ISEWrap.sh runme.log vivado -log bd_mvchan_2_0.vds -m64 -product Vivado -mode batch -messageDb vivado.pb -notrace -source bd_mvchan_2_0.tcl
LV   461345 /bin/bash /home/cah/r2d2/sc2data/tools/Vivado/2024.2/bin/loader -exec vivado -log bd_axi_smc_0.vds -m64 -product Vivado -mode batch -messageDb vivado.pb -notrace -source bd_
LV   461359 /bin/bash /home/cah/r2d2/sc2data/tools/Vivado/2024.2/bin/vivado -log bd_mvchan_2_0.vds -m64 -product Vivado -mode batch -messageDb vivado.pb -notrace -source bd_mvchan_2_0.t
LV   461366 /bin/sh ./ISEWrap.sh runme.log vivado -log bd_smc_ch3_0.vds -m64 -product Vivado -mode batch -messageDb vivado.pb -notrace -source bd_smc_ch3_0.tcl
LV   461381 /bin/bash /home/cah/r2d2/sc2data/tools/Vivado/2024.2/bin/loader -exec vivado -log bd_smc_ch0_0.vds -m64 -product Vivado -mode batch -messageDb vivado.pb -notrace -source bd_
LV   461393 /bin/bash /home/cah/r2d2/sc2data/tools/Vivado/2024.2/bin/vivado -log bd_smc_ch3_0.vds -m64 -product Vivado -mode batch -messageDb vivado.pb -notrace -source bd_smc_ch3_0.tcl
LV   461394 /bin/bash /home/cah/r2d2/sc2data/tools/Vivado/2024.2/bin/loader -exec vivado -log bd_mvchan_0_0.vds -m64 -product Vivado -mode batch -messageDb vivado.pb -notrace -source bd
LV   461406 /bin/sh ./ISEWrap.sh runme.log vivado -log bd_mvchan_3_0.vds -m64 -product Vivado -mode batch -messageDb vivado.pb -notrace -source bd_mvchan_3_0.tcl
LV   461431 /bin/bash /home/cah/r2d2/sc2data/tools/Vivado/2024.2/bin/loader -exec vivado -log bd_smc_ch1_0.vds -m64 -product Vivado -mode batch -messageDb vivado.pb -notrace -source bd_
LV   461432 /bin/bash /home/cah/r2d2/sc2data/tools/Vivado/2024.2/bin/vivado -log bd_mvchan_3_0.vds -m64 -product Vivado -mode batch -messageDb vivado.pb -notrace -source bd_mvchan_3_0.t
LV   461446 /bin/bash /home/cah/r2d2/sc2data/tools/Vivado/2024.2/bin/loader -exec vivado -log bd_mvchan_1_0.vds -m64 -product Vivado -mode batch -messageDb vivado.pb -notrace -source bd
LV   461497 /bin/sh ./ISEWrap.sh runme.log vivado -log bd_axil_smc_0.vds -m64 -product Vivado -mode batch -messageDb vivado.pb -notrace -source bd_axil_smc_0.tcl
LV   461498 /bin/bash /home/cah/r2d2/sc2data/tools/Vivado/2024.2/bin/loader -exec vivado -log bd_smc_ch2_0.vds -m64 -product Vivado -mode batch -messageDb vivado.pb -notrace -source bd_
LV   461533 /bin/bash /home/cah/r2d2/sc2data/tools/Vivado/2024.2/bin/vivado -log bd_axil_smc_0.vds -m64 -product Vivado -mode batch -messageDb vivado.pb -notrace -source bd_axil_smc_0.t
LV   461555 /bin/bash /home/cah/r2d2/sc2data/tools/Vivado/2024.2/bin/loader -exec vivado -log bd_mvchan_2_0.vds -m64 -product Vivado -mode batch -messageDb vivado.pb -notrace -source bd
LV   461622 /bin/bash /home/cah/r2d2/sc2data/tools/Vivado/2024.2/bin/loader -exec vivado -log bd_smc_ch3_0.vds -m64 -product Vivado -mode batch -messageDb vivado.pb -notrace -source bd_
LV   461684 /bin/bash /home/cah/r2d2/sc2data/tools/Vivado/2024.2/bin/loader -exec vivado -log bd_mvchan_3_0.vds -m64 -product Vivado -mode batch -messageDb vivado.pb -notrace -source bd
LV   461831 /bin/bash /home/cah/r2d2/sc2data/tools/Vivado/2024.2/bin/loader -exec vivado -log bd_axil_smc_0.vds -m64 -product Vivado -mode batch -messageDb vivado.pb -notrace -source bd
LV   461872 /bin/sh ./ISEWrap.sh runme.log vivado -log bd_layer_0_0.vds -m64 -product Vivado -mode batch -messageDb vivado.pb -notrace -source bd_layer_0_0.tcl
LV   461910 /bin/bash /home/cah/r2d2/sc2data/tools/Vivado/2024.2/bin/vivado -log bd_layer_0_0.vds -m64 -product Vivado -mode batch -messageDb vivado.pb -notrace -source bd_layer_0_0.tcl
LV   462006 /bin/sh ./ISEWrap.sh runme.log vivado -log bd_burst_smc_0.vds -m64 -product Vivado -mode batch -messageDb vivado.pb -notrace -source bd_burst_smc_0.tcl
LV   462034 /home/cah/r2d2/sc2data/tools/Vivado/2024.2/bin/unwrapped/lnx64.o/vivado -log bd_axi_smc_0.vds -product Vivado -mode batch -messageDb vivado.pb -notrace -source bd_axi_smc_0.
LV   462042 /bin/bash /home/cah/r2d2/sc2data/tools/Vivado/2024.2/bin/vivado -log bd_burst_smc_0.vds -m64 -product Vivado -mode batch -messageDb vivado.pb -notrace -source bd_burst_smc_0
LV   462099 /home/cah/r2d2/sc2data/tools/Vivado/2024.2/bin/unwrapped/lnx64.o/vivado -log bd_smc_ch0_0.vds -product Vivado -mode batch -messageDb vivado.pb -notrace -source bd_smc_ch0_0.
LV   462108 /home/cah/r2d2/sc2data/tools/Vivado/2024.2/bin/unwrapped/lnx64.o/vivado -log bd_mvchan_0_0.vds -product Vivado -mode batch -messageDb vivado.pb -notrace -source bd_mvchan_0_
LV   462158 /bin/bash /home/cah/r2d2/sc2data/tools/Vivado/2024.2/bin/loader -exec vivado -log bd_layer_0_0.vds -m64 -product Vivado -mode batch -messageDb vivado.pb -notrace -source bd_
LV   462177 /home/cah/r2d2/sc2data/tools/Vivado/2024.2/bin/unwrapped/lnx64.o/vivado -log bd_smc_ch1_0.vds -product Vivado -mode batch -messageDb vivado.pb -notrace -source bd_smc_ch1_0.
LV   462218 /home/cah/r2d2/sc2data/tools/Vivado/2024.2/bin/unwrapped/lnx64.o/vivado -log bd_mvchan_1_0.vds -product Vivado -mode batch -messageDb vivado.pb -notrace -source bd_mvchan_1_
LV   462240 /bin/bash /home/cah/r2d2/sc2data/tools/Vivado/2024.2/bin/loader -exec vivado -log bd_burst_smc_0.vds -m64 -product Vivado -mode batch -messageDb vivado.pb -notrace -source b
LV   462264 /home/cah/r2d2/sc2data/tools/Vivado/2024.2/bin/unwrapped/lnx64.o/vivado -log bd_smc_ch2_0.vds -product Vivado -mode batch -messageDb vivado.pb -notrace -source bd_smc_ch2_0.
LV   462275 /home/cah/r2d2/sc2data/tools/Vivado/2024.2/bin/unwrapped/lnx64.o/vivado -log bd_mvchan_2_0.vds -product Vivado -mode batch -messageDb vivado.pb -notrace -source bd_mvchan_2_
LV   462284 /home/cah/r2d2/sc2data/tools/Vivado/2024.2/bin/unwrapped/lnx64.o/vivado -log bd_smc_ch3_0.vds -product Vivado -mode batch -messageDb vivado.pb -notrace -source bd_smc_ch3_0.
LV   462335 /home/cah/r2d2/sc2data/tools/Vivado/2024.2/bin/unwrapped/lnx64.o/vivado -log bd_axil_smc_0.vds -product Vivado -mode batch -messageDb vivado.pb -notrace -source bd_axil_smc_
LV   462352 /home/cah/r2d2/sc2data/tools/Vivado/2024.2/bin/unwrapped/lnx64.o/vivado -log bd_mvchan_3_0.vds -product Vivado -mode batch -messageDb vivado.pb -notrace -source bd_mvchan_3_
LV   462403 /home/cah/r2d2/sc2data/tools/Vivado/2024.2/bin/unwrapped/lnx64.o/vivado -log bd_layer_0_0.vds -product Vivado -mode batch -messageDb vivado.pb -notrace -source bd_layer_0_0.
LV   462405 /home/cah/r2d2/sc2data/tools/Vivado/2024.2/bin/unwrapped/lnx64.o/vivado -log bd_burst_smc_0.vds -product Vivado -mode batch -messageDb vivado.pb -notrace -source bd_burst_sm
LV   463054 /bin/bash /home/cah/r2d2/sc2data/tools/Vivado/2024.2/bin/vivado -exec parallel_synth_helper --key LaunchHelperProcessKey_462099_1790598036 --partid xcvu9p-fsgd2104-2L-e --pa
LV   463055 /bin/bash /home/cah/r2d2/sc2data/tools/Vivado/2024.2/bin/vivado -exec parallel_synth_helper --key LaunchHelperProcessKey_462177_1790598036 --partid xcvu9p-fsgd2104-2L-e --pa
LV   463086 /bin/bash /home/cah/r2d2/sc2data/tools/Vivado/2024.2/bin/loader -exec vivado -exec parallel_synth_helper --key LaunchHelperProcessKey_462099_1790598036 --partid xcvu9p-fsgd2
LV   463088 /bin/bash /home/cah/r2d2/sc2data/tools/Vivado/2024.2/bin/loader -exec vivado -exec parallel_synth_helper --key LaunchHelperProcessKey_462177_1790598036 --partid xcvu9p-fsgd2
LV   463185 /home/cah/r2d2/sc2data/tools/Vivado/2024.2/bin/unwrapped/lnx64.o/parallel_synth_helper --key LaunchHelperProcessKey_462099_1790598036 --partid xcvu9p-fsgd2104-2L-e --parent_
LV   463186 /home/cah/r2d2/sc2data/tools/Vivado/2024.2/bin/unwrapped/lnx64.o/parallel_synth_helper --key LaunchHelperProcessKey_462177_1790598036 --partid xcvu9p-fsgd2104-2L-e --parent_
LV   463188 /bin/bash /home/cah/r2d2/sc2data/tools/Vivado/2024.2/bin/vivado -exec parallel_synth_helper --key LaunchHelperProcessKey_462284_1790598036 --partid xcvu9p-fsgd2104-2L-e --pa
LV   463204 /bin/bash /home/cah/r2d2/sc2data/tools/Vivado/2024.2/bin/loader -exec vivado -exec parallel_synth_helper --key LaunchHelperProcessKey_462284_1790598036 --partid xcvu9p-fsgd2
LV   463253 /home/cah/r2d2/sc2data/tools/Vivado/2024.2/bin/unwrapped/lnx64.o/parallel_synth_helper --key LaunchHelperProcessKey_462284_1790598036 --partid xcvu9p-fsgd2104-2L-e --parent_
LV   463254 /bin/bash /home/cah/r2d2/sc2data/tools/Vivado/2024.2/bin/vivado -exec parallel_synth_helper --key LaunchHelperProcessKey_462405_1790598036 --partid xcvu9p-fsgd2104-2L-e --pa
LV   463271 /bin/bash /home/cah/r2d2/sc2data/tools/Vivado/2024.2/bin/loader -exec vivado -exec parallel_synth_helper --key LaunchHelperProcessKey_462405_1790598036 --partid xcvu9p-fsgd2
LV   463320 /home/cah/r2d2/sc2data/tools/Vivado/2024.2/bin/unwrapped/lnx64.o/parallel_synth_helper --key LaunchHelperProcessKey_462405_1790598036 --partid xcvu9p-fsgd2104-2L-e --parent_
LV   463322 /bin/bash /home/cah/r2d2/sc2data/tools/Vivado/2024.2/bin/vivado -exec parallel_synth_helper --key LaunchHelperProcessKey_462264_1790598036 --partid xcvu9p-fsgd2104-2L-e --pa
LV   463338 /bin/bash /home/cah/r2d2/sc2data/tools/Vivado/2024.2/bin/loader -exec vivado -exec parallel_synth_helper --key LaunchHelperProcessKey_462264_1790598036 --partid xcvu9p-fsgd2
LV   463387 /home/cah/r2d2/sc2data/tools/Vivado/2024.2/bin/unwrapped/lnx64.o/parallel_synth_helper --key LaunchHelperProcessKey_462264_1790598036 --partid xcvu9p-fsgd2104-2L-e --parent_
LV   463388 /bin/bash /home/cah/r2d2/sc2data/tools/Vivado/2024.2/bin/vivado -exec parallel_synth_helper --key LaunchHelperProcessKey_462034_1790598037 --partid xcvu9p-fsgd2104-2L-e --pa
LV   463404 /bin/bash /home/cah/r2d2/sc2data/tools/Vivado/2024.2/bin/loader -exec vivado -exec parallel_synth_helper --key LaunchHelperProcessKey_462034_1790598037 --partid xcvu9p-fsgd2
LV   463453 /home/cah/r2d2/sc2data/tools/Vivado/2024.2/bin/unwrapped/lnx64.o/parallel_synth_helper --key LaunchHelperProcessKey_462034_1790598037 --partid xcvu9p-fsgd2104-2L-e --parent_
LV   463875 /bin/bash /home/cah/r2d2/sc2data/tools/Vivado/2024.2/bin/vivado -exec parallel_synth_helper --key LaunchHelperProcessKey_462403_1790598040 --partid xcvu9p-fsgd2104-2L-e --pa
LV   463945 /bin/bash /home/cah/r2d2/sc2data/tools/Vivado/2024.2/bin/loader -exec vivado -exec parallel_synth_helper --key LaunchHelperProcessKey_462403_1790598040 --partid xcvu9p-fsgd2
LV   464006 /home/cah/r2d2/sc2data/tools/Vivado/2024.2/bin/unwrapped/lnx64.o/parallel_synth_helper --key LaunchHelperProcessKey_462403_1790598040 --partid xcvu9p-fsgd2104-2L-e --parent_
LV   464835 /bin/sh ./ISEWrap.sh runme.log vivado -log bd_burst_slice_0_0.vds -m64 -product Vivado -mode batch -messageDb vivado.pb -notrace -source bd_burst_slice_0_0.tcl
LV   464836 /bin/bash /home/cah/r2d2/sc2data/tools/Vivado/2024.2/bin/vivado -log bd_burst_slice_0_0.vds -m64 -product Vivado -mode batch -messageDb vivado.pb -notrace -source bd_burst_s
LV   464858 /bin/bash /home/cah/r2d2/sc2data/tools/Vivado/2024.2/bin/loader -exec vivado -log bd_burst_slice_0_0.vds -m64 -product Vivado -mode batch -messageDb vivado.pb -notrace -sour
LV   464907 /home/cah/r2d2/sc2data/tools/Vivado/2024.2/bin/unwrapped/lnx64.o/vivado -log bd_burst_slice_0_0.vds -product Vivado -mode batch -messageDb vivado.pb -notrace -source bd_burs
LV   465484 /bin/bash /home/cah/r2d2/sc2data/tools/Vivado/2024.2/bin/vivado -notrace -mode batch -source /home/cah/r2d2/sc2data/tools/Vivado/2024.2/scripts/rt/data/task_worker.tcl -nolo
LV   465501 /bin/bash /home/cah/r2d2/sc2data/tools/Vivado/2024.2/bin/loader -exec vivado -notrace -mode batch -source /home/cah/r2d2/sc2data/tools/Vivado/2024.2/scripts/rt/data/task_wor
LV   465550 /home/cah/r2d2/sc2data/tools/Vivado/2024.2/bin/unwrapped/lnx64.o/vivado -notrace -mode batch -source /home/cah/r2d2/sc2data/tools/Vivado/2024.2/scripts/rt/data/task_worker.t
LV   465650 /bin/bash /home/cah/r2d2/sc2data/tools/Vivado/2024.2/bin/vivado -notrace -mode batch -source /home/cah/r2d2/sc2data/tools/Vivado/2024.2/scripts/rt/data/task_worker.tcl -nolo
LV   465666 /bin/bash /home/cah/r2d2/sc2data/tools/Vivado/2024.2/bin/loader -exec vivado -notrace -mode batch -source /home/cah/r2d2/sc2data/tools/Vivado/2024.2/scripts/rt/data/task_wor
LV   465715 /home/cah/r2d2/sc2data/tools/Vivado/2024.2/bin/unwrapped/lnx64.o/vivado -notrace -mode batch -source /home/cah/r2d2/sc2data/tools/Vivado/2024.2/scripts/rt/data/task_worker.t
LV   465829 /bin/bash /home/cah/r2d2/sc2data/tools/Vivado/2024.2/bin/vivado -notrace -mode batch -source /home/cah/r2d2/sc2data/tools/Vivado/2024.2/scripts/rt/data/task_worker.tcl -nolo
LV   465847 /bin/bash /home/cah/r2d2/sc2data/tools/Vivado/2024.2/bin/loader -exec vivado -notrace -mode batch -source /home/cah/r2d2/sc2data/tools/Vivado/2024.2/scripts/rt/data/task_wor
LV   465896 /home/cah/r2d2/sc2data/tools/Vivado/2024.2/bin/unwrapped/lnx64.o/vivado -notrace -mode batch -source /home/cah/r2d2/sc2data/tools/Vivado/2024.2/scripts/rt/data/task_worker.t
LV   465944 /bin/bash /home/cah/r2d2/sc2data/tools/Vivado/2024.2/bin/vivado -notrace -mode batch -source /home/cah/r2d2/sc2data/tools/Vivado/2024.2/scripts/rt/data/task_worker.tcl -nolo
LV   465960 /bin/bash /home/cah/r2d2/sc2data/tools/Vivado/2024.2/bin/loader -exec vivado -notrace -mode batch -source /home/cah/r2d2/sc2data/tools/Vivado/2024.2/scripts/rt/data/task_wor
LV   466011 /home/cah/r2d2/sc2data/tools/Vivado/2024.2/bin/unwrapped/lnx64.o/vivado -notrace -mode batch -source /home/cah/r2d2/sc2data/tools/Vivado/2024.2/scripts/rt/data/task_worker.t
LV   466029 /bin/bash /home/cah/r2d2/sc2data/tools/Vivado/2024.2/bin/vivado -notrace -mode batch -source /home/cah/r2d2/sc2data/tools/Vivado/2024.2/scripts/rt/data/task_worker.tcl -nolo
LV   466045 /bin/bash /home/cah/r2d2/sc2data/tools/Vivado/2024.2/bin/loader -exec vivado -notrace -mode batch -source /home/cah/r2d2/sc2data/tools/Vivado/2024.2/scripts/rt/data/task_wor
LV   466096 /home/cah/r2d2/sc2data/tools/Vivado/2024.2/bin/unwrapped/lnx64.o/vivado -notrace -mode batch -source /home/cah/r2d2/sc2data/tools/Vivado/2024.2/scripts/rt/data/task_worker.t
LV   466181 /bin/bash /home/cah/r2d2/sc2data/tools/Vivado/2024.2/bin/vivado -notrace -mode batch -source /home/cah/r2d2/sc2data/tools/Vivado/2024.2/scripts/rt/data/task_worker.tcl -nolo
LV   466197 /bin/bash /home/cah/r2d2/sc2data/tools/Vivado/2024.2/bin/loader -exec vivado -notrace -mode batch -source /home/cah/r2d2/sc2data/tools/Vivado/2024.2/scripts/rt/data/task_wor
LV   466248 /home/cah/r2d2/sc2data/tools/Vivado/2024.2/bin/unwrapped/lnx64.o/vivado -notrace -mode batch -source /home/cah/r2d2/sc2data/tools/Vivado/2024.2/scripts/rt/data/task_worker.t
LV   466265 /bin/bash /home/cah/r2d2/sc2data/tools/Vivado/2024.2/bin/vivado -notrace -mode batch -source /home/cah/r2d2/sc2data/tools/Vivado/2024.2/scripts/rt/data/task_worker.tcl -nolo
LV   466281 /bin/bash /home/cah/r2d2/sc2data/tools/Vivado/2024.2/bin/loader -exec vivado -notrace -mode batch -source /home/cah/r2d2/sc2data/tools/Vivado/2024.2/scripts/rt/data/task_wor
LV   466330 /home/cah/r2d2/sc2data/tools/Vivado/2024.2/bin/unwrapped/lnx64.o/vivado -notrace -mode batch -source /home/cah/r2d2/sc2data/tools/Vivado/2024.2/scripts/rt/data/task_worker.t
LV   466433 /bin/sh ./ISEWrap.sh runme.log vivado -log bd_burst_slice_4_0.vds -m64 -product Vivado -mode batch -messageDb vivado.pb -notrace -source bd_burst_slice_4_0.tcl
LV   466434 /bin/bash /home/cah/r2d2/sc2data/tools/Vivado/2024.2/bin/vivado -log bd_burst_slice_4_0.vds -m64 -product Vivado -mode batch -messageDb vivado.pb -notrace -source bd_burst_s
LV   466456 /bin/bash /home/cah/r2d2/sc2data/tools/Vivado/2024.2/bin/loader -exec vivado -log bd_burst_slice_4_0.vds -m64 -product Vivado -mode batch -messageDb vivado.pb -notrace -sour
LV   466506 /home/cah/r2d2/sc2data/tools/Vivado/2024.2/bin/unwrapped/lnx64.o/vivado -log bd_burst_slice_4_0.vds -product Vivado -mode batch -messageDb vivado.pb -notrace -source bd_burs
LV   466770 /bin/sh ./ISEWrap.sh runme.log vivado -log bd_axil_slice_5_0.vds -m64 -product Vivado -mode batch -messageDb vivado.pb -notrace -source bd_axil_slice_5_0.tcl
LV   466771 /bin/bash /home/cah/r2d2/sc2data/tools/Vivado/2024.2/bin/vivado -log bd_axil_slice_5_0.vds -m64 -product Vivado -mode batch -messageDb vivado.pb -notrace -source bd_axil_sli
LV   466793 /bin/bash /home/cah/r2d2/sc2data/tools/Vivado/2024.2/bin/loader -exec vivado -log bd_axil_slice_5_0.vds -m64 -product Vivado -mode batch -messageDb vivado.pb -notrace -sourc
LV   466842 /home/cah/r2d2/sc2data/tools/Vivado/2024.2/bin/unwrapped/lnx64.o/vivado -log bd_axil_slice_5_0.vds -product Vivado -mode batch -messageDb vivado.pb -notrace -source bd_axil_
LV   466861 /bin/bash /home/cah/r2d2/sc2data/tools/Vivado/2024.2/bin/vivado -exec parallel_synth_helper --key LaunchHelperProcessKey_466506_1790598166 --partid xcvu9p-fsgd2104-2L-e --pa
LV   466877 /bin/bash /home/cah/r2d2/sc2data/tools/Vivado/2024.2/bin/loader -exec vivado -exec parallel_synth_helper --key LaunchHelperProcessKey_466506_1790598166 --partid xcvu9p-fsgd2
LV   466926 /home/cah/r2d2/sc2data/tools/Vivado/2024.2/bin/unwrapped/lnx64.o/parallel_synth_helper --key LaunchHelperProcessKey_466506_1790598166 --partid xcvu9p-fsgd2104-2L-e --parent_
LV   466975 /bin/sh ./ISEWrap.sh runme.log vivado -log bd_axil_slice_6_0.vds -m64 -product Vivado -mode batch -messageDb vivado.pb -notrace -source bd_axil_slice_6_0.tcl
LV   466976 /bin/bash /home/cah/r2d2/sc2data/tools/Vivado/2024.2/bin/vivado -log bd_axil_slice_6_0.vds -m64 -product Vivado -mode batch -messageDb vivado.pb -notrace -source bd_axil_sli
LV   466998 /bin/bash /home/cah/r2d2/sc2data/tools/Vivado/2024.2/bin/loader -exec vivado -log bd_axil_slice_6_0.vds -m64 -product Vivado -mode batch -messageDb vivado.pb -notrace -sourc
LV   467047 /home/cah/r2d2/sc2data/tools/Vivado/2024.2/bin/unwrapped/lnx64.o/vivado -log bd_axil_slice_6_0.vds -product Vivado -mode batch -messageDb vivado.pb -notrace -source bd_axil_
LV   467684 /bin/bash /home/cah/r2d2/sc2data/tools/Vivado/2024.2/bin/vivado -notrace -mode batch -source /home/cah/r2d2/sc2data/tools/Vivado/2024.2/scripts/rt/data/task_worker.tcl -nolo
LV   467701 /bin/bash /home/cah/r2d2/sc2data/tools/Vivado/2024.2/bin/loader -exec vivado -notrace -mode batch -source /home/cah/r2d2/sc2data/tools/Vivado/2024.2/scripts/rt/data/task_wor
LV   467750 /home/cah/r2d2/sc2data/tools/Vivado/2024.2/bin/unwrapped/lnx64.o/vivado -notrace -mode batch -source /home/cah/r2d2/sc2data/tools/Vivado/2024.2/scripts/rt/data/task_worker.t
LV   467751 /bin/bash /home/cah/r2d2/sc2data/tools/Vivado/2024.2/bin/vivado -notrace -mode batch -source /home/cah/r2d2/sc2data/tools/Vivado/2024.2/scripts/rt/data/task_worker.tcl -nolo
LV   467767 /bin/bash /home/cah/r2d2/sc2data/tools/Vivado/2024.2/bin/loader -exec vivado -notrace -mode batch -source /home/cah/r2d2/sc2data/tools/Vivado/2024.2/scripts/rt/data/task_wor
LV   467818 /home/cah/r2d2/sc2data/tools/Vivado/2024.2/bin/unwrapped/lnx64.o/vivado -notrace -mode batch -source /home/cah/r2d2/sc2data/tools/Vivado/2024.2/scripts/rt/data/task_worker.t
LV   467834 /bin/bash /home/cah/r2d2/sc2data/tools/Vivado/2024.2/bin/vivado -notrace -mode batch -source /home/cah/r2d2/sc2data/tools/Vivado/2024.2/scripts/rt/data/task_worker.tcl -nolo
LV   467850 /bin/bash /home/cah/r2d2/sc2data/tools/Vivado/2024.2/bin/loader -exec vivado -notrace -mode batch -source /home/cah/r2d2/sc2data/tools/Vivado/2024.2/scripts/rt/data/task_wor
LV   467899 /home/cah/r2d2/sc2data/tools/Vivado/2024.2/bin/unwrapped/lnx64.o/vivado -notrace -mode batch -source /home/cah/r2d2/sc2data/tools/Vivado/2024.2/scripts/rt/data/task_worker.t
LV load: 19.57 11.24 5.64 15/1864 468085
=== rc  : 0
=== end : 2026-09-28T06:23:07-06:00
