=== host: snoke  date: 2026-09-28T10:44:22-06:00
=== tree: 423539b
=== cmd : /home/cah/.venv/bin/python evidence/qwen9b/o3/o3_cite_drift.py --base db325d6 --doc-base HEAD --edited NEXT_SESSION.md,docs/USAGE.md --doc-cites --check --exclude evidence/qwen9b/sr/SR7_R1_BUILD.md --exclude evidence/qwen9b/o3/o3_cite_drift.py
=== env : FABLE5_MODEL=unset
=== venv: /home/cah/.venv/bin/python (named in cmd): 3.12.3 numpy 2.4.6
o3 citation-drift gate  [doc-cites]
  doc base   db325d6
  targets    2 document(s) whose line count moved since db325d6
               NEXT_SESSION.md                                            1368 -> 1371 lines
               docs/USAGE.md                                              722 -> 730 lines
  citations  91 line number(s) cited into them at db325d6
  unmoved    21
  DRIFTED    docs/superpowers/plans/2026-08-12-qwen2b-track-r.md:17 cites docs/USAGE.md:584 -> should be 592
  DRIFTED    docs/superpowers/plans/2026-08-12-qwen2b-track-r.md:17 cites docs/USAGE.md:588 -> should be 596
  DRIFTED    docs/superpowers/plans/2026-08-12-qwen2b-track-r.md:48 cites docs/USAGE.md:584 -> should be 592
  DRIFTED    docs/superpowers/plans/2026-08-12-qwen2b-track-r.md:48 cites docs/USAGE.md:588 -> should be 596
  DRIFTED    docs/superpowers/plans/2026-08-16-qwen2b-v5-w8.md:238 cites docs/USAGE.md:569 -> should be 577
  DRIFTED    docs/superpowers/plans/2026-08-16-qwen2b-v5-w8.md:238 cites docs/USAGE.md:583 -> should be 591
  DRIFTED    evidence/qwen9b/g3/G3_3_MATVEC.md:697 cites NEXT_SESSION.md:454 -> should be 456
  DRIFTED    evidence/qwen9b/g6/RD9_GATE.md:2608 cites NEXT_SESSION.md:421 -> should be 423
  DRIFTED    evidence/qwen9b/g6/RD9_GATE.md:2608 cites NEXT_SESSION.md:422 -> should be 424
  DRIFTED    evidence/qwen9b/g6/RD9_GATE.md:2613 cites NEXT_SESSION.md:731 -> should be 734
  DRIFTED    evidence/qwen9b/o3/BOARD_LOCK.md:411 cites docs/USAGE.md:464 -> should be 472
  DRIFTED    evidence/qwen9b/o3/BOARD_LOCK.md:645 cites docs/USAGE.md:441 -> should be 449
  DRIFTED    evidence/qwen9b/o3/BOARD_LOCK.md:645 cites docs/USAGE.md:445 -> should be 453
  DRIFTED    evidence/qwen9b/o3/BOARD_LOCK.md:645 cites docs/USAGE.md:551 -> should be 559
  DRIFTED    evidence/qwen9b/o3/BOARD_LOCK.md:645 cites docs/USAGE.md:555 -> should be 563
  DRIFTED    evidence/qwen9b/o3/BOARD_LOCK.md:646 cites docs/USAGE.md:441 -> should be 449
  DRIFTED    evidence/qwen9b/o3/BOARD_LOCK.md:646 cites docs/USAGE.md:445 -> should be 453
  DRIFTED    evidence/qwen9b/o3/BOARD_LOCK.md:646 cites docs/USAGE.md:551 -> should be 559
  DRIFTED    evidence/qwen9b/o3/BOARD_LOCK.md:646 cites docs/USAGE.md:555 -> should be 563
  DRIFTED    evidence/qwen9b/o3/BOARD_LOCK.md:647 cites docs/USAGE.md:426 -> should be 434
  DRIFTED    evidence/qwen9b/o3/BOARD_LOCK.md:647 cites docs/USAGE.md:440 -> should be 448
  DRIFTED    evidence/qwen9b/o3/BOARD_LOCK.md:647 cites docs/USAGE.md:536 -> should be 544
  DRIFTED    evidence/qwen9b/o3/BOARD_LOCK.md:647 cites docs/USAGE.md:550 -> should be 558
  DRIFTED    evidence/qwen9b/sr/SR2_ISA.md:104 cites NEXT_SESSION.md:1087 -> should be 1090
  DRIFTED    evidence/qwen9b/sr/SR2_ISA.md:104 cites NEXT_SESSION.md:1092 -> should be 1095
  DRIFTED    evidence/qwen9b/sr/sr6_hand_repairs.py:36 cites docs/USAGE.md:551 -> should be 559
  DRIFTED    evidence/qwen9b/sr/sr6_hand_repairs.py:36 cites docs/USAGE.md:555 -> should be 563
  DRIFTED    evidence/qwen9b/sr/sr6_hand_repairs.py:36 cites docs/USAGE.md:577 -> should be 585
  DRIFTED    evidence/qwen9b/sr/sr6_hand_repairs.py:36 cites docs/USAGE.md:581 -> should be 589
  DRIFTED    evidence/qwen9b/sr/sr6_hand_repairs.py:37 cites docs/USAGE.md:551 -> should be 559
  DRIFTED    evidence/qwen9b/sr/sr6_hand_repairs.py:37 cites docs/USAGE.md:555 -> should be 563
  DRIFTED    evidence/qwen9b/sr/sr6_hand_repairs.py:37 cites docs/USAGE.md:577 -> should be 585
  DRIFTED    evidence/qwen9b/sr/sr6_hand_repairs.py:37 cites docs/USAGE.md:581 -> should be 589
  DRIFTED    evidence/qwen9b/sr/sr6_hand_repairs.py:38 cites docs/USAGE.md:536 -> should be 544
  DRIFTED    evidence/qwen9b/sr/sr6_hand_repairs.py:38 cites docs/USAGE.md:550 -> should be 558
  DRIFTED    evidence/qwen9b/sr/sr6_hand_repairs.py:38 cites docs/USAGE.md:562 -> should be 570
  DRIFTED    evidence/qwen9b/sr/sr6_hand_repairs.py:38 cites docs/USAGE.md:576 -> should be 584
  DRIFTED    evidence/qwen9b/sr/sr6_hand_repairs.py:39 cites docs/USAGE.md:431 -> should be 439
  DRIFTED    evidence/qwen9b/sr/sr6_hand_repairs.py:39 cites docs/USAGE.md:457 -> should be 465
  DRIFTED    evidence/qwen9b/sr/sr6_hand_repairs.py:40 cites docs/USAGE.md:551 -> should be 559
  DRIFTED    evidence/qwen9b/sr/sr6_hand_repairs.py:40 cites docs/USAGE.md:555 -> should be 563
  DRIFTED    evidence/qwen9b/sr/sr6_hand_repairs.py:40 cites docs/USAGE.md:577 -> should be 585
  DRIFTED    evidence/qwen9b/sr/sr6_hand_repairs.py:40 cites docs/USAGE.md:581 -> should be 589
  DRIFTED    evidence/qwen9b/sr/sr6fix1_hand_repairs.py:13 cites NEXT_SESSION.md:731 -> should be 734
  DRIFTED    evidence/qwen9b/sr/sr6fix1_hand_repairs.py:25 cites docs/USAGE.md:577 -> should be 585
  DRIFTED    evidence/qwen9b/sr/sr6fix1_hand_repairs.py:25 cites docs/USAGE.md:581 -> should be 589
  DRIFTED    evidence/qwen9b/sr/sr6fix1_hand_repairs.py:25 cites docs/USAGE.md:584 -> should be 592
  DRIFTED    evidence/qwen9b/sr/sr6fix1_hand_repairs.py:25 cites docs/USAGE.md:588 -> should be 596
  DRIFTED    evidence/qwen9b/sr/sr6fix1_hand_repairs.py:26 cites docs/USAGE.md:562 -> should be 570
  DRIFTED    evidence/qwen9b/sr/sr6fix1_hand_repairs.py:26 cites docs/USAGE.md:576 -> should be 584
  DRIFTED    evidence/qwen9b/sr/sr6fix1_hand_repairs.py:26 cites docs/USAGE.md:569 -> should be 577
  DRIFTED    evidence/qwen9b/sr/sr6fix1_hand_repairs.py:26 cites docs/USAGE.md:583 -> should be 591
  DRIFTED    evidence/qwen9b/sr/sr6fix1_hand_repairs.py:27 cites docs/USAGE.md:457 -> should be 465
  DRIFTED    evidence/qwen9b/sr/sr6fix1_hand_repairs.py:27 cites docs/USAGE.md:464 -> should be 472
  DRIFTED    evidence/qwen9b/sr/sr6fix1_hand_repairs.py:28 cites docs/USAGE.md:577 -> should be 585
  DRIFTED    evidence/qwen9b/sr/sr6fix1_hand_repairs.py:28 cites docs/USAGE.md:581 -> should be 589
  DRIFTED    evidence/qwen9b/sr/sr6fix1_hand_repairs.py:28 cites docs/USAGE.md:584 -> should be 592
  DRIFTED    evidence/qwen9b/sr/sr6fix1_hand_repairs.py:28 cites docs/USAGE.md:588 -> should be 596
  DRIFTED    evidence/qwen9b/sr/sr6fix1_hand_repairs.py:29 cites NEXT_SESSION.md:416 -> should be 418
  DRIFTED    evidence/qwen9b/sr/sr6fix1_hand_repairs.py:29 cites NEXT_SESSION.md:417 -> should be 419
  DRIFTED    evidence/qwen9b/sr/sr6fix1_hand_repairs.py:29 cites NEXT_SESSION.md:421 -> should be 423
  DRIFTED    evidence/qwen9b/sr/sr6fix1_hand_repairs.py:29 cites NEXT_SESSION.md:422 -> should be 424
  DRIFTED    evidence/qwen9b/sr/sr6fix1_hand_repairs.py:30 cites NEXT_SESSION.md:449 -> should be 451
  DRIFTED    evidence/qwen9b/sr/sr6fix1_hand_repairs.py:30 cites NEXT_SESSION.md:454 -> should be 456
  DRIFTED    evidence/qwen9b/sr/sr6fix1_hand_repairs.py:31 cites NEXT_SESSION.md:1082 -> should be 1085
  DRIFTED    evidence/qwen9b/sr/sr6fix1_hand_repairs.py:31 cites NEXT_SESSION.md:1087 -> should be 1090
  DRIFTED    evidence/qwen9b/sr/sr6fix1_hand_repairs.py:31 cites NEXT_SESSION.md:1087 -> should be 1090
  DRIFTED    evidence/qwen9b/sr/sr6fix1_hand_repairs.py:31 cites NEXT_SESSION.md:1092 -> should be 1095
  DRIFTED    ref/scripts/regen_gate.sh:5 cites docs/USAGE.md:584 -> should be 592
  DRIFTED    ref/scripts/regen_gate.sh:5 cites docs/USAGE.md:588 -> should be 596
O3_DOC_CITES CHECK FAIL (70 drifted of 91)
=== rc  : 1
=== end : 2026-09-28T10:44:31-06:00
