=== host: snoke  date: 2026-09-28T11:57:36-06:00
=== tree: ea72c43+dirty
=== dirty: ?? evidence/qwen9b/sr/SR11b_R2_PASS.md
=== cmd : /home/cah/.venv/bin/python evidence/qwen9b/o3/o3_cite_drift.py --base 399f18c --doc-base HEAD --edited NEXT_SESSION.md --doc-cites --check --exclude evidence/qwen9b/sr/SR7_R1_BUILD.md --exclude evidence/qwen9b/o3/o3_cite_drift.py
=== env : FABLE5_MODEL=unset
=== venv: /home/cah/.venv/bin/python (named in cmd): 3.12.3 numpy 2.4.6
o3 citation-drift gate  [doc-cites]
  doc base   399f18c
  targets    2 document(s) whose line count moved since 399f18c
               NEXT_SESSION.md                                            1373 -> 1397 lines
               evidence/qwen9b/sr/SR7_R1_BUILD.md                         403 -> 490 lines
  citations  26 line number(s) cited into them at 399f18c
  unmoved    5
  DRIFTED    docs/NVFP4_STUDY.md:59 cites NEXT_SESSION.md:322 -> should be 323
  DRIFTED    docs/superpowers/specs/2026-09-24-board-idle-counters-design.md:46 cites NEXT_SESSION.md:385 -> should be 386
  DRIFTED    evidence/qwen9b/g3/G3_3_MATVEC.md:697 cites NEXT_SESSION.md:454 -> should be 466
  DRIFTED    evidence/qwen9b/g6/RD9_GATE.md:2608 cites NEXT_SESSION.md:421 -> should be 433
  DRIFTED    evidence/qwen9b/g6/RD9_GATE.md:2608 cites NEXT_SESSION.md:422 -> should be 434
  DRIFTED    evidence/qwen9b/g6/RD9_GATE.md:2613 cites NEXT_SESSION.md:731 -> should be 751
  DRIFTED    evidence/qwen9b/sr/SR2_ISA.md:104 cites NEXT_SESSION.md:1087 -> should be 1107
  DRIFTED    evidence/qwen9b/sr/SR2_ISA.md:104 cites NEXT_SESSION.md:1092 -> should be 1112
  DRIFTED    evidence/qwen9b/sr/SR6_HOST.md:361 cites NEXT_SESSION.md:385 -> should be 386
  DRIFTED    evidence/qwen9b/sr/sr6fix1_hand_repairs.py:13 cites NEXT_SESSION.md:731 -> should be 751
  DRIFTED    evidence/qwen9b/sr/sr6fix1_hand_repairs.py:14 cites NEXT_SESSION.md:385 -> should be 386
  DRIFTED    evidence/qwen9b/sr/sr6fix1_hand_repairs.py:29 cites NEXT_SESSION.md:416 -> should be 428
  DRIFTED    evidence/qwen9b/sr/sr6fix1_hand_repairs.py:29 cites NEXT_SESSION.md:417 -> should be 429
  DRIFTED    evidence/qwen9b/sr/sr6fix1_hand_repairs.py:29 cites NEXT_SESSION.md:421 -> should be 433
  DRIFTED    evidence/qwen9b/sr/sr6fix1_hand_repairs.py:29 cites NEXT_SESSION.md:422 -> should be 434
  DRIFTED    evidence/qwen9b/sr/sr6fix1_hand_repairs.py:30 cites NEXT_SESSION.md:449 -> should be 461
  DRIFTED    evidence/qwen9b/sr/sr6fix1_hand_repairs.py:30 cites NEXT_SESSION.md:454 -> should be 466
  DRIFTED    evidence/qwen9b/sr/sr6fix1_hand_repairs.py:31 cites NEXT_SESSION.md:1082 -> should be 1102
  DRIFTED    evidence/qwen9b/sr/sr6fix1_hand_repairs.py:31 cites NEXT_SESSION.md:1087 -> should be 1107
  DRIFTED    evidence/qwen9b/sr/sr6fix1_hand_repairs.py:31 cites NEXT_SESSION.md:1087 -> should be 1107
  DRIFTED    evidence/qwen9b/sr/sr6fix1_hand_repairs.py:31 cites NEXT_SESSION.md:1092 -> should be 1112
O3_DOC_CITES CHECK FAIL (21 drifted of 26)
=== rc  : 1
=== end : 2026-09-28T11:57:46-06:00
