=== host: snoke  date: 2026-09-29T04:36:00-06:00
=== tree: 8d618bf
=== cmd : bash -c B=/home/cah/r2d2/code/fpga/fable5_llm/synth/out_build_041_ckr2_AltSpreadLogic_high/proj/stage1.runs/impl_1/bd_wrapper.bit; S=eeeef897495d783aa4eb0b2b555373bbeed36182a4a754089d787b801224f031; ls -la --time-style=full-iso $B; H=$(sha256sum $B | cut -d" " -f1); echo "re-hash sha256 $H"; if [ "$H" != "$S" ]; then echo "SHA MISMATCH vs RD9 §2.1: STOP before programming"; exit 3; fi; echo "sha256 MATCHES build_041 (RD9 §2.1)"; ./sw/program_fpga.sh $B; rc=$?; echo "program_fpga.sh rc $rc"; lspci -nn -s 82:00.0; exit $rc
=== env : FABLE5_MODEL=unset
=== venv: /home/cah/.venv/bin/python (shipped venv (no interpreter named in cmd)): 3.12.3 numpy 2.4.6
-rw-rw-r-- 1 cah cah 53074589 2026-09-07 20:46:01.495503604 -0600 /home/cah/r2d2/code/fpga/fable5_llm/synth/out_build_041_ckr2_AltSpreadLogic_high/proj/stage1.runs/impl_1/bd_wrapper.bit
re-hash sha256 eeeef897495d783aa4eb0b2b555373bbeed36182a4a754089d787b801224f031
sha256 MATCHES build_041 (RD9 §2.1)
=== [1/3] remove the endpoint from the PCI tree (host-hang safety)
removed 0000:82:00.0 from PCI tree
=== [2/3] JTAG program (VOLATILE — never flash): /home/cah/r2d2/code/fpga/fable5_llm/synth/out_build_041_ckr2_AltSpreadLogic_high/proj/stage1.runs/impl_1/bd_wrapper.bit
# if {[llength $argv] < 1} { puts "FATAL: need <bitfile>"; exit 1 }
# if {![file exists $bit]} { puts "FATAL: $bit not found"; exit 1 }
# if {$dev eq ""} { puts "FATAL: no xcvu9p device on JTAG"; exit 1 }
# puts "PROGRAM_OK: $bit"
PROGRAM_OK: /home/cah/r2d2/code/fpga/fable5_llm/synth/out_build_041_ckr2_AltSpreadLogic_high/proj/stage1.runs/impl_1/bd_wrapper.bit
PROGRAM_OK  /home/cah/r2d2/code/fpga/fable5_llm/synth/out_build_041_ckr2_AltSpreadLogic_high/proj/stage1.runs/impl_1/bd_wrapper.bit
=== [3/3] rescan the PCI tree (exit code so far: 0)
rescan OK: 82:00.0 Serial controller: Xilinx Corporation Device 9038
  board lock HELD: /home/cah/r2d2/code/fpga/.fable5_board.lock (program_fpga.sh bd_wrapper.bit)
  board lock released (program_fpga.sh bd_wrapper.bit)
program_fpga.sh rc 0
82:00.0 Serial controller [0700]: Xilinx Corporation Device [10ee:9038]
=== rc  : 0
=== end : 2026-09-29T04:37:09-06:00
