=== host: snoke  date: 2026-09-29T07:06:30-06:00
=== tree: c3293e0
=== cmd : /home/cah/.venv/bin/python evidence/qwen_next/spec_cites.py NEXT_SESSION.md docs/USAGE.md docs/SEQ_ISA.md docs/HISTORY.md docs/superpowers/specs/2026-09-27-seq-rtl-round-design.md docs/superpowers/plans/2026-09-27-seq-rtl-round.md evidence/qwen9b/sr/SR7_R1_BUILD.md evidence/qwen9b/sr/SR8_R1_BOARD.md evidence/qwen9b/sr/SR11b_R2_PASS.md evidence/qwen9b/sr/SR14_R2_BUILD.md evidence/qwen9b/sr/SR15_R2_BOARD.md evidence/qwen9b/sr/SR6_HOST.md evidence/qwen9b/sr/SR2_ISA.md
=== env : FABLE5_MODEL=unset
=== venv: /home/cah/.venv/bin/python (named in cmd): 3.12.3 numpy 2.4.6
checked: 2447 exist, 1270 range, 25 quote  |  pending 0  |  retired 0  |  noquote 22  |  FAIL 0
  2026-09-27-seq-rtl-round.md:41  NOQUOTE  1 span(s) exempted (proposed encoding / shorthand, not a quotation)
  2026-09-27-seq-rtl-round.md:43  NOQUOTE  4 span(s) exempted (proposed encoding / shorthand, not a quotation)
  2026-09-27-seq-rtl-round.md:59  NOQUOTE  1 span(s) exempted (proposed encoding / shorthand, not a quotation)
  2026-09-27-seq-rtl-round.md:76  NOQUOTE  1 span(s) exempted (proposed encoding / shorthand, not a quotation)
  2026-09-27-seq-rtl-round.md:152  NOQUOTE  4 span(s) exempted (proposed encoding / shorthand, not a quotation)
  2026-09-27-seq-rtl-round.md:153  NOQUOTE  3 span(s) exempted (proposed encoding / shorthand, not a quotation)
  2026-09-27-seq-rtl-round.md:178  NOQUOTE  1 span(s) exempted (proposed encoding / shorthand, not a quotation)
  2026-09-27-seq-rtl-round.md:186  NOQUOTE  2 span(s) exempted (proposed encoding / shorthand, not a quotation)
  2026-09-27-seq-rtl-round.md:187  NOQUOTE  3 span(s) exempted (proposed encoding / shorthand, not a quotation)
  2026-09-27-seq-rtl-round.md:190  NOQUOTE  9 span(s) exempted (proposed encoding / shorthand, not a quotation)
  2026-09-27-seq-rtl-round.md:212  NOQUOTE  5 span(s) exempted (proposed encoding / shorthand, not a quotation)
  2026-09-27-seq-rtl-round.md:275  NOQUOTE  3 span(s) exempted (proposed encoding / shorthand, not a quotation)
  2026-09-27-seq-rtl-round.md:276  NOQUOTE  2 span(s) exempted (proposed encoding / shorthand, not a quotation)
  2026-09-27-seq-rtl-round.md:302  NOQUOTE  1 span(s) exempted (proposed encoding / shorthand, not a quotation)
  2026-09-27-seq-rtl-round.md:303  NOQUOTE  1 span(s) exempted (proposed encoding / shorthand, not a quotation)
  2026-09-27-seq-rtl-round.md:304  NOQUOTE  1 span(s) exempted (proposed encoding / shorthand, not a quotation)
  2026-09-27-seq-rtl-round.md:306  NOQUOTE  1 span(s) exempted (proposed encoding / shorthand, not a quotation)
  2026-09-27-seq-rtl-round.md:417  NOQUOTE  1 span(s) exempted (proposed encoding / shorthand, not a quotation)
  2026-09-27-seq-rtl-round.md:453  NOQUOTE  3 span(s) exempted (proposed encoding / shorthand, not a quotation)
  2026-09-27-seq-rtl-round.md:454  NOQUOTE  2 span(s) exempted (proposed encoding / shorthand, not a quotation)
  2026-09-27-seq-rtl-round.md:457  NOQUOTE  2 span(s) exempted (proposed encoding / shorthand, not a quotation)
  2026-09-27-seq-rtl-round.md:504  NOQUOTE  1 span(s) exempted (proposed encoding / shorthand, not a quotation)
SPEC CITES: PASS
=== rc  : 0
=== end : 2026-09-29T07:06:31-06:00
