=== host: snoke  date: 2026-09-27T16:44:48-06:00
=== tree: 01da147
=== cmd : /home/cah/.venv/bin/python evidence/qwen_next/spec_cites.py docs/superpowers/plans/2026-09-27-seq-rtl-round.md
=== env : FABLE5_MODEL=unset
=== venv: /home/cah/.venv/bin/python (named in cmd): 3.12.3 numpy 2.4.6
checked: 397 exist, 130 range, 53 quote  |  pending 0  |  retired 0  |  noquote 0  |  FAIL 144
  2026-09-27-seq-rtl-round.md:41  QUOTE  "synth/out_<build>/" — not found in any cited file (cited: synth/scripts/launch_build.sh:14, synth/scripts/launch_po2.sh:13)
  2026-09-27-seq-rtl-round.md:43  QUOTE  "sw/program_fpga.sh <bit>" — not found in any cited file (cited: sw/seq_run.py:135)
  2026-09-27-seq-rtl-round.md:43  QUOTE  "CALIB == 0xF" — not found in any cited file (cited: sw/seq_run.py:135)
  2026-09-27-seq-rtl-round.md:43  QUOTE  "--expect-version <hash>" — present in sw/seq_run.py but NOT within 6 lines of the cited line (cited: sw/seq_run.py:135)
  2026-09-27-seq-rtl-round.md:43  QUOTE  "FABLE5_SEQ_EXPECT_VERSION=<hash>" — present in sw/seq_run.py but NOT within 6 lines of the cited line (cited: sw/seq_run.py:135)
  2026-09-27-seq-rtl-round.md:59  QUOTE  "SF.validate_stream(...)" — not found in any cited file (cited: sw/seq_run.py:254, sw/seq_run.py:559, sw/seq_run.py:746, sw/seq_run.py:10)
  2026-09-27-seq-rtl-round.md:76  QUOTE  "S_SEQ_CAPS = SB + 0x64" — not found in any cited file (cited: sw/hwmap.py:322)
  2026-09-27-seq-rtl-round.md:87  EXIST  sr_build.sh does not exist
  2026-09-27-seq-rtl-round.md:87  EXIST  sr_derive.py does not exist
  2026-09-27-seq-rtl-round.md:87  EXIST  sr8_ident.py does not exist
  2026-09-27-seq-rtl-round.md:87  EXIST  sr10_mig_period.tcl does not exist
  2026-09-27-seq-rtl-round.md:129  EXIST  evidence/qwen9b/sr/SR1_INCR_PROBE.md does not exist
  2026-09-27-seq-rtl-round.md:131  EXIST  SR1_INCR_PROBE.md does not exist
  2026-09-27-seq-rtl-round.md:151  QUOTE  "S_SEQ_CAPS = SB + 0x64" — not found in any cited file (cited: sw/hwmap.py:322)
  2026-09-27-seq-rtl-round.md:151  QUOTE  "SEQ_CAPS_MAGIC = 0xFAB1CA" — not found in any cited file (cited: sw/hwmap.py:322)
  2026-09-27-seq-rtl-round.md:151  QUOTE  "SEQ_CAP_BITS = {"R1": 1 << 0, "R2": 1 << 1, "R3": 1 << 2}" — not found in any cited file (cited: sw/hwmap.py:322)
  2026-09-27-seq-rtl-round.md:151  QUOTE  "word >> 8 == SEQ_CAPS_MAGIC" — not found in any cited file (cited: sw/hwmap.py:322)
  2026-09-27-seq-rtl-round.md:152  QUOTE  "validate_stream()" — not found in any cited file (cited: ref/seq_format.py:133, ref/seq_format.py:520, ref/seq_format.py:617, ref/seq_format.py:603)
  2026-09-27-seq-rtl-round.md:152  QUOTE  "caps=frozenset()" — not found in any cited file (cited: ref/seq_format.py:133, ref/seq_format.py:520, ref/seq_format.py:617, ref/seq_format.py:603)
  2026-09-27-seq-rtl-round.md:152  QUOTE  "FENCE mask=0x?" — not found in any cited file (cited: ref/seq_format.py:133, ref/seq_format.py:520, ref/seq_format.py:617, ref/seq_format.py:603)
  2026-09-27-seq-rtl-round.md:153  EXIST  evidence/qwen9b/sr/sr2_isa_tdd.py does not exist
  2026-09-27-seq-rtl-round.md:153  EXIST  evidence/qwen9b/sr/SR2_ISA.md does not exist
  2026-09-27-seq-rtl-round.md:154  EXIST  evidence/qwen9b/sr/sr2_isa_tdd.py does not exist
  2026-09-27-seq-rtl-round.md:161  EXIST  evidence/qwen9b/sr/sr2_isa_tdd.py does not exist
  2026-09-27-seq-rtl-round.md:163  EXIST  n201_sr2_isa_tdd_GREEN.log does not exist
  2026-09-27-seq-rtl-round.md:163  EXIST  n202_isa_bits.log does not exist
  2026-09-27-seq-rtl-round.md:163  EXIST  n203_isa_bits_negctl.log does not exist
  2026-09-27-seq-rtl-round.md:163  EXIST  n204_boardfree.log does not exist
  2026-09-27-seq-rtl-round.md:164  EXIST  evidence/qwen9b/sr/SR2_ISA.md does not exist
  2026-09-27-seq-rtl-round.md:164  EXIST  SR2_ISA.md does not exist
  2026-09-27-seq-rtl-round.md:164  EXIST  n2NN_spec_cites.log does not exist
  2026-09-27-seq-rtl-round.md:166  EXIST  sr2_isa_tdd.py does not exist
  2026-09-27-seq-rtl-round.md:166  EXIST  isa_bits.py does not exist
  2026-09-27-seq-rtl-round.md:177  QUOTE  "HW.seq_caps_word(<the build's caps>)" — not found in any cited file (cited: tb/scripts/gen_seq_unit_vectors.py:362, tb/scripts/gen_seq_unit_vectors.py:282)
  2026-09-27-seq-rtl-round.md:180  EXIST  evidence/qwen9b/sr/SR3_R1_RTL.md does not exist
  2026-09-27-seq-rtl-round.md:183  EXIST  seq_unit.sv does not exist
  2026-09-27-seq-rtl-round.md:184  EXIST  seq_unit.sv does not exist
  2026-09-27-seq-rtl-round.md:185  EXIST  seq_unit.sv does not exist
  2026-09-27-seq-rtl-round.md:185  QUOTE  "10'h019: s_axil_rdata <= SEQ_CAPS;" — not found in any cited file (cited: rtl/seq_unit.sv:326)
  2026-09-27-seq-rtl-round.md:185  QUOTE  "localparam logic [31:0] SEQ_CAPS = {24'hFAB1CA, 5'd0, 1'b0 /*r3*/, 1'b0 /*r2*/, 1'b1 /*r…" — not found in any cited file (cited: rtl/seq_unit.sv:326)
  2026-09-27-seq-rtl-round.md:186  EXIST  seq_movers.sv does not exist
  2026-09-27-seq-rtl-round.md:186  QUOTE  "input wire [3:0] cmd_fmask, // FENCE channel mask, 0 = all (SEQ_ISA B17.1)" — not found in any cited file (cited: rtl/seq_movers.sv:723)
  2026-09-27-seq-rtl-round.md:186  QUOTE  "fmask_q <= (cmd_fmask == 4'd0) ? 4'hF : cmd_fmask;" — not found in any cited file (cited: rtl/seq_movers.sv:723)
  2026-09-27-seq-rtl-round.md:186  QUOTE  "chan_pend[fence_chan] && fmask_q[fence_chan]" — not found in any cited file (cited: rtl/seq_movers.sv:723)
  2026-09-27-seq-rtl-round.md:188  EXIST  n300_ooc_seq_base.log does not exist
  2026-09-27-seq-rtl-round.md:189  EXIST  n301_tb_seq_RED.log does not exist
  2026-09-27-seq-rtl-round.md:189  QUOTE  "SF.validate_stream(..., caps={"R1"})" — not found in any cited file (cited: tb/scripts/gen_seq_unit_vectors.py:679, tb/scripts/gen_seq_unit_vectors.py:634, tb/tb_seq_unit.sv:384, rtl/seq_unit.sv:794)
  2026-09-27-seq-rtl-round.md:189  QUOTE  "FENCE mask=0b0010" — not found in any cited file (cited: tb/scripts/gen_seq_unit_vectors.py:679, tb/scripts/gen_seq_unit_vectors.py:634, tb/tb_seq_unit.sv:384, rtl/seq_unit.sv:794)
  2026-09-27-seq-rtl-round.md:189  QUOTE  "FENCE mask=0b0101" — not found in any cited file (cited: tb/scripts/gen_seq_unit_vectors.py:679, tb/scripts/gen_seq_unit_vectors.py:634, tb/tb_seq_unit.sv:384, rtl/seq_unit.sv:794)
  2026-09-27-seq-rtl-round.md:189  QUOTE  "FENCE mask=0" — not found in any cited file (cited: tb/scripts/gen_seq_unit_vectors.py:679, tb/scripts/gen_seq_unit_vectors.py:634, tb/tb_seq_unit.sv:384, rtl/seq_unit.sv:794)
  2026-09-27-seq-rtl-round.md:189  QUOTE  "target=0x0010" — not found in any cited file (cited: tb/scripts/gen_seq_unit_vectors.py:679, tb/scripts/gen_seq_unit_vectors.py:634, tb/tb_seq_unit.sv:384, rtl/seq_unit.sv:794)
  2026-09-27-seq-rtl-round.md:189  QUOTE  "target=0x0001" — not found in any cited file (cited: tb/scripts/gen_seq_unit_vectors.py:679, tb/scripts/gen_seq_unit_vectors.py:634, tb/tb_seq_unit.sv:384, rtl/seq_unit.sv:794)
  2026-09-27-seq-rtl-round.md:189  QUOTE  "<prefix>.fpolls" — not found in any cited file (cited: tb/scripts/gen_seq_unit_vectors.py:679, tb/scripts/gen_seq_unit_vectors.py:634, tb/tb_seq_unit.sv:384, rtl/seq_unit.sv:794)
  2026-09-27-seq-rtl-round.md:189  QUOTE  "HW.seq_caps_word({"R1"})" — not found in any cited file (cited: tb/scripts/gen_seq_unit_vectors.py:679, tb/scripts/gen_seq_unit_vectors.py:634, tb/tb_seq_unit.sv:384, rtl/seq_unit.sv:794)
  2026-09-27-seq-rtl-round.md:189  QUOTE  "TB_SEQ_FMASK PASS: <n> fences" — not found in any cited file (cited: tb/scripts/gen_seq_unit_vectors.py:679, tb/scripts/gen_seq_unit_vectors.py:634, tb/tb_seq_unit.sv:384, rtl/seq_unit.sv:794)
  2026-09-27-seq-rtl-round.md:191  EXIST  n302_lint.log does not exist
  2026-09-27-seq-rtl-round.md:191  EXIST  n303_tb_seq_all_GREEN.log does not exist
  2026-09-27-seq-rtl-round.md:191  EXIST  n304_lint_chip.log does not exist
  2026-09-27-seq-rtl-round.md:192  EXIST  n305_ooc_seq_r1.log does not exist
  2026-09-27-seq-rtl-round.md:192  EXIST  n306_ooc_layer.log does not exist
  2026-09-27-seq-rtl-round.md:193  EXIST  evidence/qwen9b/sr/SR3_R1_RTL.md does not exist
  2026-09-27-seq-rtl-round.md:211  QUOTE  "--rtl {r0,r1}" — not found in any cited file (cited: evidence/qwen9b/ov/ov_census.py:778, ref/scripts/reorder_e4.py:204, ref/scripts/reorder_e4.py:232, ref/scripts/reorder_e4.py:141, ref/scripts/reorder_e4.py:494)
  2026-09-27-seq-rtl-round.md:211  QUOTE  "order_and_fences()" — not found in any cited file (cited: evidence/qwen9b/ov/ov_census.py:778, ref/scripts/reorder_e4.py:204, ref/scripts/reorder_e4.py:232, ref/scripts/reorder_e4.py:141, ref/scripts/reorder_e4.py:494)
  2026-09-27-seq-rtl-round.md:211  QUOTE  "("FENCE", mask)" — not found in any cited file (cited: evidence/qwen9b/ov/ov_census.py:778, ref/scripts/reorder_e4.py:204, ref/scripts/reorder_e4.py:232, ref/scripts/reorder_e4.py:141, ref/scripts/reorder_e4.py:494)
  2026-09-27-seq-rtl-round.md:211  QUOTE  "assert_no_pending_hazard()" — not found in any cited file (cited: evidence/qwen9b/ov/ov_census.py:778, ref/scripts/reorder_e4.py:204, ref/scripts/reorder_e4.py:232, ref/scripts/reorder_e4.py:141, ref/scripts/reorder_e4.py:494)
  2026-09-27-seq-rtl-round.md:211  QUOTE  ""caps": ["R1"]" — not found in any cited file (cited: evidence/qwen9b/ov/ov_census.py:778, ref/scripts/reorder_e4.py:204, ref/scripts/reorder_e4.py:232, ref/scripts/reorder_e4.py:141, ref/scripts/reorder_e4.py:494)
  2026-09-27-seq-rtl-round.md:213  EXIST  evidence/qwen9b/sr/sr4_r1_tdd.py does not exist
  2026-09-27-seq-rtl-round.md:213  EXIST  evidence/qwen9b/sr/sr4_gate.sh does not exist
  2026-09-27-seq-rtl-round.md:213  EXIST  evidence/qwen9b/sr/SR4_R1_MODEL.md does not exist
  2026-09-27-seq-rtl-round.md:214  EXIST  sr4_r1_tdd.py does not exist
  2026-09-27-seq-rtl-round.md:216  EXIST  sr4_r1_tdd.py does not exist
  2026-09-27-seq-rtl-round.md:216  EXIST  n400_sr4_tdd_RED.log does not exist
  2026-09-27-seq-rtl-round.md:218  EXIST  n401_sr4_tdd_GREEN.log does not exist
  2026-09-27-seq-rtl-round.md:220  EXIST  sr4_gate.sh does not exist
  2026-09-27-seq-rtl-round.md:221  EXIST  SR4_R1_MODEL.md does not exist
  2026-09-27-seq-rtl-round.md:234  EXIST  evidence/qwen9b/sr/sr_build.sh does not exist
  2026-09-27-seq-rtl-round.md:234  EXIST  evidence/qwen9b/sr/run_sr_chip.sh does not exist
  2026-09-27-seq-rtl-round.md:234  EXIST  evidence/qwen9b/sr/SR5a_R1_COMPAT.md does not exist
  2026-09-27-seq-rtl-round.md:242  EXIST  SR5a_R1_COMPAT.md does not exist
  2026-09-27-seq-rtl-round.md:254  EXIST  evidence/qwen9b/sr/sr_chipvec.sh does not exist
  2026-09-27-seq-rtl-round.md:254  EXIST  evidence/qwen9b/sr/sr_derive.py does not exist
  2026-09-27-seq-rtl-round.md:254  EXIST  evidence/qwen9b/sr/SR5b_R1_CHIP.md does not exist
  2026-09-27-seq-rtl-round.md:256  EXIST  n550_sr5_predictions.log does not exist
  2026-09-27-seq-rtl-round.md:257  AMBIG  bare continuation `:18` on a line naming 3 files (evidence/qwen9b/ov/SV1_S1_VERIFY.md, evidence/qwen9b/ov/n120_sr0_clock_sens.log, ref/seq_cost.py) — write the full path
  2026-09-27-seq-rtl-round.md:260  EXIST  sr_chipvec.sh does not exist
  2026-09-27-seq-rtl-round.md:262  EXIST  n570_sr5_derive.log does not exist
  2026-09-27-seq-rtl-round.md:262  EXIST  sr_derive.py does not exist
  2026-09-27-seq-rtl-round.md:263  EXIST  SR5b_R1_CHIP.md does not exist
  2026-09-27-seq-rtl-round.md:263  EXIST  evidence/qwen9b/sr/SR5b_R1_CHIP.md does not exist
  2026-09-27-seq-rtl-round.md:274  QUOTE  "Dev.seq_caps()" — not found in any cited file (cited: sw/seq_run.py:1233, sw/seq_run.py:254, sw/seq_run.py:559, sw/seq_run.py:746, sw/seq_run.py:10)
  2026-09-27-seq-rtl-round.md:274  QUOTE  "HW.seq_caps_set(word)" — not found in any cited file (cited: sw/seq_run.py:1233, sw/seq_run.py:254, sw/seq_run.py:559, sw/seq_run.py:746, sw/seq_run.py:10)
  2026-09-27-seq-rtl-round.md:274  QUOTE  "SF.validate_stream(...)" — not found in any cited file (cited: sw/seq_run.py:1233, sw/seq_run.py:254, sw/seq_run.py:559, sw/seq_run.py:746, sw/seq_run.py:10)
  2026-09-27-seq-rtl-round.md:275  QUOTE  "--seq-rtl {r0,r1}" — not found in any cited file (cited: sw/chat_seq.py:631)
  2026-09-27-seq-rtl-round.md:275  QUOTE  "resolve_reorder()" — present in sw/chat_seq.py but NOT within 6 lines of the cited line (cited: sw/chat_seq.py:631)
  2026-09-27-seq-rtl-round.md:277  EXIST  evidence/qwen9b/sr/sr6_host_tdd.py does not exist
  2026-09-27-seq-rtl-round.md:277  EXIST  evidence/qwen9b/sr/SR6_HOST.md does not exist
  2026-09-27-seq-rtl-round.md:279  EXIST  sr6_host_tdd.py does not exist
  2026-09-27-seq-rtl-round.md:279  EXIST  n600_RED.log does not exist
  2026-09-27-seq-rtl-round.md:280  EXIST  n601_r1_pins.log does not exist
  2026-09-27-seq-rtl-round.md:293  EXIST  evidence/qwen9b/sr/SR7_R1_BUILD.md does not exist
  2026-09-27-seq-rtl-round.md:298  EXIST  n700_preflight.log does not exist
  2026-09-27-seq-rtl-round.md:298  EXIST  SR1_INCR_PROBE.md does not exist
  2026-09-27-seq-rtl-round.md:299  QUOTE  "ssh snoke 'cd /home/cah/r2d2/code/fpga/fable5_llm && nohup bash evidence/qwen9b/sr/sr_ru…" — not found in any cited file (cited: evidence/qwen9b/bm/BM1_T3_BUILD.md:596)
  2026-09-27-seq-rtl-round.md:300  QUOTE  "synth/scripts/launch_incr.sh build_044_r1 build_044_r1_incr <directive> <reference dcp> …" — not found in any cited file (cited: synth/scripts/full_impl.tcl:33)
  2026-09-27-seq-rtl-round.md:301  QUOTE  "n71x_score_<run>.log" — not found in any cited file (cited: evidence/qwen9b/g5/G5D_TIMING.md:1031, evidence/qwen9b/bm/BM1_T3_BUILD.md:650)
  2026-09-27-seq-rtl-round.md:303  QUOTE  "TAG=ckr2 XDC=/home/cah/r2d2/code/fpga/fable5_llm/synth/constraints/fable5_clockroot_9b.x…" — not found in any cited file (cited: evidence/qwen9b/bm/BM1_T3_BUILD.md:44, evidence/qwen9b/bm/BM1_T3_BUILD.md:596)
  2026-09-27-seq-rtl-round.md:309  EXIST  SR7_R1_BUILD.md does not exist
  2026-09-27-seq-rtl-round.md:320  EXIST  SR7_R1_BUILD.md does not exist
  2026-09-27-seq-rtl-round.md:324  EXIST  evidence/qwen9b/sr/SR7C_CLOCK.md does not exist
  2026-09-27-seq-rtl-round.md:341  EXIST  evidence/qwen9b/sr/sr8_ident.py does not exist
  2026-09-27-seq-rtl-round.md:341  EXIST  evidence/qwen9b/sr/sr8_board_table.py does not exist
  2026-09-27-seq-rtl-round.md:341  EXIST  evidence/qwen9b/sr/SR8_R1_BOARD.md does not exist
  2026-09-27-seq-rtl-round.md:343  EXIST  sr8_ident.py does not exist
  2026-09-27-seq-rtl-round.md:347  EXIST  sr8_ident.py does not exist
  2026-09-27-seq-rtl-round.md:350  EXIST  sr8_ident.py does not exist
  2026-09-27-seq-rtl-round.md:352  EXIST  bm1_census.py does not exist
  2026-09-27-seq-rtl-round.md:353  EXIST  sr8_ident.py does not exist
  2026-09-27-seq-rtl-round.md:354  EXIST  sr8_board_table.py does not exist
  2026-09-27-seq-rtl-round.md:364  EXIST  SR3_R1_RTL.md does not exist
  2026-09-27-seq-rtl-round.md:378  EXIST  evidence/qwen9b/sr/sr10_mig_period.tcl does not exist
  2026-09-27-seq-rtl-round.md:378  EXIST  evidence/qwen9b/sr/SR10_MIG_PERIOD.md does not exist
  2026-09-27-seq-rtl-round.md:382  EXIST  SR10_MIG_PERIOD.md does not exist
  2026-09-27-seq-rtl-round.md:396  QUOTE  "target[15:4]" — not found in any cited file (cited: ref/seq_model.py:822)
  2026-09-27-seq-rtl-round.md:398  EXIST  evidence/qwen9b/sr/sr11a_r2_tdd.py does not exist
  2026-09-27-seq-rtl-round.md:398  EXIST  evidence/qwen9b/sr/SR11a_R2_MODEL.md does not exist
  2026-09-27-seq-rtl-round.md:400  EXIST  n1100_RED.log does not exist
  2026-09-27-seq-rtl-round.md:415  EXIST  evidence/qwen9b/sr/sr11b_pass_tdd.py does not exist
  2026-09-27-seq-rtl-round.md:415  EXIST  evidence/qwen9b/sr/SR11b_R2_STREAMS.md does not exist
  2026-09-27-seq-rtl-round.md:431  QUOTE  "target[15:4]" — not found in any cited file (cited: rtl/seq_unit.sv:783, rtl/seq_unit.sv:1053, rtl/seq_unit.sv:1034)
  2026-09-27-seq-rtl-round.md:431  QUOTE  "mv_row <= r_tgt[15:4]" — not found in any cited file (cited: rtl/seq_unit.sv:783, rtl/seq_unit.sv:1053, rtl/seq_unit.sv:1034)
  2026-09-27-seq-rtl-round.md:431  QUOTE  "mv_xword <= r_tgt[11:0]" — not found in any cited file (cited: rtl/seq_unit.sv:783, rtl/seq_unit.sv:1053, rtl/seq_unit.sv:1034)
  2026-09-27-seq-rtl-round.md:432  QUOTE  "cmd_row[11:0]" — not found in any cited file (cited: rtl/seq_movers.sv:619, rtl/seq_movers.sv:754, rtl/seq_movers.sv:888, rtl/seq_movers.sv:649)
  2026-09-27-seq-rtl-round.md:432  QUOTE  "cmd_xword[11:0]" — not found in any cited file (cited: rtl/seq_movers.sv:619, rtl/seq_movers.sv:754, rtl/seq_movers.sv:888, rtl/seq_movers.sv:649)
  2026-09-27-seq-rtl-round.md:435  QUOTE  "HW.seq_caps_word({"R1"})" — not found in any cited file (cited: tb/seq_stub_mvchan.sv:30)
  2026-09-27-seq-rtl-round.md:435  QUOTE  "HW.seq_caps_word({"R1","R2"})" — not found in any cited file (cited: tb/seq_stub_mvchan.sv:30)
  2026-09-27-seq-rtl-round.md:436  EXIST  evidence/qwen9b/sr/SR12_R2_RTL.md does not exist
  2026-09-27-seq-rtl-round.md:452  EXIST  sr_build.sh does not exist
  2026-09-27-seq-rtl-round.md:452  EXIST  evidence/qwen9b/sr/SR13a_R2_CHIP.md does not exist
  2026-09-27-seq-rtl-round.md:466  EXIST  evidence/qwen9b/sr/sr13b_host_tdd.py does not exist
  2026-09-27-seq-rtl-round.md:466  EXIST  evidence/qwen9b/sr/SR13b_HOST.md does not exist
  2026-09-27-seq-rtl-round.md:478  EXIST  evidence/qwen9b/sr/SR14_R2_BUILD.md does not exist
  2026-09-27-seq-rtl-round.md:482  QUOTE  "get_cells -hierarchical -filter {NAME =~ */csr_static_xbank_reg* || NAME =~ */csr_static…" — not found in any cited file (cited: synth/constraints/fable5_cdc.xdc:14)
  2026-09-27-seq-rtl-round.md:495  EXIST  SR15_R2_BOARD.md does not exist
  2026-09-27-seq-rtl-round.md:507  EXIST  evidence/qwen9b/sr/SR16_R3_DECISION.md does not exist
SPEC CITES: FAIL
=== rc  : 1
=== end : 2026-09-27T16:44:49-06:00
