  mem region 0: 720 B @ 000090000000   /home/cah/r2d2/code/fpga/fable5_llm/tb/scripts/w9/sr13a_cov_overlap_s2.e4.seq
  mem region 1: 81920 B @ 000080000000   /home/cah/r2d2/code/fpga/fable5_llm/tb/scripts/w9/sr13a_cov_overlap_s2.e4.seqdata.bin
  mem region -: (absent) /home/cah/r2d2/code/fpga/fable5_llm/tb/scripts/w9/sr13a_cov_overlap_s2.emb.bin
  state window: 64 B image   /home/cah/r2d2/code/fpga/fable5_llm/tb/scripts/w9/sr13a_cov_overlap_s2.state.bin
  mem region 0: 2719744 B @ 000010000000   /home/cah/r2d2/code/fpga/fable5_llm/tb/scripts/w9/sr13a_cov_overlap_s2.wimg0.bin
  mem region 0: 2719744 B @ 000010000000   /home/cah/r2d2/code/fpga/fable5_llm/tb/scripts/w9/sr13a_cov_overlap_s2.wimg1.bin
  mem region 0: 2719744 B @ 000010000000   /home/cah/r2d2/code/fpga/fable5_llm/tb/scripts/w9/sr13a_cov_overlap_s2.wimg2.bin
  mem region 0: 2719744 B @ 000010000000   /home/cah/r2d2/code/fpga/fable5_llm/tb/scripts/w9/sr13a_cov_overlap_s2.wimg3.bin
tb_seq_chip: launch 0 [-] rec_off 0, 45 records, 0 tokens, 65536 scratch words, NMV=4 WIMGPC=1 LAT=4 DDRLAT=32 WLAT=40
SEQ-CHIP /home/cah/r2d2/code/fpga/fable5_llm/tb/scripts/w9/sr13a_cov_overlap_s2.e4 launch 0 [-]: 45 records, 217156 cycles (4825.69 cyc/rec, 0.869 ms @250MHz, PERF_CYC 217149)
LAUNCH 0 PASS: [-] pc 44, tokens 0, tcnt 8, scratch 65536, smem 0
  state: 0 read beats, 0 write beats, 0 unmapped
  axil writes 102
  axil reads  8503
  SEQ_CAPS fab1ca03
  burst: 234 write bursts (59904 beats), 224 read bursts (57344 beats), busy_wr 105125 busy_rd 58260, decerr 0 non-OK 0, BLAT=4
  fetch-empty stall cycles 12
  ddr beats 5165 (miss 0), weight beats 212480 total across 4 chan (miss 0) [ 67584/16896/102400/25600]
  DUT held in reset 0 times after t=0 (rst_armed asserted before launch 0, never violated)
TB_SEQ_CHIP PASS: /home/cah/r2d2/code/fpga/fable5_llm/tb/scripts/w9/sr13a_cov_overlap_s2.e4 (launches 1, 217156 cycles total, scratch 65536/launch, tokens 0, tcnt 8)
- /tmp/sr_src_0044b1b_sr13/tb/tb_seq_chip.sv:1211: Verilog $finish
