  mem region 0: 2555904 B @ 000090000000   /home/cah/r2d2/code/fpga/fable5_llm/tb/scripts/w9/sr5b_c3_r1.e4.seq
  mem region 1: 8940032 B @ 000080000000   /home/cah/r2d2/code/fpga/fable5_llm/tb/scripts/w9/sr5b_c3_r1.e4.seqdata.bin
  mem region 2: 2034237440 B @ 000060000000   /home/cah/r2d2/code/fpga/fable5_llm/tb/scripts/w9/model_9b_s1.emb.bin
  state window: 162529280 B image   /home/cah/r2d2/code/fpga/fable5_llm/tb/scripts/w9/model_9b_s1.state.bin
  mem region 0: 1026097152 B @ 000010000000   /home/cah/r2d2/code/fpga/fable5_llm/tb/scripts/w9/model_9b_s1.wimg0.bin
  mem region 0: 1022853120 B @ 000010000000   /home/cah/r2d2/code/fpga/fable5_llm/tb/scripts/w9/model_9b_s1.wimg1.bin
  mem region 0: 1021771776 B @ 000010000000   /home/cah/r2d2/code/fpga/fable5_llm/tb/scripts/w9/model_9b_s1.wimg2.bin
  mem region 0: 1021771776 B @ 000010000000   /home/cah/r2d2/code/fpga/fable5_llm/tb/scripts/w9/model_9b_s1.wimg3.bin
tb_seq_chip: launch 0 [preamble] rec_off 0, 39 records, 0 tokens, 36864 scratch words, NMV=4 WIMGPC=1 LAT=4 DDRLAT=32 WLAT=40
SEQ-CHIP /home/cah/r2d2/code/fpga/fable5_llm/tb/scripts/w9/sr5b_c3_r1.e4 launch 0 [preamble]: 39 records, 214 cycles (5.49 cyc/rec, 0.001 ms @250MHz, PERF_CYC 207)
LAUNCH 0 PASS: [preamble] pc 38, tokens 0, tcnt 8, scratch 36864, smem 0
tb_seq_chip: launch 1 [lite] rec_off 256, 39314 records, 0 tokens, 36864 scratch words, NMV=4 WIMGPC=1 LAT=4 DDRLAT=32 WLAT=40
  carried into launch 1: 36872 state words (8 TCNT banks + 36864 scratch) still intact BEFORE START
SEQ-CHIP /home/cah/r2d2/code/fpga/fable5_llm/tb/scripts/w9/sr5b_c3_r1.e4 launch 1 [lite]: 39314 records, 25221328 cycles (641.54 cyc/rec, 100.885 ms @250MHz, PERF_CYC 25221321)
LAUNCH 1 PASS: [lite] pc 39313, tokens 0, tcnt 8, scratch 36864, smem 112
tb_seq_chip: launch 2 [lite] rec_off 39680, 39314 records, 0 tokens, 36864 scratch words, NMV=4 WIMGPC=1 LAT=4 DDRLAT=32 WLAT=40
  carried into launch 2: 36872 state words (8 TCNT banks + 36864 scratch) still intact BEFORE START
SEQ-CHIP /home/cah/r2d2/code/fpga/fable5_llm/tb/scripts/w9/sr5b_c3_r1.e4 launch 2 [lite]: 39314 records, 25228270 cycles (641.71 cyc/rec, 100.913 ms @250MHz, PERF_CYC 25228263)
LAUNCH 2 PASS: [lite] pc 39313, tokens 0, tcnt 8, scratch 36864, smem 112
tb_seq_chip: launch 3 [full] rec_off 79104, 40173 records, 1 tokens, 36864 scratch words, NMV=4 WIMGPC=1 LAT=4 DDRLAT=32 WLAT=40
  carried into launch 3: 36872 state words (8 TCNT banks + 36864 scratch) still intact BEFORE START
  TOK[0] = 00058 (88) == golden OK
SEQ-CHIP /home/cah/r2d2/code/fpga/fable5_llm/tb/scripts/w9/sr5b_c3_r1.e4 launch 3 [full]: 40173 records, 27173563 cycles (676.41 cyc/rec, 108.694 ms @250MHz, PERF_CYC 27173555)
LAUNCH 3 PASS: [full] pc 40172, tokens 1, tcnt 8, scratch 36864, smem 112
tb_seq_chip: launch 4 [full] rec_off 119296, 40173 records, 1 tokens, 36864 scratch words, NMV=4 WIMGPC=1 LAT=4 DDRLAT=32 WLAT=40
  carried into launch 4: 36872 state words (8 TCNT banks + 36864 scratch) still intact BEFORE START
  TOK[0] = 0000b (11) == golden OK
SEQ-CHIP /home/cah/r2d2/code/fpga/fable5_llm/tb/scripts/w9/sr5b_c3_r1.e4 launch 4 [full]: 40173 records, 27178684 cycles (676.54 cyc/rec, 108.715 ms @250MHz, PERF_CYC 27178677)
LAUNCH 4 PASS: [full] pc 40172, tokens 1, tcnt 8, scratch 36864, smem 112
  state: 1789632 read beats, 1772288 write beats, 0 unmapped
  axil writes 46954
  axil reads  1575109
  burst: 60672 write bursts (14124032 beats), 75284 read bursts (18820096 beats), busy_wr 24287788 busy_rd 22589772, decerr 0 non-OK 0, BLAT=4
  fetch-empty stall cycles 12
  ddr beats 299429 (miss 0), weight beats 239348736 total across 4 chan (miss 0) [ 59930112/59828736/59794944/59794944]
  DUT held in reset 0 times after t=0 (rst_armed asserted before launch 0, never violated)
TB_SEQ_CHIP PASS: /home/cah/r2d2/code/fpga/fable5_llm/tb/scripts/w9/sr5b_c3_r1.e4 (launches 5, 104802059 cycles total, scratch 36864/launch, tokens 2, tcnt 8)
- /tmp/sr_src_5c369c2_sr5/tb/tb_seq_chip.sv:1198: Verilog $finish
