  mem region 0: 1072 B @ 000090000000   /home/cah/r2d2/code/fpga/fable5_llm/tb/scripts/w9/r3_9a_bcast_s4.e4.seq
  mem region 1: 126976 B @ 000080000000   /home/cah/r2d2/code/fpga/fable5_llm/tb/scripts/w9/r3_9a_bcast_s4.e4.seqdata.bin
  mem region -: (absent) /home/cah/r2d2/code/fpga/fable5_llm/tb/scripts/w9/r3_9a_bcast_s4.emb.bin
  state window: 64 B image   /home/cah/r2d2/code/fpga/fable5_llm/tb/scripts/w9/r3_9a_bcast_s4.state.bin
  mem region 0: 8126464 B @ 000010000000   /home/cah/r2d2/code/fpga/fable5_llm/tb/scripts/w9/r3_9a_bcast_s4.wimg0.bin
  mem region 0: 8126464 B @ 000010000000   /home/cah/r2d2/code/fpga/fable5_llm/tb/scripts/w9/r3_9a_bcast_s4.wimg1.bin
  mem region 0: 8126464 B @ 000010000000   /home/cah/r2d2/code/fpga/fable5_llm/tb/scripts/w9/r3_9a_bcast_s4.wimg2.bin
  mem region 0: 8126464 B @ 000010000000   /home/cah/r2d2/code/fpga/fable5_llm/tb/scripts/w9/r3_9a_bcast_s4.wimg3.bin
tb_seq_chip: launch 0 [-] rec_off 0, 67 records, 0 tokens, 65536 scratch words, NMV=4 WIMGPC=1 LAT=4 DDRLAT=32 WLAT=40
MEM[8200] = 0000, expected 028a
MEM[8201] = 0000, expected f58a
MEM[8202] = 0000, expected 1bdc
MEM[8203] = 0000, expected f383
MEM[8204] = 0000, expected 0f6e
MEM[8205] = 0000, expected 0951
MEM[8206] = 0000, expected f736
MEM[8207] = 0000, expected f2df
MEM[8208] = 0000, expected ee0c
MEM[8209] = 0000, expected f873
MEM[820a] = 0000, expected 1a92
MEM[820b] = 0000, expected f075
MEM[820c] = 0000, expected 2e28
MEM[820d] = 0000, expected fd22
MEM[820e] = 0000, expected f960
MEM[820f] = 0000, expected e320
MEM[8210] = 0000, expected fcbe
MEM[8211] = 0000, expected 0b42
MEM[8212] = 0000, expected 15b4
MEM[8213] = 0000, expected f771
MEM[8214] = 0000, expected fb51
[2912460000] %Fatal: tb_seq_chip.sv:1079: Assertion failed in TOP.tb_seq_chip.unnamedblk6.unnamedblk19: too many scratch mismatches
%Error: /tmp/sr_src_3f38efd_srr3b_mbc0/tb/tb_seq_chip.sv:1079: Verilog $stop
Aborting...
