  mem region 0: 416 B @ 000090000000   /home/cah/r2d2/code/fpga/fable5_llm/tb/scripts/w9/r3_9a_bcast_late_s4_mut.e4.seq
  mem region 1: 28672 B @ 000080000000   /home/cah/r2d2/code/fpga/fable5_llm/tb/scripts/w9/r3_9a_bcast_late_s4_mut.e4.seqdata.bin
  mem region -: (absent) /home/cah/r2d2/code/fpga/fable5_llm/tb/scripts/w9/r3_9a_bcast_late_s4.emb.bin
  state window: 64 B image   /home/cah/r2d2/code/fpga/fable5_llm/tb/scripts/w9/r3_9a_bcast_late_s4.state.bin
  mem region 0: 7634944 B @ 000010000000   /home/cah/r2d2/code/fpga/fable5_llm/tb/scripts/w9/r3_9a_bcast_late_s4.wimg0.bin
  mem region 0: 7634944 B @ 000010000000   /home/cah/r2d2/code/fpga/fable5_llm/tb/scripts/w9/r3_9a_bcast_late_s4.wimg1.bin
  mem region 0: 7634944 B @ 000010000000   /home/cah/r2d2/code/fpga/fable5_llm/tb/scripts/w9/r3_9a_bcast_late_s4.wimg2.bin
  mem region 0: 7634944 B @ 000010000000   /home/cah/r2d2/code/fpga/fable5_llm/tb/scripts/w9/r3_9a_bcast_late_s4.wimg3.bin
tb_seq_chip: launch 0 [-] rec_off 0, 26 records, 0 tokens, 65536 scratch words, NMV=4 WIMGPC=1 LAT=4 DDRLAT=32 WLAT=40
MEM[8a28] = 02b7, expected 032e
MEM[8a29] = f600, expected f6d0
MEM[8a2a] = 0ba7, expected 0a86
MEM[8a2b] = facb, expected ffa9
MEM[8a2c] = 0eae, expected 0da7
MEM[8a2d] = fd58, expected fefb
MEM[8a2e] = f5b6, expected fa16
MEM[8a2f] = f4bf, expected f3a2
MEM[8a30] = 01fb, expected 0222
MEM[8a31] = e559, expected e3cd
MEM[8a32] = 0241, expected 0166
MEM[8a33] = 0294, expected 0001
MEM[8a34] = 1078, expected 0eeb
MEM[8a35] = 081b, expected 0bc3
MEM[8a36] = fb33, expected fd23
MEM[8a37] = 079b, expected 0a78
MEM[8a38] = f824, expected f350
MEM[8a39] = 0013, expected fe0b
MEM[8a3a] = 0308, expected fe3d
MEM[8a3b] = f019, expected ef77
MEM[8a3c] = f7fc, expected fa29
[613536000] %Fatal: tb_seq_chip.sv:1079: Assertion failed in TOP.tb_seq_chip.unnamedblk6.unnamedblk19: too many scratch mismatches
%Error: /tmp/sr_src_3f38efd_srr3b/tb/tb_seq_chip.sv:1079: Verilog $stop
Aborting...
