  mem region 0: 1072 B @ 000090000000   /home/cah/r2d2/code/fpga/fable5_llm/tb/scripts/w9/r3_9a_bcast_s3.e4.seq
  mem region 1: 126976 B @ 000080000000   /home/cah/r2d2/code/fpga/fable5_llm/tb/scripts/w9/r3_9a_bcast_s3.e4.seqdata.bin
  mem region -: (absent) /home/cah/r2d2/code/fpga/fable5_llm/tb/scripts/w9/r3_9a_bcast_s3.emb.bin
  state window: 64 B image   /home/cah/r2d2/code/fpga/fable5_llm/tb/scripts/w9/r3_9a_bcast_s3.state.bin
  mem region 0: 8126464 B @ 000010000000   /home/cah/r2d2/code/fpga/fable5_llm/tb/scripts/w9/r3_9a_bcast_s3.wimg0.bin
  mem region 0: 8126464 B @ 000010000000   /home/cah/r2d2/code/fpga/fable5_llm/tb/scripts/w9/r3_9a_bcast_s3.wimg1.bin
  mem region 0: 8126464 B @ 000010000000   /home/cah/r2d2/code/fpga/fable5_llm/tb/scripts/w9/r3_9a_bcast_s3.wimg2.bin
  mem region 0: 8126464 B @ 000010000000   /home/cah/r2d2/code/fpga/fable5_llm/tb/scripts/w9/r3_9a_bcast_s3.wimg3.bin
tb_seq_chip: launch 0 [-] rec_off 0, 67 records, 0 tokens, 65536 scratch words, NMV=4 WIMGPC=1 LAT=4 DDRLAT=32 WLAT=40
SEQ-CHIP /home/cah/r2d2/code/fpga/fable5_llm/tb/scripts/w9/r3_9a_bcast_s3.e4 launch 0 [-]: 67 records, 727993 cycles (10865.57 cyc/rec, 2.912 ms @250MHz, PERF_CYC 727986)
LAUNCH 0 PASS: [-] pc 66, tokens 0, tcnt 8, scratch 65536, smem 0
  state: 0 read beats, 0 write beats, 0 unmapped
  axil writes 189
  axil reads  44228
  SEQ_CAPS fab1ca07
  SEQ_CAPS fab1ca07 == +caps_expect fab1ca07
  burst: 318 write bursts (81408 beats), 296 read bursts (75776 beats), busy_wr 107991 busy_rd 77042, decerr 0 non-OK 0, BLAT=4
  fetch-empty stall cycles 12
  ddr beats 8003 (miss 0), weight beats 677888 total across 4 chan (miss 0) [ 169472/169472/169472/169472]
  DUT held in reset 0 times after t=0 (rst_armed asserted before launch 0, never violated)
TB_SEQ_CHIP PASS: /home/cah/r2d2/code/fpga/fable5_llm/tb/scripts/w9/r3_9a_bcast_s3.e4 (launches 1, 727993 cycles total, scratch 65536/launch, tokens 0, tcnt 8)
- /tmp/sr_src_3f38efd_srr3b/tb/tb_seq_chip.sv:1211: Verilog $finish
tb_seq_chip R3-8: 6 broadcasts retired, 10240 words pushed per channel, every one in its XWIN FIFO at retire
tb_seq_chip R3-9a: 6 broadcast X_END exits checked, landed == sent on every built channel at each; min margin (exit cycle - last push-leg FIFO write) 3 cycles
