  mem region 0: 416 B @ 000090000000   /home/cah/r2d2/code/fpga/fable5_llm/tb/scripts/w9/r3_9a_bcast_late_s2_mut.e4.seq
  mem region 1: 28672 B @ 000080000000   /home/cah/r2d2/code/fpga/fable5_llm/tb/scripts/w9/r3_9a_bcast_late_s2_mut.e4.seqdata.bin
  mem region -: (absent) /home/cah/r2d2/code/fpga/fable5_llm/tb/scripts/w9/r3_9a_bcast_late_s2.emb.bin
  state window: 64 B image   /home/cah/r2d2/code/fpga/fable5_llm/tb/scripts/w9/r3_9a_bcast_late_s2.state.bin
  mem region 0: 7634944 B @ 000010000000   /home/cah/r2d2/code/fpga/fable5_llm/tb/scripts/w9/r3_9a_bcast_late_s2.wimg0.bin
  mem region 0: 7634944 B @ 000010000000   /home/cah/r2d2/code/fpga/fable5_llm/tb/scripts/w9/r3_9a_bcast_late_s2.wimg1.bin
  mem region 0: 7634944 B @ 000010000000   /home/cah/r2d2/code/fpga/fable5_llm/tb/scripts/w9/r3_9a_bcast_late_s2.wimg2.bin
  mem region 0: 7634944 B @ 000010000000   /home/cah/r2d2/code/fpga/fable5_llm/tb/scripts/w9/r3_9a_bcast_late_s2.wimg3.bin
tb_seq_chip: launch 0 [-] rec_off 0, 26 records, 0 tokens, 65536 scratch words, NMV=4 WIMGPC=1 LAT=4 DDRLAT=32 WLAT=40
MEM[8a28] = f56a, expected f749
MEM[8a29] = 088a, expected 08d7
MEM[8a2a] = fdbc, expected fe5c
MEM[8a2b] = f3bd, expected f28c
MEM[8a2c] = fad9, expected 005c
MEM[8a2d] = 12b5, expected 1210
MEM[8a2e] = ee21, expected f1ca
MEM[8a2f] = 1013, expected 0fbd
MEM[8a30] = 0bb2, expected 0970
MEM[8a31] = fcbc, expected f341
MEM[8a32] = fa69, expected fda6
MEM[8a33] = f2fb, expected f7da
MEM[8a34] = f5b7, expected f41a
MEM[8a35] = f199, expected f7b2
MEM[8a36] = 0a84, expected 0713
MEM[8a37] = fee2, expected 0276
MEM[8a38] = fd03, expected fe28
MEM[8a39] = 06d5, expected ff60
MEM[8a3a] = 0e75, expected 1429
MEM[8a3b] = f38c, expected f3d0
MEM[8a3c] = f18d, expected e741
[613536000] %Fatal: tb_seq_chip.sv:1079: Assertion failed in TOP.tb_seq_chip.unnamedblk6.unnamedblk19: too many scratch mismatches
%Error: /tmp/sr_src_3f38efd_srr3b/tb/tb_seq_chip.sv:1079: Verilog $stop
Aborting...
