  mem region 0: 1072 B @ 000090000000   /home/cah/r2d2/code/fpga/fable5_llm/tb/scripts/w9/r3_9a_bcast_s2.e4.seq
  mem region 1: 126976 B @ 000080000000   /home/cah/r2d2/code/fpga/fable5_llm/tb/scripts/w9/r3_9a_bcast_s2.e4.seqdata.bin
  mem region -: (absent) /home/cah/r2d2/code/fpga/fable5_llm/tb/scripts/w9/r3_9a_bcast_s2.emb.bin
  state window: 64 B image   /home/cah/r2d2/code/fpga/fable5_llm/tb/scripts/w9/r3_9a_bcast_s2.state.bin
  mem region 0: 8126464 B @ 000010000000   /home/cah/r2d2/code/fpga/fable5_llm/tb/scripts/w9/r3_9a_bcast_s2.wimg0.bin
  mem region 0: 8126464 B @ 000010000000   /home/cah/r2d2/code/fpga/fable5_llm/tb/scripts/w9/r3_9a_bcast_s2.wimg1.bin
  mem region 0: 8126464 B @ 000010000000   /home/cah/r2d2/code/fpga/fable5_llm/tb/scripts/w9/r3_9a_bcast_s2.wimg2.bin
  mem region 0: 8126464 B @ 000010000000   /home/cah/r2d2/code/fpga/fable5_llm/tb/scripts/w9/r3_9a_bcast_s2.wimg3.bin
tb_seq_chip: launch 0 [-] rec_off 0, 67 records, 0 tokens, 65536 scratch words, NMV=4 WIMGPC=1 LAT=4 DDRLAT=32 WLAT=40
MEM[8200] = 0000, expected 02db
MEM[8201] = 0000, expected 1537
MEM[8202] = 0000, expected c1c6
MEM[8203] = 0000, expected fe68
MEM[8204] = 0000, expected f92b
MEM[8205] = 0000, expected 2656
MEM[8206] = 0000, expected 057e
MEM[8207] = 0000, expected e3e6
MEM[8208] = 0000, expected 16ef
MEM[8209] = 0000, expected 1a88
MEM[820a] = 0000, expected 193d
MEM[820b] = 0000, expected faf6
MEM[820c] = 0000, expected 0f53
MEM[820d] = 0000, expected 0510
MEM[820e] = 0000, expected f12f
MEM[820f] = 0000, expected 06d0
MEM[8210] = 0000, expected 1d6d
MEM[8211] = 0000, expected 191b
MEM[8212] = 0000, expected 2499
MEM[8213] = 0000, expected fdc8
MEM[8214] = 0000, expected fed7
[2912460000] %Fatal: tb_seq_chip.sv:1079: Assertion failed in TOP.tb_seq_chip.unnamedblk6.unnamedblk19: too many scratch mismatches
%Error: /tmp/sr_src_3f38efd_srr3b_mbc0/tb/tb_seq_chip.sv:1079: Verilog $stop
Aborting...
