  mem region 0: 416 B @ 000090000000   /home/cah/r2d2/code/fpga/fable5_llm/tb/scripts/w9/r3_9a_bcast_late_s3_mut.e4.seq
  mem region 1: 28672 B @ 000080000000   /home/cah/r2d2/code/fpga/fable5_llm/tb/scripts/w9/r3_9a_bcast_late_s3_mut.e4.seqdata.bin
  mem region -: (absent) /home/cah/r2d2/code/fpga/fable5_llm/tb/scripts/w9/r3_9a_bcast_late_s3.emb.bin
  state window: 64 B image   /home/cah/r2d2/code/fpga/fable5_llm/tb/scripts/w9/r3_9a_bcast_late_s3.state.bin
  mem region 0: 7634944 B @ 000010000000   /home/cah/r2d2/code/fpga/fable5_llm/tb/scripts/w9/r3_9a_bcast_late_s3.wimg0.bin
  mem region 0: 7634944 B @ 000010000000   /home/cah/r2d2/code/fpga/fable5_llm/tb/scripts/w9/r3_9a_bcast_late_s3.wimg1.bin
  mem region 0: 7634944 B @ 000010000000   /home/cah/r2d2/code/fpga/fable5_llm/tb/scripts/w9/r3_9a_bcast_late_s3.wimg2.bin
  mem region 0: 7634944 B @ 000010000000   /home/cah/r2d2/code/fpga/fable5_llm/tb/scripts/w9/r3_9a_bcast_late_s3.wimg3.bin
tb_seq_chip: launch 0 [-] rec_off 0, 26 records, 0 tokens, 65536 scratch words, NMV=4 WIMGPC=1 LAT=4 DDRLAT=32 WLAT=40
MEM[8a28] = 0a9c, expected 0b09
MEM[8a29] = 0b3d, expected 0c46
MEM[8a2a] = f207, expected f2f6
MEM[8a2b] = 05e3, expected 0621
MEM[8a2c] = fffe, expected fc7e
MEM[8a2d] = 04c4, expected 01af
MEM[8a2e] = f0d2, expected ecb2
MEM[8a2f] = 0f3d, expected 0f82
MEM[8a30] = f5e7, expected f8d5
MEM[8a31] = ff96, expected 01dd
MEM[8a32] = fbea, expected 0024
MEM[8a33] = e9a7, expected ecda
MEM[8a34] = fc6a, expected fbf7
MEM[8a35] = edfd, expected f3d9
MEM[8a36] = 10f9, expected 0a84
MEM[8a37] = 00d1, expected fc42
MEM[8a38] = 014d, expected 05c8
MEM[8a39] = f35f, expected f16c
MEM[8a3a] = 0476, expected 0c8a
MEM[8a3b] = eb39, expected ef5a
MEM[8a3c] = ffc8, expected fef3
[613536000] %Fatal: tb_seq_chip.sv:1079: Assertion failed in TOP.tb_seq_chip.unnamedblk6.unnamedblk19: too many scratch mismatches
%Error: /tmp/sr_src_3f38efd_srr3b/tb/tb_seq_chip.sv:1079: Verilog $stop
Aborting...
