tb_seq_chip: TIMELINE CENSUS ON -> /home/cah/r2d2/code/fpga/fable5_llm/tb/scripts/w9/r3_9a_bcast_overlap_s1.timeline.csv
  mem region 0: 384 B @ 000090000000   /home/cah/r2d2/code/fpga/fable5_llm/tb/scripts/w9/r3_9a_bcast_overlap_s1.e4.seq
  mem region 1: 36864 B @ 000080000000   /home/cah/r2d2/code/fpga/fable5_llm/tb/scripts/w9/r3_9a_bcast_overlap_s1.e4.seqdata.bin
  mem region -: (absent) /home/cah/r2d2/code/fpga/fable5_llm/tb/scripts/w9/r3_9a_bcast_overlap_s1.emb.bin
  state window: 64 B image   /home/cah/r2d2/code/fpga/fable5_llm/tb/scripts/w9/r3_9a_bcast_overlap_s1.state.bin
  mem region 0: 6553600 B @ 000010000000   /home/cah/r2d2/code/fpga/fable5_llm/tb/scripts/w9/r3_9a_bcast_overlap_s1.wimg0.bin
  mem region 0: 6553600 B @ 000010000000   /home/cah/r2d2/code/fpga/fable5_llm/tb/scripts/w9/r3_9a_bcast_overlap_s1.wimg1.bin
  mem region 0: 6553600 B @ 000010000000   /home/cah/r2d2/code/fpga/fable5_llm/tb/scripts/w9/r3_9a_bcast_overlap_s1.wimg2.bin
  mem region 0: 6553600 B @ 000010000000   /home/cah/r2d2/code/fpga/fable5_llm/tb/scripts/w9/r3_9a_bcast_overlap_s1.wimg3.bin
tb_seq_chip: launch 0 [-] rec_off 0, 24 records, 0 tokens, 65536 scratch words, NMV=4 WIMGPC=1 LAT=4 DDRLAT=32 WLAT=40
SEQ-CHIP /home/cah/r2d2/code/fpga/fable5_llm/tb/scripts/w9/r3_9a_bcast_overlap_s1.e4 launch 0 [-]: 24 records, 212290 cycles (8845.42 cyc/rec, 0.849 ms @250MHz, PERF_CYC 212283)
LAUNCH 0 PASS: [-] pc 23, tokens 0, tcnt 8, scratch 65536, smem 0
  state: 0 read beats, 0 write beats, 0 unmapped
  axil writes 63
  axil reads  12391
  SEQ_CAPS fab1ca07
  SEQ_CAPS fab1ca07 == +caps_expect fab1ca07
  burst: 118 write bursts (30208 beats), 112 read bursts (28672 beats), busy_wr 37796 busy_rd 29182, decerr 0 non-OK 0, BLAT=4
  fetch-empty stall cycles 12
  ddr beats 2328 (miss 0), weight beats 512000 total across 4 chan (miss 0) [ 128000/128000/128000/128000]
  DUT held in reset 0 times after t=0 (rst_armed asserted before launch 0, never violated)
TB_SEQ_CHIP PASS: /home/cah/r2d2/code/fpga/fable5_llm/tb/scripts/w9/r3_9a_bcast_overlap_s1.e4 (launches 1, 212290 cycles total, scratch 65536/launch, tokens 0, tcnt 8)
- /tmp/sr_src_3f38efd_srr3b/tb/tb_seq_chip.sv:1211: Verilog $finish
SEQ_TIMELINE v1 BEGIN
SEQ_TIMELINE meta ntok=1 bcyc=212283 nrec=24 nmv=4 wimgpc=1 lat=4 ddrlat=32 wlat=40 ncls=16
SEQ_TIMELINE backjump 0
SEQ_TIMELINE clsname 0 L_CMP
SEQ_TIMELINE clsname 1 L_DMA
SEQ_TIMELINE clsname 2 MOVER
SEQ_TIMELINE clsname 3 SEQBULK
SEQ_TIMELINE clsname 4 MV0_STR
SEQ_TIMELINE clsname 5 MV1_STR
SEQ_TIMELINE clsname 6 MV2_STR
SEQ_TIMELINE clsname 7 MV3_STR
SEQ_TIMELINE clsname 8 MV0_BSY
SEQ_TIMELINE clsname 9 MV1_BSY
SEQ_TIMELINE clsname 10 MV2_BSY
SEQ_TIMELINE clsname 11 MV3_BSY
SEQ_TIMELINE clsname 12 SMEM_RD
SEQ_TIMELINE clsname 13 SMEM_WR
SEQ_TIMELINE clsname 14 RECDDR
SEQ_TIMELINE clsname 15 BFAB
SEQ_TIMELINE tcyc 0 212283
SEQ_TIMELINE union 0 212179
SEQ_TIMELINE none 0 104
SEQ_TIMELINE stall 0 24
SEQ_TIMELINE axil 0 468 136301
SEQ_TIMELINE class 0 0 L_CMP 0
SEQ_TIMELINE class 0 1 L_DMA 0
SEQ_TIMELINE class 0 2 MOVER 191244
SEQ_TIMELINE class 0 3 SEQBULK 20865
SEQ_TIMELINE class 0 4 MV0_STR 107024
SEQ_TIMELINE class 0 5 MV1_STR 107020
SEQ_TIMELINE class 0 6 MV2_STR 107021
SEQ_TIMELINE class 0 7 MV3_STR 107020
SEQ_TIMELINE class 0 8 MV0_BSY 108427
SEQ_TIMELINE class 0 9 MV1_BSY 108427
SEQ_TIMELINE class 0 10 MV2_BSY 108426
SEQ_TIMELINE class 0 11 MV3_BSY 108427
SEQ_TIMELINE class 0 12 SMEM_RD 0
SEQ_TIMELINE class 0 13 SMEM_WR 0
SEQ_TIMELINE class 0 14 RECDDR 2328
SEQ_TIMELINE class 0 15 BFAB 50248
SEQ_TIMELINE pair 0 2 2 191244
SEQ_TIMELINE pair 0 2 4 107004
SEQ_TIMELINE pair 0 2 5 107004
SEQ_TIMELINE pair 0 2 6 107009
SEQ_TIMELINE pair 0 2 7 107012
SEQ_TIMELINE pair 0 2 8 108403
SEQ_TIMELINE pair 0 2 9 108407
SEQ_TIMELINE pair 0 2 10 108410
SEQ_TIMELINE pair 0 2 11 108415
SEQ_TIMELINE pair 0 2 15 29347
SEQ_TIMELINE pair 0 3 3 20865
SEQ_TIMELINE pair 0 3 14 2324
SEQ_TIMELINE pair 0 3 15 20859
SEQ_TIMELINE pair 0 4 4 107024
SEQ_TIMELINE pair 0 4 5 84520
SEQ_TIMELINE pair 0 4 6 84489
SEQ_TIMELINE pair 0 4 7 84458
SEQ_TIMELINE pair 0 4 8 107024
SEQ_TIMELINE pair 0 4 9 85620
SEQ_TIMELINE pair 0 4 10 85591
SEQ_TIMELINE pair 0 4 11 85559
SEQ_TIMELINE pair 0 4 15 12311
SEQ_TIMELINE pair 0 5 5 107020
SEQ_TIMELINE pair 0 5 6 84517
SEQ_TIMELINE pair 0 5 7 84487
SEQ_TIMELINE pair 0 5 8 85585
SEQ_TIMELINE pair 0 5 9 107020
SEQ_TIMELINE pair 0 5 10 85616
SEQ_TIMELINE pair 0 5 11 85587
SEQ_TIMELINE pair 0 5 15 12311
SEQ_TIMELINE pair 0 6 6 107021
SEQ_TIMELINE pair 0 6 7 84517
SEQ_TIMELINE pair 0 6 8 85553
SEQ_TIMELINE pair 0 6 9 85586
SEQ_TIMELINE pair 0 6 10 107021
SEQ_TIMELINE pair 0 6 11 85616
SEQ_TIMELINE pair 0 6 15 12310
SEQ_TIMELINE pair 0 7 7 107020
SEQ_TIMELINE pair 0 7 8 85522
SEQ_TIMELINE pair 0 7 9 85555
SEQ_TIMELINE pair 0 7 10 85585
SEQ_TIMELINE pair 0 7 11 107020
SEQ_TIMELINE pair 0 7 15 12302
SEQ_TIMELINE pair 0 8 8 108427
SEQ_TIMELINE pair 0 8 9 86687
SEQ_TIMELINE pair 0 8 10 86656
SEQ_TIMELINE pair 0 8 11 86623
SEQ_TIMELINE pair 0 8 15 12465
SEQ_TIMELINE pair 0 9 9 108427
SEQ_TIMELINE pair 0 9 10 86689
SEQ_TIMELINE pair 0 9 11 86656
SEQ_TIMELINE pair 0 9 15 12465
SEQ_TIMELINE pair 0 10 10 108426
SEQ_TIMELINE pair 0 10 11 86687
SEQ_TIMELINE pair 0 10 15 12465
SEQ_TIMELINE pair 0 11 11 108427
SEQ_TIMELINE pair 0 11 15 12465
SEQ_TIMELINE pair 0 14 14 2328
SEQ_TIMELINE pair 0 14 15 2322
SEQ_TIMELINE pair 0 15 15 50248
SEQ_TIMELINE ist 0 1 1
SEQ_TIMELINE ist 0 2 12
SEQ_TIMELINE ist 0 3 48
SEQ_TIMELINE ist 0 4 24
SEQ_TIMELINE ist 0 17 191284
SEQ_TIMELINE ist 0 20 3
SEQ_TIMELINE ist 0 21 20865
SEQ_TIMELINE ist 0 22 45
SEQ_TIMELINE ist 0 24 1
SEQ_TIMELINE opcyc 0 3 3 18902
SEQ_TIMELINE opcyc 0 4 8 10944
SEQ_TIMELINE opcyc 0 5 8 87300
SEQ_TIMELINE opcyc 0 9 1 74178
SEQ_TIMELINE opcyc 0 10 1 2
SEQ_TIMELINE opcyc 0 11 3 20919
SEQ_TIMELINE wbeat 0 0 128000
SEQ_TIMELINE mvop 0 0 18890
SEQ_TIMELINE wbeat 0 1 128000
SEQ_TIMELINE mvop 0 1 87268
SEQ_TIMELINE wbeat 0 2 128000
SEQ_TIMELINE mvop 0 2 10912
SEQ_TIMELINE wbeat 0 3 128000
SEQ_TIMELINE mvop 0 3 74174
SEQ_TIMELINE topsig 0 4084 70478
SEQ_TIMELINE topsig 1 2180 21435
SEQ_TIMELINE topsig 2 1092 21405
SEQ_TIMELINE topsig 3 276 21404
SEQ_TIMELINE topsig 4 548 21404
SEQ_TIMELINE topsig 5 32776 18537
SEQ_TIMELINE topsig 6 32772 16882
SEQ_TIMELINE topsig 7 36852 11839
SEQ_TIMELINE topsig 8 49160 2322
SEQ_TIMELINE topsig 9 3956 930
SEQ_TIMELINE topsig 10 4020 912
SEQ_TIMELINE topsig 11 4052 912
SEQ_TIMELINE topsig 12 4068 910
SEQ_TIMELINE topsig 13 4 742
SEQ_TIMELINE topsig 14 260 332
SEQ_TIMELINE topsig 15 2052 305
SEQ_TIMELINE topsig 16 516 303
SEQ_TIMELINE topsig 17 1028 301
SEQ_TIMELINE topsig 18 36724 163
SEQ_TIMELINE topsig 19 36788 155
SEQ_TIMELINE topsig 20 36820 154
SEQ_TIMELINE topsig 21 36836 154
SEQ_TIMELINE topsig 22 0 104
SEQ_TIMELINE topsig 23 32768 42
SEQ_TIMELINE topsig 24 3812 31
SEQ_TIMELINE topsig 25 3268 29
SEQ_TIMELINE topsig 26 788 25
SEQ_TIMELINE topsig 27 1844 24
SEQ_TIMELINE topsig 28 4080 8
SEQ_TIMELINE topsig 29 8 4
SEQ_TIMELINE topsig 30 256 4
SEQ_TIMELINE topsig 31 784 4
SEQ_TIMELINE topsig 32 1812 4
SEQ_TIMELINE topsig 33 1840 4
SEQ_TIMELINE topsig 34 3952 4
SEQ_TIMELINE topsig 35 16384 4
SEQ_TIMELINE topsig 36 3892 3
SEQ_TIMELINE topsig 37 772 2
SEQ_TIMELINE topsig 38 3780 2
SEQ_TIMELINE topsig 39 16392 2
SEQ_TIMELINE sigtotal 212283
SEQ_TIMELINE END
tb_seq_chip R3-8: 2 broadcasts retired, 3072 words pushed per channel, every one in its XWIN FIFO at retire
tb_seq_chip R3-9a: 2 broadcast X_END exits checked, landed == sent on every built channel at each; min margin (exit cycle - last push-leg FIFO write) 3 cycles
