tb_seq_chip: +xp_hold: channel 2 ui_clk held low for 2000 aclk cycles from cycle 43307
  mem region 0: 208 B @ 000090000000   /home/cah/r2d2/code/fpga/fable5_llm/tb/scripts/w9/r3_9a_bcast_bp_s4.e4.seq
  mem region 1: 49152 B @ 000080000000   /home/cah/r2d2/code/fpga/fable5_llm/tb/scripts/w9/r3_9a_bcast_bp_s4.e4.seqdata.bin
  mem region -: (absent) /home/cah/r2d2/code/fpga/fable5_llm/tb/scripts/w9/r3_9a_bcast_bp_s4.emb.bin
  state window: 64 B image   /home/cah/r2d2/code/fpga/fable5_llm/tb/scripts/w9/r3_9a_bcast_bp_s4.state.bin
  mem region 0: 3244032 B @ 000010000000   /home/cah/r2d2/code/fpga/fable5_llm/tb/scripts/w9/r3_9a_bcast_bp_s4.wimg0.bin
  mem region 0: 3244032 B @ 000010000000   /home/cah/r2d2/code/fpga/fable5_llm/tb/scripts/w9/r3_9a_bcast_bp_s4.wimg1.bin
  mem region 0: 3244032 B @ 000010000000   /home/cah/r2d2/code/fpga/fable5_llm/tb/scripts/w9/r3_9a_bcast_bp_s4.wimg2.bin
  mem region 0: 3244032 B @ 000010000000   /home/cah/r2d2/code/fpga/fable5_llm/tb/scripts/w9/r3_9a_bcast_bp_s4.wimg3.bin
tb_seq_chip: launch 0 [-] rec_off 0, 13 records, 0 tokens, 65536 scratch words, NMV=4 WIMGPC=1 LAT=4 DDRLAT=32 WLAT=40
SEQ-CHIP /home/cah/r2d2/code/fpga/fable5_llm/tb/scripts/w9/r3_9a_bcast_bp_s4.e4 launch 0 [-]: 13 records, 229117 cycles (17624.38 cyc/rec, 0.916 ms @250MHz, PERF_CYC 229110)
LAUNCH 0 PASS: [-] pc 12, tokens 0, tcnt 8, scratch 65536, smem 0
  state: 0 read beats, 0 write beats, 0 unmapped
  axil writes 33
  axil reads  13230
  SEQ_CAPS fab1ca07
  SEQ_CAPS fab1ca07 == +caps_expect fab1ca07
  burst: 116 write bursts (29696 beats), 104 read bursts (26624 beats), busy_wr 42404 busy_rd 28646, decerr 0 non-OK 0, BLAT=4
  fetch-empty stall cycles 12
  ddr beats 3085 (miss 0), weight beats 202752 total across 4 chan (miss 0) [ 50688/50688/50688/50688]
  DUT held in reset 0 times after t=0 (rst_armed asserted before launch 0, never violated)
TB_SEQ_CHIP PASS: /home/cah/r2d2/code/fpga/fable5_llm/tb/scripts/w9/r3_9a_bcast_bp_s4.e4 (launches 1, 229117 cycles total, scratch 65536/launch, tokens 0, tcnt 8)
- /tmp/sr_src_3f38efd_srr3b/tb/tb_seq_chip.sv:1211: Verilog $finish
tb_seq_chip R3-8: 1 broadcasts retired, 3072 words pushed per channel, every one in its XWIN FIFO at retire; +xp_hold channel 2 held 2000 cycles
tb_seq_chip R3-9a: 1 broadcast X_END exits checked, landed == sent on every built channel at each; min margin (exit cycle - last push-leg FIFO write) 3 cycles
