tb_seq_chip: TIMELINE CENSUS ON -> /home/cah/r2d2/code/fpga/fable5_llm/tb/scripts/w9/r3_9a_bcast_late_s2.timeline.csv
  mem region 0: 416 B @ 000090000000   /home/cah/r2d2/code/fpga/fable5_llm/tb/scripts/w9/r3_9a_bcast_late_s2.e4.seq
  mem region 1: 28672 B @ 000080000000   /home/cah/r2d2/code/fpga/fable5_llm/tb/scripts/w9/r3_9a_bcast_late_s2.e4.seqdata.bin
  mem region -: (absent) /home/cah/r2d2/code/fpga/fable5_llm/tb/scripts/w9/r3_9a_bcast_late_s2.emb.bin
  state window: 64 B image   /home/cah/r2d2/code/fpga/fable5_llm/tb/scripts/w9/r3_9a_bcast_late_s2.state.bin
  mem region 0: 7634944 B @ 000010000000   /home/cah/r2d2/code/fpga/fable5_llm/tb/scripts/w9/r3_9a_bcast_late_s2.wimg0.bin
  mem region 0: 7634944 B @ 000010000000   /home/cah/r2d2/code/fpga/fable5_llm/tb/scripts/w9/r3_9a_bcast_late_s2.wimg1.bin
  mem region 0: 7634944 B @ 000010000000   /home/cah/r2d2/code/fpga/fable5_llm/tb/scripts/w9/r3_9a_bcast_late_s2.wimg2.bin
  mem region 0: 7634944 B @ 000010000000   /home/cah/r2d2/code/fpga/fable5_llm/tb/scripts/w9/r3_9a_bcast_late_s2.wimg3.bin
tb_seq_chip: launch 0 [-] rec_off 0, 26 records, 0 tokens, 65536 scratch words, NMV=4 WIMGPC=1 LAT=4 DDRLAT=32 WLAT=40
SEQ-CHIP /home/cah/r2d2/code/fpga/fable5_llm/tb/scripts/w9/r3_9a_bcast_late_s2.e4 launch 0 [-]: 26 records, 195046 cycles (7501.77 cyc/rec, 0.780 ms @250MHz, PERF_CYC 195038)
LAUNCH 0 PASS: [-] pc 25, tokens 0, tcnt 8, scratch 65536, smem 0
  state: 0 read beats, 0 write beats, 0 unmapped
  axil writes 70
  axil reads  12032
  SEQ_CAPS fab1ca07
  SEQ_CAPS fab1ca07 == +caps_expect fab1ca07
  burst: 86 write bursts (22016 beats), 80 read bursts (20480 beats), busy_wr 29041 busy_rd 20870, decerr 0 non-OK 0, BLAT=4
  fetch-empty stall cycles 12
  ddr beats 1818 (miss 0), weight beats 237568 total across 4 chan (miss 0) [ 33792/33792/33792/136192]
  DUT held in reset 0 times after t=0 (rst_armed asserted before launch 0, never violated)
TB_SEQ_CHIP PASS: /home/cah/r2d2/code/fpga/fable5_llm/tb/scripts/w9/r3_9a_bcast_late_s2.e4 (launches 1, 195046 cycles total, scratch 65536/launch, tokens 0, tcnt 8)
- /tmp/sr_src_3f38efd_srr3b/tb/tb_seq_chip.sv:1211: Verilog $finish
SEQ_TIMELINE v1 BEGIN
SEQ_TIMELINE meta ntok=1 bcyc=195038 nrec=26 nmv=4 wimgpc=1 lat=4 ddrlat=32 wlat=40 ncls=16
SEQ_TIMELINE backjump 0
SEQ_TIMELINE clsname 0 L_CMP
SEQ_TIMELINE clsname 1 L_DMA
SEQ_TIMELINE clsname 2 MOVER
SEQ_TIMELINE clsname 3 SEQBULK
SEQ_TIMELINE clsname 4 MV0_STR
SEQ_TIMELINE clsname 5 MV1_STR
SEQ_TIMELINE clsname 6 MV2_STR
SEQ_TIMELINE clsname 7 MV3_STR
SEQ_TIMELINE clsname 8 MV0_BSY
SEQ_TIMELINE clsname 9 MV1_BSY
SEQ_TIMELINE clsname 10 MV2_BSY
SEQ_TIMELINE clsname 11 MV3_BSY
SEQ_TIMELINE clsname 12 SMEM_RD
SEQ_TIMELINE clsname 13 SMEM_WR
SEQ_TIMELINE clsname 14 RECDDR
SEQ_TIMELINE clsname 15 BFAB
SEQ_TIMELINE tcyc 0 195038
SEQ_TIMELINE union 0 194930
SEQ_TIMELINE none 0 108
SEQ_TIMELINE stall 0 24
SEQ_TIMELINE axil 0 516 132352
SEQ_TIMELINE class 0 0 L_CMP 0
SEQ_TIMELINE class 0 1 L_DMA 0
SEQ_TIMELINE class 0 2 MOVER 178597
SEQ_TIMELINE class 0 3 SEQBULK 16259
SEQ_TIMELINE class 0 4 MV0_STR 28255
SEQ_TIMELINE class 0 5 MV1_STR 28254
SEQ_TIMELINE class 0 6 MV2_STR 28254
SEQ_TIMELINE class 0 7 MV3_STR 113868
SEQ_TIMELINE class 0 8 MV0_BSY 28677
SEQ_TIMELINE class 0 9 MV1_BSY 28677
SEQ_TIMELINE class 0 10 MV2_BSY 28677
SEQ_TIMELINE class 0 11 MV3_BSY 115398
SEQ_TIMELINE class 0 12 SMEM_RD 0
SEQ_TIMELINE class 0 13 SMEM_WR 0
SEQ_TIMELINE class 0 14 RECDDR 1818
SEQ_TIMELINE class 0 15 BFAB 37349
SEQ_TIMELINE pair 0 2 2 178597
SEQ_TIMELINE pair 0 2 4 28255
SEQ_TIMELINE pair 0 2 5 28254
SEQ_TIMELINE pair 0 2 6 28254
SEQ_TIMELINE pair 0 2 7 113844
SEQ_TIMELINE pair 0 2 8 28677
SEQ_TIMELINE pair 0 2 9 28677
SEQ_TIMELINE pair 0 2 10 28677
SEQ_TIMELINE pair 0 2 11 115370
SEQ_TIMELINE pair 0 2 15 21054
SEQ_TIMELINE pair 0 3 3 16259
SEQ_TIMELINE pair 0 3 14 1814
SEQ_TIMELINE pair 0 3 15 16253
SEQ_TIMELINE pair 0 4 4 28255
SEQ_TIMELINE pair 0 4 7 13951
SEQ_TIMELINE pair 0 4 8 28255
SEQ_TIMELINE pair 0 4 11 14127
SEQ_TIMELINE pair 0 5 5 28254
SEQ_TIMELINE pair 0 5 7 13950
SEQ_TIMELINE pair 0 5 9 28254
SEQ_TIMELINE pair 0 5 11 14127
SEQ_TIMELINE pair 0 6 6 28254
SEQ_TIMELINE pair 0 6 7 13951
SEQ_TIMELINE pair 0 6 10 28254
SEQ_TIMELINE pair 0 6 11 14127
SEQ_TIMELINE pair 0 7 7 113868
SEQ_TIMELINE pair 0 7 8 14159
SEQ_TIMELINE pair 0 7 9 14162
SEQ_TIMELINE pair 0 7 10 14163
SEQ_TIMELINE pair 0 7 11 113868
SEQ_TIMELINE pair 0 7 15 1624
SEQ_TIMELINE pair 0 8 8 28677
SEQ_TIMELINE pair 0 8 11 14338
SEQ_TIMELINE pair 0 9 9 28677
SEQ_TIMELINE pair 0 9 11 14339
SEQ_TIMELINE pair 0 10 10 28677
SEQ_TIMELINE pair 0 10 11 14339
SEQ_TIMELINE pair 0 11 11 115398
SEQ_TIMELINE pair 0 11 15 1647
SEQ_TIMELINE pair 0 14 14 1818
SEQ_TIMELINE pair 0 14 15 1812
SEQ_TIMELINE pair 0 15 15 37349
SEQ_TIMELINE ist 0 1 1
SEQ_TIMELINE ist 0 2 12
SEQ_TIMELINE ist 0 3 50
SEQ_TIMELINE ist 0 4 26
SEQ_TIMELINE ist 0 17 178641
SEQ_TIMELINE ist 0 20 3
SEQ_TIMELINE ist 0 21 16259
SEQ_TIMELINE ist 0 22 45
SEQ_TIMELINE ist 0 24 1
SEQ_TIMELINE opcyc 0 3 3 14758
SEQ_TIMELINE opcyc 0 4 9 6831
SEQ_TIMELINE opcyc 0 5 9 115304
SEQ_TIMELINE opcyc 0 9 1 41792
SEQ_TIMELINE opcyc 0 10 1 2
SEQ_TIMELINE opcyc 0 11 3 16313
SEQ_TIMELINE wbeat 0 0 33792
SEQ_TIMELINE mvop 0 0 14746
SEQ_TIMELINE wbeat 0 1 33792
SEQ_TIMELINE mvop 0 1 115268
SEQ_TIMELINE wbeat 0 2 33792
SEQ_TIMELINE mvop 0 2 6795
SEQ_TIMELINE wbeat 0 3 136192
SEQ_TIMELINE mvop 0 3 41788
SEQ_TIMELINE topsig 0 2180 69736
SEQ_TIMELINE topsig 1 32772 19407
SEQ_TIMELINE topsig 2 32776 14441
SEQ_TIMELINE topsig 3 276 14128
SEQ_TIMELINE topsig 4 548 14127
SEQ_TIMELINE topsig 5 1092 14127
SEQ_TIMELINE topsig 6 2452 13951
SEQ_TIMELINE topsig 7 3268 13951
SEQ_TIMELINE topsig 8 2724 13950
SEQ_TIMELINE topsig 9 49160 1812
SEQ_TIMELINE topsig 10 34948 1624
SEQ_TIMELINE topsig 11 2052 971
SEQ_TIMELINE topsig 12 4 805
SEQ_TIMELINE topsig 13 2692 212
SEQ_TIMELINE topsig 14 3204 212
SEQ_TIMELINE topsig 15 260 211
SEQ_TIMELINE topsig 16 516 211
SEQ_TIMELINE topsig 17 1028 211
SEQ_TIMELINE topsig 18 2436 208
SEQ_TIMELINE topsig 19 2596 177
SEQ_TIMELINE topsig 20 2324 176
SEQ_TIMELINE topsig 21 3140 176
SEQ_TIMELINE topsig 22 0 108
SEQ_TIMELINE topsig 23 32768 42
SEQ_TIMELINE topsig 24 2176 24
SEQ_TIMELINE topsig 25 34820 23
SEQ_TIMELINE topsig 26 8 4
SEQ_TIMELINE topsig 27 2048 4
SEQ_TIMELINE topsig 28 16384 4
SEQ_TIMELINE topsig 29 2308 3
SEQ_TIMELINE topsig 30 16392 2
SEQ_TIMELINE sigtotal 195038
SEQ_TIMELINE END
tb_seq_chip R3-8: 2 broadcasts retired, 2048 words pushed per channel, every one in its XWIN FIFO at retire
tb_seq_chip R3-9a: 2 broadcast X_END exits checked, landed == sent on every built channel at each; min margin (exit cycle - last push-leg FIFO write) 3 cycles
