DN 2048-bit bank-mux read path — post-PLACE estimate, variant r2int8p_alt
endpoint: dn_rdq_n_reg[*] (the registered bank mux fed by the
per-bank URAM CQ registers).  Clock aclk, 4.000 ns / 250 MHz.

slack     levels    startSLR  endSLR
0.033     2         SLR0      SLR1       g_dnpipe0.g_dn[8].g_full.mem_reg_uram_13/CLK -> g_dnpipe0.dn_rdq_n_reg[943]/D
0.033     2         SLR0      SLR1       g_dnpipe0.g_dn[8].g_full.mem_reg_uram_13/CLK -> g_dnpipe0.dn_rdq_n_reg[943]/D
0.039     2         SLR0      SLR1       g_dnpipe0.g_dn[2].g_full.mem_reg_uram_0/CLK -> g_dnpipe0.dn_rdq_n_reg[10]/D
0.039     2         SLR0      SLR1       g_dnpipe0.g_dn[2].g_full.mem_reg_uram_0/CLK -> g_dnpipe0.dn_rdq_n_reg[10]/D
0.042     2         SLR0      SLR1       g_dnpipe0.g_dn[8].g_full.mem_reg_uram_13/CLK -> g_dnpipe0.dn_rdq_n_reg[951]/D
0.042     2         SLR0      SLR1       g_dnpipe0.g_dn[8].g_full.mem_reg_uram_13/CLK -> g_dnpipe0.dn_rdq_n_reg[951]/D
0.043     2         SLR0      SLR1       g_dnpipe0.g_dn[2].g_full.mem_reg_uram_0/CLK -> g_dnpipe0.dn_rdq_n_reg[16]/D
0.043     2         SLR0      SLR1       g_dnpipe0.g_dn[2].g_full.mem_reg_uram_0/CLK -> g_dnpipe0.dn_rdq_n_reg[16]/D
0.044     2         SLR0      SLR1       g_dnpipe0.g_dn[2].g_full.mem_reg_uram_24/CLK -> g_dnpipe0.dn_rdq_n_reg[1795]/D
0.044     2         SLR0      SLR1       g_dnpipe0.g_dn[2].g_full.mem_reg_uram_24/CLK -> g_dnpipe0.dn_rdq_n_reg[1795]/D
0.045     2         SLR0      SLR1       g_dnpipe0.g_dn[2].g_full.mem_reg_uram_0/CLK -> g_dnpipe0.dn_rdq_n_reg[12]/D
0.045     2         SLR0      SLR1       g_dnpipe0.g_dn[2].g_full.mem_reg_uram_0/CLK -> g_dnpipe0.dn_rdq_n_reg[12]/D
0.047     2         SLR0      SLR1       g_dnpipe0.g_dn[2].g_full.mem_reg_uram_24/CLK -> g_dnpipe0.dn_rdq_n_reg[1794]/D
0.047     2         SLR0      SLR1       g_dnpipe0.g_dn[2].g_full.mem_reg_uram_24/CLK -> g_dnpipe0.dn_rdq_n_reg[1794]/D
0.047     2         SLR0      SLR1       g_dnpipe0.g_dn[2].g_full.mem_reg_uram_7/CLK -> g_dnpipe0.dn_rdq_n_reg[561]/D
0.047     2         SLR0      SLR1       g_dnpipe0.g_dn[2].g_full.mem_reg_uram_7/CLK -> g_dnpipe0.dn_rdq_n_reg[561]/D
0.047     2         SLR0      SLR1       g_dnpipe0.g_dn[8].g_full.mem_reg_uram_13/CLK -> g_dnpipe0.dn_rdq_n_reg[950]/D
0.047     2         SLR0      SLR1       g_dnpipe0.g_dn[8].g_full.mem_reg_uram_13/CLK -> g_dnpipe0.dn_rdq_n_reg[950]/D
0.049     2         SLR0      SLR1       g_dnpipe0.g_dn[3].g_full.mem_reg_uram_24/CLK -> g_dnpipe0.dn_rdq_n_reg[1792]/D
0.049     2         SLR0      SLR1       g_dnpipe0.g_dn[3].g_full.mem_reg_uram_24/CLK -> g_dnpipe0.dn_rdq_n_reg[1792]/D
0.051     2         SLR0      SLR1       g_dnpipe0.g_dn[5].g_full.mem_reg_uram_7/CLK -> g_dnpipe0.dn_rdq_n_reg[510]/D
0.051     2         SLR0      SLR1       g_dnpipe0.g_dn[5].g_full.mem_reg_uram_7/CLK -> g_dnpipe0.dn_rdq_n_reg[510]/D
0.052     2         SLR0      SLR1       g_dnpipe0.g_dn[7].g_full.mem_reg_uram_7/CLK -> g_dnpipe0.dn_rdq_n_reg[510]/D
0.052     2         SLR0      SLR1       g_dnpipe0.g_dn[7].g_full.mem_reg_uram_7/CLK -> g_dnpipe0.dn_rdq_n_reg[510]/D
0.054     2         SLR0      SLR1       g_dnpipe0.g_dn[8].g_full.mem_reg_uram_13/CLK -> g_dnpipe0.dn_rdq_n_reg[945]/D
0.054     2         SLR0      SLR1       g_dnpipe0.g_dn[8].g_full.mem_reg_uram_13/CLK -> g_dnpipe0.dn_rdq_n_reg[945]/D
0.055     2         SLR0      SLR1       g_dnpipe0.g_dn[2].g_full.mem_reg_uram_0/CLK -> g_dnpipe0.dn_rdq_n_reg[13]/D
0.055     2         SLR0      SLR1       g_dnpipe0.g_dn[2].g_full.mem_reg_uram_0/CLK -> g_dnpipe0.dn_rdq_n_reg[13]/D
0.056     2         SLR0      SLR1       g_dnpipe0.g_dn[8].g_full.mem_reg_uram_14/CLK -> g_dnpipe0.dn_rdq_n_reg[1056]/D
0.056     2         SLR0      SLR1       g_dnpipe0.g_dn[8].g_full.mem_reg_uram_14/CLK -> g_dnpipe0.dn_rdq_n_reg[1056]/D

---- full report_timing on the worst 10 ----
Copyright 1986-2022 Xilinx, Inc. All Rights Reserved. Copyright 2022-2024 Advanced Micro Devices, Inc. All Rights Reserved.
-------------------------------------------------------------------------------------------------------------------------------------------------------------------------------------------------------------------------------------------------
| Tool Version      : Vivado v.2024.2 (lin64) Build 5239630 Fri Nov 08 22:34:34 MST 2024
| Date              : Tue Aug 25 21:54:45 2026
| Host              : snoke running 64-bit Ubuntu 24.04.4 LTS
| Command           : report_timing -to [get_cells -quiet -hier -filter {NAME =~ *dn_rdq_n_reg*}] -max_paths 10 -nworst 10 -setup -file /home/cah/r2d2/code/fpga/fable5_llm/synth/out_exp_uram_r2int8p_alt/reports/dn_bank_mux_paths.rpt -append
| Design            : layer_chan
| Device            : xcvu9p-fsgd2104
| Speed File        : -2L  PRODUCTION 1.28 03-30-2022
| Design State      : Fully Placed
| Temperature Grade : E
-------------------------------------------------------------------------------------------------------------------------------------------------------------------------------------------------------------------------------------------------

Timing Report

Slack (MET) :             0.033ns  (required time - arrival time)
  Source:                 g_dnpipe0.g_dn[8].g_full.mem_reg_uram_13/CLK
                            (rising edge-triggered cell URAM288 clocked by aclk  {rise@0.000ns fall@2.000ns period=4.000ns})
  Destination:            g_dnpipe0.dn_rdq_n_reg[943]/D
                            (rising edge-triggered cell FDRE clocked by aclk  {rise@0.000ns fall@2.000ns period=4.000ns})
  Path Group:             aclk
  Path Type:              Setup (Max at Slow Process Corner)
  Requirement:            4.000ns  (aclk rise@4.000ns - aclk rise@0.000ns)
  Data Path Delay:        3.891ns  (logic 1.398ns (35.929%)  route 2.493ns (64.071%))
  Logic Levels:           2  (LUT5=1 LUT6=1)
  Clock Path Skew:        -0.062ns (DCD - SCD + CPR)
    Destination Clock Delay (DCD):    0.021ns = ( 4.021 - 4.000 ) 
    Source Clock Delay      (SCD):    0.083ns
    Clock Pessimism Removal (CPR):    0.000ns
  Clock Uncertainty:      0.035ns  ((TSJ^2 + TIJ^2)^1/2 + DJ) / 2 + PE
    Total System Jitter     (TSJ):    0.071ns
    Total Input Jitter      (TIJ):    0.000ns
    Discrete Jitter          (DJ):    0.000ns
    Phase Error              (PE):    0.000ns
  Inter-SLR Compensation: 0.003ns  (DCD * PF)
    Destination Clock Delay (DCD):    0.021ns
    Prorating Factor         (PF):    0.150

    Location             Delay type                Incr(ns)  Path(ns)    Netlist Resource(s)
  -------------------------------------------------------------------    -------------------
                         (clock aclk rise edge)       0.000     0.000 r  
                                                      0.000     0.000 r  aclk (IN)
                         net (fo=67100, unset)        0.083     0.083    aclk
    URAM288_X1Y46        URAM288                                      r  g_dnpipe0.g_dn[8].g_full.mem_reg_uram_13/CLK
  -------------------------------------------------------------------    -------------------
    URAM288_X1Y46        URAM288 (Prop_URAM_288K_INST_URAM288_CLK_DOUT_A[7])
                                                      1.272     1.355 r  g_dnpipe0.g_dn[8].g_full.mem_reg_uram_13/DOUT_A[7]
                         net (fo=1, estimated)        2.394     3.749    g_dnpipe0.g_dn[8].g_full.mem_reg_uram_13_n_414
    SLR Crossing[0->1]   
    SLICE_X97Y310        LUT6 (Prop_C6LUT_SLICEM_I5_O)
                                                      0.037     3.786 r  g_dnpipe0.dn_rdq_n[943]_i_2/O
                         net (fo=1, estimated)        0.040     3.826    g_dnpipe0.dn_rdq_n[943]_i_2_n_0
    SLICE_X97Y310        LUT5 (Prop_B6LUT_SLICEM_I0_O)
                                                      0.089     3.915 r  g_dnpipe0.dn_rdq_n[943]_i_1/O
                         net (fo=1, routed)           0.059     3.974    dn_rdq_b[943]
    SLICE_X97Y310        FDRE                                         r  g_dnpipe0.dn_rdq_n_reg[943]/D
  -------------------------------------------------------------------    -------------------

                         (clock aclk rise edge)       4.000     4.000 r  
                                                      0.000     4.000 r  aclk (IN)
                         net (fo=67100, unset)        0.021     4.021    aclk
    SLICE_X97Y310        FDRE                                         r  g_dnpipe0.dn_rdq_n_reg[943]/C
                         clock pessimism              0.000     4.021    
                         inter-SLR compensation      -0.003     4.018    
                         clock uncertainty           -0.035     3.982    
    SLICE_X97Y310        FDRE (Setup_BFF_SLICEM_C_D)
                                                      0.025     4.007    g_dnpipe0.dn_rdq_n_reg[943]
  -------------------------------------------------------------------
                         required time                          4.007    
                         arrival time                          -3.974    
  -------------------------------------------------------------------
                         slack                                  0.033    

Slack (MET) :             0.033ns  (required time - arrival time)
  Source:                 g_dnpipe0.g_dn[8].g_full.mem_reg_uram_13/CLK
                            (rising edge-triggered cell URAM288 clocked by aclk  {rise@0.000ns fall@2.000ns period=4.000ns})
  Destination:            g_dnpipe0.dn_rdq_n_reg[943]/D
                            (rising edge-triggered cell FDRE clocked by aclk  {rise@0.000ns fall@2.000ns period=4.000ns})
  Path Group:             aclk
  Path Type:              Setup (Max at Slow Process Corner)
  Requirement:            4.000ns  (aclk rise@4.000ns - aclk rise@0.000ns)
  Data Path Delay:        3.891ns  (logic 1.398ns (35.929%)  route 2.493ns (64.071%))
  Logic Levels:           2  (LUT5=1 LUT6=1)
  Clock Path Skew:        -0.062ns (DCD - SCD + CPR)
    Destination Clock Delay (DCD):    0.021ns = ( 4.021 - 4.000 ) 
    Source Clock Delay      (SCD):    0.083ns
    Clock Pessimism Removal (CPR):    0.000ns
  Clock Uncertainty:      0.035ns  ((TSJ^2 + TIJ^2)^1/2 + DJ) / 2 + PE
    Total System Jitter     (TSJ):    0.071ns
    Total Input Jitter      (TIJ):    0.000ns
    Discrete Jitter          (DJ):    0.000ns
    Phase Error              (PE):    0.000ns
  Inter-SLR Compensation: 0.003ns  (DCD * PF)
    Destination Clock Delay (DCD):    0.021ns
    Prorating Factor         (PF):    0.150

    Location             Delay type                Incr(ns)  Path(ns)    Netlist Resource(s)
  -------------------------------------------------------------------    -------------------
                         (clock aclk rise edge)       0.000     0.000 r  
                                                      0.000     0.000 r  aclk (IN)
                         net (fo=67100, unset)        0.083     0.083    aclk
    URAM288_X1Y46        URAM288                                      r  g_dnpipe0.g_dn[8].g_full.mem_reg_uram_13/CLK
  -------------------------------------------------------------------    -------------------
    URAM288_X1Y46        URAM288 (Prop_URAM_288K_INST_URAM288_CLK_DOUT_A[7])
                                                      1.272     1.355 f  g_dnpipe0.g_dn[8].g_full.mem_reg_uram_13/DOUT_A[7]
                         net (fo=1, estimated)        2.394     3.749    g_dnpipe0.g_dn[8].g_full.mem_reg_uram_13_n_414
    SLR Crossing[0->1]   
    SLICE_X97Y310        LUT6 (Prop_C6LUT_SLICEM_I5_O)
                                                      0.037     3.786 f  g_dnpipe0.dn_rdq_n[943]_i_2/O
                         net (fo=1, estimated)        0.040     3.826    g_dnpipe0.dn_rdq_n[943]_i_2_n_0
    SLICE_X97Y310        LUT5 (Prop_B6LUT_SLICEM_I0_O)
                                                      0.089     3.915 f  g_dnpipe0.dn_rdq_n[943]_i_1/O
                         net (fo=1, routed)           0.059     3.974    dn_rdq_b[943]
    SLICE_X97Y310        FDRE                                         f  g_dnpipe0.dn_rdq_n_reg[943]/D
  -------------------------------------------------------------------    -------------------

                         (clock aclk rise edge)       4.000     4.000 r  
                                                      0.000     4.000 r  aclk (IN)
                         net (fo=67100, unset)        0.021     4.021    aclk
    SLICE_X97Y310        FDRE                                         r  g_dnpipe0.dn_rdq_n_reg[943]/C
                         clock pessimism              0.000     4.021    
                         inter-SLR compensation      -0.003     4.018    
                         clock uncertainty           -0.035     3.982    
    SLICE_X97Y310        FDRE (Setup_BFF_SLICEM_C_D)
                                                      0.025     4.007    g_dnpipe0.dn_rdq_n_reg[943]
  -------------------------------------------------------------------
                         required time                          4.007    
                         arrival time                          -3.974    
  -------------------------------------------------------------------
                         slack                                  0.033    

Slack (MET) :             0.039ns  (required time - arrival time)
  Source:                 g_dnpipe0.g_dn[2].g_full.mem_reg_uram_0/CLK
                            (rising edge-triggered cell URAM288 clocked by aclk  {rise@0.000ns fall@2.000ns period=4.000ns})
  Destination:            g_dnpipe0.dn_rdq_n_reg[10]/D
                            (rising edge-triggered cell FDRE clocked by aclk  {rise@0.000ns fall@2.000ns period=4.000ns})
  Path Group:             aclk
  Path Type:              Setup (Max at Slow Process Corner)
  Requirement:            4.000ns  (aclk rise@4.000ns - aclk rise@0.000ns)
  Data Path Delay:        3.885ns  (logic 1.415ns (36.422%)  route 2.470ns (63.578%))
  Logic Levels:           2  (LUT5=1 LUT6=1)
  Clock Path Skew:        -0.062ns (DCD - SCD + CPR)
    Destination Clock Delay (DCD):    0.021ns = ( 4.021 - 4.000 ) 
    Source Clock Delay      (SCD):    0.083ns
    Clock Pessimism Removal (CPR):    0.000ns
  Clock Uncertainty:      0.035ns  ((TSJ^2 + TIJ^2)^1/2 + DJ) / 2 + PE
    Total System Jitter     (TSJ):    0.071ns
    Total Input Jitter      (TIJ):    0.000ns
    Discrete Jitter          (DJ):    0.000ns
    Phase Error              (PE):    0.000ns
  Inter-SLR Compensation: 0.003ns  (DCD * PF)
    Destination Clock Delay (DCD):    0.021ns
    Prorating Factor         (PF):    0.150

    Location             Delay type                Incr(ns)  Path(ns)    Netlist Resource(s)
  -------------------------------------------------------------------    -------------------
                         (clock aclk rise edge)       0.000     0.000 r  
                                                      0.000     0.000 r  aclk (IN)
                         net (fo=67100, unset)        0.083     0.083    aclk
    URAM288_X1Y40        URAM288                                      r  g_dnpipe0.g_dn[2].g_full.mem_reg_uram_0/CLK
  -------------------------------------------------------------------    -------------------
    URAM288_X1Y40        URAM288 (Prop_URAM_288K_INST_URAM288_CLK_DOUT_A[10])
                                                      1.253     1.336 r  g_dnpipe0.g_dn[2].g_full.mem_reg_uram_0/DOUT_A[10]
                         net (fo=1, estimated)        1.112     2.448    g_dnpipe0.g_dn[2].g_full.mem_reg_uram_0_n_411
    SLICE_X78Y231        LUT6 (Prop_B6LUT_SLICEM_I1_O)
                                                      0.125     2.573 r  g_dnpipe0.dn_rdq_n[10]_i_4/O
                         net (fo=1, estimated)        1.299     3.872    g_dnpipe0.dn_rdq_n[10]_i_4_n_0
    SLR Crossing[0->1]   
    SLICE_X88Y305        LUT5 (Prop_B6LUT_SLICEM_I4_O)
                                                      0.037     3.909 r  g_dnpipe0.dn_rdq_n[10]_i_1/O
                         net (fo=1, routed)           0.059     3.968    dn_rdq_b[10]
    SLICE_X88Y305        FDRE                                         r  g_dnpipe0.dn_rdq_n_reg[10]/D
  -------------------------------------------------------------------    -------------------

                         (clock aclk rise edge)       4.000     4.000 r  
                                                      0.000     4.000 r  aclk (IN)
                         net (fo=67100, unset)        0.021     4.021    aclk
    SLICE_X88Y305        FDRE                                         r  g_dnpipe0.dn_rdq_n_reg[10]/C
                         clock pessimism              0.000     4.021    
                         inter-SLR compensation      -0.003     4.018    
                         clock uncertainty           -0.035     3.982    
    SLICE_X88Y305        FDRE (Setup_BFF_SLICEM_C_D)
                                                      0.025     4.007    g_dnpipe0.dn_rdq_n_reg[10]
  -------------------------------------------------------------------
                         required time                          4.007    
                         arrival time                          -3.968    
  -------------------------------------------------------------------
                         slack                                  0.039    

Slack (MET) :             0.039ns  (required time - arrival time)
  Source:                 g_dnpipe0.g_dn[2].g_full.mem_reg_uram_0/CLK
                            (rising edge-triggered cell URAM288 clocked by aclk  {rise@0.000ns fall@2.000ns period=4.000ns})
  Destination:            g_dnpipe0.dn_rdq_n_reg[10]/D
                            (rising edge-triggered cell FDRE clocked by aclk  {rise@0.000ns fall@2.000ns period=4.000ns})
  Path Group:             aclk
  Path Type:              Setup (Max at Slow Process Corner)
  Requirement:            4.000ns  (aclk rise@4.000ns - aclk rise@0.000ns)
  Data Path Delay:        3.885ns  (logic 1.415ns (36.422%)  route 2.470ns (63.578%))
  Logic Levels:           2  (LUT5=1 LUT6=1)
  Clock Path Skew:        -0.062ns (DCD - SCD + CPR)
    Destination Clock Delay (DCD):    0.021ns = ( 4.021 - 4.000 ) 
    Source Clock Delay      (SCD):    0.083ns
    Clock Pessimism Removal (CPR):    0.000ns
  Clock Uncertainty:      0.035ns  ((TSJ^2 + TIJ^2)^1/2 + DJ) / 2 + PE
    Total System Jitter     (TSJ):    0.071ns
    Total Input Jitter      (TIJ):    0.000ns
    Discrete Jitter          (DJ):    0.000ns
    Phase Error              (PE):    0.000ns
  Inter-SLR Compensation: 0.003ns  (DCD * PF)
    Destination Clock Delay (DCD):    0.021ns
    Prorating Factor         (PF):    0.150

    Location             Delay type                Incr(ns)  Path(ns)    Netlist Resource(s)
  -------------------------------------------------------------------    -------------------
                         (clock aclk rise edge)       0.000     0.000 r  
                                                      0.000     0.000 r  aclk (IN)
                         net (fo=67100, unset)        0.083     0.083    aclk
    URAM288_X1Y40        URAM288                                      r  g_dnpipe0.g_dn[2].g_full.mem_reg_uram_0/CLK
  -------------------------------------------------------------------    -------------------
    URAM288_X1Y40        URAM288 (Prop_URAM_288K_INST_URAM288_CLK_DOUT_A[10])
                                                      1.253     1.336 f  g_dnpipe0.g_dn[2].g_full.mem_reg_uram_0/DOUT_A[10]
                         net (fo=1, estimated)        1.112     2.448    g_dnpipe0.g_dn[2].g_full.mem_reg_uram_0_n_411
    SLICE_X78Y231        LUT6 (Prop_B6LUT_SLICEM_I1_O)
                                                      0.125     2.573 f  g_dnpipe0.dn_rdq_n[10]_i_4/O
                         net (fo=1, estimated)        1.299     3.872    g_dnpipe0.dn_rdq_n[10]_i_4_n_0
    SLR Crossing[0->1]   
    SLICE_X88Y305        LUT5 (Prop_B6LUT_SLICEM_I4_O)
                                                      0.037     3.909 f  g_dnpipe0.dn_rdq_n[10]_i_1/O
                         net (fo=1, routed)           0.059     3.968    dn_rdq_b[10]
    SLICE_X88Y305        FDRE                                         f  g_dnpipe0.dn_rdq_n_reg[10]/D
  -------------------------------------------------------------------    -------------------

                         (clock aclk rise edge)       4.000     4.000 r  
                                                      0.000     4.000 r  aclk (IN)
                         net (fo=67100, unset)        0.021     4.021    aclk
    SLICE_X88Y305        FDRE                                         r  g_dnpipe0.dn_rdq_n_reg[10]/C
                         clock pessimism              0.000     4.021    
                         inter-SLR compensation      -0.003     4.018    
                         clock uncertainty           -0.035     3.982    
    SLICE_X88Y305        FDRE (Setup_BFF_SLICEM_C_D)
                                                      0.025     4.007    g_dnpipe0.dn_rdq_n_reg[10]
  -------------------------------------------------------------------
                         required time                          4.007    
                         arrival time                          -3.968    
  -------------------------------------------------------------------
                         slack                                  0.039    

Slack (MET) :             0.042ns  (required time - arrival time)
  Source:                 g_dnpipe0.g_dn[8].g_full.mem_reg_uram_13/CLK
                            (rising edge-triggered cell URAM288 clocked by aclk  {rise@0.000ns fall@2.000ns period=4.000ns})
  Destination:            g_dnpipe0.dn_rdq_n_reg[951]/D
                            (rising edge-triggered cell FDRE clocked by aclk  {rise@0.000ns fall@2.000ns period=4.000ns})
  Path Group:             aclk
  Path Type:              Setup (Max at Slow Process Corner)
  Requirement:            4.000ns  (aclk rise@4.000ns - aclk rise@0.000ns)
  Data Path Delay:        3.882ns  (logic 1.379ns (35.523%)  route 2.503ns (64.477%))
  Logic Levels:           2  (LUT5=1 LUT6=1)
  Clock Path Skew:        -0.062ns (DCD - SCD + CPR)
    Destination Clock Delay (DCD):    0.021ns = ( 4.021 - 4.000 ) 
    Source Clock Delay      (SCD):    0.083ns
    Clock Pessimism Removal (CPR):    0.000ns
  Clock Uncertainty:      0.035ns  ((TSJ^2 + TIJ^2)^1/2 + DJ) / 2 + PE
    Total System Jitter     (TSJ):    0.071ns
    Total Input Jitter      (TIJ):    0.000ns
    Discrete Jitter          (DJ):    0.000ns
    Phase Error              (PE):    0.000ns
  Inter-SLR Compensation: 0.003ns  (DCD * PF)
    Destination Clock Delay (DCD):    0.021ns
    Prorating Factor         (PF):    0.150

    Location             Delay type                Incr(ns)  Path(ns)    Netlist Resource(s)
  -------------------------------------------------------------------    -------------------
                         (clock aclk rise edge)       0.000     0.000 r  
                                                      0.000     0.000 r  aclk (IN)
                         net (fo=67100, unset)        0.083     0.083    aclk
    URAM288_X1Y46        URAM288                                      r  g_dnpipe0.g_dn[8].g_full.mem_reg_uram_13/CLK
  -------------------------------------------------------------------    -------------------
    URAM288_X1Y46        URAM288 (Prop_URAM_288K_INST_URAM288_CLK_DOUT_A[15])
                                                      1.253     1.336 r  g_dnpipe0.g_dn[8].g_full.mem_reg_uram_13/DOUT_A[15]
                         net (fo=1, estimated)        2.332     3.668    g_dnpipe0.g_dn[8].g_full.mem_reg_uram_13_n_406
    SLR Crossing[0->1]   
    SLICE_X100Y307       LUT6 (Prop_A6LUT_SLICEM_I5_O)
                                                      0.038     3.706 r  g_dnpipe0.dn_rdq_n[951]_i_2/O
                         net (fo=1, estimated)        0.099     3.805    g_dnpipe0.dn_rdq_n[951]_i_2_n_0
    SLICE_X100Y307       LUT5 (Prop_D6LUT_SLICEM_I0_O)
                                                      0.088     3.893 r  g_dnpipe0.dn_rdq_n[951]_i_1/O
                         net (fo=1, routed)           0.072     3.965    dn_rdq_b[951]
    SLICE_X100Y307       FDRE                                         r  g_dnpipe0.dn_rdq_n_reg[951]/D
  -------------------------------------------------------------------    -------------------

                         (clock aclk rise edge)       4.000     4.000 r  
                                                      0.000     4.000 r  aclk (IN)
                         net (fo=67100, unset)        0.021     4.021    aclk
    SLICE_X100Y307       FDRE                                         r  g_dnpipe0.dn_rdq_n_reg[951]/C
                         clock pessimism              0.000     4.021    
                         inter-SLR compensation      -0.003     4.018    
                         clock uncertainty           -0.035     3.982    
    SLICE_X100Y307       FDRE (Setup_DFF_SLICEM_C_D)
                                                      0.025     4.007    g_dnpipe0.dn_rdq_n_reg[951]
  -------------------------------------------------------------------
                         required time                          4.007    
                         arrival time                          -3.965    
  -------------------------------------------------------------------
                         slack                                  0.042    

Slack (MET) :             0.042ns  (required time - arrival time)
  Source:                 g_dnpipe0.g_dn[8].g_full.mem_reg_uram_13/CLK
                            (rising edge-triggered cell URAM288 clocked by aclk  {rise@0.000ns fall@2.000ns period=4.000ns})
  Destination:            g_dnpipe0.dn_rdq_n_reg[951]/D
                            (rising edge-triggered cell FDRE clocked by aclk  {rise@0.000ns fall@2.000ns period=4.000ns})
  Path Group:             aclk
  Path Type:              Setup (Max at Slow Process Corner)
  Requirement:            4.000ns  (aclk rise@4.000ns - aclk rise@0.000ns)
  Data Path Delay:        3.882ns  (logic 1.379ns (35.523%)  route 2.503ns (64.477%))
  Logic Levels:           2  (LUT5=1 LUT6=1)
  Clock Path Skew:        -0.062ns (DCD - SCD + CPR)
    Destination Clock Delay (DCD):    0.021ns = ( 4.021 - 4.000 ) 
    Source Clock Delay      (SCD):    0.083ns
    Clock Pessimism Removal (CPR):    0.000ns
  Clock Uncertainty:      0.035ns  ((TSJ^2 + TIJ^2)^1/2 + DJ) / 2 + PE
    Total System Jitter     (TSJ):    0.071ns
    Total Input Jitter      (TIJ):    0.000ns
    Discrete Jitter          (DJ):    0.000ns
    Phase Error              (PE):    0.000ns
  Inter-SLR Compensation: 0.003ns  (DCD * PF)
    Destination Clock Delay (DCD):    0.021ns
    Prorating Factor         (PF):    0.150

    Location             Delay type                Incr(ns)  Path(ns)    Netlist Resource(s)
  -------------------------------------------------------------------    -------------------
                         (clock aclk rise edge)       0.000     0.000 r  
                                                      0.000     0.000 r  aclk (IN)
                         net (fo=67100, unset)        0.083     0.083    aclk
    URAM288_X1Y46        URAM288                                      r  g_dnpipe0.g_dn[8].g_full.mem_reg_uram_13/CLK
  -------------------------------------------------------------------    -------------------
    URAM288_X1Y46        URAM288 (Prop_URAM_288K_INST_URAM288_CLK_DOUT_A[15])
                                                      1.253     1.336 f  g_dnpipe0.g_dn[8].g_full.mem_reg_uram_13/DOUT_A[15]
                         net (fo=1, estimated)        2.332     3.668    g_dnpipe0.g_dn[8].g_full.mem_reg_uram_13_n_406
    SLR Crossing[0->1]   
    SLICE_X100Y307       LUT6 (Prop_A6LUT_SLICEM_I5_O)
                                                      0.038     3.706 f  g_dnpipe0.dn_rdq_n[951]_i_2/O
                         net (fo=1, estimated)        0.099     3.805    g_dnpipe0.dn_rdq_n[951]_i_2_n_0
    SLICE_X100Y307       LUT5 (Prop_D6LUT_SLICEM_I0_O)
                                                      0.088     3.893 f  g_dnpipe0.dn_rdq_n[951]_i_1/O
                         net (fo=1, routed)           0.072     3.965    dn_rdq_b[951]
    SLICE_X100Y307       FDRE                                         f  g_dnpipe0.dn_rdq_n_reg[951]/D
  -------------------------------------------------------------------    -------------------

                         (clock aclk rise edge)       4.000     4.000 r  
                                                      0.000     4.000 r  aclk (IN)
                         net (fo=67100, unset)        0.021     4.021    aclk
    SLICE_X100Y307       FDRE                                         r  g_dnpipe0.dn_rdq_n_reg[951]/C
                         clock pessimism              0.000     4.021    
                         inter-SLR compensation      -0.003     4.018    
                         clock uncertainty           -0.035     3.982    
    SLICE_X100Y307       FDRE (Setup_DFF_SLICEM_C_D)
                                                      0.025     4.007    g_dnpipe0.dn_rdq_n_reg[951]
  -------------------------------------------------------------------
                         required time                          4.007    
                         arrival time                          -3.965    
  -------------------------------------------------------------------
                         slack                                  0.042    

Slack (MET) :             0.043ns  (required time - arrival time)
  Source:                 g_dnpipe0.g_dn[2].g_full.mem_reg_uram_0/CLK
                            (rising edge-triggered cell URAM288 clocked by aclk  {rise@0.000ns fall@2.000ns period=4.000ns})
  Destination:            g_dnpipe0.dn_rdq_n_reg[16]/D
                            (rising edge-triggered cell FDRE clocked by aclk  {rise@0.000ns fall@2.000ns period=4.000ns})
  Path Group:             aclk
  Path Type:              Setup (Max at Slow Process Corner)
  Requirement:            4.000ns  (aclk rise@4.000ns - aclk rise@0.000ns)
  Data Path Delay:        3.881ns  (logic 1.421ns (36.614%)  route 2.460ns (63.386%))
  Logic Levels:           2  (LUT5=1 LUT6=1)
  Clock Path Skew:        -0.062ns (DCD - SCD + CPR)
    Destination Clock Delay (DCD):    0.021ns = ( 4.021 - 4.000 ) 
    Source Clock Delay      (SCD):    0.083ns
    Clock Pessimism Removal (CPR):    0.000ns
  Clock Uncertainty:      0.035ns  ((TSJ^2 + TIJ^2)^1/2 + DJ) / 2 + PE
    Total System Jitter     (TSJ):    0.071ns
    Total Input Jitter      (TIJ):    0.000ns
    Discrete Jitter          (DJ):    0.000ns
    Phase Error              (PE):    0.000ns
  Inter-SLR Compensation: 0.003ns  (DCD * PF)
    Destination Clock Delay (DCD):    0.021ns
    Prorating Factor         (PF):    0.150

    Location             Delay type                Incr(ns)  Path(ns)    Netlist Resource(s)
  -------------------------------------------------------------------    -------------------
                         (clock aclk rise edge)       0.000     0.000 r  
                                                      0.000     0.000 r  aclk (IN)
                         net (fo=67100, unset)        0.083     0.083    aclk
    URAM288_X1Y40        URAM288                                      r  g_dnpipe0.g_dn[2].g_full.mem_reg_uram_0/CLK
  -------------------------------------------------------------------    -------------------
    URAM288_X1Y40        URAM288 (Prop_URAM_288K_INST_URAM288_CLK_DOUT_A[16])
                                                      1.259     1.342 r  g_dnpipe0.g_dn[2].g_full.mem_reg_uram_0/DOUT_A[16]
                         net (fo=1, estimated)        2.248     3.590    g_dnpipe0.g_dn[2].g_full.mem_reg_uram_0_n_405
    SLR Crossing[0->1]   
    SLICE_X88Y303        LUT6 (Prop_H6LUT_SLICEM_I1_O)
                                                      0.125     3.715 r  g_dnpipe0.dn_rdq_n[16]_i_4/O
                         net (fo=1, estimated)        0.140     3.855    g_dnpipe0.dn_rdq_n[16]_i_4_n_0
    SLICE_X88Y305        LUT5 (Prop_D6LUT_SLICEM_I4_O)
                                                      0.037     3.892 r  g_dnpipe0.dn_rdq_n[16]_i_1/O
                         net (fo=1, routed)           0.072     3.964    dn_rdq_b[16]
    SLICE_X88Y305        FDRE                                         r  g_dnpipe0.dn_rdq_n_reg[16]/D
  -------------------------------------------------------------------    -------------------

                         (clock aclk rise edge)       4.000     4.000 r  
                                                      0.000     4.000 r  aclk (IN)
                         net (fo=67100, unset)        0.021     4.021    aclk
    SLICE_X88Y305        FDRE                                         r  g_dnpipe0.dn_rdq_n_reg[16]/C
                         clock pessimism              0.000     4.021    
                         inter-SLR compensation      -0.003     4.018    
                         clock uncertainty           -0.035     3.982    
    SLICE_X88Y305        FDRE (Setup_DFF_SLICEM_C_D)
                                                      0.025     4.007    g_dnpipe0.dn_rdq_n_reg[16]
  -------------------------------------------------------------------
                         required time                          4.007    
                         arrival time                          -3.964    
  -------------------------------------------------------------------
                         slack                                  0.043    

Slack (MET) :             0.043ns  (required time - arrival time)
  Source:                 g_dnpipe0.g_dn[2].g_full.mem_reg_uram_0/CLK
                            (rising edge-triggered cell URAM288 clocked by aclk  {rise@0.000ns fall@2.000ns period=4.000ns})
  Destination:            g_dnpipe0.dn_rdq_n_reg[16]/D
                            (rising edge-triggered cell FDRE clocked by aclk  {rise@0.000ns fall@2.000ns period=4.000ns})
  Path Group:             aclk
  Path Type:              Setup (Max at Slow Process Corner)
  Requirement:            4.000ns  (aclk rise@4.000ns - aclk rise@0.000ns)
  Data Path Delay:        3.881ns  (logic 1.421ns (36.614%)  route 2.460ns (63.386%))
  Logic Levels:           2  (LUT5=1 LUT6=1)
  Clock Path Skew:        -0.062ns (DCD - SCD + CPR)
    Destination Clock Delay (DCD):    0.021ns = ( 4.021 - 4.000 ) 
    Source Clock Delay      (SCD):    0.083ns
    Clock Pessimism Removal (CPR):    0.000ns
  Clock Uncertainty:      0.035ns  ((TSJ^2 + TIJ^2)^1/2 + DJ) / 2 + PE
    Total System Jitter     (TSJ):    0.071ns
    Total Input Jitter      (TIJ):    0.000ns
    Discrete Jitter          (DJ):    0.000ns
    Phase Error              (PE):    0.000ns
  Inter-SLR Compensation: 0.003ns  (DCD * PF)
    Destination Clock Delay (DCD):    0.021ns
    Prorating Factor         (PF):    0.150

    Location             Delay type                Incr(ns)  Path(ns)    Netlist Resource(s)
  -------------------------------------------------------------------    -------------------
                         (clock aclk rise edge)       0.000     0.000 r  
                                                      0.000     0.000 r  aclk (IN)
                         net (fo=67100, unset)        0.083     0.083    aclk
    URAM288_X1Y40        URAM288                                      r  g_dnpipe0.g_dn[2].g_full.mem_reg_uram_0/CLK
  -------------------------------------------------------------------    -------------------
    URAM288_X1Y40        URAM288 (Prop_URAM_288K_INST_URAM288_CLK_DOUT_A[16])
                                                      1.259     1.342 f  g_dnpipe0.g_dn[2].g_full.mem_reg_uram_0/DOUT_A[16]
                         net (fo=1, estimated)        2.248     3.590    g_dnpipe0.g_dn[2].g_full.mem_reg_uram_0_n_405
    SLR Crossing[0->1]   
    SLICE_X88Y303        LUT6 (Prop_H6LUT_SLICEM_I1_O)
                                                      0.125     3.715 f  g_dnpipe0.dn_rdq_n[16]_i_4/O
                         net (fo=1, estimated)        0.140     3.855    g_dnpipe0.dn_rdq_n[16]_i_4_n_0
    SLICE_X88Y305        LUT5 (Prop_D6LUT_SLICEM_I4_O)
                                                      0.037     3.892 f  g_dnpipe0.dn_rdq_n[16]_i_1/O
                         net (fo=1, routed)           0.072     3.964    dn_rdq_b[16]
    SLICE_X88Y305        FDRE                                         f  g_dnpipe0.dn_rdq_n_reg[16]/D
  -------------------------------------------------------------------    -------------------

                         (clock aclk rise edge)       4.000     4.000 r  
                                                      0.000     4.000 r  aclk (IN)
                         net (fo=67100, unset)        0.021     4.021    aclk
    SLICE_X88Y305        FDRE                                         r  g_dnpipe0.dn_rdq_n_reg[16]/C
                         clock pessimism              0.000     4.021    
                         inter-SLR compensation      -0.003     4.018    
                         clock uncertainty           -0.035     3.982    
    SLICE_X88Y305        FDRE (Setup_DFF_SLICEM_C_D)
                                                      0.025     4.007    g_dnpipe0.dn_rdq_n_reg[16]
  -------------------------------------------------------------------
                         required time                          4.007    
                         arrival time                          -3.964    
  -------------------------------------------------------------------
                         slack                                  0.043    

Slack (MET) :             0.044ns  (required time - arrival time)
  Source:                 g_dnpipe0.g_dn[2].g_full.mem_reg_uram_24/CLK
                            (rising edge-triggered cell URAM288 clocked by aclk  {rise@0.000ns fall@2.000ns period=4.000ns})
  Destination:            g_dnpipe0.dn_rdq_n_reg[1795]/D
                            (rising edge-triggered cell FDRE clocked by aclk  {rise@0.000ns fall@2.000ns period=4.000ns})
  Path Group:             aclk
  Path Type:              Setup (Max at Slow Process Corner)
  Requirement:            4.000ns  (aclk rise@4.000ns - aclk rise@0.000ns)
  Data Path Delay:        3.880ns  (logic 1.351ns (34.820%)  route 2.529ns (65.180%))
  Logic Levels:           2  (LUT5=1 LUT6=1)
  Clock Path Skew:        -0.063ns (DCD - SCD + CPR)
    Destination Clock Delay (DCD):    0.020ns = ( 4.020 - 4.000 ) 
    Source Clock Delay      (SCD):    0.083ns
    Clock Pessimism Removal (CPR):    0.000ns
  Clock Uncertainty:      0.035ns  ((TSJ^2 + TIJ^2)^1/2 + DJ) / 2 + PE
    Total System Jitter     (TSJ):    0.071ns
    Total Input Jitter      (TIJ):    0.000ns
    Discrete Jitter          (DJ):    0.000ns
    Phase Error              (PE):    0.000ns
  Inter-SLR Compensation: 0.003ns  (DCD * PF)
    Destination Clock Delay (DCD):    0.020ns
    Prorating Factor         (PF):    0.150

    Location             Delay type                Incr(ns)  Path(ns)    Netlist Resource(s)
  -------------------------------------------------------------------    -------------------
                         (clock aclk rise edge)       0.000     0.000 r  
                                                      0.000     0.000 r  aclk (IN)
                         net (fo=67100, unset)        0.083     0.083    aclk
    URAM288_X0Y48        URAM288                                      r  g_dnpipe0.g_dn[2].g_full.mem_reg_uram_24/CLK
  -------------------------------------------------------------------    -------------------
    URAM288_X0Y48        URAM288 (Prop_URAM_288K_INST_URAM288_CLK_DOUT_A[67])
                                                      1.192     1.275 r  g_dnpipe0.g_dn[2].g_full.mem_reg_uram_24/DOUT_A[67]
                         net (fo=1, estimated)        2.440     3.715    g_dnpipe0.g_dn[2].g_full.mem_reg_uram_24_n_354
    SLR Crossing[0->1]   
    SLICE_X55Y346        LUT6 (Prop_E6LUT_SLICEL_I1_O)
                                                      0.123     3.838 r  g_dnpipe0.dn_rdq_n[1795]_i_4/O
                         net (fo=1, estimated)        0.040     3.878    g_dnpipe0.dn_rdq_n[1795]_i_4_n_0
    SLICE_X55Y346        LUT5 (Prop_D6LUT_SLICEL_I4_O)
                                                      0.036     3.914 r  g_dnpipe0.dn_rdq_n[1795]_i_1/O
                         net (fo=1, routed)           0.049     3.963    dn_rdq_b[1795]
    SLICE_X55Y346        FDRE                                         r  g_dnpipe0.dn_rdq_n_reg[1795]/D
  -------------------------------------------------------------------    -------------------

                         (clock aclk rise edge)       4.000     4.000 r  
                                                      0.000     4.000 r  aclk (IN)
                         net (fo=67100, unset)        0.020     4.020    aclk
    SLICE_X55Y346        FDRE                                         r  g_dnpipe0.dn_rdq_n_reg[1795]/C
                         clock pessimism              0.000     4.020    
                         inter-SLR compensation      -0.003     4.017    
                         clock uncertainty           -0.035     3.982    
    SLICE_X55Y346        FDRE (Setup_DFF_SLICEL_C_D)
                                                      0.025     4.007    g_dnpipe0.dn_rdq_n_reg[1795]
  -------------------------------------------------------------------
                         required time                          4.007    
                         arrival time                          -3.963    
  -------------------------------------------------------------------
                         slack                                  0.044    

Slack (MET) :             0.044ns  (required time - arrival time)
  Source:                 g_dnpipe0.g_dn[2].g_full.mem_reg_uram_24/CLK
                            (rising edge-triggered cell URAM288 clocked by aclk  {rise@0.000ns fall@2.000ns period=4.000ns})
  Destination:            g_dnpipe0.dn_rdq_n_reg[1795]/D
                            (rising edge-triggered cell FDRE clocked by aclk  {rise@0.000ns fall@2.000ns period=4.000ns})
  Path Group:             aclk
  Path Type:              Setup (Max at Slow Process Corner)
  Requirement:            4.000ns  (aclk rise@4.000ns - aclk rise@0.000ns)
  Data Path Delay:        3.880ns  (logic 1.351ns (34.820%)  route 2.529ns (65.180%))
  Logic Levels:           2  (LUT5=1 LUT6=1)
  Clock Path Skew:        -0.063ns (DCD - SCD + CPR)
    Destination Clock Delay (DCD):    0.020ns = ( 4.020 - 4.000 ) 
    Source Clock Delay      (SCD):    0.083ns
    Clock Pessimism Removal (CPR):    0.000ns
  Clock Uncertainty:      0.035ns  ((TSJ^2 + TIJ^2)^1/2 + DJ) / 2 + PE
    Total System Jitter     (TSJ):    0.071ns
    Total Input Jitter      (TIJ):    0.000ns
    Discrete Jitter          (DJ):    0.000ns
    Phase Error              (PE):    0.000ns
  Inter-SLR Compensation: 0.003ns  (DCD * PF)
    Destination Clock Delay (DCD):    0.020ns
    Prorating Factor         (PF):    0.150

    Location             Delay type                Incr(ns)  Path(ns)    Netlist Resource(s)
  -------------------------------------------------------------------    -------------------
                         (clock aclk rise edge)       0.000     0.000 r  
                                                      0.000     0.000 r  aclk (IN)
                         net (fo=67100, unset)        0.083     0.083    aclk
    URAM288_X0Y48        URAM288                                      r  g_dnpipe0.g_dn[2].g_full.mem_reg_uram_24/CLK
  -------------------------------------------------------------------    -------------------
    URAM288_X0Y48        URAM288 (Prop_URAM_288K_INST_URAM288_CLK_DOUT_A[67])
                                                      1.192     1.275 f  g_dnpipe0.g_dn[2].g_full.mem_reg_uram_24/DOUT_A[67]
                         net (fo=1, estimated)        2.440     3.715    g_dnpipe0.g_dn[2].g_full.mem_reg_uram_24_n_354
    SLR Crossing[0->1]   
    SLICE_X55Y346        LUT6 (Prop_E6LUT_SLICEL_I1_O)
                                                      0.123     3.838 f  g_dnpipe0.dn_rdq_n[1795]_i_4/O
                         net (fo=1, estimated)        0.040     3.878    g_dnpipe0.dn_rdq_n[1795]_i_4_n_0
    SLICE_X55Y346        LUT5 (Prop_D6LUT_SLICEL_I4_O)
                                                      0.036     3.914 f  g_dnpipe0.dn_rdq_n[1795]_i_1/O
                         net (fo=1, routed)           0.049     3.963    dn_rdq_b[1795]
    SLICE_X55Y346        FDRE                                         f  g_dnpipe0.dn_rdq_n_reg[1795]/D
  -------------------------------------------------------------------    -------------------

                         (clock aclk rise edge)       4.000     4.000 r  
                                                      0.000     4.000 r  aclk (IN)
                         net (fo=67100, unset)        0.020     4.020    aclk
    SLICE_X55Y346        FDRE                                         r  g_dnpipe0.dn_rdq_n_reg[1795]/C
                         clock pessimism              0.000     4.020    
                         inter-SLR compensation      -0.003     4.017    
                         clock uncertainty           -0.035     3.982    
    SLICE_X55Y346        FDRE (Setup_DFF_SLICEL_C_D)
                                                      0.025     4.007    g_dnpipe0.dn_rdq_n_reg[1795]
  -------------------------------------------------------------------
                         required time                          4.007    
                         arrival time                          -3.963    
  -------------------------------------------------------------------
                         slack                                  0.044    




