=== Track P URAM placement experiment: r2int8p_alt ===
host      : snoke
date      : 2026-08-25T20:47:09-06:00
tree      : 2f46a3ef 30 dirty files
vivado    : /home/cah/r2d2/sc2data/tools/Vivado/2024.2/bin/vivado
params    : LNH=32 N_DN=24 N_KV=8 NKVH=4 CVD=8192 DN_EW=8 DN_PACK=1 DN_PIPE=0 place=1 directive=AltSpreadLogic_medium
EXP_VARIANT: r2int8p_alt
EXP_PARAMS: LNH=32 N_DN=24 N_KV=8 NKVH=4 CVD=8192 DN_EW=8 DN_PACK=1 DN_PIPE=0
EXP_DIRECTIVE: AltSpreadLogic_medium
EXP_PART: xcvu9p-fsgd2104-2L-e
EXP_PREDICT: DN 12 banks x 29 + KV 8 banks x 29 = 580 URAM288
EXP_SYNTH_URAM: 580  (predicted 580)
EXP_SYNTH_BRAM: RAMB36=641 RAMB18=33
EXP_SYNTH_DSP: 1838
EXP_SYNTH_URAM_MATCH: YES
EXP_SYNTH_DN_NONURAM_CELLS: 0
EXP_SYNTH_OK
EXP_OPT_OK (323 s)
EXP_PLACE_OK (2356 s)
EXP_URAM_SLR_SPAN: 3
EXP_URAM_SLR SLR0 110
EXP_URAM_SLR SLR1 238
EXP_URAM_SLR SLR2 232
EXP_DNGRP_ENDPOINT_CELLS: 0
EXP_DNWRITE_WORST_SLACK: -0.119
EXP_DNMUX_ENDPOINT_CELLS: 2048
EXP_DNMUX_WORST_SLACK: 0.033
EXP_PLACED_WNS: -0.119
EXP_PLACED_WHS: 0.014
EXP_DONE
=== exit: 4 EXP_DONE marker(s) ===
