Copyright 1986-2022 Xilinx, Inc. All Rights Reserved. Copyright 2022-2024 Advanced Micro Devices, Inc. All Rights Reserved.
-------------------------------------------------------------------------------------------------------------------------------------------------------------------------------------------------------------------------------------------------------------
| Tool Version      : Vivado v.2024.2 (lin64) Build 5239630 Fri Nov 08 22:34:34 MST 2024
| Date              : Tue Aug 25 21:54:44 2026
| Host              : snoke running 64-bit Ubuntu 24.04.4 LTS
| Command           : report_timing -to [get_cells -quiet -hier -filter {REF_NAME =~ URAM288* && NAME =~ *g_dn*}] -max_paths 10 -nworst 10 -setup -file /home/cah/r2d2/code/fpga/fable5_llm/synth/out_exp_uram_r2int8p_alt/reports/dn_write_fanout_paths.rpt
| Design            : layer_chan
| Device            : xcvu9p-fsgd2104
| Speed File        : -2L  PRODUCTION 1.28 03-30-2022
| Design State      : Fully Placed
| Temperature Grade : E
-------------------------------------------------------------------------------------------------------------------------------------------------------------------------------------------------------------------------------------------------------------

Timing Report

Slack (VIOLATED) :        -0.119ns  (required time - arrival time)
  Source:                 u_dn/s_wren_reg/C
                            (rising edge-triggered cell FDRE clocked by aclk  {rise@0.000ns fall@2.000ns period=4.000ns})
  Destination:            g_dnpipe0.g_dn[2].g_full.mem_reg_uram_7/BWE_B[3]
                            (rising edge-triggered cell URAM288 clocked by aclk  {rise@0.000ns fall@2.000ns period=4.000ns})
  Path Group:             aclk
  Path Type:              Setup (Max at Slow Process Corner)
  Requirement:            4.000ns  (aclk rise@4.000ns - aclk rise@0.000ns)
  Data Path Delay:        3.698ns  (logic 0.204ns (5.516%)  route 3.494ns (94.483%))
  Logic Levels:           2  (LUT3=1 LUT6=1)
  Clock Path Skew:        0.034ns (DCD - SCD + CPR)
    Destination Clock Delay (DCD):    0.064ns = ( 4.064 - 4.000 ) 
    Source Clock Delay      (SCD):    0.030ns
    Clock Pessimism Removal (CPR):    0.000ns
  Clock Uncertainty:      0.035ns  ((TSJ^2 + TIJ^2)^1/2 + DJ) / 2 + PE
    Total System Jitter     (TSJ):    0.071ns
    Total Input Jitter      (TIJ):    0.000ns
    Discrete Jitter          (DJ):    0.000ns
    Phase Error              (PE):    0.000ns
  Inter-SLR Compensation: 0.010ns  (DCD * PF)
    Destination Clock Delay (DCD):    0.064ns
    Prorating Factor         (PF):    0.150

    Location             Delay type                Incr(ns)  Path(ns)    Netlist Resource(s)
  -------------------------------------------------------------------    -------------------
                         (clock aclk rise edge)       0.000     0.000 r  
                                                      0.000     0.000 r  aclk (IN)
                         net (fo=67100, unset)        0.030     0.030    u_dn/aclk
    SLICE_X78Y380        FDRE                                         r  u_dn/s_wren_reg/C
  -------------------------------------------------------------------    -------------------
    SLICE_X78Y380        FDRE (Prop_AFF_SLICEM_C_Q)
                                                      0.077     0.107 r  u_dn/s_wren_reg/Q
                         net (fo=972, estimated)      0.230     0.337    u_dn/dn_wren
    SLICE_X78Y381        LUT6 (Prop_A6LUT_SLICEM_I3_O)
                                                      0.090     0.427 r  u_dn/g_dnpipe0.g_dn[3].g_full.mem_reg_uram_0_i_2/O
                         net (fo=4, estimated)        0.058     0.485    u_dn/g_dnpipe0.g_dn[3].g_full.mem_reg_uram_0_i_2_n_0
    SLICE_X78Y381        LUT3 (Prop_C6LUT_SLICEM_I0_O)
                                                      0.037     0.522 r  u_dn/g_dnpipe0.g_dn[2].g_full.mem_reg_uram_0_i_1/O
                         net (fo=261, estimated)      3.206     3.728    u_dn_n_68
    SLR Crossing[1->0]   
    URAM288_X0Y45        URAM288                                      r  g_dnpipe0.g_dn[2].g_full.mem_reg_uram_7/BWE_B[3]
  -------------------------------------------------------------------    -------------------

                         (clock aclk rise edge)       4.000     4.000 r  
                                                      0.000     4.000 r  aclk (IN)
                         net (fo=67100, unset)        0.064     4.064    aclk
    URAM288_X0Y45        URAM288                                      r  g_dnpipe0.g_dn[2].g_full.mem_reg_uram_7/CLK
                         clock pessimism              0.000     4.064    
                         inter-SLR compensation      -0.010     4.054    
                         clock uncertainty           -0.035     4.019    
    URAM288_X0Y45        URAM288 (Setup_URAM_288K_INST_URAM288_CLK_BWE_B[3])
                                                     -0.410     3.609    g_dnpipe0.g_dn[2].g_full.mem_reg_uram_7
  -------------------------------------------------------------------
                         required time                          3.609    
                         arrival time                          -3.728    
  -------------------------------------------------------------------
                         slack                                 -0.119    

Slack (VIOLATED) :        -0.119ns  (required time - arrival time)
  Source:                 u_dn/s_wren_reg/C
                            (rising edge-triggered cell FDRE clocked by aclk  {rise@0.000ns fall@2.000ns period=4.000ns})
  Destination:            g_dnpipe0.g_dn[2].g_full.mem_reg_uram_7/BWE_B[3]
                            (rising edge-triggered cell URAM288 clocked by aclk  {rise@0.000ns fall@2.000ns period=4.000ns})
  Path Group:             aclk
  Path Type:              Setup (Max at Slow Process Corner)
  Requirement:            4.000ns  (aclk rise@4.000ns - aclk rise@0.000ns)
  Data Path Delay:        3.698ns  (logic 0.204ns (5.516%)  route 3.494ns (94.483%))
  Logic Levels:           2  (LUT3=1 LUT6=1)
  Clock Path Skew:        0.034ns (DCD - SCD + CPR)
    Destination Clock Delay (DCD):    0.064ns = ( 4.064 - 4.000 ) 
    Source Clock Delay      (SCD):    0.030ns
    Clock Pessimism Removal (CPR):    0.000ns
  Clock Uncertainty:      0.035ns  ((TSJ^2 + TIJ^2)^1/2 + DJ) / 2 + PE
    Total System Jitter     (TSJ):    0.071ns
    Total Input Jitter      (TIJ):    0.000ns
    Discrete Jitter          (DJ):    0.000ns
    Phase Error              (PE):    0.000ns
  Inter-SLR Compensation: 0.010ns  (DCD * PF)
    Destination Clock Delay (DCD):    0.064ns
    Prorating Factor         (PF):    0.150

    Location             Delay type                Incr(ns)  Path(ns)    Netlist Resource(s)
  -------------------------------------------------------------------    -------------------
                         (clock aclk rise edge)       0.000     0.000 r  
                                                      0.000     0.000 r  aclk (IN)
                         net (fo=67100, unset)        0.030     0.030    u_dn/aclk
    SLICE_X78Y380        FDRE                                         r  u_dn/s_wren_reg/C
  -------------------------------------------------------------------    -------------------
    SLICE_X78Y380        FDRE (Prop_AFF_SLICEM_C_Q)
                                                      0.077     0.107 f  u_dn/s_wren_reg/Q
                         net (fo=972, estimated)      0.230     0.337    u_dn/dn_wren
    SLICE_X78Y381        LUT6 (Prop_A6LUT_SLICEM_I3_O)
                                                      0.090     0.427 r  u_dn/g_dnpipe0.g_dn[3].g_full.mem_reg_uram_0_i_2/O
                         net (fo=4, estimated)        0.058     0.485    u_dn/g_dnpipe0.g_dn[3].g_full.mem_reg_uram_0_i_2_n_0
    SLICE_X78Y381        LUT3 (Prop_C6LUT_SLICEM_I0_O)
                                                      0.037     0.522 r  u_dn/g_dnpipe0.g_dn[2].g_full.mem_reg_uram_0_i_1/O
                         net (fo=261, estimated)      3.206     3.728    u_dn_n_68
    SLR Crossing[1->0]   
    URAM288_X0Y45        URAM288                                      r  g_dnpipe0.g_dn[2].g_full.mem_reg_uram_7/BWE_B[3]
  -------------------------------------------------------------------    -------------------

                         (clock aclk rise edge)       4.000     4.000 r  
                                                      0.000     4.000 r  aclk (IN)
                         net (fo=67100, unset)        0.064     4.064    aclk
    URAM288_X0Y45        URAM288                                      r  g_dnpipe0.g_dn[2].g_full.mem_reg_uram_7/CLK
                         clock pessimism              0.000     4.064    
                         inter-SLR compensation      -0.010     4.054    
                         clock uncertainty           -0.035     4.019    
    URAM288_X0Y45        URAM288 (Setup_URAM_288K_INST_URAM288_CLK_BWE_B[3])
                                                     -0.410     3.609    g_dnpipe0.g_dn[2].g_full.mem_reg_uram_7
  -------------------------------------------------------------------
                         required time                          3.609    
                         arrival time                          -3.728    
  -------------------------------------------------------------------
                         slack                                 -0.119    

Slack (VIOLATED) :        -0.119ns  (required time - arrival time)
  Source:                 u_dn/s_wren_reg/C
                            (rising edge-triggered cell FDRE clocked by aclk  {rise@0.000ns fall@2.000ns period=4.000ns})
  Destination:            g_dnpipe0.g_dn[2].g_full.mem_reg_uram_7/BWE_B[3]
                            (rising edge-triggered cell URAM288 clocked by aclk  {rise@0.000ns fall@2.000ns period=4.000ns})
  Path Group:             aclk
  Path Type:              Setup (Max at Slow Process Corner)
  Requirement:            4.000ns  (aclk rise@4.000ns - aclk rise@0.000ns)
  Data Path Delay:        3.698ns  (logic 0.204ns (5.516%)  route 3.494ns (94.483%))
  Logic Levels:           2  (LUT3=1 LUT6=1)
  Clock Path Skew:        0.034ns (DCD - SCD + CPR)
    Destination Clock Delay (DCD):    0.064ns = ( 4.064 - 4.000 ) 
    Source Clock Delay      (SCD):    0.030ns
    Clock Pessimism Removal (CPR):    0.000ns
  Clock Uncertainty:      0.035ns  ((TSJ^2 + TIJ^2)^1/2 + DJ) / 2 + PE
    Total System Jitter     (TSJ):    0.071ns
    Total Input Jitter      (TIJ):    0.000ns
    Discrete Jitter          (DJ):    0.000ns
    Phase Error              (PE):    0.000ns
  Inter-SLR Compensation: 0.010ns  (DCD * PF)
    Destination Clock Delay (DCD):    0.064ns
    Prorating Factor         (PF):    0.150

    Location             Delay type                Incr(ns)  Path(ns)    Netlist Resource(s)
  -------------------------------------------------------------------    -------------------
                         (clock aclk rise edge)       0.000     0.000 r  
                                                      0.000     0.000 r  aclk (IN)
                         net (fo=67100, unset)        0.030     0.030    u_dn/aclk
    SLICE_X78Y380        FDRE                                         r  u_dn/s_wren_reg/C
  -------------------------------------------------------------------    -------------------
    SLICE_X78Y380        FDRE (Prop_AFF_SLICEM_C_Q)
                                                      0.077     0.107 r  u_dn/s_wren_reg/Q
                         net (fo=972, estimated)      0.230     0.337    u_dn/dn_wren
    SLICE_X78Y381        LUT6 (Prop_A6LUT_SLICEM_I3_O)
                                                      0.090     0.427 f  u_dn/g_dnpipe0.g_dn[3].g_full.mem_reg_uram_0_i_2/O
                         net (fo=4, estimated)        0.058     0.485    u_dn/g_dnpipe0.g_dn[3].g_full.mem_reg_uram_0_i_2_n_0
    SLICE_X78Y381        LUT3 (Prop_C6LUT_SLICEM_I0_O)
                                                      0.037     0.522 f  u_dn/g_dnpipe0.g_dn[2].g_full.mem_reg_uram_0_i_1/O
                         net (fo=261, estimated)      3.206     3.728    u_dn_n_68
    SLR Crossing[1->0]   
    URAM288_X0Y45        URAM288                                      f  g_dnpipe0.g_dn[2].g_full.mem_reg_uram_7/BWE_B[3]
  -------------------------------------------------------------------    -------------------

                         (clock aclk rise edge)       4.000     4.000 r  
                                                      0.000     4.000 r  aclk (IN)
                         net (fo=67100, unset)        0.064     4.064    aclk
    URAM288_X0Y45        URAM288                                      r  g_dnpipe0.g_dn[2].g_full.mem_reg_uram_7/CLK
                         clock pessimism              0.000     4.064    
                         inter-SLR compensation      -0.010     4.054    
                         clock uncertainty           -0.035     4.019    
    URAM288_X0Y45        URAM288 (Setup_URAM_288K_INST_URAM288_CLK_BWE_B[3])
                                                     -0.410     3.609    g_dnpipe0.g_dn[2].g_full.mem_reg_uram_7
  -------------------------------------------------------------------
                         required time                          3.609    
                         arrival time                          -3.728    
  -------------------------------------------------------------------
                         slack                                 -0.119    

Slack (VIOLATED) :        -0.119ns  (required time - arrival time)
  Source:                 u_dn/s_wren_reg/C
                            (rising edge-triggered cell FDRE clocked by aclk  {rise@0.000ns fall@2.000ns period=4.000ns})
  Destination:            g_dnpipe0.g_dn[2].g_full.mem_reg_uram_7/BWE_B[3]
                            (rising edge-triggered cell URAM288 clocked by aclk  {rise@0.000ns fall@2.000ns period=4.000ns})
  Path Group:             aclk
  Path Type:              Setup (Max at Slow Process Corner)
  Requirement:            4.000ns  (aclk rise@4.000ns - aclk rise@0.000ns)
  Data Path Delay:        3.698ns  (logic 0.204ns (5.516%)  route 3.494ns (94.483%))
  Logic Levels:           2  (LUT3=1 LUT6=1)
  Clock Path Skew:        0.034ns (DCD - SCD + CPR)
    Destination Clock Delay (DCD):    0.064ns = ( 4.064 - 4.000 ) 
    Source Clock Delay      (SCD):    0.030ns
    Clock Pessimism Removal (CPR):    0.000ns
  Clock Uncertainty:      0.035ns  ((TSJ^2 + TIJ^2)^1/2 + DJ) / 2 + PE
    Total System Jitter     (TSJ):    0.071ns
    Total Input Jitter      (TIJ):    0.000ns
    Discrete Jitter          (DJ):    0.000ns
    Phase Error              (PE):    0.000ns
  Inter-SLR Compensation: 0.010ns  (DCD * PF)
    Destination Clock Delay (DCD):    0.064ns
    Prorating Factor         (PF):    0.150

    Location             Delay type                Incr(ns)  Path(ns)    Netlist Resource(s)
  -------------------------------------------------------------------    -------------------
                         (clock aclk rise edge)       0.000     0.000 r  
                                                      0.000     0.000 r  aclk (IN)
                         net (fo=67100, unset)        0.030     0.030    u_dn/aclk
    SLICE_X78Y380        FDRE                                         r  u_dn/s_wren_reg/C
  -------------------------------------------------------------------    -------------------
    SLICE_X78Y380        FDRE (Prop_AFF_SLICEM_C_Q)
                                                      0.077     0.107 f  u_dn/s_wren_reg/Q
                         net (fo=972, estimated)      0.230     0.337    u_dn/dn_wren
    SLICE_X78Y381        LUT6 (Prop_A6LUT_SLICEM_I3_O)
                                                      0.090     0.427 f  u_dn/g_dnpipe0.g_dn[3].g_full.mem_reg_uram_0_i_2/O
                         net (fo=4, estimated)        0.058     0.485    u_dn/g_dnpipe0.g_dn[3].g_full.mem_reg_uram_0_i_2_n_0
    SLICE_X78Y381        LUT3 (Prop_C6LUT_SLICEM_I0_O)
                                                      0.037     0.522 f  u_dn/g_dnpipe0.g_dn[2].g_full.mem_reg_uram_0_i_1/O
                         net (fo=261, estimated)      3.206     3.728    u_dn_n_68
    SLR Crossing[1->0]   
    URAM288_X0Y45        URAM288                                      f  g_dnpipe0.g_dn[2].g_full.mem_reg_uram_7/BWE_B[3]
  -------------------------------------------------------------------    -------------------

                         (clock aclk rise edge)       4.000     4.000 r  
                                                      0.000     4.000 r  aclk (IN)
                         net (fo=67100, unset)        0.064     4.064    aclk
    URAM288_X0Y45        URAM288                                      r  g_dnpipe0.g_dn[2].g_full.mem_reg_uram_7/CLK
                         clock pessimism              0.000     4.064    
                         inter-SLR compensation      -0.010     4.054    
                         clock uncertainty           -0.035     4.019    
    URAM288_X0Y45        URAM288 (Setup_URAM_288K_INST_URAM288_CLK_BWE_B[3])
                                                     -0.410     3.609    g_dnpipe0.g_dn[2].g_full.mem_reg_uram_7
  -------------------------------------------------------------------
                         required time                          3.609    
                         arrival time                          -3.728    
  -------------------------------------------------------------------
                         slack                                 -0.119    

Slack (VIOLATED) :        -0.116ns  (required time - arrival time)
  Source:                 u_dn/s_wren_reg/C
                            (rising edge-triggered cell FDRE clocked by aclk  {rise@0.000ns fall@2.000ns period=4.000ns})
  Destination:            g_dnpipe0.g_dn[2].g_full.mem_reg_uram_7/BWE_B[2]
                            (rising edge-triggered cell URAM288 clocked by aclk  {rise@0.000ns fall@2.000ns period=4.000ns})
  Path Group:             aclk
  Path Type:              Setup (Max at Slow Process Corner)
  Requirement:            4.000ns  (aclk rise@4.000ns - aclk rise@0.000ns)
  Data Path Delay:        3.695ns  (logic 0.204ns (5.521%)  route 3.491ns (94.479%))
  Logic Levels:           2  (LUT3=1 LUT6=1)
  Clock Path Skew:        0.034ns (DCD - SCD + CPR)
    Destination Clock Delay (DCD):    0.064ns = ( 4.064 - 4.000 ) 
    Source Clock Delay      (SCD):    0.030ns
    Clock Pessimism Removal (CPR):    0.000ns
  Clock Uncertainty:      0.035ns  ((TSJ^2 + TIJ^2)^1/2 + DJ) / 2 + PE
    Total System Jitter     (TSJ):    0.071ns
    Total Input Jitter      (TIJ):    0.000ns
    Discrete Jitter          (DJ):    0.000ns
    Phase Error              (PE):    0.000ns
  Inter-SLR Compensation: 0.010ns  (DCD * PF)
    Destination Clock Delay (DCD):    0.064ns
    Prorating Factor         (PF):    0.150

    Location             Delay type                Incr(ns)  Path(ns)    Netlist Resource(s)
  -------------------------------------------------------------------    -------------------
                         (clock aclk rise edge)       0.000     0.000 r  
                                                      0.000     0.000 r  aclk (IN)
                         net (fo=67100, unset)        0.030     0.030    u_dn/aclk
    SLICE_X78Y380        FDRE                                         r  u_dn/s_wren_reg/C
  -------------------------------------------------------------------    -------------------
    SLICE_X78Y380        FDRE (Prop_AFF_SLICEM_C_Q)
                                                      0.077     0.107 r  u_dn/s_wren_reg/Q
                         net (fo=972, estimated)      0.230     0.337    u_dn/dn_wren
    SLICE_X78Y381        LUT6 (Prop_A6LUT_SLICEM_I3_O)
                                                      0.090     0.427 r  u_dn/g_dnpipe0.g_dn[3].g_full.mem_reg_uram_0_i_2/O
                         net (fo=4, estimated)        0.058     0.485    u_dn/g_dnpipe0.g_dn[3].g_full.mem_reg_uram_0_i_2_n_0
    SLICE_X78Y381        LUT3 (Prop_C6LUT_SLICEM_I0_O)
                                                      0.037     0.522 r  u_dn/g_dnpipe0.g_dn[2].g_full.mem_reg_uram_0_i_1/O
                         net (fo=261, estimated)      3.203     3.725    u_dn_n_68
    SLR Crossing[1->0]   
    URAM288_X0Y45        URAM288                                      r  g_dnpipe0.g_dn[2].g_full.mem_reg_uram_7/BWE_B[2]
  -------------------------------------------------------------------    -------------------

                         (clock aclk rise edge)       4.000     4.000 r  
                                                      0.000     4.000 r  aclk (IN)
                         net (fo=67100, unset)        0.064     4.064    aclk
    URAM288_X0Y45        URAM288                                      r  g_dnpipe0.g_dn[2].g_full.mem_reg_uram_7/CLK
                         clock pessimism              0.000     4.064    
                         inter-SLR compensation      -0.010     4.054    
                         clock uncertainty           -0.035     4.019    
    URAM288_X0Y45        URAM288 (Setup_URAM_288K_INST_URAM288_CLK_BWE_B[2])
                                                     -0.410     3.609    g_dnpipe0.g_dn[2].g_full.mem_reg_uram_7
  -------------------------------------------------------------------
                         required time                          3.609    
                         arrival time                          -3.725    
  -------------------------------------------------------------------
                         slack                                 -0.116    

Slack (VIOLATED) :        -0.116ns  (required time - arrival time)
  Source:                 u_dn/s_wren_reg/C
                            (rising edge-triggered cell FDRE clocked by aclk  {rise@0.000ns fall@2.000ns period=4.000ns})
  Destination:            g_dnpipe0.g_dn[2].g_full.mem_reg_uram_7/BWE_B[2]
                            (rising edge-triggered cell URAM288 clocked by aclk  {rise@0.000ns fall@2.000ns period=4.000ns})
  Path Group:             aclk
  Path Type:              Setup (Max at Slow Process Corner)
  Requirement:            4.000ns  (aclk rise@4.000ns - aclk rise@0.000ns)
  Data Path Delay:        3.695ns  (logic 0.204ns (5.521%)  route 3.491ns (94.479%))
  Logic Levels:           2  (LUT3=1 LUT6=1)
  Clock Path Skew:        0.034ns (DCD - SCD + CPR)
    Destination Clock Delay (DCD):    0.064ns = ( 4.064 - 4.000 ) 
    Source Clock Delay      (SCD):    0.030ns
    Clock Pessimism Removal (CPR):    0.000ns
  Clock Uncertainty:      0.035ns  ((TSJ^2 + TIJ^2)^1/2 + DJ) / 2 + PE
    Total System Jitter     (TSJ):    0.071ns
    Total Input Jitter      (TIJ):    0.000ns
    Discrete Jitter          (DJ):    0.000ns
    Phase Error              (PE):    0.000ns
  Inter-SLR Compensation: 0.010ns  (DCD * PF)
    Destination Clock Delay (DCD):    0.064ns
    Prorating Factor         (PF):    0.150

    Location             Delay type                Incr(ns)  Path(ns)    Netlist Resource(s)
  -------------------------------------------------------------------    -------------------
                         (clock aclk rise edge)       0.000     0.000 r  
                                                      0.000     0.000 r  aclk (IN)
                         net (fo=67100, unset)        0.030     0.030    u_dn/aclk
    SLICE_X78Y380        FDRE                                         r  u_dn/s_wren_reg/C
  -------------------------------------------------------------------    -------------------
    SLICE_X78Y380        FDRE (Prop_AFF_SLICEM_C_Q)
                                                      0.077     0.107 f  u_dn/s_wren_reg/Q
                         net (fo=972, estimated)      0.230     0.337    u_dn/dn_wren
    SLICE_X78Y381        LUT6 (Prop_A6LUT_SLICEM_I3_O)
                                                      0.090     0.427 r  u_dn/g_dnpipe0.g_dn[3].g_full.mem_reg_uram_0_i_2/O
                         net (fo=4, estimated)        0.058     0.485    u_dn/g_dnpipe0.g_dn[3].g_full.mem_reg_uram_0_i_2_n_0
    SLICE_X78Y381        LUT3 (Prop_C6LUT_SLICEM_I0_O)
                                                      0.037     0.522 r  u_dn/g_dnpipe0.g_dn[2].g_full.mem_reg_uram_0_i_1/O
                         net (fo=261, estimated)      3.203     3.725    u_dn_n_68
    SLR Crossing[1->0]   
    URAM288_X0Y45        URAM288                                      r  g_dnpipe0.g_dn[2].g_full.mem_reg_uram_7/BWE_B[2]
  -------------------------------------------------------------------    -------------------

                         (clock aclk rise edge)       4.000     4.000 r  
                                                      0.000     4.000 r  aclk (IN)
                         net (fo=67100, unset)        0.064     4.064    aclk
    URAM288_X0Y45        URAM288                                      r  g_dnpipe0.g_dn[2].g_full.mem_reg_uram_7/CLK
                         clock pessimism              0.000     4.064    
                         inter-SLR compensation      -0.010     4.054    
                         clock uncertainty           -0.035     4.019    
    URAM288_X0Y45        URAM288 (Setup_URAM_288K_INST_URAM288_CLK_BWE_B[2])
                                                     -0.410     3.609    g_dnpipe0.g_dn[2].g_full.mem_reg_uram_7
  -------------------------------------------------------------------
                         required time                          3.609    
                         arrival time                          -3.725    
  -------------------------------------------------------------------
                         slack                                 -0.116    

Slack (VIOLATED) :        -0.116ns  (required time - arrival time)
  Source:                 u_dn/s_wren_reg/C
                            (rising edge-triggered cell FDRE clocked by aclk  {rise@0.000ns fall@2.000ns period=4.000ns})
  Destination:            g_dnpipe0.g_dn[2].g_full.mem_reg_uram_7/BWE_B[2]
                            (rising edge-triggered cell URAM288 clocked by aclk  {rise@0.000ns fall@2.000ns period=4.000ns})
  Path Group:             aclk
  Path Type:              Setup (Max at Slow Process Corner)
  Requirement:            4.000ns  (aclk rise@4.000ns - aclk rise@0.000ns)
  Data Path Delay:        3.695ns  (logic 0.204ns (5.521%)  route 3.491ns (94.479%))
  Logic Levels:           2  (LUT3=1 LUT6=1)
  Clock Path Skew:        0.034ns (DCD - SCD + CPR)
    Destination Clock Delay (DCD):    0.064ns = ( 4.064 - 4.000 ) 
    Source Clock Delay      (SCD):    0.030ns
    Clock Pessimism Removal (CPR):    0.000ns
  Clock Uncertainty:      0.035ns  ((TSJ^2 + TIJ^2)^1/2 + DJ) / 2 + PE
    Total System Jitter     (TSJ):    0.071ns
    Total Input Jitter      (TIJ):    0.000ns
    Discrete Jitter          (DJ):    0.000ns
    Phase Error              (PE):    0.000ns
  Inter-SLR Compensation: 0.010ns  (DCD * PF)
    Destination Clock Delay (DCD):    0.064ns
    Prorating Factor         (PF):    0.150

    Location             Delay type                Incr(ns)  Path(ns)    Netlist Resource(s)
  -------------------------------------------------------------------    -------------------
                         (clock aclk rise edge)       0.000     0.000 r  
                                                      0.000     0.000 r  aclk (IN)
                         net (fo=67100, unset)        0.030     0.030    u_dn/aclk
    SLICE_X78Y380        FDRE                                         r  u_dn/s_wren_reg/C
  -------------------------------------------------------------------    -------------------
    SLICE_X78Y380        FDRE (Prop_AFF_SLICEM_C_Q)
                                                      0.077     0.107 r  u_dn/s_wren_reg/Q
                         net (fo=972, estimated)      0.230     0.337    u_dn/dn_wren
    SLICE_X78Y381        LUT6 (Prop_A6LUT_SLICEM_I3_O)
                                                      0.090     0.427 f  u_dn/g_dnpipe0.g_dn[3].g_full.mem_reg_uram_0_i_2/O
                         net (fo=4, estimated)        0.058     0.485    u_dn/g_dnpipe0.g_dn[3].g_full.mem_reg_uram_0_i_2_n_0
    SLICE_X78Y381        LUT3 (Prop_C6LUT_SLICEM_I0_O)
                                                      0.037     0.522 f  u_dn/g_dnpipe0.g_dn[2].g_full.mem_reg_uram_0_i_1/O
                         net (fo=261, estimated)      3.203     3.725    u_dn_n_68
    SLR Crossing[1->0]   
    URAM288_X0Y45        URAM288                                      f  g_dnpipe0.g_dn[2].g_full.mem_reg_uram_7/BWE_B[2]
  -------------------------------------------------------------------    -------------------

                         (clock aclk rise edge)       4.000     4.000 r  
                                                      0.000     4.000 r  aclk (IN)
                         net (fo=67100, unset)        0.064     4.064    aclk
    URAM288_X0Y45        URAM288                                      r  g_dnpipe0.g_dn[2].g_full.mem_reg_uram_7/CLK
                         clock pessimism              0.000     4.064    
                         inter-SLR compensation      -0.010     4.054    
                         clock uncertainty           -0.035     4.019    
    URAM288_X0Y45        URAM288 (Setup_URAM_288K_INST_URAM288_CLK_BWE_B[2])
                                                     -0.410     3.609    g_dnpipe0.g_dn[2].g_full.mem_reg_uram_7
  -------------------------------------------------------------------
                         required time                          3.609    
                         arrival time                          -3.725    
  -------------------------------------------------------------------
                         slack                                 -0.116    

Slack (VIOLATED) :        -0.116ns  (required time - arrival time)
  Source:                 u_dn/s_wren_reg/C
                            (rising edge-triggered cell FDRE clocked by aclk  {rise@0.000ns fall@2.000ns period=4.000ns})
  Destination:            g_dnpipe0.g_dn[2].g_full.mem_reg_uram_7/BWE_B[2]
                            (rising edge-triggered cell URAM288 clocked by aclk  {rise@0.000ns fall@2.000ns period=4.000ns})
  Path Group:             aclk
  Path Type:              Setup (Max at Slow Process Corner)
  Requirement:            4.000ns  (aclk rise@4.000ns - aclk rise@0.000ns)
  Data Path Delay:        3.695ns  (logic 0.204ns (5.521%)  route 3.491ns (94.479%))
  Logic Levels:           2  (LUT3=1 LUT6=1)
  Clock Path Skew:        0.034ns (DCD - SCD + CPR)
    Destination Clock Delay (DCD):    0.064ns = ( 4.064 - 4.000 ) 
    Source Clock Delay      (SCD):    0.030ns
    Clock Pessimism Removal (CPR):    0.000ns
  Clock Uncertainty:      0.035ns  ((TSJ^2 + TIJ^2)^1/2 + DJ) / 2 + PE
    Total System Jitter     (TSJ):    0.071ns
    Total Input Jitter      (TIJ):    0.000ns
    Discrete Jitter          (DJ):    0.000ns
    Phase Error              (PE):    0.000ns
  Inter-SLR Compensation: 0.010ns  (DCD * PF)
    Destination Clock Delay (DCD):    0.064ns
    Prorating Factor         (PF):    0.150

    Location             Delay type                Incr(ns)  Path(ns)    Netlist Resource(s)
  -------------------------------------------------------------------    -------------------
                         (clock aclk rise edge)       0.000     0.000 r  
                                                      0.000     0.000 r  aclk (IN)
                         net (fo=67100, unset)        0.030     0.030    u_dn/aclk
    SLICE_X78Y380        FDRE                                         r  u_dn/s_wren_reg/C
  -------------------------------------------------------------------    -------------------
    SLICE_X78Y380        FDRE (Prop_AFF_SLICEM_C_Q)
                                                      0.077     0.107 f  u_dn/s_wren_reg/Q
                         net (fo=972, estimated)      0.230     0.337    u_dn/dn_wren
    SLICE_X78Y381        LUT6 (Prop_A6LUT_SLICEM_I3_O)
                                                      0.090     0.427 f  u_dn/g_dnpipe0.g_dn[3].g_full.mem_reg_uram_0_i_2/O
                         net (fo=4, estimated)        0.058     0.485    u_dn/g_dnpipe0.g_dn[3].g_full.mem_reg_uram_0_i_2_n_0
    SLICE_X78Y381        LUT3 (Prop_C6LUT_SLICEM_I0_O)
                                                      0.037     0.522 f  u_dn/g_dnpipe0.g_dn[2].g_full.mem_reg_uram_0_i_1/O
                         net (fo=261, estimated)      3.203     3.725    u_dn_n_68
    SLR Crossing[1->0]   
    URAM288_X0Y45        URAM288                                      f  g_dnpipe0.g_dn[2].g_full.mem_reg_uram_7/BWE_B[2]
  -------------------------------------------------------------------    -------------------

                         (clock aclk rise edge)       4.000     4.000 r  
                                                      0.000     4.000 r  aclk (IN)
                         net (fo=67100, unset)        0.064     4.064    aclk
    URAM288_X0Y45        URAM288                                      r  g_dnpipe0.g_dn[2].g_full.mem_reg_uram_7/CLK
                         clock pessimism              0.000     4.064    
                         inter-SLR compensation      -0.010     4.054    
                         clock uncertainty           -0.035     4.019    
    URAM288_X0Y45        URAM288 (Setup_URAM_288K_INST_URAM288_CLK_BWE_B[2])
                                                     -0.410     3.609    g_dnpipe0.g_dn[2].g_full.mem_reg_uram_7
  -------------------------------------------------------------------
                         required time                          3.609    
                         arrival time                          -3.725    
  -------------------------------------------------------------------
                         slack                                 -0.116    

Slack (VIOLATED) :        -0.110ns  (required time - arrival time)
  Source:                 u_dn/s_wren_reg/C
                            (rising edge-triggered cell FDRE clocked by aclk  {rise@0.000ns fall@2.000ns period=4.000ns})
  Destination:            g_dnpipe0.g_dn[0].g_full.mem_reg_uram_7/BWE_B[3]
                            (rising edge-triggered cell URAM288 clocked by aclk  {rise@0.000ns fall@2.000ns period=4.000ns})
  Path Group:             aclk
  Path Type:              Setup (Max at Slow Process Corner)
  Requirement:            4.000ns  (aclk rise@4.000ns - aclk rise@0.000ns)
  Data Path Delay:        3.689ns  (logic 0.205ns (5.557%)  route 3.484ns (94.443%))
  Logic Levels:           2  (LUT3=1 LUT6=1)
  Clock Path Skew:        0.034ns (DCD - SCD + CPR)
    Destination Clock Delay (DCD):    0.064ns = ( 4.064 - 4.000 ) 
    Source Clock Delay      (SCD):    0.030ns
    Clock Pessimism Removal (CPR):    0.000ns
  Clock Uncertainty:      0.035ns  ((TSJ^2 + TIJ^2)^1/2 + DJ) / 2 + PE
    Total System Jitter     (TSJ):    0.071ns
    Total Input Jitter      (TIJ):    0.000ns
    Discrete Jitter          (DJ):    0.000ns
    Phase Error              (PE):    0.000ns
  Inter-SLR Compensation: 0.010ns  (DCD * PF)
    Destination Clock Delay (DCD):    0.064ns
    Prorating Factor         (PF):    0.150

    Location             Delay type                Incr(ns)  Path(ns)    Netlist Resource(s)
  -------------------------------------------------------------------    -------------------
                         (clock aclk rise edge)       0.000     0.000 r  
                                                      0.000     0.000 r  aclk (IN)
                         net (fo=67100, unset)        0.030     0.030    u_dn/aclk
    SLICE_X78Y380        FDRE                                         r  u_dn/s_wren_reg/C
  -------------------------------------------------------------------    -------------------
    SLICE_X78Y380        FDRE (Prop_AFF_SLICEM_C_Q)
                                                      0.077     0.107 r  u_dn/s_wren_reg/Q
                         net (fo=972, estimated)      0.230     0.337    u_dn/dn_wren
    SLICE_X78Y381        LUT6 (Prop_A6LUT_SLICEM_I3_O)
                                                      0.090     0.427 r  u_dn/g_dnpipe0.g_dn[3].g_full.mem_reg_uram_0_i_2/O
                         net (fo=4, estimated)        0.172     0.599    u_dn/g_dnpipe0.g_dn[3].g_full.mem_reg_uram_0_i_2_n_0
    SLICE_X78Y376        LUT3 (Prop_A6LUT_SLICEM_I1_O)
                                                      0.038     0.637 r  u_dn/g_dnpipe0.g_dn[0].g_full.mem_reg_uram_0_i_1/O
                         net (fo=261, estimated)      3.082     3.719    u_dn_n_70
    SLR Crossing[1->0]   
    URAM288_X0Y44        URAM288                                      r  g_dnpipe0.g_dn[0].g_full.mem_reg_uram_7/BWE_B[3]
  -------------------------------------------------------------------    -------------------

                         (clock aclk rise edge)       4.000     4.000 r  
                                                      0.000     4.000 r  aclk (IN)
                         net (fo=67100, unset)        0.064     4.064    aclk
    URAM288_X0Y44        URAM288                                      r  g_dnpipe0.g_dn[0].g_full.mem_reg_uram_7/CLK
                         clock pessimism              0.000     4.064    
                         inter-SLR compensation      -0.010     4.054    
                         clock uncertainty           -0.035     4.019    
    URAM288_X0Y44        URAM288 (Setup_URAM_288K_INST_URAM288_CLK_BWE_B[3])
                                                     -0.410     3.609    g_dnpipe0.g_dn[0].g_full.mem_reg_uram_7
  -------------------------------------------------------------------
                         required time                          3.609    
                         arrival time                          -3.719    
  -------------------------------------------------------------------
                         slack                                 -0.110    

Slack (VIOLATED) :        -0.110ns  (required time - arrival time)
  Source:                 u_dn/s_wren_reg/C
                            (rising edge-triggered cell FDRE clocked by aclk  {rise@0.000ns fall@2.000ns period=4.000ns})
  Destination:            g_dnpipe0.g_dn[0].g_full.mem_reg_uram_7/BWE_B[3]
                            (rising edge-triggered cell URAM288 clocked by aclk  {rise@0.000ns fall@2.000ns period=4.000ns})
  Path Group:             aclk
  Path Type:              Setup (Max at Slow Process Corner)
  Requirement:            4.000ns  (aclk rise@4.000ns - aclk rise@0.000ns)
  Data Path Delay:        3.689ns  (logic 0.205ns (5.557%)  route 3.484ns (94.443%))
  Logic Levels:           2  (LUT3=1 LUT6=1)
  Clock Path Skew:        0.034ns (DCD - SCD + CPR)
    Destination Clock Delay (DCD):    0.064ns = ( 4.064 - 4.000 ) 
    Source Clock Delay      (SCD):    0.030ns
    Clock Pessimism Removal (CPR):    0.000ns
  Clock Uncertainty:      0.035ns  ((TSJ^2 + TIJ^2)^1/2 + DJ) / 2 + PE
    Total System Jitter     (TSJ):    0.071ns
    Total Input Jitter      (TIJ):    0.000ns
    Discrete Jitter          (DJ):    0.000ns
    Phase Error              (PE):    0.000ns
  Inter-SLR Compensation: 0.010ns  (DCD * PF)
    Destination Clock Delay (DCD):    0.064ns
    Prorating Factor         (PF):    0.150

    Location             Delay type                Incr(ns)  Path(ns)    Netlist Resource(s)
  -------------------------------------------------------------------    -------------------
                         (clock aclk rise edge)       0.000     0.000 r  
                                                      0.000     0.000 r  aclk (IN)
                         net (fo=67100, unset)        0.030     0.030    u_dn/aclk
    SLICE_X78Y380        FDRE                                         r  u_dn/s_wren_reg/C
  -------------------------------------------------------------------    -------------------
    SLICE_X78Y380        FDRE (Prop_AFF_SLICEM_C_Q)
                                                      0.077     0.107 f  u_dn/s_wren_reg/Q
                         net (fo=972, estimated)      0.230     0.337    u_dn/dn_wren
    SLICE_X78Y381        LUT6 (Prop_A6LUT_SLICEM_I3_O)
                                                      0.090     0.427 r  u_dn/g_dnpipe0.g_dn[3].g_full.mem_reg_uram_0_i_2/O
                         net (fo=4, estimated)        0.172     0.599    u_dn/g_dnpipe0.g_dn[3].g_full.mem_reg_uram_0_i_2_n_0
    SLICE_X78Y376        LUT3 (Prop_A6LUT_SLICEM_I1_O)
                                                      0.038     0.637 r  u_dn/g_dnpipe0.g_dn[0].g_full.mem_reg_uram_0_i_1/O
                         net (fo=261, estimated)      3.082     3.719    u_dn_n_70
    SLR Crossing[1->0]   
    URAM288_X0Y44        URAM288                                      r  g_dnpipe0.g_dn[0].g_full.mem_reg_uram_7/BWE_B[3]
  -------------------------------------------------------------------    -------------------

                         (clock aclk rise edge)       4.000     4.000 r  
                                                      0.000     4.000 r  aclk (IN)
                         net (fo=67100, unset)        0.064     4.064    aclk
    URAM288_X0Y44        URAM288                                      r  g_dnpipe0.g_dn[0].g_full.mem_reg_uram_7/CLK
                         clock pessimism              0.000     4.064    
                         inter-SLR compensation      -0.010     4.054    
                         clock uncertainty           -0.035     4.019    
    URAM288_X0Y44        URAM288 (Setup_URAM_288K_INST_URAM288_CLK_BWE_B[3])
                                                     -0.410     3.609    g_dnpipe0.g_dn[0].g_full.mem_reg_uram_7
  -------------------------------------------------------------------
                         required time                          3.609    
                         arrival time                          -3.719    
  -------------------------------------------------------------------
                         slack                                 -0.110    




