Copyright 1986-2022 Xilinx, Inc. All Rights Reserved. Copyright 2022-2024 Advanced Micro Devices, Inc. All Rights Reserved.
----------------------------------------------------------------------------------------------------------------------------------------------
| Tool Version : Vivado v.2024.2 (lin64) Build 5239630 Fri Nov 08 22:34:34 MST 2024
| Date         : Tue Aug 25 21:52:49 2026
| Host         : snoke running 64-bit Ubuntu 24.04.4 LTS
| Command      : report_utilization -slr -file /home/cah/r2d2/code/fpga/fable5_llm/synth/out_exp_uram_r2int8p_alt/reports/util_placed_slr.rpt
| Design       : layer_chan
| Device       : xcvu9p-fsgd2104-2L-e
| Speed File   : -2L
| Design State : Fully Placed
----------------------------------------------------------------------------------------------------------------------------------------------

Utilization Design Information

Table of Contents
-----------------
1. SLR Connectivity
2. SLR Connectivity Matrix
3. SLR CLB Logic and Dedicated Block Utilization
4. SLR IO Utilization

1. SLR Connectivity
-------------------

+----------------------------------+------+-------+-----------+-------+
|                                  | Used | Fixed | Available | Util% |
+----------------------------------+------+-------+-----------+-------+
| SLR2 <-> SLR1                    |  141 |       |     17280 |  0.82 |
|   SLR1 -> SLR2                   |   94 |       |           |  0.54 |
|     Using TX_REG only            |    0 |     0 |           |       |
|     Using RX_REG only            |    0 |     0 |           |       |
|     Using Both TX_REG and RX_REG |    0 |     0 |           |       |
|   SLR2 -> SLR1                   |   47 |       |           |  0.27 |
|     Using TX_REG only            |    0 |     0 |           |       |
|     Using RX_REG only            |    0 |     0 |           |       |
|     Using Both TX_REG and RX_REG |    0 |     0 |           |       |
| SLR1 <-> SLR0                    | 4053 |       |     17280 | 23.45 |
|   SLR0 -> SLR1                   | 2864 |       |           | 16.57 |
|     Using TX_REG only            |    0 |     0 |           |       |
|     Using RX_REG only            |    0 |     0 |           |       |
|     Using Both TX_REG and RX_REG |    0 |     0 |           |       |
|   SLR1 -> SLR0                   | 1189 |       |           |  6.88 |
|     Using TX_REG only            |    0 |     0 |           |       |
|     Using RX_REG only            |    0 |     0 |           |       |
|     Using Both TX_REG and RX_REG |    0 |     0 |           |       |
+----------------------------------+------+-------+-----------+-------+
| Total SLLs Used                  | 4194 |       |           |       |
+----------------------------------+------+-------+-----------+-------+


2. SLR Connectivity Matrix
--------------------------

+-----------+------+------+------+
| FROM \ TO | SLR2 | SLR1 | SLR0 |
+-----------+------+------+------+
| SLR2      |    0 |   47 |    0 |
| SLR1      |   93 |    0 | 1189 |
| SLR0      |    1 | 2863 |    0 |
+-----------+------+------+------+


3. SLR CLB Logic and Dedicated Block Utilization
------------------------------------------------

+----------------------------+------+-------+-------+--------+--------+--------+
|          Site Type         | SLR0 |  SLR1 |  SLR2 | SLR0 % | SLR1 % | SLR2 % |
+----------------------------+------+-------+-------+--------+--------+--------+
| CLB                        |  947 | 13227 |  7705 |   1.92 |  26.85 |  15.64 |
|   CLBL                     |  541 |  6141 |  3504 |   2.20 |  24.96 |  14.24 |
|   CLBM                     |  406 |  7086 |  4201 |   1.65 |  28.73 |  17.04 |
| CLB LUTs                   | 1970 | 56008 | 41070 |   0.50 |  14.21 |  10.42 |
|   LUT as Logic             | 1970 | 55656 | 41070 |   0.50 |  14.12 |  10.42 |
|     using O5 output only   |    0 |  2719 |    30 |   0.00 |   0.69 |  <0.01 |
|     using O6 output only   | 1927 | 40216 | 36548 |   0.49 |  10.21 |   9.27 |
|     using O5 and O6        |   43 | 12721 |  4492 |   0.01 |   3.23 |   1.14 |
|   LUT as Memory            |    0 |   352 |     0 |   0.00 |   0.18 |   0.00 |
|     LUT as Distributed RAM |    0 |   334 |     0 |   0.00 |   0.17 |   0.00 |
|       using O6 output only |    0 |   280 |     0 |   0.00 |   0.14 |   0.00 |
|       using O5 and O6      |    0 |    54 |     0 |   0.00 |   0.03 |   0.00 |
|     LUT as Shift Register  |    0 |    18 |     0 |   0.00 |  <0.01 |   0.00 |
|       using O6 output only |    0 |     2 |     0 |   0.00 |  <0.01 |   0.00 |
|       using O5 and O6      |    0 |    16 |     0 |   0.00 |  <0.01 |   0.00 |
| CLB Registers              | 1393 | 18798 | 33564 |   0.18 |   2.39 |   4.26 |
| CARRY8                     |    0 |  4590 |  3224 |   0.00 |   9.32 |   6.54 |
| F7 Muxes                   |    0 |  1451 |  3084 |   0.00 |   0.74 |   1.57 |
| F8 Muxes                   |    0 |   384 |   512 |   0.00 |   0.39 |   0.52 |
| F9 Muxes                   |    0 |     0 |     0 |   0.00 |   0.00 |   0.00 |
| Block RAM Tile             |  144 | 503.5 |    10 |  20.00 |  69.93 |   1.39 |
|   RAMB36/FIFO              |  132 |   501 |     8 |  18.33 |  69.58 |   1.11 |
|   RAMB18                   |   24 |     5 |     4 |   1.67 |   0.35 |   0.28 |
| URAM                       |  110 |   238 |   232 |  34.38 |  74.38 |  72.50 |
| DSPs                       |    0 |  1312 |   526 |   0.00 |  57.54 |  23.07 |
| Unique Control Sets        |    7 |   757 |   340 |  <0.01 |   0.77 |   0.35 |
+----------------------------+------+-------+-------+--------+--------+--------+
* Note: Available Control Sets based on CLB Registers / 8


4. SLR IO Utilization
---------------------

+-----------+-----------+---------+------------+----------+------------+----------+-----+
| SLR Index | Used IOBs | (%)IOBs | Used IPADs | (%)IPADs | Used OPADs | (%)OPADs | GTs |
+-----------+-----------+---------+------------+----------+------------+----------+-----+
| SLR2      |         0 |    0.00 |          0 |     0.00 |          0 |     0.00 |   0 |
| SLR1      |         0 |    0.00 |          0 |     0.00 |          0 |     0.00 |   0 |
| SLR0      |         0 |    0.00 |          0 |     0.00 |          0 |     0.00 |   0 |
+-----------+-----------+---------+------------+----------+------------+----------+-----+
| Total     |         0 |         |          0 |          |          0 |          |   0 |
+-----------+-----------+---------+------------+----------+------------+----------+-----+


