Copyright 1986-2022 Xilinx, Inc. All Rights Reserved. Copyright 2022-2024 Advanced Micro Devices, Inc. All Rights Reserved.
----------------------------------------------------------------------------------------------------------------------------------------------
| Tool Version : Vivado v.2024.2 (lin64) Build 5239630 Fri Nov 08 22:34:34 MST 2024
| Date         : Tue Aug 25 21:59:10 2026
| Host         : snoke running 64-bit Ubuntu 24.04.4 LTS
| Command      : report_utilization -slr -file /home/cah/r2d2/code/fpga/fable5_llm/synth/out_exp_uram_r2widepipe2/reports/util_placed_slr.rpt
| Design       : layer_chan
| Device       : xcvu9p-fsgd2104-2L-e
| Speed File   : -2L
| Design State : Fully Placed
----------------------------------------------------------------------------------------------------------------------------------------------

Utilization Design Information

Table of Contents
-----------------
1. SLR Connectivity
2. SLR Connectivity Matrix
3. SLR CLB Logic and Dedicated Block Utilization
4. SLR IO Utilization

1. SLR Connectivity
-------------------

+----------------------------------+------+-------+-----------+-------+
|                                  | Used | Fixed | Available | Util% |
+----------------------------------+------+-------+-----------+-------+
| SLR2 <-> SLR1                    | 2753 |       |     17280 | 15.93 |
|   SLR1 -> SLR2                   | 1824 |       |           | 10.56 |
|     Using TX_REG only            |    0 |     0 |           |       |
|     Using RX_REG only            |    0 |     0 |           |       |
|     Using Both TX_REG and RX_REG |    0 |     0 |           |       |
|   SLR2 -> SLR1                   |  929 |       |           |  5.38 |
|     Using TX_REG only            |    0 |     0 |           |       |
|     Using RX_REG only            |    0 |     0 |           |       |
|     Using Both TX_REG and RX_REG |    0 |     0 |           |       |
| SLR1 <-> SLR0                    | 1672 |       |     17280 |  9.68 |
|   SLR0 -> SLR1                   |  438 |       |           |  2.53 |
|     Using TX_REG only            |    0 |     0 |           |       |
|     Using RX_REG only            |    0 |     0 |           |       |
|     Using Both TX_REG and RX_REG |    0 |     0 |           |       |
|   SLR1 -> SLR0                   | 1234 |       |           |  7.14 |
|     Using TX_REG only            |    0 |     0 |           |       |
|     Using RX_REG only            |    0 |     0 |           |       |
|     Using Both TX_REG and RX_REG |    0 |     0 |           |       |
+----------------------------------+------+-------+-----------+-------+
| Total SLLs Used                  | 4425 |       |           |       |
+----------------------------------+------+-------+-----------+-------+


2. SLR Connectivity Matrix
--------------------------

+-----------+------+------+------+
| FROM \ TO | SLR2 | SLR1 | SLR0 |
+-----------+------+------+------+
| SLR2      |    0 |  929 |    0 |
| SLR1      | 1823 |    0 | 1234 |
| SLR0      |    1 |  437 |    0 |
+-----------+------+------+------+


3. SLR CLB Logic and Dedicated Block Utilization
------------------------------------------------

+----------------------------+-------+-------+------+--------+--------+--------+
|          Site Type         |  SLR0 |  SLR1 | SLR2 | SLR0 % | SLR1 % | SLR2 % |
+----------------------------+-------+-------+------+--------+--------+--------+
| CLB                        | 10743 | 12674 | 2312 |  21.81 |  25.73 |   4.69 |
|   CLBL                     |  5354 |  5965 | 1146 |  21.76 |  24.25 |   4.66 |
|   CLBM                     |  5389 |  6709 | 1166 |  21.85 |  27.21 |   4.73 |
| CLB LUTs                   | 49485 | 51673 | 6309 |  12.56 |  13.11 |   1.60 |
|   LUT as Logic             | 49485 | 51316 | 6309 |  12.56 |  13.02 |   1.60 |
|     using O5 output only   |   387 |  2412 |    0 |   0.10 |   0.61 |   0.00 |
|     using O6 output only   | 44807 | 37878 | 5897 |  11.37 |   9.61 |   1.50 |
|     using O5 and O6        |  4291 | 11026 |  412 |   1.09 |   2.80 |   0.10 |
|   LUT as Memory            |     0 |   357 |    0 |   0.00 |   0.18 |   0.00 |
|     LUT as Distributed RAM |     0 |   334 |    0 |   0.00 |   0.17 |   0.00 |
|       using O6 output only |     0 |   280 |    0 |   0.00 |   0.14 |   0.00 |
|       using O5 and O6      |     0 |    54 |    0 |   0.00 |   0.03 |   0.00 |
|     LUT as Shift Register  |     0 |    23 |    0 |   0.00 |   0.01 |   0.00 |
|       using O6 output only |     0 |     7 |    0 |   0.00 |  <0.01 |   0.00 |
|       using O5 and O6      |     0 |    16 |    0 |   0.00 |  <0.01 |   0.00 |
| CLB Registers              | 40639 | 30032 | 9379 |   5.16 |   3.81 |   1.19 |
| CARRY8                     |  3742 |  4072 |    0 |   7.60 |   8.27 |   0.00 |
| F7 Muxes                   |  4215 |  3965 | 2544 |   2.14 |   2.01 |   1.29 |
| F8 Muxes                   |   552 |   344 |    0 |   0.56 |   0.35 |   0.00 |
| F9 Muxes                   |     0 |     0 |    0 |   0.00 |   0.00 |   0.00 |
| Block RAM Tile             | 464.5 |   193 |    0 |  64.51 |  26.81 |   0.00 |
|   RAMB36/FIFO              |   464 |   177 |    0 |  64.44 |  24.58 |   0.00 |
|   RAMB18                   |     1 |    32 |    0 |   0.07 |   2.22 |   0.00 |
| URAM                       |   320 |   312 |  296 | 100.00 |  97.50 |  92.50 |
| DSPs                       |   693 |  1145 |    0 |  30.39 |  50.22 |   0.00 |
| Unique Control Sets        |   330 |   721 |    2 |   0.33 |   0.73 |  <0.01 |
+----------------------------+-------+-------+------+--------+--------+--------+
* Note: Available Control Sets based on CLB Registers / 8


4. SLR IO Utilization
---------------------

+-----------+-----------+---------+------------+----------+------------+----------+-----+
| SLR Index | Used IOBs | (%)IOBs | Used IPADs | (%)IPADs | Used OPADs | (%)OPADs | GTs |
+-----------+-----------+---------+------------+----------+------------+----------+-----+
| SLR2      |         0 |    0.00 |          0 |     0.00 |          0 |     0.00 |   0 |
| SLR1      |         0 |    0.00 |          0 |     0.00 |          0 |     0.00 |   0 |
| SLR0      |         0 |    0.00 |          0 |     0.00 |          0 |     0.00 |   0 |
+-----------+-----------+---------+------------+----------+------------+----------+-----+
| Total     |         0 |         |          0 |          |          0 |          |   0 |
+-----------+-----------+---------+------------+----------+------------+----------+-----+


