=== Track P URAM placement experiment: r2widepipe1 ===
host      : snoke
date      : 2026-08-25T20:47:00-06:00
tree      : 2f46a3ef 30 dirty files
vivado    : /home/cah/r2d2/sc2data/tools/Vivado/2024.2/bin/vivado
params    : LNH=32 N_DN=24 N_KV=8 NKVH=4 CVD=8192 DN_EW=16 DN_PACK=0 DN_PIPE=1 place=1 directive=Default
EXP_VARIANT: r2widepipe1
EXP_PARAMS: LNH=32 N_DN=24 N_KV=8 NKVH=4 CVD=8192 DN_EW=16 DN_PACK=0 DN_PIPE=1
EXP_DIRECTIVE: Default
EXP_PART: xcvu9p-fsgd2104-2L-e
EXP_PREDICT: DN 24 banks x 29 + KV 8 banks x 29 = 928 URAM288
EXP_SYNTH_URAM: 928  (predicted 928)
EXP_SYNTH_BRAM: RAMB36=641 RAMB18=33
EXP_SYNTH_DSP: 1838
EXP_SYNTH_URAM_MATCH: YES
EXP_SYNTH_DN_NONURAM_CELLS: 0
EXP_SYNTH_OK
EXP_OPT_OK (409 s)
EXP_PLACE_OK (2235 s)
EXP_URAM_SLR_SPAN: 3
EXP_URAM_SLR SLR0 320
EXP_URAM_SLR SLR1 312
EXP_URAM_SLR SLR2 296
EXP_DNGRP_ENDPOINT_CELLS: 12288
EXP_DNGRP_WORST_SLACK: -0.876
EXP_DNWRITE_WORST_SLACK: -3.185
EXP_DNMUX_ENDPOINT_CELLS: 2048
EXP_DNMUX_WORST_SLACK: -0.339
EXP_PLACED_WNS: -3.185
EXP_PLACED_WHS: 0.014
EXP_DONE
=== exit: 4 EXP_DONE marker(s) ===
