DN 2048-bit bank-mux read path — post-PLACE estimate, variant r2widepipe1
endpoint: dn_rdq_n_reg[*] (the registered bank mux fed by the
per-bank URAM CQ registers).  Clock aclk, 4.000 ns / 250 MHz.

slack     levels    startSLR  endSLR
-0.339    1         SLR2      SLR1       g_dnpipeN.g_grp[1].rq_p_reg[0][480]/C -> g_dnpipeN.dn_rdq_n_reg[480]/D
-0.339    1         SLR2      SLR1       g_dnpipeN.g_grp[1].rq_p_reg[0][480]/C -> g_dnpipeN.dn_rdq_n_reg[480]/D
-0.273    1         SLR2      SLR1       g_dnpipeN.g_grp[1].rq_p_reg[0][493]/C -> g_dnpipeN.dn_rdq_n_reg[493]/D
-0.273    1         SLR2      SLR1       g_dnpipeN.g_grp[1].rq_p_reg[0][493]/C -> g_dnpipeN.dn_rdq_n_reg[493]/D
-0.195    1         SLR2      SLR1       g_dnpipeN.g_grp[1].rq_p_reg[0][1075]/C -> g_dnpipeN.dn_rdq_n_reg[1075]/D
-0.195    1         SLR2      SLR1       g_dnpipeN.g_grp[1].rq_p_reg[0][1075]/C -> g_dnpipeN.dn_rdq_n_reg[1075]/D
-0.175    1         SLR2      SLR1       g_dnpipeN.g_grp[1].rq_p_reg[0][495]/C -> g_dnpipeN.dn_rdq_n_reg[495]/D
-0.175    1         SLR2      SLR1       g_dnpipeN.g_grp[1].rq_p_reg[0][495]/C -> g_dnpipeN.dn_rdq_n_reg[495]/D
-0.119    1         SLR2      SLR1       g_dnpipeN.g_grp[1].rq_p_reg[0][488]/C -> g_dnpipeN.dn_rdq_n_reg[488]/D
-0.119    1         SLR2      SLR1       g_dnpipeN.g_grp[1].rq_p_reg[0][488]/C -> g_dnpipeN.dn_rdq_n_reg[488]/D
-0.092    1         SLR2      SLR1       g_dnpipeN.g_grp[1].rq_p_reg[0][492]/C -> g_dnpipeN.dn_rdq_n_reg[492]/D
-0.092    1         SLR2      SLR1       g_dnpipeN.g_grp[1].rq_p_reg[0][492]/C -> g_dnpipeN.dn_rdq_n_reg[492]/D
-0.015    1         SLR0      SLR1       g_dnpipeN.g_grp[0].rq_p_reg[0][1832]/C -> g_dnpipeN.dn_rdq_n_reg[1832]/D
-0.015    1         SLR0      SLR1       g_dnpipeN.g_grp[0].rq_p_reg[0][1832]/C -> g_dnpipeN.dn_rdq_n_reg[1832]/D
-0.007    1         SLR2      SLR1       g_dnpipeN.g_grp[1].rq_p_reg[0][1922]/C -> g_dnpipeN.dn_rdq_n_reg[1922]/D
-0.007    1         SLR2      SLR1       g_dnpipeN.g_grp[1].rq_p_reg[0][1922]/C -> g_dnpipeN.dn_rdq_n_reg[1922]/D
-0.004    1         SLR2      SLR1       g_dnpipeN.g_grp[1].rq_p_reg[0][491]/C -> g_dnpipeN.dn_rdq_n_reg[491]/D
-0.004    1         SLR2      SLR1       g_dnpipeN.g_grp[1].rq_p_reg[0][491]/C -> g_dnpipeN.dn_rdq_n_reg[491]/D
-0.002    1         SLR2      SLR1       g_dnpipeN.g_grp[1].rq_p_reg[0][1934]/C -> g_dnpipeN.dn_rdq_n_reg[1934]/D
-0.002    1         SLR2      SLR1       g_dnpipeN.g_grp[1].rq_p_reg[0][1934]/C -> g_dnpipeN.dn_rdq_n_reg[1934]/D
0.001     1         SLR2      SLR1       g_dnpipeN.g_grp[1].rq_p_reg[0][450]/C -> g_dnpipeN.dn_rdq_n_reg[450]/D
0.001     1         SLR2      SLR1       g_dnpipeN.g_grp[1].rq_p_reg[0][450]/C -> g_dnpipeN.dn_rdq_n_reg[450]/D
0.004     1         SLR2      SLR1       g_dnpipeN.g_grp[1].rq_p_reg[0][1923]/C -> g_dnpipeN.dn_rdq_n_reg[1923]/D
0.004     1         SLR2      SLR1       g_dnpipeN.g_grp[1].rq_p_reg[0][1923]/C -> g_dnpipeN.dn_rdq_n_reg[1923]/D
0.026     1         SLR2      SLR1       g_dnpipeN.g_grp[1].rq_p_reg[0][449]/C -> g_dnpipeN.dn_rdq_n_reg[449]/D
0.026     1         SLR2      SLR1       g_dnpipeN.g_grp[1].rq_p_reg[0][449]/C -> g_dnpipeN.dn_rdq_n_reg[449]/D
0.031     1         SLR2      SLR1       g_dnpipeN.g_grp[0].rq_p_reg[0][1079]/C -> g_dnpipeN.dn_rdq_n_reg[1079]/D
0.031     1         SLR2      SLR1       g_dnpipeN.g_grp[0].rq_p_reg[0][1079]/C -> g_dnpipeN.dn_rdq_n_reg[1079]/D
0.035     1         SLR2      SLR1       g_dnpipeN.g_grp[1].rq_p_reg[0][1935]/C -> g_dnpipeN.dn_rdq_n_reg[1935]/D
0.035     1         SLR2      SLR1       g_dnpipeN.g_grp[1].rq_p_reg[0][1935]/C -> g_dnpipeN.dn_rdq_n_reg[1935]/D

---- full report_timing on the worst 10 ----
Copyright 1986-2022 Xilinx, Inc. All Rights Reserved. Copyright 2022-2024 Advanced Micro Devices, Inc. All Rights Reserved.
-------------------------------------------------------------------------------------------------------------------------------------------------------------------------------------------------------------------------------------------------
| Tool Version      : Vivado v.2024.2 (lin64) Build 5239630 Fri Nov 08 22:34:34 MST 2024
| Date              : Tue Aug 25 21:56:19 2026
| Host              : snoke running 64-bit Ubuntu 24.04.4 LTS
| Command           : report_timing -to [get_cells -quiet -hier -filter {NAME =~ *dn_rdq_n_reg*}] -max_paths 10 -nworst 10 -setup -file /home/cah/r2d2/code/fpga/fable5_llm/synth/out_exp_uram_r2widepipe1/reports/dn_bank_mux_paths.rpt -append
| Design            : layer_chan
| Device            : xcvu9p-fsgd2104
| Speed File        : -2L  PRODUCTION 1.28 03-30-2022
| Design State      : Fully Placed
| Temperature Grade : E
-------------------------------------------------------------------------------------------------------------------------------------------------------------------------------------------------------------------------------------------------

Timing Report

Slack (VIOLATED) :        -0.339ns  (required time - arrival time)
  Source:                 g_dnpipeN.g_grp[1].rq_p_reg[0][480]/C
                            (rising edge-triggered cell FDRE clocked by aclk  {rise@0.000ns fall@2.000ns period=4.000ns})
  Destination:            g_dnpipeN.dn_rdq_n_reg[480]/D
                            (rising edge-triggered cell FDRE clocked by aclk  {rise@0.000ns fall@2.000ns period=4.000ns})
  Path Group:             aclk
  Path Type:              Setup (Max at Slow Process Corner)
  Requirement:            4.000ns  (aclk rise@4.000ns - aclk rise@0.000ns)
  Data Path Delay:        4.316ns  (logic 0.169ns (3.916%)  route 4.147ns (96.084%))
  Logic Levels:           1  (LUT5=1)
  Clock Path Skew:        -0.009ns (DCD - SCD + CPR)
    Destination Clock Delay (DCD):    0.021ns = ( 4.021 - 4.000 ) 
    Source Clock Delay      (SCD):    0.030ns
    Clock Pessimism Removal (CPR):    0.000ns
  Clock Uncertainty:      0.035ns  ((TSJ^2 + TIJ^2)^1/2 + DJ) / 2 + PE
    Total System Jitter     (TSJ):    0.071ns
    Total Input Jitter      (TIJ):    0.000ns
    Discrete Jitter          (DJ):    0.000ns
    Phase Error              (PE):    0.000ns
  Inter-SLR Compensation: 0.003ns  (DCD * PF)
    Destination Clock Delay (DCD):    0.021ns
    Prorating Factor         (PF):    0.150

    Location             Delay type                Incr(ns)  Path(ns)    Netlist Resource(s)
  -------------------------------------------------------------------    -------------------
                         (clock aclk rise edge)       0.000     0.000 r  
                                                      0.000     0.000 r  aclk (IN)
                         net (fo=81264, unset)        0.030     0.030    aclk
    SLICE_X95Y792        FDRE                                         r  g_dnpipeN.g_grp[1].rq_p_reg[0][480]/C
  -------------------------------------------------------------------    -------------------
    SLICE_X95Y792        FDRE (Prop_HFF_SLICEM_C_Q)
                                                      0.079     0.109 r  g_dnpipeN.g_grp[1].rq_p_reg[0][480]/Q
                         net (fo=1, estimated)        1.992     2.101    u_dn/g_dnpipeN.dn_rdq_n_reg[2047]_0[480]
    SLICE_X137Y659       LUT5 (Prop_A6LUT_SLICEM_I2_O)
                                                      0.090     2.191 r  u_dn/p_1_out__10__0_i_16/O
                         net (fo=3, estimated)        2.155     4.346    u_dn_n_239
    SLR Crossing[2->1]   
    SLICE_X113Y514       FDRE                                         r  g_dnpipeN.dn_rdq_n_reg[480]/D
  -------------------------------------------------------------------    -------------------

                         (clock aclk rise edge)       4.000     4.000 r  
                                                      0.000     4.000 r  aclk (IN)
                         net (fo=81264, unset)        0.021     4.021    aclk
    SLICE_X113Y514       FDRE                                         r  g_dnpipeN.dn_rdq_n_reg[480]/C
                         clock pessimism              0.000     4.021    
                         inter-SLR compensation      -0.003     4.018    
                         clock uncertainty           -0.035     3.982    
    SLICE_X113Y514       FDRE (Setup_EFF_SLICEM_C_D)
                                                      0.025     4.007    g_dnpipeN.dn_rdq_n_reg[480]
  -------------------------------------------------------------------
                         required time                          4.007    
                         arrival time                          -4.346    
  -------------------------------------------------------------------
                         slack                                 -0.339    

Slack (VIOLATED) :        -0.339ns  (required time - arrival time)
  Source:                 g_dnpipeN.g_grp[1].rq_p_reg[0][480]/C
                            (rising edge-triggered cell FDRE clocked by aclk  {rise@0.000ns fall@2.000ns period=4.000ns})
  Destination:            g_dnpipeN.dn_rdq_n_reg[480]/D
                            (rising edge-triggered cell FDRE clocked by aclk  {rise@0.000ns fall@2.000ns period=4.000ns})
  Path Group:             aclk
  Path Type:              Setup (Max at Slow Process Corner)
  Requirement:            4.000ns  (aclk rise@4.000ns - aclk rise@0.000ns)
  Data Path Delay:        4.316ns  (logic 0.169ns (3.916%)  route 4.147ns (96.084%))
  Logic Levels:           1  (LUT5=1)
  Clock Path Skew:        -0.009ns (DCD - SCD + CPR)
    Destination Clock Delay (DCD):    0.021ns = ( 4.021 - 4.000 ) 
    Source Clock Delay      (SCD):    0.030ns
    Clock Pessimism Removal (CPR):    0.000ns
  Clock Uncertainty:      0.035ns  ((TSJ^2 + TIJ^2)^1/2 + DJ) / 2 + PE
    Total System Jitter     (TSJ):    0.071ns
    Total Input Jitter      (TIJ):    0.000ns
    Discrete Jitter          (DJ):    0.000ns
    Phase Error              (PE):    0.000ns
  Inter-SLR Compensation: 0.003ns  (DCD * PF)
    Destination Clock Delay (DCD):    0.021ns
    Prorating Factor         (PF):    0.150

    Location             Delay type                Incr(ns)  Path(ns)    Netlist Resource(s)
  -------------------------------------------------------------------    -------------------
                         (clock aclk rise edge)       0.000     0.000 r  
                                                      0.000     0.000 r  aclk (IN)
                         net (fo=81264, unset)        0.030     0.030    aclk
    SLICE_X95Y792        FDRE                                         r  g_dnpipeN.g_grp[1].rq_p_reg[0][480]/C
  -------------------------------------------------------------------    -------------------
    SLICE_X95Y792        FDRE (Prop_HFF_SLICEM_C_Q)
                                                      0.079     0.109 f  g_dnpipeN.g_grp[1].rq_p_reg[0][480]/Q
                         net (fo=1, estimated)        1.992     2.101    u_dn/g_dnpipeN.dn_rdq_n_reg[2047]_0[480]
    SLICE_X137Y659       LUT5 (Prop_A6LUT_SLICEM_I2_O)
                                                      0.090     2.191 f  u_dn/p_1_out__10__0_i_16/O
                         net (fo=3, estimated)        2.155     4.346    u_dn_n_239
    SLR Crossing[2->1]   
    SLICE_X113Y514       FDRE                                         f  g_dnpipeN.dn_rdq_n_reg[480]/D
  -------------------------------------------------------------------    -------------------

                         (clock aclk rise edge)       4.000     4.000 r  
                                                      0.000     4.000 r  aclk (IN)
                         net (fo=81264, unset)        0.021     4.021    aclk
    SLICE_X113Y514       FDRE                                         r  g_dnpipeN.dn_rdq_n_reg[480]/C
                         clock pessimism              0.000     4.021    
                         inter-SLR compensation      -0.003     4.018    
                         clock uncertainty           -0.035     3.982    
    SLICE_X113Y514       FDRE (Setup_EFF_SLICEM_C_D)
                                                      0.025     4.007    g_dnpipeN.dn_rdq_n_reg[480]
  -------------------------------------------------------------------
                         required time                          4.007    
                         arrival time                          -4.346    
  -------------------------------------------------------------------
                         slack                                 -0.339    

Slack (VIOLATED) :        -0.273ns  (required time - arrival time)
  Source:                 g_dnpipeN.g_grp[1].rq_p_reg[0][493]/C
                            (rising edge-triggered cell FDRE clocked by aclk  {rise@0.000ns fall@2.000ns period=4.000ns})
  Destination:            g_dnpipeN.dn_rdq_n_reg[493]/D
                            (rising edge-triggered cell FDRE clocked by aclk  {rise@0.000ns fall@2.000ns period=4.000ns})
  Path Group:             aclk
  Path Type:              Setup (Max at Slow Process Corner)
  Requirement:            4.000ns  (aclk rise@4.000ns - aclk rise@0.000ns)
  Data Path Delay:        4.250ns  (logic 0.168ns (3.953%)  route 4.082ns (96.047%))
  Logic Levels:           1  (LUT5=1)
  Clock Path Skew:        -0.010ns (DCD - SCD + CPR)
    Destination Clock Delay (DCD):    0.020ns = ( 4.020 - 4.000 ) 
    Source Clock Delay      (SCD):    0.030ns
    Clock Pessimism Removal (CPR):    0.000ns
  Clock Uncertainty:      0.035ns  ((TSJ^2 + TIJ^2)^1/2 + DJ) / 2 + PE
    Total System Jitter     (TSJ):    0.071ns
    Total Input Jitter      (TIJ):    0.000ns
    Discrete Jitter          (DJ):    0.000ns
    Phase Error              (PE):    0.000ns
  Inter-SLR Compensation: 0.003ns  (DCD * PF)
    Destination Clock Delay (DCD):    0.020ns
    Prorating Factor         (PF):    0.150

    Location             Delay type                Incr(ns)  Path(ns)    Netlist Resource(s)
  -------------------------------------------------------------------    -------------------
                         (clock aclk rise edge)       0.000     0.000 r  
                                                      0.000     0.000 r  aclk (IN)
                         net (fo=81264, unset)        0.030     0.030    aclk
    SLICE_X95Y793        FDRE                                         r  g_dnpipeN.g_grp[1].rq_p_reg[0][493]/C
  -------------------------------------------------------------------    -------------------
    SLICE_X95Y793        FDRE (Prop_BFF_SLICEM_C_Q)
                                                      0.078     0.108 r  g_dnpipeN.g_grp[1].rq_p_reg[0][493]/Q
                         net (fo=1, estimated)        1.992     2.100    u_dn/g_dnpipeN.dn_rdq_n_reg[2047]_0[493]
    SLICE_X137Y660       LUT5 (Prop_A6LUT_SLICEM_I2_O)
                                                      0.090     2.190 r  u_dn/p_1_out__10__0_i_3/O
                         net (fo=3, estimated)        2.090     4.280    u_dn_n_226
    SLR Crossing[2->1]   
    SLICE_X112Y523       FDRE                                         r  g_dnpipeN.dn_rdq_n_reg[493]/D
  -------------------------------------------------------------------    -------------------

                         (clock aclk rise edge)       4.000     4.000 r  
                                                      0.000     4.000 r  aclk (IN)
                         net (fo=81264, unset)        0.020     4.020    aclk
    SLICE_X112Y523       FDRE                                         r  g_dnpipeN.dn_rdq_n_reg[493]/C
                         clock pessimism              0.000     4.020    
                         inter-SLR compensation      -0.003     4.017    
                         clock uncertainty           -0.035     3.982    
    SLICE_X112Y523       FDRE (Setup_FFF_SLICEL_C_D)
                                                      0.025     4.007    g_dnpipeN.dn_rdq_n_reg[493]
  -------------------------------------------------------------------
                         required time                          4.007    
                         arrival time                          -4.280    
  -------------------------------------------------------------------
                         slack                                 -0.273    

Slack (VIOLATED) :        -0.273ns  (required time - arrival time)
  Source:                 g_dnpipeN.g_grp[1].rq_p_reg[0][493]/C
                            (rising edge-triggered cell FDRE clocked by aclk  {rise@0.000ns fall@2.000ns period=4.000ns})
  Destination:            g_dnpipeN.dn_rdq_n_reg[493]/D
                            (rising edge-triggered cell FDRE clocked by aclk  {rise@0.000ns fall@2.000ns period=4.000ns})
  Path Group:             aclk
  Path Type:              Setup (Max at Slow Process Corner)
  Requirement:            4.000ns  (aclk rise@4.000ns - aclk rise@0.000ns)
  Data Path Delay:        4.250ns  (logic 0.168ns (3.953%)  route 4.082ns (96.047%))
  Logic Levels:           1  (LUT5=1)
  Clock Path Skew:        -0.010ns (DCD - SCD + CPR)
    Destination Clock Delay (DCD):    0.020ns = ( 4.020 - 4.000 ) 
    Source Clock Delay      (SCD):    0.030ns
    Clock Pessimism Removal (CPR):    0.000ns
  Clock Uncertainty:      0.035ns  ((TSJ^2 + TIJ^2)^1/2 + DJ) / 2 + PE
    Total System Jitter     (TSJ):    0.071ns
    Total Input Jitter      (TIJ):    0.000ns
    Discrete Jitter          (DJ):    0.000ns
    Phase Error              (PE):    0.000ns
  Inter-SLR Compensation: 0.003ns  (DCD * PF)
    Destination Clock Delay (DCD):    0.020ns
    Prorating Factor         (PF):    0.150

    Location             Delay type                Incr(ns)  Path(ns)    Netlist Resource(s)
  -------------------------------------------------------------------    -------------------
                         (clock aclk rise edge)       0.000     0.000 r  
                                                      0.000     0.000 r  aclk (IN)
                         net (fo=81264, unset)        0.030     0.030    aclk
    SLICE_X95Y793        FDRE                                         r  g_dnpipeN.g_grp[1].rq_p_reg[0][493]/C
  -------------------------------------------------------------------    -------------------
    SLICE_X95Y793        FDRE (Prop_BFF_SLICEM_C_Q)
                                                      0.078     0.108 f  g_dnpipeN.g_grp[1].rq_p_reg[0][493]/Q
                         net (fo=1, estimated)        1.992     2.100    u_dn/g_dnpipeN.dn_rdq_n_reg[2047]_0[493]
    SLICE_X137Y660       LUT5 (Prop_A6LUT_SLICEM_I2_O)
                                                      0.090     2.190 f  u_dn/p_1_out__10__0_i_3/O
                         net (fo=3, estimated)        2.090     4.280    u_dn_n_226
    SLR Crossing[2->1]   
    SLICE_X112Y523       FDRE                                         f  g_dnpipeN.dn_rdq_n_reg[493]/D
  -------------------------------------------------------------------    -------------------

                         (clock aclk rise edge)       4.000     4.000 r  
                                                      0.000     4.000 r  aclk (IN)
                         net (fo=81264, unset)        0.020     4.020    aclk
    SLICE_X112Y523       FDRE                                         r  g_dnpipeN.dn_rdq_n_reg[493]/C
                         clock pessimism              0.000     4.020    
                         inter-SLR compensation      -0.003     4.017    
                         clock uncertainty           -0.035     3.982    
    SLICE_X112Y523       FDRE (Setup_FFF_SLICEL_C_D)
                                                      0.025     4.007    g_dnpipeN.dn_rdq_n_reg[493]
  -------------------------------------------------------------------
                         required time                          4.007    
                         arrival time                          -4.280    
  -------------------------------------------------------------------
                         slack                                 -0.273    

Slack (VIOLATED) :        -0.195ns  (required time - arrival time)
  Source:                 g_dnpipeN.g_grp[1].rq_p_reg[0][1075]/C
                            (rising edge-triggered cell FDRE clocked by aclk  {rise@0.000ns fall@2.000ns period=4.000ns})
  Destination:            g_dnpipeN.dn_rdq_n_reg[1075]/D
                            (rising edge-triggered cell FDRE clocked by aclk  {rise@0.000ns fall@2.000ns period=4.000ns})
  Path Group:             aclk
  Path Type:              Setup (Max at Slow Process Corner)
  Requirement:            4.000ns  (aclk rise@4.000ns - aclk rise@0.000ns)
  Data Path Delay:        4.172ns  (logic 0.168ns (4.027%)  route 4.004ns (95.973%))
  Logic Levels:           1  (LUT5=1)
  Clock Path Skew:        -0.009ns (DCD - SCD + CPR)
    Destination Clock Delay (DCD):    0.021ns = ( 4.021 - 4.000 ) 
    Source Clock Delay      (SCD):    0.030ns
    Clock Pessimism Removal (CPR):    0.000ns
  Clock Uncertainty:      0.035ns  ((TSJ^2 + TIJ^2)^1/2 + DJ) / 2 + PE
    Total System Jitter     (TSJ):    0.071ns
    Total Input Jitter      (TIJ):    0.000ns
    Discrete Jitter          (DJ):    0.000ns
    Phase Error              (PE):    0.000ns
  Inter-SLR Compensation: 0.003ns  (DCD * PF)
    Destination Clock Delay (DCD):    0.021ns
    Prorating Factor         (PF):    0.150

    Location             Delay type                Incr(ns)  Path(ns)    Netlist Resource(s)
  -------------------------------------------------------------------    -------------------
                         (clock aclk rise edge)       0.000     0.000 r  
                                                      0.000     0.000 r  aclk (IN)
                         net (fo=81264, unset)        0.030     0.030    aclk
    SLICE_X121Y673       FDRE                                         r  g_dnpipeN.g_grp[1].rq_p_reg[0][1075]/C
  -------------------------------------------------------------------    -------------------
    SLICE_X121Y673       FDRE (Prop_DFF_SLICEM_C_Q)
                                                      0.078     0.108 r  g_dnpipeN.g_grp[1].rq_p_reg[0][1075]/Q
                         net (fo=1, estimated)        0.703     0.811    u_dn/g_dnpipeN.dn_rdq_n_reg[2047]_0[1075]
    SLICE_X106Y660       LUT5 (Prop_H6LUT_SLICEL_I2_O)
                                                      0.090     0.901 r  u_dn/p_1_out__11__4_i_13/O
                         net (fo=3, estimated)        3.301     4.202    u_dn_n_764
    SLR Crossing[2->1]   
    SLICE_X36Y523        FDRE                                         r  g_dnpipeN.dn_rdq_n_reg[1075]/D
  -------------------------------------------------------------------    -------------------

                         (clock aclk rise edge)       4.000     4.000 r  
                                                      0.000     4.000 r  aclk (IN)
                         net (fo=81264, unset)        0.021     4.021    aclk
    SLICE_X36Y523        FDRE                                         r  g_dnpipeN.dn_rdq_n_reg[1075]/C
                         clock pessimism              0.000     4.021    
                         inter-SLR compensation      -0.003     4.018    
                         clock uncertainty           -0.035     3.982    
    SLICE_X36Y523        FDRE (Setup_EFF_SLICEM_C_D)
                                                      0.025     4.007    g_dnpipeN.dn_rdq_n_reg[1075]
  -------------------------------------------------------------------
                         required time                          4.007    
                         arrival time                          -4.202    
  -------------------------------------------------------------------
                         slack                                 -0.195    

Slack (VIOLATED) :        -0.195ns  (required time - arrival time)
  Source:                 g_dnpipeN.g_grp[1].rq_p_reg[0][1075]/C
                            (rising edge-triggered cell FDRE clocked by aclk  {rise@0.000ns fall@2.000ns period=4.000ns})
  Destination:            g_dnpipeN.dn_rdq_n_reg[1075]/D
                            (rising edge-triggered cell FDRE clocked by aclk  {rise@0.000ns fall@2.000ns period=4.000ns})
  Path Group:             aclk
  Path Type:              Setup (Max at Slow Process Corner)
  Requirement:            4.000ns  (aclk rise@4.000ns - aclk rise@0.000ns)
  Data Path Delay:        4.172ns  (logic 0.168ns (4.027%)  route 4.004ns (95.973%))
  Logic Levels:           1  (LUT5=1)
  Clock Path Skew:        -0.009ns (DCD - SCD + CPR)
    Destination Clock Delay (DCD):    0.021ns = ( 4.021 - 4.000 ) 
    Source Clock Delay      (SCD):    0.030ns
    Clock Pessimism Removal (CPR):    0.000ns
  Clock Uncertainty:      0.035ns  ((TSJ^2 + TIJ^2)^1/2 + DJ) / 2 + PE
    Total System Jitter     (TSJ):    0.071ns
    Total Input Jitter      (TIJ):    0.000ns
    Discrete Jitter          (DJ):    0.000ns
    Phase Error              (PE):    0.000ns
  Inter-SLR Compensation: 0.003ns  (DCD * PF)
    Destination Clock Delay (DCD):    0.021ns
    Prorating Factor         (PF):    0.150

    Location             Delay type                Incr(ns)  Path(ns)    Netlist Resource(s)
  -------------------------------------------------------------------    -------------------
                         (clock aclk rise edge)       0.000     0.000 r  
                                                      0.000     0.000 r  aclk (IN)
                         net (fo=81264, unset)        0.030     0.030    aclk
    SLICE_X121Y673       FDRE                                         r  g_dnpipeN.g_grp[1].rq_p_reg[0][1075]/C
  -------------------------------------------------------------------    -------------------
    SLICE_X121Y673       FDRE (Prop_DFF_SLICEM_C_Q)
                                                      0.078     0.108 f  g_dnpipeN.g_grp[1].rq_p_reg[0][1075]/Q
                         net (fo=1, estimated)        0.703     0.811    u_dn/g_dnpipeN.dn_rdq_n_reg[2047]_0[1075]
    SLICE_X106Y660       LUT5 (Prop_H6LUT_SLICEL_I2_O)
                                                      0.090     0.901 f  u_dn/p_1_out__11__4_i_13/O
                         net (fo=3, estimated)        3.301     4.202    u_dn_n_764
    SLR Crossing[2->1]   
    SLICE_X36Y523        FDRE                                         f  g_dnpipeN.dn_rdq_n_reg[1075]/D
  -------------------------------------------------------------------    -------------------

                         (clock aclk rise edge)       4.000     4.000 r  
                                                      0.000     4.000 r  aclk (IN)
                         net (fo=81264, unset)        0.021     4.021    aclk
    SLICE_X36Y523        FDRE                                         r  g_dnpipeN.dn_rdq_n_reg[1075]/C
                         clock pessimism              0.000     4.021    
                         inter-SLR compensation      -0.003     4.018    
                         clock uncertainty           -0.035     3.982    
    SLICE_X36Y523        FDRE (Setup_EFF_SLICEM_C_D)
                                                      0.025     4.007    g_dnpipeN.dn_rdq_n_reg[1075]
  -------------------------------------------------------------------
                         required time                          4.007    
                         arrival time                          -4.202    
  -------------------------------------------------------------------
                         slack                                 -0.195    

Slack (VIOLATED) :        -0.175ns  (required time - arrival time)
  Source:                 g_dnpipeN.g_grp[1].rq_p_reg[0][495]/C
                            (rising edge-triggered cell FDRE clocked by aclk  {rise@0.000ns fall@2.000ns period=4.000ns})
  Destination:            g_dnpipeN.dn_rdq_n_reg[495]/D
                            (rising edge-triggered cell FDRE clocked by aclk  {rise@0.000ns fall@2.000ns period=4.000ns})
  Path Group:             aclk
  Path Type:              Setup (Max at Slow Process Corner)
  Requirement:            4.000ns  (aclk rise@4.000ns - aclk rise@0.000ns)
  Data Path Delay:        4.153ns  (logic 0.169ns (4.069%)  route 3.984ns (95.931%))
  Logic Levels:           1  (LUT5=1)
  Clock Path Skew:        -0.009ns (DCD - SCD + CPR)
    Destination Clock Delay (DCD):    0.020ns = ( 4.020 - 4.000 ) 
    Source Clock Delay      (SCD):    0.029ns
    Clock Pessimism Removal (CPR):    0.000ns
  Clock Uncertainty:      0.035ns  ((TSJ^2 + TIJ^2)^1/2 + DJ) / 2 + PE
    Total System Jitter     (TSJ):    0.071ns
    Total Input Jitter      (TIJ):    0.000ns
    Discrete Jitter          (DJ):    0.000ns
    Phase Error              (PE):    0.000ns
  Inter-SLR Compensation: 0.003ns  (DCD * PF)
    Destination Clock Delay (DCD):    0.020ns
    Prorating Factor         (PF):    0.150

    Location             Delay type                Incr(ns)  Path(ns)    Netlist Resource(s)
  -------------------------------------------------------------------    -------------------
                         (clock aclk rise edge)       0.000     0.000 r  
                                                      0.000     0.000 r  aclk (IN)
                         net (fo=81264, unset)        0.029     0.029    aclk
    SLICE_X98Y773        FDRE                                         r  g_dnpipeN.g_grp[1].rq_p_reg[0][495]/C
  -------------------------------------------------------------------    -------------------
    SLICE_X98Y773        FDRE (Prop_HFF_SLICEL_C_Q)
                                                      0.079     0.108 r  g_dnpipeN.g_grp[1].rq_p_reg[0][495]/Q
                         net (fo=1, estimated)        2.019     2.127    u_dn/g_dnpipeN.dn_rdq_n_reg[2047]_0[495]
    SLICE_X127Y620       LUT5 (Prop_H6LUT_SLICEM_I2_O)
                                                      0.090     2.217 r  u_dn/p_1_out__10__0_i_1/O
                         net (fo=31, estimated)       1.965     4.182    u_dn_n_224
    SLR Crossing[2->1]   
    SLICE_X112Y523       FDRE                                         r  g_dnpipeN.dn_rdq_n_reg[495]/D
  -------------------------------------------------------------------    -------------------

                         (clock aclk rise edge)       4.000     4.000 r  
                                                      0.000     4.000 r  aclk (IN)
                         net (fo=81264, unset)        0.020     4.020    aclk
    SLICE_X112Y523       FDRE                                         r  g_dnpipeN.dn_rdq_n_reg[495]/C
                         clock pessimism              0.000     4.020    
                         inter-SLR compensation      -0.003     4.017    
                         clock uncertainty           -0.035     3.982    
    SLICE_X112Y523       FDRE (Setup_FFF2_SLICEL_C_D)
                                                      0.025     4.007    g_dnpipeN.dn_rdq_n_reg[495]
  -------------------------------------------------------------------
                         required time                          4.007    
                         arrival time                          -4.182    
  -------------------------------------------------------------------
                         slack                                 -0.175    

Slack (VIOLATED) :        -0.175ns  (required time - arrival time)
  Source:                 g_dnpipeN.g_grp[1].rq_p_reg[0][495]/C
                            (rising edge-triggered cell FDRE clocked by aclk  {rise@0.000ns fall@2.000ns period=4.000ns})
  Destination:            g_dnpipeN.dn_rdq_n_reg[495]/D
                            (rising edge-triggered cell FDRE clocked by aclk  {rise@0.000ns fall@2.000ns period=4.000ns})
  Path Group:             aclk
  Path Type:              Setup (Max at Slow Process Corner)
  Requirement:            4.000ns  (aclk rise@4.000ns - aclk rise@0.000ns)
  Data Path Delay:        4.153ns  (logic 0.169ns (4.069%)  route 3.984ns (95.931%))
  Logic Levels:           1  (LUT5=1)
  Clock Path Skew:        -0.009ns (DCD - SCD + CPR)
    Destination Clock Delay (DCD):    0.020ns = ( 4.020 - 4.000 ) 
    Source Clock Delay      (SCD):    0.029ns
    Clock Pessimism Removal (CPR):    0.000ns
  Clock Uncertainty:      0.035ns  ((TSJ^2 + TIJ^2)^1/2 + DJ) / 2 + PE
    Total System Jitter     (TSJ):    0.071ns
    Total Input Jitter      (TIJ):    0.000ns
    Discrete Jitter          (DJ):    0.000ns
    Phase Error              (PE):    0.000ns
  Inter-SLR Compensation: 0.003ns  (DCD * PF)
    Destination Clock Delay (DCD):    0.020ns
    Prorating Factor         (PF):    0.150

    Location             Delay type                Incr(ns)  Path(ns)    Netlist Resource(s)
  -------------------------------------------------------------------    -------------------
                         (clock aclk rise edge)       0.000     0.000 r  
                                                      0.000     0.000 r  aclk (IN)
                         net (fo=81264, unset)        0.029     0.029    aclk
    SLICE_X98Y773        FDRE                                         r  g_dnpipeN.g_grp[1].rq_p_reg[0][495]/C
  -------------------------------------------------------------------    -------------------
    SLICE_X98Y773        FDRE (Prop_HFF_SLICEL_C_Q)
                                                      0.079     0.108 f  g_dnpipeN.g_grp[1].rq_p_reg[0][495]/Q
                         net (fo=1, estimated)        2.019     2.127    u_dn/g_dnpipeN.dn_rdq_n_reg[2047]_0[495]
    SLICE_X127Y620       LUT5 (Prop_H6LUT_SLICEM_I2_O)
                                                      0.090     2.217 f  u_dn/p_1_out__10__0_i_1/O
                         net (fo=31, estimated)       1.965     4.182    u_dn_n_224
    SLR Crossing[2->1]   
    SLICE_X112Y523       FDRE                                         f  g_dnpipeN.dn_rdq_n_reg[495]/D
  -------------------------------------------------------------------    -------------------

                         (clock aclk rise edge)       4.000     4.000 r  
                                                      0.000     4.000 r  aclk (IN)
                         net (fo=81264, unset)        0.020     4.020    aclk
    SLICE_X112Y523       FDRE                                         r  g_dnpipeN.dn_rdq_n_reg[495]/C
                         clock pessimism              0.000     4.020    
                         inter-SLR compensation      -0.003     4.017    
                         clock uncertainty           -0.035     3.982    
    SLICE_X112Y523       FDRE (Setup_FFF2_SLICEL_C_D)
                                                      0.025     4.007    g_dnpipeN.dn_rdq_n_reg[495]
  -------------------------------------------------------------------
                         required time                          4.007    
                         arrival time                          -4.182    
  -------------------------------------------------------------------
                         slack                                 -0.175    

Slack (VIOLATED) :        -0.119ns  (required time - arrival time)
  Source:                 g_dnpipeN.g_grp[1].rq_p_reg[0][488]/C
                            (rising edge-triggered cell FDRE clocked by aclk  {rise@0.000ns fall@2.000ns period=4.000ns})
  Destination:            g_dnpipeN.dn_rdq_n_reg[488]/D
                            (rising edge-triggered cell FDRE clocked by aclk  {rise@0.000ns fall@2.000ns period=4.000ns})
  Path Group:             aclk
  Path Type:              Setup (Max at Slow Process Corner)
  Requirement:            4.000ns  (aclk rise@4.000ns - aclk rise@0.000ns)
  Data Path Delay:        4.096ns  (logic 0.168ns (4.102%)  route 3.928ns (95.898%))
  Logic Levels:           1  (LUT5=1)
  Clock Path Skew:        -0.010ns (DCD - SCD + CPR)
    Destination Clock Delay (DCD):    0.020ns = ( 4.020 - 4.000 ) 
    Source Clock Delay      (SCD):    0.030ns
    Clock Pessimism Removal (CPR):    0.000ns
  Clock Uncertainty:      0.035ns  ((TSJ^2 + TIJ^2)^1/2 + DJ) / 2 + PE
    Total System Jitter     (TSJ):    0.071ns
    Total Input Jitter      (TIJ):    0.000ns
    Discrete Jitter          (DJ):    0.000ns
    Phase Error              (PE):    0.000ns
  Inter-SLR Compensation: 0.003ns  (DCD * PF)
    Destination Clock Delay (DCD):    0.020ns
    Prorating Factor         (PF):    0.150

    Location             Delay type                Incr(ns)  Path(ns)    Netlist Resource(s)
  -------------------------------------------------------------------    -------------------
                         (clock aclk rise edge)       0.000     0.000 r  
                                                      0.000     0.000 r  aclk (IN)
                         net (fo=81264, unset)        0.030     0.030    aclk
    SLICE_X95Y768        FDRE                                         r  g_dnpipeN.g_grp[1].rq_p_reg[0][488]/C
  -------------------------------------------------------------------    -------------------
    SLICE_X95Y768        FDRE (Prop_BFF_SLICEM_C_Q)
                                                      0.078     0.108 r  g_dnpipeN.g_grp[1].rq_p_reg[0][488]/Q
                         net (fo=1, estimated)        1.904     2.012    u_dn/g_dnpipeN.dn_rdq_n_reg[2047]_0[488]
    SLICE_X137Y648       LUT5 (Prop_A6LUT_SLICEM_I2_O)
                                                      0.090     2.102 r  u_dn/p_1_out__10__0_i_8/O
                         net (fo=3, estimated)        2.024     4.126    u_dn_n_231
    SLR Crossing[2->1]   
    SLICE_X112Y523       FDRE                                         r  g_dnpipeN.dn_rdq_n_reg[488]/D
  -------------------------------------------------------------------    -------------------

                         (clock aclk rise edge)       4.000     4.000 r  
                                                      0.000     4.000 r  aclk (IN)
                         net (fo=81264, unset)        0.020     4.020    aclk
    SLICE_X112Y523       FDRE                                         r  g_dnpipeN.dn_rdq_n_reg[488]/C
                         clock pessimism              0.000     4.020    
                         inter-SLR compensation      -0.003     4.017    
                         clock uncertainty           -0.035     3.982    
    SLICE_X112Y523       FDRE (Setup_EFF_SLICEL_C_D)
                                                      0.025     4.007    g_dnpipeN.dn_rdq_n_reg[488]
  -------------------------------------------------------------------
                         required time                          4.007    
                         arrival time                          -4.126    
  -------------------------------------------------------------------
                         slack                                 -0.119    

Slack (VIOLATED) :        -0.119ns  (required time - arrival time)
  Source:                 g_dnpipeN.g_grp[1].rq_p_reg[0][488]/C
                            (rising edge-triggered cell FDRE clocked by aclk  {rise@0.000ns fall@2.000ns period=4.000ns})
  Destination:            g_dnpipeN.dn_rdq_n_reg[488]/D
                            (rising edge-triggered cell FDRE clocked by aclk  {rise@0.000ns fall@2.000ns period=4.000ns})
  Path Group:             aclk
  Path Type:              Setup (Max at Slow Process Corner)
  Requirement:            4.000ns  (aclk rise@4.000ns - aclk rise@0.000ns)
  Data Path Delay:        4.096ns  (logic 0.168ns (4.102%)  route 3.928ns (95.898%))
  Logic Levels:           1  (LUT5=1)
  Clock Path Skew:        -0.010ns (DCD - SCD + CPR)
    Destination Clock Delay (DCD):    0.020ns = ( 4.020 - 4.000 ) 
    Source Clock Delay      (SCD):    0.030ns
    Clock Pessimism Removal (CPR):    0.000ns
  Clock Uncertainty:      0.035ns  ((TSJ^2 + TIJ^2)^1/2 + DJ) / 2 + PE
    Total System Jitter     (TSJ):    0.071ns
    Total Input Jitter      (TIJ):    0.000ns
    Discrete Jitter          (DJ):    0.000ns
    Phase Error              (PE):    0.000ns
  Inter-SLR Compensation: 0.003ns  (DCD * PF)
    Destination Clock Delay (DCD):    0.020ns
    Prorating Factor         (PF):    0.150

    Location             Delay type                Incr(ns)  Path(ns)    Netlist Resource(s)
  -------------------------------------------------------------------    -------------------
                         (clock aclk rise edge)       0.000     0.000 r  
                                                      0.000     0.000 r  aclk (IN)
                         net (fo=81264, unset)        0.030     0.030    aclk
    SLICE_X95Y768        FDRE                                         r  g_dnpipeN.g_grp[1].rq_p_reg[0][488]/C
  -------------------------------------------------------------------    -------------------
    SLICE_X95Y768        FDRE (Prop_BFF_SLICEM_C_Q)
                                                      0.078     0.108 f  g_dnpipeN.g_grp[1].rq_p_reg[0][488]/Q
                         net (fo=1, estimated)        1.904     2.012    u_dn/g_dnpipeN.dn_rdq_n_reg[2047]_0[488]
    SLICE_X137Y648       LUT5 (Prop_A6LUT_SLICEM_I2_O)
                                                      0.090     2.102 f  u_dn/p_1_out__10__0_i_8/O
                         net (fo=3, estimated)        2.024     4.126    u_dn_n_231
    SLR Crossing[2->1]   
    SLICE_X112Y523       FDRE                                         f  g_dnpipeN.dn_rdq_n_reg[488]/D
  -------------------------------------------------------------------    -------------------

                         (clock aclk rise edge)       4.000     4.000 r  
                                                      0.000     4.000 r  aclk (IN)
                         net (fo=81264, unset)        0.020     4.020    aclk
    SLICE_X112Y523       FDRE                                         r  g_dnpipeN.dn_rdq_n_reg[488]/C
                         clock pessimism              0.000     4.020    
                         inter-SLR compensation      -0.003     4.017    
                         clock uncertainty           -0.035     3.982    
    SLICE_X112Y523       FDRE (Setup_EFF_SLICEL_C_D)
                                                      0.025     4.007    g_dnpipeN.dn_rdq_n_reg[488]
  -------------------------------------------------------------------
                         required time                          4.007    
                         arrival time                          -4.126    
  -------------------------------------------------------------------
                         slack                                 -0.119    




