Copyright 1986-2022 Xilinx, Inc. All Rights Reserved. Copyright 2022-2024 Advanced Micro Devices, Inc. All Rights Reserved.
----------------------------------------------------------------------------------------------------------------------------------------------
| Tool Version : Vivado v.2024.2 (lin64) Build 5239630 Fri Nov 08 22:34:34 MST 2024
| Date         : Tue Aug 25 21:54:29 2026
| Host         : snoke running 64-bit Ubuntu 24.04.4 LTS
| Command      : report_utilization -slr -file /home/cah/r2d2/code/fpga/fable5_llm/synth/out_exp_uram_r2widepipe1/reports/util_placed_slr.rpt
| Design       : layer_chan
| Device       : xcvu9p-fsgd2104-2L-e
| Speed File   : -2L
| Design State : Fully Placed
----------------------------------------------------------------------------------------------------------------------------------------------

Utilization Design Information

Table of Contents
-----------------
1. SLR Connectivity
2. SLR Connectivity Matrix
3. SLR CLB Logic and Dedicated Block Utilization
4. SLR IO Utilization

1. SLR Connectivity
-------------------

+----------------------------------+------+-------+-----------+-------+
|                                  | Used | Fixed | Available | Util% |
+----------------------------------+------+-------+-----------+-------+
| SLR2 <-> SLR1                    | 2045 |       |     17280 | 11.83 |
|   SLR1 -> SLR2                   | 1048 |       |           |  6.06 |
|     Using TX_REG only            |    0 |     0 |           |       |
|     Using RX_REG only            |    0 |     0 |           |       |
|     Using Both TX_REG and RX_REG |    0 |     0 |           |       |
|   SLR2 -> SLR1                   |  997 |       |           |  5.77 |
|     Using TX_REG only            |    0 |     0 |           |       |
|     Using RX_REG only            |    0 |     0 |           |       |
|     Using Both TX_REG and RX_REG |    0 |     0 |           |       |
| SLR1 <-> SLR0                    | 1202 |       |     17280 |  6.96 |
|   SLR0 -> SLR1                   |  751 |       |           |  4.35 |
|     Using TX_REG only            |    0 |     0 |           |       |
|     Using RX_REG only            |    0 |     0 |           |       |
|     Using Both TX_REG and RX_REG |    0 |     0 |           |       |
|   SLR1 -> SLR0                   |  451 |       |           |  2.61 |
|     Using TX_REG only            |    0 |     0 |           |       |
|     Using RX_REG only            |    0 |     0 |           |       |
|     Using Both TX_REG and RX_REG |    0 |     0 |           |       |
+----------------------------------+------+-------+-----------+-------+
| Total SLLs Used                  | 3247 |       |           |       |
+----------------------------------+------+-------+-----------+-------+


2. SLR Connectivity Matrix
--------------------------

+-----------+------+------+------+
| FROM \ TO | SLR2 | SLR1 | SLR0 |
+-----------+------+------+------+
| SLR2      |    0 |  997 |    0 |
| SLR1      | 1027 |    0 |  451 |
| SLR0      |   21 |  730 |    0 |
+-----------+------+------+------+


3. SLR CLB Logic and Dedicated Block Utilization
------------------------------------------------

+----------------------------+-------+-------+------+--------+--------+--------+
|          Site Type         |  SLR0 |  SLR1 | SLR2 | SLR0 % | SLR1 % | SLR2 % |
+----------------------------+-------+-------+------+--------+--------+--------+
| CLB                        | 10795 | 10935 | 1911 |  21.91 |  22.20 |   3.88 |
|   CLBL                     |  5445 |  5002 |  969 |  22.13 |  20.33 |   3.94 |
|   CLBM                     |  5350 |  5933 |  942 |  21.70 |  24.06 |   3.82 |
| CLB LUTs                   | 52260 | 48329 | 5888 |  13.26 |  12.26 |   1.49 |
|   LUT as Logic             | 52247 | 47988 | 5888 |  13.26 |  12.18 |   1.49 |
|     using O5 output only   |   130 |  2644 |    1 |   0.03 |   0.67 |  <0.01 |
|     using O6 output only   | 46748 | 34150 | 5867 |  11.86 |   8.67 |   1.49 |
|     using O5 and O6        |  5369 | 11194 |   20 |   1.36 |   2.84 |  <0.01 |
|   LUT as Memory            |    13 |   341 |    0 |  <0.01 |   0.17 |   0.00 |
|     LUT as Distributed RAM |    12 |   322 |    0 |  <0.01 |   0.16 |   0.00 |
|       using O6 output only |     0 |   280 |    0 |   0.00 |   0.14 |   0.00 |
|       using O5 and O6      |    12 |    42 |    0 |  <0.01 |   0.02 |   0.00 |
|     LUT as Shift Register  |     1 |    19 |    0 |  <0.01 |  <0.01 |   0.00 |
|       using O6 output only |     1 |     3 |    0 |  <0.01 |  <0.01 |   0.00 |
|       using O5 and O6      |     0 |    16 |    0 |   0.00 |  <0.01 |   0.00 |
| CLB Registers              | 42544 | 19856 | 5169 |   5.40 |   2.52 |   0.66 |
| CARRY8                     |  3477 |  4337 |    0 |   7.06 |   8.80 |   0.00 |
| F7 Muxes                   |  4433 |  3746 | 2544 |   2.25 |   1.90 |   1.29 |
| F8 Muxes                   |   512 |   384 |    0 |   0.52 |   0.39 |   0.00 |
| F9 Muxes                   |     0 |     0 |    0 |   0.00 |   0.00 |   0.00 |
| Block RAM Tile             |   462 | 195.5 |    0 |  64.17 |  27.15 |   0.00 |
|   RAMB36/FIFO              |   447 |   194 |    0 |  62.08 |  26.94 |   0.00 |
|   RAMB18                   |    30 |     3 |    0 |   2.08 |   0.21 |   0.00 |
| URAM                       |   320 |   312 |  296 | 100.00 |  97.50 |  92.50 |
| DSPs                       |   540 |  1298 |    0 |  23.68 |  56.93 |   0.00 |
| Unique Control Sets        |   798 |   320 |    1 |   0.81 |   0.32 |  <0.01 |
+----------------------------+-------+-------+------+--------+--------+--------+
* Note: Available Control Sets based on CLB Registers / 8


4. SLR IO Utilization
---------------------

+-----------+-----------+---------+------------+----------+------------+----------+-----+
| SLR Index | Used IOBs | (%)IOBs | Used IPADs | (%)IPADs | Used OPADs | (%)OPADs | GTs |
+-----------+-----------+---------+------------+----------+------------+----------+-----+
| SLR2      |         0 |    0.00 |          0 |     0.00 |          0 |     0.00 |   0 |
| SLR1      |         0 |    0.00 |          0 |     0.00 |          0 |     0.00 |   0 |
| SLR0      |         0 |    0.00 |          0 |     0.00 |          0 |     0.00 |   0 |
+-----------+-----------+---------+------------+----------+------------+----------+-----+
| Total     |         0 |         |          0 |          |          0 |          |   0 |
+-----------+-----------+---------+------------+----------+------------+----------+-----+


