Copyright 1986-2022 Xilinx, Inc. All Rights Reserved. Copyright 2022-2024 Advanced Micro Devices, Inc. All Rights Reserved.
-----------------------------------------------------------------------------------------------------------------------------------------------------------------------------------------------------------------------------------------------
| Tool Version      : Vivado v.2024.2 (lin64) Build 5239630 Fri Nov 08 22:34:34 MST 2024
| Date              : Tue Aug 25 23:29:04 2026
| Host              : snoke running 64-bit Ubuntu 24.04.4 LTS
| Command           : report_timing -to [get_cells -quiet -hier -filter {NAME =~ *g_grp*rq_p*reg*}] -max_paths 10 -nworst 10 -setup -file /home/cah/r2d2/code/fpga/fable5_llm/synth/out_exp_uram_r3pipe2bank/reports/dn_group_return_paths.rpt
| Design            : layer_chan
| Device            : xcvu9p-fsgd2104
| Speed File        : -2L  PRODUCTION 1.28 03-30-2022
| Design State      : Fully Placed
| Temperature Grade : E
-----------------------------------------------------------------------------------------------------------------------------------------------------------------------------------------------------------------------------------------------

Timing Report

Slack (MET) :             0.439ns  (required time - arrival time)
  Source:                 g_dnpipeN.g_grp[11].g_dn[0].mem_reg_uram_9/CLK
                            (rising edge-triggered cell URAM288 clocked by aclk  {rise@0.000ns fall@2.000ns period=4.000ns})
  Destination:            g_dnpipeN.g_grp[11].g_lmux1.rq_p_reg[0][653]/D
                            (rising edge-triggered cell FDRE clocked by aclk  {rise@0.000ns fall@2.000ns period=4.000ns})
  Path Group:             aclk
  Path Type:              Setup (Max at Slow Process Corner)
  Requirement:            4.000ns  (aclk rise@4.000ns - aclk rise@0.000ns)
  Data Path Delay:        3.488ns  (logic 1.271ns (36.439%)  route 2.217ns (63.561%))
  Logic Levels:           0  
  Clock Path Skew:        -0.063ns (DCD - SCD + CPR)
    Destination Clock Delay (DCD):    0.020ns = ( 4.020 - 4.000 ) 
    Source Clock Delay      (SCD):    0.083ns
    Clock Pessimism Removal (CPR):    0.000ns
  Clock Uncertainty:      0.035ns  ((TSJ^2 + TIJ^2)^1/2 + DJ) / 2 + PE
    Total System Jitter     (TSJ):    0.071ns
    Total Input Jitter      (TIJ):    0.000ns
    Discrete Jitter          (DJ):    0.000ns
    Phase Error              (PE):    0.000ns

    Location             Delay type                Incr(ns)  Path(ns)    Netlist Resource(s)
  -------------------------------------------------------------------    -------------------
                         (clock aclk rise edge)       0.000     0.000 r  
                                                      0.000     0.000 r  aclk (IN)
                         net (fo=266520, unset)       0.083     0.083    aclk
    URAM288_X0Y3         URAM288                                      r  g_dnpipeN.g_grp[11].g_dn[0].mem_reg_uram_9/CLK
  -------------------------------------------------------------------    -------------------
    URAM288_X0Y3         URAM288 (Prop_URAM_288K_INST_URAM288_CLK_DOUT_A[5])
                                                      1.271     1.354 r  g_dnpipeN.g_grp[11].g_dn[0].mem_reg_uram_9/DOUT_A[5]
                         net (fo=1, estimated)        2.217     3.571    g_dnpipeN.g_grp[11].g_dn[0].mem_reg_uram_9_n_416
    SLICE_X77Y137        FDRE                                         r  g_dnpipeN.g_grp[11].g_lmux1.rq_p_reg[0][653]/D
  -------------------------------------------------------------------    -------------------

                         (clock aclk rise edge)       4.000     4.000 r  
                                                      0.000     4.000 r  aclk (IN)
                         net (fo=266520, unset)       0.020     4.020    aclk
    SLICE_X77Y137        FDRE                                         r  g_dnpipeN.g_grp[11].g_lmux1.rq_p_reg[0][653]/C
                         clock pessimism              0.000     4.020    
                         clock uncertainty           -0.035     3.985    
    SLICE_X77Y137        FDRE (Setup_EFF2_SLICEL_C_D)
                                                      0.025     4.010    g_dnpipeN.g_grp[11].g_lmux1.rq_p_reg[0][653]
  -------------------------------------------------------------------
                         required time                          4.010    
                         arrival time                          -3.571    
  -------------------------------------------------------------------
                         slack                                  0.439    

Slack (MET) :             0.439ns  (required time - arrival time)
  Source:                 g_dnpipeN.g_grp[11].g_dn[0].mem_reg_uram_9/CLK
                            (rising edge-triggered cell URAM288 clocked by aclk  {rise@0.000ns fall@2.000ns period=4.000ns})
  Destination:            g_dnpipeN.g_grp[11].g_lmux1.rq_p_reg[0][653]/D
                            (rising edge-triggered cell FDRE clocked by aclk  {rise@0.000ns fall@2.000ns period=4.000ns})
  Path Group:             aclk
  Path Type:              Setup (Max at Slow Process Corner)
  Requirement:            4.000ns  (aclk rise@4.000ns - aclk rise@0.000ns)
  Data Path Delay:        3.488ns  (logic 1.271ns (36.439%)  route 2.217ns (63.561%))
  Logic Levels:           0  
  Clock Path Skew:        -0.063ns (DCD - SCD + CPR)
    Destination Clock Delay (DCD):    0.020ns = ( 4.020 - 4.000 ) 
    Source Clock Delay      (SCD):    0.083ns
    Clock Pessimism Removal (CPR):    0.000ns
  Clock Uncertainty:      0.035ns  ((TSJ^2 + TIJ^2)^1/2 + DJ) / 2 + PE
    Total System Jitter     (TSJ):    0.071ns
    Total Input Jitter      (TIJ):    0.000ns
    Discrete Jitter          (DJ):    0.000ns
    Phase Error              (PE):    0.000ns

    Location             Delay type                Incr(ns)  Path(ns)    Netlist Resource(s)
  -------------------------------------------------------------------    -------------------
                         (clock aclk rise edge)       0.000     0.000 r  
                                                      0.000     0.000 r  aclk (IN)
                         net (fo=266520, unset)       0.083     0.083    aclk
    URAM288_X0Y3         URAM288                                      r  g_dnpipeN.g_grp[11].g_dn[0].mem_reg_uram_9/CLK
  -------------------------------------------------------------------    -------------------
    URAM288_X0Y3         URAM288 (Prop_URAM_288K_INST_URAM288_CLK_DOUT_A[5])
                                                      1.271     1.354 f  g_dnpipeN.g_grp[11].g_dn[0].mem_reg_uram_9/DOUT_A[5]
                         net (fo=1, estimated)        2.217     3.571    g_dnpipeN.g_grp[11].g_dn[0].mem_reg_uram_9_n_416
    SLICE_X77Y137        FDRE                                         f  g_dnpipeN.g_grp[11].g_lmux1.rq_p_reg[0][653]/D
  -------------------------------------------------------------------    -------------------

                         (clock aclk rise edge)       4.000     4.000 r  
                                                      0.000     4.000 r  aclk (IN)
                         net (fo=266520, unset)       0.020     4.020    aclk
    SLICE_X77Y137        FDRE                                         r  g_dnpipeN.g_grp[11].g_lmux1.rq_p_reg[0][653]/C
                         clock pessimism              0.000     4.020    
                         clock uncertainty           -0.035     3.985    
    SLICE_X77Y137        FDRE (Setup_EFF2_SLICEL_C_D)
                                                      0.025     4.010    g_dnpipeN.g_grp[11].g_lmux1.rq_p_reg[0][653]
  -------------------------------------------------------------------
                         required time                          4.010    
                         arrival time                          -3.571    
  -------------------------------------------------------------------
                         slack                                  0.439    

Slack (MET) :             0.564ns  (required time - arrival time)
  Source:                 g_dnpipeN.g_grp[11].g_dn[0].mem_reg_uram_9/CLK
                            (rising edge-triggered cell URAM288 clocked by aclk  {rise@0.000ns fall@2.000ns period=4.000ns})
  Destination:            g_dnpipeN.g_grp[11].g_lmux1.rq_p_reg[0][654]/D
                            (rising edge-triggered cell FDRE clocked by aclk  {rise@0.000ns fall@2.000ns period=4.000ns})
  Path Group:             aclk
  Path Type:              Setup (Max at Slow Process Corner)
  Requirement:            4.000ns  (aclk rise@4.000ns - aclk rise@0.000ns)
  Data Path Delay:        3.363ns  (logic 1.269ns (37.734%)  route 2.094ns (62.266%))
  Logic Levels:           0  
  Clock Path Skew:        -0.063ns (DCD - SCD + CPR)
    Destination Clock Delay (DCD):    0.020ns = ( 4.020 - 4.000 ) 
    Source Clock Delay      (SCD):    0.083ns
    Clock Pessimism Removal (CPR):    0.000ns
  Clock Uncertainty:      0.035ns  ((TSJ^2 + TIJ^2)^1/2 + DJ) / 2 + PE
    Total System Jitter     (TSJ):    0.071ns
    Total Input Jitter      (TIJ):    0.000ns
    Discrete Jitter          (DJ):    0.000ns
    Phase Error              (PE):    0.000ns

    Location             Delay type                Incr(ns)  Path(ns)    Netlist Resource(s)
  -------------------------------------------------------------------    -------------------
                         (clock aclk rise edge)       0.000     0.000 r  
                                                      0.000     0.000 r  aclk (IN)
                         net (fo=266520, unset)       0.083     0.083    aclk
    URAM288_X0Y3         URAM288                                      r  g_dnpipeN.g_grp[11].g_dn[0].mem_reg_uram_9/CLK
  -------------------------------------------------------------------    -------------------
    URAM288_X0Y3         URAM288 (Prop_URAM_288K_INST_URAM288_CLK_DOUT_A[6])
                                                      1.269     1.352 r  g_dnpipeN.g_grp[11].g_dn[0].mem_reg_uram_9/DOUT_A[6]
                         net (fo=1, estimated)        2.094     3.446    g_dnpipeN.g_grp[11].g_dn[0].mem_reg_uram_9_n_415
    SLICE_X79Y125        FDRE                                         r  g_dnpipeN.g_grp[11].g_lmux1.rq_p_reg[0][654]/D
  -------------------------------------------------------------------    -------------------

                         (clock aclk rise edge)       4.000     4.000 r  
                                                      0.000     4.000 r  aclk (IN)
                         net (fo=266520, unset)       0.020     4.020    aclk
    SLICE_X79Y125        FDRE                                         r  g_dnpipeN.g_grp[11].g_lmux1.rq_p_reg[0][654]/C
                         clock pessimism              0.000     4.020    
                         clock uncertainty           -0.035     3.985    
    SLICE_X79Y125        FDRE (Setup_HFF_SLICEL_C_D)
                                                      0.025     4.010    g_dnpipeN.g_grp[11].g_lmux1.rq_p_reg[0][654]
  -------------------------------------------------------------------
                         required time                          4.010    
                         arrival time                          -3.446    
  -------------------------------------------------------------------
                         slack                                  0.564    

Slack (MET) :             0.564ns  (required time - arrival time)
  Source:                 g_dnpipeN.g_grp[11].g_dn[0].mem_reg_uram_9/CLK
                            (rising edge-triggered cell URAM288 clocked by aclk  {rise@0.000ns fall@2.000ns period=4.000ns})
  Destination:            g_dnpipeN.g_grp[11].g_lmux1.rq_p_reg[0][654]/D
                            (rising edge-triggered cell FDRE clocked by aclk  {rise@0.000ns fall@2.000ns period=4.000ns})
  Path Group:             aclk
  Path Type:              Setup (Max at Slow Process Corner)
  Requirement:            4.000ns  (aclk rise@4.000ns - aclk rise@0.000ns)
  Data Path Delay:        3.363ns  (logic 1.269ns (37.734%)  route 2.094ns (62.266%))
  Logic Levels:           0  
  Clock Path Skew:        -0.063ns (DCD - SCD + CPR)
    Destination Clock Delay (DCD):    0.020ns = ( 4.020 - 4.000 ) 
    Source Clock Delay      (SCD):    0.083ns
    Clock Pessimism Removal (CPR):    0.000ns
  Clock Uncertainty:      0.035ns  ((TSJ^2 + TIJ^2)^1/2 + DJ) / 2 + PE
    Total System Jitter     (TSJ):    0.071ns
    Total Input Jitter      (TIJ):    0.000ns
    Discrete Jitter          (DJ):    0.000ns
    Phase Error              (PE):    0.000ns

    Location             Delay type                Incr(ns)  Path(ns)    Netlist Resource(s)
  -------------------------------------------------------------------    -------------------
                         (clock aclk rise edge)       0.000     0.000 r  
                                                      0.000     0.000 r  aclk (IN)
                         net (fo=266520, unset)       0.083     0.083    aclk
    URAM288_X0Y3         URAM288                                      r  g_dnpipeN.g_grp[11].g_dn[0].mem_reg_uram_9/CLK
  -------------------------------------------------------------------    -------------------
    URAM288_X0Y3         URAM288 (Prop_URAM_288K_INST_URAM288_CLK_DOUT_A[6])
                                                      1.269     1.352 f  g_dnpipeN.g_grp[11].g_dn[0].mem_reg_uram_9/DOUT_A[6]
                         net (fo=1, estimated)        2.094     3.446    g_dnpipeN.g_grp[11].g_dn[0].mem_reg_uram_9_n_415
    SLICE_X79Y125        FDRE                                         f  g_dnpipeN.g_grp[11].g_lmux1.rq_p_reg[0][654]/D
  -------------------------------------------------------------------    -------------------

                         (clock aclk rise edge)       4.000     4.000 r  
                                                      0.000     4.000 r  aclk (IN)
                         net (fo=266520, unset)       0.020     4.020    aclk
    SLICE_X79Y125        FDRE                                         r  g_dnpipeN.g_grp[11].g_lmux1.rq_p_reg[0][654]/C
                         clock pessimism              0.000     4.020    
                         clock uncertainty           -0.035     3.985    
    SLICE_X79Y125        FDRE (Setup_HFF_SLICEL_C_D)
                                                      0.025     4.010    g_dnpipeN.g_grp[11].g_lmux1.rq_p_reg[0][654]
  -------------------------------------------------------------------
                         required time                          4.010    
                         arrival time                          -3.446    
  -------------------------------------------------------------------
                         slack                                  0.564    

Slack (MET) :             0.571ns  (required time - arrival time)
  Source:                 g_dnpipeN.g_grp[11].g_dn[0].mem_reg_uram_9/CLK
                            (rising edge-triggered cell URAM288 clocked by aclk  {rise@0.000ns fall@2.000ns period=4.000ns})
  Destination:            g_dnpipeN.g_grp[11].g_lmux1.rq_p_reg[0][649]/D
                            (rising edge-triggered cell FDRE clocked by aclk  {rise@0.000ns fall@2.000ns period=4.000ns})
  Path Group:             aclk
  Path Type:              Setup (Max at Slow Process Corner)
  Requirement:            4.000ns  (aclk rise@4.000ns - aclk rise@0.000ns)
  Data Path Delay:        3.356ns  (logic 1.279ns (38.111%)  route 2.077ns (61.889%))
  Logic Levels:           0  
  Clock Path Skew:        -0.063ns (DCD - SCD + CPR)
    Destination Clock Delay (DCD):    0.020ns = ( 4.020 - 4.000 ) 
    Source Clock Delay      (SCD):    0.083ns
    Clock Pessimism Removal (CPR):    0.000ns
  Clock Uncertainty:      0.035ns  ((TSJ^2 + TIJ^2)^1/2 + DJ) / 2 + PE
    Total System Jitter     (TSJ):    0.071ns
    Total Input Jitter      (TIJ):    0.000ns
    Discrete Jitter          (DJ):    0.000ns
    Phase Error              (PE):    0.000ns

    Location             Delay type                Incr(ns)  Path(ns)    Netlist Resource(s)
  -------------------------------------------------------------------    -------------------
                         (clock aclk rise edge)       0.000     0.000 r  
                                                      0.000     0.000 r  aclk (IN)
                         net (fo=266520, unset)       0.083     0.083    aclk
    URAM288_X0Y3         URAM288                                      r  g_dnpipeN.g_grp[11].g_dn[0].mem_reg_uram_9/CLK
  -------------------------------------------------------------------    -------------------
    URAM288_X0Y3         URAM288 (Prop_URAM_288K_INST_URAM288_CLK_DOUT_A[1])
                                                      1.279     1.362 r  g_dnpipeN.g_grp[11].g_dn[0].mem_reg_uram_9/DOUT_A[1]
                         net (fo=1, estimated)        2.077     3.439    g_dnpipeN.g_grp[11].g_dn[0].mem_reg_uram_9_n_420
    SLICE_X79Y125        FDRE                                         r  g_dnpipeN.g_grp[11].g_lmux1.rq_p_reg[0][649]/D
  -------------------------------------------------------------------    -------------------

                         (clock aclk rise edge)       4.000     4.000 r  
                                                      0.000     4.000 r  aclk (IN)
                         net (fo=266520, unset)       0.020     4.020    aclk
    SLICE_X79Y125        FDRE                                         r  g_dnpipeN.g_grp[11].g_lmux1.rq_p_reg[0][649]/C
                         clock pessimism              0.000     4.020    
                         clock uncertainty           -0.035     3.985    
    SLICE_X79Y125        FDRE (Setup_GFF2_SLICEL_C_D)
                                                      0.025     4.010    g_dnpipeN.g_grp[11].g_lmux1.rq_p_reg[0][649]
  -------------------------------------------------------------------
                         required time                          4.010    
                         arrival time                          -3.439    
  -------------------------------------------------------------------
                         slack                                  0.571    

Slack (MET) :             0.571ns  (required time - arrival time)
  Source:                 g_dnpipeN.g_grp[11].g_dn[0].mem_reg_uram_9/CLK
                            (rising edge-triggered cell URAM288 clocked by aclk  {rise@0.000ns fall@2.000ns period=4.000ns})
  Destination:            g_dnpipeN.g_grp[11].g_lmux1.rq_p_reg[0][649]/D
                            (rising edge-triggered cell FDRE clocked by aclk  {rise@0.000ns fall@2.000ns period=4.000ns})
  Path Group:             aclk
  Path Type:              Setup (Max at Slow Process Corner)
  Requirement:            4.000ns  (aclk rise@4.000ns - aclk rise@0.000ns)
  Data Path Delay:        3.356ns  (logic 1.279ns (38.111%)  route 2.077ns (61.889%))
  Logic Levels:           0  
  Clock Path Skew:        -0.063ns (DCD - SCD + CPR)
    Destination Clock Delay (DCD):    0.020ns = ( 4.020 - 4.000 ) 
    Source Clock Delay      (SCD):    0.083ns
    Clock Pessimism Removal (CPR):    0.000ns
  Clock Uncertainty:      0.035ns  ((TSJ^2 + TIJ^2)^1/2 + DJ) / 2 + PE
    Total System Jitter     (TSJ):    0.071ns
    Total Input Jitter      (TIJ):    0.000ns
    Discrete Jitter          (DJ):    0.000ns
    Phase Error              (PE):    0.000ns

    Location             Delay type                Incr(ns)  Path(ns)    Netlist Resource(s)
  -------------------------------------------------------------------    -------------------
                         (clock aclk rise edge)       0.000     0.000 r  
                                                      0.000     0.000 r  aclk (IN)
                         net (fo=266520, unset)       0.083     0.083    aclk
    URAM288_X0Y3         URAM288                                      r  g_dnpipeN.g_grp[11].g_dn[0].mem_reg_uram_9/CLK
  -------------------------------------------------------------------    -------------------
    URAM288_X0Y3         URAM288 (Prop_URAM_288K_INST_URAM288_CLK_DOUT_A[1])
                                                      1.279     1.362 f  g_dnpipeN.g_grp[11].g_dn[0].mem_reg_uram_9/DOUT_A[1]
                         net (fo=1, estimated)        2.077     3.439    g_dnpipeN.g_grp[11].g_dn[0].mem_reg_uram_9_n_420
    SLICE_X79Y125        FDRE                                         f  g_dnpipeN.g_grp[11].g_lmux1.rq_p_reg[0][649]/D
  -------------------------------------------------------------------    -------------------

                         (clock aclk rise edge)       4.000     4.000 r  
                                                      0.000     4.000 r  aclk (IN)
                         net (fo=266520, unset)       0.020     4.020    aclk
    SLICE_X79Y125        FDRE                                         r  g_dnpipeN.g_grp[11].g_lmux1.rq_p_reg[0][649]/C
                         clock pessimism              0.000     4.020    
                         clock uncertainty           -0.035     3.985    
    SLICE_X79Y125        FDRE (Setup_GFF2_SLICEL_C_D)
                                                      0.025     4.010    g_dnpipeN.g_grp[11].g_lmux1.rq_p_reg[0][649]
  -------------------------------------------------------------------
                         required time                          4.010    
                         arrival time                          -3.439    
  -------------------------------------------------------------------
                         slack                                  0.571    

Slack (MET) :             0.596ns  (required time - arrival time)
  Source:                 g_dnpipeN.g_grp[11].g_dn[0].mem_reg_uram_9/CLK
                            (rising edge-triggered cell URAM288 clocked by aclk  {rise@0.000ns fall@2.000ns period=4.000ns})
  Destination:            g_dnpipeN.g_grp[11].g_lmux1.rq_p_reg[0][682]/D
                            (rising edge-triggered cell FDRE clocked by aclk  {rise@0.000ns fall@2.000ns period=4.000ns})
  Path Group:             aclk
  Path Type:              Setup (Max at Slow Process Corner)
  Requirement:            4.000ns  (aclk rise@4.000ns - aclk rise@0.000ns)
  Data Path Delay:        3.332ns  (logic 1.198ns (35.954%)  route 2.134ns (64.046%))
  Logic Levels:           0  
  Clock Path Skew:        -0.062ns (DCD - SCD + CPR)
    Destination Clock Delay (DCD):    0.021ns = ( 4.021 - 4.000 ) 
    Source Clock Delay      (SCD):    0.083ns
    Clock Pessimism Removal (CPR):    0.000ns
  Clock Uncertainty:      0.035ns  ((TSJ^2 + TIJ^2)^1/2 + DJ) / 2 + PE
    Total System Jitter     (TSJ):    0.071ns
    Total Input Jitter      (TIJ):    0.000ns
    Discrete Jitter          (DJ):    0.000ns
    Phase Error              (PE):    0.000ns

    Location             Delay type                Incr(ns)  Path(ns)    Netlist Resource(s)
  -------------------------------------------------------------------    -------------------
                         (clock aclk rise edge)       0.000     0.000 r  
                                                      0.000     0.000 r  aclk (IN)
                         net (fo=266520, unset)       0.083     0.083    aclk
    URAM288_X0Y3         URAM288                                      r  g_dnpipeN.g_grp[11].g_dn[0].mem_reg_uram_9/CLK
  -------------------------------------------------------------------    -------------------
    URAM288_X0Y3         URAM288 (Prop_URAM_288K_INST_URAM288_CLK_DOUT_A[34])
                                                      1.198     1.281 r  g_dnpipeN.g_grp[11].g_dn[0].mem_reg_uram_9/DOUT_A[34]
                         net (fo=1, estimated)        2.134     3.415    g_dnpipeN.g_grp[11].g_dn[0].mem_reg_uram_9_n_387
    SLICE_X72Y143        FDRE                                         r  g_dnpipeN.g_grp[11].g_lmux1.rq_p_reg[0][682]/D
  -------------------------------------------------------------------    -------------------

                         (clock aclk rise edge)       4.000     4.000 r  
                                                      0.000     4.000 r  aclk (IN)
                         net (fo=266520, unset)       0.021     4.021    aclk
    SLICE_X72Y143        FDRE                                         r  g_dnpipeN.g_grp[11].g_lmux1.rq_p_reg[0][682]/C
                         clock pessimism              0.000     4.021    
                         clock uncertainty           -0.035     3.986    
    SLICE_X72Y143        FDRE (Setup_EFF_SLICEM_C_D)
                                                      0.025     4.011    g_dnpipeN.g_grp[11].g_lmux1.rq_p_reg[0][682]
  -------------------------------------------------------------------
                         required time                          4.011    
                         arrival time                          -3.415    
  -------------------------------------------------------------------
                         slack                                  0.596    

Slack (MET) :             0.596ns  (required time - arrival time)
  Source:                 g_dnpipeN.g_grp[11].g_dn[0].mem_reg_uram_9/CLK
                            (rising edge-triggered cell URAM288 clocked by aclk  {rise@0.000ns fall@2.000ns period=4.000ns})
  Destination:            g_dnpipeN.g_grp[11].g_lmux1.rq_p_reg[0][682]/D
                            (rising edge-triggered cell FDRE clocked by aclk  {rise@0.000ns fall@2.000ns period=4.000ns})
  Path Group:             aclk
  Path Type:              Setup (Max at Slow Process Corner)
  Requirement:            4.000ns  (aclk rise@4.000ns - aclk rise@0.000ns)
  Data Path Delay:        3.332ns  (logic 1.198ns (35.954%)  route 2.134ns (64.046%))
  Logic Levels:           0  
  Clock Path Skew:        -0.062ns (DCD - SCD + CPR)
    Destination Clock Delay (DCD):    0.021ns = ( 4.021 - 4.000 ) 
    Source Clock Delay      (SCD):    0.083ns
    Clock Pessimism Removal (CPR):    0.000ns
  Clock Uncertainty:      0.035ns  ((TSJ^2 + TIJ^2)^1/2 + DJ) / 2 + PE
    Total System Jitter     (TSJ):    0.071ns
    Total Input Jitter      (TIJ):    0.000ns
    Discrete Jitter          (DJ):    0.000ns
    Phase Error              (PE):    0.000ns

    Location             Delay type                Incr(ns)  Path(ns)    Netlist Resource(s)
  -------------------------------------------------------------------    -------------------
                         (clock aclk rise edge)       0.000     0.000 r  
                                                      0.000     0.000 r  aclk (IN)
                         net (fo=266520, unset)       0.083     0.083    aclk
    URAM288_X0Y3         URAM288                                      r  g_dnpipeN.g_grp[11].g_dn[0].mem_reg_uram_9/CLK
  -------------------------------------------------------------------    -------------------
    URAM288_X0Y3         URAM288 (Prop_URAM_288K_INST_URAM288_CLK_DOUT_A[34])
                                                      1.198     1.281 f  g_dnpipeN.g_grp[11].g_dn[0].mem_reg_uram_9/DOUT_A[34]
                         net (fo=1, estimated)        2.134     3.415    g_dnpipeN.g_grp[11].g_dn[0].mem_reg_uram_9_n_387
    SLICE_X72Y143        FDRE                                         f  g_dnpipeN.g_grp[11].g_lmux1.rq_p_reg[0][682]/D
  -------------------------------------------------------------------    -------------------

                         (clock aclk rise edge)       4.000     4.000 r  
                                                      0.000     4.000 r  aclk (IN)
                         net (fo=266520, unset)       0.021     4.021    aclk
    SLICE_X72Y143        FDRE                                         r  g_dnpipeN.g_grp[11].g_lmux1.rq_p_reg[0][682]/C
                         clock pessimism              0.000     4.021    
                         clock uncertainty           -0.035     3.986    
    SLICE_X72Y143        FDRE (Setup_EFF_SLICEM_C_D)
                                                      0.025     4.011    g_dnpipeN.g_grp[11].g_lmux1.rq_p_reg[0][682]
  -------------------------------------------------------------------
                         required time                          4.011    
                         arrival time                          -3.415    
  -------------------------------------------------------------------
                         slack                                  0.596    

Slack (MET) :             0.603ns  (required time - arrival time)
  Source:                 g_dnpipeN.g_grp[11].g_dn[0].mem_reg_uram_9/CLK
                            (rising edge-triggered cell URAM288 clocked by aclk  {rise@0.000ns fall@2.000ns period=4.000ns})
  Destination:            g_dnpipeN.g_grp[11].g_lmux1.rq_p_reg[0][655]/D
                            (rising edge-triggered cell FDRE clocked by aclk  {rise@0.000ns fall@2.000ns period=4.000ns})
  Path Group:             aclk
  Path Type:              Setup (Max at Slow Process Corner)
  Requirement:            4.000ns  (aclk rise@4.000ns - aclk rise@0.000ns)
  Data Path Delay:        3.325ns  (logic 1.272ns (38.256%)  route 2.053ns (61.744%))
  Logic Levels:           0  
  Clock Path Skew:        -0.062ns (DCD - SCD + CPR)
    Destination Clock Delay (DCD):    0.021ns = ( 4.021 - 4.000 ) 
    Source Clock Delay      (SCD):    0.083ns
    Clock Pessimism Removal (CPR):    0.000ns
  Clock Uncertainty:      0.035ns  ((TSJ^2 + TIJ^2)^1/2 + DJ) / 2 + PE
    Total System Jitter     (TSJ):    0.071ns
    Total Input Jitter      (TIJ):    0.000ns
    Discrete Jitter          (DJ):    0.000ns
    Phase Error              (PE):    0.000ns

    Location             Delay type                Incr(ns)  Path(ns)    Netlist Resource(s)
  -------------------------------------------------------------------    -------------------
                         (clock aclk rise edge)       0.000     0.000 r  
                                                      0.000     0.000 r  aclk (IN)
                         net (fo=266520, unset)       0.083     0.083    aclk
    URAM288_X0Y3         URAM288                                      r  g_dnpipeN.g_grp[11].g_dn[0].mem_reg_uram_9/CLK
  -------------------------------------------------------------------    -------------------
    URAM288_X0Y3         URAM288 (Prop_URAM_288K_INST_URAM288_CLK_DOUT_A[7])
                                                      1.272     1.355 r  g_dnpipeN.g_grp[11].g_dn[0].mem_reg_uram_9/DOUT_A[7]
                         net (fo=1, estimated)        2.053     3.408    g_dnpipeN.g_grp[11].g_dn[0].mem_reg_uram_9_n_414
    SLICE_X74Y125        FDRE                                         r  g_dnpipeN.g_grp[11].g_lmux1.rq_p_reg[0][655]/D
  -------------------------------------------------------------------    -------------------

                         (clock aclk rise edge)       4.000     4.000 r  
                                                      0.000     4.000 r  aclk (IN)
                         net (fo=266520, unset)       0.021     4.021    aclk
    SLICE_X74Y125        FDRE                                         r  g_dnpipeN.g_grp[11].g_lmux1.rq_p_reg[0][655]/C
                         clock pessimism              0.000     4.021    
                         clock uncertainty           -0.035     3.986    
    SLICE_X74Y125        FDRE (Setup_FFF2_SLICEM_C_D)
                                                      0.025     4.011    g_dnpipeN.g_grp[11].g_lmux1.rq_p_reg[0][655]
  -------------------------------------------------------------------
                         required time                          4.011    
                         arrival time                          -3.408    
  -------------------------------------------------------------------
                         slack                                  0.603    

Slack (MET) :             0.603ns  (required time - arrival time)
  Source:                 g_dnpipeN.g_grp[11].g_dn[0].mem_reg_uram_9/CLK
                            (rising edge-triggered cell URAM288 clocked by aclk  {rise@0.000ns fall@2.000ns period=4.000ns})
  Destination:            g_dnpipeN.g_grp[11].g_lmux1.rq_p_reg[0][655]/D
                            (rising edge-triggered cell FDRE clocked by aclk  {rise@0.000ns fall@2.000ns period=4.000ns})
  Path Group:             aclk
  Path Type:              Setup (Max at Slow Process Corner)
  Requirement:            4.000ns  (aclk rise@4.000ns - aclk rise@0.000ns)
  Data Path Delay:        3.325ns  (logic 1.272ns (38.256%)  route 2.053ns (61.744%))
  Logic Levels:           0  
  Clock Path Skew:        -0.062ns (DCD - SCD + CPR)
    Destination Clock Delay (DCD):    0.021ns = ( 4.021 - 4.000 ) 
    Source Clock Delay      (SCD):    0.083ns
    Clock Pessimism Removal (CPR):    0.000ns
  Clock Uncertainty:      0.035ns  ((TSJ^2 + TIJ^2)^1/2 + DJ) / 2 + PE
    Total System Jitter     (TSJ):    0.071ns
    Total Input Jitter      (TIJ):    0.000ns
    Discrete Jitter          (DJ):    0.000ns
    Phase Error              (PE):    0.000ns

    Location             Delay type                Incr(ns)  Path(ns)    Netlist Resource(s)
  -------------------------------------------------------------------    -------------------
                         (clock aclk rise edge)       0.000     0.000 r  
                                                      0.000     0.000 r  aclk (IN)
                         net (fo=266520, unset)       0.083     0.083    aclk
    URAM288_X0Y3         URAM288                                      r  g_dnpipeN.g_grp[11].g_dn[0].mem_reg_uram_9/CLK
  -------------------------------------------------------------------    -------------------
    URAM288_X0Y3         URAM288 (Prop_URAM_288K_INST_URAM288_CLK_DOUT_A[7])
                                                      1.272     1.355 f  g_dnpipeN.g_grp[11].g_dn[0].mem_reg_uram_9/DOUT_A[7]
                         net (fo=1, estimated)        2.053     3.408    g_dnpipeN.g_grp[11].g_dn[0].mem_reg_uram_9_n_414
    SLICE_X74Y125        FDRE                                         f  g_dnpipeN.g_grp[11].g_lmux1.rq_p_reg[0][655]/D
  -------------------------------------------------------------------    -------------------

                         (clock aclk rise edge)       4.000     4.000 r  
                                                      0.000     4.000 r  aclk (IN)
                         net (fo=266520, unset)       0.021     4.021    aclk
    SLICE_X74Y125        FDRE                                         r  g_dnpipeN.g_grp[11].g_lmux1.rq_p_reg[0][655]/C
                         clock pessimism              0.000     4.021    
                         clock uncertainty           -0.035     3.986    
    SLICE_X74Y125        FDRE (Setup_FFF2_SLICEM_C_D)
                                                      0.025     4.011    g_dnpipeN.g_grp[11].g_lmux1.rq_p_reg[0][655]
  -------------------------------------------------------------------
                         required time                          4.011    
                         arrival time                          -3.408    
  -------------------------------------------------------------------
                         slack                                  0.603    




