DN 2048-bit bank-mux read path — post-PLACE estimate, variant v2int8u
endpoint: dn_rdq_n_reg[*] (the registered bank mux fed by the
per-bank URAM CQ registers).  Clock aclk, 4.000 ns / 250 MHz.

slack     levels    startSLR  endSLR
-0.613    3         SLR0      SLR1       g_dn[3].mem_reg_uram_11/CLK -> dn_rdq_n_reg[816]/D
-0.613    3         SLR0      SLR1       g_dn[3].mem_reg_uram_11/CLK -> dn_rdq_n_reg[816]/D
-0.580    3         SLR0      SLR1       g_dn[19].mem_reg_uram_7/CLK -> dn_rdq_n_reg[572]/D
-0.580    3         SLR0      SLR1       g_dn[19].mem_reg_uram_7/CLK -> dn_rdq_n_reg[572]/D
-0.578    3         SLR1      SLR1       g_dn[23].mem_reg_uram_10/CLK -> dn_rdq_n_reg[744]/D
-0.578    3         SLR1      SLR1       g_dn[23].mem_reg_uram_10/CLK -> dn_rdq_n_reg[744]/D
-0.577    3         SLR0      SLR1       g_dn[10].mem_reg_uram_7/CLK -> dn_rdq_n_reg[563]/D
-0.577    3         SLR0      SLR1       g_dn[10].mem_reg_uram_7/CLK -> dn_rdq_n_reg[563]/D
-0.576    3         SLR1      SLR1       g_dn[23].mem_reg_uram_10/CLK -> dn_rdq_n_reg[750]/D
-0.576    3         SLR1      SLR1       g_dn[23].mem_reg_uram_10/CLK -> dn_rdq_n_reg[750]/D
-0.574    3         SLR0      SLR1       g_dn[7].mem_reg_uram_3/CLK -> dn_rdq_n_reg[223]/D
-0.574    3         SLR0      SLR1       g_dn[7].mem_reg_uram_3/CLK -> dn_rdq_n_reg[223]/D
-0.563    3         SLR1      SLR1       g_dn[11].mem_reg_uram_10/CLK -> dn_rdq_n_reg[783]/D
-0.563    3         SLR1      SLR1       g_dn[11].mem_reg_uram_10/CLK -> dn_rdq_n_reg[783]/D
-0.562    3         SLR0      SLR1       g_dn[10].mem_reg_uram_7/CLK -> dn_rdq_n_reg[574]/D
-0.562    3         SLR0      SLR1       g_dn[10].mem_reg_uram_7/CLK -> dn_rdq_n_reg[574]/D
-0.559    3         SLR0      SLR1       g_dn[19].mem_reg_uram_7/CLK -> dn_rdq_n_reg[563]/D
-0.559    3         SLR0      SLR1       g_dn[19].mem_reg_uram_7/CLK -> dn_rdq_n_reg[563]/D
-0.558    3         SLR1      SLR1       g_dn[2].mem_reg_uram_10/CLK -> dn_rdq_n_reg[783]/D
-0.558    3         SLR1      SLR1       g_dn[2].mem_reg_uram_10/CLK -> dn_rdq_n_reg[783]/D
-0.556    3         SLR1      SLR1       g_dn[13].mem_reg_uram_10/CLK -> dn_rdq_n_reg[783]/D
-0.556    3         SLR1      SLR1       g_dn[13].mem_reg_uram_10/CLK -> dn_rdq_n_reg[783]/D
-0.552    3         SLR0      SLR1       g_dn[7].mem_reg_uram_7/CLK -> dn_rdq_n_reg[563]/D
-0.552    3         SLR0      SLR1       g_dn[7].mem_reg_uram_7/CLK -> dn_rdq_n_reg[563]/D
-0.552    3         SLR0      SLR1       g_dn[10].mem_reg_uram_12/CLK -> dn_rdq_n_reg[910]/D
-0.552    3         SLR0      SLR1       g_dn[10].mem_reg_uram_12/CLK -> dn_rdq_n_reg[910]/D
-0.545    3         SLR0      SLR1       g_dn[7].mem_reg_uram_7/CLK -> dn_rdq_n_reg[561]/D
-0.545    3         SLR0      SLR1       g_dn[7].mem_reg_uram_7/CLK -> dn_rdq_n_reg[561]/D
-0.544    3         SLR1      SLR1       g_dn[17].mem_reg_uram_1/CLK -> dn_rdq_n_reg[73]/D
-0.544    3         SLR1      SLR1       g_dn[17].mem_reg_uram_1/CLK -> dn_rdq_n_reg[73]/D

---- full report_timing on the worst 10 ----
Copyright 1986-2022 Xilinx, Inc. All Rights Reserved. Copyright 2022-2024 Advanced Micro Devices, Inc. All Rights Reserved.
---------------------------------------------------------------------------------------------------------------------------------------------------------------------------------------------------------------------------------------------
| Tool Version      : Vivado v.2024.2 (lin64) Build 5239630 Fri Nov 08 22:34:34 MST 2024
| Date              : Tue Aug 25 20:11:12 2026
| Host              : snoke running 64-bit Ubuntu 24.04.4 LTS
| Command           : report_timing -to [get_cells -quiet -hier -filter {NAME =~ *dn_rdq_n_reg*}] -max_paths 10 -nworst 10 -setup -file /home/cah/r2d2/code/fpga/fable5_llm/synth/out_exp_uram_v2int8u/reports/dn_bank_mux_paths.rpt -append
| Design            : layer_chan
| Device            : xcvu9p-fsgd2104
| Speed File        : -2L  PRODUCTION 1.28 03-30-2022
| Design State      : Fully Placed
| Temperature Grade : E
---------------------------------------------------------------------------------------------------------------------------------------------------------------------------------------------------------------------------------------------

Timing Report

Slack (VIOLATED) :        -0.613ns  (required time - arrival time)
  Source:                 g_dn[3].mem_reg_uram_11/CLK
                            (rising edge-triggered cell URAM288 clocked by aclk  {rise@0.000ns fall@2.000ns period=4.000ns})
  Destination:            dn_rdq_n_reg[816]/D
                            (rising edge-triggered cell FDRE clocked by aclk  {rise@0.000ns fall@2.000ns period=4.000ns})
  Path Group:             aclk
  Path Type:              Setup (Max at Slow Process Corner)
  Requirement:            4.000ns  (aclk rise@4.000ns - aclk rise@0.000ns)
  Data Path Delay:        4.537ns  (logic 1.491ns (32.863%)  route 3.046ns (67.137%))
  Logic Levels:           3  (LUT5=1 LUT6=1 MUXF7=1)
  Clock Path Skew:        -0.063ns (DCD - SCD + CPR)
    Destination Clock Delay (DCD):    0.020ns = ( 4.020 - 4.000 ) 
    Source Clock Delay      (SCD):    0.083ns
    Clock Pessimism Removal (CPR):    0.000ns
  Clock Uncertainty:      0.035ns  ((TSJ^2 + TIJ^2)^1/2 + DJ) / 2 + PE
    Total System Jitter     (TSJ):    0.071ns
    Total Input Jitter      (TIJ):    0.000ns
    Discrete Jitter          (DJ):    0.000ns
    Phase Error              (PE):    0.000ns
  Inter-SLR Compensation: 0.003ns  (DCD * PF)
    Destination Clock Delay (DCD):    0.020ns
    Prorating Factor         (PF):    0.150

    Location             Delay type                Incr(ns)  Path(ns)    Netlist Resource(s)
  -------------------------------------------------------------------    -------------------
                         (clock aclk rise edge)       0.000     0.000 r  
                                                      0.000     0.000 r  aclk (IN)
                         net (fo=65799, unset)        0.083     0.083    aclk
    URAM288_X3Y65        URAM288                                      r  g_dn[3].mem_reg_uram_11/CLK
  -------------------------------------------------------------------    -------------------
    URAM288_X3Y65        URAM288 (Prop_URAM_288K_INST_URAM288_CLK_DOUT_A[24])
                                                      1.236     1.319 r  g_dn[3].mem_reg_uram_11/DOUT_A[24]
                         net (fo=1, estimated)        1.174     2.493    u_dn/g_dn[3].dn_rdq_b_reg[3][816]
    SLICE_X95Y273        LUT6 (Prop_B6LUT_SLICEM_I0_O)
                                                      0.149     2.642 r  u_dn/p_1_out__17__5_i_79/O
                         net (fo=1, routed)           0.017     2.659    u_dn/p_1_out__17__5_i_79_n_0
    SLICE_X95Y273        MUXF7 (Prop_F7MUX_AB_SLICEM_I0_O)
                                                      0.067     2.726 r  u_dn/p_1_out__17__5_i_32/O
                         net (fo=1, estimated)        1.274     4.000    u_dn/p_1_out__17__5_i_32_n_0
    SLR Crossing[0->1]   
    SLICE_X93Y345        LUT5 (Prop_H6LUT_SLICEM_I4_O)
                                                      0.039     4.039 r  u_dn/p_1_out__17__5_i_8/O
                         net (fo=3, estimated)        0.581     4.620    dn_rdq_b[816]
    SLICE_X96Y363        FDRE                                         r  dn_rdq_n_reg[816]/D
  -------------------------------------------------------------------    -------------------

                         (clock aclk rise edge)       4.000     4.000 r  
                                                      0.000     4.000 r  aclk (IN)
                         net (fo=65799, unset)        0.020     4.020    aclk
    SLICE_X96Y363        FDRE                                         r  dn_rdq_n_reg[816]/C
                         clock pessimism              0.000     4.020    
                         inter-SLR compensation      -0.003     4.017    
                         clock uncertainty           -0.035     3.982    
    SLICE_X96Y363        FDRE (Setup_EFF_SLICEL_C_D)
                                                      0.025     4.007    dn_rdq_n_reg[816]
  -------------------------------------------------------------------
                         required time                          4.007    
                         arrival time                          -4.620    
  -------------------------------------------------------------------
                         slack                                 -0.613    

Slack (VIOLATED) :        -0.613ns  (required time - arrival time)
  Source:                 g_dn[3].mem_reg_uram_11/CLK
                            (rising edge-triggered cell URAM288 clocked by aclk  {rise@0.000ns fall@2.000ns period=4.000ns})
  Destination:            dn_rdq_n_reg[816]/D
                            (rising edge-triggered cell FDRE clocked by aclk  {rise@0.000ns fall@2.000ns period=4.000ns})
  Path Group:             aclk
  Path Type:              Setup (Max at Slow Process Corner)
  Requirement:            4.000ns  (aclk rise@4.000ns - aclk rise@0.000ns)
  Data Path Delay:        4.537ns  (logic 1.491ns (32.863%)  route 3.046ns (67.137%))
  Logic Levels:           3  (LUT5=1 LUT6=1 MUXF7=1)
  Clock Path Skew:        -0.063ns (DCD - SCD + CPR)
    Destination Clock Delay (DCD):    0.020ns = ( 4.020 - 4.000 ) 
    Source Clock Delay      (SCD):    0.083ns
    Clock Pessimism Removal (CPR):    0.000ns
  Clock Uncertainty:      0.035ns  ((TSJ^2 + TIJ^2)^1/2 + DJ) / 2 + PE
    Total System Jitter     (TSJ):    0.071ns
    Total Input Jitter      (TIJ):    0.000ns
    Discrete Jitter          (DJ):    0.000ns
    Phase Error              (PE):    0.000ns
  Inter-SLR Compensation: 0.003ns  (DCD * PF)
    Destination Clock Delay (DCD):    0.020ns
    Prorating Factor         (PF):    0.150

    Location             Delay type                Incr(ns)  Path(ns)    Netlist Resource(s)
  -------------------------------------------------------------------    -------------------
                         (clock aclk rise edge)       0.000     0.000 r  
                                                      0.000     0.000 r  aclk (IN)
                         net (fo=65799, unset)        0.083     0.083    aclk
    URAM288_X3Y65        URAM288                                      r  g_dn[3].mem_reg_uram_11/CLK
  -------------------------------------------------------------------    -------------------
    URAM288_X3Y65        URAM288 (Prop_URAM_288K_INST_URAM288_CLK_DOUT_A[24])
                                                      1.236     1.319 f  g_dn[3].mem_reg_uram_11/DOUT_A[24]
                         net (fo=1, estimated)        1.174     2.493    u_dn/g_dn[3].dn_rdq_b_reg[3][816]
    SLICE_X95Y273        LUT6 (Prop_B6LUT_SLICEM_I0_O)
                                                      0.149     2.642 f  u_dn/p_1_out__17__5_i_79/O
                         net (fo=1, routed)           0.017     2.659    u_dn/p_1_out__17__5_i_79_n_0
    SLICE_X95Y273        MUXF7 (Prop_F7MUX_AB_SLICEM_I0_O)
                                                      0.067     2.726 f  u_dn/p_1_out__17__5_i_32/O
                         net (fo=1, estimated)        1.274     4.000    u_dn/p_1_out__17__5_i_32_n_0
    SLR Crossing[0->1]   
    SLICE_X93Y345        LUT5 (Prop_H6LUT_SLICEM_I4_O)
                                                      0.039     4.039 f  u_dn/p_1_out__17__5_i_8/O
                         net (fo=3, estimated)        0.581     4.620    dn_rdq_b[816]
    SLICE_X96Y363        FDRE                                         f  dn_rdq_n_reg[816]/D
  -------------------------------------------------------------------    -------------------

                         (clock aclk rise edge)       4.000     4.000 r  
                                                      0.000     4.000 r  aclk (IN)
                         net (fo=65799, unset)        0.020     4.020    aclk
    SLICE_X96Y363        FDRE                                         r  dn_rdq_n_reg[816]/C
                         clock pessimism              0.000     4.020    
                         inter-SLR compensation      -0.003     4.017    
                         clock uncertainty           -0.035     3.982    
    SLICE_X96Y363        FDRE (Setup_EFF_SLICEL_C_D)
                                                      0.025     4.007    dn_rdq_n_reg[816]
  -------------------------------------------------------------------
                         required time                          4.007    
                         arrival time                          -4.620    
  -------------------------------------------------------------------
                         slack                                 -0.613    

Slack (VIOLATED) :        -0.580ns  (required time - arrival time)
  Source:                 g_dn[19].mem_reg_uram_7/CLK
                            (rising edge-triggered cell URAM288 clocked by aclk  {rise@0.000ns fall@2.000ns period=4.000ns})
  Destination:            dn_rdq_n_reg[572]/D
                            (rising edge-triggered cell FDRE clocked by aclk  {rise@0.000ns fall@2.000ns period=4.000ns})
  Path Group:             aclk
  Path Type:              Setup (Max at Slow Process Corner)
  Requirement:            4.000ns  (aclk rise@4.000ns - aclk rise@0.000ns)
  Data Path Delay:        4.504ns  (logic 1.493ns (33.148%)  route 3.011ns (66.852%))
  Logic Levels:           3  (LUT5=1 LUT6=1 MUXF7=1)
  Clock Path Skew:        -0.063ns (DCD - SCD + CPR)
    Destination Clock Delay (DCD):    0.020ns = ( 4.020 - 4.000 ) 
    Source Clock Delay      (SCD):    0.083ns
    Clock Pessimism Removal (CPR):    0.000ns
  Clock Uncertainty:      0.035ns  ((TSJ^2 + TIJ^2)^1/2 + DJ) / 2 + PE
    Total System Jitter     (TSJ):    0.071ns
    Total Input Jitter      (TIJ):    0.000ns
    Discrete Jitter          (DJ):    0.000ns
    Phase Error              (PE):    0.000ns
  Inter-SLR Compensation: 0.003ns  (DCD * PF)
    Destination Clock Delay (DCD):    0.020ns
    Prorating Factor         (PF):    0.150

    Location             Delay type                Incr(ns)  Path(ns)    Netlist Resource(s)
  -------------------------------------------------------------------    -------------------
                         (clock aclk rise edge)       0.000     0.000 r  
                                                      0.000     0.000 r  aclk (IN)
                         net (fo=65799, unset)        0.083     0.083    aclk
    URAM288_X3Y63        URAM288                                      r  g_dn[19].mem_reg_uram_7/CLK
  -------------------------------------------------------------------    -------------------
    URAM288_X3Y63        URAM288 (Prop_URAM_288K_INST_URAM288_CLK_DOUT_A[68])
                                                      1.189     1.272 r  g_dn[19].mem_reg_uram_7/DOUT_A[68]
                         net (fo=1, estimated)        0.542     1.814    u_dn/g_dn[19].dn_rdq_b_reg[19][572]
    SLICE_X121Y205       LUT6 (Prop_D6LUT_SLICEM_I0_O)
                                                      0.145     1.959 r  u_dn/p_1_out__22__3_i_51/O
                         net (fo=1, routed)           0.025     1.984    u_dn/p_1_out__22__3_i_51_n_0
    SLICE_X121Y205       MUXF7 (Prop_F7MUX_CD_SLICEM_I0_O)
                                                      0.069     2.053 r  u_dn/p_1_out__22__3_i_18/O
                         net (fo=1, estimated)        0.509     2.562    u_dn/p_1_out__22__3_i_18_n_0
    SLICE_X121Y245       LUT5 (Prop_H6LUT_SLICEM_I0_O)
                                                      0.090     2.652 r  u_dn/p_1_out__22__3_i_4/O
                         net (fo=3, estimated)        1.935     4.587    dn_rdq_b[572]
    SLR Crossing[0->1]   
    SLICE_X136Y372       FDRE                                         r  dn_rdq_n_reg[572]/D
  -------------------------------------------------------------------    -------------------

                         (clock aclk rise edge)       4.000     4.000 r  
                                                      0.000     4.000 r  aclk (IN)
                         net (fo=65799, unset)        0.020     4.020    aclk
    SLICE_X136Y372       FDRE                                         r  dn_rdq_n_reg[572]/C
                         clock pessimism              0.000     4.020    
                         inter-SLR compensation      -0.003     4.017    
                         clock uncertainty           -0.035     3.982    
    SLICE_X136Y372       FDRE (Setup_EFF_SLICEL_C_D)
                                                      0.025     4.007    dn_rdq_n_reg[572]
  -------------------------------------------------------------------
                         required time                          4.007    
                         arrival time                          -4.587    
  -------------------------------------------------------------------
                         slack                                 -0.580    

Slack (VIOLATED) :        -0.580ns  (required time - arrival time)
  Source:                 g_dn[19].mem_reg_uram_7/CLK
                            (rising edge-triggered cell URAM288 clocked by aclk  {rise@0.000ns fall@2.000ns period=4.000ns})
  Destination:            dn_rdq_n_reg[572]/D
                            (rising edge-triggered cell FDRE clocked by aclk  {rise@0.000ns fall@2.000ns period=4.000ns})
  Path Group:             aclk
  Path Type:              Setup (Max at Slow Process Corner)
  Requirement:            4.000ns  (aclk rise@4.000ns - aclk rise@0.000ns)
  Data Path Delay:        4.504ns  (logic 1.493ns (33.148%)  route 3.011ns (66.852%))
  Logic Levels:           3  (LUT5=1 LUT6=1 MUXF7=1)
  Clock Path Skew:        -0.063ns (DCD - SCD + CPR)
    Destination Clock Delay (DCD):    0.020ns = ( 4.020 - 4.000 ) 
    Source Clock Delay      (SCD):    0.083ns
    Clock Pessimism Removal (CPR):    0.000ns
  Clock Uncertainty:      0.035ns  ((TSJ^2 + TIJ^2)^1/2 + DJ) / 2 + PE
    Total System Jitter     (TSJ):    0.071ns
    Total Input Jitter      (TIJ):    0.000ns
    Discrete Jitter          (DJ):    0.000ns
    Phase Error              (PE):    0.000ns
  Inter-SLR Compensation: 0.003ns  (DCD * PF)
    Destination Clock Delay (DCD):    0.020ns
    Prorating Factor         (PF):    0.150

    Location             Delay type                Incr(ns)  Path(ns)    Netlist Resource(s)
  -------------------------------------------------------------------    -------------------
                         (clock aclk rise edge)       0.000     0.000 r  
                                                      0.000     0.000 r  aclk (IN)
                         net (fo=65799, unset)        0.083     0.083    aclk
    URAM288_X3Y63        URAM288                                      r  g_dn[19].mem_reg_uram_7/CLK
  -------------------------------------------------------------------    -------------------
    URAM288_X3Y63        URAM288 (Prop_URAM_288K_INST_URAM288_CLK_DOUT_A[68])
                                                      1.189     1.272 f  g_dn[19].mem_reg_uram_7/DOUT_A[68]
                         net (fo=1, estimated)        0.542     1.814    u_dn/g_dn[19].dn_rdq_b_reg[19][572]
    SLICE_X121Y205       LUT6 (Prop_D6LUT_SLICEM_I0_O)
                                                      0.145     1.959 f  u_dn/p_1_out__22__3_i_51/O
                         net (fo=1, routed)           0.025     1.984    u_dn/p_1_out__22__3_i_51_n_0
    SLICE_X121Y205       MUXF7 (Prop_F7MUX_CD_SLICEM_I0_O)
                                                      0.069     2.053 f  u_dn/p_1_out__22__3_i_18/O
                         net (fo=1, estimated)        0.509     2.562    u_dn/p_1_out__22__3_i_18_n_0
    SLICE_X121Y245       LUT5 (Prop_H6LUT_SLICEM_I0_O)
                                                      0.090     2.652 f  u_dn/p_1_out__22__3_i_4/O
                         net (fo=3, estimated)        1.935     4.587    dn_rdq_b[572]
    SLR Crossing[0->1]   
    SLICE_X136Y372       FDRE                                         f  dn_rdq_n_reg[572]/D
  -------------------------------------------------------------------    -------------------

                         (clock aclk rise edge)       4.000     4.000 r  
                                                      0.000     4.000 r  aclk (IN)
                         net (fo=65799, unset)        0.020     4.020    aclk
    SLICE_X136Y372       FDRE                                         r  dn_rdq_n_reg[572]/C
                         clock pessimism              0.000     4.020    
                         inter-SLR compensation      -0.003     4.017    
                         clock uncertainty           -0.035     3.982    
    SLICE_X136Y372       FDRE (Setup_EFF_SLICEL_C_D)
                                                      0.025     4.007    dn_rdq_n_reg[572]
  -------------------------------------------------------------------
                         required time                          4.007    
                         arrival time                          -4.587    
  -------------------------------------------------------------------
                         slack                                 -0.580    

Slack (VIOLATED) :        -0.578ns  (required time - arrival time)
  Source:                 g_dn[23].mem_reg_uram_10/CLK
                            (rising edge-triggered cell URAM288 clocked by aclk  {rise@0.000ns fall@2.000ns period=4.000ns})
  Destination:            dn_rdq_n_reg[744]/D
                            (rising edge-triggered cell FDRE clocked by aclk  {rise@0.000ns fall@2.000ns period=4.000ns})
  Path Group:             aclk
  Path Type:              Setup (Max at Slow Process Corner)
  Requirement:            4.000ns  (aclk rise@4.000ns - aclk rise@0.000ns)
  Data Path Delay:        4.506ns  (logic 1.538ns (34.132%)  route 2.968ns (65.868%))
  Logic Levels:           3  (LUT5=1 LUT6=1 MUXF7=1)
  Clock Path Skew:        -0.062ns (DCD - SCD + CPR)
    Destination Clock Delay (DCD):    0.021ns = ( 4.021 - 4.000 ) 
    Source Clock Delay      (SCD):    0.083ns
    Clock Pessimism Removal (CPR):    0.000ns
  Clock Uncertainty:      0.035ns  ((TSJ^2 + TIJ^2)^1/2 + DJ) / 2 + PE
    Total System Jitter     (TSJ):    0.071ns
    Total Input Jitter      (TIJ):    0.000ns
    Discrete Jitter          (DJ):    0.000ns
    Phase Error              (PE):    0.000ns

    Location             Delay type                Incr(ns)  Path(ns)    Netlist Resource(s)
  -------------------------------------------------------------------    -------------------
                         (clock aclk rise edge)       0.000     0.000 r  
                                                      0.000     0.000 r  aclk (IN)
                         net (fo=65799, unset)        0.083     0.083    aclk
    URAM288_X3Y132       URAM288                                      r  g_dn[23].mem_reg_uram_10/CLK
  -------------------------------------------------------------------    -------------------
    URAM288_X3Y132       URAM288 (Prop_URAM_288K_INST_URAM288_CLK_DOUT_A[24])
                                                      1.236     1.319 r  g_dn[23].mem_reg_uram_10/DOUT_A[24]
                         net (fo=1, estimated)        1.417     2.736    u_dn/g_dn[23].dn_rdq_b_reg[23][744]
    SLICE_X65Y514        LUT6 (Prop_G6LUT_SLICEL_I0_O)
                                                      0.149     2.885 r  u_dn/p_1_out__11__2_i_76/O
                         net (fo=1, routed)           0.008     2.893    u_dn/p_1_out__11__2_i_76_n_0
    SLICE_X65Y514        MUXF7 (Prop_F7MUX_GH_SLICEL_I1_O)
                                                      0.063     2.956 r  u_dn/p_1_out__11__2_i_30/O
                         net (fo=1, estimated)        0.854     3.810    u_dn/p_1_out__11__2_i_30_n_0
    SLICE_X50Y520        LUT5 (Prop_H6LUT_SLICEM_I0_O)
                                                      0.090     3.900 r  u_dn/p_1_out__11__2_i_8/O
                         net (fo=3, estimated)        0.689     4.589    dn_rdq_b[744]
    SLICE_X42Y545        FDRE                                         r  dn_rdq_n_reg[744]/D
  -------------------------------------------------------------------    -------------------

                         (clock aclk rise edge)       4.000     4.000 r  
                                                      0.000     4.000 r  aclk (IN)
                         net (fo=65799, unset)        0.021     4.021    aclk
    SLICE_X42Y545        FDRE                                         r  dn_rdq_n_reg[744]/C
                         clock pessimism              0.000     4.021    
                         clock uncertainty           -0.035     3.986    
    SLICE_X42Y545        FDRE (Setup_EFF_SLICEM_C_D)
                                                      0.025     4.011    dn_rdq_n_reg[744]
  -------------------------------------------------------------------
                         required time                          4.011    
                         arrival time                          -4.589    
  -------------------------------------------------------------------
                         slack                                 -0.578    

Slack (VIOLATED) :        -0.578ns  (required time - arrival time)
  Source:                 g_dn[23].mem_reg_uram_10/CLK
                            (rising edge-triggered cell URAM288 clocked by aclk  {rise@0.000ns fall@2.000ns period=4.000ns})
  Destination:            dn_rdq_n_reg[744]/D
                            (rising edge-triggered cell FDRE clocked by aclk  {rise@0.000ns fall@2.000ns period=4.000ns})
  Path Group:             aclk
  Path Type:              Setup (Max at Slow Process Corner)
  Requirement:            4.000ns  (aclk rise@4.000ns - aclk rise@0.000ns)
  Data Path Delay:        4.506ns  (logic 1.538ns (34.132%)  route 2.968ns (65.868%))
  Logic Levels:           3  (LUT5=1 LUT6=1 MUXF7=1)
  Clock Path Skew:        -0.062ns (DCD - SCD + CPR)
    Destination Clock Delay (DCD):    0.021ns = ( 4.021 - 4.000 ) 
    Source Clock Delay      (SCD):    0.083ns
    Clock Pessimism Removal (CPR):    0.000ns
  Clock Uncertainty:      0.035ns  ((TSJ^2 + TIJ^2)^1/2 + DJ) / 2 + PE
    Total System Jitter     (TSJ):    0.071ns
    Total Input Jitter      (TIJ):    0.000ns
    Discrete Jitter          (DJ):    0.000ns
    Phase Error              (PE):    0.000ns

    Location             Delay type                Incr(ns)  Path(ns)    Netlist Resource(s)
  -------------------------------------------------------------------    -------------------
                         (clock aclk rise edge)       0.000     0.000 r  
                                                      0.000     0.000 r  aclk (IN)
                         net (fo=65799, unset)        0.083     0.083    aclk
    URAM288_X3Y132       URAM288                                      r  g_dn[23].mem_reg_uram_10/CLK
  -------------------------------------------------------------------    -------------------
    URAM288_X3Y132       URAM288 (Prop_URAM_288K_INST_URAM288_CLK_DOUT_A[24])
                                                      1.236     1.319 f  g_dn[23].mem_reg_uram_10/DOUT_A[24]
                         net (fo=1, estimated)        1.417     2.736    u_dn/g_dn[23].dn_rdq_b_reg[23][744]
    SLICE_X65Y514        LUT6 (Prop_G6LUT_SLICEL_I0_O)
                                                      0.149     2.885 f  u_dn/p_1_out__11__2_i_76/O
                         net (fo=1, routed)           0.008     2.893    u_dn/p_1_out__11__2_i_76_n_0
    SLICE_X65Y514        MUXF7 (Prop_F7MUX_GH_SLICEL_I1_O)
                                                      0.063     2.956 f  u_dn/p_1_out__11__2_i_30/O
                         net (fo=1, estimated)        0.854     3.810    u_dn/p_1_out__11__2_i_30_n_0
    SLICE_X50Y520        LUT5 (Prop_H6LUT_SLICEM_I0_O)
                                                      0.090     3.900 f  u_dn/p_1_out__11__2_i_8/O
                         net (fo=3, estimated)        0.689     4.589    dn_rdq_b[744]
    SLICE_X42Y545        FDRE                                         f  dn_rdq_n_reg[744]/D
  -------------------------------------------------------------------    -------------------

                         (clock aclk rise edge)       4.000     4.000 r  
                                                      0.000     4.000 r  aclk (IN)
                         net (fo=65799, unset)        0.021     4.021    aclk
    SLICE_X42Y545        FDRE                                         r  dn_rdq_n_reg[744]/C
                         clock pessimism              0.000     4.021    
                         clock uncertainty           -0.035     3.986    
    SLICE_X42Y545        FDRE (Setup_EFF_SLICEM_C_D)
                                                      0.025     4.011    dn_rdq_n_reg[744]
  -------------------------------------------------------------------
                         required time                          4.011    
                         arrival time                          -4.589    
  -------------------------------------------------------------------
                         slack                                 -0.578    

Slack (VIOLATED) :        -0.577ns  (required time - arrival time)
  Source:                 g_dn[10].mem_reg_uram_7/CLK
                            (rising edge-triggered cell URAM288 clocked by aclk  {rise@0.000ns fall@2.000ns period=4.000ns})
  Destination:            dn_rdq_n_reg[563]/D
                            (rising edge-triggered cell FDRE clocked by aclk  {rise@0.000ns fall@2.000ns period=4.000ns})
  Path Group:             aclk
  Path Type:              Setup (Max at Slow Process Corner)
  Requirement:            4.000ns  (aclk rise@4.000ns - aclk rise@0.000ns)
  Data Path Delay:        4.501ns  (logic 1.428ns (31.726%)  route 3.073ns (68.274%))
  Logic Levels:           3  (LUT5=1 LUT6=1 MUXF7=1)
  Clock Path Skew:        -0.063ns (DCD - SCD + CPR)
    Destination Clock Delay (DCD):    0.020ns = ( 4.020 - 4.000 ) 
    Source Clock Delay      (SCD):    0.083ns
    Clock Pessimism Removal (CPR):    0.000ns
  Clock Uncertainty:      0.035ns  ((TSJ^2 + TIJ^2)^1/2 + DJ) / 2 + PE
    Total System Jitter     (TSJ):    0.071ns
    Total Input Jitter      (TIJ):    0.000ns
    Discrete Jitter          (DJ):    0.000ns
    Phase Error              (PE):    0.000ns
  Inter-SLR Compensation: 0.003ns  (DCD * PF)
    Destination Clock Delay (DCD):    0.020ns
    Prorating Factor         (PF):    0.150

    Location             Delay type                Incr(ns)  Path(ns)    Netlist Resource(s)
  -------------------------------------------------------------------    -------------------
                         (clock aclk rise edge)       0.000     0.000 r  
                                                      0.000     0.000 r  aclk (IN)
                         net (fo=65799, unset)        0.083     0.083    aclk
    URAM288_X3Y40        URAM288                                      r  g_dn[10].mem_reg_uram_7/CLK
  -------------------------------------------------------------------    -------------------
    URAM288_X3Y40        URAM288 (Prop_URAM_288K_INST_URAM288_CLK_DOUT_A[59])
                                                      1.189     1.272 r  g_dn[10].mem_reg_uram_7/DOUT_A[59]
                         net (fo=1, estimated)        0.776     2.048    u_dn/g_dn[10].dn_rdq_b_reg[10][563]
    SLICE_X122Y214       LUT6 (Prop_H6LUT_SLICEL_I1_O)
                                                      0.124     2.172 r  u_dn/p_1_out__24__5_i_59/O
                         net (fo=1, routed)           0.010     2.182    u_dn/p_1_out__24__5_i_59_n_0
    SLICE_X122Y214       MUXF7 (Prop_F7MUX_GH_SLICEL_I0_O)
                                                      0.064     2.246 r  u_dn/p_1_out__24__5_i_22/O
                         net (fo=1, estimated)        0.524     2.770    u_dn/p_1_out__24__5_i_22_n_0
    SLICE_X122Y255       LUT5 (Prop_H6LUT_SLICEL_I2_O)
                                                      0.051     2.821 r  u_dn/p_1_out__24__5_i_5/O
                         net (fo=3, estimated)        1.763     4.584    dn_rdq_b[563]
    SLR Crossing[0->1]   
    SLICE_X124Y344       FDRE                                         r  dn_rdq_n_reg[563]/D
  -------------------------------------------------------------------    -------------------

                         (clock aclk rise edge)       4.000     4.000 r  
                                                      0.000     4.000 r  aclk (IN)
                         net (fo=65799, unset)        0.020     4.020    aclk
    SLICE_X124Y344       FDRE                                         r  dn_rdq_n_reg[563]/C
                         clock pessimism              0.000     4.020    
                         inter-SLR compensation      -0.003     4.017    
                         clock uncertainty           -0.035     3.982    
    SLICE_X124Y344       FDRE (Setup_EFF_SLICEL_C_D)
                                                      0.025     4.007    dn_rdq_n_reg[563]
  -------------------------------------------------------------------
                         required time                          4.007    
                         arrival time                          -4.584    
  -------------------------------------------------------------------
                         slack                                 -0.577    

Slack (VIOLATED) :        -0.577ns  (required time - arrival time)
  Source:                 g_dn[10].mem_reg_uram_7/CLK
                            (rising edge-triggered cell URAM288 clocked by aclk  {rise@0.000ns fall@2.000ns period=4.000ns})
  Destination:            dn_rdq_n_reg[563]/D
                            (rising edge-triggered cell FDRE clocked by aclk  {rise@0.000ns fall@2.000ns period=4.000ns})
  Path Group:             aclk
  Path Type:              Setup (Max at Slow Process Corner)
  Requirement:            4.000ns  (aclk rise@4.000ns - aclk rise@0.000ns)
  Data Path Delay:        4.501ns  (logic 1.428ns (31.726%)  route 3.073ns (68.274%))
  Logic Levels:           3  (LUT5=1 LUT6=1 MUXF7=1)
  Clock Path Skew:        -0.063ns (DCD - SCD + CPR)
    Destination Clock Delay (DCD):    0.020ns = ( 4.020 - 4.000 ) 
    Source Clock Delay      (SCD):    0.083ns
    Clock Pessimism Removal (CPR):    0.000ns
  Clock Uncertainty:      0.035ns  ((TSJ^2 + TIJ^2)^1/2 + DJ) / 2 + PE
    Total System Jitter     (TSJ):    0.071ns
    Total Input Jitter      (TIJ):    0.000ns
    Discrete Jitter          (DJ):    0.000ns
    Phase Error              (PE):    0.000ns
  Inter-SLR Compensation: 0.003ns  (DCD * PF)
    Destination Clock Delay (DCD):    0.020ns
    Prorating Factor         (PF):    0.150

    Location             Delay type                Incr(ns)  Path(ns)    Netlist Resource(s)
  -------------------------------------------------------------------    -------------------
                         (clock aclk rise edge)       0.000     0.000 r  
                                                      0.000     0.000 r  aclk (IN)
                         net (fo=65799, unset)        0.083     0.083    aclk
    URAM288_X3Y40        URAM288                                      r  g_dn[10].mem_reg_uram_7/CLK
  -------------------------------------------------------------------    -------------------
    URAM288_X3Y40        URAM288 (Prop_URAM_288K_INST_URAM288_CLK_DOUT_A[59])
                                                      1.189     1.272 f  g_dn[10].mem_reg_uram_7/DOUT_A[59]
                         net (fo=1, estimated)        0.776     2.048    u_dn/g_dn[10].dn_rdq_b_reg[10][563]
    SLICE_X122Y214       LUT6 (Prop_H6LUT_SLICEL_I1_O)
                                                      0.124     2.172 f  u_dn/p_1_out__24__5_i_59/O
                         net (fo=1, routed)           0.010     2.182    u_dn/p_1_out__24__5_i_59_n_0
    SLICE_X122Y214       MUXF7 (Prop_F7MUX_GH_SLICEL_I0_O)
                                                      0.064     2.246 f  u_dn/p_1_out__24__5_i_22/O
                         net (fo=1, estimated)        0.524     2.770    u_dn/p_1_out__24__5_i_22_n_0
    SLICE_X122Y255       LUT5 (Prop_H6LUT_SLICEL_I2_O)
                                                      0.051     2.821 f  u_dn/p_1_out__24__5_i_5/O
                         net (fo=3, estimated)        1.763     4.584    dn_rdq_b[563]
    SLR Crossing[0->1]   
    SLICE_X124Y344       FDRE                                         f  dn_rdq_n_reg[563]/D
  -------------------------------------------------------------------    -------------------

                         (clock aclk rise edge)       4.000     4.000 r  
                                                      0.000     4.000 r  aclk (IN)
                         net (fo=65799, unset)        0.020     4.020    aclk
    SLICE_X124Y344       FDRE                                         r  dn_rdq_n_reg[563]/C
                         clock pessimism              0.000     4.020    
                         inter-SLR compensation      -0.003     4.017    
                         clock uncertainty           -0.035     3.982    
    SLICE_X124Y344       FDRE (Setup_EFF_SLICEL_C_D)
                                                      0.025     4.007    dn_rdq_n_reg[563]
  -------------------------------------------------------------------
                         required time                          4.007    
                         arrival time                          -4.584    
  -------------------------------------------------------------------
                         slack                                 -0.577    

Slack (VIOLATED) :        -0.576ns  (required time - arrival time)
  Source:                 g_dn[23].mem_reg_uram_10/CLK
                            (rising edge-triggered cell URAM288 clocked by aclk  {rise@0.000ns fall@2.000ns period=4.000ns})
  Destination:            dn_rdq_n_reg[750]/D
                            (rising edge-triggered cell FDRE clocked by aclk  {rise@0.000ns fall@2.000ns period=4.000ns})
  Path Group:             aclk
  Path Type:              Setup (Max at Slow Process Corner)
  Requirement:            4.000ns  (aclk rise@4.000ns - aclk rise@0.000ns)
  Data Path Delay:        4.504ns  (logic 1.521ns (33.770%)  route 2.983ns (66.230%))
  Logic Levels:           3  (LUT5=1 LUT6=1 MUXF7=1)
  Clock Path Skew:        -0.062ns (DCD - SCD + CPR)
    Destination Clock Delay (DCD):    0.021ns = ( 4.021 - 4.000 ) 
    Source Clock Delay      (SCD):    0.083ns
    Clock Pessimism Removal (CPR):    0.000ns
  Clock Uncertainty:      0.035ns  ((TSJ^2 + TIJ^2)^1/2 + DJ) / 2 + PE
    Total System Jitter     (TSJ):    0.071ns
    Total Input Jitter      (TIJ):    0.000ns
    Discrete Jitter          (DJ):    0.000ns
    Phase Error              (PE):    0.000ns

    Location             Delay type                Incr(ns)  Path(ns)    Netlist Resource(s)
  -------------------------------------------------------------------    -------------------
                         (clock aclk rise edge)       0.000     0.000 r  
                                                      0.000     0.000 r  aclk (IN)
                         net (fo=65799, unset)        0.083     0.083    aclk
    URAM288_X3Y132       URAM288                                      r  g_dn[23].mem_reg_uram_10/CLK
  -------------------------------------------------------------------    -------------------
    URAM288_X3Y132       URAM288 (Prop_URAM_288K_INST_URAM288_CLK_DOUT_A[30])
                                                      1.218     1.301 r  g_dn[23].mem_reg_uram_10/DOUT_A[30]
                         net (fo=1, estimated)        1.589     2.890    u_dn/g_dn[23].dn_rdq_b_reg[23][750]
    SLICE_X64Y515        LUT6 (Prop_C6LUT_SLICEM_I0_O)
                                                      0.145     3.035 r  u_dn/p_1_out__11__2_i_40/O
                         net (fo=1, routed)           0.021     3.056    u_dn/p_1_out__11__2_i_40_n_0
    SLICE_X64Y515        MUXF7 (Prop_F7MUX_CD_SLICEM_I1_O)
                                                      0.068     3.124 r  u_dn/p_1_out__11__2_i_12/O
                         net (fo=1, estimated)        0.430     3.554    u_dn/p_1_out__11__2_i_12_n_0
    SLICE_X55Y517        LUT5 (Prop_H6LUT_SLICEL_I0_O)
                                                      0.090     3.644 r  u_dn/p_1_out__11__2_i_2/O
                         net (fo=3, estimated)        0.943     4.587    dn_rdq_b[750]
    SLICE_X42Y545        FDRE                                         r  dn_rdq_n_reg[750]/D
  -------------------------------------------------------------------    -------------------

                         (clock aclk rise edge)       4.000     4.000 r  
                                                      0.000     4.000 r  aclk (IN)
                         net (fo=65799, unset)        0.021     4.021    aclk
    SLICE_X42Y545        FDRE                                         r  dn_rdq_n_reg[750]/C
                         clock pessimism              0.000     4.021    
                         clock uncertainty           -0.035     3.986    
    SLICE_X42Y545        FDRE (Setup_GFF2_SLICEM_C_D)
                                                      0.025     4.011    dn_rdq_n_reg[750]
  -------------------------------------------------------------------
                         required time                          4.011    
                         arrival time                          -4.587    
  -------------------------------------------------------------------
                         slack                                 -0.576    

Slack (VIOLATED) :        -0.576ns  (required time - arrival time)
  Source:                 g_dn[23].mem_reg_uram_10/CLK
                            (rising edge-triggered cell URAM288 clocked by aclk  {rise@0.000ns fall@2.000ns period=4.000ns})
  Destination:            dn_rdq_n_reg[750]/D
                            (rising edge-triggered cell FDRE clocked by aclk  {rise@0.000ns fall@2.000ns period=4.000ns})
  Path Group:             aclk
  Path Type:              Setup (Max at Slow Process Corner)
  Requirement:            4.000ns  (aclk rise@4.000ns - aclk rise@0.000ns)
  Data Path Delay:        4.504ns  (logic 1.521ns (33.770%)  route 2.983ns (66.230%))
  Logic Levels:           3  (LUT5=1 LUT6=1 MUXF7=1)
  Clock Path Skew:        -0.062ns (DCD - SCD + CPR)
    Destination Clock Delay (DCD):    0.021ns = ( 4.021 - 4.000 ) 
    Source Clock Delay      (SCD):    0.083ns
    Clock Pessimism Removal (CPR):    0.000ns
  Clock Uncertainty:      0.035ns  ((TSJ^2 + TIJ^2)^1/2 + DJ) / 2 + PE
    Total System Jitter     (TSJ):    0.071ns
    Total Input Jitter      (TIJ):    0.000ns
    Discrete Jitter          (DJ):    0.000ns
    Phase Error              (PE):    0.000ns

    Location             Delay type                Incr(ns)  Path(ns)    Netlist Resource(s)
  -------------------------------------------------------------------    -------------------
                         (clock aclk rise edge)       0.000     0.000 r  
                                                      0.000     0.000 r  aclk (IN)
                         net (fo=65799, unset)        0.083     0.083    aclk
    URAM288_X3Y132       URAM288                                      r  g_dn[23].mem_reg_uram_10/CLK
  -------------------------------------------------------------------    -------------------
    URAM288_X3Y132       URAM288 (Prop_URAM_288K_INST_URAM288_CLK_DOUT_A[30])
                                                      1.218     1.301 f  g_dn[23].mem_reg_uram_10/DOUT_A[30]
                         net (fo=1, estimated)        1.589     2.890    u_dn/g_dn[23].dn_rdq_b_reg[23][750]
    SLICE_X64Y515        LUT6 (Prop_C6LUT_SLICEM_I0_O)
                                                      0.145     3.035 f  u_dn/p_1_out__11__2_i_40/O
                         net (fo=1, routed)           0.021     3.056    u_dn/p_1_out__11__2_i_40_n_0
    SLICE_X64Y515        MUXF7 (Prop_F7MUX_CD_SLICEM_I1_O)
                                                      0.068     3.124 f  u_dn/p_1_out__11__2_i_12/O
                         net (fo=1, estimated)        0.430     3.554    u_dn/p_1_out__11__2_i_12_n_0
    SLICE_X55Y517        LUT5 (Prop_H6LUT_SLICEL_I0_O)
                                                      0.090     3.644 f  u_dn/p_1_out__11__2_i_2/O
                         net (fo=3, estimated)        0.943     4.587    dn_rdq_b[750]
    SLICE_X42Y545        FDRE                                         f  dn_rdq_n_reg[750]/D
  -------------------------------------------------------------------    -------------------

                         (clock aclk rise edge)       4.000     4.000 r  
                                                      0.000     4.000 r  aclk (IN)
                         net (fo=65799, unset)        0.021     4.021    aclk
    SLICE_X42Y545        FDRE                                         r  dn_rdq_n_reg[750]/C
                         clock pessimism              0.000     4.021    
                         clock uncertainty           -0.035     3.986    
    SLICE_X42Y545        FDRE (Setup_GFF2_SLICEM_C_D)
                                                      0.025     4.011    dn_rdq_n_reg[750]
  -------------------------------------------------------------------
                         required time                          4.011    
                         arrival time                          -4.587    
  -------------------------------------------------------------------
                         slack                                 -0.576    




