DN 2048-bit bank-mux read path — post-PLACE estimate, variant v2wide
endpoint: dn_rdq_n_reg[*] (the registered bank mux fed by the
per-bank URAM CQ registers).  Clock aclk, 4.000 ns / 250 MHz.

slack     levels    startSLR  endSLR
-1.848    3         SLR0      SLR1       g_dn[0].mem_reg_uram_26/CLK -> dn_rdq_n_reg[1899]/D
-1.848    3         SLR0      SLR1       g_dn[0].mem_reg_uram_26/CLK -> dn_rdq_n_reg[1899]/D
-1.847    3         SLR0      SLR1       g_dn[18].mem_reg_uram_25/CLK -> dn_rdq_n_reg[1830]/D
-1.847    3         SLR0      SLR1       g_dn[18].mem_reg_uram_25/CLK -> dn_rdq_n_reg[1830]/D
-1.842    3         SLR0      SLR1       g_dn[0].mem_reg_uram_25/CLK -> dn_rdq_n_reg[1837]/D
-1.842    3         SLR0      SLR1       g_dn[0].mem_reg_uram_25/CLK -> dn_rdq_n_reg[1837]/D
-1.830    3         SLR0      SLR1       g_dn[18].mem_reg_uram_25/CLK -> dn_rdq_n_reg[1811]/D
-1.830    3         SLR0      SLR1       g_dn[18].mem_reg_uram_25/CLK -> dn_rdq_n_reg[1811]/D
-1.829    3         SLR0      SLR1       g_dn[0].mem_reg_uram_26/CLK -> dn_rdq_n_reg[1879]/D
-1.829    3         SLR0      SLR1       g_dn[0].mem_reg_uram_26/CLK -> dn_rdq_n_reg[1879]/D
-1.824    3         SLR0      SLR1       g_dn[0].mem_reg_uram_26/CLK -> dn_rdq_n_reg[1916]/D
-1.824    3         SLR0      SLR1       g_dn[0].mem_reg_uram_26/CLK -> dn_rdq_n_reg[1916]/D
-1.820    3         SLR0      SLR1       g_dn[10].mem_reg_uram_25/CLK -> dn_rdq_n_reg[1811]/D
-1.820    3         SLR0      SLR1       g_dn[10].mem_reg_uram_25/CLK -> dn_rdq_n_reg[1811]/D
-1.817    3         SLR0      SLR1       g_dn[0].mem_reg_uram_25/CLK -> dn_rdq_n_reg[1818]/D
-1.817    3         SLR0      SLR1       g_dn[0].mem_reg_uram_25/CLK -> dn_rdq_n_reg[1818]/D
-1.816    3         SLR0      SLR1       g_dn[0].mem_reg_uram_25/CLK -> dn_rdq_n_reg[1811]/D
-1.816    3         SLR0      SLR1       g_dn[0].mem_reg_uram_25/CLK -> dn_rdq_n_reg[1811]/D
-1.809    3         SLR0      SLR1       g_dn[0].mem_reg_uram_25/CLK -> dn_rdq_n_reg[1830]/D
-1.809    3         SLR0      SLR1       g_dn[0].mem_reg_uram_25/CLK -> dn_rdq_n_reg[1830]/D
-1.809    3         SLR0      SLR1       g_dn[0].mem_reg_uram_26/CLK -> dn_rdq_n_reg[1942]/D
-1.809    3         SLR0      SLR1       g_dn[0].mem_reg_uram_26/CLK -> dn_rdq_n_reg[1942]/D
-1.797    3         SLR0      SLR1       g_dn[0].mem_reg_uram_26/CLK -> dn_rdq_n_reg[1887]/D
-1.797    3         SLR0      SLR1       g_dn[0].mem_reg_uram_26/CLK -> dn_rdq_n_reg[1887]/D
-1.782    3         SLR0      SLR1       g_dn[0].mem_reg_uram_26/CLK -> dn_rdq_n_reg[1877]/D
-1.782    3         SLR0      SLR1       g_dn[0].mem_reg_uram_26/CLK -> dn_rdq_n_reg[1877]/D
-1.774    3         SLR0      SLR1       g_dn[0].mem_reg_uram_25/CLK -> dn_rdq_n_reg[1829]/D
-1.774    3         SLR0      SLR1       g_dn[0].mem_reg_uram_25/CLK -> dn_rdq_n_reg[1829]/D
-1.773    3         SLR0      SLR1       g_dn[18].mem_reg_uram_25/CLK -> dn_rdq_n_reg[1825]/D
-1.773    3         SLR0      SLR1       g_dn[18].mem_reg_uram_25/CLK -> dn_rdq_n_reg[1825]/D

---- full report_timing on the worst 10 ----
Copyright 1986-2022 Xilinx, Inc. All Rights Reserved. Copyright 2022-2024 Advanced Micro Devices, Inc. All Rights Reserved.
--------------------------------------------------------------------------------------------------------------------------------------------------------------------------------------------------------------------------------------------
| Tool Version      : Vivado v.2024.2 (lin64) Build 5239630 Fri Nov 08 22:34:34 MST 2024
| Date              : Tue Aug 25 20:24:25 2026
| Host              : snoke running 64-bit Ubuntu 24.04.4 LTS
| Command           : report_timing -to [get_cells -quiet -hier -filter {NAME =~ *dn_rdq_n_reg*}] -max_paths 10 -nworst 10 -setup -file /home/cah/r2d2/code/fpga/fable5_llm/synth/out_exp_uram_v2wide/reports/dn_bank_mux_paths.rpt -append
| Design            : layer_chan
| Device            : xcvu9p-fsgd2104
| Speed File        : -2L  PRODUCTION 1.28 03-30-2022
| Design State      : Fully Placed
| Temperature Grade : E
--------------------------------------------------------------------------------------------------------------------------------------------------------------------------------------------------------------------------------------------

Timing Report

Slack (VIOLATED) :        -1.848ns  (required time - arrival time)
  Source:                 g_dn[0].mem_reg_uram_26/CLK
                            (rising edge-triggered cell URAM288 clocked by aclk  {rise@0.000ns fall@2.000ns period=4.000ns})
  Destination:            dn_rdq_n_reg[1899]/D
                            (rising edge-triggered cell FDRE clocked by aclk  {rise@0.000ns fall@2.000ns period=4.000ns})
  Path Group:             aclk
  Path Type:              Setup (Max at Slow Process Corner)
  Requirement:            4.000ns  (aclk rise@4.000ns - aclk rise@0.000ns)
  Data Path Delay:        5.772ns  (logic 1.373ns (23.787%)  route 4.399ns (76.213%))
  Logic Levels:           3  (LUT5=1 LUT6=1 MUXF7=1)
  Clock Path Skew:        -0.063ns (DCD - SCD + CPR)
    Destination Clock Delay (DCD):    0.020ns = ( 4.020 - 4.000 ) 
    Source Clock Delay      (SCD):    0.083ns
    Clock Pessimism Removal (CPR):    0.000ns
  Clock Uncertainty:      0.035ns  ((TSJ^2 + TIJ^2)^1/2 + DJ) / 2 + PE
    Total System Jitter     (TSJ):    0.071ns
    Total Input Jitter      (TIJ):    0.000ns
    Discrete Jitter          (DJ):    0.000ns
    Phase Error              (PE):    0.000ns
  Inter-SLR Compensation: 0.003ns  (DCD * PF)
    Destination Clock Delay (DCD):    0.020ns
    Prorating Factor         (PF):    0.150

    Location             Delay type                Incr(ns)  Path(ns)    Netlist Resource(s)
  -------------------------------------------------------------------    -------------------
                         (clock aclk rise edge)       0.000     0.000 r  
                                                      0.000     0.000 r  aclk (IN)
                         net (fo=71681, unset)        0.083     0.083    aclk
    URAM288_X0Y4         URAM288                                      r  g_dn[0].mem_reg_uram_26/CLK
  -------------------------------------------------------------------    -------------------
    URAM288_X0Y4         URAM288 (Prop_URAM_288K_INST_URAM288_CLK_DOUT_A[27])
                                                      1.230     1.313 r  g_dn[0].mem_reg_uram_26/DOUT_A[27]
                         net (fo=1, estimated)        2.319     3.632    u_dn/g_dn[0].dn_rdq_b_reg[0][1899]
    SLICE_X95Y150        LUT6 (Prop_D6LUT_SLICEM_I5_O)
                                                      0.037     3.669 r  u_dn/p_1_out__32_i_93/O
                         net (fo=1, routed)           0.025     3.694    u_dn/p_1_out__32_i_93_n_0
    SLICE_X95Y150        MUXF7 (Prop_F7MUX_CD_SLICEM_I0_O)
                                                      0.069     3.763 r  u_dn/p_1_out__32_i_31/O
                         net (fo=1, estimated)        0.708     4.471    u_dn/p_1_out__32_i_31_n_0
    SLICE_X95Y226        LUT5 (Prop_B6LUT_SLICEM_I4_O)
                                                      0.037     4.508 r  u_dn/p_1_out__32_i_5/O
                         net (fo=3, estimated)        1.347     5.855    dn_rdq_b[1899]
    SLR Crossing[0->1]   
    SLICE_X91Y302        FDRE                                         r  dn_rdq_n_reg[1899]/D
  -------------------------------------------------------------------    -------------------

                         (clock aclk rise edge)       4.000     4.000 r  
                                                      0.000     4.000 r  aclk (IN)
                         net (fo=71681, unset)        0.020     4.020    aclk
    SLICE_X91Y302        FDRE                                         r  dn_rdq_n_reg[1899]/C
                         clock pessimism              0.000     4.020    
                         inter-SLR compensation      -0.003     4.017    
                         clock uncertainty           -0.035     3.982    
    SLICE_X91Y302        FDRE (Setup_EFF2_SLICEL_C_D)
                                                      0.025     4.007    dn_rdq_n_reg[1899]
  -------------------------------------------------------------------
                         required time                          4.007    
                         arrival time                          -5.855    
  -------------------------------------------------------------------
                         slack                                 -1.848    

Slack (VIOLATED) :        -1.848ns  (required time - arrival time)
  Source:                 g_dn[0].mem_reg_uram_26/CLK
                            (rising edge-triggered cell URAM288 clocked by aclk  {rise@0.000ns fall@2.000ns period=4.000ns})
  Destination:            dn_rdq_n_reg[1899]/D
                            (rising edge-triggered cell FDRE clocked by aclk  {rise@0.000ns fall@2.000ns period=4.000ns})
  Path Group:             aclk
  Path Type:              Setup (Max at Slow Process Corner)
  Requirement:            4.000ns  (aclk rise@4.000ns - aclk rise@0.000ns)
  Data Path Delay:        5.772ns  (logic 1.373ns (23.787%)  route 4.399ns (76.213%))
  Logic Levels:           3  (LUT5=1 LUT6=1 MUXF7=1)
  Clock Path Skew:        -0.063ns (DCD - SCD + CPR)
    Destination Clock Delay (DCD):    0.020ns = ( 4.020 - 4.000 ) 
    Source Clock Delay      (SCD):    0.083ns
    Clock Pessimism Removal (CPR):    0.000ns
  Clock Uncertainty:      0.035ns  ((TSJ^2 + TIJ^2)^1/2 + DJ) / 2 + PE
    Total System Jitter     (TSJ):    0.071ns
    Total Input Jitter      (TIJ):    0.000ns
    Discrete Jitter          (DJ):    0.000ns
    Phase Error              (PE):    0.000ns
  Inter-SLR Compensation: 0.003ns  (DCD * PF)
    Destination Clock Delay (DCD):    0.020ns
    Prorating Factor         (PF):    0.150

    Location             Delay type                Incr(ns)  Path(ns)    Netlist Resource(s)
  -------------------------------------------------------------------    -------------------
                         (clock aclk rise edge)       0.000     0.000 r  
                                                      0.000     0.000 r  aclk (IN)
                         net (fo=71681, unset)        0.083     0.083    aclk
    URAM288_X0Y4         URAM288                                      r  g_dn[0].mem_reg_uram_26/CLK
  -------------------------------------------------------------------    -------------------
    URAM288_X0Y4         URAM288 (Prop_URAM_288K_INST_URAM288_CLK_DOUT_A[27])
                                                      1.230     1.313 f  g_dn[0].mem_reg_uram_26/DOUT_A[27]
                         net (fo=1, estimated)        2.319     3.632    u_dn/g_dn[0].dn_rdq_b_reg[0][1899]
    SLICE_X95Y150        LUT6 (Prop_D6LUT_SLICEM_I5_O)
                                                      0.037     3.669 f  u_dn/p_1_out__32_i_93/O
                         net (fo=1, routed)           0.025     3.694    u_dn/p_1_out__32_i_93_n_0
    SLICE_X95Y150        MUXF7 (Prop_F7MUX_CD_SLICEM_I0_O)
                                                      0.069     3.763 f  u_dn/p_1_out__32_i_31/O
                         net (fo=1, estimated)        0.708     4.471    u_dn/p_1_out__32_i_31_n_0
    SLICE_X95Y226        LUT5 (Prop_B6LUT_SLICEM_I4_O)
                                                      0.037     4.508 f  u_dn/p_1_out__32_i_5/O
                         net (fo=3, estimated)        1.347     5.855    dn_rdq_b[1899]
    SLR Crossing[0->1]   
    SLICE_X91Y302        FDRE                                         f  dn_rdq_n_reg[1899]/D
  -------------------------------------------------------------------    -------------------

                         (clock aclk rise edge)       4.000     4.000 r  
                                                      0.000     4.000 r  aclk (IN)
                         net (fo=71681, unset)        0.020     4.020    aclk
    SLICE_X91Y302        FDRE                                         r  dn_rdq_n_reg[1899]/C
                         clock pessimism              0.000     4.020    
                         inter-SLR compensation      -0.003     4.017    
                         clock uncertainty           -0.035     3.982    
    SLICE_X91Y302        FDRE (Setup_EFF2_SLICEL_C_D)
                                                      0.025     4.007    dn_rdq_n_reg[1899]
  -------------------------------------------------------------------
                         required time                          4.007    
                         arrival time                          -5.855    
  -------------------------------------------------------------------
                         slack                                 -1.848    

Slack (VIOLATED) :        -1.847ns  (required time - arrival time)
  Source:                 g_dn[18].mem_reg_uram_25/CLK
                            (rising edge-triggered cell URAM288 clocked by aclk  {rise@0.000ns fall@2.000ns period=4.000ns})
  Destination:            dn_rdq_n_reg[1830]/D
                            (rising edge-triggered cell FDRE clocked by aclk  {rise@0.000ns fall@2.000ns period=4.000ns})
  Path Group:             aclk
  Path Type:              Setup (Max at Slow Process Corner)
  Requirement:            4.000ns  (aclk rise@4.000ns - aclk rise@0.000ns)
  Data Path Delay:        5.771ns  (logic 1.500ns (25.992%)  route 4.271ns (74.008%))
  Logic Levels:           3  (LUT5=1 LUT6=1 MUXF7=1)
  Clock Path Skew:        -0.063ns (DCD - SCD + CPR)
    Destination Clock Delay (DCD):    0.020ns = ( 4.020 - 4.000 ) 
    Source Clock Delay      (SCD):    0.083ns
    Clock Pessimism Removal (CPR):    0.000ns
  Clock Uncertainty:      0.035ns  ((TSJ^2 + TIJ^2)^1/2 + DJ) / 2 + PE
    Total System Jitter     (TSJ):    0.071ns
    Total Input Jitter      (TIJ):    0.000ns
    Discrete Jitter          (DJ):    0.000ns
    Phase Error              (PE):    0.000ns
  Inter-SLR Compensation: 0.003ns  (DCD * PF)
    Destination Clock Delay (DCD):    0.020ns
    Prorating Factor         (PF):    0.150

    Location             Delay type                Incr(ns)  Path(ns)    Netlist Resource(s)
  -------------------------------------------------------------------    -------------------
                         (clock aclk rise edge)       0.000     0.000 r  
                                                      0.000     0.000 r  aclk (IN)
                         net (fo=71681, unset)        0.083     0.083    aclk
    URAM288_X1Y10        URAM288                                      r  g_dn[18].mem_reg_uram_25/CLK
  -------------------------------------------------------------------    -------------------
    URAM288_X1Y10        URAM288 (Prop_URAM_288K_INST_URAM288_CLK_DOUT_A[30])
                                                      1.218     1.301 r  g_dn[18].mem_reg_uram_25/DOUT_A[30]
                         net (fo=1, estimated)        2.029     3.330    u_dn/g_dn[18].dn_rdq_b_reg[18][1830]
    SLICE_X95Y216        LUT6 (Prop_B6LUT_SLICEM_I1_O)
                                                      0.125     3.455 r  u_dn/p_1_out__33__0_i_119/O
                         net (fo=1, routed)           0.017     3.472    u_dn/p_1_out__33__0_i_119_n_0
    SLICE_X95Y216        MUXF7 (Prop_F7MUX_AB_SLICEM_I0_O)
                                                      0.067     3.539 r  u_dn/p_1_out__33__0_i_44/O
                         net (fo=1, estimated)        0.492     4.031    u_dn/p_1_out__33__0_i_44_n_0
    SLICE_X89Y199        LUT5 (Prop_A6LUT_SLICEL_I0_O)
                                                      0.090     4.121 r  u_dn/p_1_out__33__0_i_10/O
                         net (fo=3, estimated)        1.733     5.854    dn_rdq_b[1830]
    SLR Crossing[0->1]   
    SLICE_X103Y307       FDRE                                         r  dn_rdq_n_reg[1830]/D
  -------------------------------------------------------------------    -------------------

                         (clock aclk rise edge)       4.000     4.000 r  
                                                      0.000     4.000 r  aclk (IN)
                         net (fo=71681, unset)        0.020     4.020    aclk
    SLICE_X103Y307       FDRE                                         r  dn_rdq_n_reg[1830]/C
                         clock pessimism              0.000     4.020    
                         inter-SLR compensation      -0.003     4.017    
                         clock uncertainty           -0.035     3.982    
    SLICE_X103Y307       FDRE (Setup_FFF_SLICEL_C_D)
                                                      0.025     4.007    dn_rdq_n_reg[1830]
  -------------------------------------------------------------------
                         required time                          4.007    
                         arrival time                          -5.854    
  -------------------------------------------------------------------
                         slack                                 -1.847    

Slack (VIOLATED) :        -1.847ns  (required time - arrival time)
  Source:                 g_dn[18].mem_reg_uram_25/CLK
                            (rising edge-triggered cell URAM288 clocked by aclk  {rise@0.000ns fall@2.000ns period=4.000ns})
  Destination:            dn_rdq_n_reg[1830]/D
                            (rising edge-triggered cell FDRE clocked by aclk  {rise@0.000ns fall@2.000ns period=4.000ns})
  Path Group:             aclk
  Path Type:              Setup (Max at Slow Process Corner)
  Requirement:            4.000ns  (aclk rise@4.000ns - aclk rise@0.000ns)
  Data Path Delay:        5.771ns  (logic 1.500ns (25.992%)  route 4.271ns (74.008%))
  Logic Levels:           3  (LUT5=1 LUT6=1 MUXF7=1)
  Clock Path Skew:        -0.063ns (DCD - SCD + CPR)
    Destination Clock Delay (DCD):    0.020ns = ( 4.020 - 4.000 ) 
    Source Clock Delay      (SCD):    0.083ns
    Clock Pessimism Removal (CPR):    0.000ns
  Clock Uncertainty:      0.035ns  ((TSJ^2 + TIJ^2)^1/2 + DJ) / 2 + PE
    Total System Jitter     (TSJ):    0.071ns
    Total Input Jitter      (TIJ):    0.000ns
    Discrete Jitter          (DJ):    0.000ns
    Phase Error              (PE):    0.000ns
  Inter-SLR Compensation: 0.003ns  (DCD * PF)
    Destination Clock Delay (DCD):    0.020ns
    Prorating Factor         (PF):    0.150

    Location             Delay type                Incr(ns)  Path(ns)    Netlist Resource(s)
  -------------------------------------------------------------------    -------------------
                         (clock aclk rise edge)       0.000     0.000 r  
                                                      0.000     0.000 r  aclk (IN)
                         net (fo=71681, unset)        0.083     0.083    aclk
    URAM288_X1Y10        URAM288                                      r  g_dn[18].mem_reg_uram_25/CLK
  -------------------------------------------------------------------    -------------------
    URAM288_X1Y10        URAM288 (Prop_URAM_288K_INST_URAM288_CLK_DOUT_A[30])
                                                      1.218     1.301 f  g_dn[18].mem_reg_uram_25/DOUT_A[30]
                         net (fo=1, estimated)        2.029     3.330    u_dn/g_dn[18].dn_rdq_b_reg[18][1830]
    SLICE_X95Y216        LUT6 (Prop_B6LUT_SLICEM_I1_O)
                                                      0.125     3.455 f  u_dn/p_1_out__33__0_i_119/O
                         net (fo=1, routed)           0.017     3.472    u_dn/p_1_out__33__0_i_119_n_0
    SLICE_X95Y216        MUXF7 (Prop_F7MUX_AB_SLICEM_I0_O)
                                                      0.067     3.539 f  u_dn/p_1_out__33__0_i_44/O
                         net (fo=1, estimated)        0.492     4.031    u_dn/p_1_out__33__0_i_44_n_0
    SLICE_X89Y199        LUT5 (Prop_A6LUT_SLICEL_I0_O)
                                                      0.090     4.121 f  u_dn/p_1_out__33__0_i_10/O
                         net (fo=3, estimated)        1.733     5.854    dn_rdq_b[1830]
    SLR Crossing[0->1]   
    SLICE_X103Y307       FDRE                                         f  dn_rdq_n_reg[1830]/D
  -------------------------------------------------------------------    -------------------

                         (clock aclk rise edge)       4.000     4.000 r  
                                                      0.000     4.000 r  aclk (IN)
                         net (fo=71681, unset)        0.020     4.020    aclk
    SLICE_X103Y307       FDRE                                         r  dn_rdq_n_reg[1830]/C
                         clock pessimism              0.000     4.020    
                         inter-SLR compensation      -0.003     4.017    
                         clock uncertainty           -0.035     3.982    
    SLICE_X103Y307       FDRE (Setup_FFF_SLICEL_C_D)
                                                      0.025     4.007    dn_rdq_n_reg[1830]
  -------------------------------------------------------------------
                         required time                          4.007    
                         arrival time                          -5.854    
  -------------------------------------------------------------------
                         slack                                 -1.847    

Slack (VIOLATED) :        -1.842ns  (required time - arrival time)
  Source:                 g_dn[0].mem_reg_uram_25/CLK
                            (rising edge-triggered cell URAM288 clocked by aclk  {rise@0.000ns fall@2.000ns period=4.000ns})
  Destination:            dn_rdq_n_reg[1837]/D
                            (rising edge-triggered cell FDRE clocked by aclk  {rise@0.000ns fall@2.000ns period=4.000ns})
  Path Group:             aclk
  Path Type:              Setup (Max at Slow Process Corner)
  Requirement:            4.000ns  (aclk rise@4.000ns - aclk rise@0.000ns)
  Data Path Delay:        5.766ns  (logic 1.343ns (23.292%)  route 4.423ns (76.708%))
  Logic Levels:           3  (LUT5=1 LUT6=1 MUXF7=1)
  Clock Path Skew:        -0.063ns (DCD - SCD + CPR)
    Destination Clock Delay (DCD):    0.020ns = ( 4.020 - 4.000 ) 
    Source Clock Delay      (SCD):    0.083ns
    Clock Pessimism Removal (CPR):    0.000ns
  Clock Uncertainty:      0.035ns  ((TSJ^2 + TIJ^2)^1/2 + DJ) / 2 + PE
    Total System Jitter     (TSJ):    0.071ns
    Total Input Jitter      (TIJ):    0.000ns
    Discrete Jitter          (DJ):    0.000ns
    Phase Error              (PE):    0.000ns
  Inter-SLR Compensation: 0.003ns  (DCD * PF)
    Destination Clock Delay (DCD):    0.020ns
    Prorating Factor         (PF):    0.150

    Location             Delay type                Incr(ns)  Path(ns)    Netlist Resource(s)
  -------------------------------------------------------------------    -------------------
                         (clock aclk rise edge)       0.000     0.000 r  
                                                      0.000     0.000 r  aclk (IN)
                         net (fo=71681, unset)        0.083     0.083    aclk
    URAM288_X0Y13        URAM288                                      r  g_dn[0].mem_reg_uram_25/CLK
  -------------------------------------------------------------------    -------------------
    URAM288_X0Y13        URAM288 (Prop_URAM_288K_INST_URAM288_CLK_DOUT_A[37])
                                                      1.202     1.285 r  g_dn[0].mem_reg_uram_25/DOUT_A[37]
                         net (fo=1, estimated)        2.359     3.644    u_dn/g_dn[0].dn_rdq_b_reg[0][1837]
    SLICE_X87Y205        LUT6 (Prop_D6LUT_SLICEM_I5_O)
                                                      0.037     3.681 r  u_dn/p_1_out__33__0_i_81/O
                         net (fo=1, routed)           0.025     3.706    u_dn/p_1_out__33__0_i_81_n_0
    SLICE_X87Y205        MUXF7 (Prop_F7MUX_CD_SLICEM_I0_O)
                                                      0.069     3.775 r  u_dn/p_1_out__33__0_i_25/O
                         net (fo=1, estimated)        0.455     4.230    u_dn/p_1_out__33__0_i_25_n_0
    SLICE_X103Y205       LUT5 (Prop_A6LUT_SLICEL_I4_O)
                                                      0.035     4.265 r  u_dn/p_1_out__33__0_i_3/O
                         net (fo=3, estimated)        1.584     5.849    dn_rdq_b[1837]
    SLR Crossing[0->1]   
    SLICE_X103Y307       FDRE                                         r  dn_rdq_n_reg[1837]/D
  -------------------------------------------------------------------    -------------------

                         (clock aclk rise edge)       4.000     4.000 r  
                                                      0.000     4.000 r  aclk (IN)
                         net (fo=71681, unset)        0.020     4.020    aclk
    SLICE_X103Y307       FDRE                                         r  dn_rdq_n_reg[1837]/C
                         clock pessimism              0.000     4.020    
                         inter-SLR compensation      -0.003     4.017    
                         clock uncertainty           -0.035     3.982    
    SLICE_X103Y307       FDRE (Setup_GFF2_SLICEL_C_D)
                                                      0.025     4.007    dn_rdq_n_reg[1837]
  -------------------------------------------------------------------
                         required time                          4.007    
                         arrival time                          -5.849    
  -------------------------------------------------------------------
                         slack                                 -1.842    

Slack (VIOLATED) :        -1.842ns  (required time - arrival time)
  Source:                 g_dn[0].mem_reg_uram_25/CLK
                            (rising edge-triggered cell URAM288 clocked by aclk  {rise@0.000ns fall@2.000ns period=4.000ns})
  Destination:            dn_rdq_n_reg[1837]/D
                            (rising edge-triggered cell FDRE clocked by aclk  {rise@0.000ns fall@2.000ns period=4.000ns})
  Path Group:             aclk
  Path Type:              Setup (Max at Slow Process Corner)
  Requirement:            4.000ns  (aclk rise@4.000ns - aclk rise@0.000ns)
  Data Path Delay:        5.766ns  (logic 1.343ns (23.292%)  route 4.423ns (76.708%))
  Logic Levels:           3  (LUT5=1 LUT6=1 MUXF7=1)
  Clock Path Skew:        -0.063ns (DCD - SCD + CPR)
    Destination Clock Delay (DCD):    0.020ns = ( 4.020 - 4.000 ) 
    Source Clock Delay      (SCD):    0.083ns
    Clock Pessimism Removal (CPR):    0.000ns
  Clock Uncertainty:      0.035ns  ((TSJ^2 + TIJ^2)^1/2 + DJ) / 2 + PE
    Total System Jitter     (TSJ):    0.071ns
    Total Input Jitter      (TIJ):    0.000ns
    Discrete Jitter          (DJ):    0.000ns
    Phase Error              (PE):    0.000ns
  Inter-SLR Compensation: 0.003ns  (DCD * PF)
    Destination Clock Delay (DCD):    0.020ns
    Prorating Factor         (PF):    0.150

    Location             Delay type                Incr(ns)  Path(ns)    Netlist Resource(s)
  -------------------------------------------------------------------    -------------------
                         (clock aclk rise edge)       0.000     0.000 r  
                                                      0.000     0.000 r  aclk (IN)
                         net (fo=71681, unset)        0.083     0.083    aclk
    URAM288_X0Y13        URAM288                                      r  g_dn[0].mem_reg_uram_25/CLK
  -------------------------------------------------------------------    -------------------
    URAM288_X0Y13        URAM288 (Prop_URAM_288K_INST_URAM288_CLK_DOUT_A[37])
                                                      1.202     1.285 f  g_dn[0].mem_reg_uram_25/DOUT_A[37]
                         net (fo=1, estimated)        2.359     3.644    u_dn/g_dn[0].dn_rdq_b_reg[0][1837]
    SLICE_X87Y205        LUT6 (Prop_D6LUT_SLICEM_I5_O)
                                                      0.037     3.681 f  u_dn/p_1_out__33__0_i_81/O
                         net (fo=1, routed)           0.025     3.706    u_dn/p_1_out__33__0_i_81_n_0
    SLICE_X87Y205        MUXF7 (Prop_F7MUX_CD_SLICEM_I0_O)
                                                      0.069     3.775 f  u_dn/p_1_out__33__0_i_25/O
                         net (fo=1, estimated)        0.455     4.230    u_dn/p_1_out__33__0_i_25_n_0
    SLICE_X103Y205       LUT5 (Prop_A6LUT_SLICEL_I4_O)
                                                      0.035     4.265 f  u_dn/p_1_out__33__0_i_3/O
                         net (fo=3, estimated)        1.584     5.849    dn_rdq_b[1837]
    SLR Crossing[0->1]   
    SLICE_X103Y307       FDRE                                         f  dn_rdq_n_reg[1837]/D
  -------------------------------------------------------------------    -------------------

                         (clock aclk rise edge)       4.000     4.000 r  
                                                      0.000     4.000 r  aclk (IN)
                         net (fo=71681, unset)        0.020     4.020    aclk
    SLICE_X103Y307       FDRE                                         r  dn_rdq_n_reg[1837]/C
                         clock pessimism              0.000     4.020    
                         inter-SLR compensation      -0.003     4.017    
                         clock uncertainty           -0.035     3.982    
    SLICE_X103Y307       FDRE (Setup_GFF2_SLICEL_C_D)
                                                      0.025     4.007    dn_rdq_n_reg[1837]
  -------------------------------------------------------------------
                         required time                          4.007    
                         arrival time                          -5.849    
  -------------------------------------------------------------------
                         slack                                 -1.842    

Slack (VIOLATED) :        -1.830ns  (required time - arrival time)
  Source:                 g_dn[18].mem_reg_uram_25/CLK
                            (rising edge-triggered cell URAM288 clocked by aclk  {rise@0.000ns fall@2.000ns period=4.000ns})
  Destination:            dn_rdq_n_reg[1811]/D
                            (rising edge-triggered cell FDRE clocked by aclk  {rise@0.000ns fall@2.000ns period=4.000ns})
  Path Group:             aclk
  Path Type:              Setup (Max at Slow Process Corner)
  Requirement:            4.000ns  (aclk rise@4.000ns - aclk rise@0.000ns)
  Data Path Delay:        5.754ns  (logic 1.556ns (27.042%)  route 4.198ns (72.958%))
  Logic Levels:           3  (LUT5=1 LUT6=1 MUXF7=1)
  Clock Path Skew:        -0.063ns (DCD - SCD + CPR)
    Destination Clock Delay (DCD):    0.020ns = ( 4.020 - 4.000 ) 
    Source Clock Delay      (SCD):    0.083ns
    Clock Pessimism Removal (CPR):    0.000ns
  Clock Uncertainty:      0.035ns  ((TSJ^2 + TIJ^2)^1/2 + DJ) / 2 + PE
    Total System Jitter     (TSJ):    0.071ns
    Total Input Jitter      (TIJ):    0.000ns
    Discrete Jitter          (DJ):    0.000ns
    Phase Error              (PE):    0.000ns
  Inter-SLR Compensation: 0.003ns  (DCD * PF)
    Destination Clock Delay (DCD):    0.020ns
    Prorating Factor         (PF):    0.150

    Location             Delay type                Incr(ns)  Path(ns)    Netlist Resource(s)
  -------------------------------------------------------------------    -------------------
                         (clock aclk rise edge)       0.000     0.000 r  
                                                      0.000     0.000 r  aclk (IN)
                         net (fo=71681, unset)        0.083     0.083    aclk
    URAM288_X1Y10        URAM288                                      r  g_dn[18].mem_reg_uram_25/CLK
  -------------------------------------------------------------------    -------------------
    URAM288_X1Y10        URAM288 (Prop_URAM_288K_INST_URAM288_CLK_DOUT_A[11])
                                                      1.274     1.357 r  g_dn[18].mem_reg_uram_25/DOUT_A[11]
                         net (fo=1, estimated)        1.928     3.285    u_dn/g_dn[18].dn_rdq_b_reg[18][1811]
    SLICE_X95Y204        LUT6 (Prop_B6LUT_SLICEM_I1_O)
                                                      0.125     3.410 r  u_dn/p_1_out__37__0_i_137/O
                         net (fo=1, routed)           0.017     3.427    u_dn/p_1_out__37__0_i_137_n_0
    SLICE_X95Y204        MUXF7 (Prop_F7MUX_AB_SLICEM_I0_O)
                                                      0.067     3.494 r  u_dn/p_1_out__37__0_i_53/O
                         net (fo=1, estimated)        0.414     3.908    u_dn/p_1_out__37__0_i_53_n_0
    SLICE_X86Y205        LUT5 (Prop_A6LUT_SLICEL_I0_O)
                                                      0.090     3.998 r  u_dn/p_1_out__37__0_i_13/O
                         net (fo=3, estimated)        1.839     5.837    dn_rdq_b[1811]
    SLR Crossing[0->1]   
    SLICE_X103Y310       FDRE                                         r  dn_rdq_n_reg[1811]/D
  -------------------------------------------------------------------    -------------------

                         (clock aclk rise edge)       4.000     4.000 r  
                                                      0.000     4.000 r  aclk (IN)
                         net (fo=71681, unset)        0.020     4.020    aclk
    SLICE_X103Y310       FDRE                                         r  dn_rdq_n_reg[1811]/C
                         clock pessimism              0.000     4.020    
                         inter-SLR compensation      -0.003     4.017    
                         clock uncertainty           -0.035     3.982    
    SLICE_X103Y310       FDRE (Setup_EFF2_SLICEL_C_D)
                                                      0.025     4.007    dn_rdq_n_reg[1811]
  -------------------------------------------------------------------
                         required time                          4.007    
                         arrival time                          -5.837    
  -------------------------------------------------------------------
                         slack                                 -1.830    

Slack (VIOLATED) :        -1.830ns  (required time - arrival time)
  Source:                 g_dn[18].mem_reg_uram_25/CLK
                            (rising edge-triggered cell URAM288 clocked by aclk  {rise@0.000ns fall@2.000ns period=4.000ns})
  Destination:            dn_rdq_n_reg[1811]/D
                            (rising edge-triggered cell FDRE clocked by aclk  {rise@0.000ns fall@2.000ns period=4.000ns})
  Path Group:             aclk
  Path Type:              Setup (Max at Slow Process Corner)
  Requirement:            4.000ns  (aclk rise@4.000ns - aclk rise@0.000ns)
  Data Path Delay:        5.754ns  (logic 1.556ns (27.042%)  route 4.198ns (72.958%))
  Logic Levels:           3  (LUT5=1 LUT6=1 MUXF7=1)
  Clock Path Skew:        -0.063ns (DCD - SCD + CPR)
    Destination Clock Delay (DCD):    0.020ns = ( 4.020 - 4.000 ) 
    Source Clock Delay      (SCD):    0.083ns
    Clock Pessimism Removal (CPR):    0.000ns
  Clock Uncertainty:      0.035ns  ((TSJ^2 + TIJ^2)^1/2 + DJ) / 2 + PE
    Total System Jitter     (TSJ):    0.071ns
    Total Input Jitter      (TIJ):    0.000ns
    Discrete Jitter          (DJ):    0.000ns
    Phase Error              (PE):    0.000ns
  Inter-SLR Compensation: 0.003ns  (DCD * PF)
    Destination Clock Delay (DCD):    0.020ns
    Prorating Factor         (PF):    0.150

    Location             Delay type                Incr(ns)  Path(ns)    Netlist Resource(s)
  -------------------------------------------------------------------    -------------------
                         (clock aclk rise edge)       0.000     0.000 r  
                                                      0.000     0.000 r  aclk (IN)
                         net (fo=71681, unset)        0.083     0.083    aclk
    URAM288_X1Y10        URAM288                                      r  g_dn[18].mem_reg_uram_25/CLK
  -------------------------------------------------------------------    -------------------
    URAM288_X1Y10        URAM288 (Prop_URAM_288K_INST_URAM288_CLK_DOUT_A[11])
                                                      1.274     1.357 f  g_dn[18].mem_reg_uram_25/DOUT_A[11]
                         net (fo=1, estimated)        1.928     3.285    u_dn/g_dn[18].dn_rdq_b_reg[18][1811]
    SLICE_X95Y204        LUT6 (Prop_B6LUT_SLICEM_I1_O)
                                                      0.125     3.410 f  u_dn/p_1_out__37__0_i_137/O
                         net (fo=1, routed)           0.017     3.427    u_dn/p_1_out__37__0_i_137_n_0
    SLICE_X95Y204        MUXF7 (Prop_F7MUX_AB_SLICEM_I0_O)
                                                      0.067     3.494 f  u_dn/p_1_out__37__0_i_53/O
                         net (fo=1, estimated)        0.414     3.908    u_dn/p_1_out__37__0_i_53_n_0
    SLICE_X86Y205        LUT5 (Prop_A6LUT_SLICEL_I0_O)
                                                      0.090     3.998 f  u_dn/p_1_out__37__0_i_13/O
                         net (fo=3, estimated)        1.839     5.837    dn_rdq_b[1811]
    SLR Crossing[0->1]   
    SLICE_X103Y310       FDRE                                         f  dn_rdq_n_reg[1811]/D
  -------------------------------------------------------------------    -------------------

                         (clock aclk rise edge)       4.000     4.000 r  
                                                      0.000     4.000 r  aclk (IN)
                         net (fo=71681, unset)        0.020     4.020    aclk
    SLICE_X103Y310       FDRE                                         r  dn_rdq_n_reg[1811]/C
                         clock pessimism              0.000     4.020    
                         inter-SLR compensation      -0.003     4.017    
                         clock uncertainty           -0.035     3.982    
    SLICE_X103Y310       FDRE (Setup_EFF2_SLICEL_C_D)
                                                      0.025     4.007    dn_rdq_n_reg[1811]
  -------------------------------------------------------------------
                         required time                          4.007    
                         arrival time                          -5.837    
  -------------------------------------------------------------------
                         slack                                 -1.830    

Slack (VIOLATED) :        -1.829ns  (required time - arrival time)
  Source:                 g_dn[0].mem_reg_uram_26/CLK
                            (rising edge-triggered cell URAM288 clocked by aclk  {rise@0.000ns fall@2.000ns period=4.000ns})
  Destination:            dn_rdq_n_reg[1879]/D
                            (rising edge-triggered cell FDRE clocked by aclk  {rise@0.000ns fall@2.000ns period=4.000ns})
  Path Group:             aclk
  Path Type:              Setup (Max at Slow Process Corner)
  Requirement:            4.000ns  (aclk rise@4.000ns - aclk rise@0.000ns)
  Data Path Delay:        5.753ns  (logic 1.416ns (24.613%)  route 4.337ns (75.387%))
  Logic Levels:           3  (LUT5=1 LUT6=1 MUXF7=1)
  Clock Path Skew:        -0.063ns (DCD - SCD + CPR)
    Destination Clock Delay (DCD):    0.020ns = ( 4.020 - 4.000 ) 
    Source Clock Delay      (SCD):    0.083ns
    Clock Pessimism Removal (CPR):    0.000ns
  Clock Uncertainty:      0.035ns  ((TSJ^2 + TIJ^2)^1/2 + DJ) / 2 + PE
    Total System Jitter     (TSJ):    0.071ns
    Total Input Jitter      (TIJ):    0.000ns
    Discrete Jitter          (DJ):    0.000ns
    Phase Error              (PE):    0.000ns
  Inter-SLR Compensation: 0.003ns  (DCD * PF)
    Destination Clock Delay (DCD):    0.020ns
    Prorating Factor         (PF):    0.150

    Location             Delay type                Incr(ns)  Path(ns)    Netlist Resource(s)
  -------------------------------------------------------------------    -------------------
                         (clock aclk rise edge)       0.000     0.000 r  
                                                      0.000     0.000 r  aclk (IN)
                         net (fo=71681, unset)        0.083     0.083    aclk
    URAM288_X0Y4         URAM288                                      r  g_dn[0].mem_reg_uram_26/CLK
  -------------------------------------------------------------------    -------------------
    URAM288_X0Y4         URAM288 (Prop_URAM_288K_INST_URAM288_CLK_DOUT_A[7])
                                                      1.272     1.355 r  g_dn[0].mem_reg_uram_26/DOUT_A[7]
                         net (fo=1, estimated)        2.071     3.426    u_dn/g_dn[0].dn_rdq_b_reg[0][1879]
    SLICE_X84Y139        LUT6 (Prop_D6LUT_SLICEM_I5_O)
                                                      0.037     3.463 r  u_dn/p_1_out__10__12_i_117/O
                         net (fo=1, routed)           0.025     3.488    u_dn/p_1_out__10__12_i_117_n_0
    SLICE_X84Y139        MUXF7 (Prop_F7MUX_CD_SLICEM_I0_O)
                                                      0.069     3.557 r  u_dn/p_1_out__10__12_i_43/O
                         net (fo=1, estimated)        0.171     3.728    u_dn/p_1_out__10__12_i_43_n_0
    SLICE_X84Y139        LUT5 (Prop_A6LUT_SLICEM_I4_O)
                                                      0.038     3.766 r  u_dn/p_1_out__10__12_i_9/O
                         net (fo=3, estimated)        2.070     5.836    dn_rdq_b[1879]
    SLR Crossing[0->1]   
    SLICE_X91Y303        FDRE                                         r  dn_rdq_n_reg[1879]/D
  -------------------------------------------------------------------    -------------------

                         (clock aclk rise edge)       4.000     4.000 r  
                                                      0.000     4.000 r  aclk (IN)
                         net (fo=71681, unset)        0.020     4.020    aclk
    SLICE_X91Y303        FDRE                                         r  dn_rdq_n_reg[1879]/C
                         clock pessimism              0.000     4.020    
                         inter-SLR compensation      -0.003     4.017    
                         clock uncertainty           -0.035     3.982    
    SLICE_X91Y303        FDRE (Setup_EFF_SLICEL_C_D)
                                                      0.025     4.007    dn_rdq_n_reg[1879]
  -------------------------------------------------------------------
                         required time                          4.007    
                         arrival time                          -5.836    
  -------------------------------------------------------------------
                         slack                                 -1.829    

Slack (VIOLATED) :        -1.829ns  (required time - arrival time)
  Source:                 g_dn[0].mem_reg_uram_26/CLK
                            (rising edge-triggered cell URAM288 clocked by aclk  {rise@0.000ns fall@2.000ns period=4.000ns})
  Destination:            dn_rdq_n_reg[1879]/D
                            (rising edge-triggered cell FDRE clocked by aclk  {rise@0.000ns fall@2.000ns period=4.000ns})
  Path Group:             aclk
  Path Type:              Setup (Max at Slow Process Corner)
  Requirement:            4.000ns  (aclk rise@4.000ns - aclk rise@0.000ns)
  Data Path Delay:        5.753ns  (logic 1.416ns (24.613%)  route 4.337ns (75.387%))
  Logic Levels:           3  (LUT5=1 LUT6=1 MUXF7=1)
  Clock Path Skew:        -0.063ns (DCD - SCD + CPR)
    Destination Clock Delay (DCD):    0.020ns = ( 4.020 - 4.000 ) 
    Source Clock Delay      (SCD):    0.083ns
    Clock Pessimism Removal (CPR):    0.000ns
  Clock Uncertainty:      0.035ns  ((TSJ^2 + TIJ^2)^1/2 + DJ) / 2 + PE
    Total System Jitter     (TSJ):    0.071ns
    Total Input Jitter      (TIJ):    0.000ns
    Discrete Jitter          (DJ):    0.000ns
    Phase Error              (PE):    0.000ns
  Inter-SLR Compensation: 0.003ns  (DCD * PF)
    Destination Clock Delay (DCD):    0.020ns
    Prorating Factor         (PF):    0.150

    Location             Delay type                Incr(ns)  Path(ns)    Netlist Resource(s)
  -------------------------------------------------------------------    -------------------
                         (clock aclk rise edge)       0.000     0.000 r  
                                                      0.000     0.000 r  aclk (IN)
                         net (fo=71681, unset)        0.083     0.083    aclk
    URAM288_X0Y4         URAM288                                      r  g_dn[0].mem_reg_uram_26/CLK
  -------------------------------------------------------------------    -------------------
    URAM288_X0Y4         URAM288 (Prop_URAM_288K_INST_URAM288_CLK_DOUT_A[7])
                                                      1.272     1.355 f  g_dn[0].mem_reg_uram_26/DOUT_A[7]
                         net (fo=1, estimated)        2.071     3.426    u_dn/g_dn[0].dn_rdq_b_reg[0][1879]
    SLICE_X84Y139        LUT6 (Prop_D6LUT_SLICEM_I5_O)
                                                      0.037     3.463 f  u_dn/p_1_out__10__12_i_117/O
                         net (fo=1, routed)           0.025     3.488    u_dn/p_1_out__10__12_i_117_n_0
    SLICE_X84Y139        MUXF7 (Prop_F7MUX_CD_SLICEM_I0_O)
                                                      0.069     3.557 f  u_dn/p_1_out__10__12_i_43/O
                         net (fo=1, estimated)        0.171     3.728    u_dn/p_1_out__10__12_i_43_n_0
    SLICE_X84Y139        LUT5 (Prop_A6LUT_SLICEM_I4_O)
                                                      0.038     3.766 f  u_dn/p_1_out__10__12_i_9/O
                         net (fo=3, estimated)        2.070     5.836    dn_rdq_b[1879]
    SLR Crossing[0->1]   
    SLICE_X91Y303        FDRE                                         f  dn_rdq_n_reg[1879]/D
  -------------------------------------------------------------------    -------------------

                         (clock aclk rise edge)       4.000     4.000 r  
                                                      0.000     4.000 r  aclk (IN)
                         net (fo=71681, unset)        0.020     4.020    aclk
    SLICE_X91Y303        FDRE                                         r  dn_rdq_n_reg[1879]/C
                         clock pessimism              0.000     4.020    
                         inter-SLR compensation      -0.003     4.017    
                         clock uncertainty           -0.035     3.982    
    SLICE_X91Y303        FDRE (Setup_EFF_SLICEL_C_D)
                                                      0.025     4.007    dn_rdq_n_reg[1879]
  -------------------------------------------------------------------
                         required time                          4.007    
                         arrival time                          -5.836    
  -------------------------------------------------------------------
                         slack                                 -1.829    




