Copyright 1986-2022 Xilinx, Inc. All Rights Reserved. Copyright 2022-2024 Advanced Micro Devices, Inc. All Rights Reserved.
---------------------------------------------------------------------------------------------------------------------------------------------
| Tool Version : Vivado v.2024.2 (lin64) Build 5239630 Fri Nov 08 22:34:34 MST 2024
| Date         : Tue Aug 25 20:22:28 2026
| Host         : snoke running 64-bit Ubuntu 24.04.4 LTS
| Command      : report_utilization -slr -file /home/cah/r2d2/code/fpga/fable5_llm/synth/out_exp_uram_v2wide/reports/util_placed_slr.rpt
| Design       : layer_chan
| Device       : xcvu9p-fsgd2104-2L-e
| Speed File   : -2L
| Design State : Fully Placed
---------------------------------------------------------------------------------------------------------------------------------------------

Utilization Design Information

Table of Contents
-----------------
1. SLR Connectivity
2. SLR Connectivity Matrix
3. SLR CLB Logic and Dedicated Block Utilization
4. SLR IO Utilization

1. SLR Connectivity
-------------------

+----------------------------------+------+-------+-----------+-------+
|                                  | Used | Fixed | Available | Util% |
+----------------------------------+------+-------+-----------+-------+
| SLR2 <-> SLR1                    |  884 |       |     17280 |  5.12 |
|   SLR1 -> SLR2                   |  782 |       |           |  4.53 |
|     Using TX_REG only            |    0 |     0 |           |       |
|     Using RX_REG only            |    0 |     0 |           |       |
|     Using Both TX_REG and RX_REG |    0 |     0 |           |       |
|   SLR2 -> SLR1                   |  102 |       |           |  0.59 |
|     Using TX_REG only            |    0 |     0 |           |       |
|     Using RX_REG only            |    0 |     0 |           |       |
|     Using Both TX_REG and RX_REG |    0 |     0 |           |       |
| SLR1 <-> SLR0                    | 3870 |       |     17280 | 22.40 |
|   SLR0 -> SLR1                   | 2623 |       |           | 15.18 |
|     Using TX_REG only            |    0 |     0 |           |       |
|     Using RX_REG only            |    0 |     0 |           |       |
|     Using Both TX_REG and RX_REG |    0 |     0 |           |       |
|   SLR1 -> SLR0                   | 1247 |       |           |  7.22 |
|     Using TX_REG only            |    0 |     0 |           |       |
|     Using RX_REG only            |    0 |     0 |           |       |
|     Using Both TX_REG and RX_REG |    0 |     0 |           |       |
+----------------------------------+------+-------+-----------+-------+
| Total SLLs Used                  | 4754 |       |           |       |
+----------------------------------+------+-------+-----------+-------+


2. SLR Connectivity Matrix
--------------------------

+-----------+------+------+------+
| FROM \ TO | SLR2 | SLR1 | SLR0 |
+-----------+------+------+------+
| SLR2      |    0 |  100 |    2 |
| SLR1      |  781 |    0 | 1245 |
| SLR0      |    1 | 2622 |    0 |
+-----------+------+------+------+


3. SLR CLB Logic and Dedicated Block Utilization
------------------------------------------------

+----------------------------+------+-------+-------+--------+--------+--------+
|          Site Type         | SLR0 |  SLR1 |  SLR2 | SLR0 % | SLR1 % | SLR2 % |
+----------------------------+------+-------+-------+--------+--------+--------+
| CLB                        | 3128 | 13060 |  8990 |   6.35 |  26.51 |  18.25 |
|   CLBL                     | 1691 |  6153 |  4287 |   6.87 |  25.01 |  17.43 |
|   CLBM                     | 1437 |  6907 |  4703 |   5.83 |  28.01 |  19.07 |
| CLB LUTs                   | 6978 | 53451 | 47516 |   1.77 |  13.56 |  12.06 |
|   LUT as Logic             | 6978 | 53099 | 47516 |   1.77 |  13.47 |  12.06 |
|     using O5 output only   |   41 |  2447 |   307 |   0.01 |   0.62 |   0.08 |
|     using O6 output only   | 6842 | 39649 | 42928 |   1.74 |  10.06 |  10.89 |
|     using O5 and O6        |   95 | 11003 |  4281 |   0.02 |   2.79 |   1.09 |
|   LUT as Memory            |    0 |   352 |     0 |   0.00 |   0.18 |   0.00 |
|     LUT as Distributed RAM |    0 |   334 |     0 |   0.00 |   0.17 |   0.00 |
|       using O6 output only |    0 |   280 |     0 |   0.00 |   0.14 |   0.00 |
|       using O5 and O6      |    0 |    54 |     0 |   0.00 |   0.03 |   0.00 |
|     LUT as Shift Register  |    0 |    18 |     0 |   0.00 |  <0.01 |   0.00 |
|       using O6 output only |    0 |     2 |     0 |   0.00 |  <0.01 |   0.00 |
|       using O5 and O6      |    0 |    16 |     0 |   0.00 |  <0.01 |   0.00 |
| CLB Registers              | 3028 | 20309 | 34651 |   0.38 |   2.58 |   4.40 |
| CARRY8                     |    0 |  4168 |  3646 |   0.00 |   8.46 |   7.40 |
| F7 Muxes                   | 2780 |  4103 |  3812 |   1.41 |   2.08 |   1.93 |
| F8 Muxes                   |    0 |   345 |   552 |   0.00 |   0.35 |   0.56 |
| F9 Muxes                   |    0 |     0 |     0 |   0.00 |   0.00 |   0.00 |
| Block RAM Tile             |  192 | 455.5 |    10 |  26.67 |  63.26 |   1.39 |
|   RAMB36/FIFO              |  192 |   441 |     8 |  26.67 |  61.25 |   1.11 |
|   RAMB18                   |    0 |    29 |     4 |   0.00 |   2.01 |   0.28 |
| URAM                       |  312 |   312 |   304 |  97.50 |  97.50 |  95.00 |
| DSPs                       |    0 |  1179 |   659 |   0.00 |  51.71 |  28.90 |
| Unique Control Sets        |    9 |   737 |   352 |  <0.01 |   0.75 |   0.36 |
+----------------------------+------+-------+-------+--------+--------+--------+
* Note: Available Control Sets based on CLB Registers / 8


4. SLR IO Utilization
---------------------

+-----------+-----------+---------+------------+----------+------------+----------+-----+
| SLR Index | Used IOBs | (%)IOBs | Used IPADs | (%)IPADs | Used OPADs | (%)OPADs | GTs |
+-----------+-----------+---------+------------+----------+------------+----------+-----+
| SLR2      |         0 |    0.00 |          0 |     0.00 |          0 |     0.00 |   0 |
| SLR1      |         0 |    0.00 |          0 |     0.00 |          0 |     0.00 |   0 |
| SLR0      |         0 |    0.00 |          0 |     0.00 |          0 |     0.00 |   0 |
+-----------+-----------+---------+------------+----------+------------+----------+-----+
| Total     |         0 |         |          0 |          |          0 |          |   0 |
+-----------+-----------+---------+------------+----------+------------+----------+-----+


