=== blat=0 seed=1 ===
T1 PASS: 4 channels, XWIN burst push -> doorbell -> RES burst read (rows 0..63 and 4032..4095)
T2 PASS: layer scratch window == the AXI-Lite SWIN window (both directions), w=16383 reachable
T3 PASS: 3 decode holes x {read,write} -> DECERR, all beats returned/consumed (n_dec=6)
T4 PASS: mvchan out-of-window (r/w/unmapped) and layer-while-busy answer SLVERR, with no side effects
T5 PASS: 1 / 16 / 256-beat bursts, INCR, 4 KiB-safe
T6 PASS: 4 x 64-beat reads in 284 cycles (1.11 cyc/beat, blat=0)
  fabric: 15 write bursts (682 beats), 24 read bursts (1202 beats), busy_wr 727 busy_rd 1313, decerr 6, non-OK responses 26
TB_BURST_FABRIC PASS: seed 1, blat 0, LAT param 4
=== blat=0 seed=2 ===
T1 PASS: 4 channels, XWIN burst push -> doorbell -> RES burst read (rows 0..63 and 4032..4095)
T2 PASS: layer scratch window == the AXI-Lite SWIN window (both directions), w=16383 reachable
T3 PASS: 3 decode holes x {read,write} -> DECERR, all beats returned/consumed (n_dec=6)
T4 PASS: mvchan out-of-window (r/w/unmapped) and layer-while-busy answer SLVERR, with no side effects
T5 PASS: 1 / 16 / 256-beat bursts, INCR, 4 KiB-safe
T6 PASS: 4 x 64-beat reads in 284 cycles (1.11 cyc/beat, blat=0)
  fabric: 15 write bursts (682 beats), 24 read bursts (1202 beats), busy_wr 727 busy_rd 1313, decerr 6, non-OK responses 26
TB_BURST_FABRIC PASS: seed 2, blat 0, LAT param 4
=== blat=0 seed=3 ===
T1 PASS: 4 channels, XWIN burst push -> doorbell -> RES burst read (rows 0..63 and 4032..4095)
T2 PASS: layer scratch window == the AXI-Lite SWIN window (both directions), w=16383 reachable
T3 PASS: 3 decode holes x {read,write} -> DECERR, all beats returned/consumed (n_dec=6)
T4 PASS: mvchan out-of-window (r/w/unmapped) and layer-while-busy answer SLVERR, with no side effects
T5 PASS: 1 / 16 / 256-beat bursts, INCR, 4 KiB-safe
T6 PASS: 4 x 64-beat reads in 284 cycles (1.11 cyc/beat, blat=0)
  fabric: 15 write bursts (682 beats), 24 read bursts (1202 beats), busy_wr 727 busy_rd 1313, decerr 6, non-OK responses 26
TB_BURST_FABRIC PASS: seed 3, blat 0, LAT param 4
=== blat=0 seed=4 ===
T1 PASS: 4 channels, XWIN burst push -> doorbell -> RES burst read (rows 0..63 and 4032..4095)
T2 PASS: layer scratch window == the AXI-Lite SWIN window (both directions), w=16383 reachable
T3 PASS: 3 decode holes x {read,write} -> DECERR, all beats returned/consumed (n_dec=6)
T4 PASS: mvchan out-of-window (r/w/unmapped) and layer-while-busy answer SLVERR, with no side effects
T5 PASS: 1 / 16 / 256-beat bursts, INCR, 4 KiB-safe
T6 PASS: 4 x 64-beat reads in 284 cycles (1.11 cyc/beat, blat=0)
  fabric: 15 write bursts (682 beats), 24 read bursts (1202 beats), busy_wr 727 busy_rd 1313, decerr 6, non-OK responses 26
TB_BURST_FABRIC PASS: seed 4, blat 0, LAT param 4
=== blat=4 seed=1 ===
T1 PASS: 4 channels, XWIN burst push -> doorbell -> RES burst read (rows 0..63 and 4032..4095)
T2 PASS: layer scratch window == the AXI-Lite SWIN window (both directions), w=16383 reachable
T3 PASS: 3 decode holes x {read,write} -> DECERR, all beats returned/consumed (n_dec=6)
T4 PASS: mvchan out-of-window (r/w/unmapped) and layer-while-busy answer SLVERR, with no side effects
T5 PASS: 1 / 16 / 256-beat bursts, INCR, 4 KiB-safe
T6 PASS: 4 x 64-beat reads in 316 cycles (1.23 cyc/beat, blat=4)
  fabric: 15 write bursts (682 beats), 24 read bursts (1202 beats), busy_wr 847 busy_rd 1505, decerr 6, non-OK responses 26
TB_BURST_FABRIC PASS: seed 1, blat 4, LAT param 4
=== blat=4 seed=2 ===
T1 PASS: 4 channels, XWIN burst push -> doorbell -> RES burst read (rows 0..63 and 4032..4095)
T2 PASS: layer scratch window == the AXI-Lite SWIN window (both directions), w=16383 reachable
T3 PASS: 3 decode holes x {read,write} -> DECERR, all beats returned/consumed (n_dec=6)
T4 PASS: mvchan out-of-window (r/w/unmapped) and layer-while-busy answer SLVERR, with no side effects
T5 PASS: 1 / 16 / 256-beat bursts, INCR, 4 KiB-safe
T6 PASS: 4 x 64-beat reads in 316 cycles (1.23 cyc/beat, blat=4)
  fabric: 15 write bursts (682 beats), 24 read bursts (1202 beats), busy_wr 847 busy_rd 1505, decerr 6, non-OK responses 26
TB_BURST_FABRIC PASS: seed 2, blat 4, LAT param 4
=== blat=4 seed=3 ===
T1 PASS: 4 channels, XWIN burst push -> doorbell -> RES burst read (rows 0..63 and 4032..4095)
T2 PASS: layer scratch window == the AXI-Lite SWIN window (both directions), w=16383 reachable
T3 PASS: 3 decode holes x {read,write} -> DECERR, all beats returned/consumed (n_dec=6)
T4 PASS: mvchan out-of-window (r/w/unmapped) and layer-while-busy answer SLVERR, with no side effects
T5 PASS: 1 / 16 / 256-beat bursts, INCR, 4 KiB-safe
T6 PASS: 4 x 64-beat reads in 316 cycles (1.23 cyc/beat, blat=4)
  fabric: 15 write bursts (682 beats), 24 read bursts (1202 beats), busy_wr 847 busy_rd 1505, decerr 6, non-OK responses 26
TB_BURST_FABRIC PASS: seed 3, blat 4, LAT param 4
=== blat=4 seed=4 ===
T1 PASS: 4 channels, XWIN burst push -> doorbell -> RES burst read (rows 0..63 and 4032..4095)
T2 PASS: layer scratch window == the AXI-Lite SWIN window (both directions), w=16383 reachable
T3 PASS: 3 decode holes x {read,write} -> DECERR, all beats returned/consumed (n_dec=6)
T4 PASS: mvchan out-of-window (r/w/unmapped) and layer-while-busy answer SLVERR, with no side effects
T5 PASS: 1 / 16 / 256-beat bursts, INCR, 4 KiB-safe
T6 PASS: 4 x 64-beat reads in 316 cycles (1.23 cyc/beat, blat=4)
  fabric: 15 write bursts (682 beats), 24 read bursts (1202 beats), busy_wr 847 busy_rd 1505, decerr 6, non-OK responses 26
TB_BURST_FABRIC PASS: seed 4, blat 4, LAT param 4
=== blat=8 seed=1 ===
T1 PASS: 4 channels, XWIN burst push -> doorbell -> RES burst read (rows 0..63 and 4032..4095)
T2 PASS: layer scratch window == the AXI-Lite SWIN window (both directions), w=16383 reachable
T3 PASS: 3 decode holes x {read,write} -> DECERR, all beats returned/consumed (n_dec=6)
T4 PASS: mvchan out-of-window (r/w/unmapped) and layer-while-busy answer SLVERR, with no side effects
T5 PASS: 1 / 16 / 256-beat bursts, INCR, 4 KiB-safe
T6 PASS: 4 x 64-beat reads in 348 cycles (1.36 cyc/beat, blat=8)
  fabric: 15 write bursts (682 beats), 24 read bursts (1202 beats), busy_wr 967 busy_rd 1697, decerr 6, non-OK responses 26
TB_BURST_FABRIC PASS: seed 1, blat 8, LAT param 4
=== blat=8 seed=2 ===
T1 PASS: 4 channels, XWIN burst push -> doorbell -> RES burst read (rows 0..63 and 4032..4095)
T2 PASS: layer scratch window == the AXI-Lite SWIN window (both directions), w=16383 reachable
T3 PASS: 3 decode holes x {read,write} -> DECERR, all beats returned/consumed (n_dec=6)
T4 PASS: mvchan out-of-window (r/w/unmapped) and layer-while-busy answer SLVERR, with no side effects
T5 PASS: 1 / 16 / 256-beat bursts, INCR, 4 KiB-safe
T6 PASS: 4 x 64-beat reads in 348 cycles (1.36 cyc/beat, blat=8)
  fabric: 15 write bursts (682 beats), 24 read bursts (1202 beats), busy_wr 967 busy_rd 1697, decerr 6, non-OK responses 26
TB_BURST_FABRIC PASS: seed 2, blat 8, LAT param 4
=== blat=8 seed=3 ===
T1 PASS: 4 channels, XWIN burst push -> doorbell -> RES burst read (rows 0..63 and 4032..4095)
T2 PASS: layer scratch window == the AXI-Lite SWIN window (both directions), w=16383 reachable
T3 PASS: 3 decode holes x {read,write} -> DECERR, all beats returned/consumed (n_dec=6)
T4 PASS: mvchan out-of-window (r/w/unmapped) and layer-while-busy answer SLVERR, with no side effects
T5 PASS: 1 / 16 / 256-beat bursts, INCR, 4 KiB-safe
T6 PASS: 4 x 64-beat reads in 348 cycles (1.36 cyc/beat, blat=8)
  fabric: 15 write bursts (682 beats), 24 read bursts (1202 beats), busy_wr 967 busy_rd 1697, decerr 6, non-OK responses 26
TB_BURST_FABRIC PASS: seed 3, blat 8, LAT param 4
=== blat=8 seed=4 ===
T1 PASS: 4 channels, XWIN burst push -> doorbell -> RES burst read (rows 0..63 and 4032..4095)
T2 PASS: layer scratch window == the AXI-Lite SWIN window (both directions), w=16383 reachable
T3 PASS: 3 decode holes x {read,write} -> DECERR, all beats returned/consumed (n_dec=6)
T4 PASS: mvchan out-of-window (r/w/unmapped) and layer-while-busy answer SLVERR, with no side effects
T5 PASS: 1 / 16 / 256-beat bursts, INCR, 4 KiB-safe
T6 PASS: 4 x 64-beat reads in 348 cycles (1.36 cyc/beat, blat=8)
  fabric: 15 write bursts (682 beats), 24 read bursts (1202 beats), busy_wr 967 busy_rd 1697, decerr 6, non-OK responses 26
TB_BURST_FABRIC PASS: seed 4, blat 8, LAT param 4
