verilator --binary --timing -j 4 -Wall -f /home/cah/r2d2/code/verilator_lib/verilator_lib.f /home/cah/r2d2/code/verilator_lib/verilator_xilinx.vlt \
  --Mdir obj_dir_tb_seq_chip -o tb_seq_chip -GNMV=1 \
  --top-module tb_seq_chip ../rtl/seq_unit.sv ../rtl/seq_movers.sv ../rtl/fx_pkg.sv ../rtl/fx_rsqrt.sv ../rtl/fx_recip.sv ../rtl/fx_silu.sv ../rtl/vecnorm_unit.sv ../rtl/rope_unit.sv ../rtl/conv4_silu.sv ../rtl/dn_step.sv ../rtl/attn_core.sv ../rtl/gate_unit.sv ../rtl/vec_alu.sv ../rtl/layer_chan.sv ../rtl/matvec_engine.sv ../rtl/ddr_rd_streamer.sv ../rtl/matvec_chan.sv seq_fabric_model.sv seq_burst_fabric.sv seq_mem_file.sv tb_seq_chip.sv
make[1]: Entering directory '/home/cah/r2d2/code/fpga/fable5_llm/tb/obj_dir_tb_seq_chip'
make[1]: Nothing to be done for 'default'.
make[1]: Leaving directory '/home/cah/r2d2/code/fpga/fable5_llm/tb/obj_dir_tb_seq_chip'
obj_dir_tb_seq_chip/tb_seq_chip +seq=scripts/w4/model_v2_s1.e +base=scripts/w4/model_v2_s1 \
  +watchdog_ms=600000
  mem region 0: 967920 B @ 000090000000   scripts/w4/model_v2_s1.e.seq
  mem region 1: 1007360 B @ 000080000000   scripts/w4/model_v2_s1.e.seqdata.bin
  mem region 2: 508559360 B @ 000060000000   scripts/w4/model_v2_s1.emb.bin
  mem region 0: 417546240 B @ 000010000000   scripts/w4/model_v2_s1.wimg.bin
tb_seq_chip: launch 0 [-] rec_off 0, 60495 records, 6 tokens, 7168 scratch words, NMV=1 LAT=4 DDRLAT=32 WLAT=40
  TOK[0] = 00231 (561) == golden OK
  TOK[1] = 0013a (314) == golden OK
  TOK[2] = 00117 (279) == golden OK
  TOK[3] = 00171 (369) == golden OK
  TOK[4] = 00117 (279) == golden OK
  TOK[5] = 0196f (6511) == golden OK
SEQ-CHIP scripts/w4/model_v2_s1.e launch 0 [-]: 60495 records, 94784512 cycles (1566.82 cyc/rec, 379.138 ms @250MHz, PERF_CYC 94784504)
LAUNCH 0 PASS: [-] pc 60494, tokens 6, tcnt 6, scratch 7168
  axil writes 104852
  axil reads  6510051
  burst: 30306 write bursts (7619520 beats), 21936 read bursts (5554560 beats), busy_wr 9225906 busy_rd 8074548, decerr 0 non-OK 0, BLAT=4
  fetch-empty stall cycles 48
  ddr beats 188933 (miss 0), weight beats 39134592 (miss 0)
  DUT held in reset 0 times after t=0 (rst_armed asserted before launch 0, never violated)
TB_SEQ_CHIP PASS: scripts/w4/model_v2_s1.e (launches 1, 94784512 cycles total, scratch 7168/launch, tokens 6, tcnt 6)
- tb_seq_chip.sv:873: Verilog $finish
