python3 ../ref/gen_matvec_vectors.py vec_s1 101 64 1024
vectors: seed=101 N=64 K=1024 NG=8 sh=5 beats=576
python3 ../ref/gen_matvec_vectors.py vec_s2 202 32 3584
vectors: seed=202 N=32 K=3584 NG=28 sh=7 beats=928
python3 ../ref/gen_matvec_vectors.py vec_s3 303 128 256
vectors: seed=303 N=128 K=256 NG=2 sh=3 beats=384
python3 ../ref/gen_matvec_vectors.py vec_s4 404 16 2048
vectors: seed=404 N=16 K=2048 NG=16 sh=6 beats=272
verilator --binary --timing -j 4 -Wall \
  --Mdir obj_dir_tb_matvec -o tb_matvec \
  --top-module tb_matvec \
  ../rtl/matvec_engine.sv tb_matvec.sv
make[1]: Entering directory '/home/cah/r2d2/code/fpga/fable5_llm/tb/obj_dir_tb_matvec'
make[1]: Nothing to be done for 'default'.
make[1]: Leaving directory '/home/cah/r2d2/code/fpga/fable5_llm/tb/obj_dir_tb_matvec'
obj_dir_tb_matvec/tb_matvec --seed 1 +vecdir=vec_s1
vectors: K=1024 NG=8 SH=5 NROWS=64 BPR=9
TB_MATVEC PASS: 64 rows bit-exact (K=1024)
- tb_matvec.sv:159: Verilog $finish
obj_dir_tb_matvec/tb_matvec --seed 2 +vecdir=vec_s2
vectors: K=3584 NG=28 SH=7 NROWS=32 BPR=29
TB_MATVEC PASS: 32 rows bit-exact (K=3584)
- tb_matvec.sv:159: Verilog $finish
obj_dir_tb_matvec/tb_matvec --seed 3 +vecdir=vec_s3
vectors: K=256 NG=2 SH=3 NROWS=128 BPR=3
TB_MATVEC PASS: 128 rows bit-exact (K=256)
- tb_matvec.sv:159: Verilog $finish
obj_dir_tb_matvec/tb_matvec --seed 4 +vecdir=vec_s4
vectors: K=2048 NG=16 SH=6 NROWS=16 BPR=17
TB_MATVEC PASS: 16 rows bit-exact (K=2048)
- tb_matvec.sv:159: Verilog $finish
