=== host: snoke
=== date: 2026-09-15T16:07:28-06:00
=== tree: 435623b+dirty
=== cmd:  bash evidence/qwen9b/bn/run_bn_timeline.sh tok9b_s1 control --cycles-ref 3893746
=== venv: /home/cah/.venv/bin/python (exists)
===       ref/.venv/bin/python (ABSENT)
===       uv: /home/cah/.local/bin/uv (exists)
=== cpu:  nproc=48 OMP_NUM_THREADS=unset MKL_NUM_THREADS=unset
=== env:  FABLE5_MODEL=9b FABLE5_DN_STATE=unset FABLE5_RS_F=unset
===       FABLE5_CALIB_STATS=unset FABLE5_CALIB_MODE=unset
=== rs_f: derived=7 (tag 9b) env=unset rider=0
=== ---
=== binary   /home/cah/r2d2/code/fpga/fable5_llm/tb/obj_dir_seq_chip_tl/tb_seq_chip_9b_tl
=== built    2026-09-15T15:44:07-06:00
=== stem     tok9b_s1   mode: control
=== watchdog 172800000 ms
=== stdout   /home/cah/r2d2/code/fpga/fable5_llm/evidence/qwen9b/bn/seedlogs_tok9b_s1_control/tok9b_s1.log
=== cycles-ref 3893746
=== wall     172s   rc=0
--- verdict lines
    tb_seq_chip: launch 0 [-] rec_off 0, 2108 records, 2 tokens, 36864 scratch words, NMV=4 WIMGPC=1 LAT=4 DDRLAT=32 WLAT=40
    SEQ-CHIP /home/cah/r2d2/code/fpga/fable5_llm/tb/scripts/w9/tok9b_s1.e4 launch 0 [-]: 2108 records, 3893746 cycles (1847.13 cyc/rec, 15.575 ms @250MHz, PERF_CYC 3893739)
    LAUNCH 0 PASS: [-] pc 2107, tokens 2, tcnt 8, scratch 36864, smem 10
      state: 55336 read beats, 36976 write beats, 0 unmapped
      burst: 2202 write bursts (522048 beats), 3360 read bursts (848000 beats), busy_wr 1042123 busy_rd 970232, decerr 0 non-OK 0, BLAT=4
      fetch-empty stall cycles 30
      ddr beats 10536 (miss 0), weight beats 7438464 total across 4 chan (miss 0) [ 1859616/1859616/1859616/1859616]
    TB_SEQ_CHIP PASS: /home/cah/r2d2/code/fpga/fable5_llm/tb/scripts/w9/tok9b_s1.e4 (launches 1, 3893746 cycles total, scratch 36864/launch, tokens 2, tcnt 8)
    CYCLES measured  3893746
    CYCLES IDENTICAL TO THE REFERENCE (3893746)
    CONTROL: no SEQ_TIMELINE block, as required
--- wall 172s
BN_TIMELINE tok9b_s1 control: PASS
=== rc: 0
=== end: 2026-09-15T16:10:20-06:00
