=== host: darthplagueis
=== date: 2026-09-03T22:19:31-06:00
=== tree: 93e52fe
=== cmd:  bash /tmp/g5_speccites.sh
=== venv: /home/cah/.venv/bin/python (ABSENT)
===       ref/.venv/bin/python (exists)
===       uv: /home/cah/.local/bin/uv (ABSENT)
=== cpu:  nproc=32 OMP_NUM_THREADS=unset MKL_NUM_THREADS=unset
=== env:  FABLE5_MODEL=unset FABLE5_DN_STATE=unset FABLE5_RS_F=unset
===       FABLE5_CALIB_STATS=unset FABLE5_CALIB_MODE=unset
=== ---
=== tree under test: 93e52fe CLEAN

=== spec_cites.py on the G5a gate doc (LAST, after its final edit) ===
checked: 38 exist, 12 range, 0 quote  |  pending 0  |  retired 0  |  noquote 0  |  FAIL 0
SPEC CITES: PASS

=== the checker's NEGATIVE CONTROL: it must FAIL on a deliberately bad cite ===
checked: 40 exist, 13 range, 0 quote  |  pending 0  |  retired 0  |  noquote 0  |  FAIL 3
  g5_negctl.md:499  EXIST  004_timing_path_props.log does not exist
  g5_negctl.md:512  RANGE  rtl/layer_chan.sv:999999 but file has 2311 lines
  g5_negctl.md:512  EXIST  rtl/no_such_file.sv does not exist
SPEC CITES: FAIL
=== rc: 0
=== end: 2026-09-03T22:19:33-06:00
