=== host: darthplagueis
=== date: 2026-09-03T23:00:55-06:00
=== tree: 221326c+dirty
=== cmd:  ssh snoke grep -E '^KVP' /home/cah/r2d2/code/fpga/fable5_llm/synth/out_g5_kvprobe/run.log
=== venv: /home/cah/.venv/bin/python (ABSENT)
===       ref/.venv/bin/python (exists)
===       uv: /home/cah/.local/bin/uv (ABSENT)
=== cpu:  nproc=32 OMP_NUM_THREADS=unset MKL_NUM_THREADS=unset
=== env:  FABLE5_MODEL=unset FABLE5_DN_STATE=unset FABLE5_RS_F=unset
===       FABLE5_CALIB_STATS=unset FABLE5_CALIB_MODE=unset
=== ---
KVP {*g_kv?0?.*} -> 31
KVP {*g_kv*} -> 248
KVP {kv_layer_r_reg*} -> 94
KVP {kvhead_r_reg*} -> 0
KVP {kv_we_reg*} -> 1
KVP {kv_waddr_reg*} -> 199
KVP {kv_wrow_reg*} -> 2051
KVP {kv_wexp_reg*} -> 6
KVP {at_kvdata_reg*} -> 0
KVP {at_kvexp_reg*} -> 16
KVP {kv_rdq_b*} -> 0
KVP {kvx_rdq_b*} -> 0
KVP {*kv_bsel*} -> 0
KVP {kv_ra_f*} -> 0
KVP {kv_wa_f*} -> 0
KVP_URAM: 232
KVP_WORST: -0.831  kv_layer_r_reg[0]/C -> g_kv[2].mem_reg_uram_22/BWE_B[3]
KVP_SRC kv_layer_r_reg[*]
KVP_SRC kv_layer_r_reg[2]_replica_1
KVP_SRC kv_we_reg
KVP_DONE
=== rc: 0
=== end: 2026-09-03T23:00:55-06:00
