=== host: darthplagueis
=== date: 2026-09-03T23:00:55-06:00
=== tree: 221326c+dirty
=== cmd:  ssh snoke for d in kvslr dngrpcr; do echo "=== $d ==="; grep -E '^CHK_' /home/cah/r2d2/code/fpga/fable5_llm/synth/out_g5_chk_$d/run.log; echo "CRITICAL WARNING 12-1433 count: $(grep -c 12-1433 /home/cah/r2d2/code/fpga/fable5_llm/synth/out_g5_chk_$d/run.log)"; echo; done
=== venv: /home/cah/.venv/bin/python (ABSENT)
===       ref/.venv/bin/python (exists)
===       uv: /home/cah/.local/bin/uv (ABSENT)
=== cpu:  nproc=32 OMP_NUM_THREADS=unset MKL_NUM_THREADS=unset
=== env:  FABLE5_MODEL=unset FABLE5_DN_STATE=unset FABLE5_RS_F=unset
===       FABLE5_CALIB_STATS=unset FABLE5_CALIB_MODE=unset
=== ---
=== kvslr ===
CHK_DCP: /home/cah/r2d2/code/fpga/fable5_llm/synth/out_ooc9b_layer_p2/post_synth.dcp
CHK_TOP: layer_chan
CHK_CELLS_TOTAL: 241103
CHK_URAM_TOTAL: 928
CHK_XDC: /home/cah/r2d2/code/fpga/fable5_llm/synth/constraints/fable5_floorplan_9b_kvslr.xdc
CHK_PBLOCK pb_dn_grp0     cells=10510   uram=232  range={CLOCKREGION_X0Y0:CLOCKREGION_X5Y4}
CHK_PBLOCK pb_dn_grp1_fanout cells=10270   uram=0    range={CLOCKREGION_X0Y5:CLOCKREGION_X5Y9}
CHK_PBLOCK pb_dn_grp1_slr0 cells=90      uram=87   range={CLOCKREGION_X0Y0:CLOCKREGION_X5Y4}
CHK_PBLOCK pb_dn_grp1_slr1 cells=90      uram=87   range={CLOCKREGION_X0Y5:CLOCKREGION_X5Y9}
CHK_PBLOCK pb_dn_grp1_slr2 cells=60      uram=58   range={CLOCKREGION_X0Y10:CLOCKREGION_X5Y14}
CHK_PBLOCK pb_dn_grp2     cells=10510   uram=232  range={CLOCKREGION_X0Y10:CLOCKREGION_X5Y14}
CHK_PBLOCK pb_kv          cells=2462    uram=232  range={CLOCKREGION_X0Y5:CLOCKREGION_X5Y9}
CHK_EMPTY_PBLOCKS: 0
CHK_DONE
CRITICAL WARNING 12-1433 count: 0

=== dngrpcr ===
CHK_DCP: /home/cah/r2d2/code/fpga/fable5_llm/synth/out_ooc9b_layer_p2/post_synth.dcp
CHK_TOP: layer_chan
CHK_CELLS_TOTAL: 241103
CHK_URAM_TOTAL: 928
CHK_XDC: /home/cah/r2d2/code/fpga/fable5_llm/synth/constraints/fable5_floorplan_9b_dngrpcr.xdc
CHK_PBLOCK pb_dn_fo0      cells=2078    uram=0    range={CLOCKREGION_X1Y2:CLOCKREGION_X4Y2}
CHK_PBLOCK pb_dn_fo1      cells=2078    uram=0    range={CLOCKREGION_X1Y7:CLOCKREGION_X4Y7}
CHK_PBLOCK pb_dn_fo2      cells=2078    uram=0    range={CLOCKREGION_X1Y12:CLOCKREGION_X4Y12}
CHK_PBLOCK pb_dn_grp0     cells=8432    uram=232  range={CLOCKREGION_X1Y0:CLOCKREGION_X4Y4}
CHK_PBLOCK pb_dn_grp1     cells=8432    uram=232  range={CLOCKREGION_X1Y5:CLOCKREGION_X4Y9}
CHK_PBLOCK pb_dn_grp2     cells=8432    uram=232  range={CLOCKREGION_X1Y10:CLOCKREGION_X4Y14}
CHK_EMPTY_PBLOCKS: 0
CHK_DONE
CRITICAL WARNING 12-1433 count: 0

=== rc: 0
=== end: 2026-09-03T23:00:55-06:00
