=== host: darthplagueis
=== date: 2026-09-04T00:16:33-06:00
=== tree: 221326c+dirty
=== cmd:  bash synth/exp_uram/scripts/collect_evidence.sh -d evidence/qwen9b/g5 g5_v1a g5_v1b g5_v2 g5_v2cr g5_v2alt g5_v3 g5_v4a g5_v4b g5_v5
=== venv: /home/cah/.venv/bin/python (ABSENT)
===       ref/.venv/bin/python (exists)
===       uv: /home/cah/.local/bin/uv (ABSENT)
=== cpu:  nproc=32 OMP_NUM_THREADS=unset MKL_NUM_THREADS=unset
=== env:  FABLE5_MODEL=unset FABLE5_DN_STATE=unset FABLE5_RS_F=unset
===       FABLE5_CALIB_STATS=unset FABLE5_CALIB_MODE=unset
=== ---
collect_evidence: out dirs = /home/cah/r2d2/code/fpga/fable5_llm/synth/out_exp_uram_<variant>, evidence = /home/cah/r2d2/code/fpga/fable5_llm/evidence/qwen9b/g5
=== g5_v1a ===
  g5_v1a_dn_bank_mux_paths.rpt 42416
  g5_v1a_dn_group_return_paths.rpt 41371
  g5_v1a_dn_write_fanout_paths.rpt 40381
  g5_v1a_family_run.log 1839
  g5_v1a_finish_run2.log 1396
  g5_v1a_finish_run.log 1108
  g5_v1a_kv_write_fanout_paths.rpt 75291
  g5_v1a_summary.log 2669
  g5_v1a_timing_summary_placed.rpt 16781
  g5_v1a_uram_slr_census.rpt 2149
  g5_v1a_util_placed.rpt 17861
  g5_v1a_util_placed_slr.rpt 6552
  g5_v1a_util_synth.rpt 12102
=== g5_v1b ===
  g5_v1b_dn_bank_mux_paths.rpt 42648
  g5_v1b_dn_group_return_paths.rpt 41253
  g5_v1b_dn_write_fanout_paths.rpt 40381
  g5_v1b_family_run.log 1856
  g5_v1b_finish_run2.log 1405
  g5_v1b_finish_run.log 1109
  g5_v1b_kv_write_fanout_paths.rpt 75871
  g5_v1b_summary.log 2698
  g5_v1b_timing_summary_placed.rpt 16723
  g5_v1b_uram_slr_census.rpt 2311
  g5_v1b_util_placed.rpt 17904
  g5_v1b_util_placed_slr.rpt 6552
  g5_v1b_util_synth.rpt 12102
=== g5_v2 ===
  g5_v2_dn_bank_mux_paths.rpt 42533
  g5_v2_dn_group_return_paths.rpt 42654
  g5_v2_dn_write_fanout_paths.rpt 42976
  g5_v2_family_run.log 1877
  g5_v2_finish_run2.log 1603
  g5_v2_finish_run.log 1300
  g5_v2_kv_write_fanout_paths.rpt 75694
  g5_v2_summary.log 3044
  g5_v2_timing_summary_placed.rpt 17009
  g5_v2_uram_slr_census.rpt 1753
  g5_v2_util_placed.rpt 17927
  g5_v2_util_placed_slr.rpt 6575
  g5_v2_util_synth.rpt 12101
=== g5_v2cr ===
  g5_v2cr_dn_bank_mux_paths.rpt 42553
  g5_v2cr_dn_group_return_paths.rpt 46738
  g5_v2cr_dn_write_fanout_paths.rpt 39482
  g5_v2cr_family_run.log 2031
  g5_v2cr_finish_run2.log 1822
  g5_v2cr_kv_write_fanout_paths.rpt 75678
  g5_v2cr_summary.log 3422
  g5_v2cr_timing_summary_placed.rpt 17579
  g5_v2cr_uram_slr_census.rpt 1634
  g5_v2cr_util_placed.rpt 17959
  g5_v2cr_util_placed_slr.rpt 6607
  g5_v2cr_util_synth.rpt 12103
=== g5_v2alt ===
  g5_v2alt_dn_bank_mux_paths.rpt 42494
  g5_v2alt_dn_group_return_paths.rpt 41611
  g5_v2alt_dn_write_fanout_paths.rpt 39587
  g5_v2alt_family_run.log 1844
  g5_v2alt_finish_run2.log 1655
  g5_v2alt_finish_run.log 1342
  g5_v2alt_kv_write_fanout_paths.rpt 76617
  g5_v2alt_summary.log 3111
  g5_v2alt_timing_summary_placed.rpt 17569
  g5_v2alt_uram_slr_census.rpt 1778
  g5_v2alt_util_placed.rpt 17930
  g5_v2alt_util_placed_slr.rpt 6578
  g5_v2alt_util_synth.rpt 12104
=== g5_v3 ===
  g5_v3_dn_bank_mux_paths.rpt 48229
  g5_v3_dn_group_return_paths.rpt 39372
  g5_v3_dn_write_fanout_paths.rpt 42658
  g5_v3_family_run.log 1973
  g5_v3_finish_run2.log 3267
  g5_v3_finish_run.log 2973
  g5_v3_kv_write_fanout_paths.rpt 75498
  g5_v3_summary.log 4715
  g5_v3_timing_summary_placed.rpt 17505
  g5_v3_uram_slr_census.rpt 7539
  g5_v3_util_placed.rpt 17983
  g5_v3_util_placed_slr.rpt 6635
  g5_v3_util_synth.rpt 12140
=== g5_v4a ===
  g5_v4a_dn_bank_mux_paths.rpt 42546
  g5_v4a_dn_group_return_paths.rpt 46695
  g5_v4a_dn_write_fanout_paths.rpt 42209
  g5_v4a_family_run.log 2028
  g5_v4a_finish_run2.log 1593
  g5_v4a_finish_run.log 1291
  g5_v4a_kv_write_fanout_paths.rpt 75691
  g5_v4a_summary.log 3036
  g5_v4a_timing_summary_placed.rpt 17356
  g5_v4a_uram_slr_census.rpt 1578
  g5_v4a_util_placed.rpt 17928
  g5_v4a_util_placed_slr.rpt 6576
  g5_v4a_util_synth.rpt 12102
=== g5_v4b ===
  g5_v4b_dn_bank_mux_paths.rpt 47748
  g5_v4b_dn_group_return_paths.rpt 41653
  g5_v4b_dn_write_fanout_paths.rpt 42131
  g5_v4b_family_run.log 1889
  g5_v4b_finish_run2.log 1717
  g5_v4b_finish_run.log 1405
  g5_v4b_kv_write_fanout_paths.rpt 86643
  g5_v4b_summary.log 3349
  g5_v4b_timing_summary_placed.rpt 18102
  g5_v4b_uram_slr_census.rpt 1682
  g5_v4b_util_placed.rpt 17928
  g5_v4b_util_placed_slr.rpt 6576
  g5_v4b_util_synth.rpt 12102
=== g5_v5 ===
  g5_v5_dn_bank_mux_paths.rpt 42471
  g5_v5_dn_group_return_paths.rpt 49302
  g5_v5_dn_write_fanout_paths.rpt 45558
  g5_v5_family_run.log 1870
  g5_v5_finish_run2.log 1928
  g5_v5_kv_write_fanout_paths.rpt 81008
  g5_v5_summary.log 3541
  g5_v5_timing_summary_placed.rpt 17836
  g5_v5_uram_slr_census.rpt 1873
  g5_v5_util_placed.rpt 17897
  g5_v5_util_placed_slr.rpt 6545
  g5_v5_util_synth.rpt 12101
=== rc: 0
=== end: 2026-09-04T00:16:37-06:00
