=== host: darthplagueis
=== date: 2026-09-04T03:20:46-06:00
=== tree: f210b78+dirty
=== cmd:  bash synth/exp_uram/scripts/collect_evidence.sh -d evidence/qwen9b/g5 g5_v6
=== venv: /home/cah/.venv/bin/python (ABSENT)
===       ref/.venv/bin/python (exists)
===       uv: /home/cah/.local/bin/uv (ABSENT)
=== cpu:  nproc=32 OMP_NUM_THREADS=unset MKL_NUM_THREADS=unset
=== env:  FABLE5_MODEL=unset FABLE5_DN_STATE=unset FABLE5_RS_F=unset
===       FABLE5_CALIB_STATS=unset FABLE5_CALIB_MODE=unset
=== ---
collect_evidence: out dirs = /home/cah/r2d2/code/fpga/fable5_llm/synth/out_exp_uram_<variant>, evidence = /home/cah/r2d2/code/fpga/fable5_llm/evidence/qwen9b/g5
=== g5_v6 ===
  g5_v6_dn_bank_mux_paths.rpt 42431
  g5_v6_dn_group_return_paths.rpt 46636
  g5_v6_dn_write_fanout_paths.rpt 39470
  g5_v6_family_run.log 2001
  g5_v6_finish_run2.log 1992
  g5_v6_kv_write_fanout_paths.rpt 75736
  g5_v6_summary.log 3599
  g5_v6_timing_summary_placed.rpt 17823
  g5_v6_uram_slr_census.rpt 1672
  g5_v6_util_placed.rpt 17957
  g5_v6_util_placed_slr.rpt 6605
  g5_v6_util_synth.rpt 12101
=== rc: 0
=== end: 2026-09-04T03:20:58-06:00
