=== host: snoke
=== date: 2026-09-06T00:34:20-06:00
=== tree: 7c447bc
=== cmd:  bash -c set +u; source /home/cah/r2d2/sc2data/tools/Vivado/2024.2/settings64.sh; set -u; mkdir -p /home/cah/r2d2/code/fpga/fable5_llm/synth/out_g5b_fpchk && cd /home/cah/r2d2/code/fpga/fable5_llm/synth/out_g5b_fpchk && vivado -mode batch -nojournal -log fpchk.log -source /home/cah/r2d2/code/fpga/fable5_llm/synth/scripts/floorplan_check.tcl -tclargs /home/cah/r2d2/code/fpga/fable5_llm/synth/out_build_040 /home/cah/r2d2/code/fpga/fable5_llm/synth/constraints/fable5_floorplan_9b_1slr_ctx.xdc
=== venv: /home/cah/.venv/bin/python (exists)
===       ref/.venv/bin/python (ABSENT)
===       uv: /home/cah/.local/bin/uv (exists)
=== cpu:  nproc=48 OMP_NUM_THREADS=unset MKL_NUM_THREADS=unset
=== env:  FABLE5_MODEL=unset FABLE5_DN_STATE=unset FABLE5_RS_F=unset
===       FABLE5_CALIB_STATS=unset FABLE5_CALIB_MODE=unset
=== ---

****** Vivado v2024.2 (64-bit)
  **** SW Build 5239630 on Fri Nov 08 22:34:34 MST 2024
  **** IP Build 5239520 on Sun Nov 10 16:12:51 MST 2024
  **** SharedData Build 5239561 on Fri Nov 08 14:39:27 MST 2024
  **** Start of session at: Sun Sep  6 00:34:22 2026
    ** Copyright 1986-2022 Xilinx, Inc. All Rights Reserved.
    ** Copyright 2022-2024 Advanced Micro Devices, Inc. All Rights Reserved.

source /home/cah/r2d2/code/fpga/fable5_llm/synth/scripts/floorplan_check.tcl
# if {[llength $argv] < 2} { puts "FATAL: need <roll_dir> <xdc>"; exit 1 }
# set D   [lindex $argv 0]
# set XDC [lindex $argv 1]
# set dcp $D/proj/stage1.runs/impl_1/bd_wrapper_postroute_physopt.dcp
# if {![file exists $dcp]} { set dcp $D/proj/stage1.runs/impl_1/bd_wrapper_routed.dcp }
# if {![file exists $dcp]} { puts "FATAL: no routed checkpoint under $D"; exit 1 }
# open_checkpoint $dcp
Command: open_checkpoint /home/cah/r2d2/code/fpga/fable5_llm/synth/out_build_040/proj/stage1.runs/impl_1/bd_wrapper_routed.dcp

Starting open_checkpoint Task

Time (s): cpu = 00:00:00.06 ; elapsed = 00:00:00.07 . Memory (MB): peak = 1381.371 ; gain = 0.000 ; free physical = 65484 ; free virtual = 360096
INFO: [Device 21-403] Loading part xcvu9p-fsgd2104-2L-e
Netlist sorting complete. Time (s): cpu = 00:00:08 ; elapsed = 00:00:08 . Memory (MB): peak = 3877.000 ; gain = 0.000 ; free physical = 57338 ; free virtual = 354836
INFO: [Netlist 29-17] Analyzing 31878 Unisim elements for replacement
INFO: [Netlist 29-28] Unisim Transformation completed in 26 CPU seconds
INFO: [Project 1-479] Netlist was created with Vivado 2024.2
INFO: [Project 1-570] Preparing netlist for logic optimization
WARNING: [Constraints 18-550] Could not create 'DRIVE' constraint because net 'bd_i/ddr4_0/inst/u_ddr4_mem_intfc/u_mig_ddr4_phy/cal_RESET_n[0]' is not directly connected to top level port. 'DRIVE' is ignored for synthesis but preserved for implementation.
WARNING: [Constraints 18-550] Could not create 'SLEW' constraint because net 'bd_i/ddr4_0/inst/u_ddr4_mem_intfc/u_mig_ddr4_phy/cal_RESET_n[0]' is not directly connected to top level port. 'SLEW' is ignored for synthesis but preserved for implementation.
WARNING: [Constraints 18-550] Could not create 'IBUF_LOW_PWR' constraint because net 'bd_i/ddr4_0/inst/u_ddr4_mem_intfc/u_mig_ddr4_phy/sys_clk_in' is not directly connected to top level port. 'IBUF_LOW_PWR' is ignored for synthesis but preserved for implementation.
WARNING: [Constraints 18-550] Could not create 'DRIVE' constraint because net 'bd_i/ddr4_1/inst/u_ddr4_mem_intfc/u_mig_ddr4_phy/cal_RESET_n[0]' is not directly connected to top level port. 'DRIVE' is ignored for synthesis but preserved for implementation.
WARNING: [Constraints 18-550] Could not create 'SLEW' constraint because net 'bd_i/ddr4_1/inst/u_ddr4_mem_intfc/u_mig_ddr4_phy/cal_RESET_n[0]' is not directly connected to top level port. 'SLEW' is ignored for synthesis but preserved for implementation.
WARNING: [Constraints 18-550] Could not create 'IBUF_LOW_PWR' constraint because net 'bd_i/ddr4_1/inst/u_ddr4_mem_intfc/u_mig_ddr4_phy/sys_clk_in' is not directly connected to top level port. 'IBUF_LOW_PWR' is ignored for synthesis but preserved for implementation.
WARNING: [Constraints 18-550] Could not create 'DRIVE' constraint because net 'bd_i/ddr4_2/inst/u_ddr4_mem_intfc/u_mig_ddr4_phy/cal_RESET_n[0]' is not directly connected to top level port. 'DRIVE' is ignored for synthesis but preserved for implementation.
WARNING: [Constraints 18-550] Could not create 'SLEW' constraint because net 'bd_i/ddr4_2/inst/u_ddr4_mem_intfc/u_mig_ddr4_phy/cal_RESET_n[0]' is not directly connected to top level port. 'SLEW' is ignored for synthesis but preserved for implementation.
WARNING: [Constraints 18-550] Could not create 'IBUF_LOW_PWR' constraint because net 'bd_i/ddr4_2/inst/u_ddr4_mem_intfc/u_mig_ddr4_phy/sys_clk_in' is not directly connected to top level port. 'IBUF_LOW_PWR' is ignored for synthesis but preserved for implementation.
WARNING: [Constraints 18-550] Could not create 'DRIVE' constraint because net 'bd_i/ddr4_3/inst/u_ddr4_mem_intfc/u_mig_ddr4_phy/cal_RESET_n[0]' is not directly connected to top level port. 'DRIVE' is ignored for synthesis but preserved for implementation.
WARNING: [Constraints 18-550] Could not create 'SLEW' constraint because net 'bd_i/ddr4_3/inst/u_ddr4_mem_intfc/u_mig_ddr4_phy/cal_RESET_n[0]' is not directly connected to top level port. 'SLEW' is ignored for synthesis but preserved for implementation.
WARNING: [Constraints 18-550] Could not create 'IBUF_LOW_PWR' constraint because net 'bd_i/ddr4_3/inst/u_ddr4_mem_intfc/u_mig_ddr4_phy/sys_clk_in' is not directly connected to top level port. 'IBUF_LOW_PWR' is ignored for synthesis but preserved for implementation.
Read ShapeDB Complete: Time (s): cpu = 00:00:02 ; elapsed = 00:00:02 . Memory (MB): peak = 5541.852 ; gain = 125.820 ; free physical = 52883 ; free virtual = 349613
INFO: [Timing 38-478] Restoring timing data from binary archive.
INFO: [Timing 38-479] Binary timing data restore complete.
INFO: [Project 1-856] Restoring constraints from binary archive.
INFO: [Constraints 18-5170] The checkpoint was created with non-default parameter values which do not match the current Vivado settings.  Mismatching parameters are:
  general.maxThreads
INFO: [Power 33-23] Power model is not available for xiphy_riu_or
INFO: [Power 33-23] Power model is not available for genVref.u_hpio_vref
INFO: [Project 1-853] Binary constraint restore complete.
INFO: [Designutils 20-5722] Start Reading Physical Databases.
Reading placement.
Read Netlist Cache: Time (s): cpu = 00:00:01 ; elapsed = 00:00:01 . Memory (MB): peak = 9722.887 ; gain = 0.000 ; free physical = 37865 ; free virtual = 334756
Reading placer database...
Read Device Cache: Time (s): cpu = 00:00:00.04 ; elapsed = 00:00:00.04 . Memory (MB): peak = 9722.887 ; gain = 0.000 ; free physical = 37857 ; free virtual = 334748
Read PlaceDB: Time (s): cpu = 00:00:37 ; elapsed = 00:00:38 . Memory (MB): peak = 10337.996 ; gain = 615.109 ; free physical = 35035 ; free virtual = 331926
Read PulsedLatchDB: Time (s): cpu = 00:00:00 ; elapsed = 00:00:00 . Memory (MB): peak = 10337.996 ; gain = 0.000 ; free physical = 35035 ; free virtual = 331926
Reading routing.
Read RouteStorage: Time (s): cpu = 00:00:21 ; elapsed = 00:00:07 . Memory (MB): peak = 10746.035 ; gain = 408.039 ; free physical = 34487 ; free virtual = 331378
Read Physdb Files: Time (s): cpu = 00:01:00 ; elapsed = 00:00:47 . Memory (MB): peak = 10746.035 ; gain = 1023.148 ; free physical = 34487 ; free virtual = 331378
Restored from archive | CPU: 63.790000 secs | Memory: 918.194687 MB |
Finished XDEF File Restore: Time (s): cpu = 00:01:01 ; elapsed = 00:00:48 . Memory (MB): peak = 10746.035 ; gain = 1023.148 ; free physical = 34436 ; free virtual = 331327
INFO: [IP_Flow 19-234] Refreshing IP repositories
INFO: [IP_Flow 19-1704] No user IP repositories specified
INFO: [IP_Flow 19-2313] Loaded Vivado IP repository '/home/cah/r2d2/sc2data/tools/Vivado/2024.2/data/ip'.
Netlist sorting complete. Time (s): cpu = 00:00:00.1 ; elapsed = 00:00:00.11 . Memory (MB): peak = 10746.035 ; gain = 0.000 ; free physical = 34351 ; free virtual = 331242
INFO: [Project 1-111] Unisim Transformation Summary:
  A total of 8343 instances were transformed.
  DSP48E1 => DSP48E2 (DSP_ALU, DSP_A_B_DATA, DSP_C_DATA, DSP_MULTIPLIER, DSP_M_DATA, DSP_OUTPUT, DSP_PREADD, DSP_PREADD_DATA): 12 instances
  DSP48E2 => DSP48E2 (DSP_ALU, DSP_A_B_DATA, DSP_C_DATA, DSP_MULTIPLIER, DSP_M_DATA, DSP_OUTPUT, DSP_PREADD, DSP_PREADD_DATA): 1846 instances
  IBUF => IBUF (IBUFCTRL, INBUF): 1 instance 
  IBUFDS => IBUFDS (DIFFINBUF, IBUFCTRL): 4 instances
  IOBUFDS => IOBUFDS (DIFFINBUF, IBUFCTRL, INV, OBUFT(x2)): 32 instances
  IOBUFE3 => IOBUFE3 (IBUFCTRL, INBUF, OBUFT_DCIEN): 288 instances
  LUT6_2 => LUT6_2 (LUT5, LUT6): 124 instances
  OBUFDS => OBUFDS_DUAL_BUF (INV, OBUF(x2)): 4 instances
  RAM16X1D => RAM32X1D (RAMD32(x2)): 40 instances
  RAM256X1D => RAM256X1D (MUXF7(x4), MUXF8(x2), RAMD64E(x8)): 512 instances
  RAM256X1S => RAM256X1S (MUXF7(x2), MUXF8, RAMS64E(x4)): 9 instances
  RAM32M => RAM32M (RAMD32(x6), RAMS32(x2)): 866 instances
  RAM32M16 => RAM32M16 (RAMD32(x14), RAMS32(x2)): 1978 instances
  RAM32X1D => RAM32X1D (RAMD32(x2)): 80 instances
  RAM64M => RAM64M (RAMD64E(x4)): 16 instances
  RAM64M8 => RAM64M8 (RAMD64E(x8)): 2515 instances
  RAM64X1D => RAM64X1D (RAMD64E(x2)): 16 instances

INFO: [Project 1-604] Checkpoint was created with Vivado v2024.2 (64-bit) build 5239630
WARNING: [Vivado 12-23575] Critical violations of the methodology design rules detected. Critical violations may contribute to timing failures or cause functional issues in hardware. Run report_methodology for more information.
open_checkpoint: Time (s): cpu = 00:10:56 ; elapsed = 00:06:05 . Memory (MB): peak = 10746.035 ; gain = 9364.664 ; free physical = 34323 ; free virtual = 331215
# puts "FPCHECK_XDC: $XDC"
FPCHECK_XDC: /home/cah/r2d2/code/fpga/fable5_llm/synth/constraints/fable5_floorplan_9b_1slr_ctx.xdc
# if {[catch {read_xdc -quiet $XDC} err]} { puts "FPCHECK_FATAL: read_xdc: $err"; exit 1 }
# puts "FPCHECK_XDC_READ_OK"
FPCHECK_XDC_READ_OK
# set pbs [get_pblocks -quiet]
# puts "FPCHECK_PBLOCK_COUNT: [llength $pbs]"
FPCHECK_PBLOCK_COUNT: 1
# if {[llength $pbs] == 0} { puts "FPCHECK_FATAL: no pblocks created"; exit 1 }
# foreach pb $pbs {
#     set ranges [get_property GRID_RANGES $pb]
#     # NB: get_cells -of_objects <pblock> returns the ASSIGNED cells, which for
#     # this floorplan are HIERARCHICAL (bd_i/mvchan_3, .../u_dn). Counting those
#     # reports "1" and censuses zero primitives. Expand to leaves first.
#     set assigned [get_cells -quiet -of_objects $pb]
#     set cells {}
#     foreach a $assigned {
#         if {[get_property PRIMITIVE_LEVEL $a] eq "LEAF"} {
#             lappend cells $a
#         } else {
#             set nm [get_property NAME $a]
#             set cells [concat $cells [get_cells -quiet -hier -filter "PRIMITIVE_LEVEL == LEAF && NAME =~ $nm/*"]]
#         }
#     }
#     puts "FPCHECK_ASSIGNED $pb top_cells=[llength $assigned] leaf_cells=[llength $cells]"
#     # required resources = primitive census of the assigned cells
#     array unset need; array set need {LUT 0 FF 0 DSP 0 RAMB36 0 RAMB18 0 URAM 0 LUTRAM 0}
#     foreach c $cells {
#         set r [get_property REF_NAME $c]
#         if {[regexp {^(LUT[1-6])$} $r]}                 { incr need(LUT) } \
#         elseif {[regexp {^(RAMD|RAMS|SRL)} $r]}         { incr need(LUTRAM) } \
#         elseif {[regexp {^(FD|LD)} $r]}                 { incr need(FF) } \
#         elseif {[regexp {^DSP} $r]}                     { incr need(DSP) } \
#         elseif {[regexp {^RAMB36} $r]}                  { incr need(RAMB36) } \
#         elseif {[regexp {^RAMB18} $r]}                  { incr need(RAMB18) } \
#         elseif {[regexp {^URAM} $r]}                    { incr need(URAM) }
#     }
#     # available resources in the pblock's region
#     set sites [get_sites -quiet -of_objects $pb]
#     array unset have; array set have {SLICE 0 DSP 0 RAMB36 0 URAM 0}
#     foreach s $sites {
#         set ty [get_property SITE_TYPE $s]
#         if {[string match "SLICE*" $ty]}        { incr have(SLICE) } \
#         elseif {[string match "DSP48E2" $ty]}   { incr have(DSP) } \
#         elseif {[string match "RAMB36*" $ty]}   { incr have(RAMB36) } \
#         elseif {[string match "URAM288" $ty]}   { incr have(URAM) }
#     }
#     # DSP/BRAM/URAM: count at ANY primitive level, not just LEAF. In a routed
#     # checkpoint a DSP48E2 is a MACRO whose leaves are DSP_ALU / DSP_MULTIPLIER
#     # / ... so a LEAF-only census reports DSP=0 — which is a *falsely
#     # reassuring* answer for the one resource the house rule says to check.
#     # (Observed: this script's first version reported u_dn DSP=0 against the
#     # 1,280 that report_utilization -hierarchical shows.)
#     set nm_list {}
#     foreach a $assigned { lappend nm_list [get_property NAME $a] }
#     set ndsp 0; set nbram 0; set nuram 0
#     foreach nm $nm_list {
#         incr ndsp  [llength [get_cells -quiet -hier -filter "NAME =~ $nm/* && REF_NAME =~ DSP48E2"]]
#         incr nbram [llength [get_cells -quiet -hier -filter "NAME =~ $nm/* && REF_NAME =~ RAMB*"]]
#         incr nuram [llength [get_cells -quiet -hier -filter "NAME =~ $nm/* && REF_NAME =~ URAM*"]]
#     }
# 
#     puts "FPCHECK_PBLOCK $pb"
#     puts "  ranges     : $ranges"
#     puts "  cells      : [llength $cells]"
#     puts "  need       : LUT=$need(LUT) LUTRAM=$need(LUTRAM) FF=$need(FF) RAMB18=$need(RAMB18)"
#     puts "  need(macro): DSP48E2=$ndsp RAMB*=$nbram URAM*=$nuram   <- authoritative for DSP/BRAM/URAM"
#     set need(DSP) $ndsp
#     set need(URAM) $nuram
#     puts "  region has : SLICE=$have(SLICE) DSP=$have(DSP) RAMB36=$have(RAMB36) URAM=$have(URAM)"
#     if {$have(DSP) > 0} {
#         puts [format "  DSP fit    : %d / %d = %.1f%" $need(DSP) $have(DSP) [expr {100.0*$need(DSP)/$have(DSP)}]]
#     }
#     if {$have(URAM) > 0 && $need(URAM) > 0} {
#         puts [format "  URAM fit   : %d / %d = %.1f%" $need(URAM) $have(URAM) [expr {100.0*$need(URAM)/$have(URAM)}]]
#     }
#     if {[llength $cells] == 0} { puts "  *** WARNING: pblock matches ZERO cells — it will measure nothing ***" }
# }
FPCHECK_ASSIGNED pb_layer_1slr top_cells=1 leaf_cells=202527
FPCHECK_PBLOCK pb_layer_1slr
  ranges     : CLOCKREGION_X0Y5:CLOCKREGION_X5Y9
  cells      : 202527
  need       : LUT=129439 LUTRAM=40 FF=61611 RAMB18=8
  need(macro): DSP48E2=1838 RAMB*=83 URAM*=182   <- authoritative for DSP/BRAM/URAM
  region has : SLICE=49260 DSP=2280 RAMB36=112 URAM=320
  DSP fit    : 1838 / 2280 = 80.6%
  URAM fit   : 182 / 320 = 56.9%
# puts "FPCHECK_OK"
FPCHECK_OK
INFO: [Common 17-206] Exiting Vivado at Sun Sep  6 00:40:54 2026...
=== rc: 0
=== end: 2026-09-06T00:41:06-06:00
