Copyright 1986-2022 Xilinx, Inc. All Rights Reserved. Copyright 2022-2024 Advanced Micro Devices, Inc. All Rights Reserved.
---------------------------------------------------------------------------------------------------------------------------------------------------------------------------------------------------------------------------------------------------------------------
| Tool Version : Vivado v.2024.2 (lin64) Build 5239630 Fri Nov 08 22:34:34 MST 2024
| Date         : Sun Sep  6 23:09:19 2026
| Host         : snoke running 64-bit Ubuntu 24.04.4 LTS
| Command      : report_design_analysis -of_timing_paths [get_timing_paths -quiet -max_paths 50 -nworst 1 -setup -group xdma_0_axi_aclk -slack_lesser_than 0 -sort_by slack] -logic_level_distribution -file evidence/qwen9b/g5/061_t14a_eto_xdma_0_axi_aclk_rda.rpt
| Design       : bd_wrapper
| Device       : xcvu9p
| Design State : Routed
---------------------------------------------------------------------------------------------------------------------------------------------------------------------------------------------------------------------------------------------------------------------

Report Design Analysis

Table of Contents
-----------------
1. Logic Level Distribution

1. Logic Level Distribution
---------------------------

+-----------------+-------------+---+---+---+----+---+----+----+
| End Point Clock | Requirement | 0 | 2 | 3 |  5 | 8 | 10 | 11 |
+-----------------+-------------+---+---+---+----+---+----+----+
| xdma_0_axi_aclk | 4.000ns     | 2 | 1 | 2 |  1 | 1 |  1 |  4 |
| xdma_0_axi_aclk | 8.000ns     | 0 | 0 | 0 | 38 | 0 |  0 |  0 |
+-----------------+-------------+---+---+---+----+---+----+----+
* Columns represent the logic levels per end point clock
** Distribution is for top worst 50 paths


Copyright 1986-2022 Xilinx, Inc. All Rights Reserved. Copyright 2022-2024 Advanced Micro Devices, Inc. All Rights Reserved.
-----------------------------------------------------------------------------------------------------------------------------------------------------------------------------------------------------------------------------------------------------------
| Tool Version : Vivado v.2024.2 (lin64) Build 5239630 Fri Nov 08 22:34:34 MST 2024
| Date         : Sun Sep  6 23:09:26 2026
| Host         : snoke running 64-bit Ubuntu 24.04.4 LTS
| Command      : report_design_analysis -of_timing_paths [get_timing_paths -quiet -max_paths 50 -nworst 1 -setup -group xdma_0_axi_aclk -slack_lesser_than 0 -sort_by slack] -timing -append -file evidence/qwen9b/g5/061_t14a_eto_xdma_0_axi_aclk_rda.rpt
| Design       : bd_wrapper
| Device       : xcvu9p
| Design State : Routed
-----------------------------------------------------------------------------------------------------------------------------------------------------------------------------------------------------------------------------------------------------------

Report Design Analysis

Table of Contents
-----------------
1. Path Characteristics 1-50

1. Path Characteristics 1-50
----------------------------

+----------+-------------+------------+-------------+------------+------------+--------+-------------------+--------------------+-------------------+--------------+--------+------------------------------------------------------------------------------------------------------------------------+-------------------+-----------------+-----------+-----------------------------+--------------+---------------+---------+-------------+------------+------------+---------------------------+--------------------------+-----------------------+----------------------------------------------+
|   Paths  | Requirement | Path Delay | Logic Delay |  Net Delay | Clock Skew |  Slack | Clock Uncertainty | Clock Relationship | Clock Delay Group | Logic Levels | Routes |                                                      Logical Path                                                      | Start Point Clock | End Point Clock | DSP Block |        RAM Registers        | IO Crossings | SLR Crossings | PBlocks | High Fanout | Dont Touch | Mark Debug | Start Point Pin Primitive |  End Point Pin Primitive |    Start Point Pin    |                 End Point Pin                |
+----------+-------------+------------+-------------+------------+------------+--------+-------------------+--------------------+-------------------+--------------+--------+------------------------------------------------------------------------------------------------------------------------+-------------------+-----------------+-----------+-----------------------------+--------------+---------------+---------+-------------+------------+------------+---------------------------+--------------------------+-----------------------+----------------------------------------------+
| Path #1  | 4.000       | 3.889      | 0.931(24%)  | 2.958(76%) | -0.125     | -0.122 | 0.046             | Partial False Path | -                 | 11           | 11     | FDRE/C-(2)-LUT4-(9)-LUT5-(4)-LUT3-(70)-LUT6-(1)-MUXF7-LUT6-(1)-CARRY8-(5)-LUT6-(2)-LUT6-(1)-LUT6-(1)-LUT6-(32)-FDRE/CE | xdma_0_axi_aclk   | xdma_0_axi_aclk | None      | None-None                   | 0            | 0             | 0       | 70          | 0          | 0          | FDRE/C                    | FDRE/CE                  | rec_reg[7]/C          | pc_reg[13]/CE                                |
| Path #2  | 4.000       | 3.889      | 0.931(24%)  | 2.958(76%) | -0.125     | -0.122 | 0.046             | Partial False Path | -                 | 11           | 11     | FDRE/C-(2)-LUT4-(9)-LUT5-(4)-LUT3-(70)-LUT6-(1)-MUXF7-LUT6-(1)-CARRY8-(5)-LUT6-(2)-LUT6-(1)-LUT6-(1)-LUT6-(32)-FDRE/CE | xdma_0_axi_aclk   | xdma_0_axi_aclk | None      | None-None                   | 0            | 0             | 0       | 70          | 0          | 0          | FDRE/C                    | FDRE/CE                  | rec_reg[7]/C          | pc_reg[2]/CE                                 |
| Path #3  | 4.000       | 4.006      | 0.865(22%)  | 3.141(78%) | -0.013     | -0.122 | 0.046             | Partial False Path | -                 | 8            | 8      | FDRE/C-(3)-LUT2-(1)-CARRY8-(2)-LUT6-(1)-LUT6-(8)-LUT2-(2)-LUT2-(830)-LUT3-(1)-LUT6-(8)-RAMD64E/I                       | xdma_0_axi_aclk   | xdma_0_axi_aclk | None      | None-None                   | 1            | 0             | 0       | 830         | 0          | 0          | FDRE/C                    | RAMD64E/I                | f_wp_reg[3]_rep__15/C | DP.D/I                                       |
| Path #4  | 4.000       | 4.180      | 0.476(12%)  | 3.704(88%) | 0.079      | -0.122 | 0.046             | Partial False Path | -                 | 5            | 2      | FDRE/C-(128)-LUT6-(1)-MUXF7-MUXF8-LUT6-(1)-MUXF7-FDRE/D                                                                | xdma_0_axi_aclk   | xdma_0_axi_aclk | None      | None-None                   | 0            | 0             | 0       | 128         | 0          | 0          | FDRE/C                    | FDRE/D                   | oi_reg[1]_rep__6/C    | o_sel_reg[6]/D                               |
| Path #5  | 4.000       | 4.158      | 0.276(7%)   | 3.882(93%) | 0.058      | -0.122 | 0.046             | Partial False Path | -                 | 3            | 2      | FDRE/C-(130)-MUXF7-(1)-MUXF8-LUT6-(1)-FDRE/D                                                                           | xdma_0_axi_aclk   | xdma_0_axi_aclk | None      | None-None                   | 1            | 0             | 0       | 130         | 0          | 0          | FDRE/C                    | FDRE/D                   | oi_reg[2]_rep__5/C    | o_g4_reg[2][2]/D                             |
| Path #6  | 4.000       | 4.098      | 0.318(8%)   | 3.780(92%) | 0.284      | -0.122 | 0.046             | Partial False Path | -                 | 2            | 3      | FDRE/C-(77)-RAMD64E-(16)-LUT3-(32)-DSP_A_B_DATA/B[5]                                                                   | xdma_0_axi_aclk   | xdma_0_axi_aclk | Seq       | None-None                   | 1            | 0             | 0       | 77          | 0          | 0          | FDRE/C                    | DSP_A_B_DATA/B[5]        | row_reg[0]/C          | DSP_A_B_DATA_INST/B[5]                       |
| Path #7  | 4.000       | 3.452      | 0.078(3%)   | 3.374(97%) | -0.375     | -0.121 | 0.046             | Partial False Path | -                 | 0            | 1      | FDRE/C-(30)-DSP_PREADD_DATA/DIN[3]                                                                                     | xdma_0_axi_aclk   | xdma_0_axi_aclk | Seq       | None-None                   | 0            | 0             | 0       | 30          | 0          | 0          | FDRE/C                    | DSP_PREADD_DATA/DIN[3]   | vdata_q_reg[3]/C      | DSP_PREADD_DATA_INST/DIN[3]                  |
| Path #8  | 4.000       | 3.903      | 0.078(2%)   | 3.825(98%) | -0.196     | -0.121 | 0.046             | Partial False Path | -                 | 0            | 1      | FDRE/C-(62)-FDRE/D                                                                                                     | xdma_0_axi_aclk   | xdma_0_axi_aclk | None      | None-None                   | 2            | 0             | 0       | 62          | 0          | 0          | FDRE/C                    | FDRE/D                   | dn_vdata_reg[7]/C     | vdata_q_reg[7]_rep__3_replica_5/D            |
| Path #9  | 4.000       | 3.712      | 0.441(12%)  | 3.271(88%) | 0.141      | -0.120 | 0.046             | Partial False Path | -                 | 3            | 4      | FDRE/C-(195)-LUT3-(20)-LUT4-(31)-URAM288-(1)-URAM288/CAS_IN_ADDR_A[1]                                                  | xdma_0_axi_aclk   | xdma_0_axi_aclk | None      | None-IREG_PRE(0)-REG_CAS(0) | 0            | 0             | 0       | 195         | 0          | 0          | FDRE/C                    | URAM288/CAS_IN_ADDR_A[1] | dma_kind_reg[1]_rep/C | g_kvslot[0].mem_reg_uram_37/CAS_IN_ADDR_A[1] |
| Path #10 | 4.000       | 3.884      | 0.931(24%)  | 2.953(76%) | -0.129     | -0.120 | 0.046             | Partial False Path | -                 | 11           | 11     | FDRE/C-(2)-LUT4-(9)-LUT5-(4)-LUT3-(70)-LUT6-(1)-MUXF7-LUT6-(1)-CARRY8-(5)-LUT6-(2)-LUT6-(1)-LUT6-(1)-LUT6-(32)-FDRE/CE | xdma_0_axi_aclk   | xdma_0_axi_aclk | None      | None-None                   | 0            | 0             | 0       | 70          | 0          | 0          | FDRE/C                    | FDRE/CE                  | rec_reg[7]/C          | pc_reg[0]/CE                                 |
| Path #11 | 4.000       | 3.884      | 0.931(24%)  | 2.953(76%) | -0.129     | -0.120 | 0.046             | Partial False Path | -                 | 11           | 11     | FDRE/C-(2)-LUT4-(9)-LUT5-(4)-LUT3-(70)-LUT6-(1)-MUXF7-LUT6-(1)-CARRY8-(5)-LUT6-(2)-LUT6-(1)-LUT6-(1)-LUT6-(32)-FDRE/CE | xdma_0_axi_aclk   | xdma_0_axi_aclk | None      | None-None                   | 0            | 0             | 0       | 70          | 0          | 0          | FDRE/C                    | FDRE/CE                  | rec_reg[7]/C          | pc_reg[21]/CE                                |
| Path #12 | 4.000       | 3.989      | 1.040(27%)  | 2.949(73%) | -0.109     | -0.120 | 0.046             | Partial False Path | -                 | 10           | 9      | FDRE/C-(32)-LUT5-(1)-CARRY8-(1)-CARRY8-LUT5-(1)-LUT6-(1)-LUT6-(7)-LUT3-(45)-LUT2-(34)-LUT4-(26)-LUT5-(1)-FDRE/D        | xdma_0_axi_aclk   | xdma_0_axi_aclk | None      | None-None                   | 0            | 0             | 0       | 45          | 0          | 0          | FDRE/C                    | FDRE/D                   | eq_reg[1]/C           | op_q_reg[0]_rep/D                            |
| Path #13 | 8.000       | 8.078      | 1.529(19%)  | 6.549(81%) | -0.011     | -0.120 | 0.046             | Partial False Path | -                 | 5            | 1      | FDRE/C-(96)-DSP_A_B_DATA-(1)-DSP_PREADD_DATA-DSP_MULTIPLIER-DSP_M_DATA-DSP_ALU-DSP_OUTPUT/ALU_OUT[10]                  | xdma_0_axi_aclk   | xdma_0_axi_aclk | Seq       | None-None                   | 2            | 0             | 0       | 96          | 0          | 0          | FDRE/C                    | DSP_OUTPUT/ALU_OUT[10]   | beta_r_reg[2][5]/C    | DSP_OUTPUT_INST/ALU_OUT[10]                  |
| Path #14 | 8.000       | 8.078      | 1.529(19%)  | 6.549(81%) | -0.011     | -0.120 | 0.046             | Partial False Path | -                 | 5            | 1      | FDRE/C-(96)-DSP_A_B_DATA-(1)-DSP_PREADD_DATA-DSP_MULTIPLIER-DSP_M_DATA-DSP_ALU-DSP_OUTPUT/ALU_OUT[11]                  | xdma_0_axi_aclk   | xdma_0_axi_aclk | Seq       | None-None                   | 2            | 0             | 0       | 96          | 0          | 0          | FDRE/C                    | DSP_OUTPUT/ALU_OUT[11]   | beta_r_reg[2][5]/C    | DSP_OUTPUT_INST/ALU_OUT[11]                  |
| Path #15 | 8.000       | 8.078      | 1.529(19%)  | 6.549(81%) | -0.011     | -0.120 | 0.046             | Partial False Path | -                 | 5            | 1      | FDRE/C-(96)-DSP_A_B_DATA-(1)-DSP_PREADD_DATA-DSP_MULTIPLIER-DSP_M_DATA-DSP_ALU-DSP_OUTPUT/ALU_OUT[12]                  | xdma_0_axi_aclk   | xdma_0_axi_aclk | Seq       | None-None                   | 2            | 0             | 0       | 96          | 0          | 0          | FDRE/C                    | DSP_OUTPUT/ALU_OUT[12]   | beta_r_reg[2][5]/C    | DSP_OUTPUT_INST/ALU_OUT[12]                  |
| Path #16 | 8.000       | 8.078      | 1.529(19%)  | 6.549(81%) | -0.011     | -0.120 | 0.046             | Partial False Path | -                 | 5            | 1      | FDRE/C-(96)-DSP_A_B_DATA-(1)-DSP_PREADD_DATA-DSP_MULTIPLIER-DSP_M_DATA-DSP_ALU-DSP_OUTPUT/ALU_OUT[13]                  | xdma_0_axi_aclk   | xdma_0_axi_aclk | Seq       | None-None                   | 2            | 0             | 0       | 96          | 0          | 0          | FDRE/C                    | DSP_OUTPUT/ALU_OUT[13]   | beta_r_reg[2][5]/C    | DSP_OUTPUT_INST/ALU_OUT[13]                  |
| Path #17 | 8.000       | 8.078      | 1.529(19%)  | 6.549(81%) | -0.011     | -0.120 | 0.046             | Partial False Path | -                 | 5            | 1      | FDRE/C-(96)-DSP_A_B_DATA-(1)-DSP_PREADD_DATA-DSP_MULTIPLIER-DSP_M_DATA-DSP_ALU-DSP_OUTPUT/ALU_OUT[14]                  | xdma_0_axi_aclk   | xdma_0_axi_aclk | Seq       | None-None                   | 2            | 0             | 0       | 96          | 0          | 0          | FDRE/C                    | DSP_OUTPUT/ALU_OUT[14]   | beta_r_reg[2][5]/C    | DSP_OUTPUT_INST/ALU_OUT[14]                  |
| Path #18 | 8.000       | 8.078      | 1.529(19%)  | 6.549(81%) | -0.011     | -0.120 | 0.046             | Partial False Path | -                 | 5            | 1      | FDRE/C-(96)-DSP_A_B_DATA-(1)-DSP_PREADD_DATA-DSP_MULTIPLIER-DSP_M_DATA-DSP_ALU-DSP_OUTPUT/ALU_OUT[15]                  | xdma_0_axi_aclk   | xdma_0_axi_aclk | Seq       | None-None                   | 2            | 0             | 0       | 96          | 0          | 0          | FDRE/C                    | DSP_OUTPUT/ALU_OUT[15]   | beta_r_reg[2][5]/C    | DSP_OUTPUT_INST/ALU_OUT[15]                  |
| Path #19 | 8.000       | 8.078      | 1.529(19%)  | 6.549(81%) | -0.011     | -0.120 | 0.046             | Partial False Path | -                 | 5            | 1      | FDRE/C-(96)-DSP_A_B_DATA-(1)-DSP_PREADD_DATA-DSP_MULTIPLIER-DSP_M_DATA-DSP_ALU-DSP_OUTPUT/ALU_OUT[16]                  | xdma_0_axi_aclk   | xdma_0_axi_aclk | Seq       | None-None                   | 2            | 0             | 0       | 96          | 0          | 0          | FDRE/C                    | DSP_OUTPUT/ALU_OUT[16]   | beta_r_reg[2][5]/C    | DSP_OUTPUT_INST/ALU_OUT[16]                  |
| Path #20 | 8.000       | 8.078      | 1.529(19%)  | 6.549(81%) | -0.011     | -0.120 | 0.046             | Partial False Path | -                 | 5            | 1      | FDRE/C-(96)-DSP_A_B_DATA-(1)-DSP_PREADD_DATA-DSP_MULTIPLIER-DSP_M_DATA-DSP_ALU-DSP_OUTPUT/ALU_OUT[17]                  | xdma_0_axi_aclk   | xdma_0_axi_aclk | Seq       | None-None                   | 2            | 0             | 0       | 96          | 0          | 0          | FDRE/C                    | DSP_OUTPUT/ALU_OUT[17]   | beta_r_reg[2][5]/C    | DSP_OUTPUT_INST/ALU_OUT[17]                  |
| Path #21 | 8.000       | 8.078      | 1.529(19%)  | 6.549(81%) | -0.011     | -0.120 | 0.046             | Partial False Path | -                 | 5            | 1      | FDRE/C-(96)-DSP_A_B_DATA-(1)-DSP_PREADD_DATA-DSP_MULTIPLIER-DSP_M_DATA-DSP_ALU-DSP_OUTPUT/ALU_OUT[18]                  | xdma_0_axi_aclk   | xdma_0_axi_aclk | Seq       | None-None                   | 2            | 0             | 0       | 96          | 0          | 0          | FDRE/C                    | DSP_OUTPUT/ALU_OUT[18]   | beta_r_reg[2][5]/C    | DSP_OUTPUT_INST/ALU_OUT[18]                  |
| Path #22 | 8.000       | 8.078      | 1.529(19%)  | 6.549(81%) | -0.011     | -0.120 | 0.046             | Partial False Path | -                 | 5            | 1      | FDRE/C-(96)-DSP_A_B_DATA-(1)-DSP_PREADD_DATA-DSP_MULTIPLIER-DSP_M_DATA-DSP_ALU-DSP_OUTPUT/ALU_OUT[19]                  | xdma_0_axi_aclk   | xdma_0_axi_aclk | Seq       | None-None                   | 2            | 0             | 0       | 96          | 0          | 0          | FDRE/C                    | DSP_OUTPUT/ALU_OUT[19]   | beta_r_reg[2][5]/C    | DSP_OUTPUT_INST/ALU_OUT[19]                  |
| Path #23 | 8.000       | 8.078      | 1.529(19%)  | 6.549(81%) | -0.011     | -0.120 | 0.046             | Partial False Path | -                 | 5            | 1      | FDRE/C-(96)-DSP_A_B_DATA-(1)-DSP_PREADD_DATA-DSP_MULTIPLIER-DSP_M_DATA-DSP_ALU-DSP_OUTPUT/ALU_OUT[20]                  | xdma_0_axi_aclk   | xdma_0_axi_aclk | Seq       | None-None                   | 2            | 0             | 0       | 96          | 0          | 0          | FDRE/C                    | DSP_OUTPUT/ALU_OUT[20]   | beta_r_reg[2][5]/C    | DSP_OUTPUT_INST/ALU_OUT[20]                  |
| Path #24 | 8.000       | 8.078      | 1.529(19%)  | 6.549(81%) | -0.011     | -0.120 | 0.046             | Partial False Path | -                 | 5            | 1      | FDRE/C-(96)-DSP_A_B_DATA-(1)-DSP_PREADD_DATA-DSP_MULTIPLIER-DSP_M_DATA-DSP_ALU-DSP_OUTPUT/ALU_OUT[21]                  | xdma_0_axi_aclk   | xdma_0_axi_aclk | Seq       | None-None                   | 2            | 0             | 0       | 96          | 0          | 0          | FDRE/C                    | DSP_OUTPUT/ALU_OUT[21]   | beta_r_reg[2][5]/C    | DSP_OUTPUT_INST/ALU_OUT[21]                  |
| Path #25 | 8.000       | 8.078      | 1.529(19%)  | 6.549(81%) | -0.011     | -0.120 | 0.046             | Partial False Path | -                 | 5            | 1      | FDRE/C-(96)-DSP_A_B_DATA-(1)-DSP_PREADD_DATA-DSP_MULTIPLIER-DSP_M_DATA-DSP_ALU-DSP_OUTPUT/ALU_OUT[22]                  | xdma_0_axi_aclk   | xdma_0_axi_aclk | Seq       | None-None                   | 2            | 0             | 0       | 96          | 0          | 0          | FDRE/C                    | DSP_OUTPUT/ALU_OUT[22]   | beta_r_reg[2][5]/C    | DSP_OUTPUT_INST/ALU_OUT[22]                  |
| Path #26 | 8.000       | 8.078      | 1.529(19%)  | 6.549(81%) | -0.011     | -0.120 | 0.046             | Partial False Path | -                 | 5            | 1      | FDRE/C-(96)-DSP_A_B_DATA-(1)-DSP_PREADD_DATA-DSP_MULTIPLIER-DSP_M_DATA-DSP_ALU-DSP_OUTPUT/ALU_OUT[23]                  | xdma_0_axi_aclk   | xdma_0_axi_aclk | Seq       | None-None                   | 2            | 0             | 0       | 96          | 0          | 0          | FDRE/C                    | DSP_OUTPUT/ALU_OUT[23]   | beta_r_reg[2][5]/C    | DSP_OUTPUT_INST/ALU_OUT[23]                  |
| Path #27 | 8.000       | 8.078      | 1.529(19%)  | 6.549(81%) | -0.011     | -0.120 | 0.046             | Partial False Path | -                 | 5            | 1      | FDRE/C-(96)-DSP_A_B_DATA-(1)-DSP_PREADD_DATA-DSP_MULTIPLIER-DSP_M_DATA-DSP_ALU-DSP_OUTPUT/ALU_OUT[24]                  | xdma_0_axi_aclk   | xdma_0_axi_aclk | Seq       | None-None                   | 2            | 0             | 0       | 96          | 0          | 0          | FDRE/C                    | DSP_OUTPUT/ALU_OUT[24]   | beta_r_reg[2][5]/C    | DSP_OUTPUT_INST/ALU_OUT[24]                  |
| Path #28 | 8.000       | 8.078      | 1.529(19%)  | 6.549(81%) | -0.011     | -0.120 | 0.046             | Partial False Path | -                 | 5            | 1      | FDRE/C-(96)-DSP_A_B_DATA-(1)-DSP_PREADD_DATA-DSP_MULTIPLIER-DSP_M_DATA-DSP_ALU-DSP_OUTPUT/ALU_OUT[25]                  | xdma_0_axi_aclk   | xdma_0_axi_aclk | Seq       | None-None                   | 2            | 0             | 0       | 96          | 0          | 0          | FDRE/C                    | DSP_OUTPUT/ALU_OUT[25]   | beta_r_reg[2][5]/C    | DSP_OUTPUT_INST/ALU_OUT[25]                  |
| Path #29 | 8.000       | 8.078      | 1.529(19%)  | 6.549(81%) | -0.011     | -0.120 | 0.046             | Partial False Path | -                 | 5            | 1      | FDRE/C-(96)-DSP_A_B_DATA-(1)-DSP_PREADD_DATA-DSP_MULTIPLIER-DSP_M_DATA-DSP_ALU-DSP_OUTPUT/ALU_OUT[26]                  | xdma_0_axi_aclk   | xdma_0_axi_aclk | Seq       | None-None                   | 2            | 0             | 0       | 96          | 0          | 0          | FDRE/C                    | DSP_OUTPUT/ALU_OUT[26]   | beta_r_reg[2][5]/C    | DSP_OUTPUT_INST/ALU_OUT[26]                  |
| Path #30 | 8.000       | 8.078      | 1.529(19%)  | 6.549(81%) | -0.011     | -0.120 | 0.046             | Partial False Path | -                 | 5            | 1      | FDRE/C-(96)-DSP_A_B_DATA-(1)-DSP_PREADD_DATA-DSP_MULTIPLIER-DSP_M_DATA-DSP_ALU-DSP_OUTPUT/ALU_OUT[27]                  | xdma_0_axi_aclk   | xdma_0_axi_aclk | Seq       | None-None                   | 2            | 0             | 0       | 96          | 0          | 0          | FDRE/C                    | DSP_OUTPUT/ALU_OUT[27]   | beta_r_reg[2][5]/C    | DSP_OUTPUT_INST/ALU_OUT[27]                  |
| Path #31 | 8.000       | 8.078      | 1.529(19%)  | 6.549(81%) | -0.011     | -0.120 | 0.046             | Partial False Path | -                 | 5            | 1      | FDRE/C-(96)-DSP_A_B_DATA-(1)-DSP_PREADD_DATA-DSP_MULTIPLIER-DSP_M_DATA-DSP_ALU-DSP_OUTPUT/ALU_OUT[28]                  | xdma_0_axi_aclk   | xdma_0_axi_aclk | Seq       | None-None                   | 2            | 0             | 0       | 96          | 0          | 0          | FDRE/C                    | DSP_OUTPUT/ALU_OUT[28]   | beta_r_reg[2][5]/C    | DSP_OUTPUT_INST/ALU_OUT[28]                  |
| Path #32 | 8.000       | 8.078      | 1.529(19%)  | 6.549(81%) | -0.011     | -0.120 | 0.046             | Partial False Path | -                 | 5            | 1      | FDRE/C-(96)-DSP_A_B_DATA-(1)-DSP_PREADD_DATA-DSP_MULTIPLIER-DSP_M_DATA-DSP_ALU-DSP_OUTPUT/ALU_OUT[29]                  | xdma_0_axi_aclk   | xdma_0_axi_aclk | Seq       | None-None                   | 2            | 0             | 0       | 96          | 0          | 0          | FDRE/C                    | DSP_OUTPUT/ALU_OUT[29]   | beta_r_reg[2][5]/C    | DSP_OUTPUT_INST/ALU_OUT[29]                  |
| Path #33 | 8.000       | 8.078      | 1.529(19%)  | 6.549(81%) | -0.011     | -0.120 | 0.046             | Partial False Path | -                 | 5            | 1      | FDRE/C-(96)-DSP_A_B_DATA-(1)-DSP_PREADD_DATA-DSP_MULTIPLIER-DSP_M_DATA-DSP_ALU-DSP_OUTPUT/ALU_OUT[30]                  | xdma_0_axi_aclk   | xdma_0_axi_aclk | Seq       | None-None                   | 2            | 0             | 0       | 96          | 0          | 0          | FDRE/C                    | DSP_OUTPUT/ALU_OUT[30]   | beta_r_reg[2][5]/C    | DSP_OUTPUT_INST/ALU_OUT[30]                  |
| Path #34 | 8.000       | 8.078      | 1.529(19%)  | 6.549(81%) | -0.011     | -0.120 | 0.046             | Partial False Path | -                 | 5            | 1      | FDRE/C-(96)-DSP_A_B_DATA-(1)-DSP_PREADD_DATA-DSP_MULTIPLIER-DSP_M_DATA-DSP_ALU-DSP_OUTPUT/ALU_OUT[31]                  | xdma_0_axi_aclk   | xdma_0_axi_aclk | Seq       | None-None                   | 2            | 0             | 0       | 96          | 0          | 0          | FDRE/C                    | DSP_OUTPUT/ALU_OUT[31]   | beta_r_reg[2][5]/C    | DSP_OUTPUT_INST/ALU_OUT[31]                  |
| Path #35 | 8.000       | 8.078      | 1.529(19%)  | 6.549(81%) | -0.011     | -0.120 | 0.046             | Partial False Path | -                 | 5            | 1      | FDRE/C-(96)-DSP_A_B_DATA-(1)-DSP_PREADD_DATA-DSP_MULTIPLIER-DSP_M_DATA-DSP_ALU-DSP_OUTPUT/ALU_OUT[32]                  | xdma_0_axi_aclk   | xdma_0_axi_aclk | Seq       | None-None                   | 2            | 0             | 0       | 96          | 0          | 0          | FDRE/C                    | DSP_OUTPUT/ALU_OUT[32]   | beta_r_reg[2][5]/C    | DSP_OUTPUT_INST/ALU_OUT[32]                  |
| Path #36 | 8.000       | 8.078      | 1.529(19%)  | 6.549(81%) | -0.011     | -0.120 | 0.046             | Partial False Path | -                 | 5            | 1      | FDRE/C-(96)-DSP_A_B_DATA-(1)-DSP_PREADD_DATA-DSP_MULTIPLIER-DSP_M_DATA-DSP_ALU-DSP_OUTPUT/ALU_OUT[33]                  | xdma_0_axi_aclk   | xdma_0_axi_aclk | Seq       | None-None                   | 2            | 0             | 0       | 96          | 0          | 0          | FDRE/C                    | DSP_OUTPUT/ALU_OUT[33]   | beta_r_reg[2][5]/C    | DSP_OUTPUT_INST/ALU_OUT[33]                  |
| Path #37 | 8.000       | 8.078      | 1.529(19%)  | 6.549(81%) | -0.011     | -0.120 | 0.046             | Partial False Path | -                 | 5            | 1      | FDRE/C-(96)-DSP_A_B_DATA-(1)-DSP_PREADD_DATA-DSP_MULTIPLIER-DSP_M_DATA-DSP_ALU-DSP_OUTPUT/ALU_OUT[34]                  | xdma_0_axi_aclk   | xdma_0_axi_aclk | Seq       | None-None                   | 2            | 0             | 0       | 96          | 0          | 0          | FDRE/C                    | DSP_OUTPUT/ALU_OUT[34]   | beta_r_reg[2][5]/C    | DSP_OUTPUT_INST/ALU_OUT[34]                  |
| Path #38 | 8.000       | 8.078      | 1.529(19%)  | 6.549(81%) | -0.011     | -0.120 | 0.046             | Partial False Path | -                 | 5            | 1      | FDRE/C-(96)-DSP_A_B_DATA-(1)-DSP_PREADD_DATA-DSP_MULTIPLIER-DSP_M_DATA-DSP_ALU-DSP_OUTPUT/ALU_OUT[35]                  | xdma_0_axi_aclk   | xdma_0_axi_aclk | Seq       | None-None                   | 2            | 0             | 0       | 96          | 0          | 0          | FDRE/C                    | DSP_OUTPUT/ALU_OUT[35]   | beta_r_reg[2][5]/C    | DSP_OUTPUT_INST/ALU_OUT[35]                  |
| Path #39 | 8.000       | 8.078      | 1.529(19%)  | 6.549(81%) | -0.011     | -0.120 | 0.046             | Partial False Path | -                 | 5            | 1      | FDRE/C-(96)-DSP_A_B_DATA-(1)-DSP_PREADD_DATA-DSP_MULTIPLIER-DSP_M_DATA-DSP_ALU-DSP_OUTPUT/ALU_OUT[36]                  | xdma_0_axi_aclk   | xdma_0_axi_aclk | Seq       | None-None                   | 2            | 0             | 0       | 96          | 0          | 0          | FDRE/C                    | DSP_OUTPUT/ALU_OUT[36]   | beta_r_reg[2][5]/C    | DSP_OUTPUT_INST/ALU_OUT[36]                  |
| Path #40 | 8.000       | 8.078      | 1.529(19%)  | 6.549(81%) | -0.011     | -0.120 | 0.046             | Partial False Path | -                 | 5            | 1      | FDRE/C-(96)-DSP_A_B_DATA-(1)-DSP_PREADD_DATA-DSP_MULTIPLIER-DSP_M_DATA-DSP_ALU-DSP_OUTPUT/ALU_OUT[37]                  | xdma_0_axi_aclk   | xdma_0_axi_aclk | Seq       | None-None                   | 2            | 0             | 0       | 96          | 0          | 0          | FDRE/C                    | DSP_OUTPUT/ALU_OUT[37]   | beta_r_reg[2][5]/C    | DSP_OUTPUT_INST/ALU_OUT[37]                  |
| Path #41 | 8.000       | 8.078      | 1.529(19%)  | 6.549(81%) | -0.011     | -0.120 | 0.046             | Partial False Path | -                 | 5            | 1      | FDRE/C-(96)-DSP_A_B_DATA-(1)-DSP_PREADD_DATA-DSP_MULTIPLIER-DSP_M_DATA-DSP_ALU-DSP_OUTPUT/ALU_OUT[38]                  | xdma_0_axi_aclk   | xdma_0_axi_aclk | Seq       | None-None                   | 2            | 0             | 0       | 96          | 0          | 0          | FDRE/C                    | DSP_OUTPUT/ALU_OUT[38]   | beta_r_reg[2][5]/C    | DSP_OUTPUT_INST/ALU_OUT[38]                  |
| Path #42 | 8.000       | 8.078      | 1.529(19%)  | 6.549(81%) | -0.011     | -0.120 | 0.046             | Partial False Path | -                 | 5            | 1      | FDRE/C-(96)-DSP_A_B_DATA-(1)-DSP_PREADD_DATA-DSP_MULTIPLIER-DSP_M_DATA-DSP_ALU-DSP_OUTPUT/ALU_OUT[39]                  | xdma_0_axi_aclk   | xdma_0_axi_aclk | Seq       | None-None                   | 2            | 0             | 0       | 96          | 0          | 0          | FDRE/C                    | DSP_OUTPUT/ALU_OUT[39]   | beta_r_reg[2][5]/C    | DSP_OUTPUT_INST/ALU_OUT[39]                  |
| Path #43 | 8.000       | 8.078      | 1.529(19%)  | 6.549(81%) | -0.011     | -0.120 | 0.046             | Partial False Path | -                 | 5            | 1      | FDRE/C-(96)-DSP_A_B_DATA-(1)-DSP_PREADD_DATA-DSP_MULTIPLIER-DSP_M_DATA-DSP_ALU-DSP_OUTPUT/ALU_OUT[40]                  | xdma_0_axi_aclk   | xdma_0_axi_aclk | Seq       | None-None                   | 2            | 0             | 0       | 96          | 0          | 0          | FDRE/C                    | DSP_OUTPUT/ALU_OUT[40]   | beta_r_reg[2][5]/C    | DSP_OUTPUT_INST/ALU_OUT[40]                  |
| Path #44 | 8.000       | 8.078      | 1.529(19%)  | 6.549(81%) | -0.011     | -0.120 | 0.046             | Partial False Path | -                 | 5            | 1      | FDRE/C-(96)-DSP_A_B_DATA-(1)-DSP_PREADD_DATA-DSP_MULTIPLIER-DSP_M_DATA-DSP_ALU-DSP_OUTPUT/ALU_OUT[41]                  | xdma_0_axi_aclk   | xdma_0_axi_aclk | Seq       | None-None                   | 2            | 0             | 0       | 96          | 0          | 0          | FDRE/C                    | DSP_OUTPUT/ALU_OUT[41]   | beta_r_reg[2][5]/C    | DSP_OUTPUT_INST/ALU_OUT[41]                  |
| Path #45 | 8.000       | 8.078      | 1.529(19%)  | 6.549(81%) | -0.011     | -0.120 | 0.046             | Partial False Path | -                 | 5            | 1      | FDRE/C-(96)-DSP_A_B_DATA-(1)-DSP_PREADD_DATA-DSP_MULTIPLIER-DSP_M_DATA-DSP_ALU-DSP_OUTPUT/ALU_OUT[42]                  | xdma_0_axi_aclk   | xdma_0_axi_aclk | Seq       | None-None                   | 2            | 0             | 0       | 96          | 0          | 0          | FDRE/C                    | DSP_OUTPUT/ALU_OUT[42]   | beta_r_reg[2][5]/C    | DSP_OUTPUT_INST/ALU_OUT[42]                  |
| Path #46 | 8.000       | 8.078      | 1.529(19%)  | 6.549(81%) | -0.011     | -0.120 | 0.046             | Partial False Path | -                 | 5            | 1      | FDRE/C-(96)-DSP_A_B_DATA-(1)-DSP_PREADD_DATA-DSP_MULTIPLIER-DSP_M_DATA-DSP_ALU-DSP_OUTPUT/ALU_OUT[43]                  | xdma_0_axi_aclk   | xdma_0_axi_aclk | Seq       | None-None                   | 2            | 0             | 0       | 96          | 0          | 0          | FDRE/C                    | DSP_OUTPUT/ALU_OUT[43]   | beta_r_reg[2][5]/C    | DSP_OUTPUT_INST/ALU_OUT[43]                  |
| Path #47 | 8.000       | 8.078      | 1.529(19%)  | 6.549(81%) | -0.011     | -0.120 | 0.046             | Partial False Path | -                 | 5            | 1      | FDRE/C-(96)-DSP_A_B_DATA-(1)-DSP_PREADD_DATA-DSP_MULTIPLIER-DSP_M_DATA-DSP_ALU-DSP_OUTPUT/ALU_OUT[44]                  | xdma_0_axi_aclk   | xdma_0_axi_aclk | Seq       | None-None                   | 2            | 0             | 0       | 96          | 0          | 0          | FDRE/C                    | DSP_OUTPUT/ALU_OUT[44]   | beta_r_reg[2][5]/C    | DSP_OUTPUT_INST/ALU_OUT[44]                  |
| Path #48 | 8.000       | 8.078      | 1.529(19%)  | 6.549(81%) | -0.011     | -0.120 | 0.046             | Partial False Path | -                 | 5            | 1      | FDRE/C-(96)-DSP_A_B_DATA-(1)-DSP_PREADD_DATA-DSP_MULTIPLIER-DSP_M_DATA-DSP_ALU-DSP_OUTPUT/ALU_OUT[45]                  | xdma_0_axi_aclk   | xdma_0_axi_aclk | Seq       | None-None                   | 2            | 0             | 0       | 96          | 0          | 0          | FDRE/C                    | DSP_OUTPUT/ALU_OUT[45]   | beta_r_reg[2][5]/C    | DSP_OUTPUT_INST/ALU_OUT[45]                  |
| Path #49 | 8.000       | 8.078      | 1.529(19%)  | 6.549(81%) | -0.011     | -0.120 | 0.046             | Partial False Path | -                 | 5            | 1      | FDRE/C-(96)-DSP_A_B_DATA-(1)-DSP_PREADD_DATA-DSP_MULTIPLIER-DSP_M_DATA-DSP_ALU-DSP_OUTPUT/ALU_OUT[46]                  | xdma_0_axi_aclk   | xdma_0_axi_aclk | Seq       | None-None                   | 2            | 0             | 0       | 96          | 0          | 0          | FDRE/C                    | DSP_OUTPUT/ALU_OUT[46]   | beta_r_reg[2][5]/C    | DSP_OUTPUT_INST/ALU_OUT[46]                  |
| Path #50 | 8.000       | 8.078      | 1.529(19%)  | 6.549(81%) | -0.011     | -0.120 | 0.046             | Partial False Path | -                 | 5            | 1      | FDRE/C-(96)-DSP_A_B_DATA-(1)-DSP_PREADD_DATA-DSP_MULTIPLIER-DSP_M_DATA-DSP_ALU-DSP_OUTPUT/ALU_OUT[47]                  | xdma_0_axi_aclk   | xdma_0_axi_aclk | Seq       | None-None                   | 2            | 0             | 0       | 96          | 0          | 0          | FDRE/C                    | DSP_OUTPUT/ALU_OUT[47]   | beta_r_reg[2][5]/C    | DSP_OUTPUT_INST/ALU_OUT[47]                  |
+----------+-------------+------------+-------------+------------+------------+--------+-------------------+--------------------+-------------------+--------------+--------+------------------------------------------------------------------------------------------------------------------------+-------------------+-----------------+-----------+-----------------------------+--------------+---------------+---------+-------------+------------+------------+---------------------------+--------------------------+-----------------------+----------------------------------------------+
* Bounding box calculated as % of dimensions for the target device (3842, 1864)


