Copyright 1986-2022 Xilinx, Inc. All Rights Reserved. Copyright 2022-2024 Advanced Micro Devices, Inc. All Rights Reserved.
-------------------------------------------------------------------------------------------------------------------------------------------------------------------------------------------------------------------------------------------------------------------
| Tool Version : Vivado v.2024.2 (lin64) Build 5239630 Fri Nov 08 22:34:34 MST 2024
| Date         : Sun Sep  6 23:09:06 2026
| Host         : snoke running 64-bit Ubuntu 24.04.4 LTS
| Command      : report_design_analysis -of_timing_paths [get_timing_paths -quiet -max_paths 50 -nworst 1 -setup -group mmcm_clkout0_3 -slack_lesser_than 0 -sort_by slack] -logic_level_distribution -file evidence/qwen9b/g5/061_t14a_eto_mmcm_clkout0_3_rda.rpt
| Design       : bd_wrapper
| Device       : xcvu9p
| Design State : Routed
-------------------------------------------------------------------------------------------------------------------------------------------------------------------------------------------------------------------------------------------------------------------

Report Design Analysis

Table of Contents
-----------------
1. Logic Level Distribution

1. Logic Level Distribution
---------------------------

+-----------------+-------------+----+---+----+---+---+
| End Point Clock | Requirement |  0 | 3 |  4 | 5 | 6 |
+-----------------+-------------+----+---+----+---+---+
| mmcm_clkout0_3  | 3.332ns     | 16 | 8 | 22 | 2 | 2 |
+-----------------+-------------+----+---+----+---+---+
* Columns represent the logic levels per end point clock
** Distribution is for top worst 50 paths


Copyright 1986-2022 Xilinx, Inc. All Rights Reserved. Copyright 2022-2024 Advanced Micro Devices, Inc. All Rights Reserved.
---------------------------------------------------------------------------------------------------------------------------------------------------------------------------------------------------------------------------------------------------------
| Tool Version : Vivado v.2024.2 (lin64) Build 5239630 Fri Nov 08 22:34:34 MST 2024
| Date         : Sun Sep  6 23:09:13 2026
| Host         : snoke running 64-bit Ubuntu 24.04.4 LTS
| Command      : report_design_analysis -of_timing_paths [get_timing_paths -quiet -max_paths 50 -nworst 1 -setup -group mmcm_clkout0_3 -slack_lesser_than 0 -sort_by slack] -timing -append -file evidence/qwen9b/g5/061_t14a_eto_mmcm_clkout0_3_rda.rpt
| Design       : bd_wrapper
| Device       : xcvu9p
| Design State : Routed
---------------------------------------------------------------------------------------------------------------------------------------------------------------------------------------------------------------------------------------------------------

Report Design Analysis

Table of Contents
-----------------
1. Path Characteristics 1-50

1. Path Characteristics 1-50
----------------------------

+----------+-------------+------------+-------------+------------+------------+--------+-------------------+--------------------+-------------------+--------------+--------+---------------------------------------------------------------------------------+-------------------+-----------------+-----------+---------------+--------------+---------------+---------+-------------+------------+------------+---------------------------+-------------------------+----------------------------+-------------------------+
|   Paths  | Requirement | Path Delay | Logic Delay |  Net Delay | Clock Skew |  Slack | Clock Uncertainty | Clock Relationship | Clock Delay Group | Logic Levels | Routes |                                   Logical Path                                  | Start Point Clock | End Point Clock | DSP Block | RAM Registers | IO Crossings | SLR Crossings | PBlocks | High Fanout | Dont Touch | Mark Debug | Start Point Pin Primitive | End Point Pin Primitive |       Start Point Pin      |      End Point Pin      |
+----------+-------------+------------+-------------+------------+------------+--------+-------------------+--------------------+-------------------+--------------+--------+---------------------------------------------------------------------------------+-------------------+-----------------+-----------+---------------+--------------+---------------+---------+-------------+------------+------------+---------------------------+-------------------------+----------------------------+-------------------------+
| Path #1  | 3.332       | 3.198      | 0.380(12%)  | 2.818(88%) | -0.151     | -0.130 | 0.052             | Partial False Path | -                 | 4            | 5      | FDRE/C-(2645)-LUT4-(1)-LUT5-(2)-LUT6-(238)-LUT3-(407)-FDRE/CE                   | mmcm_clkout0_3    | mmcm_clkout0_3  | None      | None-None     | 2            | 0             | 0       | 2645        | 0          | 0          | FDRE/C                    | FDRE/CE                 | f_wr_reg[5]/C              | xline_q0_reg[0]__26/CE  |
| Path #2  | 3.332       | 3.198      | 0.380(12%)  | 2.818(88%) | -0.151     | -0.130 | 0.052             | Partial False Path | -                 | 4            | 5      | FDRE/C-(2645)-LUT4-(1)-LUT5-(2)-LUT6-(238)-LUT3-(407)-FDRE/CE                   | mmcm_clkout0_3    | mmcm_clkout0_3  | None      | None-None     | 2            | 0             | 0       | 2645        | 0          | 0          | FDRE/C                    | FDRE/CE                 | f_wr_reg[5]/C              | xline_q0_reg[14]__26/CE |
| Path #3  | 3.332       | 3.198      | 0.380(12%)  | 2.818(88%) | -0.151     | -0.130 | 0.052             | Partial False Path | -                 | 4            | 5      | FDRE/C-(2645)-LUT4-(1)-LUT5-(2)-LUT6-(238)-LUT3-(407)-FDRE/CE                   | mmcm_clkout0_3    | mmcm_clkout0_3  | None      | None-None     | 2            | 0             | 0       | 2645        | 0          | 0          | FDRE/C                    | FDRE/CE                 | f_wr_reg[5]/C              | xline_q0_reg[24]__29/CE |
| Path #4  | 3.332       | 3.198      | 0.380(12%)  | 2.818(88%) | -0.151     | -0.129 | 0.052             | Partial False Path | -                 | 4            | 5      | FDRE/C-(2645)-LUT4-(1)-LUT5-(2)-LUT6-(238)-LUT3-(407)-FDRE/CE                   | mmcm_clkout0_3    | mmcm_clkout0_3  | None      | None-None     | 2            | 0             | 0       | 2645        | 0          | 0          | FDRE/C                    | FDRE/CE                 | f_wr_reg[5]/C              | xline_q0_reg[15]__26/CE |
| Path #5  | 3.332       | 3.198      | 0.380(12%)  | 2.818(88%) | -0.151     | -0.129 | 0.052             | Partial False Path | -                 | 4            | 5      | FDRE/C-(2645)-LUT4-(1)-LUT5-(2)-LUT6-(238)-LUT3-(407)-FDRE/CE                   | mmcm_clkout0_3    | mmcm_clkout0_3  | None      | None-None     | 2            | 0             | 0       | 2645        | 0          | 0          | FDRE/C                    | FDRE/CE                 | f_wr_reg[5]/C              | xline_q0_reg[1]__26/CE  |
| Path #6  | 3.332       | 3.198      | 0.380(12%)  | 2.818(88%) | -0.151     | -0.129 | 0.052             | Partial False Path | -                 | 4            | 5      | FDRE/C-(2645)-LUT4-(1)-LUT5-(2)-LUT6-(238)-LUT3-(407)-FDRE/CE                   | mmcm_clkout0_3    | mmcm_clkout0_3  | None      | None-None     | 2            | 0             | 0       | 2645        | 0          | 0          | FDRE/C                    | FDRE/CE                 | f_wr_reg[5]/C              | xline_q0_reg[25]__29/CE |
| Path #7  | 3.332       | 3.440      | 0.324(10%)  | 3.116(90%) | 0.007      | -0.129 | 0.052             | Partial False Path | -                 | 3            | 4      | FDRE/C-(133)-MUXF8-(1)-LUT6-(1)-LUT5-(1)-FDRE/D                                 | mmcm_clkout0_3    | mmcm_clkout0_3  | None      | None-None     | 1            | 0             | 0       | 133         | 0          | 0          | FDRE/C                    | FDRE/D                  | r_g_reg[2]/C               | ps_q_reg_i_8_psdsp/D    |
| Path #8  | 3.332       | 3.193      | 0.380(12%)  | 2.813(88%) | -0.155     | -0.128 | 0.052             | Partial False Path | -                 | 4            | 5      | FDRE/C-(2645)-LUT4-(1)-LUT5-(2)-LUT6-(238)-LUT3-(407)-FDRE/CE                   | mmcm_clkout0_3    | mmcm_clkout0_3  | None      | None-None     | 2            | 0             | 0       | 2645        | 0          | 0          | FDRE/C                    | FDRE/CE                 | f_wr_reg[5]/C              | xline_q0_reg[22]__29/CE |
| Path #9  | 3.332       | 3.194      | 0.380(12%)  | 2.814(88%) | -0.155     | -0.128 | 0.052             | Partial False Path | -                 | 4            | 5      | FDRE/C-(2645)-LUT4-(1)-LUT5-(2)-LUT6-(238)-LUT3-(407)-FDRE/CE                   | mmcm_clkout0_3    | mmcm_clkout0_3  | None      | None-None     | 2            | 0             | 0       | 2645        | 0          | 0          | FDRE/C                    | FDRE/CE                 | f_wr_reg[5]/C              | xline_q0_reg[23]__29/CE |
| Path #10 | 3.332       | 3.189      | 0.380(12%)  | 2.809(88%) | -0.157     | -0.127 | 0.052             | Partial False Path | -                 | 4            | 5      | FDRE/C-(2645)-LUT4-(1)-LUT5-(2)-LUT6-(238)-LUT3-(407)-FDRE/CE                   | mmcm_clkout0_3    | mmcm_clkout0_3  | None      | None-None     | 2            | 0             | 0       | 2645        | 0          | 0          | FDRE/C                    | FDRE/CE                 | f_wr_reg[5]/C              | xline_q0_reg[10]__0/CE  |
| Path #11 | 3.332       | 3.189      | 0.380(12%)  | 2.809(88%) | -0.157     | -0.127 | 0.052             | Partial False Path | -                 | 4            | 5      | FDRE/C-(2645)-LUT4-(1)-LUT5-(2)-LUT6-(238)-LUT3-(407)-FDRE/CE                   | mmcm_clkout0_3    | mmcm_clkout0_3  | None      | None-None     | 2            | 0             | 0       | 2645        | 0          | 0          | FDRE/C                    | FDRE/CE                 | f_wr_reg[5]/C              | xline_q0_reg[12]__0/CE  |
| Path #12 | 3.332       | 3.133      | 0.517(17%)  | 2.616(83%) | -0.199     | -0.127 | 0.052             | Partial False Path | -                 | 5            | 6      | FDRE/C-(133)-LUT6-(2)-LUT6-(1)-LUT6-(5)-LUT6-(2)-LUT2-(74)-FDRE/R               | mmcm_clkout0_3    | mmcm_clkout0_3  | None      | None-None     | 2            | 0             | 0       | 133         | 0          | 0          | FDRE/C                    | FDRE/R                  | r_g_reg[2]/C               | r_g_reg[5]/R            |
| Path #13 | 3.332       | 3.133      | 0.517(17%)  | 2.616(83%) | -0.199     | -0.127 | 0.052             | Partial False Path | -                 | 5            | 6      | FDRE/C-(133)-LUT6-(2)-LUT6-(1)-LUT6-(5)-LUT6-(2)-LUT2-(74)-FDRE/R               | mmcm_clkout0_3    | mmcm_clkout0_3  | None      | None-None     | 2            | 0             | 0       | 133         | 0          | 0          | FDRE/C                    | FDRE/R                  | r_g_reg[2]/C               | r_g_reg[6]/R            |
| Path #14 | 3.332       | 3.189      | 0.380(12%)  | 2.809(88%) | -0.157     | -0.126 | 0.052             | Partial False Path | -                 | 4            | 5      | FDRE/C-(2645)-LUT4-(1)-LUT5-(2)-LUT6-(238)-LUT3-(407)-FDRE/CE                   | mmcm_clkout0_3    | mmcm_clkout0_3  | None      | None-None     | 2            | 0             | 0       | 2645        | 0          | 0          | FDRE/C                    | FDRE/CE                 | f_wr_reg[5]/C              | xline_q0_reg[11]__0/CE  |
| Path #15 | 3.332       | 3.189      | 0.380(12%)  | 2.809(88%) | -0.157     | -0.126 | 0.052             | Partial False Path | -                 | 4            | 5      | FDRE/C-(2645)-LUT4-(1)-LUT5-(2)-LUT6-(238)-LUT3-(407)-FDRE/CE                   | mmcm_clkout0_3    | mmcm_clkout0_3  | None      | None-None     | 2            | 0             | 0       | 2645        | 0          | 0          | FDRE/C                    | FDRE/CE                 | f_wr_reg[5]/C              | xline_q0_reg[13]__0/CE  |
| Path #16 | 3.332       | 3.197      | 0.380(12%)  | 2.817(88%) | -0.146     | -0.123 | 0.052             | Partial False Path | -                 | 4            | 5      | FDRE/C-(2645)-LUT4-(1)-LUT5-(2)-LUT6-(238)-LUT3-(407)-FDRE/CE                   | mmcm_clkout0_3    | mmcm_clkout0_3  | None      | None-None     | 2            | 0             | 0       | 2645        | 0          | 0          | FDRE/C                    | FDRE/CE                 | f_wr_reg[5]/C              | xline_q0_reg[12]__26/CE |
| Path #17 | 3.332       | 3.197      | 0.380(12%)  | 2.817(88%) | -0.146     | -0.123 | 0.052             | Partial False Path | -                 | 4            | 5      | FDRE/C-(2645)-LUT4-(1)-LUT5-(2)-LUT6-(238)-LUT3-(407)-FDRE/CE                   | mmcm_clkout0_3    | mmcm_clkout0_3  | None      | None-None     | 2            | 0             | 0       | 2645        | 0          | 0          | FDRE/C                    | FDRE/CE                 | f_wr_reg[5]/C              | xline_q0_reg[16]__30/CE |
| Path #18 | 3.332       | 3.197      | 0.380(12%)  | 2.817(88%) | -0.146     | -0.123 | 0.052             | Partial False Path | -                 | 4            | 5      | FDRE/C-(2645)-LUT4-(1)-LUT5-(2)-LUT6-(238)-LUT3-(407)-FDRE/CE                   | mmcm_clkout0_3    | mmcm_clkout0_3  | None      | None-None     | 2            | 0             | 0       | 2645        | 0          | 0          | FDRE/C                    | FDRE/CE                 | f_wr_reg[5]/C              | xline_q0_reg[4]__26/CE  |
| Path #19 | 3.332       | 3.197      | 0.380(12%)  | 2.817(88%) | -0.146     | -0.122 | 0.052             | Partial False Path | -                 | 4            | 5      | FDRE/C-(2645)-LUT4-(1)-LUT5-(2)-LUT6-(238)-LUT3-(407)-FDRE/CE                   | mmcm_clkout0_3    | mmcm_clkout0_3  | None      | None-None     | 2            | 0             | 0       | 2645        | 0          | 0          | FDRE/C                    | FDRE/CE                 | f_wr_reg[5]/C              | xline_q0_reg[13]__26/CE |
| Path #20 | 3.332       | 3.197      | 0.380(12%)  | 2.817(88%) | -0.146     | -0.122 | 0.052             | Partial False Path | -                 | 4            | 5      | FDRE/C-(2645)-LUT4-(1)-LUT5-(2)-LUT6-(238)-LUT3-(407)-FDRE/CE                   | mmcm_clkout0_3    | mmcm_clkout0_3  | None      | None-None     | 2            | 0             | 0       | 2645        | 0          | 0          | FDRE/C                    | FDRE/CE                 | f_wr_reg[5]/C              | xline_q0_reg[17]__30/CE |
| Path #21 | 3.332       | 3.197      | 0.380(12%)  | 2.817(88%) | -0.146     | -0.122 | 0.052             | Partial False Path | -                 | 4            | 5      | FDRE/C-(2645)-LUT4-(1)-LUT5-(2)-LUT6-(238)-LUT3-(407)-FDRE/CE                   | mmcm_clkout0_3    | mmcm_clkout0_3  | None      | None-None     | 2            | 0             | 0       | 2645        | 0          | 0          | FDRE/C                    | FDRE/CE                 | f_wr_reg[5]/C              | xline_q0_reg[5]__26/CE  |
| Path #22 | 3.332       | 3.164      | 0.507(17%)  | 2.657(83%) | -0.175     | -0.120 | 0.052             | Partial False Path | -                 | 4            | 5      | FDRE/C-(17)-LUT2-(30)-LUT6-(1)-LUT5-(8)-LUT4-(48)-FDRE/CE                       | mmcm_clkout0_3    | mmcm_clkout0_3  | None      | None-None     | 0            | 0             | 0       | 48          | 0          | 0          | FDRE/C                    | FDRE/CE                 | io_addr_strobe_reg/C       | uppCL3_reg[42]/CE       |
| Path #23 | 3.332       | 3.038      | 0.080(3%)   | 2.958(97%) | -0.172     | -0.110 | 0.052             | Partial False Path | -                 | 0            | 1      | FDRE/C-(672)-RAMD32/WE                                                          | mmcm_clkout0_3    | mmcm_clkout0_3  | None      | None-None     | 0            | 0             | 0       | 672         | 0          | 0          | FDRE/C                    | RAMD32/WE               | gen_wr.full_r_reg_inv/C    | RAMA/WE                 |
| Path #24 | 3.332       | 3.038      | 0.080(3%)   | 2.958(97%) | -0.172     | -0.110 | 0.052             | Partial False Path | -                 | 0            | 1      | FDRE/C-(672)-RAMD32/WE                                                          | mmcm_clkout0_3    | mmcm_clkout0_3  | None      | None-None     | 0            | 0             | 0       | 672         | 0          | 0          | FDRE/C                    | RAMD32/WE               | gen_wr.full_r_reg_inv/C    | RAMA_D1/WE              |
| Path #25 | 3.332       | 3.038      | 0.080(3%)   | 2.958(97%) | -0.172     | -0.110 | 0.052             | Partial False Path | -                 | 0            | 1      | FDRE/C-(672)-RAMD32/WE                                                          | mmcm_clkout0_3    | mmcm_clkout0_3  | None      | None-None     | 0            | 0             | 0       | 672         | 0          | 0          | FDRE/C                    | RAMD32/WE               | gen_wr.full_r_reg_inv/C    | RAMB/WE                 |
| Path #26 | 3.332       | 3.038      | 0.080(3%)   | 2.958(97%) | -0.172     | -0.110 | 0.052             | Partial False Path | -                 | 0            | 1      | FDRE/C-(672)-RAMD32/WE                                                          | mmcm_clkout0_3    | mmcm_clkout0_3  | None      | None-None     | 0            | 0             | 0       | 672         | 0          | 0          | FDRE/C                    | RAMD32/WE               | gen_wr.full_r_reg_inv/C    | RAMB_D1/WE              |
| Path #27 | 3.332       | 3.038      | 0.080(3%)   | 2.958(97%) | -0.172     | -0.110 | 0.052             | Partial False Path | -                 | 0            | 1      | FDRE/C-(672)-RAMD32/WE                                                          | mmcm_clkout0_3    | mmcm_clkout0_3  | None      | None-None     | 0            | 0             | 0       | 672         | 0          | 0          | FDRE/C                    | RAMD32/WE               | gen_wr.full_r_reg_inv/C    | RAMC/WE                 |
| Path #28 | 3.332       | 3.038      | 0.080(3%)   | 2.958(97%) | -0.172     | -0.110 | 0.052             | Partial False Path | -                 | 0            | 1      | FDRE/C-(672)-RAMD32/WE                                                          | mmcm_clkout0_3    | mmcm_clkout0_3  | None      | None-None     | 0            | 0             | 0       | 672         | 0          | 0          | FDRE/C                    | RAMD32/WE               | gen_wr.full_r_reg_inv/C    | RAMC_D1/WE              |
| Path #29 | 3.332       | 3.038      | 0.080(3%)   | 2.958(97%) | -0.172     | -0.110 | 0.052             | Partial False Path | -                 | 0            | 1      | FDRE/C-(672)-RAMD32/WE                                                          | mmcm_clkout0_3    | mmcm_clkout0_3  | None      | None-None     | 0            | 0             | 0       | 672         | 0          | 0          | FDRE/C                    | RAMD32/WE               | gen_wr.full_r_reg_inv/C    | RAMD/WE                 |
| Path #30 | 3.332       | 3.038      | 0.080(3%)   | 2.958(97%) | -0.172     | -0.110 | 0.052             | Partial False Path | -                 | 0            | 1      | FDRE/C-(672)-RAMD32/WE                                                          | mmcm_clkout0_3    | mmcm_clkout0_3  | None      | None-None     | 0            | 0             | 0       | 672         | 0          | 0          | FDRE/C                    | RAMD32/WE               | gen_wr.full_r_reg_inv/C    | RAMD_D1/WE              |
| Path #31 | 3.332       | 3.038      | 0.080(3%)   | 2.958(97%) | -0.172     | -0.110 | 0.052             | Partial False Path | -                 | 0            | 1      | FDRE/C-(672)-RAMD32/WE                                                          | mmcm_clkout0_3    | mmcm_clkout0_3  | None      | None-None     | 0            | 0             | 0       | 672         | 0          | 0          | FDRE/C                    | RAMD32/WE               | gen_wr.full_r_reg_inv/C    | RAME/WE                 |
| Path #32 | 3.332       | 3.038      | 0.080(3%)   | 2.958(97%) | -0.172     | -0.110 | 0.052             | Partial False Path | -                 | 0            | 1      | FDRE/C-(672)-RAMD32/WE                                                          | mmcm_clkout0_3    | mmcm_clkout0_3  | None      | None-None     | 0            | 0             | 0       | 672         | 0          | 0          | FDRE/C                    | RAMD32/WE               | gen_wr.full_r_reg_inv/C    | RAME_D1/WE              |
| Path #33 | 3.332       | 3.038      | 0.080(3%)   | 2.958(97%) | -0.172     | -0.110 | 0.052             | Partial False Path | -                 | 0            | 1      | FDRE/C-(672)-RAMD32/WE                                                          | mmcm_clkout0_3    | mmcm_clkout0_3  | None      | None-None     | 0            | 0             | 0       | 672         | 0          | 0          | FDRE/C                    | RAMD32/WE               | gen_wr.full_r_reg_inv/C    | RAMF/WE                 |
| Path #34 | 3.332       | 3.038      | 0.080(3%)   | 2.958(97%) | -0.172     | -0.110 | 0.052             | Partial False Path | -                 | 0            | 1      | FDRE/C-(672)-RAMD32/WE                                                          | mmcm_clkout0_3    | mmcm_clkout0_3  | None      | None-None     | 0            | 0             | 0       | 672         | 0          | 0          | FDRE/C                    | RAMD32/WE               | gen_wr.full_r_reg_inv/C    | RAMF_D1/WE              |
| Path #35 | 3.332       | 3.038      | 0.080(3%)   | 2.958(97%) | -0.172     | -0.110 | 0.052             | Partial False Path | -                 | 0            | 1      | FDRE/C-(672)-RAMD32/WE                                                          | mmcm_clkout0_3    | mmcm_clkout0_3  | None      | None-None     | 0            | 0             | 0       | 672         | 0          | 0          | FDRE/C                    | RAMD32/WE               | gen_wr.full_r_reg_inv/C    | RAMG/WE                 |
| Path #36 | 3.332       | 3.038      | 0.080(3%)   | 2.958(97%) | -0.172     | -0.110 | 0.052             | Partial False Path | -                 | 0            | 1      | FDRE/C-(672)-RAMD32/WE                                                          | mmcm_clkout0_3    | mmcm_clkout0_3  | None      | None-None     | 0            | 0             | 0       | 672         | 0          | 0          | FDRE/C                    | RAMD32/WE               | gen_wr.full_r_reg_inv/C    | RAMG_D1/WE              |
| Path #37 | 3.332       | 3.038      | 0.080(3%)   | 2.958(97%) | -0.172     | -0.110 | 0.052             | Partial False Path | -                 | 0            | 1      | FDRE/C-(672)-RAMS32/WE                                                          | mmcm_clkout0_3    | mmcm_clkout0_3  | None      | None-None     | 0            | 0             | 0       | 672         | 0          | 0          | FDRE/C                    | RAMS32/WE               | gen_wr.full_r_reg_inv/C    | RAMH/WE                 |
| Path #38 | 3.332       | 3.038      | 0.080(3%)   | 2.958(97%) | -0.172     | -0.110 | 0.052             | Partial False Path | -                 | 0            | 1      | FDRE/C-(672)-RAMS32/WE                                                          | mmcm_clkout0_3    | mmcm_clkout0_3  | None      | None-None     | 0            | 0             | 0       | 672         | 0          | 0          | FDRE/C                    | RAMS32/WE               | gen_wr.full_r_reg_inv/C    | RAMH_D1/WE              |
| Path #39 | 3.332       | 3.413      | 0.397(12%)  | 3.016(88%) | 0.001      | -0.107 | 0.052             | Partial False Path | -                 | 3            | 4      | FDRE/C-(133)-MUXF8-(1)-LUT6-(1)-LUT5-(1)-FDRE/D                                 | mmcm_clkout0_3    | mmcm_clkout0_3  | None      | None-None     | 1            | 0             | 0       | 133         | 0          | 0          | FDRE/C                    | FDRE/D                  | r_g_reg[2]/C               | ps_q_reg_i_6_psdsp/D    |
| Path #40 | 3.332       | 3.191      | 0.441(14%)  | 2.750(86%) | -0.134     | -0.107 | 0.052             | Partial False Path | -                 | 3            | 4      | FDRE/C-(92)-LUT2-(4)-LUT6-(1)-LUT6-(32)-FDRE/CE                                 | mmcm_clkout0_3    | mmcm_clkout0_3  | None      | None-None     | 0            | 0             | 0       | 92          | 2          | 0          | FDRE/C                    | FDRE/CE                 | SYNC[11].sync_reg_reg[1]/C | cal_ACT_n_B_reg[3]/CE   |
| Path #41 | 3.332       | 3.191      | 0.441(14%)  | 2.750(86%) | -0.134     | -0.107 | 0.052             | Partial False Path | -                 | 3            | 4      | FDRE/C-(92)-LUT2-(4)-LUT6-(1)-LUT6-(32)-FDRE/CE                                 | mmcm_clkout0_3    | mmcm_clkout0_3  | None      | None-None     | 0            | 0             | 0       | 92          | 2          | 0          | FDRE/C                    | FDRE/CE                 | SYNC[11].sync_reg_reg[1]/C | cal_ACT_n_B_reg[5]/CE   |
| Path #42 | 3.332       | 3.167      | 0.380(12%)  | 2.787(88%) | -0.159     | -0.106 | 0.052             | Partial False Path | -                 | 4            | 5      | FDRE/C-(2645)-LUT4-(1)-LUT5-(2)-LUT6-(238)-LUT3-(407)-FDRE/CE                   | mmcm_clkout0_3    | mmcm_clkout0_3  | None      | None-None     | 2            | 0             | 0       | 2645        | 0          | 0          | FDRE/C                    | FDRE/CE                 | f_wr_reg[5]/C              | xline_q0_reg[19]__29/CE |
| Path #43 | 3.332       | 3.167      | 0.380(12%)  | 2.787(88%) | -0.159     | -0.106 | 0.052             | Partial False Path | -                 | 4            | 5      | FDRE/C-(2645)-LUT4-(1)-LUT5-(2)-LUT6-(238)-LUT3-(407)-FDRE/CE                   | mmcm_clkout0_3    | mmcm_clkout0_3  | None      | None-None     | 2            | 0             | 0       | 2645        | 0          | 0          | FDRE/C                    | FDRE/CE                 | f_wr_reg[5]/C              | xline_q0_reg[27]__29/CE |
| Path #44 | 3.332       | 3.238      | 0.653(21%)  | 2.585(79%) | -0.173     | -0.106 | 0.052             | Partial False Path | -                 | 6            | 6      | FDRE/C-(40)-LUT2-(1)-LUT2-(15)-LUT2-(40)-LUT6-(1)-LUT6-(1)-LUT6-(1)-FDSE/D      | mmcm_clkout0_3    | mmcm_clkout0_3  | None      | None-None     | 1            | 0             | 0       | 40          | 0          | 0          | FDRE/C                    | FDSE/D                  | areset_reg/C               | gen_wr.afull_r_reg/D    |
| Path #45 | 3.332       | 3.462      | 0.340(10%)  | 3.122(90%) | 0.051      | -0.106 | 0.052             | Partial False Path | -                 | 3            | 4      | FDRE/C-(126)-MUXF8-(1)-LUT6-(1)-LUT5-(1)-FDRE/D                                 | mmcm_clkout0_3    | mmcm_clkout0_3  | None      | None-None     | 0            | 0             | 0       | 126         | 0          | 0          | FDRE/C                    | FDRE/D                  | r_g_reg[2]_rep__0/C        | pa_q_reg_i_28_psdsp/D   |
| Path #46 | 3.332       | 3.173      | 0.380(12%)  | 2.793(88%) | -0.152     | -0.105 | 0.052             | Partial False Path | -                 | 4            | 5      | FDRE/C-(2645)-LUT4-(1)-LUT5-(2)-LUT6-(238)-LUT3-(407)-FDRE/CE                   | mmcm_clkout0_3    | mmcm_clkout0_3  | None      | None-None     | 2            | 0             | 0       | 2645        | 0          | 0          | FDRE/C                    | FDRE/CE                 | f_wr_reg[5]/C              | xline_q0_reg[9]__27/CE  |
| Path #47 | 3.332       | 3.189      | 0.441(14%)  | 2.748(86%) | -0.134     | -0.105 | 0.052             | Partial False Path | -                 | 3            | 4      | FDRE/C-(92)-LUT2-(4)-LUT6-(1)-LUT6-(32)-FDRE/CE                                 | mmcm_clkout0_3    | mmcm_clkout0_3  | None      | None-None     | 0            | 0             | 0       | 92          | 2          | 0          | FDRE/C                    | FDRE/CE                 | SYNC[11].sync_reg_reg[1]/C | cal_ACT_n_B_reg[2]/CE   |
| Path #48 | 3.332       | 3.189      | 0.441(14%)  | 2.748(86%) | -0.134     | -0.105 | 0.052             | Partial False Path | -                 | 3            | 4      | FDRE/C-(92)-LUT2-(4)-LUT6-(1)-LUT6-(32)-FDRE/CE                                 | mmcm_clkout0_3    | mmcm_clkout0_3  | None      | None-None     | 0            | 0             | 0       | 92          | 2          | 0          | FDRE/C                    | FDRE/CE                 | SYNC[11].sync_reg_reg[1]/C | cal_ACT_n_B_reg[4]/CE   |
| Path #49 | 3.332       | 3.189      | 0.441(14%)  | 2.748(86%) | -0.134     | -0.105 | 0.052             | Partial False Path | -                 | 3            | 4      | FDRE/C-(92)-LUT2-(4)-LUT6-(1)-LUT6-(32)-FDRE/CE                                 | mmcm_clkout0_3    | mmcm_clkout0_3  | None      | None-None     | 0            | 0             | 0       | 92          | 2          | 0          | FDRE/C                    | FDRE/CE                 | SYNC[11].sync_reg_reg[1]/C | cal_WE_B_reg[0]/CE      |
| Path #50 | 3.332       | 3.163      | 0.646(21%)  | 2.517(79%) | -0.041     | -0.105 | 0.052             | Partial False Path | -                 | 6            | 5      | FDRE/C-(94)-LUT2-(1)-CARRY8-(1)-CARRY8-LUT6-(2)-LUT5-(29)-LUT4-(586)-RAMD64E/WE | mmcm_clkout0_3    | mmcm_clkout0_3  | None      | None-None     | 0            | 0             | 0       | 586         | 0          | 0          | FDRE/C                    | RAMD64E/WE              | f_rd_reg[3]_replica/C      | RAMA/WE                 |
+----------+-------------+------------+-------------+------------+------------+--------+-------------------+--------------------+-------------------+--------------+--------+---------------------------------------------------------------------------------+-------------------+-----------------+-----------+---------------+--------------+---------------+---------+-------------+------------+------------+---------------------------+-------------------------+----------------------------+-------------------------+
* Bounding box calculated as % of dimensions for the target device (3842, 1864)


