=== host: snoke
=== date: 2026-09-06T23:01:00-06:00
=== tree: de17b40
=== cmd:  bash -c source /home/cah/r2d2/sc2data/tools/Vivado/2024.2/settings64.sh >/dev/null && exec vivado -mode batch -nolog -nojournal -source evidence/qwen9b/g5/g5b_t14a_cone_census.tcl -tclargs synth/out_build_040_po2_AltSpreadLogic_high/proj/stage1.runs/impl_1/bd_wrapper_postroute_physopt.dcp evidence/qwen9b/g5/063_t14a_po2 50
=== venv: /home/cah/.venv/bin/python (exists)
===       ref/.venv/bin/python (ABSENT)
===       uv: /home/cah/.local/bin/uv (exists)
=== cpu:  nproc=48 OMP_NUM_THREADS=unset MKL_NUM_THREADS=unset
=== env:  FABLE5_MODEL=unset FABLE5_DN_STATE=unset FABLE5_RS_F=unset
===       FABLE5_CALIB_STATS=unset FABLE5_CALIB_MODE=unset
=== ---

****** Vivado v2024.2 (64-bit)
  **** SW Build 5239630 on Fri Nov 08 22:34:34 MST 2024
  **** IP Build 5239520 on Sun Nov 10 16:12:51 MST 2024
  **** SharedData Build 5239561 on Fri Nov 08 14:39:27 MST 2024
  **** Start of session at: Sun Sep  6 23:01:02 2026
    ** Copyright 1986-2022 Xilinx, Inc. All Rights Reserved.
    ** Copyright 2022-2024 Advanced Micro Devices, Inc. All Rights Reserved.

source evidence/qwen9b/g5/g5b_t14a_cone_census.tcl
# if {[llength $argv] < 2} { puts "FATAL: need <dcp> <out_prefix> \[max_paths\]"; exit 1 }
# set DCP  [lindex $argv 0]
# set PRE  [lindex $argv 1]
# set NMAX 50
# if {[llength $argv] > 2} { set NMAX [lindex $argv 2] }
# if {![file exists $DCP]} { puts "FATAL: no such checkpoint: $DCP"; exit 1 }
# set_param general.maxThreads 8
# puts "T14A_DCP: $DCP"
T14A_DCP: synth/out_build_040_po2_AltSpreadLogic_high/proj/stage1.runs/impl_1/bd_wrapper_postroute_physopt.dcp
# puts "T14A_DCP_MTIME: [clock format [file mtime $DCP] -format {%Y-%m-%d %H:%M:%S}]"
T14A_DCP_MTIME: 2026-09-06 12:16:56
# puts "T14A_DCP_BYTES: [file size $DCP]"
T14A_DCP_BYTES: 287340829
# puts "T14A_OUT_PREFIX: $PRE"
T14A_OUT_PREFIX: evidence/qwen9b/g5/063_t14a_po2
# puts "T14A_MAX_PATHS: $NMAX"
T14A_MAX_PATHS: 50
# open_checkpoint $DCP
Command: open_checkpoint synth/out_build_040_po2_AltSpreadLogic_high/proj/stage1.runs/impl_1/bd_wrapper_postroute_physopt.dcp

Starting open_checkpoint Task

Time (s): cpu = 00:00:00.05 ; elapsed = 00:00:00.05 . Memory (MB): peak = 1428.016 ; gain = 0.000 ; free physical = 42585 ; free virtual = 359102
INFO: [Device 21-403] Loading part xcvu9p-fsgd2104-2L-e
Netlist sorting complete. Time (s): cpu = 00:00:08 ; elapsed = 00:00:08 . Memory (MB): peak = 3882.699 ; gain = 0.000 ; free physical = 38774 ; free virtual = 355329
INFO: [Netlist 29-17] Analyzing 31878 Unisim elements for replacement
INFO: [Netlist 29-28] Unisim Transformation completed in 26 CPU seconds
INFO: [Project 1-479] Netlist was created with Vivado 2024.2
INFO: [Project 1-570] Preparing netlist for logic optimization
WARNING: [Constraints 18-550] Could not create 'DRIVE' constraint because net 'bd_i/ddr4_0/inst/u_ddr4_mem_intfc/u_mig_ddr4_phy/cal_RESET_n[0]' is not directly connected to top level port. 'DRIVE' is ignored for synthesis but preserved for implementation.
WARNING: [Constraints 18-550] Could not create 'SLEW' constraint because net 'bd_i/ddr4_0/inst/u_ddr4_mem_intfc/u_mig_ddr4_phy/cal_RESET_n[0]' is not directly connected to top level port. 'SLEW' is ignored for synthesis but preserved for implementation.
WARNING: [Constraints 18-550] Could not create 'IBUF_LOW_PWR' constraint because net 'bd_i/ddr4_0/inst/u_ddr4_mem_intfc/u_mig_ddr4_phy/sys_clk_in' is not directly connected to top level port. 'IBUF_LOW_PWR' is ignored for synthesis but preserved for implementation.
WARNING: [Constraints 18-550] Could not create 'DRIVE' constraint because net 'bd_i/ddr4_1/inst/u_ddr4_mem_intfc/u_mig_ddr4_phy/cal_RESET_n[0]' is not directly connected to top level port. 'DRIVE' is ignored for synthesis but preserved for implementation.
WARNING: [Constraints 18-550] Could not create 'SLEW' constraint because net 'bd_i/ddr4_1/inst/u_ddr4_mem_intfc/u_mig_ddr4_phy/cal_RESET_n[0]' is not directly connected to top level port. 'SLEW' is ignored for synthesis but preserved for implementation.
WARNING: [Constraints 18-550] Could not create 'IBUF_LOW_PWR' constraint because net 'bd_i/ddr4_1/inst/u_ddr4_mem_intfc/u_mig_ddr4_phy/sys_clk_in' is not directly connected to top level port. 'IBUF_LOW_PWR' is ignored for synthesis but preserved for implementation.
WARNING: [Constraints 18-550] Could not create 'DRIVE' constraint because net 'bd_i/ddr4_2/inst/u_ddr4_mem_intfc/u_mig_ddr4_phy/cal_RESET_n[0]' is not directly connected to top level port. 'DRIVE' is ignored for synthesis but preserved for implementation.
WARNING: [Constraints 18-550] Could not create 'SLEW' constraint because net 'bd_i/ddr4_2/inst/u_ddr4_mem_intfc/u_mig_ddr4_phy/cal_RESET_n[0]' is not directly connected to top level port. 'SLEW' is ignored for synthesis but preserved for implementation.
WARNING: [Constraints 18-550] Could not create 'IBUF_LOW_PWR' constraint because net 'bd_i/ddr4_2/inst/u_ddr4_mem_intfc/u_mig_ddr4_phy/sys_clk_in' is not directly connected to top level port. 'IBUF_LOW_PWR' is ignored for synthesis but preserved for implementation.
WARNING: [Constraints 18-550] Could not create 'DRIVE' constraint because net 'bd_i/ddr4_3/inst/u_ddr4_mem_intfc/u_mig_ddr4_phy/cal_RESET_n[0]' is not directly connected to top level port. 'DRIVE' is ignored for synthesis but preserved for implementation.
WARNING: [Constraints 18-550] Could not create 'SLEW' constraint because net 'bd_i/ddr4_3/inst/u_ddr4_mem_intfc/u_mig_ddr4_phy/cal_RESET_n[0]' is not directly connected to top level port. 'SLEW' is ignored for synthesis but preserved for implementation.
WARNING: [Constraints 18-550] Could not create 'IBUF_LOW_PWR' constraint because net 'bd_i/ddr4_3/inst/u_ddr4_mem_intfc/u_mig_ddr4_phy/sys_clk_in' is not directly connected to top level port. 'IBUF_LOW_PWR' is ignored for synthesis but preserved for implementation.
Read ShapeDB Complete: Time (s): cpu = 00:00:02 ; elapsed = 00:00:02 . Memory (MB): peak = 5539.918 ; gain = 116.969 ; free physical = 36027 ; free virtual = 352583
INFO: [Timing 38-478] Restoring timing data from binary archive.
INFO: [Timing 38-479] Binary timing data restore complete.
INFO: [Project 1-856] Restoring constraints from binary archive.
INFO: [Power 33-23] Power model is not available for xiphy_riu_or
INFO: [Power 33-23] Power model is not available for genVref.u_hpio_vref
INFO: [Project 1-853] Binary constraint restore complete.
INFO: [Designutils 20-5722] Start Reading Physical Databases.
Reading placement.
Read Netlist Cache: Time (s): cpu = 00:00:01 ; elapsed = 00:00:01 . Memory (MB): peak = 9722.562 ; gain = 0.000 ; free physical = 27512 ; free virtual = 344068
Reading placer database...
Read Device Cache: Time (s): cpu = 00:00:00.04 ; elapsed = 00:00:00.04 . Memory (MB): peak = 9722.562 ; gain = 0.000 ; free physical = 27512 ; free virtual = 344068
Read PlaceDB: Time (s): cpu = 00:00:36 ; elapsed = 00:00:37 . Memory (MB): peak = 10343.633 ; gain = 621.070 ; free physical = 26340 ; free virtual = 342897
Read PulsedLatchDB: Time (s): cpu = 00:00:00 ; elapsed = 00:00:00 . Memory (MB): peak = 10343.633 ; gain = 0.000 ; free physical = 26340 ; free virtual = 342897
Reading routing.
Read RouteStorage: Time (s): cpu = 00:00:20 ; elapsed = 00:00:07 . Memory (MB): peak = 10753.906 ; gain = 410.273 ; free physical = 25914 ; free virtual = 342470
Read Physdb Files: Time (s): cpu = 00:00:57 ; elapsed = 00:00:45 . Memory (MB): peak = 10753.906 ; gain = 1031.344 ; free physical = 25914 ; free virtual = 342470
Restored from archive | CPU: 60.890000 secs | Memory: 929.353531 MB |
Finished XDEF File Restore: Time (s): cpu = 00:00:59 ; elapsed = 00:00:47 . Memory (MB): peak = 10753.906 ; gain = 1031.344 ; free physical = 25910 ; free virtual = 342467
INFO: [IP_Flow 19-234] Refreshing IP repositories
INFO: [IP_Flow 19-1704] No user IP repositories specified
INFO: [IP_Flow 19-2313] Loaded Vivado IP repository '/home/cah/r2d2/sc2data/tools/Vivado/2024.2/data/ip'.
Netlist sorting complete. Time (s): cpu = 00:00:00.11 ; elapsed = 00:00:00.12 . Memory (MB): peak = 10753.906 ; gain = 0.000 ; free physical = 25913 ; free virtual = 342470
INFO: [Project 1-111] Unisim Transformation Summary:
  A total of 8343 instances were transformed.
  DSP48E1 => DSP48E2 (DSP_ALU, DSP_A_B_DATA, DSP_C_DATA, DSP_MULTIPLIER, DSP_M_DATA, DSP_OUTPUT, DSP_PREADD, DSP_PREADD_DATA): 12 instances
  DSP48E2 => DSP48E2 (DSP_ALU, DSP_A_B_DATA, DSP_C_DATA, DSP_MULTIPLIER, DSP_M_DATA, DSP_OUTPUT, DSP_PREADD, DSP_PREADD_DATA): 1846 instances
  IBUF => IBUF (IBUFCTRL, INBUF): 1 instance 
  IBUFDS => IBUFDS (DIFFINBUF, IBUFCTRL): 4 instances
  IOBUFDS => IOBUFDS (DIFFINBUF, IBUFCTRL, INV, OBUFT(x2)): 32 instances
  IOBUFE3 => IOBUFE3 (IBUFCTRL, INBUF, OBUFT_DCIEN): 288 instances
  LUT6_2 => LUT6_2 (LUT5, LUT6): 124 instances
  OBUFDS => OBUFDS_DUAL_BUF (INV, OBUF(x2)): 4 instances
  RAM16X1D => RAM32X1D (RAMD32(x2)): 40 instances
  RAM256X1D => RAM256X1D (MUXF7(x4), MUXF8(x2), RAMD64E(x8)): 512 instances
  RAM256X1S => RAM256X1S (MUXF7(x2), MUXF8, RAMS64E(x4)): 9 instances
  RAM32M => RAM32M (RAMD32(x6), RAMS32(x2)): 866 instances
  RAM32M16 => RAM32M16 (RAMD32(x14), RAMS32(x2)): 1978 instances
  RAM32X1D => RAM32X1D (RAMD32(x2)): 80 instances
  RAM64M => RAM64M (RAMD64E(x4)): 16 instances
  RAM64M8 => RAM64M8 (RAMD64E(x8)): 2515 instances
  RAM64X1D => RAM64X1D (RAMD64E(x2)): 16 instances

INFO: [Project 1-604] Checkpoint was created with Vivado v2024.2 (64-bit) build 5239630
WARNING: [Vivado 12-23575] Critical violations of the methodology design rules detected. Critical violations may contribute to timing failures or cause functional issues in hardware. Run report_methodology for more information.
open_checkpoint: Time (s): cpu = 00:10:39 ; elapsed = 00:05:54 . Memory (MB): peak = 10753.906 ; gain = 9325.891 ; free physical = 25904 ; free virtual = 342462
get_timing_paths: Time (s): cpu = 00:09:52 ; elapsed = 00:01:52 . Memory (MB): peak = 11895.453 ; gain = 1141.547 ; free physical = 23587 ; free virtual = 340145
# set wns [get_property SLACK [get_timing_paths -max_paths 1 -nworst 1 -setup]]
get_timing_paths: Time (s): cpu = 00:00:43 ; elapsed = 00:00:06 . Memory (MB): peak = 11895.453 ; gain = 0.000 ; free physical = 23592 ; free virtual = 340150
# set whs [get_property SLACK [get_timing_paths -max_paths 1 -nworst 1 -hold]]
# puts "T14A_TIMING: WNS=$wns WHS=$whs"
T14A_TIMING: WNS=-0.247 WHS=0.000
# proc slr_of {objname} {
#     set c [get_cells -quiet -of_objects $objname]
#     if {$c eq ""} { return "?" }
#     set st [get_sites -quiet -of_objects $c]
#     if {$st eq ""} { return "unplaced" }
#     set s [get_slrs -quiet -of_objects $st]
#     if {$s eq ""} { return "?" }
#     return [get_property NAME $s]
# }
# set allp [get_timing_paths -quiet -max_paths 6000 -nworst 1 -setup -slack_lesser_than 0]
# puts "T14A_FAILING_SAMPLE: [llength $allp]"
T14A_FAILING_SAMPLE: 6000
# array set gcnt {}
# array set gworst {}
# foreach p $allp {
#     set g [get_property GROUP $p]
#     if {[info exists gcnt($g)]} { incr gcnt($g) } else { set gcnt($g) 1 }
#     set s [get_property SLACK $p]
#     if {![info exists gworst($g)] || $s < $gworst($g)} { set gworst($g) $s }
# }
# puts "T14A_GROUPS_BEGIN"
T14A_GROUPS_BEGIN
# foreach g [lsort [array names gcnt]] {
#     puts [format "T14A_GROUP %-24s failing=%-6d worst=%s" $g $gcnt($g) $gworst($g)]
# }
T14A_GROUP xdma_0_axi_aclk          failing=6000   worst=-0.247
# puts "T14A_GROUPS_END"
T14A_GROUPS_END
# set CONE {
#     DN_VDATA        {*u_core/dn_vdata_reg*}
#     AT_QDATA        {*u_core/at_qdata_reg*}
#     AXIL_RDATA      {*s_axil_rdata_reg*}
#     CONV_SILU_M3    {*u_conv*m3_reg*}
#     XLINE_Q0_CE     {*u_engine/xline_q0_reg*}
#     SDMA            {*u_dma/*}
#     ATTN_DSP        {*u_attn/*}
#     DN_LANE         {*u_dn/*}
#     DN_SLOT         {*g_dnslot*}
#     KV_SLOT         {*g_kvslot*}
#     CV_SLOT         {*g_cvslot*}
#     SCRATCH_SMEM    {*smem_*}
#     LAYER_OTHER     {*layer_0*}
#     MVCHAN          {*mvchan_*}
#     SEQ             {*seq_0*}
#     VENDOR          {*}
# }
# array set ccnt {}
# array set cworst {}
# array set cworstp {}
# foreach p $allp {
#     set ep [get_property ENDPOINT_PIN $p]
#     set fam "VENDOR"
#     foreach {name pat} $CONE { if {[string match $pat $ep]} { set fam $name; break } }
#     if {[info exists ccnt($fam)]} { incr ccnt($fam) } else { set ccnt($fam) 1 }
#     set s [get_property SLACK $p]
#     if {![info exists cworst($fam)] || $s < $cworst($fam)} {
#         set cworst($fam) $s
#         set cworstp($fam) $p
#     }
# }
# puts "T14A_CONE_TALLY_BEGIN  (over all [llength $allp] failing setup paths)"
T14A_CONE_TALLY_BEGIN  (over all 6000 failing setup paths)
# foreach f [lsort [array names ccnt]] {
#     set p $cworstp($f)
#     set dl [get_property DATAPATH_DELAY $p]
#     set lg [get_property DATAPATH_LOGIC_DELAY $p]
#     set rt [get_property DATAPATH_NET_DELAY $p]
#     set pct "n/a"
#     if {$dl ne "" && $dl > 0} { set pct [format %.1f [expr {100.0*$lg/$dl}]] }
#     puts [format "T14A_CONE %-14s n=%-6d worst=%-8s lvl=%-3s dp=%-7s logic=%-7s route=%-7s logic%=%-6s group=%s" \
#         $f $ccnt($f) $cworst($f) [get_property LOGIC_LEVELS $p] $dl $lg $rt $pct \
#         [get_property GROUP $p]]
#     puts "T14A_CONE_PATH $f [get_property STARTPOINT_PIN $p] -> [get_property ENDPOINT_PIN $p]"
# }
T14A_CONE ATTN_DSP       n=1679   worst=-0.243   lvl=4   dp=4.505   logic=0.368   route=4.137   logic%=8.2    group=xdma_0_axi_aclk
T14A_CONE_PATH ATTN_DSP bd_i/layer_0/inst/u_core/u_attn/oi_reg[1]_rep__15/C -> bd_i/layer_0/inst/u_core/u_attn/o_g4_reg[2][20]/D
T14A_CONE AT_QDATA       n=142    worst=-0.247   lvl=8   dp=4.024   logic=2.557   route=1.467   logic%=63.5   group=xdma_0_axi_aclk
T14A_CONE_PATH AT_QDATA bd_i/layer_0/inst/u_core/smem_a_reg_bram_0/CLKBWRCLK -> bd_i/layer_0/inst/u_core/at_qdata_reg[0]_rep__6/D
T14A_CONE AXIL_RDATA     n=13     worst=-0.212   lvl=11  dp=4.052   logic=2.600   route=1.452   logic%=64.2   group=xdma_0_axi_aclk
T14A_CONE_PATH AXIL_RDATA bd_i/layer_0/inst/u_core/smem_a_reg_bram_0/CLKBWRCLK -> bd_i/layer_0/inst/u_core/s_axil_rdata_reg[8]/D
T14A_CONE CONV_SILU_M3   n=12     worst=-0.238   lvl=12  dp=3.869   logic=2.289   route=1.580   logic%=59.2   group=xdma_0_axi_aclk
T14A_CONE_PATH CONV_SILU_M3 bd_i/layer_0/inst/u_core/u_conv/u_silu/sig20_carry_i_3_psbram/C -> bd_i/layer_0/inst/u_core/u_conv/u_silu/m3_reg/DSP_A_B_DATA_INST/B[15]
T14A_CONE DN_LANE        n=2120   worst=-0.247   lvl=2   dp=3.822   logic=0.239   route=3.583   logic%=6.3    group=xdma_0_axi_aclk
T14A_CONE_PATH DN_LANE bd_i/layer_0/inst/u_core/u_dn/row_reg[5]/C -> bd_i/layer_0/inst/u_core/u_dn/g_lane[84].p2_p_reg[84]/DSP_A_B_DATA_INST/B[1]
T14A_CONE DN_SLOT        n=35     worst=-0.231   lvl=1   dp=3.772   logic=0.204   route=3.568   logic%=5.4    group=xdma_0_axi_aclk
T14A_CONE_PATH DN_SLOT bd_i/layer_0/inst/u_core/u_dma/slot_addr_reg[11]/C -> bd_i/layer_0/inst/u_core/g_dnslot[1].mem_reg_uram_20/ADDR_A[11]
T14A_CONE DN_VDATA       n=12     worst=-0.247   lvl=8   dp=3.885   logic=2.596   route=1.289   logic%=66.8   group=xdma_0_axi_aclk
T14A_CONE_PATH DN_VDATA bd_i/layer_0/inst/u_core/smem_a_reg_bram_8/CLKBWRCLK -> bd_i/layer_0/inst/u_core/dn_vdata_reg[7]/D
T14A_CONE KV_SLOT        n=146    worst=-0.234   lvl=2   dp=3.597   logic=0.330   route=3.267   logic%=9.2    group=xdma_0_axi_aclk
T14A_CONE_PATH KV_SLOT bd_i/layer_0/inst/u_core/u_dma/slot_wdata_reg[1552]/C -> bd_i/layer_0/inst/u_core/g_kvslot[1].mem_reg_uram_43/CAS_IN_DIN_B[40]
T14A_CONE LAYER_OTHER    n=747    worst=-0.246   lvl=10  dp=4.133   logic=1.208   route=2.925   logic%=29.2   group=xdma_0_axi_aclk
T14A_CONE_PATH LAYER_OTHER bd_i/layer_0/inst/u_core/u_alu/op_q_reg[3]/C -> bd_i/layer_0/inst/u_core/u_alu/ps_rnd_reg[2]/D
T14A_CONE MVCHAN         n=107    worst=-0.207   lvl=0   dp=3.707   logic=0.079   route=3.628   logic%=2.1    group=xdma_0_axi_aclk
T14A_CONE_PATH MVCHAN bd_i/xdma_0/inst/pcie4_ip_i/inst/user_reset_reg/C -> bd_i/mvchan_3/inst/u_chan/csr_static_wbase_reg[26]/R
T14A_CONE SCRATCH_SMEM   n=53     worst=-0.212   lvl=1   dp=3.689   logic=0.118   route=3.571   logic%=3.2    group=xdma_0_axi_aclk
T14A_CONE_PATH SCRATCH_SMEM bd_i/layer_0/inst/u_core/cmd_op_reg[2]/C -> bd_i/layer_0/inst/u_core/smem_b_reg_bram_3/ADDRBWRADDR[6]
T14A_CONE SDMA           n=659    worst=-0.244   lvl=4   dp=4.104   logic=0.482   route=3.622   logic%=11.7   group=xdma_0_axi_aclk
T14A_CONE_PATH SDMA bd_i/layer_0/inst/u_core/dma_kind_reg[1]_rep__6/C -> bd_i/layer_0/inst/u_core/u_dma/fmem_reg_0_255_220_220/DP.D/I
T14A_CONE VENDOR         n=275    worst=-0.240   lvl=0   dp=3.653   logic=0.079   route=3.574   logic%=2.2    group=xdma_0_axi_aclk
T14A_CONE_PATH VENDOR bd_i/axil_smc/inst/switchboards/i_nodes/i_w_node/inst/inst_mi_handler/gen_normal_area.inst_fifo_node_payld/gen_reg_fifo.inst_reg_fifo/gen_single_rank.data_reg[38]/C -> bd_i/axil_slice_5/inst/w.w_pipe/m_payload_i_reg[12]/D
# puts "T14A_CONE_TALLY_END"
T14A_CONE_TALLY_END
# foreach g [lsort [array names gcnt]] {
#     set safe [regsub -all {[^A-Za-z0-9_]} $g "_"]
#     # A path-group name that -group will not take (spaces, **async_default**)
#     # must not kill the run: say so and move on.
#     if {[catch {get_timing_paths -quiet -max_paths $NMAX -nworst 1 -setup \
#                     -group $g -slack_lesser_than 0 -sort_by slack} ps]} {
#         puts "T14A_DETAIL_SKIP $g : $ps"
#         continue
#     }
#     puts "T14A_DETAIL_BEGIN $g n=[llength $ps]"
#     foreach p $ps {
#         set dl [get_property DATAPATH_DELAY $p]
#         set lg [get_property DATAPATH_LOGIC_DELAY $p]
#         set rt [get_property DATAPATH_NET_DELAY $p]
#         set pct "n/a"
#         if {$dl ne "" && $dl > 0} { set pct [format %.1f [expr {100.0*$lg/$dl}]] }
#         set sp [get_property STARTPOINT_PIN $p]
#         set ep [get_property ENDPOINT_PIN $p]
#         set cone "VENDOR"
#         foreach {name pat} $CONE { if {[string match $pat $ep]} { set cone $name; break } }
#         set ssl [slr_of $sp]
#         set esl [slr_of $ep]
#         set xslr [expr {$ssl eq $esl ? "same" : "CROSS"}]
#         puts [format "T14A_P %-8s %-14s lvl=%-3s dp=%-7s logic=%-7s route=%-7s logic%=%-6s %s %s->%s | %s <- %s" \
#             [get_property SLACK $p] $cone [get_property LOGIC_LEVELS $p] \
#             $dl $lg $rt $pct $xslr $ssl $esl $ep $sp]
#     }
#     puts "T14A_DETAIL_END $g"
#     if {[llength $ps] > 0} {
#         report_timing -of_objects $ps -path_type full_clock_expanded -input_pins \
#             -file ${PRE}_${safe}_paths.rpt
#         puts "T14A_WROTE ${PRE}_${safe}_paths.rpt"
#         report_design_analysis -of_timing_paths $ps -logic_level_distribution \
#             -file ${PRE}_${safe}_rda.rpt
#         report_design_analysis -of_timing_paths $ps -timing -append \
#             -file ${PRE}_${safe}_rda.rpt
#         puts "T14A_WROTE ${PRE}_${safe}_rda.rpt"
#     }
# }
T14A_DETAIL_BEGIN xdma_0_axi_aclk n=50
T14A_P -0.247   DN_VDATA       lvl=8   dp=3.885   logic=2.596   route=1.289   logic%=66.8   same SLR2->SLR2 | bd_i/layer_0/inst/u_core/dn_vdata_reg[7]/D <- bd_i/layer_0/inst/u_core/smem_a_reg_bram_8/CLKBWRCLK
T14A_P -0.247   DN_LANE        lvl=2   dp=3.822   logic=0.239   route=3.583   logic%=6.3    same SLR2->SLR2 | bd_i/layer_0/inst/u_core/u_dn/g_lane[84].p2_p_reg[84]/DSP_A_B_DATA_INST/B[1] <- bd_i/layer_0/inst/u_core/u_dn/row_reg[5]/C
T14A_P -0.247   AT_QDATA       lvl=8   dp=4.024   logic=2.557   route=1.467   logic%=63.5   same SLR2->SLR2 | bd_i/layer_0/inst/u_core/at_qdata_reg[0]_rep__6/D <- bd_i/layer_0/inst/u_core/smem_a_reg_bram_0/CLKBWRCLK
T14A_P -0.247   DN_VDATA       lvl=8   dp=3.925   logic=2.553   route=1.372   logic%=65.0   same SLR2->SLR2 | bd_i/layer_0/inst/u_core/dn_vdata_reg[10]/D <- bd_i/layer_0/inst/u_core/smem_a_reg_bram_16/CLKBWRCLK
T14A_P -0.246   DN_LANE        lvl=2   dp=4.177   logic=0.351   route=3.826   logic%=8.4    same SLR2->SLR2 | bd_i/layer_0/inst/u_core/u_dn/g_lane[38].p2_p_reg[38]/DSP_A_B_DATA_INST/B[14] <- bd_i/layer_0/inst/u_core/u_dn/row_reg[1]/C
T14A_P -0.246   LAYER_OTHER    lvl=10  dp=4.133   logic=1.208   route=2.925   logic%=29.2   same SLR2->SLR2 | bd_i/layer_0/inst/u_core/u_alu/ps_rnd_reg[2]/D <- bd_i/layer_0/inst/u_core/u_alu/op_q_reg[3]/C
T14A_P -0.246   LAYER_OTHER    lvl=2   dp=4.120   logic=0.249   route=3.871   logic%=6.0    same SLR2->SLR2 | bd_i/layer_0/inst/u_core/krow_reg[1500]/D <- bd_i/layer_0/inst/u_core/kb_i_reg[0]_rep/C
T14A_P -0.246   LAYER_OTHER    lvl=10  dp=4.130   logic=1.293   route=2.837   logic%=31.3   same SLR2->SLR2 | bd_i/layer_0/inst/u_core/u_alu/ps_rnd_reg[17]/D <- bd_i/layer_0/inst/u_core/u_alu/op_q_reg[3]/C
T14A_P -0.246   DN_LANE        lvl=2   dp=4.140   logic=0.216   route=3.924   logic%=5.2    same SLR2->SLR2 | bd_i/layer_0/inst/u_core/u_dn/g_lane[78].p2_p_reg[78]/DSP_A_B_DATA_INST/B[0] <- bd_i/layer_0/inst/u_core/u_dn/row_reg[5]/C
T14A_P -0.246   DN_LANE        lvl=2   dp=3.617   logic=0.304   route=3.313   logic%=8.4    same SLR2->SLR2 | bd_i/layer_0/inst/u_core/u_dn/g_lane[7].p2_p_reg[7]/DSP_A_B_DATA_INST/B[14] <- bd_i/layer_0/inst/u_core/u_dn/row_reg[2]/C
T14A_P -0.246   AT_QDATA       lvl=8   dp=4.023   logic=2.557   route=1.466   logic%=63.6   same SLR2->SLR2 | bd_i/layer_0/inst/u_core/at_qdata_reg[0]_rep/D <- bd_i/layer_0/inst/u_core/smem_a_reg_bram_0/CLKBWRCLK
T14A_P -0.245   LAYER_OTHER    lvl=8   dp=4.081   logic=2.607   route=1.474   logic%=63.9   same SLR2->SLR2 | bd_i/layer_0/inst/u_core/u_vn/ss_acc0_i_9_replica_psdsp_1/D <- bd_i/layer_0/inst/u_core/smem_a_reg_bram_0/CLKBWRCLK
T14A_P -0.244   DN_LANE        lvl=0   dp=3.829   logic=0.081   route=3.748   logic%=2.1    same SLR2->SLR2 | bd_i/layer_0/inst/u_core/u_dn/p_1_out__24__3/DSP_PREADD_DATA_INST/DIN[10] <- bd_i/layer_0/inst/u_core/u_dn/vdata_q_reg[10]_rep__10/C
T14A_P -0.244   SDMA           lvl=4   dp=4.104   logic=0.482   route=3.622   logic%=11.7   same SLR2->SLR2 | bd_i/layer_0/inst/u_core/u_dma/fmem_reg_0_255_220_220/DP.D/I <- bd_i/layer_0/inst/u_core/dma_kind_reg[1]_rep__6/C
T14A_P -0.244   LAYER_OTHER    lvl=4   dp=4.342   logic=0.512   route=3.830   logic%=11.8   same SLR2->SLR2 | bd_i/layer_0/inst/u_core/krow_reg[1059]/R <- bd_i/layer_0/inst/u_core/kb_i_reg[4]_rep__0/C
T14A_P -0.244   LAYER_OTHER    lvl=4   dp=4.342   logic=0.512   route=3.830   logic%=11.8   same SLR2->SLR2 | bd_i/layer_0/inst/u_core/krow_reg[1061]/R <- bd_i/layer_0/inst/u_core/kb_i_reg[4]_rep__0/C
T14A_P -0.244   LAYER_OTHER    lvl=4   dp=4.342   logic=0.512   route=3.830   logic%=11.8   same SLR2->SLR2 | bd_i/layer_0/inst/u_core/krow_reg[1062]/R <- bd_i/layer_0/inst/u_core/kb_i_reg[4]_rep__0/C
T14A_P -0.243   DN_LANE        lvl=2   dp=4.158   logic=0.351   route=3.807   logic%=8.4    same SLR2->SLR2 | bd_i/layer_0/inst/u_core/u_dn/p_0_out__13__4/DSP_A_B_DATA_INST/B[14] <- bd_i/layer_0/inst/u_core/u_dn/row_reg[1]/C
T14A_P -0.243   DN_LANE        lvl=1   dp=4.013   logic=1.268   route=2.745   logic%=31.6   same SLR2->SLR2 | bd_i/layer_0/inst/u_core/u_dn/p_1_out__12__2/DSP_A_B_DATA_INST/A[13] <- bd_i/layer_0/inst/u_core/g_dnslot[1].mem_reg_uram_10/CLK
T14A_P -0.243   ATTN_DSP       lvl=4   dp=4.505   logic=0.368   route=4.137   logic%=8.2    same SLR2->SLR2 | bd_i/layer_0/inst/u_core/u_attn/o_g4_reg[2][20]/D <- bd_i/layer_0/inst/u_core/u_attn/oi_reg[1]_rep__15/C
T14A_P -0.242   ATTN_DSP       lvl=2   dp=3.805   logic=1.660   route=2.145   logic%=43.6   same SLR2->SLR2 | bd_i/layer_0/inst/u_core/u_attn/g_lane[117].prod_reg[117]/DSP_A_B_DATA_INST/B[0] <- bd_i/layer_0/inst/u_core/g_kvslot[1].mem_reg_uram_26/CLK
T14A_P -0.242   ATTN_DSP       lvl=1   dp=4.216   logic=0.167   route=4.049   logic%=4.0    same SLR2->SLR2 | bd_i/layer_0/inst/u_core/u_attn/g_lane[121].prod_reg[121]/DSP_A_B_DATA_INST/CEA2 <- bd_i/layer_0/inst/u_core/u_attn/qwaddr_q_reg[0]/C
T14A_P -0.241   DN_LANE        lvl=2   dp=4.181   logic=0.207   route=3.974   logic%=5.0    same SLR2->SLR2 | bd_i/layer_0/inst/u_core/u_dn/p_0_out__11__2/DSP_A_B_DATA_INST/B[7] <- bd_i/layer_0/inst/u_core/u_dn/row_reg[5]/C
T14A_P -0.241   LAYER_OTHER    lvl=9   dp=4.087   logic=2.607   route=1.480   logic%=63.8   same SLR2->SLR2 | bd_i/layer_0/inst/u_core/cs_wd_reg[32]/D <- bd_i/layer_0/inst/u_core/smem_a_reg_bram_0/CLKBWRCLK
T14A_P -0.240   VENDOR         lvl=0   dp=3.653   logic=0.079   route=3.574   logic%=2.2    CROSS SLR1->SLR2 | bd_i/axil_slice_5/inst/w.w_pipe/m_payload_i_reg[12]/D <- bd_i/axil_smc/inst/switchboards/i_nodes/i_w_node/inst/inst_mi_handler/gen_normal_area.inst_fifo_node_payld/gen_reg_fifo.inst_reg_fifo/gen_single_rank.data_reg[38]/C
T14A_P -0.239   DN_LANE        lvl=2   dp=3.744   logic=0.254   route=3.490   logic%=6.8    same SLR2->SLR2 | bd_i/layer_0/inst/u_core/u_dn/g_lane[94].kvm_acc_reg[94]/DSP_A_B_DATA_INST/B[14] <- bd_i/layer_0/inst/u_core/u_dn/row_reg[1]/C
T14A_P -0.239   DN_LANE        lvl=2   dp=4.135   logic=0.239   route=3.896   logic%=5.8    same SLR2->SLR2 | bd_i/layer_0/inst/u_core/u_dn/g_lane[9].kvm_acc_reg[9]/DSP_A_B_DATA_INST/B[1] <- bd_i/layer_0/inst/u_core/u_dn/row_reg[5]/C
T14A_P -0.238   CONV_SILU_M3   lvl=12  dp=3.869   logic=2.289   route=1.580   logic%=59.2   same SLR2->SLR2 | bd_i/layer_0/inst/u_core/u_conv/u_silu/m3_reg/DSP_A_B_DATA_INST/B[15] <- bd_i/layer_0/inst/u_core/u_conv/u_silu/sig20_carry_i_3_psbram/C
T14A_P -0.238   LAYER_OTHER    lvl=11  dp=4.158   logic=1.237   route=2.921   logic%=29.7   same SLR2->SLR2 | bd_i/layer_0/inst/u_core/u_alu/ps_rnd_reg[4]/D <- bd_i/layer_0/inst/u_core/u_alu/op_q_reg[3]/C
T14A_P -0.238   LAYER_OTHER    lvl=10  dp=4.157   logic=1.271   route=2.886   logic%=30.6   same SLR2->SLR2 | bd_i/layer_0/inst/u_core/u_alu/ps_rnd_reg[20]/D <- bd_i/layer_0/inst/u_core/u_alu/op_q_reg[3]/C
T14A_P -0.238   LAYER_OTHER    lvl=8   dp=4.054   logic=2.535   route=1.519   logic%=62.5   same SLR2->SLR2 | bd_i/layer_0/inst/u_core/u_alu/pre_lo_reg[6]/D <- bd_i/layer_0/inst/u_core/smem_a_reg_bram_0/CLKBWRCLK
T14A_P -0.237   DN_LANE        lvl=4   dp=4.277   logic=0.326   route=3.951   logic%=7.6    same SLR2->SLR2 | bd_i/layer_0/inst/u_core/u_dn/o_sel_reg[34]/D <- bd_i/layer_0/inst/u_core/u_dn/oi_reg[2]/C
T14A_P -0.237   LAYER_OTHER    lvl=2   dp=4.182   logic=0.279   route=3.903   logic%=6.7    same SLR2->SLR2 | bd_i/layer_0/inst/u_core/u_topk/ent_reg[29][21]/CE <- bd_i/layer_0/inst/u_core/arg0_reg[1]/C
T14A_P -0.237   LAYER_OTHER    lvl=2   dp=4.182   logic=0.279   route=3.903   logic%=6.7    same SLR2->SLR2 | bd_i/layer_0/inst/u_core/u_topk/ent_reg[29][27]/CE <- bd_i/layer_0/inst/u_core/arg0_reg[1]/C
T14A_P -0.237   LAYER_OTHER    lvl=2   dp=4.182   logic=0.279   route=3.903   logic%=6.7    same SLR2->SLR2 | bd_i/layer_0/inst/u_core/u_topk/ent_reg[29][30]/CE <- bd_i/layer_0/inst/u_core/arg0_reg[1]/C
T14A_P -0.237   LAYER_OTHER    lvl=2   dp=4.182   logic=0.279   route=3.903   logic%=6.7    same SLR2->SLR2 | bd_i/layer_0/inst/u_core/u_topk/ent_reg[29][31]/CE <- bd_i/layer_0/inst/u_core/arg0_reg[1]/C
T14A_P -0.237   LAYER_OTHER    lvl=8   dp=4.076   logic=2.617   route=1.459   logic%=64.2   same SLR2->SLR2 | bd_i/layer_0/inst/u_core/rp_sdata_reg[10]/D <- bd_i/layer_0/inst/u_core/smem_a_reg_bram_16/CLKBWRCLK
T14A_P -0.237   DN_LANE        lvl=8   dp=3.757   logic=1.105   route=2.652   logic%=29.4   same SLR2->SLR2 | bd_i/layer_0/inst/u_core/u_dn/g_lane[43].dm_p_reg[43]/DSP_A_B_DATA_INST/A[21] <- bd_i/layer_0/inst/u_core/u_dn/g_lane[43].kvm_acc_reg[43]/DSP_OUTPUT_INST/CLK
T14A_P -0.237   LAYER_OTHER    lvl=4   dp=4.195   logic=0.481   route=3.714   logic%=11.5   same SLR2->SLR2 | bd_i/layer_0/inst/u_core/krow_reg[458]/CE <- bd_i/layer_0/inst/u_core/kb_i_reg[7]/C
T14A_P -0.236   LAYER_OTHER    lvl=2   dp=4.433   logic=0.229   route=4.204   logic%=5.2    same SLR2->SLR2 | bd_i/layer_0/inst/u_core/kv_wrow_reg[687]/CE <- bd_i/layer_0/inst/u_core/st_reg[1]/C
T14A_P -0.236   LAYER_OTHER    lvl=8   dp=3.818   logic=2.537   route=1.281   logic%=66.4   same SLR2->SLR2 | bd_i/layer_0/inst/u_core/u_axib/fdat_reg_0_3_0_13/RAMD_D1/I <- bd_i/layer_0/inst/u_core/smem_a_reg_bram_0/CLKBWRCLK
T14A_P -0.236   ATTN_DSP       lvl=4   dp=4.440   logic=0.341   route=4.099   logic%=7.7    same SLR2->SLR2 | bd_i/layer_0/inst/u_core/u_attn/o_g4_reg[1][12]/D <- bd_i/layer_0/inst/u_core/u_attn/oi_reg[1]_rep__10/C
T14A_P -0.235   LAYER_OTHER    lvl=2   dp=4.432   logic=0.229   route=4.203   logic%=5.2    same SLR2->SLR2 | bd_i/layer_0/inst/u_core/kv_wrow_reg[1219]/CE <- bd_i/layer_0/inst/u_core/st_reg[1]/C
T14A_P -0.235   DN_LANE        lvl=1   dp=4.008   logic=1.344   route=2.664   logic%=33.5   same SLR2->SLR2 | bd_i/layer_0/inst/u_core/u_dn/p_1_out__12__2/DSP_A_B_DATA_INST/A[17] <- bd_i/layer_0/inst/u_core/g_dnslot[1].mem_reg_uram_10/CLK
T14A_P -0.235   ATTN_DSP       lvl=3   dp=4.414   logic=0.256   route=4.158   logic%=5.8    same SLR2->SLR2 | bd_i/layer_0/inst/u_core/u_attn/o_g4_reg[2][16]/D <- bd_i/layer_0/inst/u_core/u_attn/oi_reg[2]_rep__1/C
T14A_P -0.235   DN_LANE        lvl=2   dp=4.157   logic=0.216   route=3.941   logic%=5.2    same SLR2->SLR2 | bd_i/layer_0/inst/u_core/u_dn/p_1_out__3__10/DSP_A_B_DATA_INST/B[8] <- bd_i/layer_0/inst/u_core/u_dn/row_reg[5]/C
T14A_P -0.235   LAYER_OTHER    lvl=4   dp=4.193   logic=0.481   route=3.712   logic%=11.5   same SLR2->SLR2 | bd_i/layer_0/inst/u_core/krow_reg[457]/CE <- bd_i/layer_0/inst/u_core/kb_i_reg[7]/C
T14A_P -0.235   LAYER_OTHER    lvl=4   dp=4.193   logic=0.481   route=3.712   logic%=11.5   same SLR2->SLR2 | bd_i/layer_0/inst/u_core/krow_reg[459]/CE <- bd_i/layer_0/inst/u_core/kb_i_reg[7]/C
T14A_P -0.235   DN_LANE        lvl=2   dp=3.842   logic=0.301   route=3.541   logic%=7.8    same SLR2->SLR2 | bd_i/layer_0/inst/u_core/u_dn/p_1_out__25__4/DSP_A_B_DATA_INST/B[2] <- bd_i/layer_0/inst/u_core/u_dn/row_reg[1]/C
T14A_P -0.234   DN_LANE        lvl=2   dp=3.680   logic=0.301   route=3.379   logic%=8.2    same SLR2->SLR2 | bd_i/layer_0/inst/u_core/u_dn/p_0_out__12__7/DSP_A_B_DATA_INST/B[2] <- bd_i/layer_0/inst/u_core/u_dn/row_reg[1]/C
T14A_DETAIL_END xdma_0_axi_aclk
WARNING: [Vivado 12-1072] '-of_objects' option can't be used with options '-path_type', '-input_pins', and 'nets', These options will be ignored.
T14A_WROTE evidence/qwen9b/g5/063_t14a_po2_xdma_0_axi_aclk_paths.rpt
report_design_analysis: Time (s): cpu = 00:00:46 ; elapsed = 00:00:07 . Memory (MB): peak = 11895.453 ; gain = 0.000 ; free physical = 23588 ; free virtual = 340147
T14A_WROTE evidence/qwen9b/g5/063_t14a_po2_xdma_0_axi_aclk_rda.rpt
# report_design_analysis -logic_level_distribution -logic_level_dist_paths 20000 \
#     -file ${PRE}_lld.rpt
report_design_analysis: Time (s): cpu = 00:00:57 ; elapsed = 00:00:22 . Memory (MB): peak = 11895.453 ; gain = 0.000 ; free physical = 23551 ; free virtual = 340111
# puts "T14A_WROTE ${PRE}_lld.rpt"
T14A_WROTE evidence/qwen9b/g5/063_t14a_po2_lld.rpt
# set PROBE {
#     DN_VDATA        {*u_core/dn_vdata_reg*/D}
#     AT_QDATA        {*u_core/at_qdata_reg*/D}
#     AXIL_RDATA      {*s_axil_rdata_reg*/D}
#     CONV_SILU_M3    {*u_conv*m3_reg*/D}
#     XLINE_Q0_CE     {*u_engine/xline_q0_reg*/CE}
# }
# puts "T14A_PROBE_BEGIN"
T14A_PROBE_BEGIN
# foreach {name pat} $PROBE {
#     set pins [get_pins -quiet -hier -filter "NAME =~ $pat"]
#     if {[llength $pins] == 0} { puts "T14A_PROBE $name PINS=0 ABSENT"; continue }
#     set p [lindex [get_timing_paths -quiet -to $pins -max_paths 1 -nworst 1 -setup] 0]
#     if {$p eq ""} { puts "T14A_PROBE $name PINS=[llength $pins] no-path"; continue }
#     set dl [get_property DATAPATH_DELAY $p]
#     set lg [get_property DATAPATH_LOGIC_DELAY $p]
#     set pct "n/a"
#     if {$dl ne "" && $dl > 0} { set pct [format %.1f [expr {100.0*$lg/$dl}]] }
#     puts [format "T14A_PROBE %-14s PINS=%-6d worst=%-8s lvl=%-3s dp=%-7s logic=%-7s route=%-7s logic%=%s" \
#         $name [llength $pins] [get_property SLACK $p] [get_property LOGIC_LEVELS $p] \
#         $dl $lg [get_property DATAPATH_NET_DELAY $p] $pct]
#     puts "T14A_PROBE_PATH $name [get_property STARTPOINT_PIN $p] -> [get_property ENDPOINT_PIN $p]"
#     report_timing -of_objects [list $p] -path_type full_clock_expanded -input_pins \
#         -file ${PRE}_probe_[string tolower $name].rpt
#     puts "T14A_WROTE ${PRE}_probe_[string tolower $name].rpt"
# }
T14A_PROBE DN_VDATA       PINS=21     worst=-0.247   lvl=8   dp=3.885   logic=2.596   route=1.289   logic%=66.8
T14A_PROBE_PATH DN_VDATA bd_i/layer_0/inst/u_core/smem_a_reg_bram_8/CLKBWRCLK -> bd_i/layer_0/inst/u_core/dn_vdata_reg[7]/D
WARNING: [Vivado 12-1072] '-of_objects' option can't be used with options '-path_type', '-input_pins', and 'nets', These options will be ignored.
T14A_WROTE evidence/qwen9b/g5/063_t14a_po2_probe_dn_vdata.rpt
T14A_PROBE AT_QDATA       PINS=263    worst=-0.247   lvl=8   dp=4.024   logic=2.557   route=1.467   logic%=63.5
T14A_PROBE_PATH AT_QDATA bd_i/layer_0/inst/u_core/smem_a_reg_bram_0/CLKBWRCLK -> bd_i/layer_0/inst/u_core/at_qdata_reg[0]_rep__6/D
WARNING: [Vivado 12-1072] '-of_objects' option can't be used with options '-path_type', '-input_pins', and 'nets', These options will be ignored.
T14A_WROTE evidence/qwen9b/g5/063_t14a_po2_probe_at_qdata.rpt
T14A_PROBE AXIL_RDATA     PINS=224    worst=-0.212   lvl=11  dp=4.052   logic=2.600   route=1.452   logic%=64.2
T14A_PROBE_PATH AXIL_RDATA bd_i/layer_0/inst/u_core/smem_a_reg_bram_0/CLKBWRCLK -> bd_i/layer_0/inst/u_core/s_axil_rdata_reg[8]/D
WARNING: [Vivado 12-1072] '-of_objects' option can't be used with options '-path_type', '-input_pins', and 'nets', These options will be ignored.
T14A_WROTE evidence/qwen9b/g5/063_t14a_po2_probe_axil_rdata.rpt
T14A_PROBE CONV_SILU_M3 PINS=27 no-path
T14A_PROBE XLINE_Q0_CE    PINS=4096   worst=0.009    lvl=5   dp=3.139   logic=0.406   route=2.733   logic%=12.9
T14A_PROBE_PATH XLINE_Q0_CE bd_i/mvchan_0/inst/u_chan/u_engine/r_g_reg[0]_rep__4/C -> bd_i/mvchan_0/inst/u_chan/u_engine/xline_q0_reg[20]__3/CE
WARNING: [Vivado 12-1072] '-of_objects' option can't be used with options '-path_type', '-input_pins', and 'nets', These options will be ignored.
T14A_WROTE evidence/qwen9b/g5/063_t14a_po2_probe_xline_q0_ce.rpt
# puts "T14A_PROBE_END"
T14A_PROBE_END
# puts "T14A_DONE"
T14A_DONE
INFO: [Common 17-206] Exiting Vivado at Sun Sep  6 23:09:52 2026...
=== rc: 0
=== end: 2026-09-06T23:10:07-06:00
