Copyright 1986-2022 Xilinx, Inc. All Rights Reserved. Copyright 2022-2024 Advanced Micro Devices, Inc. All Rights Reserved.
----------------------------------------------------------------------------------------------------------------------------------------------
| Tool Version : Vivado v.2024.2 (lin64) Build 5239630 Fri Nov 08 22:34:34 MST 2024
| Date         : Sun Sep  6 23:09:46 2026
| Host         : snoke running 64-bit Ubuntu 24.04.4 LTS
| Command      : report_design_analysis -logic_level_distribution -logic_level_dist_paths 20000 -file evidence/qwen9b/g5/063_t14a_po2_lld.rpt
| Design       : bd_wrapper
| Device       : xcvu9p
| Design State : Routed
----------------------------------------------------------------------------------------------------------------------------------------------

Report Design Analysis

Table of Contents
-----------------
1. Logic Level Distribution

1. Logic Level Distribution
---------------------------

+-----------------------------+-------------+-----+------+------+------+------+------+-----+-----+-----+-----+-----+-----+----+----+----+----+----+----+----+
|       End Point Clock       | Requirement |  0  |   1  |   2  |   3  |   4  |   5  |  6  |  7  |  8  |  9  |  10 |  11 | 12 | 13 | 14 | 15 | 16 | 17 | 18 |
+-----------------------------+-------------+-----+------+------+------+------+------+-----+-----+-----+-----+-----+-----+----+----+----+----+----+----+----+
| GTYE4_CHANNEL_TXOUTCLK[3]_1 | 2.000ns     |   0 |    2 |    0 |    0 |    0 |    0 |   0 |   0 |   0 |   0 |   0 |   0 |  0 |  0 |  0 |  0 |  0 |  0 |  0 |
| mmcm_clkout0_1              | 3.332ns     |  96 |   99 |  375 |   34 |   50 | 1453 |  16 |  30 |  20 |   3 |   0 |   0 |  0 |  0 |  0 |  0 |  0 |  0 |  0 |
| mmcm_clkout0_2              | 3.332ns     |  45 |  139 |  114 |   25 |   11 |   76 | 185 |   2 |  36 |   4 |   2 |   0 |  0 |  0 |  0 |  0 |  0 |  0 |  0 |
| mmcm_clkout0                | 3.332ns     |  13 |   62 |   93 |   10 |    7 |  260 |   2 |   1 |   4 |   0 |   5 |   2 |  0 |  0 |  0 |  0 |  0 |  0 |  0 |
| mmcm_clkout0_3              | 3.332ns     | 299 |  310 |  383 |   46 |   24 |  163 | 165 |  18 |   9 |   2 |   4 |   2 |  0 |  0 |  0 |  0 |  0 |  0 |  0 |
| xdma_0_axi_aclk             | 4.000ns     | 786 | 1485 | 4267 | 1222 | 1564 |   77 | 297 | 391 | 595 | 401 | 249 | 103 | 10 |  7 | 17 |  7 | 15 | 23 | 18 |
| xdma_0_axi_aclk             | 8.000ns     |   0 |    5 |   56 |  132 |   62 | 3510 |   0 |   0 |   0 |   0 |   0 |   0 |  0 |  0 |  0 |  0 |  0 |  0 |  0 |
+-----------------------------+-------------+-----+------+------+------+------+------+-----+-----+-----+-----+-----+-----+----+----+----+----+----+----+----+
* Columns represent the logic levels per end point clock
** Distribution is for top worst 20000 paths


