=== host: snoke
=== date: 2026-09-07T06:08:56-06:00
=== tree: c973c18
=== cmd:  synth/scripts/launch_build.sh build_041
=== venv: /home/cah/.venv/bin/python (exists)
===       ref/.venv/bin/python (ABSENT)
===       uv: /home/cah/.local/bin/uv (exists)
=== cpu:  nproc=48 OMP_NUM_THREADS=unset MKL_NUM_THREADS=unset
=== env:  FABLE5_MODEL=unset FABLE5_DN_STATE=unset FABLE5_RS_F=unset
===       FABLE5_CALIB_STATS=unset FABLE5_CALIB_MODE=unset
=== ---
=== create_project (c973c18a) ===
# must {add_files -norecurse $OutDir/proj/stage1.gen/sources_1/bd/bd/hdl/bd_wrapper.v}
# must {set_property top bd_wrapper [current_fileset]}
# puts "CREATE_PROJECT_OK"
CREATE_PROJECT_OK
INFO: [Common 17-206] Exiting Vivado at Mon Sep  7 06:13:18 2026...
=== build ===
# puts "BITSTREAM: $bit"
BITSTREAM: /home/cah/r2d2/code/fpga/fable5_llm/synth/out_build_041/proj/stage1.runs/impl_1/bd_wrapper.bit
# puts "BUILD_OK"
BUILD_OK
INFO: [Common 17-206] Exiting Vivado at Mon Sep  7 09:49:19 2026...
=== DONE: /home/cah/r2d2/code/fpga/fable5_llm/synth/out_build_041 ===
=== rc: 0
=== end: 2026-09-07T09:49:33-06:00
