Copyright 1986-2022 Xilinx, Inc. All Rights Reserved. Copyright 2022-2024 Advanced Micro Devices, Inc. All Rights Reserved.
----------------------------------------------------------------------------------------------------------------------------------------------------------------------------------------------------------------------------
| Tool Version      : Vivado v.2024.2 (lin64) Build 5239630 Fri Nov 08 22:34:34 MST 2024
| Date              : Mon Sep  7 06:26:21 2026
| Host              : snoke running 64-bit Ubuntu 24.04.4 LTS
| Command           : report_timing -of_objects dbg_hub/inst/BSCANID.u_xsdbm_id/SWITCH_N_EXT_BSCAN.u_bufg_icon_tck/O -path_type full_clock_expanded -input_pins -file evidence/qwen9b/g5/105_t14b_skewprobe_14A_mvchan2.rpt
| Design            : bd_wrapper
| Device            : xcvu9p-fsgd2104
| Speed File        : -2L  PRODUCTION 1.28 03-30-2022
| Design State      : Physopt postRoute
| Temperature Grade : E
----------------------------------------------------------------------------------------------------------------------------------------------------------------------------------------------------------------------------

Timing Report

Slack (MET) :             0.003ns  (required time - arrival time)
  Source:                 bd_i/mvchan_2/inst/u_chan/u_engine/r_g_reg[2]/C
                            (rising edge-triggered cell FDRE clocked by mmcm_clkout0_3  {rise@0.000ns fall@1.666ns period=3.332ns})
  Destination:            bd_i/mvchan_2/inst/u_chan/u_engine/ps_q_reg_i_3_psdsp/D
                            (rising edge-triggered cell FDRE clocked by mmcm_clkout0_3  {rise@0.000ns fall@1.666ns period=3.332ns})
  Path Group:             mmcm_clkout0_3
  Path Type:              Setup (Max at Slow Process Corner)
  Requirement:            3.332ns  (mmcm_clkout0_3 rise@3.332ns - mmcm_clkout0_3 rise@0.000ns)
  Data Path Delay:        3.420ns  (logic 0.339ns (9.913%)  route 3.081ns (90.087%))
  Logic Levels:           3  (LUT5=1 LUT6=1 MUXF8=1)
  Clock Path Skew:        0.118ns (DCD - SCD + CPR)
    Destination Clock Delay (DCD):    3.741ns = ( 7.073 - 3.332 ) 
    Source Clock Delay      (SCD):    3.213ns
    Clock Pessimism Removal (CPR):    -0.411ns
  Clock Uncertainty:      0.052ns  ((TSJ^2 + DJ^2)^1/2) / 2 + PE
    Total System Jitter     (TSJ):    0.071ns
    Discrete Jitter          (DJ):    0.077ns
    Phase Error              (PE):    0.000ns
  Clock Net Delay (Source):      1.964ns (routing 0.721ns, distribution 1.243ns)
  Clock Net Delay (Destination): 1.949ns (routing 0.655ns, distribution 1.294ns)

    Location             Delay type                Incr(ns)  Path(ns)    Netlist Resource(s)
  -------------------------------------------------------------------    -------------------
                         (clock mmcm_clkout0_3 rise edge)
                                                      0.000     0.000 r  
    F32                                               0.000     0.000 r  dimm2_refclk_clk_p (IN)
                         net (fo=0)                   0.100     0.100    bd_i/ddr4_2/inst/u_ddr4_mem_intfc/u_mig_ddr4_phy/inst/u_ddr4_phy_pll/diff_input_clk.u_ibufg_sys_clk/I
    HPIOBDIFFINBUF_X0Y204
                                                                      r  bd_i/ddr4_2/inst/u_ddr4_mem_intfc/u_mig_ddr4_phy/inst/u_ddr4_phy_pll/diff_input_clk.u_ibufg_sys_clk/DIFFINBUF_INST/DIFF_IN_P
    HPIOBDIFFINBUF_X0Y204
                         DIFFINBUF (Prop_DIFFINBUF_HPIOBDIFFINBUF_DIFF_IN_P_O)
                                                      0.569     0.669 r  bd_i/ddr4_2/inst/u_ddr4_mem_intfc/u_mig_ddr4_phy/inst/u_ddr4_phy_pll/diff_input_clk.u_ibufg_sys_clk/DIFFINBUF_INST/O
                         net (fo=1, routed)           0.050     0.719    bd_i/ddr4_2/inst/u_ddr4_mem_intfc/u_mig_ddr4_phy/inst/u_ddr4_phy_pll/diff_input_clk.u_ibufg_sys_clk/OUT
    F32                                                               r  bd_i/ddr4_2/inst/u_ddr4_mem_intfc/u_mig_ddr4_phy/inst/u_ddr4_phy_pll/diff_input_clk.u_ibufg_sys_clk/IBUFCTRL_INST/I
    F32                  IBUFCTRL (Prop_IBUFCTRL_HPIOB_M_I_O)
                                                      0.000     0.719 r  bd_i/ddr4_2/inst/u_ddr4_mem_intfc/u_mig_ddr4_phy/inst/u_ddr4_phy_pll/diff_input_clk.u_ibufg_sys_clk/IBUFCTRL_INST/O
                         net (fo=2, routed)           0.384     1.103    bd_i/ddr4_2/inst/u_ddr4_infrastructure/mmcm_clk_in
    MMCM_X0Y8                                                         r  bd_i/ddr4_2/inst/u_ddr4_infrastructure/gen_mmcme4.u_mmcme_adv_inst/CLKIN1
    MMCM_X0Y8            MMCME4_ADV (Prop_MMCM_CLKIN1_CLKOUT0)
                                                     -0.127     0.976 r  bd_i/ddr4_2/inst/u_ddr4_infrastructure/gen_mmcme4.u_mmcme_adv_inst/CLKOUT0
                         net (fo=1, routed)           0.245     1.221    bd_i/ddr4_2/inst/u_ddr4_infrastructure/mmcm_clkout0
    BUFGCE_X0Y196                                                     r  bd_i/ddr4_2/inst/u_ddr4_infrastructure/u_bufg_divClk/I
    BUFGCE_X0Y196        BUFGCE (Prop_BUFCE_BUFGCE_I_O)
                                                      0.028     1.249 r  bd_i/ddr4_2/inst/u_ddr4_infrastructure/u_bufg_divClk/O
    X2Y7 (CLOCK_ROOT)    net (fo=58599, routed)       1.964     3.213    bd_i/mvchan_2/inst/u_chan/u_engine/ui_clk
    SLICE_X55Y495        FDRE                                         r  bd_i/mvchan_2/inst/u_chan/u_engine/r_g_reg[2]/C
  -------------------------------------------------------------------    -------------------
    SLICE_X55Y495        FDRE (Prop_AFF2_SLICEL_C_Q)
                                                      0.081     3.294 r  bd_i/mvchan_2/inst/u_chan/u_engine/r_g_reg[2]/Q
                         net (fo=133, routed)         1.806     5.099    bd_i/mvchan_2/inst/u_chan/u_engine/r_g_reg[2]
    SLICE_X9Y542                                                      r  bd_i/mvchan_2/inst/u_chan/u_engine/ps_q_reg_i_103/S
    SLICE_X9Y542         MUXF8 (Prop_F8MUX_TOP_SLICEL_S_O)
                                                      0.069     5.168 r  bd_i/mvchan_2/inst/u_chan/u_engine/ps_q_reg_i_103/O
                         net (fo=1, routed)           0.654     5.822    bd_i/mvchan_2/inst/u_chan/u_engine/ps_q_reg_i_103_n_0
    SLICE_X20Y526                                                     r  bd_i/mvchan_2/inst/u_chan/u_engine/ps_q_reg_i_26/I3
    SLICE_X20Y526        LUT6 (Prop_H6LUT_SLICEL_I3_O)
                                                      0.150     5.972 r  bd_i/mvchan_2/inst/u_chan/u_engine/ps_q_reg_i_26/O
                         net (fo=1, routed)           0.273     6.245    bd_i/mvchan_2/inst/u_chan/u_engine/ps_q_reg_i_26_n_0
    SLICE_X24Y522                                                     r  bd_i/mvchan_2/inst/u_chan/u_engine/ps_q_reg_i_3/I2
    SLICE_X24Y522        LUT5 (Prop_H6LUT_SLICEM_I2_O)
                                                      0.039     6.284 r  bd_i/mvchan_2/inst/u_chan/u_engine/ps_q_reg_i_3/O
                         net (fo=1, routed)           0.348     6.632    bd_i/mvchan_2/inst/u_chan/u_engine/acc_bank_hi[15]
    SLICE_X30Y522        FDRE                                         r  bd_i/mvchan_2/inst/u_chan/u_engine/ps_q_reg_i_3_psdsp/D
  -------------------------------------------------------------------    -------------------

                         (clock mmcm_clkout0_3 rise edge)
                                                      3.332     3.332 r  
    F32                                               0.000     3.332 r  dimm2_refclk_clk_p (IN)
                         net (fo=0)                   0.079     3.411    bd_i/ddr4_2/inst/u_ddr4_mem_intfc/u_mig_ddr4_phy/inst/u_ddr4_phy_pll/diff_input_clk.u_ibufg_sys_clk/I
    HPIOBDIFFINBUF_X0Y204
                                                                      r  bd_i/ddr4_2/inst/u_ddr4_mem_intfc/u_mig_ddr4_phy/inst/u_ddr4_phy_pll/diff_input_clk.u_ibufg_sys_clk/DIFFINBUF_INST/DIFF_IN_P
    HPIOBDIFFINBUF_X0Y204
                         DIFFINBUF (Prop_DIFFINBUF_HPIOBDIFFINBUF_DIFF_IN_P_O)
                                                      0.472     3.883 r  bd_i/ddr4_2/inst/u_ddr4_mem_intfc/u_mig_ddr4_phy/inst/u_ddr4_phy_pll/diff_input_clk.u_ibufg_sys_clk/DIFFINBUF_INST/O
                         net (fo=1, routed)           0.040     3.923    bd_i/ddr4_2/inst/u_ddr4_mem_intfc/u_mig_ddr4_phy/inst/u_ddr4_phy_pll/diff_input_clk.u_ibufg_sys_clk/OUT
    F32                                                               r  bd_i/ddr4_2/inst/u_ddr4_mem_intfc/u_mig_ddr4_phy/inst/u_ddr4_phy_pll/diff_input_clk.u_ibufg_sys_clk/IBUFCTRL_INST/I
    F32                  IBUFCTRL (Prop_IBUFCTRL_HPIOB_M_I_O)
                                                      0.000     3.923 r  bd_i/ddr4_2/inst/u_ddr4_mem_intfc/u_mig_ddr4_phy/inst/u_ddr4_phy_pll/diff_input_clk.u_ibufg_sys_clk/IBUFCTRL_INST/O
                         net (fo=2, routed)           0.333     4.256    bd_i/ddr4_2/inst/u_ddr4_infrastructure/mmcm_clk_in
    MMCM_X0Y8                                                         r  bd_i/ddr4_2/inst/u_ddr4_infrastructure/gen_mmcme4.u_mmcme_adv_inst/CLKIN1
    MMCM_X0Y8            MMCME4_ADV (Prop_MMCM_CLKIN1_CLKOUT0)
                                                      0.630     4.886 r  bd_i/ddr4_2/inst/u_ddr4_infrastructure/gen_mmcme4.u_mmcme_adv_inst/CLKOUT0
                         net (fo=1, routed)           0.215     5.101    bd_i/ddr4_2/inst/u_ddr4_infrastructure/mmcm_clkout0
    BUFGCE_X0Y196                                                     r  bd_i/ddr4_2/inst/u_ddr4_infrastructure/u_bufg_divClk/I
    BUFGCE_X0Y196        BUFGCE (Prop_BUFCE_BUFGCE_I_O)
                                                      0.024     5.125 r  bd_i/ddr4_2/inst/u_ddr4_infrastructure/u_bufg_divClk/O
    X2Y7 (CLOCK_ROOT)    net (fo=58599, routed)       1.949     7.073    bd_i/mvchan_2/inst/u_chan/u_engine/ui_clk
    SLICE_X30Y522        FDRE                                         r  bd_i/mvchan_2/inst/u_chan/u_engine/ps_q_reg_i_3_psdsp/C
                         clock pessimism             -0.411     6.663    
                         clock uncertainty           -0.052     6.611    
    SLICE_X30Y522        FDRE (Setup_HFF2_SLICEM_C_D)
                                                      0.025     6.636    bd_i/mvchan_2/inst/u_chan/u_engine/ps_q_reg_i_3_psdsp
  -------------------------------------------------------------------
                         required time                          6.636    
                         arrival time                          -6.632    
  -------------------------------------------------------------------
                         slack                                  0.003    




