Copyright 1986-2022 Xilinx, Inc. All Rights Reserved. Copyright 2022-2024 Advanced Micro Devices, Inc. All Rights Reserved.
------------------------------------------------------------------------------------------------------------------------------------------------------------------------------------------------------------------------
| Tool Version      : Vivado v.2024.2 (lin64) Build 5239630 Fri Nov 08 22:34:34 MST 2024
| Date              : Mon Sep  7 06:26:23 2026
| Host              : snoke running 64-bit Ubuntu 24.04.4 LTS
| Command           : report_timing -of_objects dbg_hub/inst/BSCANID.u_xsdbm_id/SWITCH_N_EXT_BSCAN.u_bufg_icon_tck/O -path_type full_clock_expanded -input_pins -file evidence/qwen9b/g5/105_t14b_skewprobe_14A_seq.rpt
| Design            : bd_wrapper
| Device            : xcvu9p-fsgd2104
| Speed File        : -2L  PRODUCTION 1.28 03-30-2022
| Design State      : Physopt postRoute
| Temperature Grade : E
------------------------------------------------------------------------------------------------------------------------------------------------------------------------------------------------------------------------

Timing Report

Slack (MET) :             0.037ns  (required time - arrival time)
  Source:                 bd_i/seq_0/inst/u_seq/rec_reg[2]/C
                            (rising edge-triggered cell FDRE clocked by xdma_0_axi_aclk  {rise@0.000ns fall@2.000ns period=4.000ns})
  Destination:            bd_i/seq_0/inst/u_seq/xrf_reg[0][15]/D
                            (rising edge-triggered cell FDRE clocked by xdma_0_axi_aclk  {rise@0.000ns fall@2.000ns period=4.000ns})
  Path Group:             xdma_0_axi_aclk
  Path Type:              Setup (Max at Slow Process Corner)
  Requirement:            4.000ns  (xdma_0_axi_aclk rise@4.000ns - xdma_0_axi_aclk rise@0.000ns)
  Data Path Delay:        3.875ns  (logic 1.035ns (26.709%)  route 2.840ns (73.291%))
  Logic Levels:           9  (CARRY8=2 LUT3=1 LUT4=1 LUT5=1 LUT6=3 MUXF7=1)
  Clock Path Skew:        -0.067ns (DCD - SCD + CPR)
    Destination Clock Delay (DCD):    2.848ns = ( 6.848 - 4.000 ) 
    Source Clock Delay      (SCD):    3.158ns
    Clock Pessimism Removal (CPR):    0.244ns
  Clock Uncertainty:      0.046ns  ((TSJ^2 + DJ^2)^1/2) / 2 + PE
    Total System Jitter     (TSJ):    0.071ns
    Discrete Jitter          (DJ):    0.060ns
    Phase Error              (PE):    0.000ns
  Clock Net Delay (Source):      2.943ns (routing 1.183ns, distribution 1.760ns)
  Clock Net Delay (Destination): 2.656ns (routing 1.071ns, distribution 1.585ns)

    Location             Delay type                Incr(ns)  Path(ns)    Netlist Resource(s)
  -------------------------------------------------------------------    -------------------
                         (clock xdma_0_axi_aclk rise edge)
                                                      0.000     0.000 r  
    GTYE4_CHANNEL_X1Y35  GTYE4_CHANNEL                0.000     0.000 r  bd_i/xdma_0/inst/pcie4_ip_i/inst/bd_xdma_0_0_pcie4_ip_gt_top_i/diablo_gt.diablo_gt_phy_wrapper/gt_wizard.gtwizard_top_i/bd_xdma_0_0_pcie4_ip_gt_i/inst/gen_gtwizard_gtye4_top.bd_xdma_0_0_pcie4_ip_gt_gtwizard_gtye4_inst/gen_gtwizard_gtye4.gen_channel_container[32].gen_enabled_channel.gtye4_channel_wrapper_inst/channel_inst/gtye4_channel_gen.gen_gtye4_channel_inst[3].GTYE4_CHANNEL_PRIM_INST/TXOUTCLK
                         net (fo=7, routed)           0.085     0.085    bd_i/xdma_0/inst/pcie4_ip_i/inst/bd_xdma_0_0_pcie4_ip_gt_top_i/diablo_gt.diablo_gt_phy_wrapper/phy_clk_i/GT_TXOUTCLK[0]
    BUFG_GT_X1Y198                                                    r  bd_i/xdma_0/inst/pcie4_ip_i/inst/bd_xdma_0_0_pcie4_ip_gt_top_i/diablo_gt.diablo_gt_phy_wrapper/phy_clk_i/bufg_gt_userclk/I
    BUFG_GT_X1Y198       BUFG_GT (Prop_BUFG_GT_I_O)
                                                      0.130     0.215 r  bd_i/xdma_0/inst/pcie4_ip_i/inst/bd_xdma_0_0_pcie4_ip_gt_top_i/diablo_gt.diablo_gt_phy_wrapper/phy_clk_i/bufg_gt_userclk/O
    X3Y9 (CLOCK_ROOT)    net (fo=148450, routed)      2.943     3.158    bd_i/seq_0/inst/u_seq/aclk
    SLICE_X66Y393        FDRE                                         r  bd_i/seq_0/inst/u_seq/rec_reg[2]/C
  -------------------------------------------------------------------    -------------------
    SLICE_X66Y393        FDRE (Prop_CFF_SLICEM_C_Q)
                                                      0.078     3.236 r  bd_i/seq_0/inst/u_seq/rec_reg[2]/Q
                         net (fo=51, routed)          0.330     3.566    bd_i/seq_0/inst/u_seq/rec_reg_n_0_[2]
    SLICE_X65Y392                                                     r  bd_i/seq_0/inst/u_seq/mv_shift[31]_i_2/I1
    SLICE_X65Y392        LUT5 (Prop_B6LUT_SLICEL_I1_O)
                                                      0.148     3.714 r  bd_i/seq_0/inst/u_seq/mv_shift[31]_i_2/O
                         net (fo=4, routed)           0.321     4.035    bd_i/seq_0/inst/u_seq/mv_shift[31]_i_2_n_0
    SLICE_X67Y381                                                     r  bd_i/seq_0/inst/u_seq/wr_data_r[31]_i_15/I1
    SLICE_X67Y381        LUT3 (Prop_F6LUT_SLICEL_I1_O)
                                                      0.123     4.158 r  bd_i/seq_0/inst/u_seq/wr_data_r[31]_i_15/O
                         net (fo=70, routed)          0.719     4.876    bd_i/seq_0/inst/u_seq/wr_data_r[31]_i_15_n_0
    SLICE_X62Y370                                                     r  bd_i/seq_0/inst/u_seq/arg0_sh[3]_i_23/I4
    SLICE_X62Y370        LUT6 (Prop_D6LUT_SLICEM_I4_O)
                                                      0.037     4.913 r  bd_i/seq_0/inst/u_seq/arg0_sh[3]_i_23/O
                         net (fo=1, routed)           0.025     4.938    bd_i/seq_0/inst/u_seq/arg0_sh[3]_i_23_n_0
    SLICE_X62Y370                                                     r  bd_i/seq_0/inst/u_seq/arg0_sh_reg[3]_i_15/I0
    SLICE_X62Y370        MUXF7 (Prop_F7MUX_CD_SLICEM_I0_O)
                                                      0.069     5.007 r  bd_i/seq_0/inst/u_seq/arg0_sh_reg[3]_i_15/O
                         net (fo=3, routed)           0.464     5.472    bd_i/seq_0/inst/u_seq/arg0_sh_reg[3]_i_15_n_0
    SLICE_X67Y358                                                     r  bd_i/seq_0/inst/u_seq/arg0_sh[3]_i_7/I4
    SLICE_X67Y358        LUT6 (Prop_H6LUT_SLICEL_I4_O)
                                                      0.099     5.571 r  bd_i/seq_0/inst/u_seq/arg0_sh[3]_i_7/O
                         net (fo=1, routed)           0.010     5.581    bd_i/seq_0/inst/u_seq/arg0_sh[3]_i_7_n_0
    SLICE_X67Y358                                                     r  bd_i/seq_0/inst/u_seq/arg0_sh_reg[3]_i_2/S[7]
    SLICE_X67Y358        CARRY8 (Prop_CARRY8_SLICEL_S[7]_CO[7])
                                                      0.115     5.696 r  bd_i/seq_0/inst/u_seq/arg0_sh_reg[3]_i_2/CO[7]
                         net (fo=1, routed)           0.026     5.722    bd_i/seq_0/inst/u_seq/arg0_sh_reg[3]_i_2_n_0
    SLICE_X67Y359                                                     r  bd_i/seq_0/inst/u_seq/wr_data_r_reg[15]_i_1/CI
    SLICE_X67Y359        CARRY8 (Prop_CARRY8_SLICEL_CI_O[7])
                                                      0.130     5.852 r  bd_i/seq_0/inst/u_seq/wr_data_r_reg[15]_i_1/O[7]
                         net (fo=5, routed)           0.387     6.239    bd_i/seq_0/inst/u_seq/wr_data_r_reg[15]_i_1_n_8
    SLICE_X66Y367                                                     r  bd_i/seq_0/inst/u_seq/xrf[1][15]_i_2/I3
    SLICE_X66Y367        LUT6 (Prop_F6LUT_SLICEM_I3_O)
                                                      0.148     6.387 r  bd_i/seq_0/inst/u_seq/xrf[1][15]_i_2/O
                         net (fo=8, routed)           0.486     6.873    bd_i/seq_0/inst/u_seq/xrf[1][15]_i_2_n_0
    SLICE_X62Y375                                                     r  bd_i/seq_0/inst/u_seq/xrf[0][15]_i_1/I3
    SLICE_X62Y375        LUT4 (Prop_D6LUT_SLICEM_I3_O)
                                                      0.088     6.961 r  bd_i/seq_0/inst/u_seq/xrf[0][15]_i_1/O
                         net (fo=1, routed)           0.072     7.033    bd_i/seq_0/inst/u_seq/xrf[0][15]_i_1_n_0
    SLICE_X62Y375        FDRE                                         r  bd_i/seq_0/inst/u_seq/xrf_reg[0][15]/D
  -------------------------------------------------------------------    -------------------

                         (clock xdma_0_axi_aclk rise edge)
                                                      4.000     4.000 r  
    GTYE4_CHANNEL_X1Y35  GTYE4_CHANNEL                0.000     4.000 r  bd_i/xdma_0/inst/pcie4_ip_i/inst/bd_xdma_0_0_pcie4_ip_gt_top_i/diablo_gt.diablo_gt_phy_wrapper/gt_wizard.gtwizard_top_i/bd_xdma_0_0_pcie4_ip_gt_i/inst/gen_gtwizard_gtye4_top.bd_xdma_0_0_pcie4_ip_gt_gtwizard_gtye4_inst/gen_gtwizard_gtye4.gen_channel_container[32].gen_enabled_channel.gtye4_channel_wrapper_inst/channel_inst/gtye4_channel_gen.gen_gtye4_channel_inst[3].GTYE4_CHANNEL_PRIM_INST/TXOUTCLK
                         net (fo=7, routed)           0.078     4.078    bd_i/xdma_0/inst/pcie4_ip_i/inst/bd_xdma_0_0_pcie4_ip_gt_top_i/diablo_gt.diablo_gt_phy_wrapper/phy_clk_i/GT_TXOUTCLK[0]
    BUFG_GT_X1Y198                                                    r  bd_i/xdma_0/inst/pcie4_ip_i/inst/bd_xdma_0_0_pcie4_ip_gt_top_i/diablo_gt.diablo_gt_phy_wrapper/phy_clk_i/bufg_gt_userclk/I
    BUFG_GT_X1Y198       BUFG_GT (Prop_BUFG_GT_I_O)
                                                      0.114     4.192 r  bd_i/xdma_0/inst/pcie4_ip_i/inst/bd_xdma_0_0_pcie4_ip_gt_top_i/diablo_gt.diablo_gt_phy_wrapper/phy_clk_i/bufg_gt_userclk/O
    X3Y9 (CLOCK_ROOT)    net (fo=148450, routed)      2.656     6.848    bd_i/seq_0/inst/u_seq/aclk
    SLICE_X62Y375        FDRE                                         r  bd_i/seq_0/inst/u_seq/xrf_reg[0][15]/C
                         clock pessimism              0.244     7.091    
                         clock uncertainty           -0.046     7.045    
    SLICE_X62Y375        FDRE (Setup_DFF_SLICEM_C_D)
                                                      0.025     7.070    bd_i/seq_0/inst/u_seq/xrf_reg[0][15]
  -------------------------------------------------------------------
                         required time                          7.070    
                         arrival time                          -7.033    
  -------------------------------------------------------------------
                         slack                                  0.037    




