Copyright 1986-2022 Xilinx, Inc. All Rights Reserved. Copyright 2022-2024 Advanced Micro Devices, Inc. All Rights Reserved.
------------------------------------------------------------------------------------------------------------------------------------------------------------------------------------------------------------------------
| Tool Version      : Vivado v.2024.2 (lin64) Build 5239630 Fri Nov 08 22:34:34 MST 2024
| Date              : Mon Sep  7 09:59:55 2026
| Host              : snoke running 64-bit Ubuntu 24.04.4 LTS
| Command           : report_timing -of_objects dbg_hub/inst/BSCANID.u_xsdbm_id/SWITCH_N_EXT_BSCAN.u_bufg_icon_tck/O -path_type full_clock_expanded -input_pins -file evidence/qwen9b/g5/111_t14b_skewprobe_041_seq.rpt
| Design            : bd_wrapper
| Device            : xcvu9p-fsgd2104
| Speed File        : -2L  PRODUCTION 1.28 03-30-2022
| Design State      : Routed
| Temperature Grade : E
------------------------------------------------------------------------------------------------------------------------------------------------------------------------------------------------------------------------

Timing Report

Slack (MET) :             0.097ns  (required time - arrival time)
  Source:                 bd_i/seq_0/inst/u_seq/rec_reg[5]/C
                            (rising edge-triggered cell FDRE clocked by xdma_0_axi_aclk  {rise@0.000ns fall@2.000ns period=4.000ns})
  Destination:            bd_i/seq_0/inst/u_seq/xrf_reg[1][15]/D
                            (rising edge-triggered cell FDRE clocked by xdma_0_axi_aclk  {rise@0.000ns fall@2.000ns period=4.000ns})
  Path Group:             xdma_0_axi_aclk
  Path Type:              Setup (Max at Slow Process Corner)
  Requirement:            4.000ns  (xdma_0_axi_aclk rise@4.000ns - xdma_0_axi_aclk rise@0.000ns)
  Data Path Delay:        3.781ns  (logic 1.052ns (27.825%)  route 2.729ns (72.175%))
  Logic Levels:           10  (CARRY8=2 LUT3=2 LUT4=1 LUT5=1 LUT6=3 MUXF7=1)
  Clock Path Skew:        -0.101ns (DCD - SCD + CPR)
    Destination Clock Delay (DCD):    3.325ns = ( 7.325 - 4.000 ) 
    Source Clock Delay      (SCD):    3.714ns
    Clock Pessimism Removal (CPR):    0.288ns
  Clock Uncertainty:      0.046ns  ((TSJ^2 + DJ^2)^1/2) / 2 + PE
    Total System Jitter     (TSJ):    0.071ns
    Discrete Jitter          (DJ):    0.060ns
    Phase Error              (PE):    0.000ns
  Clock Net Delay (Source):      3.499ns (routing 1.751ns, distribution 1.748ns)
  Clock Net Delay (Destination): 3.133ns (routing 1.583ns, distribution 1.550ns)

    Location             Delay type                Incr(ns)  Path(ns)    Netlist Resource(s)
  -------------------------------------------------------------------    -------------------
                         (clock xdma_0_axi_aclk rise edge)
                                                      0.000     0.000 r  
    GTYE4_CHANNEL_X1Y35  GTYE4_CHANNEL                0.000     0.000 r  bd_i/xdma_0/inst/pcie4_ip_i/inst/bd_xdma_0_0_pcie4_ip_gt_top_i/diablo_gt.diablo_gt_phy_wrapper/gt_wizard.gtwizard_top_i/bd_xdma_0_0_pcie4_ip_gt_i/inst/gen_gtwizard_gtye4_top.bd_xdma_0_0_pcie4_ip_gt_gtwizard_gtye4_inst/gen_gtwizard_gtye4.gen_channel_container[32].gen_enabled_channel.gtye4_channel_wrapper_inst/channel_inst/gtye4_channel_gen.gen_gtye4_channel_inst[3].GTYE4_CHANNEL_PRIM_INST/TXOUTCLK
                         net (fo=7, routed)           0.085     0.085    bd_i/xdma_0/inst/pcie4_ip_i/inst/bd_xdma_0_0_pcie4_ip_gt_top_i/diablo_gt.diablo_gt_phy_wrapper/phy_clk_i/GT_TXOUTCLK[0]
    BUFG_GT_X1Y203                                                    r  bd_i/xdma_0/inst/pcie4_ip_i/inst/bd_xdma_0_0_pcie4_ip_gt_top_i/diablo_gt.diablo_gt_phy_wrapper/phy_clk_i/bufg_gt_userclk/I
    BUFG_GT_X1Y203       BUFG_GT (Prop_BUFG_GT_I_O)
                                                      0.130     0.215 r  bd_i/xdma_0/inst/pcie4_ip_i/inst/bd_xdma_0_0_pcie4_ip_gt_top_i/diablo_gt.diablo_gt_phy_wrapper/phy_clk_i/bufg_gt_userclk/O
    X3Y5 (CLOCK_ROOT)    net (fo=150536, routed)      3.499     3.714    bd_i/seq_0/inst/u_seq/aclk
    SLICE_X59Y307        FDRE                                         r  bd_i/seq_0/inst/u_seq/rec_reg[5]/C
  -------------------------------------------------------------------    -------------------
    SLICE_X59Y307        FDRE (Prop_FFF_SLICEM_C_Q)
                                                      0.076     3.790 f  bd_i/seq_0/inst/u_seq/rec_reg[5]/Q
                         net (fo=2, routed)           0.265     4.055    bd_i/seq_0/inst/u_seq/rec_reg_n_0_[5]
    SLICE_X59Y310                                                     f  bd_i/seq_0/inst/u_seq/err_code[2]_i_3/I1
    SLICE_X59Y310        LUT4 (Prop_G6LUT_SLICEM_I1_O)
                                                      0.123     4.178 r  bd_i/seq_0/inst/u_seq/err_code[2]_i_3/O
                         net (fo=9, routed)           0.052     4.230    bd_i/seq_0/inst/u_seq/err_code[2]_i_3_n_0
    SLICE_X59Y310                                                     r  bd_i/seq_0/inst/u_seq/mv_shift[31]_i_2/I0
    SLICE_X59Y310        LUT5 (Prop_H6LUT_SLICEM_I0_O)
                                                      0.053     4.283 r  bd_i/seq_0/inst/u_seq/mv_shift[31]_i_2/O
                         net (fo=4, routed)           0.119     4.402    bd_i/seq_0/inst/u_seq/mv_shift[31]_i_2_n_0
    SLICE_X60Y310                                                     r  bd_i/seq_0/inst/u_seq/wr_data_r[31]_i_15/I1
    SLICE_X60Y310        LUT3 (Prop_H6LUT_SLICEM_I1_O)
                                                      0.039     4.441 r  bd_i/seq_0/inst/u_seq/wr_data_r[31]_i_15/O
                         net (fo=70, routed)          0.544     4.985    bd_i/seq_0/inst/u_seq/wr_data_r[31]_i_15_n_0
    SLICE_X61Y322                                                     r  bd_i/seq_0/inst/u_seq/arg0_sh[3]_i_33/I4
    SLICE_X61Y322        LUT6 (Prop_H6LUT_SLICEL_I4_O)
                                                      0.051     5.036 r  bd_i/seq_0/inst/u_seq/arg0_sh[3]_i_33/O
                         net (fo=1, routed)           0.010     5.046    bd_i/seq_0/inst/u_seq/arg0_sh[3]_i_33_n_0
    SLICE_X61Y322                                                     r  bd_i/seq_0/inst/u_seq/arg0_sh_reg[3]_i_20/I0
    SLICE_X61Y322        MUXF7 (Prop_F7MUX_GH_SLICEL_I0_O)
                                                      0.064     5.110 r  bd_i/seq_0/inst/u_seq/arg0_sh_reg[3]_i_20/O
                         net (fo=3, routed)           0.695     5.805    bd_i/seq_0/inst/u_seq/arg0_sh_reg[3]_i_20_n_0
    SLICE_X69Y313                                                     r  bd_i/seq_0/inst/u_seq/arg0_sh[3]_i_12/I4
    SLICE_X69Y313        LUT6 (Prop_C6LUT_SLICEL_I4_O)
                                                      0.088     5.893 r  bd_i/seq_0/inst/u_seq/arg0_sh[3]_i_12/O
                         net (fo=1, routed)           0.010     5.903    bd_i/seq_0/inst/u_seq/arg0_sh[3]_i_12_n_0
    SLICE_X69Y313                                                     r  bd_i/seq_0/inst/u_seq/arg0_sh_reg[3]_i_2/S[2]
    SLICE_X69Y313        CARRY8 (Prop_CARRY8_SLICEL_S[2]_CO[7])
                                                      0.155     6.058 r  bd_i/seq_0/inst/u_seq/arg0_sh_reg[3]_i_2/CO[7]
                         net (fo=1, routed)           0.026     6.084    bd_i/seq_0/inst/u_seq/arg0_sh_reg[3]_i_2_n_0
    SLICE_X69Y314                                                     r  bd_i/seq_0/inst/u_seq/wr_data_r_reg[15]_i_1/CI
    SLICE_X69Y314        CARRY8 (Prop_CARRY8_SLICEL_CI_O[7])
                                                      0.130     6.214 r  bd_i/seq_0/inst/u_seq/wr_data_r_reg[15]_i_1/O[7]
                         net (fo=5, routed)           0.293     6.507    bd_i/seq_0/inst/u_seq/wr_data_r_reg[15]_i_1_n_8
    SLICE_X67Y318                                                     r  bd_i/seq_0/inst/u_seq/xrf[1][15]_i_2/I3
    SLICE_X67Y318        LUT6 (Prop_F6LUT_SLICEL_I3_O)
                                                      0.148     6.655 r  bd_i/seq_0/inst/u_seq/xrf[1][15]_i_2/O
                         net (fo=8, routed)           0.657     7.312    bd_i/seq_0/inst/u_seq/xrf[1][15]_i_2_n_0
    SLICE_X60Y324                                                     r  bd_i/seq_0/inst/u_seq/xrf[1][15]_i_1/I2
    SLICE_X60Y324        LUT3 (Prop_H6LUT_SLICEM_I2_O)
                                                      0.125     7.437 r  bd_i/seq_0/inst/u_seq/xrf[1][15]_i_1/O
                         net (fo=1, routed)           0.058     7.495    bd_i/seq_0/inst/u_seq/xrf[1][15]_i_1_n_0
    SLICE_X60Y324        FDRE                                         r  bd_i/seq_0/inst/u_seq/xrf_reg[1][15]/D
  -------------------------------------------------------------------    -------------------

                         (clock xdma_0_axi_aclk rise edge)
                                                      4.000     4.000 r  
    GTYE4_CHANNEL_X1Y35  GTYE4_CHANNEL                0.000     4.000 r  bd_i/xdma_0/inst/pcie4_ip_i/inst/bd_xdma_0_0_pcie4_ip_gt_top_i/diablo_gt.diablo_gt_phy_wrapper/gt_wizard.gtwizard_top_i/bd_xdma_0_0_pcie4_ip_gt_i/inst/gen_gtwizard_gtye4_top.bd_xdma_0_0_pcie4_ip_gt_gtwizard_gtye4_inst/gen_gtwizard_gtye4.gen_channel_container[32].gen_enabled_channel.gtye4_channel_wrapper_inst/channel_inst/gtye4_channel_gen.gen_gtye4_channel_inst[3].GTYE4_CHANNEL_PRIM_INST/TXOUTCLK
                         net (fo=7, routed)           0.078     4.078    bd_i/xdma_0/inst/pcie4_ip_i/inst/bd_xdma_0_0_pcie4_ip_gt_top_i/diablo_gt.diablo_gt_phy_wrapper/phy_clk_i/GT_TXOUTCLK[0]
    BUFG_GT_X1Y203                                                    r  bd_i/xdma_0/inst/pcie4_ip_i/inst/bd_xdma_0_0_pcie4_ip_gt_top_i/diablo_gt.diablo_gt_phy_wrapper/phy_clk_i/bufg_gt_userclk/I
    BUFG_GT_X1Y203       BUFG_GT (Prop_BUFG_GT_I_O)
                                                      0.114     4.192 r  bd_i/xdma_0/inst/pcie4_ip_i/inst/bd_xdma_0_0_pcie4_ip_gt_top_i/diablo_gt.diablo_gt_phy_wrapper/phy_clk_i/bufg_gt_userclk/O
    X3Y5 (CLOCK_ROOT)    net (fo=150536, routed)      3.133     7.325    bd_i/seq_0/inst/u_seq/aclk
    SLICE_X60Y324        FDRE                                         r  bd_i/seq_0/inst/u_seq/xrf_reg[1][15]/C
                         clock pessimism              0.288     7.613    
                         clock uncertainty           -0.046     7.567    
    SLICE_X60Y324        FDRE (Setup_HFF_SLICEM_C_D)
                                                      0.025     7.592    bd_i/seq_0/inst/u_seq/xrf_reg[1][15]
  -------------------------------------------------------------------
                         required time                          7.592    
                         arrival time                          -7.495    
  -------------------------------------------------------------------
                         slack                                  0.097    




