=== host: snoke
=== date: 2026-09-07T15:15:23-06:00
=== tree: a945159
=== cmd:  bash -c source /home/cah/r2d2/sc2data/tools/Vivado/2024.2/settings64.sh >/dev/null && exec vivado -mode batch -nolog -nojournal -source evidence/qwen9b/g5/g5b_t14a_cone_census.tcl -tclargs synth/out_build_041_po2_AltSpreadLogic_high/proj/stage1.runs/impl_1/bd_wrapper_postroute_physopt.dcp evidence/qwen9b/g5/124_t14b_cones_ash 50
=== venv: /home/cah/.venv/bin/python (exists)
===       ref/.venv/bin/python (ABSENT)
===       uv: /home/cah/.local/bin/uv (exists)
=== cpu:  nproc=48 OMP_NUM_THREADS=unset MKL_NUM_THREADS=unset
=== env:  FABLE5_MODEL=unset FABLE5_DN_STATE=unset FABLE5_RS_F=unset
===       FABLE5_CALIB_STATS=unset FABLE5_CALIB_MODE=unset
=== ---

****** Vivado v2024.2 (64-bit)
  **** SW Build 5239630 on Fri Nov 08 22:34:34 MST 2024
  **** IP Build 5239520 on Sun Nov 10 16:12:51 MST 2024
  **** SharedData Build 5239561 on Fri Nov 08 14:39:27 MST 2024
  **** Start of session at: Mon Sep  7 15:15:25 2026
    ** Copyright 1986-2022 Xilinx, Inc. All Rights Reserved.
    ** Copyright 2022-2024 Advanced Micro Devices, Inc. All Rights Reserved.

source evidence/qwen9b/g5/g5b_t14a_cone_census.tcl
# if {[llength $argv] < 2} { puts "FATAL: need <dcp> <out_prefix> \[max_paths\]"; exit 1 }
# set DCP  [lindex $argv 0]
# set PRE  [lindex $argv 1]
# set NMAX 50
# if {[llength $argv] > 2} { set NMAX [lindex $argv 2] }
# if {![file exists $DCP]} { puts "FATAL: no such checkpoint: $DCP"; exit 1 }
# set_param general.maxThreads 8
# puts "T14A_DCP: $DCP"
T14A_DCP: synth/out_build_041_po2_AltSpreadLogic_high/proj/stage1.runs/impl_1/bd_wrapper_postroute_physopt.dcp
# puts "T14A_DCP_MTIME: [clock format [file mtime $DCP] -format {%Y-%m-%d %H:%M:%S}]"
T14A_DCP_MTIME: 2026-09-07 13:51:35
# puts "T14A_DCP_BYTES: [file size $DCP]"
T14A_DCP_BYTES: 287183326
# puts "T14A_OUT_PREFIX: $PRE"
T14A_OUT_PREFIX: evidence/qwen9b/g5/124_t14b_cones_ash
# puts "T14A_MAX_PATHS: $NMAX"
T14A_MAX_PATHS: 50
# open_checkpoint $DCP
Command: open_checkpoint synth/out_build_041_po2_AltSpreadLogic_high/proj/stage1.runs/impl_1/bd_wrapper_postroute_physopt.dcp

Starting open_checkpoint Task

Time (s): cpu = 00:00:00.06 ; elapsed = 00:00:00.06 . Memory (MB): peak = 1410.641 ; gain = 0.000 ; free physical = 51853 ; free virtual = 355377
INFO: [Device 21-403] Loading part xcvu9p-fsgd2104-2L-e
Netlist sorting complete. Time (s): cpu = 00:00:08 ; elapsed = 00:00:08 . Memory (MB): peak = 3882.363 ; gain = 0.000 ; free physical = 42611 ; free virtual = 346297
INFO: [Netlist 29-17] Analyzing 31335 Unisim elements for replacement
INFO: [Netlist 29-28] Unisim Transformation completed in 27 CPU seconds
INFO: [Project 1-479] Netlist was created with Vivado 2024.2
INFO: [Project 1-570] Preparing netlist for logic optimization
WARNING: [Constraints 18-550] Could not create 'DRIVE' constraint because net 'bd_i/ddr4_0/inst/u_ddr4_mem_intfc/u_mig_ddr4_phy/cal_RESET_n[0]' is not directly connected to top level port. 'DRIVE' is ignored for synthesis but preserved for implementation.
WARNING: [Constraints 18-550] Could not create 'SLEW' constraint because net 'bd_i/ddr4_0/inst/u_ddr4_mem_intfc/u_mig_ddr4_phy/cal_RESET_n[0]' is not directly connected to top level port. 'SLEW' is ignored for synthesis but preserved for implementation.
WARNING: [Constraints 18-550] Could not create 'IBUF_LOW_PWR' constraint because net 'bd_i/ddr4_0/inst/u_ddr4_mem_intfc/u_mig_ddr4_phy/sys_clk_in' is not directly connected to top level port. 'IBUF_LOW_PWR' is ignored for synthesis but preserved for implementation.
WARNING: [Constraints 18-550] Could not create 'DRIVE' constraint because net 'bd_i/ddr4_1/inst/u_ddr4_mem_intfc/u_mig_ddr4_phy/cal_RESET_n[0]' is not directly connected to top level port. 'DRIVE' is ignored for synthesis but preserved for implementation.
WARNING: [Constraints 18-550] Could not create 'SLEW' constraint because net 'bd_i/ddr4_1/inst/u_ddr4_mem_intfc/u_mig_ddr4_phy/cal_RESET_n[0]' is not directly connected to top level port. 'SLEW' is ignored for synthesis but preserved for implementation.
WARNING: [Constraints 18-550] Could not create 'IBUF_LOW_PWR' constraint because net 'bd_i/ddr4_1/inst/u_ddr4_mem_intfc/u_mig_ddr4_phy/sys_clk_in' is not directly connected to top level port. 'IBUF_LOW_PWR' is ignored for synthesis but preserved for implementation.
WARNING: [Constraints 18-550] Could not create 'DRIVE' constraint because net 'bd_i/ddr4_2/inst/u_ddr4_mem_intfc/u_mig_ddr4_phy/cal_RESET_n[0]' is not directly connected to top level port. 'DRIVE' is ignored for synthesis but preserved for implementation.
WARNING: [Constraints 18-550] Could not create 'SLEW' constraint because net 'bd_i/ddr4_2/inst/u_ddr4_mem_intfc/u_mig_ddr4_phy/cal_RESET_n[0]' is not directly connected to top level port. 'SLEW' is ignored for synthesis but preserved for implementation.
WARNING: [Constraints 18-550] Could not create 'IBUF_LOW_PWR' constraint because net 'bd_i/ddr4_2/inst/u_ddr4_mem_intfc/u_mig_ddr4_phy/sys_clk_in' is not directly connected to top level port. 'IBUF_LOW_PWR' is ignored for synthesis but preserved for implementation.
WARNING: [Constraints 18-550] Could not create 'DRIVE' constraint because net 'bd_i/ddr4_3/inst/u_ddr4_mem_intfc/u_mig_ddr4_phy/cal_RESET_n[0]' is not directly connected to top level port. 'DRIVE' is ignored for synthesis but preserved for implementation.
WARNING: [Constraints 18-550] Could not create 'SLEW' constraint because net 'bd_i/ddr4_3/inst/u_ddr4_mem_intfc/u_mig_ddr4_phy/cal_RESET_n[0]' is not directly connected to top level port. 'SLEW' is ignored for synthesis but preserved for implementation.
WARNING: [Constraints 18-550] Could not create 'IBUF_LOW_PWR' constraint because net 'bd_i/ddr4_3/inst/u_ddr4_mem_intfc/u_mig_ddr4_phy/sys_clk_in' is not directly connected to top level port. 'IBUF_LOW_PWR' is ignored for synthesis but preserved for implementation.
Read ShapeDB Complete: Time (s): cpu = 00:00:02 ; elapsed = 00:00:02 . Memory (MB): peak = 5541.691 ; gain = 116.805 ; free physical = 35152 ; free virtual = 338838
INFO: [Timing 38-478] Restoring timing data from binary archive.
INFO: [Timing 38-479] Binary timing data restore complete.
INFO: [Project 1-856] Restoring constraints from binary archive.
INFO: [Power 33-23] Power model is not available for xiphy_riu_or
INFO: [Power 33-23] Power model is not available for genVref.u_hpio_vref
INFO: [Project 1-853] Binary constraint restore complete.
INFO: [Designutils 20-5722] Start Reading Physical Databases.
Reading placement.
Read Netlist Cache: Time (s): cpu = 00:00:01 ; elapsed = 00:00:01 . Memory (MB): peak = 9772.812 ; gain = 40.961 ; free physical = 20853 ; free virtual = 324540
Reading placer database...
Read Device Cache: Time (s): cpu = 00:00:00.04 ; elapsed = 00:00:00.04 . Memory (MB): peak = 9772.812 ; gain = 0.000 ; free physical = 20837 ; free virtual = 324524
Read PlaceDB: Time (s): cpu = 00:00:38 ; elapsed = 00:00:39 . Memory (MB): peak = 10360.938 ; gain = 588.125 ; free physical = 18251 ; free virtual = 321938
Read PulsedLatchDB: Time (s): cpu = 00:00:00 ; elapsed = 00:00:00 . Memory (MB): peak = 10360.938 ; gain = 0.000 ; free physical = 18251 ; free virtual = 321938
Reading routing.
Read RouteStorage: Time (s): cpu = 00:00:26 ; elapsed = 00:00:08 . Memory (MB): peak = 10781.281 ; gain = 420.344 ; free physical = 17217 ; free virtual = 320904
Read Physdb Files: Time (s): cpu = 00:01:05 ; elapsed = 00:00:48 . Memory (MB): peak = 10781.281 ; gain = 1049.430 ; free physical = 17217 ; free virtual = 320904
Restored from archive | CPU: 68.740000 secs | Memory: 934.355560 MB |
Finished XDEF File Restore: Time (s): cpu = 00:01:06 ; elapsed = 00:00:49 . Memory (MB): peak = 10781.281 ; gain = 1049.430 ; free physical = 17071 ; free virtual = 320758
INFO: [IP_Flow 19-234] Refreshing IP repositories
INFO: [IP_Flow 19-1704] No user IP repositories specified
INFO: [IP_Flow 19-2313] Loaded Vivado IP repository '/home/cah/r2d2/sc2data/tools/Vivado/2024.2/data/ip'.
Netlist sorting complete. Time (s): cpu = 00:00:00.12 ; elapsed = 00:00:00.16 . Memory (MB): peak = 10781.281 ; gain = 0.000 ; free physical = 16833 ; free virtual = 320521
INFO: [Project 1-111] Unisim Transformation Summary:
  A total of 8345 instances were transformed.
  DSP48E1 => DSP48E2 (DSP_ALU, DSP_A_B_DATA, DSP_C_DATA, DSP_MULTIPLIER, DSP_M_DATA, DSP_OUTPUT, DSP_PREADD, DSP_PREADD_DATA): 12 instances
  DSP48E2 => DSP48E2 (DSP_ALU, DSP_A_B_DATA, DSP_C_DATA, DSP_MULTIPLIER, DSP_M_DATA, DSP_OUTPUT, DSP_PREADD, DSP_PREADD_DATA): 1848 instances
  IBUF => IBUF (IBUFCTRL, INBUF): 1 instance 
  IBUFDS => IBUFDS (DIFFINBUF, IBUFCTRL): 4 instances
  IOBUFDS => IOBUFDS (DIFFINBUF, IBUFCTRL, INV, OBUFT(x2)): 32 instances
  IOBUFE3 => IOBUFE3 (IBUFCTRL, INBUF, OBUFT_DCIEN): 288 instances
  LUT6_2 => LUT6_2 (LUT5, LUT6): 124 instances
  OBUFDS => OBUFDS_DUAL_BUF (INV, OBUF(x2)): 4 instances
  RAM16X1D => RAM32X1D (RAMD32(x2)): 40 instances
  RAM256X1D => RAM256X1D (MUXF7(x4), MUXF8(x2), RAMD64E(x8)): 512 instances
  RAM256X1S => RAM256X1S (MUXF7(x2), MUXF8, RAMS64E(x4)): 9 instances
  RAM32M => RAM32M (RAMD32(x6), RAMS32(x2)): 866 instances
  RAM32M16 => RAM32M16 (RAMD32(x14), RAMS32(x2)): 1978 instances
  RAM32X1D => RAM32X1D (RAMD32(x2)): 80 instances
  RAM64M => RAM64M (RAMD64E(x4)): 16 instances
  RAM64M8 => RAM64M8 (RAMD64E(x8)): 2515 instances
  RAM64X1D => RAM64X1D (RAMD64E(x2)): 16 instances

INFO: [Project 1-604] Checkpoint was created with Vivado v2024.2 (64-bit) build 5239630
WARNING: [Vivado 12-23575] Critical violations of the methodology design rules detected. Critical violations may contribute to timing failures or cause functional issues in hardware. Run report_methodology for more information.
open_checkpoint: Time (s): cpu = 00:11:51 ; elapsed = 00:06:11 . Memory (MB): peak = 10781.281 ; gain = 9370.641 ; free physical = 16852 ; free virtual = 320541
get_timing_paths: Time (s): cpu = 00:12:25 ; elapsed = 00:02:14 . Memory (MB): peak = 11979.148 ; gain = 1197.867 ; free physical = 12150 ; free virtual = 315841
# set wns [get_property SLACK [get_timing_paths -max_paths 1 -nworst 1 -setup]]
get_timing_paths: Time (s): cpu = 00:00:43 ; elapsed = 00:00:06 . Memory (MB): peak = 11979.148 ; gain = 0.000 ; free physical = 12172 ; free virtual = 315863
# set whs [get_property SLACK [get_timing_paths -max_paths 1 -nworst 1 -hold]]
# puts "T14A_TIMING: WNS=$wns WHS=$whs"
T14A_TIMING: WNS=-0.156 WHS=0.010
# proc slr_of {objname} {
#     set c [get_cells -quiet -of_objects $objname]
#     if {$c eq ""} { return "?" }
#     set st [get_sites -quiet -of_objects $c]
#     if {$st eq ""} { return "unplaced" }
#     set s [get_slrs -quiet -of_objects $st]
#     if {$s eq ""} { return "?" }
#     return [get_property NAME $s]
# }
# set allp [get_timing_paths -quiet -max_paths 6000 -nworst 1 -setup -slack_lesser_than 0]
# puts "T14A_FAILING_SAMPLE: [llength $allp]"
T14A_FAILING_SAMPLE: 2507
# array set gcnt {}
# array set gworst {}
# foreach p $allp {
#     set g [get_property GROUP $p]
#     if {[info exists gcnt($g)]} { incr gcnt($g) } else { set gcnt($g) 1 }
#     set s [get_property SLACK $p]
#     if {![info exists gworst($g)] || $s < $gworst($g)} { set gworst($g) $s }
# }
# puts "T14A_GROUPS_BEGIN"
T14A_GROUPS_BEGIN
# foreach g [lsort [array names gcnt]] {
#     puts [format "T14A_GROUP %-24s failing=%-6d worst=%s" $g $gcnt($g) $gworst($g)]
# }
T14A_GROUP xdma_0_axi_aclk          failing=2507   worst=-0.156
# puts "T14A_GROUPS_END"
T14A_GROUPS_END
# set CONE {
#     DN_VDATA        {*u_core/dn_vdata_reg*}
#     AT_QDATA        {*u_core/at_qdata_reg*}
#     AXIL_RDATA      {*s_axil_rdata_reg*}
#     CONV_SILU_M3    {*u_conv*m3_reg*}
#     XLINE_Q0_CE     {*u_engine/xline_q0_reg*}
#     SDMA            {*u_dma/*}
#     ATTN_DSP        {*u_attn/*}
#     DN_LANE         {*u_dn/*}
#     DN_SLOT         {*g_dnslot*}
#     KV_SLOT         {*g_kvslot*}
#     CV_SLOT         {*g_cvslot*}
#     SCRATCH_SMEM    {*smem_*}
#     LAYER_OTHER     {*layer_0*}
#     MVCHAN          {*mvchan_*}
#     SEQ             {*seq_0*}
#     VENDOR          {*}
# }
# array set ccnt {}
# array set cworst {}
# array set cworstp {}
# foreach p $allp {
#     set ep [get_property ENDPOINT_PIN $p]
#     set fam "VENDOR"
#     foreach {name pat} $CONE { if {[string match $pat $ep]} { set fam $name; break } }
#     if {[info exists ccnt($fam)]} { incr ccnt($fam) } else { set ccnt($fam) 1 }
#     set s [get_property SLACK $p]
#     if {![info exists cworst($fam)] || $s < $cworst($fam)} {
#         set cworst($fam) $s
#         set cworstp($fam) $p
#     }
# }
# puts "T14A_CONE_TALLY_BEGIN  (over all [llength $allp] failing setup paths)"
T14A_CONE_TALLY_BEGIN  (over all 2507 failing setup paths)
# foreach f [lsort [array names ccnt]] {
#     set p $cworstp($f)
#     set dl [get_property DATAPATH_DELAY $p]
#     set lg [get_property DATAPATH_LOGIC_DELAY $p]
#     set rt [get_property DATAPATH_NET_DELAY $p]
#     set pct "n/a"
#     if {$dl ne "" && $dl > 0} { set pct [format %.1f [expr {100.0*$lg/$dl}]] }
#     puts [format "T14A_CONE %-14s n=%-6d worst=%-8s lvl=%-3s dp=%-7s logic=%-7s route=%-7s logic%=%-6s group=%s" \
#         $f $ccnt($f) $cworst($f) [get_property LOGIC_LEVELS $p] $dl $lg $rt $pct \
#         [get_property GROUP $p]]
#     puts "T14A_CONE_PATH $f [get_property STARTPOINT_PIN $p] -> [get_property ENDPOINT_PIN $p]"
# }
T14A_CONE ATTN_DSP       n=385    worst=-0.156   lvl=2   dp=3.762   logic=1.700   route=2.062   logic%=45.2   group=xdma_0_axi_aclk
T14A_CONE_PATH ATTN_DSP bd_i/layer_0/inst/u_core/g_kvslot[0].mem_reg_uram_8/CLK -> bd_i/layer_0/inst/u_core/u_attn/g_lane[38].pv_p_reg[38]_i_8_psdsp_1/D
T14A_CONE AT_QDATA       n=8      worst=-0.059   lvl=2   dp=3.993   logic=0.381   route=3.612   logic%=9.5    group=xdma_0_axi_aclk
T14A_CONE_PATH AT_QDATA bd_i/layer_0/inst/u_core/st_reg[2]/C -> bd_i/layer_0/inst/u_core/at_qdata_reg[14]_rep__4/CE
T14A_CONE AXIL_RDATA     n=1      worst=-0.076   lvl=5   dp=3.639   logic=1.654   route=1.985   logic%=45.5   group=xdma_0_axi_aclk
T14A_CONE_PATH AXIL_RDATA bd_i/layer_0/inst/u_core/smem_a_reg_bram_8/CLKBWRCLK -> bd_i/layer_0/inst/u_core/s_axil_rdata_reg[4]/D
T14A_CONE CV_SLOT        n=2      worst=-0.020   lvl=3   dp=3.721   logic=0.566   route=3.155   logic%=15.2   group=xdma_0_axi_aclk
T14A_CONE_PATH CV_SLOT bd_i/layer_0/inst/u_core/dma_act_reg_rep__31/C -> bd_i/layer_0/inst/u_core/g_cvslot[1].wm_reg_uram_1/CAS_IN_ADDR_A[0]
T14A_CONE DN_LANE        n=1541   worst=-0.147   lvl=1   dp=3.832   logic=1.361   route=2.471   logic%=35.5   group=xdma_0_axi_aclk
T14A_CONE_PATH DN_LANE bd_i/layer_0/inst/u_core/g_dnslot[1].mem_reg_uram_12/CLK -> bd_i/layer_0/inst/u_core/u_dn/p_1_out__2__13/DSP_A_B_DATA_INST/A[7]
T14A_CONE DN_SLOT        n=16     worst=-0.143   lvl=2   dp=3.592   logic=0.212   route=3.380   logic%=5.9    group=xdma_0_axi_aclk
T14A_CONE_PATH DN_SLOT bd_i/layer_0/inst/u_core/dma_kind_reg[0]_replica_16/C -> bd_i/layer_0/inst/u_core/g_dnslot[1].mem_reg_uram_18/ADDR_A[10]
T14A_CONE KV_SLOT        n=34     worst=-0.138   lvl=2   dp=3.680   logic=0.381   route=3.299   logic%=10.4   group=xdma_0_axi_aclk
T14A_CONE_PATH KV_SLOT bd_i/layer_0/inst/u_core/dma_act_reg_rep__18/C -> bd_i/layer_0/inst/u_core/g_kvslot[1].mem_reg_uram_15/CAS_IN_DIN_B[18]
T14A_CONE LAYER_OTHER    n=229    worst=-0.145   lvl=2   dp=4.199   logic=0.328   route=3.871   logic%=7.8    group=xdma_0_axi_aclk
T14A_CONE_PATH LAYER_OTHER bd_i/layer_0/inst/u_core/kbyte_reg[2]/C -> bd_i/layer_0/inst/u_core/krow_reg[370]/D
T14A_CONE SCRATCH_SMEM   n=34     worst=-0.142   lvl=3   dp=3.919   logic=0.376   route=3.543   logic%=9.6    group=xdma_0_axi_aclk
T14A_CONE_PATH SCRATCH_SMEM bd_i/layer_0/inst/u_core/cmd_op_reg[1]/C -> bd_i/layer_0/inst/u_core/smem_a_reg_bram_27/ADDRARDADDR[3]
T14A_CONE SDMA           n=217    worst=-0.124   lvl=5   dp=3.573   logic=0.472   route=3.101   logic%=13.2   group=xdma_0_axi_aclk
T14A_CONE_PATH SDMA bd_i/layer_0/inst/u_core/kv_dmaq_reg[42]/C -> bd_i/layer_0/inst/u_core/u_dma/fmem_reg_0_255_42_42/SP.A/I
T14A_CONE SEQ            n=3      worst=-0.047   lvl=7   dp=3.800   logic=0.691   route=3.109   logic%=18.2   group=xdma_0_axi_aclk
T14A_CONE_PATH SEQ bd_i/axil_smc/inst/s01_entry_pipeline/s01_mmu/inst/FSM_sequential_gen_endpoint.r_state_reg[1]/C -> bd_i/seq_0/inst/u_seq/pc_reg[4]/CE
T14A_CONE VENDOR         n=37     worst=-0.127   lvl=6   dp=3.679   logic=0.670   route=3.009   logic%=18.2   group=xdma_0_axi_aclk
T14A_CONE_PATH VENDOR bd_i/axi_smc/inst/s02_entry_pipeline/s02_transaction_regulator/inst/gen_endpoint.gen_r_singleorder.r_singleorder/gen_cmd_reg.cmd_reg/m_vector_i_reg[1027]/C -> bd_i/axi_smc/inst/s02_entry_pipeline/s02_si_converter/inst/converter.wrap_narrow_inst/gen_thread_loop[0].r_payld_fifo/cmd_fifo/gen_pipelined.mesg_reg_reg[6]/D
# puts "T14A_CONE_TALLY_END"
T14A_CONE_TALLY_END
# foreach g [lsort [array names gcnt]] {
#     set safe [regsub -all {[^A-Za-z0-9_]} $g "_"]
#     # A path-group name that -group will not take (spaces, **async_default**)
#     # must not kill the run: say so and move on.
#     if {[catch {get_timing_paths -quiet -max_paths $NMAX -nworst 1 -setup \
#                     -group $g -slack_lesser_than 0 -sort_by slack} ps]} {
#         puts "T14A_DETAIL_SKIP $g : $ps"
#         continue
#     }
#     puts "T14A_DETAIL_BEGIN $g n=[llength $ps]"
#     foreach p $ps {
#         set dl [get_property DATAPATH_DELAY $p]
#         set lg [get_property DATAPATH_LOGIC_DELAY $p]
#         set rt [get_property DATAPATH_NET_DELAY $p]
#         set pct "n/a"
#         if {$dl ne "" && $dl > 0} { set pct [format %.1f [expr {100.0*$lg/$dl}]] }
#         set sp [get_property STARTPOINT_PIN $p]
#         set ep [get_property ENDPOINT_PIN $p]
#         set cone "VENDOR"
#         foreach {name pat} $CONE { if {[string match $pat $ep]} { set cone $name; break } }
#         set ssl [slr_of $sp]
#         set esl [slr_of $ep]
#         set xslr [expr {$ssl eq $esl ? "same" : "CROSS"}]
#         puts [format "T14A_P %-8s %-14s lvl=%-3s dp=%-7s logic=%-7s route=%-7s logic%=%-6s %s %s->%s | %s <- %s" \
#             [get_property SLACK $p] $cone [get_property LOGIC_LEVELS $p] \
#             $dl $lg $rt $pct $xslr $ssl $esl $ep $sp]
#     }
#     puts "T14A_DETAIL_END $g"
#     if {[llength $ps] > 0} {
#         report_timing -of_objects $ps -path_type full_clock_expanded -input_pins \
#             -file ${PRE}_${safe}_paths.rpt
#         puts "T14A_WROTE ${PRE}_${safe}_paths.rpt"
#         report_design_analysis -of_timing_paths $ps -logic_level_distribution \
#             -file ${PRE}_${safe}_rda.rpt
#         report_design_analysis -of_timing_paths $ps -timing -append \
#             -file ${PRE}_${safe}_rda.rpt
#         puts "T14A_WROTE ${PRE}_${safe}_rda.rpt"
#     }
# }
T14A_DETAIL_BEGIN xdma_0_axi_aclk n=50
T14A_P -0.156   ATTN_DSP       lvl=2   dp=3.762   logic=1.700   route=2.062   logic%=45.2   same SLR0->SLR0 | bd_i/layer_0/inst/u_core/u_attn/g_lane[38].pv_p_reg[38]_i_8_psdsp_1/D <- bd_i/layer_0/inst/u_core/g_kvslot[0].mem_reg_uram_8/CLK
T14A_P -0.155   ATTN_DSP       lvl=6   dp=3.843   logic=0.568   route=3.275   logic%=14.8   same SLR0->SLR0 | bd_i/layer_0/inst/u_core/u_attn/dot_reg[31]/D <- bd_i/layer_0/inst/u_core/u_attn/g_ps64[3].psum16_reg[3][13]/C
T14A_P -0.154   ATTN_DSP       lvl=6   dp=3.842   logic=0.568   route=3.274   logic%=14.8   same SLR0->SLR0 | bd_i/layer_0/inst/u_core/u_attn/dot_reg[29]/D <- bd_i/layer_0/inst/u_core/u_attn/g_ps64[3].psum16_reg[3][13]/C
T14A_P -0.154   ATTN_DSP       lvl=2   dp=3.662   logic=1.661   route=2.001   logic%=45.4   same SLR0->SLR0 | bd_i/layer_0/inst/u_core/u_attn/g_lane[76].pv_p_reg[76]/DSP_A_B_DATA_INST/A[3] <- bd_i/layer_0/inst/u_core/g_kvslot[1].mem_reg_uram_16/CLK
T14A_P -0.149   ATTN_DSP       lvl=2   dp=3.794   logic=1.573   route=2.221   logic%=41.5   same SLR0->SLR0 | bd_i/layer_0/inst/u_core/u_attn/g_lane[25].prod_reg[25]_i_8_psdsp_1/D <- bd_i/layer_0/inst/u_core/g_kvslot[1].mem_reg_uram_4/CLK
T14A_P -0.147   DN_LANE        lvl=1   dp=3.832   logic=1.361   route=2.471   logic%=35.5   same SLR0->SLR0 | bd_i/layer_0/inst/u_core/u_dn/p_1_out__2__13/DSP_A_B_DATA_INST/A[7] <- bd_i/layer_0/inst/u_core/g_dnslot[1].mem_reg_uram_12/CLK
T14A_P -0.146   DN_LANE        lvl=5   dp=8.128   logic=1.526   route=6.602   logic%=18.8   same SLR0->SLR0 | bd_i/layer_0/inst/u_core/u_dn/g_lane[122].dec_p_reg[122]/DSP_OUTPUT_INST/ALU_OUT[10] <- bd_i/layer_0/inst/u_core/u_dn/decay_r_reg[3][8]/C
T14A_P -0.146   DN_LANE        lvl=5   dp=8.128   logic=1.526   route=6.602   logic%=18.8   same SLR0->SLR0 | bd_i/layer_0/inst/u_core/u_dn/g_lane[122].dec_p_reg[122]/DSP_OUTPUT_INST/ALU_OUT[11] <- bd_i/layer_0/inst/u_core/u_dn/decay_r_reg[3][8]/C
T14A_P -0.146   DN_LANE        lvl=5   dp=8.128   logic=1.526   route=6.602   logic%=18.8   same SLR0->SLR0 | bd_i/layer_0/inst/u_core/u_dn/g_lane[122].dec_p_reg[122]/DSP_OUTPUT_INST/ALU_OUT[12] <- bd_i/layer_0/inst/u_core/u_dn/decay_r_reg[3][8]/C
T14A_P -0.146   DN_LANE        lvl=5   dp=8.128   logic=1.526   route=6.602   logic%=18.8   same SLR0->SLR0 | bd_i/layer_0/inst/u_core/u_dn/g_lane[122].dec_p_reg[122]/DSP_OUTPUT_INST/ALU_OUT[13] <- bd_i/layer_0/inst/u_core/u_dn/decay_r_reg[3][8]/C
T14A_P -0.146   DN_LANE        lvl=5   dp=8.128   logic=1.526   route=6.602   logic%=18.8   same SLR0->SLR0 | bd_i/layer_0/inst/u_core/u_dn/g_lane[122].dec_p_reg[122]/DSP_OUTPUT_INST/ALU_OUT[14] <- bd_i/layer_0/inst/u_core/u_dn/decay_r_reg[3][8]/C
T14A_P -0.146   DN_LANE        lvl=5   dp=8.128   logic=1.526   route=6.602   logic%=18.8   same SLR0->SLR0 | bd_i/layer_0/inst/u_core/u_dn/g_lane[122].dec_p_reg[122]/DSP_OUTPUT_INST/ALU_OUT[15] <- bd_i/layer_0/inst/u_core/u_dn/decay_r_reg[3][8]/C
T14A_P -0.146   DN_LANE        lvl=5   dp=8.128   logic=1.526   route=6.602   logic%=18.8   same SLR0->SLR0 | bd_i/layer_0/inst/u_core/u_dn/g_lane[122].dec_p_reg[122]/DSP_OUTPUT_INST/ALU_OUT[16] <- bd_i/layer_0/inst/u_core/u_dn/decay_r_reg[3][8]/C
T14A_P -0.146   DN_LANE        lvl=5   dp=8.128   logic=1.526   route=6.602   logic%=18.8   same SLR0->SLR0 | bd_i/layer_0/inst/u_core/u_dn/g_lane[122].dec_p_reg[122]/DSP_OUTPUT_INST/ALU_OUT[17] <- bd_i/layer_0/inst/u_core/u_dn/decay_r_reg[3][8]/C
T14A_P -0.146   DN_LANE        lvl=5   dp=8.128   logic=1.526   route=6.602   logic%=18.8   same SLR0->SLR0 | bd_i/layer_0/inst/u_core/u_dn/g_lane[122].dec_p_reg[122]/DSP_OUTPUT_INST/ALU_OUT[18] <- bd_i/layer_0/inst/u_core/u_dn/decay_r_reg[3][8]/C
T14A_P -0.146   DN_LANE        lvl=5   dp=8.128   logic=1.526   route=6.602   logic%=18.8   same SLR0->SLR0 | bd_i/layer_0/inst/u_core/u_dn/g_lane[122].dec_p_reg[122]/DSP_OUTPUT_INST/ALU_OUT[19] <- bd_i/layer_0/inst/u_core/u_dn/decay_r_reg[3][8]/C
T14A_P -0.146   DN_LANE        lvl=5   dp=8.128   logic=1.526   route=6.602   logic%=18.8   same SLR0->SLR0 | bd_i/layer_0/inst/u_core/u_dn/g_lane[122].dec_p_reg[122]/DSP_OUTPUT_INST/ALU_OUT[20] <- bd_i/layer_0/inst/u_core/u_dn/decay_r_reg[3][8]/C
T14A_P -0.146   DN_LANE        lvl=5   dp=8.128   logic=1.526   route=6.602   logic%=18.8   same SLR0->SLR0 | bd_i/layer_0/inst/u_core/u_dn/g_lane[122].dec_p_reg[122]/DSP_OUTPUT_INST/ALU_OUT[21] <- bd_i/layer_0/inst/u_core/u_dn/decay_r_reg[3][8]/C
T14A_P -0.146   DN_LANE        lvl=5   dp=8.128   logic=1.526   route=6.602   logic%=18.8   same SLR0->SLR0 | bd_i/layer_0/inst/u_core/u_dn/g_lane[122].dec_p_reg[122]/DSP_OUTPUT_INST/ALU_OUT[22] <- bd_i/layer_0/inst/u_core/u_dn/decay_r_reg[3][8]/C
T14A_P -0.146   DN_LANE        lvl=5   dp=8.128   logic=1.526   route=6.602   logic%=18.8   same SLR0->SLR0 | bd_i/layer_0/inst/u_core/u_dn/g_lane[122].dec_p_reg[122]/DSP_OUTPUT_INST/ALU_OUT[23] <- bd_i/layer_0/inst/u_core/u_dn/decay_r_reg[3][8]/C
T14A_P -0.146   DN_LANE        lvl=5   dp=8.128   logic=1.526   route=6.602   logic%=18.8   same SLR0->SLR0 | bd_i/layer_0/inst/u_core/u_dn/g_lane[122].dec_p_reg[122]/DSP_OUTPUT_INST/ALU_OUT[24] <- bd_i/layer_0/inst/u_core/u_dn/decay_r_reg[3][8]/C
T14A_P -0.146   DN_LANE        lvl=5   dp=8.128   logic=1.526   route=6.602   logic%=18.8   same SLR0->SLR0 | bd_i/layer_0/inst/u_core/u_dn/g_lane[122].dec_p_reg[122]/DSP_OUTPUT_INST/ALU_OUT[25] <- bd_i/layer_0/inst/u_core/u_dn/decay_r_reg[3][8]/C
T14A_P -0.146   DN_LANE        lvl=5   dp=8.128   logic=1.526   route=6.602   logic%=18.8   same SLR0->SLR0 | bd_i/layer_0/inst/u_core/u_dn/g_lane[122].dec_p_reg[122]/DSP_OUTPUT_INST/ALU_OUT[26] <- bd_i/layer_0/inst/u_core/u_dn/decay_r_reg[3][8]/C
T14A_P -0.146   DN_LANE        lvl=5   dp=8.128   logic=1.526   route=6.602   logic%=18.8   same SLR0->SLR0 | bd_i/layer_0/inst/u_core/u_dn/g_lane[122].dec_p_reg[122]/DSP_OUTPUT_INST/ALU_OUT[27] <- bd_i/layer_0/inst/u_core/u_dn/decay_r_reg[3][8]/C
T14A_P -0.146   DN_LANE        lvl=5   dp=8.128   logic=1.526   route=6.602   logic%=18.8   same SLR0->SLR0 | bd_i/layer_0/inst/u_core/u_dn/g_lane[122].dec_p_reg[122]/DSP_OUTPUT_INST/ALU_OUT[28] <- bd_i/layer_0/inst/u_core/u_dn/decay_r_reg[3][8]/C
T14A_P -0.146   DN_LANE        lvl=5   dp=8.128   logic=1.526   route=6.602   logic%=18.8   same SLR0->SLR0 | bd_i/layer_0/inst/u_core/u_dn/g_lane[122].dec_p_reg[122]/DSP_OUTPUT_INST/ALU_OUT[29] <- bd_i/layer_0/inst/u_core/u_dn/decay_r_reg[3][8]/C
T14A_P -0.146   DN_LANE        lvl=5   dp=8.128   logic=1.526   route=6.602   logic%=18.8   same SLR0->SLR0 | bd_i/layer_0/inst/u_core/u_dn/g_lane[122].dec_p_reg[122]/DSP_OUTPUT_INST/ALU_OUT[30] <- bd_i/layer_0/inst/u_core/u_dn/decay_r_reg[3][8]/C
T14A_P -0.146   DN_LANE        lvl=5   dp=8.128   logic=1.526   route=6.602   logic%=18.8   same SLR0->SLR0 | bd_i/layer_0/inst/u_core/u_dn/g_lane[122].dec_p_reg[122]/DSP_OUTPUT_INST/ALU_OUT[31] <- bd_i/layer_0/inst/u_core/u_dn/decay_r_reg[3][8]/C
T14A_P -0.146   DN_LANE        lvl=5   dp=8.128   logic=1.526   route=6.602   logic%=18.8   same SLR0->SLR0 | bd_i/layer_0/inst/u_core/u_dn/g_lane[122].dec_p_reg[122]/DSP_OUTPUT_INST/ALU_OUT[32] <- bd_i/layer_0/inst/u_core/u_dn/decay_r_reg[3][8]/C
T14A_P -0.146   DN_LANE        lvl=5   dp=8.128   logic=1.526   route=6.602   logic%=18.8   same SLR0->SLR0 | bd_i/layer_0/inst/u_core/u_dn/g_lane[122].dec_p_reg[122]/DSP_OUTPUT_INST/ALU_OUT[33] <- bd_i/layer_0/inst/u_core/u_dn/decay_r_reg[3][8]/C
T14A_P -0.146   DN_LANE        lvl=5   dp=8.128   logic=1.526   route=6.602   logic%=18.8   same SLR0->SLR0 | bd_i/layer_0/inst/u_core/u_dn/g_lane[122].dec_p_reg[122]/DSP_OUTPUT_INST/ALU_OUT[34] <- bd_i/layer_0/inst/u_core/u_dn/decay_r_reg[3][8]/C
T14A_P -0.146   DN_LANE        lvl=5   dp=8.128   logic=1.526   route=6.602   logic%=18.8   same SLR0->SLR0 | bd_i/layer_0/inst/u_core/u_dn/g_lane[122].dec_p_reg[122]/DSP_OUTPUT_INST/ALU_OUT[35] <- bd_i/layer_0/inst/u_core/u_dn/decay_r_reg[3][8]/C
T14A_P -0.146   DN_LANE        lvl=5   dp=8.128   logic=1.526   route=6.602   logic%=18.8   same SLR0->SLR0 | bd_i/layer_0/inst/u_core/u_dn/g_lane[122].dec_p_reg[122]/DSP_OUTPUT_INST/ALU_OUT[36] <- bd_i/layer_0/inst/u_core/u_dn/decay_r_reg[3][8]/C
T14A_P -0.146   DN_LANE        lvl=5   dp=8.128   logic=1.526   route=6.602   logic%=18.8   same SLR0->SLR0 | bd_i/layer_0/inst/u_core/u_dn/g_lane[122].dec_p_reg[122]/DSP_OUTPUT_INST/ALU_OUT[37] <- bd_i/layer_0/inst/u_core/u_dn/decay_r_reg[3][8]/C
T14A_P -0.146   DN_LANE        lvl=5   dp=8.128   logic=1.526   route=6.602   logic%=18.8   same SLR0->SLR0 | bd_i/layer_0/inst/u_core/u_dn/g_lane[122].dec_p_reg[122]/DSP_OUTPUT_INST/ALU_OUT[38] <- bd_i/layer_0/inst/u_core/u_dn/decay_r_reg[3][8]/C
T14A_P -0.146   DN_LANE        lvl=5   dp=8.128   logic=1.526   route=6.602   logic%=18.8   same SLR0->SLR0 | bd_i/layer_0/inst/u_core/u_dn/g_lane[122].dec_p_reg[122]/DSP_OUTPUT_INST/ALU_OUT[39] <- bd_i/layer_0/inst/u_core/u_dn/decay_r_reg[3][8]/C
T14A_P -0.146   DN_LANE        lvl=5   dp=8.128   logic=1.526   route=6.602   logic%=18.8   same SLR0->SLR0 | bd_i/layer_0/inst/u_core/u_dn/g_lane[122].dec_p_reg[122]/DSP_OUTPUT_INST/ALU_OUT[40] <- bd_i/layer_0/inst/u_core/u_dn/decay_r_reg[3][8]/C
T14A_P -0.146   DN_LANE        lvl=5   dp=8.128   logic=1.526   route=6.602   logic%=18.8   same SLR0->SLR0 | bd_i/layer_0/inst/u_core/u_dn/g_lane[122].dec_p_reg[122]/DSP_OUTPUT_INST/ALU_OUT[41] <- bd_i/layer_0/inst/u_core/u_dn/decay_r_reg[3][8]/C
T14A_P -0.146   DN_LANE        lvl=5   dp=8.128   logic=1.526   route=6.602   logic%=18.8   same SLR0->SLR0 | bd_i/layer_0/inst/u_core/u_dn/g_lane[122].dec_p_reg[122]/DSP_OUTPUT_INST/ALU_OUT[42] <- bd_i/layer_0/inst/u_core/u_dn/decay_r_reg[3][8]/C
T14A_P -0.146   DN_LANE        lvl=5   dp=8.128   logic=1.526   route=6.602   logic%=18.8   same SLR0->SLR0 | bd_i/layer_0/inst/u_core/u_dn/g_lane[122].dec_p_reg[122]/DSP_OUTPUT_INST/ALU_OUT[43] <- bd_i/layer_0/inst/u_core/u_dn/decay_r_reg[3][8]/C
T14A_P -0.146   DN_LANE        lvl=5   dp=8.128   logic=1.526   route=6.602   logic%=18.8   same SLR0->SLR0 | bd_i/layer_0/inst/u_core/u_dn/g_lane[122].dec_p_reg[122]/DSP_OUTPUT_INST/ALU_OUT[44] <- bd_i/layer_0/inst/u_core/u_dn/decay_r_reg[3][8]/C
T14A_P -0.146   DN_LANE        lvl=5   dp=8.128   logic=1.526   route=6.602   logic%=18.8   same SLR0->SLR0 | bd_i/layer_0/inst/u_core/u_dn/g_lane[122].dec_p_reg[122]/DSP_OUTPUT_INST/ALU_OUT[45] <- bd_i/layer_0/inst/u_core/u_dn/decay_r_reg[3][8]/C
T14A_P -0.146   DN_LANE        lvl=5   dp=8.128   logic=1.526   route=6.602   logic%=18.8   same SLR0->SLR0 | bd_i/layer_0/inst/u_core/u_dn/g_lane[122].dec_p_reg[122]/DSP_OUTPUT_INST/ALU_OUT[46] <- bd_i/layer_0/inst/u_core/u_dn/decay_r_reg[3][8]/C
T14A_P -0.146   DN_LANE        lvl=5   dp=8.128   logic=1.526   route=6.602   logic%=18.8   same SLR0->SLR0 | bd_i/layer_0/inst/u_core/u_dn/g_lane[122].dec_p_reg[122]/DSP_OUTPUT_INST/ALU_OUT[47] <- bd_i/layer_0/inst/u_core/u_dn/decay_r_reg[3][8]/C
T14A_P -0.146   DN_LANE        lvl=5   dp=8.128   logic=1.526   route=6.602   logic%=18.8   same SLR0->SLR0 | bd_i/layer_0/inst/u_core/u_dn/g_lane[122].dec_p_reg[122]/DSP_OUTPUT_INST/ALU_OUT[8] <- bd_i/layer_0/inst/u_core/u_dn/decay_r_reg[3][8]/C
T14A_P -0.146   DN_LANE        lvl=5   dp=8.128   logic=1.526   route=6.602   logic%=18.8   same SLR0->SLR0 | bd_i/layer_0/inst/u_core/u_dn/g_lane[122].dec_p_reg[122]/DSP_OUTPUT_INST/ALU_OUT[9] <- bd_i/layer_0/inst/u_core/u_dn/decay_r_reg[3][8]/C
T14A_P -0.145   LAYER_OTHER    lvl=2   dp=4.199   logic=0.328   route=3.871   logic%=7.8    same SLR0->SLR0 | bd_i/layer_0/inst/u_core/krow_reg[370]/D <- bd_i/layer_0/inst/u_core/kbyte_reg[2]/C
T14A_P -0.145   ATTN_DSP       lvl=2   dp=3.751   logic=1.611   route=2.140   logic%=42.9   same SLR0->SLR0 | bd_i/layer_0/inst/u_core/u_attn/g_lane[39].pv_p_reg[39]_i_7_psdsp_1/D <- bd_i/layer_0/inst/u_core/g_kvslot[0].mem_reg_uram_8/CLK
T14A_P -0.144   ATTN_DSP       lvl=2   dp=3.830   logic=1.586   route=2.244   logic%=41.4   same SLR0->SLR0 | bd_i/layer_0/inst/u_core/u_attn/g_lane[37].pv_p_reg[37]_i_7_psdsp_1/D <- bd_i/layer_0/inst/u_core/g_kvslot[0].mem_reg_uram_8/CLK
T14A_P -0.144   DN_LANE        lvl=1   dp=3.511   logic=1.375   route=2.136   logic%=39.2   same SLR0->SLR0 | bd_i/layer_0/inst/u_core/u_dn/g_lane[108].dec_p_reg[108]/DSP_A_B_DATA_INST/A[4] <- bd_i/layer_0/inst/u_core/g_dnslot[0].mem_reg_uram_24/CLK
T14A_DETAIL_END xdma_0_axi_aclk
WARNING: [Vivado 12-1072] '-of_objects' option can't be used with options '-path_type', '-input_pins', and 'nets', These options will be ignored.
T14A_WROTE evidence/qwen9b/g5/124_t14b_cones_ash_xdma_0_axi_aclk_paths.rpt
report_design_analysis: Time (s): cpu = 00:00:45 ; elapsed = 00:00:07 . Memory (MB): peak = 11979.148 ; gain = 0.000 ; free physical = 22979 ; free virtual = 326670
T14A_WROTE evidence/qwen9b/g5/124_t14b_cones_ash_xdma_0_axi_aclk_rda.rpt
# report_design_analysis -logic_level_distribution -logic_level_dist_paths 20000 \
#     -file ${PRE}_lld.rpt
report_design_analysis: Time (s): cpu = 00:00:54 ; elapsed = 00:00:21 . Memory (MB): peak = 11979.148 ; gain = 0.000 ; free physical = 22999 ; free virtual = 326690
# puts "T14A_WROTE ${PRE}_lld.rpt"
T14A_WROTE evidence/qwen9b/g5/124_t14b_cones_ash_lld.rpt
# set PROBE {
#     DN_VDATA        {*u_core/dn_vdata_reg*/D}
#     AT_QDATA        {*u_core/at_qdata_reg*/D}
#     AXIL_RDATA      {*s_axil_rdata_reg*/D}
#     CONV_SILU_M3    {*u_conv*m3_reg*/D}
#     XLINE_Q0_CE     {*u_engine/xline_q0_reg*/CE}
# }
# puts "T14A_PROBE_BEGIN"
T14A_PROBE_BEGIN
# foreach {name pat} $PROBE {
#     set pins [get_pins -quiet -hier -filter "NAME =~ $pat"]
#     if {[llength $pins] == 0} { puts "T14A_PROBE $name PINS=0 ABSENT"; continue }
#     set p [lindex [get_timing_paths -quiet -to $pins -max_paths 1 -nworst 1 -setup] 0]
#     if {$p eq ""} { puts "T14A_PROBE $name PINS=[llength $pins] no-path"; continue }
#     set dl [get_property DATAPATH_DELAY $p]
#     set lg [get_property DATAPATH_LOGIC_DELAY $p]
#     set pct "n/a"
#     if {$dl ne "" && $dl > 0} { set pct [format %.1f [expr {100.0*$lg/$dl}]] }
#     puts [format "T14A_PROBE %-14s PINS=%-6d worst=%-8s lvl=%-3s dp=%-7s logic=%-7s route=%-7s logic%=%s" \
#         $name [llength $pins] [get_property SLACK $p] [get_property LOGIC_LEVELS $p] \
#         $dl $lg [get_property DATAPATH_NET_DELAY $p] $pct]
#     puts "T14A_PROBE_PATH $name [get_property STARTPOINT_PIN $p] -> [get_property ENDPOINT_PIN $p]"
#     report_timing -of_objects [list $p] -path_type full_clock_expanded -input_pins \
#         -file ${PRE}_probe_[string tolower $name].rpt
#     puts "T14A_WROTE ${PRE}_probe_[string tolower $name].rpt"
# }
T14A_PROBE DN_VDATA       PINS=21     worst=0.046    lvl=2   dp=3.624   logic=1.349   route=2.275   logic%=37.2
T14A_PROBE_PATH DN_VDATA bd_i/layer_0/inst/u_core/smem_a_reg_bram_10/CLKBWRCLK -> bd_i/layer_0/inst/u_core/dn_vdata_reg[10]/D
WARNING: [Vivado 12-1072] '-of_objects' option can't be used with options '-path_type', '-input_pins', and 'nets', These options will be ignored.
T14A_WROTE evidence/qwen9b/g5/124_t14b_cones_ash_probe_dn_vdata.rpt
T14A_PROBE AT_QDATA       PINS=234    worst=0.006    lvl=1   dp=3.757   logic=1.296   route=2.461   logic%=34.5
T14A_PROBE_PATH AT_QDATA bd_i/layer_0/inst/u_core/smem_a_reg_bram_6/CLKBWRCLK -> bd_i/layer_0/inst/u_core/at_qdata_reg[3]_rep__1/D
WARNING: [Vivado 12-1072] '-of_objects' option can't be used with options '-path_type', '-input_pins', and 'nets', These options will be ignored.
T14A_WROTE evidence/qwen9b/g5/124_t14b_cones_ash_probe_at_qdata.rpt
T14A_PROBE AXIL_RDATA     PINS=224    worst=-0.076   lvl=5   dp=3.639   logic=1.654   route=1.985   logic%=45.5
T14A_PROBE_PATH AXIL_RDATA bd_i/layer_0/inst/u_core/smem_a_reg_bram_8/CLKBWRCLK -> bd_i/layer_0/inst/u_core/s_axil_rdata_reg[4]/D
WARNING: [Vivado 12-1072] '-of_objects' option can't be used with options '-path_type', '-input_pins', and 'nets', These options will be ignored.
T14A_WROTE evidence/qwen9b/g5/124_t14b_cones_ash_probe_axil_rdata.rpt
T14A_PROBE CONV_SILU_M3 PINS=27 no-path
T14A_PROBE XLINE_Q0_CE    PINS=4096   worst=0.014    lvl=5   dp=2.941   logic=0.376   route=2.565   logic%=12.8
T14A_PROBE_PATH XLINE_Q0_CE bd_i/mvchan_0/inst/u_chan/u_engine/r_g_reg[2]/C -> bd_i/mvchan_0/inst/u_chan/u_engine/xline_q0_reg[20]__4/CE
WARNING: [Vivado 12-1072] '-of_objects' option can't be used with options '-path_type', '-input_pins', and 'nets', These options will be ignored.
T14A_WROTE evidence/qwen9b/g5/124_t14b_cones_ash_probe_xline_q0_ce.rpt
# puts "T14A_PROBE_END"
T14A_PROBE_END
# puts "T14A_DONE"
T14A_DONE
INFO: [Common 17-206] Exiting Vivado at Mon Sep  7 15:24:49 2026...
=== rc: 0
=== end: 2026-09-07T15:25:03-06:00
