Copyright 1986-2022 Xilinx, Inc. All Rights Reserved. Copyright 2022-2024 Advanced Micro Devices, Inc. All Rights Reserved.
--------------------------------------------------------------------------------------------------------------------------------------------------------------------------------------------------------------------------------------------
| Tool Version      : Vivado v.2024.2 (lin64) Build 5239630 Fri Nov 08 22:34:34 MST 2024
| Date              : Mon Sep  7 15:24:45 2026
| Host              : snoke running 64-bit Ubuntu 24.04.4 LTS
| Command           : report_timing -of_objects {bd_i/layer_0/inst/u_core/u_dn/g_lane[108].dec_p_reg[108]/DSP_A_B_DATA_INST/A[4]} -path_type full_clock_expanded -input_pins -file evidence/qwen9b/g5/124_t14b_cones_ash_probe_at_qdata.rpt
| Design            : bd_wrapper
| Device            : xcvu9p-fsgd2104
| Speed File        : -2L  PRODUCTION 1.28 03-30-2022
| Design State      : Physopt postRoute
| Temperature Grade : E
--------------------------------------------------------------------------------------------------------------------------------------------------------------------------------------------------------------------------------------------

Timing Report

Slack (MET) :             0.006ns  (required time - arrival time)
  Source:                 bd_i/layer_0/inst/u_core/smem_a_reg_bram_6/CLKBWRCLK
                            (rising edge-triggered cell RAMB36E2 clocked by xdma_0_axi_aclk  {rise@0.000ns fall@2.000ns period=4.000ns})
  Destination:            bd_i/layer_0/inst/u_core/at_qdata_reg[3]_rep__1/D
                            (rising edge-triggered cell FDRE clocked by xdma_0_axi_aclk  {rise@0.000ns fall@2.000ns period=4.000ns})
  Path Group:             xdma_0_axi_aclk
  Path Type:              Setup (Max at Slow Process Corner)
  Requirement:            4.000ns  (xdma_0_axi_aclk rise@4.000ns - xdma_0_axi_aclk rise@0.000ns)
  Data Path Delay:        3.757ns  (logic 1.296ns (34.498%)  route 2.461ns (65.502%))
  Logic Levels:           1  (RAMB36E2=1)
  Clock Path Skew:        -0.216ns (DCD - SCD + CPR)
    Destination Clock Delay (DCD):    3.731ns = ( 7.731 - 4.000 ) 
    Source Clock Delay      (SCD):    4.201ns
    Clock Pessimism Removal (CPR):    0.254ns
  Clock Uncertainty:      0.046ns  ((TSJ^2 + DJ^2)^1/2) / 2 + PE
    Total System Jitter     (TSJ):    0.071ns
    Discrete Jitter          (DJ):    0.060ns
    Phase Error              (PE):    0.000ns
  Clock Net Delay (Source):      3.986ns (routing 2.001ns, distribution 1.985ns)
  Clock Net Delay (Destination): 3.539ns (routing 1.811ns, distribution 1.728ns)

    Location             Delay type                Incr(ns)  Path(ns)    Netlist Resource(s)
  -------------------------------------------------------------------    -------------------
                         (clock xdma_0_axi_aclk rise edge)
                                                      0.000     0.000 r  
    GTYE4_CHANNEL_X1Y35  GTYE4_CHANNEL                0.000     0.000 r  bd_i/xdma_0/inst/pcie4_ip_i/inst/bd_xdma_0_0_pcie4_ip_gt_top_i/diablo_gt.diablo_gt_phy_wrapper/gt_wizard.gtwizard_top_i/bd_xdma_0_0_pcie4_ip_gt_i/inst/gen_gtwizard_gtye4_top.bd_xdma_0_0_pcie4_ip_gt_gtwizard_gtye4_inst/gen_gtwizard_gtye4.gen_channel_container[32].gen_enabled_channel.gtye4_channel_wrapper_inst/channel_inst/gtye4_channel_gen.gen_gtye4_channel_inst[3].GTYE4_CHANNEL_PRIM_INST/TXOUTCLK
                         net (fo=7, routed)           0.085     0.085    bd_i/xdma_0/inst/pcie4_ip_i/inst/bd_xdma_0_0_pcie4_ip_gt_top_i/diablo_gt.diablo_gt_phy_wrapper/phy_clk_i/GT_TXOUTCLK[0]
    BUFG_GT_X1Y203                                                    r  bd_i/xdma_0/inst/pcie4_ip_i/inst/bd_xdma_0_0_pcie4_ip_gt_top_i/diablo_gt.diablo_gt_phy_wrapper/phy_clk_i/bufg_gt_userclk/I
    BUFG_GT_X1Y203       BUFG_GT (Prop_BUFG_GT_I_O)
                                                      0.130     0.215 r  bd_i/xdma_0/inst/pcie4_ip_i/inst/bd_xdma_0_0_pcie4_ip_gt_top_i/diablo_gt.diablo_gt_phy_wrapper/phy_clk_i/bufg_gt_userclk/O
    X2Y5 (CLOCK_ROOT)    net (fo=150232, routed)      3.986     4.201    bd_i/layer_0/inst/u_core/aclk
    SLR Crossing[1->0]   
    RAMB36_X2Y44         RAMB36E2                                     r  bd_i/layer_0/inst/u_core/smem_a_reg_bram_6/CLKBWRCLK
  -------------------------------------------------------------------    -------------------
    RAMB36_X2Y44         RAMB36E2 (Prop_RAMB36E2_RAMB36_CLKBWRCLK_CASDOUTB[0])
                                                      1.179     5.380 r  bd_i/layer_0/inst/u_core/smem_a_reg_bram_6/CASDOUTB[0]
                         net (fo=1, routed)           0.028     5.408    bd_i/layer_0/inst/u_core/smem_a_reg_bram_6_n_67
    RAMB36_X2Y45                                                      r  bd_i/layer_0/inst/u_core/smem_a_reg_bram_7/CASDINB[0]
    RAMB36_X2Y45         RAMB36E2 (Prop_RAMB36E2_RAMB36_CASDINB[0]_DOUTBDOUT[0])
                                                      0.117     5.525 r  bd_i/layer_0/inst/u_core/smem_a_reg_bram_7/DOUTBDOUT[0]
                         net (fo=35, routed)          2.433     7.958    bd_i/layer_0/inst/u_core/sa_q[3]
    SLICE_X21Y102        FDRE                                         r  bd_i/layer_0/inst/u_core/at_qdata_reg[3]_rep__1/D
  -------------------------------------------------------------------    -------------------

                         (clock xdma_0_axi_aclk rise edge)
                                                      4.000     4.000 r  
    GTYE4_CHANNEL_X1Y35  GTYE4_CHANNEL                0.000     4.000 r  bd_i/xdma_0/inst/pcie4_ip_i/inst/bd_xdma_0_0_pcie4_ip_gt_top_i/diablo_gt.diablo_gt_phy_wrapper/gt_wizard.gtwizard_top_i/bd_xdma_0_0_pcie4_ip_gt_i/inst/gen_gtwizard_gtye4_top.bd_xdma_0_0_pcie4_ip_gt_gtwizard_gtye4_inst/gen_gtwizard_gtye4.gen_channel_container[32].gen_enabled_channel.gtye4_channel_wrapper_inst/channel_inst/gtye4_channel_gen.gen_gtye4_channel_inst[3].GTYE4_CHANNEL_PRIM_INST/TXOUTCLK
                         net (fo=7, routed)           0.078     4.078    bd_i/xdma_0/inst/pcie4_ip_i/inst/bd_xdma_0_0_pcie4_ip_gt_top_i/diablo_gt.diablo_gt_phy_wrapper/phy_clk_i/GT_TXOUTCLK[0]
    BUFG_GT_X1Y203                                                    r  bd_i/xdma_0/inst/pcie4_ip_i/inst/bd_xdma_0_0_pcie4_ip_gt_top_i/diablo_gt.diablo_gt_phy_wrapper/phy_clk_i/bufg_gt_userclk/I
    BUFG_GT_X1Y203       BUFG_GT (Prop_BUFG_GT_I_O)
                                                      0.114     4.192 r  bd_i/xdma_0/inst/pcie4_ip_i/inst/bd_xdma_0_0_pcie4_ip_gt_top_i/diablo_gt.diablo_gt_phy_wrapper/phy_clk_i/bufg_gt_userclk/O
    X2Y5 (CLOCK_ROOT)    net (fo=150232, routed)      3.539     7.731    bd_i/layer_0/inst/u_core/aclk
    SLR Crossing[1->0]   
    SLICE_X21Y102        FDRE                                         r  bd_i/layer_0/inst/u_core/at_qdata_reg[3]_rep__1/C
                         clock pessimism              0.254     7.985    
                         clock uncertainty           -0.046     7.939    
    SLICE_X21Y102        FDRE (Setup_FFF_SLICEM_C_D)
                                                      0.025     7.964    bd_i/layer_0/inst/u_core/at_qdata_reg[3]_rep__1
  -------------------------------------------------------------------
                         required time                          7.964    
                         arrival time                          -7.958    
  -------------------------------------------------------------------
                         slack                                  0.006    




