Copyright 1986-2022 Xilinx, Inc. All Rights Reserved. Copyright 2022-2024 Advanced Micro Devices, Inc. All Rights Reserved.
----------------------------------------------------------------------------------------------------------------------------------------------------------------------------------------------------------------------------
| Tool Version      : Vivado v.2024.2 (lin64) Build 5239630 Fri Nov 08 22:34:34 MST 2024
| Date              : Mon Sep  7 15:25:09 2026
| Host              : snoke running 64-bit Ubuntu 24.04.4 LTS
| Command           : report_timing -of_objects dbg_hub/inst/BSCANID.u_xsdbm_id/SWITCH_N_EXT_BSCAN.u_bufg_icon_tck/O -path_type full_clock_expanded -input_pins -file evidence/qwen9b/g5/130_t14b_skewprobe_ash_mvchan0.rpt
| Design            : bd_wrapper
| Device            : xcvu9p-fsgd2104
| Speed File        : -2L  PRODUCTION 1.28 03-30-2022
| Design State      : Physopt postRoute
| Temperature Grade : E
----------------------------------------------------------------------------------------------------------------------------------------------------------------------------------------------------------------------------

Timing Report

Slack (MET) :             0.003ns  (required time - arrival time)
  Source:                 bd_i/mvchan_0/inst/u_chan/u_engine/r_g_reg[3]/C
                            (rising edge-triggered cell FDRE clocked by mmcm_clkout0  {rise@0.000ns fall@1.666ns period=3.332ns})
  Destination:            bd_i/mvchan_0/inst/u_chan/u_engine/ps_q_reg_i_13_psdsp/D
                            (rising edge-triggered cell FDRE clocked by mmcm_clkout0  {rise@0.000ns fall@1.666ns period=3.332ns})
  Path Group:             mmcm_clkout0
  Path Type:              Setup (Max at Slow Process Corner)
  Requirement:            3.332ns  (mmcm_clkout0 rise@3.332ns - mmcm_clkout0 rise@0.000ns)
  Data Path Delay:        3.183ns  (logic 0.253ns (7.949%)  route 2.930ns (92.051%))
  Logic Levels:           2  (LUT5=1 LUT6=1)
  Clock Path Skew:        -0.119ns (DCD - SCD + CPR)
    Destination Clock Delay (DCD):    5.065ns = ( 8.397 - 3.332 ) 
    Source Clock Delay      (SCD):    4.851ns
    Clock Pessimism Removal (CPR):    -0.333ns
  Clock Uncertainty:      0.052ns  ((TSJ^2 + DJ^2)^1/2) / 2 + PE
    Total System Jitter     (TSJ):    0.071ns
    Discrete Jitter          (DJ):    0.077ns
    Phase Error              (PE):    0.000ns
  Clock Net Delay (Source):      2.641ns (routing 1.119ns, distribution 1.522ns)
  Clock Net Delay (Destination): 2.416ns (routing 1.017ns, distribution 1.399ns)

    Location             Delay type                Incr(ns)  Path(ns)    Netlist Resource(s)
  -------------------------------------------------------------------    -------------------
                         (clock mmcm_clkout0 rise edge)
                                                      0.000     0.000 r  
    AY37                                              0.000     0.000 r  dimm0_refclk_clk_p (IN)
                         net (fo=0)                   0.100     0.100    bd_i/ddr4_0/inst/u_ddr4_mem_intfc/u_mig_ddr4_phy/inst/u_ddr4_phy_pll/diff_input_clk.u_ibufg_sys_clk/I
    HPIOBDIFFINBUF_X0Y84                                              r  bd_i/ddr4_0/inst/u_ddr4_mem_intfc/u_mig_ddr4_phy/inst/u_ddr4_phy_pll/diff_input_clk.u_ibufg_sys_clk/DIFFINBUF_INST/DIFF_IN_P
    HPIOBDIFFINBUF_X0Y84 DIFFINBUF (Prop_DIFFINBUF_HPIOBDIFFINBUF_DIFF_IN_P_O)
                                                      0.580     0.680 r  bd_i/ddr4_0/inst/u_ddr4_mem_intfc/u_mig_ddr4_phy/inst/u_ddr4_phy_pll/diff_input_clk.u_ibufg_sys_clk/DIFFINBUF_INST/O
                         net (fo=1, routed)           0.050     0.730    bd_i/ddr4_0/inst/u_ddr4_mem_intfc/u_mig_ddr4_phy/inst/u_ddr4_phy_pll/diff_input_clk.u_ibufg_sys_clk/OUT
    AY37                                                              r  bd_i/ddr4_0/inst/u_ddr4_mem_intfc/u_mig_ddr4_phy/inst/u_ddr4_phy_pll/diff_input_clk.u_ibufg_sys_clk/IBUFCTRL_INST/I
    AY37                 IBUFCTRL (Prop_IBUFCTRL_HPIOB_M_I_O)
                                                      0.000     0.730 r  bd_i/ddr4_0/inst/u_ddr4_mem_intfc/u_mig_ddr4_phy/inst/u_ddr4_phy_pll/diff_input_clk.u_ibufg_sys_clk/IBUFCTRL_INST/O
                         net (fo=2, routed)           0.323     1.053    bd_i/ddr4_0/inst/u_ddr4_mem_intfc/u_mig_ddr4_phy/inst/u_ddr4_phy_pll/sys_clk_in
    BUFGCE_X0Y78                                                      r  bd_i/ddr4_0/inst/u_ddr4_mem_intfc/u_mig_ddr4_phy/inst/u_ddr4_phy_pll/sys_clk_in_BUFGCE_collapsed_inst/I
    BUFGCE_X0Y78         BUFGCE (Prop_BUFCE_BUFGCE_I_O)
                                                      0.028     1.081 r  bd_i/ddr4_0/inst/u_ddr4_mem_intfc/u_mig_ddr4_phy/inst/u_ddr4_phy_pll/sys_clk_in_BUFGCE_collapsed_inst/O
                         net (fo=18, routed)          0.984     2.065    bd_i/ddr4_0/inst/u_ddr4_infrastructure/mmcm_clk_in
    MMCM_X0Y2                                                         r  bd_i/ddr4_0/inst/u_ddr4_infrastructure/gen_mmcme4.u_mmcme_adv_inst/CLKIN1
    MMCM_X0Y2            MMCME4_ADV (Prop_MMCM_CLKIN1_CLKOUT0)
                                                     -0.127     1.938 r  bd_i/ddr4_0/inst/u_ddr4_infrastructure/gen_mmcme4.u_mmcme_adv_inst/CLKOUT0
                         net (fo=1, routed)           0.244     2.182    bd_i/ddr4_0/inst/u_ddr4_infrastructure/mmcm_clkout0
    BUFGCE_X0Y62                                                      r  bd_i/ddr4_0/inst/u_ddr4_infrastructure/u_bufg_divClk/I
    BUFGCE_X0Y62         BUFGCE (Prop_BUFCE_BUFGCE_I_O)
                                                      0.028     2.210 r  bd_i/ddr4_0/inst/u_ddr4_infrastructure/u_bufg_divClk/O
    X3Y4 (CLOCK_ROOT)    net (fo=58603, routed)       2.641     4.851    bd_i/mvchan_0/inst/u_chan/u_engine/ui_clk
    SLICE_X121Y241       FDRE                                         r  bd_i/mvchan_0/inst/u_chan/u_engine/r_g_reg[3]/C
  -------------------------------------------------------------------    -------------------
    SLICE_X121Y241       FDRE (Prop_FFF_SLICEM_C_Q)
                                                      0.076     4.927 r  bd_i/mvchan_0/inst/u_chan/u_engine/r_g_reg[3]/Q
                         net (fo=195, routed)         1.906     6.833    bd_i/mvchan_0/inst/u_chan/u_engine/r_g_reg[3]
    SLICE_X162Y159                                                    r  bd_i/mvchan_0/inst/u_chan/u_engine/ps_q_reg_i_55/I4
    SLICE_X162Y159       LUT6 (Prop_H6LUT_SLICEL_I4_O)
                                                      0.124     6.957 r  bd_i/mvchan_0/inst/u_chan/u_engine/ps_q_reg_i_55/O
                         net (fo=1, routed)           0.449     7.406    bd_i/mvchan_0/inst/u_chan/u_engine/ps_q_reg_i_55_n_0
    SLICE_X152Y159                                                    r  bd_i/mvchan_0/inst/u_chan/u_engine/ps_q_reg_i_13/I0
    SLICE_X152Y159       LUT5 (Prop_H6LUT_SLICEM_I0_O)
                                                      0.053     7.459 r  bd_i/mvchan_0/inst/u_chan/u_engine/ps_q_reg_i_13/O
                         net (fo=1, routed)           0.575     8.034    bd_i/mvchan_0/inst/u_chan/u_engine/acc_bank_hi[5]
    SLICE_X140Y185       FDRE                                         r  bd_i/mvchan_0/inst/u_chan/u_engine/ps_q_reg_i_13_psdsp/D
  -------------------------------------------------------------------    -------------------

                         (clock mmcm_clkout0 rise edge)
                                                      3.332     3.332 r  
    AY37                                              0.000     3.332 r  dimm0_refclk_clk_p (IN)
                         net (fo=0)                   0.079     3.411    bd_i/ddr4_0/inst/u_ddr4_mem_intfc/u_mig_ddr4_phy/inst/u_ddr4_phy_pll/diff_input_clk.u_ibufg_sys_clk/I
    HPIOBDIFFINBUF_X0Y84                                              r  bd_i/ddr4_0/inst/u_ddr4_mem_intfc/u_mig_ddr4_phy/inst/u_ddr4_phy_pll/diff_input_clk.u_ibufg_sys_clk/DIFFINBUF_INST/DIFF_IN_P
    HPIOBDIFFINBUF_X0Y84 DIFFINBUF (Prop_DIFFINBUF_HPIOBDIFFINBUF_DIFF_IN_P_O)
                                                      0.483     3.894 r  bd_i/ddr4_0/inst/u_ddr4_mem_intfc/u_mig_ddr4_phy/inst/u_ddr4_phy_pll/diff_input_clk.u_ibufg_sys_clk/DIFFINBUF_INST/O
                         net (fo=1, routed)           0.040     3.934    bd_i/ddr4_0/inst/u_ddr4_mem_intfc/u_mig_ddr4_phy/inst/u_ddr4_phy_pll/diff_input_clk.u_ibufg_sys_clk/OUT
    AY37                                                              r  bd_i/ddr4_0/inst/u_ddr4_mem_intfc/u_mig_ddr4_phy/inst/u_ddr4_phy_pll/diff_input_clk.u_ibufg_sys_clk/IBUFCTRL_INST/I
    AY37                 IBUFCTRL (Prop_IBUFCTRL_HPIOB_M_I_O)
                                                      0.000     3.934 r  bd_i/ddr4_0/inst/u_ddr4_mem_intfc/u_mig_ddr4_phy/inst/u_ddr4_phy_pll/diff_input_clk.u_ibufg_sys_clk/IBUFCTRL_INST/O
                         net (fo=2, routed)           0.286     4.220    bd_i/ddr4_0/inst/u_ddr4_mem_intfc/u_mig_ddr4_phy/inst/u_ddr4_phy_pll/sys_clk_in
    BUFGCE_X0Y78                                                      r  bd_i/ddr4_0/inst/u_ddr4_mem_intfc/u_mig_ddr4_phy/inst/u_ddr4_phy_pll/sys_clk_in_BUFGCE_collapsed_inst/I
    BUFGCE_X0Y78         BUFGCE (Prop_BUFCE_BUFGCE_I_O)
                                                      0.024     4.244 r  bd_i/ddr4_0/inst/u_ddr4_mem_intfc/u_mig_ddr4_phy/inst/u_ddr4_phy_pll/sys_clk_in_BUFGCE_collapsed_inst/O
                         net (fo=18, routed)          0.869     5.113    bd_i/ddr4_0/inst/u_ddr4_infrastructure/mmcm_clk_in
    MMCM_X0Y2                                                         r  bd_i/ddr4_0/inst/u_ddr4_infrastructure/gen_mmcme4.u_mmcme_adv_inst/CLKIN1
    MMCM_X0Y2            MMCME4_ADV (Prop_MMCM_CLKIN1_CLKOUT0)
                                                      0.630     5.743 r  bd_i/ddr4_0/inst/u_ddr4_infrastructure/gen_mmcme4.u_mmcme_adv_inst/CLKOUT0
                         net (fo=1, routed)           0.214     5.957    bd_i/ddr4_0/inst/u_ddr4_infrastructure/mmcm_clkout0
    BUFGCE_X0Y62                                                      r  bd_i/ddr4_0/inst/u_ddr4_infrastructure/u_bufg_divClk/I
    BUFGCE_X0Y62         BUFGCE (Prop_BUFCE_BUFGCE_I_O)
                                                      0.024     5.981 r  bd_i/ddr4_0/inst/u_ddr4_infrastructure/u_bufg_divClk/O
    X3Y4 (CLOCK_ROOT)    net (fo=58603, routed)       2.416     8.397    bd_i/mvchan_0/inst/u_chan/u_engine/ui_clk
    SLICE_X140Y185       FDRE                                         r  bd_i/mvchan_0/inst/u_chan/u_engine/ps_q_reg_i_13_psdsp/C
                         clock pessimism             -0.333     8.064    
                         clock uncertainty           -0.052     8.012    
    SLICE_X140Y185       FDRE (Setup_EFF_SLICEL_C_D)
                                                      0.025     8.037    bd_i/mvchan_0/inst/u_chan/u_engine/ps_q_reg_i_13_psdsp
  -------------------------------------------------------------------
                         required time                          8.037    
                         arrival time                          -8.034    
  -------------------------------------------------------------------
                         slack                                  0.003    




