Copyright 1986-2022 Xilinx, Inc. All Rights Reserved. Copyright 2022-2024 Advanced Micro Devices, Inc. All Rights Reserved.
----------------------------------------------------------------------------------------------------------------------------------------------------------------------------------------------------------------------------
| Tool Version      : Vivado v.2024.2 (lin64) Build 5239630 Fri Nov 08 22:34:34 MST 2024
| Date              : Mon Sep  7 15:25:10 2026
| Host              : snoke running 64-bit Ubuntu 24.04.4 LTS
| Command           : report_timing -of_objects dbg_hub/inst/BSCANID.u_xsdbm_id/SWITCH_N_EXT_BSCAN.u_bufg_icon_tck/O -path_type full_clock_expanded -input_pins -file evidence/qwen9b/g5/130_t14b_skewprobe_ash_mvchan2.rpt
| Design            : bd_wrapper
| Device            : xcvu9p-fsgd2104
| Speed File        : -2L  PRODUCTION 1.28 03-30-2022
| Design State      : Physopt postRoute
| Temperature Grade : E
----------------------------------------------------------------------------------------------------------------------------------------------------------------------------------------------------------------------------

Timing Report

Slack (MET) :             0.107ns  (required time - arrival time)
  Source:                 bd_i/mvchan_2/inst/u_chan/u_engine/r_g_reg[3]/C
                            (rising edge-triggered cell FDRE clocked by mmcm_clkout0_3  {rise@0.000ns fall@1.666ns period=3.332ns})
  Destination:            bd_i/mvchan_2/inst/u_chan/u_streamer/committed_reg[9]/D
                            (rising edge-triggered cell FDRE clocked by mmcm_clkout0_3  {rise@0.000ns fall@1.666ns period=3.332ns})
  Path Group:             mmcm_clkout0_3
  Path Type:              Setup (Max at Slow Process Corner)
  Requirement:            3.332ns  (mmcm_clkout0_3 rise@3.332ns - mmcm_clkout0_3 rise@0.000ns)
  Data Path Delay:        3.019ns  (logic 0.821ns (27.190%)  route 2.199ns (72.810%))
  Logic Levels:           7  (CARRY8=2 LUT4=1 LUT5=1 LUT6=3)
  Clock Path Skew:        -0.178ns (DCD - SCD + CPR)
    Destination Clock Delay (DCD):    3.636ns = ( 6.968 - 3.332 ) 
    Source Clock Delay      (SCD):    3.349ns
    Clock Pessimism Removal (CPR):    -0.466ns
  Clock Uncertainty:      0.052ns  ((TSJ^2 + DJ^2)^1/2) / 2 + PE
    Total System Jitter     (TSJ):    0.071ns
    Discrete Jitter          (DJ):    0.077ns
    Phase Error              (PE):    0.000ns
  Clock Net Delay (Source):      2.100ns (routing 0.871ns, distribution 1.229ns)
  Clock Net Delay (Destination): 1.844ns (routing 0.793ns, distribution 1.051ns)

    Location             Delay type                Incr(ns)  Path(ns)    Netlist Resource(s)
  -------------------------------------------------------------------    -------------------
                         (clock mmcm_clkout0_3 rise edge)
                                                      0.000     0.000 r  
    F32                                               0.000     0.000 r  dimm2_refclk_clk_p (IN)
                         net (fo=0)                   0.100     0.100    bd_i/ddr4_2/inst/u_ddr4_mem_intfc/u_mig_ddr4_phy/inst/u_ddr4_phy_pll/diff_input_clk.u_ibufg_sys_clk/I
    HPIOBDIFFINBUF_X0Y204
                                                                      r  bd_i/ddr4_2/inst/u_ddr4_mem_intfc/u_mig_ddr4_phy/inst/u_ddr4_phy_pll/diff_input_clk.u_ibufg_sys_clk/DIFFINBUF_INST/DIFF_IN_P
    HPIOBDIFFINBUF_X0Y204
                         DIFFINBUF (Prop_DIFFINBUF_HPIOBDIFFINBUF_DIFF_IN_P_O)
                                                      0.569     0.669 r  bd_i/ddr4_2/inst/u_ddr4_mem_intfc/u_mig_ddr4_phy/inst/u_ddr4_phy_pll/diff_input_clk.u_ibufg_sys_clk/DIFFINBUF_INST/O
                         net (fo=1, routed)           0.050     0.719    bd_i/ddr4_2/inst/u_ddr4_mem_intfc/u_mig_ddr4_phy/inst/u_ddr4_phy_pll/diff_input_clk.u_ibufg_sys_clk/OUT
    F32                                                               r  bd_i/ddr4_2/inst/u_ddr4_mem_intfc/u_mig_ddr4_phy/inst/u_ddr4_phy_pll/diff_input_clk.u_ibufg_sys_clk/IBUFCTRL_INST/I
    F32                  IBUFCTRL (Prop_IBUFCTRL_HPIOB_M_I_O)
                                                      0.000     0.719 r  bd_i/ddr4_2/inst/u_ddr4_mem_intfc/u_mig_ddr4_phy/inst/u_ddr4_phy_pll/diff_input_clk.u_ibufg_sys_clk/IBUFCTRL_INST/O
                         net (fo=2, routed)           0.384     1.103    bd_i/ddr4_2/inst/u_ddr4_infrastructure/mmcm_clk_in
    MMCM_X0Y8                                                         r  bd_i/ddr4_2/inst/u_ddr4_infrastructure/gen_mmcme4.u_mmcme_adv_inst/CLKIN1
    MMCM_X0Y8            MMCME4_ADV (Prop_MMCM_CLKIN1_CLKOUT0)
                                                     -0.127     0.976 r  bd_i/ddr4_2/inst/u_ddr4_infrastructure/gen_mmcme4.u_mmcme_adv_inst/CLKOUT0
                         net (fo=1, routed)           0.245     1.221    bd_i/ddr4_2/inst/u_ddr4_infrastructure/mmcm_clkout0
    BUFGCE_X0Y213                                                     r  bd_i/ddr4_2/inst/u_ddr4_infrastructure/u_bufg_divClk/I
    BUFGCE_X0Y213        BUFGCE (Prop_BUFCE_BUFGCE_I_O)
                                                      0.028     1.249 r  bd_i/ddr4_2/inst/u_ddr4_infrastructure/u_bufg_divClk/O
    X2Y7 (CLOCK_ROOT)    net (fo=58575, routed)       2.100     3.349    bd_i/mvchan_2/inst/u_chan/u_engine/ui_clk
    SLICE_X85Y527        FDRE                                         r  bd_i/mvchan_2/inst/u_chan/u_engine/r_g_reg[3]/C
  -------------------------------------------------------------------    -------------------
    SLICE_X85Y527        FDRE (Prop_AFF_SLICEL_C_Q)
                                                      0.079     3.428 r  bd_i/mvchan_2/inst/u_chan/u_engine/r_g_reg[3]/Q
                         net (fo=195, routed)         0.348     3.775    bd_i/mvchan_2/inst/u_chan/u_engine/r_g_reg[3]
    SLICE_X85Y514                                                     r  bd_i/mvchan_2/inst/u_chan/u_engine/r_g[4]_i_1/I1
    SLICE_X85Y514        LUT5 (Prop_B6LUT_SLICEL_I1_O)
                                                      0.148     3.923 r  bd_i/mvchan_2/inst/u_chan/u_engine/r_g[4]_i_1/O
                         net (fo=2, routed)           0.514     4.437    bd_i/mvchan_2/inst/u_chan/u_engine/r_g[4]_i_1_n_0
    SLICE_X86Y477                                                     r  bd_i/mvchan_2/inst/u_chan/u_engine/g_cnt[6]_i_12/I5
    SLICE_X86Y477        LUT6 (Prop_A6LUT_SLICEL_I5_O)
                                                      0.098     4.535 r  bd_i/mvchan_2/inst/u_chan/u_engine/g_cnt[6]_i_12/O
                         net (fo=1, routed)           0.133     4.668    bd_i/mvchan_2/inst/u_chan/u_engine/g_cnt[6]_i_12_n_0
    SLICE_X86Y474                                                     r  bd_i/mvchan_2/inst/u_chan/u_engine/g_cnt[6]_i_4/I1
    SLICE_X86Y474        LUT6 (Prop_A6LUT_SLICEL_I1_O)
                                                      0.090     4.758 f  bd_i/mvchan_2/inst/u_chan/u_engine/g_cnt[6]_i_4/O
                         net (fo=2, routed)           0.169     4.927    bd_i/mvchan_2/inst/u_chan/u_engine/g_cnt[6]_i_4_n_0
    SLICE_X86Y468                                                     f  bd_i/mvchan_2/inst/u_chan/u_engine/g_cnt[6]_i_2/I0
    SLICE_X86Y468        LUT6 (Prop_A6LUT_SLICEL_I0_O)
                                                      0.050     4.977 r  bd_i/mvchan_2/inst/u_chan/u_engine/g_cnt[6]_i_2/O
                         net (fo=242, routed)         0.975     5.952    bd_i/mvchan_2/inst/u_chan/u_streamer/f_rd_reg[0]_1
    SLICE_X82Y399                                                     r  bd_i/mvchan_2/inst/u_chan/u_streamer/committed0_carry_i_16/I3
    SLICE_X82Y399        LUT4 (Prop_A6LUT_SLICEL_I3_O)
                                                      0.090     6.042 r  bd_i/mvchan_2/inst/u_chan/u_streamer/committed0_carry_i_16/O
                         net (fo=1, routed)           0.009     6.051    bd_i/mvchan_2/inst/u_chan/u_streamer/committed0_carry_i_16_n_0
    SLICE_X82Y399                                                     r  bd_i/mvchan_2/inst/u_chan/u_streamer/committed0_carry/S[0]
    SLICE_X82Y399        CARRY8 (Prop_CARRY8_SLICEL_S[0]_CO[7])
                                                      0.190     6.241 r  bd_i/mvchan_2/inst/u_chan/u_streamer/committed0_carry/CO[7]
                         net (fo=1, routed)           0.026     6.267    bd_i/mvchan_2/inst/u_chan/u_streamer/committed0_carry_n_0
    SLICE_X82Y400                                                     r  bd_i/mvchan_2/inst/u_chan/u_streamer/committed0_carry__0/CI
    SLICE_X82Y400        CARRY8 (Prop_CARRY8_SLICEL_CI_O[1])
                                                      0.076     6.343 r  bd_i/mvchan_2/inst/u_chan/u_streamer/committed0_carry__0/O[1]
                         net (fo=1, routed)           0.025     6.368    bd_i/mvchan_2/inst/u_chan/u_streamer/committed0_carry__0_n_14
    SLICE_X82Y400        FDRE                                         r  bd_i/mvchan_2/inst/u_chan/u_streamer/committed_reg[9]/D
  -------------------------------------------------------------------    -------------------

                         (clock mmcm_clkout0_3 rise edge)
                                                      3.332     3.332 r  
    F32                                               0.000     3.332 r  dimm2_refclk_clk_p (IN)
                         net (fo=0)                   0.079     3.411    bd_i/ddr4_2/inst/u_ddr4_mem_intfc/u_mig_ddr4_phy/inst/u_ddr4_phy_pll/diff_input_clk.u_ibufg_sys_clk/I
    HPIOBDIFFINBUF_X0Y204
                                                                      r  bd_i/ddr4_2/inst/u_ddr4_mem_intfc/u_mig_ddr4_phy/inst/u_ddr4_phy_pll/diff_input_clk.u_ibufg_sys_clk/DIFFINBUF_INST/DIFF_IN_P
    HPIOBDIFFINBUF_X0Y204
                         DIFFINBUF (Prop_DIFFINBUF_HPIOBDIFFINBUF_DIFF_IN_P_O)
                                                      0.472     3.883 r  bd_i/ddr4_2/inst/u_ddr4_mem_intfc/u_mig_ddr4_phy/inst/u_ddr4_phy_pll/diff_input_clk.u_ibufg_sys_clk/DIFFINBUF_INST/O
                         net (fo=1, routed)           0.040     3.923    bd_i/ddr4_2/inst/u_ddr4_mem_intfc/u_mig_ddr4_phy/inst/u_ddr4_phy_pll/diff_input_clk.u_ibufg_sys_clk/OUT
    F32                                                               r  bd_i/ddr4_2/inst/u_ddr4_mem_intfc/u_mig_ddr4_phy/inst/u_ddr4_phy_pll/diff_input_clk.u_ibufg_sys_clk/IBUFCTRL_INST/I
    F32                  IBUFCTRL (Prop_IBUFCTRL_HPIOB_M_I_O)
                                                      0.000     3.923 r  bd_i/ddr4_2/inst/u_ddr4_mem_intfc/u_mig_ddr4_phy/inst/u_ddr4_phy_pll/diff_input_clk.u_ibufg_sys_clk/IBUFCTRL_INST/O
                         net (fo=2, routed)           0.333     4.256    bd_i/ddr4_2/inst/u_ddr4_infrastructure/mmcm_clk_in
    MMCM_X0Y8                                                         r  bd_i/ddr4_2/inst/u_ddr4_infrastructure/gen_mmcme4.u_mmcme_adv_inst/CLKIN1
    MMCM_X0Y8            MMCME4_ADV (Prop_MMCM_CLKIN1_CLKOUT0)
                                                      0.630     4.886 r  bd_i/ddr4_2/inst/u_ddr4_infrastructure/gen_mmcme4.u_mmcme_adv_inst/CLKOUT0
                         net (fo=1, routed)           0.215     5.101    bd_i/ddr4_2/inst/u_ddr4_infrastructure/mmcm_clkout0
    BUFGCE_X0Y213                                                     r  bd_i/ddr4_2/inst/u_ddr4_infrastructure/u_bufg_divClk/I
    BUFGCE_X0Y213        BUFGCE (Prop_BUFCE_BUFGCE_I_O)
                                                      0.024     5.125 r  bd_i/ddr4_2/inst/u_ddr4_infrastructure/u_bufg_divClk/O
    X2Y7 (CLOCK_ROOT)    net (fo=58575, routed)       1.844     6.968    bd_i/mvchan_2/inst/u_chan/u_streamer/ui_clk
    SLICE_X82Y400        FDRE                                         r  bd_i/mvchan_2/inst/u_chan/u_streamer/committed_reg[9]/C
                         clock pessimism             -0.466     6.502    
                         clock uncertainty           -0.052     6.450    
    SLICE_X82Y400        FDRE (Setup_BFF_SLICEL_C_D)
                                                      0.025     6.475    bd_i/mvchan_2/inst/u_chan/u_streamer/committed_reg[9]
  -------------------------------------------------------------------
                         required time                          6.475    
                         arrival time                          -6.368    
  -------------------------------------------------------------------
                         slack                                  0.107    




