Copyright 1986-2022 Xilinx, Inc. All Rights Reserved. Copyright 2022-2024 Advanced Micro Devices, Inc. All Rights Reserved.
------------------------------------------------------------------------------------------------------------------------------------------------------------------------------------------------------------------------
| Tool Version      : Vivado v.2024.2 (lin64) Build 5239630 Fri Nov 08 22:34:34 MST 2024
| Date              : Mon Sep  7 15:25:11 2026
| Host              : snoke running 64-bit Ubuntu 24.04.4 LTS
| Command           : report_timing -of_objects dbg_hub/inst/BSCANID.u_xsdbm_id/SWITCH_N_EXT_BSCAN.u_bufg_icon_tck/O -path_type full_clock_expanded -input_pins -file evidence/qwen9b/g5/130_t14b_skewprobe_ash_seq.rpt
| Design            : bd_wrapper
| Device            : xcvu9p-fsgd2104
| Speed File        : -2L  PRODUCTION 1.28 03-30-2022
| Design State      : Physopt postRoute
| Temperature Grade : E
------------------------------------------------------------------------------------------------------------------------------------------------------------------------------------------------------------------------

Timing Report

Slack (MET) :             0.278ns  (required time - arrival time)
  Source:                 bd_i/seq_0/inst/u_seq/rec_reg[4]/C
                            (rising edge-triggered cell FDRE clocked by xdma_0_axi_aclk  {rise@0.000ns fall@2.000ns period=4.000ns})
  Destination:            bd_i/seq_0/inst/u_seq/ist_reg[4]/D
                            (rising edge-triggered cell FDRE clocked by xdma_0_axi_aclk  {rise@0.000ns fall@2.000ns period=4.000ns})
  Path Group:             xdma_0_axi_aclk
  Path Type:              Setup (Max at Slow Process Corner)
  Requirement:            4.000ns  (xdma_0_axi_aclk rise@4.000ns - xdma_0_axi_aclk rise@0.000ns)
  Data Path Delay:        3.643ns  (logic 0.969ns (26.597%)  route 2.674ns (73.403%))
  Logic Levels:           10  (CARRY8=1 LUT3=1 LUT4=1 LUT5=2 LUT6=4 MUXF7=1)
  Clock Path Skew:        -0.058ns (DCD - SCD + CPR)
    Destination Clock Delay (DCD):    3.425ns = ( 7.425 - 4.000 ) 
    Source Clock Delay      (SCD):    3.786ns
    Clock Pessimism Removal (CPR):    0.303ns
  Clock Uncertainty:      0.046ns  ((TSJ^2 + DJ^2)^1/2) / 2 + PE
    Total System Jitter     (TSJ):    0.071ns
    Discrete Jitter          (DJ):    0.060ns
    Phase Error              (PE):    0.000ns
  Clock Net Delay (Source):      3.571ns (routing 2.001ns, distribution 1.570ns)
  Clock Net Delay (Destination): 3.233ns (routing 1.811ns, distribution 1.422ns)

    Location             Delay type                Incr(ns)  Path(ns)    Netlist Resource(s)
  -------------------------------------------------------------------    -------------------
                         (clock xdma_0_axi_aclk rise edge)
                                                      0.000     0.000 r  
    GTYE4_CHANNEL_X1Y35  GTYE4_CHANNEL                0.000     0.000 r  bd_i/xdma_0/inst/pcie4_ip_i/inst/bd_xdma_0_0_pcie4_ip_gt_top_i/diablo_gt.diablo_gt_phy_wrapper/gt_wizard.gtwizard_top_i/bd_xdma_0_0_pcie4_ip_gt_i/inst/gen_gtwizard_gtye4_top.bd_xdma_0_0_pcie4_ip_gt_gtwizard_gtye4_inst/gen_gtwizard_gtye4.gen_channel_container[32].gen_enabled_channel.gtye4_channel_wrapper_inst/channel_inst/gtye4_channel_gen.gen_gtye4_channel_inst[3].GTYE4_CHANNEL_PRIM_INST/TXOUTCLK
                         net (fo=7, routed)           0.085     0.085    bd_i/xdma_0/inst/pcie4_ip_i/inst/bd_xdma_0_0_pcie4_ip_gt_top_i/diablo_gt.diablo_gt_phy_wrapper/phy_clk_i/GT_TXOUTCLK[0]
    BUFG_GT_X1Y203                                                    r  bd_i/xdma_0/inst/pcie4_ip_i/inst/bd_xdma_0_0_pcie4_ip_gt_top_i/diablo_gt.diablo_gt_phy_wrapper/phy_clk_i/bufg_gt_userclk/I
    BUFG_GT_X1Y203       BUFG_GT (Prop_BUFG_GT_I_O)
                                                      0.130     0.215 r  bd_i/xdma_0/inst/pcie4_ip_i/inst/bd_xdma_0_0_pcie4_ip_gt_top_i/diablo_gt.diablo_gt_phy_wrapper/phy_clk_i/bufg_gt_userclk/O
    X2Y5 (CLOCK_ROOT)    net (fo=150232, routed)      3.571     3.786    bd_i/seq_0/inst/u_seq/aclk
    SLICE_X80Y326        FDRE                                         r  bd_i/seq_0/inst/u_seq/rec_reg[4]/C
  -------------------------------------------------------------------    -------------------
    SLICE_X80Y326        FDRE (Prop_EFF_SLICEM_C_Q)
                                                      0.076     3.862 f  bd_i/seq_0/inst/u_seq/rec_reg[4]/Q
                         net (fo=2, routed)           0.230     4.092    bd_i/seq_0/inst/u_seq/rec_reg_n_0_[4]
    SLICE_X82Y325                                                     f  bd_i/seq_0/inst/u_seq/err_code[2]_i_3/I3
    SLICE_X82Y325        LUT4 (Prop_F6LUT_SLICEL_I3_O)
                                                      0.148     4.240 r  bd_i/seq_0/inst/u_seq/err_code[2]_i_3/O
                         net (fo=9, routed)           0.270     4.509    bd_i/seq_0/inst/u_seq/err_code[2]_i_3_n_0
    SLICE_X85Y327                                                     r  bd_i/seq_0/inst/u_seq/mv_shift[31]_i_2/I0
    SLICE_X85Y327        LUT5 (Prop_H6LUT_SLICEL_I0_O)
                                                      0.051     4.560 r  bd_i/seq_0/inst/u_seq/mv_shift[31]_i_2/O
                         net (fo=4, routed)           0.043     4.603    bd_i/seq_0/inst/u_seq/mv_shift[31]_i_2_n_0
    SLICE_X85Y327                                                     r  bd_i/seq_0/inst/u_seq/wr_data_r[31]_i_17/I1
    SLICE_X85Y327        LUT3 (Prop_G6LUT_SLICEL_I1_O)
                                                      0.035     4.638 r  bd_i/seq_0/inst/u_seq/wr_data_r[31]_i_17/O
                         net (fo=52, routed)          0.432     5.070    bd_i/seq_0/inst/u_seq/wr_data_r[31]_i_17_n_0
    SLICE_X86Y322                                                     r  bd_i/seq_0/inst/u_seq/arg0_sh_reg[3]_i_22/S
    SLICE_X86Y322        MUXF7 (Prop_F7MUX_CD_SLICEL_S_O)
                                                      0.070     5.140 r  bd_i/seq_0/inst/u_seq/arg0_sh_reg[3]_i_22/O
                         net (fo=3, routed)           0.226     5.367    bd_i/seq_0/inst/u_seq/arg0_sh_reg[3]_i_22_n_0
    SLICE_X86Y317                                                     r  bd_i/seq_0/inst/u_seq/bulk_addr[7]_i_19/I1
    SLICE_X86Y317        LUT6 (Prop_H6LUT_SLICEL_I1_O)
                                                      0.150     5.517 r  bd_i/seq_0/inst/u_seq/bulk_addr[7]_i_19/O
                         net (fo=1, routed)           0.264     5.781    bd_i/seq_0/inst/u_seq/bulk_addr[7]_i_19_n_0
    SLICE_X86Y313                                                     r  bd_i/seq_0/inst/u_seq/bulk_addr_reg[7]_i_3/S[0]
    SLICE_X86Y313        CARRY8 (Prop_CARRY8_SLICEL_S[0]_O[0])
                                                      0.063     5.844 r  bd_i/seq_0/inst/u_seq/bulk_addr_reg[7]_i_3/O[0]
                         net (fo=5, routed)           0.389     6.232    bd_i/seq_0/inst/u_seq/ldc_a0[0]
    SLICE_X84Y319                                                     r  bd_i/seq_0/inst/u_seq/ist[4]_i_46/I5
    SLICE_X84Y319        LUT6 (Prop_C6LUT_SLICEM_I5_O)
                                                      0.051     6.283 f  bd_i/seq_0/inst/u_seq/ist[4]_i_46/O
                         net (fo=2, routed)           0.146     6.429    bd_i/seq_0/inst/u_seq/ist[4]_i_46_n_0
    SLICE_X84Y322                                                     f  bd_i/seq_0/inst/u_seq/ist[4]_i_33/I0
    SLICE_X84Y322        LUT5 (Prop_F6LUT_SLICEM_I0_O)
                                                      0.088     6.517 r  bd_i/seq_0/inst/u_seq/ist[4]_i_33/O
                         net (fo=2, routed)           0.131     6.648    bd_i/seq_0/inst/u_seq/u_mov/ist_reg[4]_4
    SLICE_X83Y323                                                     r  bd_i/seq_0/inst/u_seq/u_mov/ist[4]_i_12/I1
    SLICE_X83Y323        LUT6 (Prop_F6LUT_SLICEL_I1_O)
                                                      0.089     6.737 r  bd_i/seq_0/inst/u_seq/u_mov/ist[4]_i_12/O
                         net (fo=1, routed)           0.362     7.099    bd_i/seq_0/inst/u_seq/u_mov/ist[4]_i_12_n_0
    SLICE_X85Y304                                                     r  bd_i/seq_0/inst/u_seq/u_mov/ist[4]_i_2/I3
    SLICE_X85Y304        LUT6 (Prop_B6LUT_SLICEL_I3_O)
                                                      0.148     7.247 r  bd_i/seq_0/inst/u_seq/u_mov/ist[4]_i_2/O
                         net (fo=1, routed)           0.182     7.429    bd_i/seq_0/inst/u_seq/u_mov_n_92
    SLICE_X85Y304        FDRE                                         r  bd_i/seq_0/inst/u_seq/ist_reg[4]/D
  -------------------------------------------------------------------    -------------------

                         (clock xdma_0_axi_aclk rise edge)
                                                      4.000     4.000 r  
    GTYE4_CHANNEL_X1Y35  GTYE4_CHANNEL                0.000     4.000 r  bd_i/xdma_0/inst/pcie4_ip_i/inst/bd_xdma_0_0_pcie4_ip_gt_top_i/diablo_gt.diablo_gt_phy_wrapper/gt_wizard.gtwizard_top_i/bd_xdma_0_0_pcie4_ip_gt_i/inst/gen_gtwizard_gtye4_top.bd_xdma_0_0_pcie4_ip_gt_gtwizard_gtye4_inst/gen_gtwizard_gtye4.gen_channel_container[32].gen_enabled_channel.gtye4_channel_wrapper_inst/channel_inst/gtye4_channel_gen.gen_gtye4_channel_inst[3].GTYE4_CHANNEL_PRIM_INST/TXOUTCLK
                         net (fo=7, routed)           0.078     4.078    bd_i/xdma_0/inst/pcie4_ip_i/inst/bd_xdma_0_0_pcie4_ip_gt_top_i/diablo_gt.diablo_gt_phy_wrapper/phy_clk_i/GT_TXOUTCLK[0]
    BUFG_GT_X1Y203                                                    r  bd_i/xdma_0/inst/pcie4_ip_i/inst/bd_xdma_0_0_pcie4_ip_gt_top_i/diablo_gt.diablo_gt_phy_wrapper/phy_clk_i/bufg_gt_userclk/I
    BUFG_GT_X1Y203       BUFG_GT (Prop_BUFG_GT_I_O)
                                                      0.114     4.192 r  bd_i/xdma_0/inst/pcie4_ip_i/inst/bd_xdma_0_0_pcie4_ip_gt_top_i/diablo_gt.diablo_gt_phy_wrapper/phy_clk_i/bufg_gt_userclk/O
    X2Y5 (CLOCK_ROOT)    net (fo=150232, routed)      3.233     7.425    bd_i/seq_0/inst/u_seq/aclk
    SLICE_X85Y304        FDRE                                         r  bd_i/seq_0/inst/u_seq/ist_reg[4]/C
                         clock pessimism              0.303     7.728    
                         clock uncertainty           -0.046     7.682    
    SLICE_X85Y304        FDRE (Setup_EFF_SLICEL_C_D)
                                                      0.025     7.707    bd_i/seq_0/inst/u_seq/ist_reg[4]
  -------------------------------------------------------------------
                         required time                          7.707    
                         arrival time                          -7.429    
  -------------------------------------------------------------------
                         slack                                  0.278    




