Copyright 1986-2022 Xilinx, Inc. All Rights Reserved. Copyright 2022-2024 Advanced Micro Devices, Inc. All Rights Reserved.
------------------------------------------------------------------------------------------------------------------------------------------------------------------------------------------------------------------------------------------------------------------
| Tool Version      : Vivado v.2024.2 (lin64) Build 5239630 Fri Nov 08 22:34:34 MST 2024
| Date              : Mon Sep  7 16:43:54 2026
| Host              : snoke running 64-bit Ubuntu 24.04.4 LTS
| Command           : report_timing -of_objects {{bd_i/layer_0/inst/u_core/dma_kind_reg[0]_replica_16/C --> bd_i/layer_0/inst/u_core/g_dnslot[1].mem_reg_uram_18/ADDR_A[10]}} -path_type full -input_pins -file evidence/qwen9b/g5/140_t14b_owner_ash_DN_SLOT.rpt
| Design            : bd_wrapper
| Device            : xcvu9p-fsgd2104
| Speed File        : -2L  PRODUCTION 1.28 03-30-2022
| Design State      : Physopt postRoute
| Temperature Grade : E
------------------------------------------------------------------------------------------------------------------------------------------------------------------------------------------------------------------------------------------------------------------

Timing Report

Slack (VIOLATED) :        -0.143ns  (required time - arrival time)
  Source:                 bd_i/layer_0/inst/u_core/dma_kind_reg[0]_replica_16/C
                            (rising edge-triggered cell FDRE clocked by xdma_0_axi_aclk  {rise@0.000ns fall@2.000ns period=4.000ns})
  Destination:            bd_i/layer_0/inst/u_core/g_dnslot[1].mem_reg_uram_18/ADDR_A[10]
                            (rising edge-triggered cell URAM288 clocked by xdma_0_axi_aclk  {rise@0.000ns fall@2.000ns period=4.000ns})
  Path Group:             xdma_0_axi_aclk
  Path Type:              Setup (Max at Slow Process Corner)
  Requirement:            4.000ns  (xdma_0_axi_aclk rise@4.000ns - xdma_0_axi_aclk rise@0.000ns)
  Data Path Delay:        3.592ns  (logic 0.212ns (5.902%)  route 3.380ns (94.098%))
  Logic Levels:           2  (LUT3=1 LUT4=1)
  Clock Path Skew:        -0.064ns (DCD - SCD + CPR)
    Destination Clock Delay (DCD):    3.589ns = ( 7.589 - 4.000 ) 
    Source Clock Delay      (SCD):    3.890ns
    Clock Pessimism Removal (CPR):    0.237ns
  Clock Uncertainty:      0.046ns  ((TSJ^2 + DJ^2)^1/2) / 2 + PE
    Total System Jitter     (TSJ):    0.071ns
    Discrete Jitter          (DJ):    0.060ns
    Phase Error              (PE):    0.000ns
  Clock Net Delay (Source):      3.675ns (routing 2.001ns, distribution 1.674ns)
  Clock Net Delay (Destination): 3.397ns (routing 1.811ns, distribution 1.586ns)

    Location             Delay type                Incr(ns)  Path(ns)    Netlist Resource(s)
  -------------------------------------------------------------------    -------------------
                         (clock xdma_0_axi_aclk rise edge)
                                                      0.000     0.000 r  
    GTYE4_CHANNEL_X1Y35  GTYE4_CHANNEL                0.000     0.000 r  bd_i/xdma_0/inst/pcie4_ip_i/inst/bd_xdma_0_0_pcie4_ip_gt_top_i/diablo_gt.diablo_gt_phy_wrapper/gt_wizard.gtwizard_top_i/bd_xdma_0_0_pcie4_ip_gt_i/inst/gen_gtwizard_gtye4_top.bd_xdma_0_0_pcie4_ip_gt_gtwizard_gtye4_inst/gen_gtwizard_gtye4.gen_channel_container[32].gen_enabled_channel.gtye4_channel_wrapper_inst/channel_inst/gtye4_channel_gen.gen_gtye4_channel_inst[3].GTYE4_CHANNEL_PRIM_INST/TXOUTCLK
                         net (fo=7, routed)           0.085     0.085    bd_i/xdma_0/inst/pcie4_ip_i/inst/bd_xdma_0_0_pcie4_ip_gt_top_i/diablo_gt.diablo_gt_phy_wrapper/phy_clk_i/GT_TXOUTCLK[0]
    BUFG_GT_X1Y203                                                    r  bd_i/xdma_0/inst/pcie4_ip_i/inst/bd_xdma_0_0_pcie4_ip_gt_top_i/diablo_gt.diablo_gt_phy_wrapper/phy_clk_i/bufg_gt_userclk/I
    BUFG_GT_X1Y203       BUFG_GT (Prop_BUFG_GT_I_O)
                                                      0.130     0.215 r  bd_i/xdma_0/inst/pcie4_ip_i/inst/bd_xdma_0_0_pcie4_ip_gt_top_i/diablo_gt.diablo_gt_phy_wrapper/phy_clk_i/bufg_gt_userclk/O
    X2Y5 (CLOCK_ROOT)    net (fo=150232, routed)      3.675     3.890    bd_i/layer_0/inst/u_core/aclk
    SLR Crossing[1->0]   
    SLICE_X85Y142        FDRE                                         r  bd_i/layer_0/inst/u_core/dma_kind_reg[0]_replica_16/C
  -------------------------------------------------------------------    -------------------
    SLICE_X85Y142        FDRE (Prop_HFF_SLICEL_C_Q)
                                                      0.079     3.969 f  bd_i/layer_0/inst/u_core/dma_kind_reg[0]_replica_16/Q
                         net (fo=312, routed)         0.798     4.767    bd_i/layer_0/inst/u_core/last_kind[0]_repN_16
    SLICE_X94Y134                                                     f  bd_i/layer_0/inst/u_core/g_dnslot[0].mem_reg_uram_8_i_73/I1
    SLICE_X94Y134        LUT3 (Prop_B6LUT_SLICEL_I1_O)
                                                      0.098     4.865 r  bd_i/layer_0/inst/u_core/g_dnslot[0].mem_reg_uram_8_i_73/O
                         net (fo=44, routed)          0.556     5.421    bd_i/layer_0/inst/u_core/u_dma/g_dnslot[0].mem_reg_uram_8_i_73_n_0_alias
    SLICE_X91Y143                                                     r  bd_i/layer_0/inst/u_core/u_dma/g_dnslot[1].mem_reg_uram_0_i_2/I1
    SLICE_X91Y143        LUT4 (Prop_F6LUT_SLICEL_I1_O)
                                                      0.035     5.456 r  bd_i/layer_0/inst/u_core/u_dma/g_dnslot[1].mem_reg_uram_0_i_2/O
                         net (fo=58, routed)          2.026     7.482    bd_i/layer_0/inst/u_core/g_dnslot[1].ra[10]
    URAM288_X2Y65        URAM288                                      r  bd_i/layer_0/inst/u_core/g_dnslot[1].mem_reg_uram_18/ADDR_A[10]
  -------------------------------------------------------------------    -------------------

                         (clock xdma_0_axi_aclk rise edge)
                                                      4.000     4.000 r  
    GTYE4_CHANNEL_X1Y35  GTYE4_CHANNEL                0.000     4.000 r  bd_i/xdma_0/inst/pcie4_ip_i/inst/bd_xdma_0_0_pcie4_ip_gt_top_i/diablo_gt.diablo_gt_phy_wrapper/gt_wizard.gtwizard_top_i/bd_xdma_0_0_pcie4_ip_gt_i/inst/gen_gtwizard_gtye4_top.bd_xdma_0_0_pcie4_ip_gt_gtwizard_gtye4_inst/gen_gtwizard_gtye4.gen_channel_container[32].gen_enabled_channel.gtye4_channel_wrapper_inst/channel_inst/gtye4_channel_gen.gen_gtye4_channel_inst[3].GTYE4_CHANNEL_PRIM_INST/TXOUTCLK
                         net (fo=7, routed)           0.078     4.078    bd_i/xdma_0/inst/pcie4_ip_i/inst/bd_xdma_0_0_pcie4_ip_gt_top_i/diablo_gt.diablo_gt_phy_wrapper/phy_clk_i/GT_TXOUTCLK[0]
    BUFG_GT_X1Y203                                                    r  bd_i/xdma_0/inst/pcie4_ip_i/inst/bd_xdma_0_0_pcie4_ip_gt_top_i/diablo_gt.diablo_gt_phy_wrapper/phy_clk_i/bufg_gt_userclk/I
    BUFG_GT_X1Y203       BUFG_GT (Prop_BUFG_GT_I_O)
                                                      0.114     4.192 r  bd_i/xdma_0/inst/pcie4_ip_i/inst/bd_xdma_0_0_pcie4_ip_gt_top_i/diablo_gt.diablo_gt_phy_wrapper/phy_clk_i/bufg_gt_userclk/O
    X2Y5 (CLOCK_ROOT)    net (fo=150232, routed)      3.397     7.589    bd_i/layer_0/inst/u_core/aclk
    SLR Crossing[1->0]   
    URAM288_X2Y65        URAM288                                      r  bd_i/layer_0/inst/u_core/g_dnslot[1].mem_reg_uram_18/CLK
                         clock pessimism              0.237     7.826    
                         clock uncertainty           -0.046     7.780    
    URAM288_X2Y65        URAM288 (Setup_URAM_288K_INST_URAM288_CLK_ADDR_A[10])
                                                     -0.441     7.339    bd_i/layer_0/inst/u_core/g_dnslot[1].mem_reg_uram_18
  -------------------------------------------------------------------
                         required time                          7.339    
                         arrival time                          -7.482    
  -------------------------------------------------------------------
                         slack                                 -0.143    




