Copyright 1986-2022 Xilinx, Inc. All Rights Reserved. Copyright 2022-2024 Advanced Micro Devices, Inc. All Rights Reserved.
---------------------------------------------------------------------------------------------------------------------------------------------------------------------------------------------------------------------------------------------------------------------------
| Tool Version      : Vivado v.2024.2 (lin64) Build 5239630 Fri Nov 08 22:34:34 MST 2024
| Date              : Mon Sep  7 16:43:39 2026
| Host              : snoke running 64-bit Ubuntu 24.04.4 LTS
| Command           : report_timing -of_objects {{bd_i/layer_0/inst/u_core/g_kvslot[0].mem_reg_uram_8/CLK --> bd_i/layer_0/inst/u_core/u_attn/g_lane[38].pv_p_reg[38]_i_8_psdsp_1/D}} -path_type full -input_pins -file evidence/qwen9b/g5/140_t14b_owner_ash_ATTN_DSP.rpt
| Design            : bd_wrapper
| Device            : xcvu9p-fsgd2104
| Speed File        : -2L  PRODUCTION 1.28 03-30-2022
| Design State      : Physopt postRoute
| Temperature Grade : E
---------------------------------------------------------------------------------------------------------------------------------------------------------------------------------------------------------------------------------------------------------------------------

Timing Report

Slack (VIOLATED) :        -0.156ns  (required time - arrival time)
  Source:                 bd_i/layer_0/inst/u_core/g_kvslot[0].mem_reg_uram_8/CLK
                            (rising edge-triggered cell URAM288 clocked by xdma_0_axi_aclk  {rise@0.000ns fall@2.000ns period=4.000ns})
  Destination:            bd_i/layer_0/inst/u_core/u_attn/g_lane[38].pv_p_reg[38]_i_8_psdsp_1/D
                            (rising edge-triggered cell FDRE clocked by xdma_0_axi_aclk  {rise@0.000ns fall@2.000ns period=4.000ns})
  Path Group:             xdma_0_axi_aclk
  Path Type:              Setup (Max at Slow Process Corner)
  Requirement:            4.000ns  (xdma_0_axi_aclk rise@4.000ns - xdma_0_axi_aclk rise@0.000ns)
  Data Path Delay:        3.762ns  (logic 1.700ns (45.185%)  route 2.062ns (54.815%))
  Logic Levels:           2  (LUT3=1 URAM288=1)
  Clock Path Skew:        -0.372ns (DCD - SCD + CPR)
    Destination Clock Delay (DCD):    3.599ns = ( 7.599 - 4.000 ) 
    Source Clock Delay      (SCD):    4.225ns
    Clock Pessimism Removal (CPR):    0.254ns
  Clock Uncertainty:      0.046ns  ((TSJ^2 + DJ^2)^1/2) / 2 + PE
    Total System Jitter     (TSJ):    0.071ns
    Discrete Jitter          (DJ):    0.060ns
    Phase Error              (PE):    0.000ns
  Clock Net Delay (Source):      4.010ns (routing 2.001ns, distribution 2.009ns)
  Clock Net Delay (Destination): 3.407ns (routing 1.811ns, distribution 1.596ns)

    Location             Delay type                Incr(ns)  Path(ns)    Netlist Resource(s)
  -------------------------------------------------------------------    -------------------
                         (clock xdma_0_axi_aclk rise edge)
                                                      0.000     0.000 r  
    GTYE4_CHANNEL_X1Y35  GTYE4_CHANNEL                0.000     0.000 r  bd_i/xdma_0/inst/pcie4_ip_i/inst/bd_xdma_0_0_pcie4_ip_gt_top_i/diablo_gt.diablo_gt_phy_wrapper/gt_wizard.gtwizard_top_i/bd_xdma_0_0_pcie4_ip_gt_i/inst/gen_gtwizard_gtye4_top.bd_xdma_0_0_pcie4_ip_gt_gtwizard_gtye4_inst/gen_gtwizard_gtye4.gen_channel_container[32].gen_enabled_channel.gtye4_channel_wrapper_inst/channel_inst/gtye4_channel_gen.gen_gtye4_channel_inst[3].GTYE4_CHANNEL_PRIM_INST/TXOUTCLK
                         net (fo=7, routed)           0.085     0.085    bd_i/xdma_0/inst/pcie4_ip_i/inst/bd_xdma_0_0_pcie4_ip_gt_top_i/diablo_gt.diablo_gt_phy_wrapper/phy_clk_i/GT_TXOUTCLK[0]
    BUFG_GT_X1Y203                                                    r  bd_i/xdma_0/inst/pcie4_ip_i/inst/bd_xdma_0_0_pcie4_ip_gt_top_i/diablo_gt.diablo_gt_phy_wrapper/phy_clk_i/bufg_gt_userclk/I
    BUFG_GT_X1Y203       BUFG_GT (Prop_BUFG_GT_I_O)
                                                      0.130     0.215 r  bd_i/xdma_0/inst/pcie4_ip_i/inst/bd_xdma_0_0_pcie4_ip_gt_top_i/diablo_gt.diablo_gt_phy_wrapper/phy_clk_i/bufg_gt_userclk/O
    X2Y5 (CLOCK_ROOT)    net (fo=150232, routed)      4.010     4.225    bd_i/layer_0/inst/u_core/aclk
    SLR Crossing[1->0]   
    URAM288_X3Y50        URAM288                                      r  bd_i/layer_0/inst/u_core/g_kvslot[0].mem_reg_uram_8/CLK
  -------------------------------------------------------------------    -------------------
    URAM288_X3Y50        URAM288 (Prop_URAM_288K_INST_URAM288_CLK_CAS_OUT_DOUT_A[16])
                                                      1.360     5.585 r  bd_i/layer_0/inst/u_core/g_kvslot[0].mem_reg_uram_8/CAS_OUT_DOUT_A[16]
                         net (fo=1, routed)           0.001     5.586    bd_i/layer_0/inst/u_core/g_kvslot[0].mem_reg_uram_9_Cas_DoutA_1[16]
    URAM288_X3Y51                                                     r  bd_i/layer_0/inst/u_core/g_kvslot[0].mem_reg_uram_9/CAS_IN_DOUT_A[16]
    URAM288_X3Y51        URAM288 (Prop_URAM_288K_INST_URAM288_CAS_IN_DOUT_A[16]_DOUT_A[16])
                                                      0.193     5.779 r  bd_i/layer_0/inst/u_core/g_kvslot[0].mem_reg_uram_9/DOUT_A[16]
                         net (fo=2, routed)           1.910     7.689    bd_i/layer_0/inst/u_core/u_attn/g_kvslot[0].kv_rdq_b_reg[0][304]
    SLICE_X52Y172                                                     r  bd_i/layer_0/inst/u_core/u_attn/g_lane[38].pv_p_reg[38]_i_8/I1
    SLICE_X52Y172        LUT3 (Prop_E6LUT_SLICEL_I1_O)
                                                      0.147     7.836 r  bd_i/layer_0/inst/u_core/u_attn/g_lane[38].pv_p_reg[38]_i_8/O
                         net (fo=2, routed)           0.151     7.987    bd_i/layer_0/inst/u_core/u_attn/g_lane[38].pv_p_reg[38]_i_8_n_0
    SLICE_X52Y171        FDRE                                         r  bd_i/layer_0/inst/u_core/u_attn/g_lane[38].pv_p_reg[38]_i_8_psdsp_1/D
  -------------------------------------------------------------------    -------------------

                         (clock xdma_0_axi_aclk rise edge)
                                                      4.000     4.000 r  
    GTYE4_CHANNEL_X1Y35  GTYE4_CHANNEL                0.000     4.000 r  bd_i/xdma_0/inst/pcie4_ip_i/inst/bd_xdma_0_0_pcie4_ip_gt_top_i/diablo_gt.diablo_gt_phy_wrapper/gt_wizard.gtwizard_top_i/bd_xdma_0_0_pcie4_ip_gt_i/inst/gen_gtwizard_gtye4_top.bd_xdma_0_0_pcie4_ip_gt_gtwizard_gtye4_inst/gen_gtwizard_gtye4.gen_channel_container[32].gen_enabled_channel.gtye4_channel_wrapper_inst/channel_inst/gtye4_channel_gen.gen_gtye4_channel_inst[3].GTYE4_CHANNEL_PRIM_INST/TXOUTCLK
                         net (fo=7, routed)           0.078     4.078    bd_i/xdma_0/inst/pcie4_ip_i/inst/bd_xdma_0_0_pcie4_ip_gt_top_i/diablo_gt.diablo_gt_phy_wrapper/phy_clk_i/GT_TXOUTCLK[0]
    BUFG_GT_X1Y203                                                    r  bd_i/xdma_0/inst/pcie4_ip_i/inst/bd_xdma_0_0_pcie4_ip_gt_top_i/diablo_gt.diablo_gt_phy_wrapper/phy_clk_i/bufg_gt_userclk/I
    BUFG_GT_X1Y203       BUFG_GT (Prop_BUFG_GT_I_O)
                                                      0.114     4.192 r  bd_i/xdma_0/inst/pcie4_ip_i/inst/bd_xdma_0_0_pcie4_ip_gt_top_i/diablo_gt.diablo_gt_phy_wrapper/phy_clk_i/bufg_gt_userclk/O
    X2Y5 (CLOCK_ROOT)    net (fo=150232, routed)      3.407     7.599    bd_i/layer_0/inst/u_core/u_attn/aclk
    SLR Crossing[1->0]   
    SLICE_X52Y171        FDRE                                         r  bd_i/layer_0/inst/u_core/u_attn/g_lane[38].pv_p_reg[38]_i_8_psdsp_1/C
                         clock pessimism              0.254     7.853    
                         clock uncertainty           -0.046     7.806    
    SLICE_X52Y171        FDRE (Setup_DFF2_SLICEL_C_D)
                                                      0.025     7.831    bd_i/layer_0/inst/u_core/u_attn/g_lane[38].pv_p_reg[38]_i_8_psdsp_1
  -------------------------------------------------------------------
                         required time                          7.831    
                         arrival time                          -7.987    
  -------------------------------------------------------------------
                         slack                                 -0.156    




