Copyright 1986-2022 Xilinx, Inc. All Rights Reserved. Copyright 2022-2024 Advanced Micro Devices, Inc. All Rights Reserved.
-----------------------------------------------------------------------------------------------------------------------------------------------------------------------------------------------------------------------------------------------------------------
| Tool Version      : Vivado v.2024.2 (lin64) Build 5239630 Fri Nov 08 22:34:34 MST 2024
| Date              : Mon Sep  7 16:43:52 2026
| Host              : snoke running 64-bit Ubuntu 24.04.4 LTS
| Command           : report_timing -of_objects {{bd_i/layer_0/inst/u_core/dma_act_reg_rep__18/C --> bd_i/layer_0/inst/u_core/g_kvslot[1].mem_reg_uram_15/CAS_IN_DIN_B[18]}} -path_type full -input_pins -file evidence/qwen9b/g5/140_t14b_owner_ash_KV_SLOT.rpt
| Design            : bd_wrapper
| Device            : xcvu9p-fsgd2104
| Speed File        : -2L  PRODUCTION 1.28 03-30-2022
| Design State      : Physopt postRoute
| Temperature Grade : E
-----------------------------------------------------------------------------------------------------------------------------------------------------------------------------------------------------------------------------------------------------------------

Timing Report

Slack (VIOLATED) :        -0.138ns  (required time - arrival time)
  Source:                 bd_i/layer_0/inst/u_core/dma_act_reg_rep__18/C
                            (rising edge-triggered cell FDRE clocked by xdma_0_axi_aclk  {rise@0.000ns fall@2.000ns period=4.000ns})
  Destination:            bd_i/layer_0/inst/u_core/g_kvslot[1].mem_reg_uram_15/CAS_IN_DIN_B[18]
                            (rising edge-triggered cell URAM288 clocked by xdma_0_axi_aclk  {rise@0.000ns fall@2.000ns period=4.000ns})
  Path Group:             xdma_0_axi_aclk
  Path Type:              Setup (Max at Slow Process Corner)
  Requirement:            4.000ns  (xdma_0_axi_aclk rise@4.000ns - xdma_0_axi_aclk rise@0.000ns)
  Data Path Delay:        3.680ns  (logic 0.381ns (10.353%)  route 3.299ns (89.647%))
  Logic Levels:           2  (LUT6=1 URAM288=1)
  Clock Path Skew:        -0.123ns (DCD - SCD + CPR)
    Destination Clock Delay (DCD):    3.498ns = ( 7.498 - 4.000 ) 
    Source Clock Delay      (SCD):    3.875ns
    Clock Pessimism Removal (CPR):    0.254ns
  Clock Uncertainty:      0.046ns  ((TSJ^2 + DJ^2)^1/2) / 2 + PE
    Total System Jitter     (TSJ):    0.071ns
    Discrete Jitter          (DJ):    0.060ns
    Phase Error              (PE):    0.000ns
  Clock Net Delay (Source):      3.660ns (routing 2.001ns, distribution 1.659ns)
  Clock Net Delay (Destination): 3.306ns (routing 1.811ns, distribution 1.495ns)

    Location             Delay type                Incr(ns)  Path(ns)    Netlist Resource(s)
  -------------------------------------------------------------------    -------------------
                         (clock xdma_0_axi_aclk rise edge)
                                                      0.000     0.000 r  
    GTYE4_CHANNEL_X1Y35  GTYE4_CHANNEL                0.000     0.000 r  bd_i/xdma_0/inst/pcie4_ip_i/inst/bd_xdma_0_0_pcie4_ip_gt_top_i/diablo_gt.diablo_gt_phy_wrapper/gt_wizard.gtwizard_top_i/bd_xdma_0_0_pcie4_ip_gt_i/inst/gen_gtwizard_gtye4_top.bd_xdma_0_0_pcie4_ip_gt_gtwizard_gtye4_inst/gen_gtwizard_gtye4.gen_channel_container[32].gen_enabled_channel.gtye4_channel_wrapper_inst/channel_inst/gtye4_channel_gen.gen_gtye4_channel_inst[3].GTYE4_CHANNEL_PRIM_INST/TXOUTCLK
                         net (fo=7, routed)           0.085     0.085    bd_i/xdma_0/inst/pcie4_ip_i/inst/bd_xdma_0_0_pcie4_ip_gt_top_i/diablo_gt.diablo_gt_phy_wrapper/phy_clk_i/GT_TXOUTCLK[0]
    BUFG_GT_X1Y203                                                    r  bd_i/xdma_0/inst/pcie4_ip_i/inst/bd_xdma_0_0_pcie4_ip_gt_top_i/diablo_gt.diablo_gt_phy_wrapper/phy_clk_i/bufg_gt_userclk/I
    BUFG_GT_X1Y203       BUFG_GT (Prop_BUFG_GT_I_O)
                                                      0.130     0.215 r  bd_i/xdma_0/inst/pcie4_ip_i/inst/bd_xdma_0_0_pcie4_ip_gt_top_i/diablo_gt.diablo_gt_phy_wrapper/phy_clk_i/bufg_gt_userclk/O
    X2Y5 (CLOCK_ROOT)    net (fo=150232, routed)      3.660     3.875    bd_i/layer_0/inst/u_core/aclk
    SLR Crossing[1->0]   
    SLICE_X78Y146        FDRE                                         r  bd_i/layer_0/inst/u_core/dma_act_reg_rep__18/C
  -------------------------------------------------------------------    -------------------
    SLICE_X78Y146        FDRE (Prop_HFF2_SLICEM_C_Q)
                                                      0.078     3.953 r  bd_i/layer_0/inst/u_core/dma_act_reg_rep__18/Q
                         net (fo=124, routed)         1.733     5.686    bd_i/layer_0/inst/u_core/u_dma/g_kvslot[1].mem_reg_uram_14
    SLICE_X113Y136                                                    r  bd_i/layer_0/inst/u_core/u_dma/g_kvslot[1].mem_reg_uram_14_i_54/I0
    SLICE_X113Y136       LUT6 (Prop_C6LUT_SLICEM_I0_O)
                                                      0.088     5.774 r  bd_i/layer_0/inst/u_core/u_dma/g_kvslot[1].mem_reg_uram_14_i_54/O
                         net (fo=1, routed)           1.565     7.339    bd_i/layer_0/inst/u_core/g_kvslot[1].wd[522]
    URAM288_X1Y50                                                     r  bd_i/layer_0/inst/u_core/g_kvslot[1].mem_reg_uram_14/DIN_B[18]
    URAM288_X1Y50        URAM288 (Prop_URAM_288K_INST_URAM288_DIN_B[18]_CAS_OUT_DIN_B[18])
                                                      0.215     7.554 r  bd_i/layer_0/inst/u_core/g_kvslot[1].mem_reg_uram_14/CAS_OUT_DIN_B[18]
                         net (fo=1, routed)           0.001     7.555    bd_i/layer_0/inst/u_core/g_kvslot[1].mem_reg_uram_15_Cas_DinB_1[18]
    URAM288_X1Y51        URAM288                                      r  bd_i/layer_0/inst/u_core/g_kvslot[1].mem_reg_uram_15/CAS_IN_DIN_B[18]
  -------------------------------------------------------------------    -------------------

                         (clock xdma_0_axi_aclk rise edge)
                                                      4.000     4.000 r  
    GTYE4_CHANNEL_X1Y35  GTYE4_CHANNEL                0.000     4.000 r  bd_i/xdma_0/inst/pcie4_ip_i/inst/bd_xdma_0_0_pcie4_ip_gt_top_i/diablo_gt.diablo_gt_phy_wrapper/gt_wizard.gtwizard_top_i/bd_xdma_0_0_pcie4_ip_gt_i/inst/gen_gtwizard_gtye4_top.bd_xdma_0_0_pcie4_ip_gt_gtwizard_gtye4_inst/gen_gtwizard_gtye4.gen_channel_container[32].gen_enabled_channel.gtye4_channel_wrapper_inst/channel_inst/gtye4_channel_gen.gen_gtye4_channel_inst[3].GTYE4_CHANNEL_PRIM_INST/TXOUTCLK
                         net (fo=7, routed)           0.078     4.078    bd_i/xdma_0/inst/pcie4_ip_i/inst/bd_xdma_0_0_pcie4_ip_gt_top_i/diablo_gt.diablo_gt_phy_wrapper/phy_clk_i/GT_TXOUTCLK[0]
    BUFG_GT_X1Y203                                                    r  bd_i/xdma_0/inst/pcie4_ip_i/inst/bd_xdma_0_0_pcie4_ip_gt_top_i/diablo_gt.diablo_gt_phy_wrapper/phy_clk_i/bufg_gt_userclk/I
    BUFG_GT_X1Y203       BUFG_GT (Prop_BUFG_GT_I_O)
                                                      0.114     4.192 r  bd_i/xdma_0/inst/pcie4_ip_i/inst/bd_xdma_0_0_pcie4_ip_gt_top_i/diablo_gt.diablo_gt_phy_wrapper/phy_clk_i/bufg_gt_userclk/O
    X2Y5 (CLOCK_ROOT)    net (fo=150232, routed)      3.306     7.498    bd_i/layer_0/inst/u_core/aclk
    SLR Crossing[1->0]   
    URAM288_X1Y51        URAM288                                      r  bd_i/layer_0/inst/u_core/g_kvslot[1].mem_reg_uram_15/CLK
                         clock pessimism              0.254     7.752    
                         clock uncertainty           -0.046     7.706    
    URAM288_X1Y51        URAM288 (Setup_URAM_288K_INST_URAM288_CLK_CAS_IN_DIN_B[18])
                                                     -0.288     7.418    bd_i/layer_0/inst/u_core/g_kvslot[1].mem_reg_uram_15
  -------------------------------------------------------------------
                         required time                          7.418    
                         arrival time                          -7.555    
  -------------------------------------------------------------------
                         slack                                 -0.138    




