Copyright 1986-2022 Xilinx, Inc. All Rights Reserved. Copyright 2022-2024 Advanced Micro Devices, Inc. All Rights Reserved.
---------------------------------------------------------------------------------------------------------------------------------------------------------------------------------------------------------------------------
| Tool Version      : Vivado v.2024.2 (lin64) Build 5239630 Fri Nov 08 22:34:34 MST 2024
| Date              : Mon Sep  7 21:09:04 2026
| Host              : snoke running 64-bit Ubuntu 24.04.4 LTS
| Command           : report_timing -of_objects dbg_hub/inst/BSCANID.u_xsdbm_id/SWITCH_N_EXT_BSCAN.u_bufg_icon_tck/O -path_type full_clock_expanded -input_pins -file evidence/qwen9b/g5/147_t14b_skewprobe_ckr2_layer.rpt
| Design            : bd_wrapper
| Device            : xcvu9p-fsgd2104
| Speed File        : -2L  PRODUCTION 1.28 03-30-2022
| Design State      : Physopt postRoute
| Temperature Grade : E
---------------------------------------------------------------------------------------------------------------------------------------------------------------------------------------------------------------------------

Timing Report

Slack (MET) :             0.001ns  (required time - arrival time)
  Source:                 bd_i/layer_0/inst/u_core/u_alu/op_q_reg[1]_rep_replica/C
                            (rising edge-triggered cell FDRE clocked by xdma_0_axi_aclk  {rise@0.000ns fall@2.000ns period=4.000ns})
  Destination:            bd_i/layer_0/inst/u_core/u_alu/r_res_reg[13]/D
                            (rising edge-triggered cell FDRE clocked by xdma_0_axi_aclk  {rise@0.000ns fall@2.000ns period=4.000ns})
  Path Group:             xdma_0_axi_aclk
  Path Type:              Setup (Max at Slow Process Corner)
  Requirement:            4.000ns  (xdma_0_axi_aclk rise@4.000ns - xdma_0_axi_aclk rise@0.000ns)
  Data Path Delay:        3.876ns  (logic 0.998ns (25.748%)  route 2.878ns (74.252%))
  Logic Levels:           15  (CARRY8=8 LUT5=1 LUT6=6)
  Clock Path Skew:        -0.102ns (DCD - SCD + CPR)
    Destination Clock Delay (DCD):    4.358ns = ( 8.358 - 4.000 ) 
    Source Clock Delay      (SCD):    4.735ns
    Clock Pessimism Removal (CPR):    0.275ns
  Clock Uncertainty:      0.046ns  ((TSJ^2 + DJ^2)^1/2) / 2 + PE
    Total System Jitter     (TSJ):    0.071ns
    Discrete Jitter          (DJ):    0.060ns
    Phase Error              (PE):    0.000ns
  Clock Net Delay (Source):      4.520ns (routing 2.689ns, distribution 1.831ns)
  Clock Net Delay (Destination): 4.166ns (routing 2.437ns, distribution 1.729ns)

    Location             Delay type                Incr(ns)  Path(ns)    Netlist Resource(s)
  -------------------------------------------------------------------    -------------------
                         (clock xdma_0_axi_aclk rise edge)
                                                      0.000     0.000 r  
    GTYE4_CHANNEL_X1Y35  GTYE4_CHANNEL                0.000     0.000 r  bd_i/xdma_0/inst/pcie4_ip_i/inst/bd_xdma_0_0_pcie4_ip_gt_top_i/diablo_gt.diablo_gt_phy_wrapper/gt_wizard.gtwizard_top_i/bd_xdma_0_0_pcie4_ip_gt_i/inst/gen_gtwizard_gtye4_top.bd_xdma_0_0_pcie4_ip_gt_gtwizard_gtye4_inst/gen_gtwizard_gtye4.gen_channel_container[32].gen_enabled_channel.gtye4_channel_wrapper_inst/channel_inst/gtye4_channel_gen.gen_gtye4_channel_inst[3].GTYE4_CHANNEL_PRIM_INST/TXOUTCLK
                         net (fo=7, routed)           0.085     0.085    bd_i/xdma_0/inst/pcie4_ip_i/inst/bd_xdma_0_0_pcie4_ip_gt_top_i/diablo_gt.diablo_gt_phy_wrapper/phy_clk_i/GT_TXOUTCLK[0]
    BUFG_GT_X1Y198                                                    r  bd_i/xdma_0/inst/pcie4_ip_i/inst/bd_xdma_0_0_pcie4_ip_gt_top_i/diablo_gt.diablo_gt_phy_wrapper/phy_clk_i/bufg_gt_userclk/I
    BUFG_GT_X1Y198       BUFG_GT (Prop_BUFG_GT_I_O)
                                                      0.130     0.215 r  bd_i/xdma_0/inst/pcie4_ip_i/inst/bd_xdma_0_0_pcie4_ip_gt_top_i/diablo_gt.diablo_gt_phy_wrapper/phy_clk_i/bufg_gt_userclk/O
    X2Y2 (CLOCK_ROOT)    net (fo=149573, routed)      4.520     4.735    bd_i/layer_0/inst/u_core/u_alu/aclk
    SLR Crossing[1->0]   
    SLICE_X15Y160        FDRE                                         r  bd_i/layer_0/inst/u_core/u_alu/op_q_reg[1]_rep_replica/C
  -------------------------------------------------------------------    -------------------
    SLICE_X15Y160        FDRE (Prop_FFF2_SLICEL_C_Q)
                                                      0.081     4.816 r  bd_i/layer_0/inst/u_core/u_alu/op_q_reg[1]_rep_replica/Q
                         net (fo=25, routed)          0.179     4.995    bd_i/layer_0/inst/u_core/u_alu/op_q_reg[1]_rep_n_0_repN
    SLICE_X15Y164                                                     r  bd_i/layer_0/inst/u_core/u_alu/x_sil[0]_i_4/I3
    SLICE_X15Y164        LUT6 (Prop_B6LUT_SLICEL_I3_O)
                                                      0.098     5.093 r  bd_i/layer_0/inst/u_core/u_alu/x_sil[0]_i_4/O
                         net (fo=219, routed)         0.357     5.449    bd_i/layer_0/inst/u_core/u_alu/x_sil[0]_i_4_n_0
    SLICE_X15Y168                                                     r  bd_i/layer_0/inst/u_core/u_alu/x_sil[8]_i_14/I3
    SLICE_X15Y168        LUT6 (Prop_D6LUT_SLICEL_I3_O)
                                                      0.050     5.499 r  bd_i/layer_0/inst/u_core/u_alu/x_sil[8]_i_14/O
                         net (fo=1, routed)           0.206     5.705    bd_i/layer_0/inst/u_core/u_alu/x_sil[8]_i_14_n_0
    SLICE_X14Y168                                                     r  bd_i/layer_0/inst/u_core/u_alu/x_sil_reg[8]_i_3/S[0]
    SLICE_X14Y168        CARRY8 (Prop_CARRY8_SLICEL_S[0]_CO[7])
                                                      0.190     5.895 r  bd_i/layer_0/inst/u_core/u_alu/x_sil_reg[8]_i_3/CO[7]
                         net (fo=1, routed)           0.026     5.921    bd_i/layer_0/inst/u_core/u_alu/x_sil_reg[8]_i_3_n_0
    SLICE_X14Y169                                                     r  bd_i/layer_0/inst/u_core/u_alu/x_sil_reg[16]_i_5/CI
    SLICE_X14Y169        CARRY8 (Prop_CARRY8_SLICEL_CI_CO[7])
                                                      0.015     5.936 r  bd_i/layer_0/inst/u_core/u_alu/x_sil_reg[16]_i_5/CO[7]
                         net (fo=1, routed)           0.026     5.962    bd_i/layer_0/inst/u_core/u_alu/x_sil_reg[16]_i_5_n_0
    SLICE_X14Y170                                                     r  bd_i/layer_0/inst/u_core/u_alu/x_sil_reg[20]_i_21/CI
    SLICE_X14Y170        CARRY8 (Prop_CARRY8_SLICEL_CI_CO[7])
                                                      0.015     5.977 r  bd_i/layer_0/inst/u_core/u_alu/x_sil_reg[20]_i_21/CO[7]
                         net (fo=1, routed)           0.026     6.003    bd_i/layer_0/inst/u_core/u_alu/x_sil_reg[20]_i_21_n_0
    SLICE_X14Y171                                                     r  bd_i/layer_0/inst/u_core/u_alu/r_res_reg[32]_i_5/CI
    SLICE_X14Y171        CARRY8 (Prop_CARRY8_SLICEL_CI_CO[7])
                                                      0.015     6.018 r  bd_i/layer_0/inst/u_core/u_alu/r_res_reg[32]_i_5/CO[7]
                         net (fo=1, routed)           0.026     6.044    bd_i/layer_0/inst/u_core/u_alu/r_res_reg[32]_i_5_n_0
    SLICE_X14Y172                                                     r  bd_i/layer_0/inst/u_core/u_alu/r_res_reg[40]_i_5/CI
    SLICE_X14Y172        CARRY8 (Prop_CARRY8_SLICEL_CI_CO[7])
                                                      0.015     6.059 r  bd_i/layer_0/inst/u_core/u_alu/r_res_reg[40]_i_5/CO[7]
                         net (fo=1, routed)           0.026     6.085    bd_i/layer_0/inst/u_core/u_alu/r_res_reg[40]_i_5_n_0
    SLICE_X14Y173                                                     r  bd_i/layer_0/inst/u_core/u_alu/r_res_reg[48]_i_5/CI
    SLICE_X14Y173        CARRY8 (Prop_CARRY8_SLICEL_CI_O[0])
                                                      0.056     6.141 f  bd_i/layer_0/inst/u_core/u_alu/r_res_reg[48]_i_5/O[0]
                         net (fo=1, routed)           0.501     6.642    bd_i/layer_0/inst/u_core/u_alu/r_res6[41]
    SLICE_X10Y177                                                     f  bd_i/layer_0/inst/u_core/u_alu/r_res[41]_i_2/I1
    SLICE_X10Y177        LUT6 (Prop_E6LUT_SLICEL_I1_O)
                                                      0.123     6.765 f  bd_i/layer_0/inst/u_core/u_alu/r_res[41]_i_2/O
                         net (fo=8, routed)           0.248     7.014    bd_i/layer_0/inst/u_core/u_alu/r_res[41]_i_2_n_0
    SLICE_X9Y174                                                      f  bd_i/layer_0/inst/u_core/u_alu/x_sil[20]_i_42/I5
    SLICE_X9Y174         LUT6 (Prop_D6LUT_SLICEL_I5_O)
                                                      0.036     7.050 r  bd_i/layer_0/inst/u_core/u_alu/x_sil[20]_i_42/O
                         net (fo=2, routed)           0.297     7.347    bd_i/layer_0/inst/u_core/u_alu/x_sil[20]_i_42_n_0
    SLICE_X11Y174                                                     r  bd_i/layer_0/inst/u_core/u_alu/r_res_reg[63]_i_27/DI[4]
    SLICE_X11Y174        CARRY8 (Prop_CARRY8_SLICEM_DI[4]_CO[7])
                                                      0.093     7.440 r  bd_i/layer_0/inst/u_core/u_alu/r_res_reg[63]_i_27/CO[7]
                         net (fo=1, routed)           0.026     7.466    bd_i/layer_0/inst/u_core/u_alu/r_res_reg[63]_i_27_n_0
    SLICE_X11Y175                                                     r  bd_i/layer_0/inst/u_core/u_alu/r_res_reg[63]_i_13/CI
    SLICE_X11Y175        CARRY8 (Prop_CARRY8_SLICEM_CI_CO[7])
                                                      0.022     7.488 r  bd_i/layer_0/inst/u_core/u_alu/r_res_reg[63]_i_13/CO[7]
                         net (fo=17, routed)          0.684     8.172    bd_i/layer_0/inst/u_core/u_alu/r_res_reg[63]_i_13_n_0
    SLICE_X15Y183                                                     r  bd_i/layer_0/inst/u_core/u_alu/r_res[13]_i_4/I1
    SLICE_X15Y183        LUT6 (Prop_D6LUT_SLICEL_I1_O)
                                                      0.099     8.271 r  bd_i/layer_0/inst/u_core/u_alu/r_res[13]_i_4/O
                         net (fo=1, routed)           0.141     8.412    bd_i/layer_0/inst/u_core/u_alu/r_res[13]_i_4_n_0
    SLICE_X16Y183                                                     r  bd_i/layer_0/inst/u_core/u_alu/r_res[13]_i_2/I2
    SLICE_X16Y183        LUT6 (Prop_A6LUT_SLICEM_I2_O)
                                                      0.053     8.465 r  bd_i/layer_0/inst/u_core/u_alu/r_res[13]_i_2/O
                         net (fo=1, routed)           0.043     8.508    bd_i/layer_0/inst/u_core/u_alu/r_res[13]_i_2_n_0
    SLICE_X16Y183                                                     r  bd_i/layer_0/inst/u_core/u_alu/r_res[13]_i_1/I0
    SLICE_X16Y183        LUT5 (Prop_C6LUT_SLICEM_I0_O)
                                                      0.037     8.545 r  bd_i/layer_0/inst/u_core/u_alu/r_res[13]_i_1/O
                         net (fo=1, routed)           0.066     8.611    bd_i/layer_0/inst/u_core/u_alu/r_res[13]_i_1_n_0
    SLICE_X16Y183        FDRE                                         r  bd_i/layer_0/inst/u_core/u_alu/r_res_reg[13]/D
  -------------------------------------------------------------------    -------------------

                         (clock xdma_0_axi_aclk rise edge)
                                                      4.000     4.000 r  
    GTYE4_CHANNEL_X1Y35  GTYE4_CHANNEL                0.000     4.000 r  bd_i/xdma_0/inst/pcie4_ip_i/inst/bd_xdma_0_0_pcie4_ip_gt_top_i/diablo_gt.diablo_gt_phy_wrapper/gt_wizard.gtwizard_top_i/bd_xdma_0_0_pcie4_ip_gt_i/inst/gen_gtwizard_gtye4_top.bd_xdma_0_0_pcie4_ip_gt_gtwizard_gtye4_inst/gen_gtwizard_gtye4.gen_channel_container[32].gen_enabled_channel.gtye4_channel_wrapper_inst/channel_inst/gtye4_channel_gen.gen_gtye4_channel_inst[3].GTYE4_CHANNEL_PRIM_INST/TXOUTCLK
                         net (fo=7, routed)           0.078     4.078    bd_i/xdma_0/inst/pcie4_ip_i/inst/bd_xdma_0_0_pcie4_ip_gt_top_i/diablo_gt.diablo_gt_phy_wrapper/phy_clk_i/GT_TXOUTCLK[0]
    BUFG_GT_X1Y198                                                    r  bd_i/xdma_0/inst/pcie4_ip_i/inst/bd_xdma_0_0_pcie4_ip_gt_top_i/diablo_gt.diablo_gt_phy_wrapper/phy_clk_i/bufg_gt_userclk/I
    BUFG_GT_X1Y198       BUFG_GT (Prop_BUFG_GT_I_O)
                                                      0.114     4.192 r  bd_i/xdma_0/inst/pcie4_ip_i/inst/bd_xdma_0_0_pcie4_ip_gt_top_i/diablo_gt.diablo_gt_phy_wrapper/phy_clk_i/bufg_gt_userclk/O
    X2Y2 (CLOCK_ROOT)    net (fo=149573, routed)      4.166     8.358    bd_i/layer_0/inst/u_core/u_alu/aclk
    SLR Crossing[1->0]   
    SLICE_X16Y183        FDRE                                         r  bd_i/layer_0/inst/u_core/u_alu/r_res_reg[13]/C
                         clock pessimism              0.275     8.633    
                         clock uncertainty           -0.046     8.587    
    SLICE_X16Y183        FDRE (Setup_CFF_SLICEM_C_D)
                                                      0.025     8.612    bd_i/layer_0/inst/u_core/u_alu/r_res_reg[13]
  -------------------------------------------------------------------
                         required time                          8.612    
                         arrival time                          -8.611    
  -------------------------------------------------------------------
                         slack                                  0.001    




