Copyright 1986-2022 Xilinx, Inc. All Rights Reserved. Copyright 2022-2024 Advanced Micro Devices, Inc. All Rights Reserved.
-------------------------------------------------------------------------------------------------------------------------------------------------------------------------------------------------------------------------
| Tool Version      : Vivado v.2024.2 (lin64) Build 5239630 Fri Nov 08 22:34:34 MST 2024
| Date              : Mon Sep  7 21:09:07 2026
| Host              : snoke running 64-bit Ubuntu 24.04.4 LTS
| Command           : report_timing -of_objects dbg_hub/inst/BSCANID.u_xsdbm_id/SWITCH_N_EXT_BSCAN.u_bufg_icon_tck/O -path_type full_clock_expanded -input_pins -file evidence/qwen9b/g5/147_t14b_skewprobe_ckr2_seq.rpt
| Design            : bd_wrapper
| Device            : xcvu9p-fsgd2104
| Speed File        : -2L  PRODUCTION 1.28 03-30-2022
| Design State      : Physopt postRoute
| Temperature Grade : E
-------------------------------------------------------------------------------------------------------------------------------------------------------------------------------------------------------------------------

Timing Report

Slack (MET) :             0.397ns  (required time - arrival time)
  Source:                 bd_i/seq_0/inst/u_seq/rec_reg[7]/C
                            (rising edge-triggered cell FDRE clocked by xdma_0_axi_aclk  {rise@0.000ns fall@2.000ns period=4.000ns})
  Destination:            bd_i/seq_0/inst/u_seq/ist_reg[1]/D
                            (rising edge-triggered cell FDRE clocked by xdma_0_axi_aclk  {rise@0.000ns fall@2.000ns period=4.000ns})
  Path Group:             xdma_0_axi_aclk
  Path Type:              Setup (Max at Slow Process Corner)
  Requirement:            4.000ns  (xdma_0_axi_aclk rise@4.000ns - xdma_0_axi_aclk rise@0.000ns)
  Data Path Delay:        3.486ns  (logic 1.006ns (28.860%)  route 2.480ns (71.140%))
  Logic Levels:           11  (CARRY8=1 LUT3=1 LUT4=1 LUT5=2 LUT6=5 MUXF7=1)
  Clock Path Skew:        -0.096ns (DCD - SCD + CPR)
    Destination Clock Delay (DCD):    4.144ns = ( 8.144 - 4.000 ) 
    Source Clock Delay      (SCD):    4.620ns
    Clock Pessimism Removal (CPR):    0.380ns
  Clock Uncertainty:      0.046ns  ((TSJ^2 + DJ^2)^1/2) / 2 + PE
    Total System Jitter     (TSJ):    0.071ns
    Discrete Jitter          (DJ):    0.060ns
    Phase Error              (PE):    0.000ns
  Clock Net Delay (Source):      4.405ns (routing 2.689ns, distribution 1.716ns)
  Clock Net Delay (Destination): 3.952ns (routing 2.437ns, distribution 1.515ns)

    Location             Delay type                Incr(ns)  Path(ns)    Netlist Resource(s)
  -------------------------------------------------------------------    -------------------
                         (clock xdma_0_axi_aclk rise edge)
                                                      0.000     0.000 r  
    GTYE4_CHANNEL_X1Y35  GTYE4_CHANNEL                0.000     0.000 r  bd_i/xdma_0/inst/pcie4_ip_i/inst/bd_xdma_0_0_pcie4_ip_gt_top_i/diablo_gt.diablo_gt_phy_wrapper/gt_wizard.gtwizard_top_i/bd_xdma_0_0_pcie4_ip_gt_i/inst/gen_gtwizard_gtye4_top.bd_xdma_0_0_pcie4_ip_gt_gtwizard_gtye4_inst/gen_gtwizard_gtye4.gen_channel_container[32].gen_enabled_channel.gtye4_channel_wrapper_inst/channel_inst/gtye4_channel_gen.gen_gtye4_channel_inst[3].GTYE4_CHANNEL_PRIM_INST/TXOUTCLK
                         net (fo=7, routed)           0.085     0.085    bd_i/xdma_0/inst/pcie4_ip_i/inst/bd_xdma_0_0_pcie4_ip_gt_top_i/diablo_gt.diablo_gt_phy_wrapper/phy_clk_i/GT_TXOUTCLK[0]
    BUFG_GT_X1Y198                                                    r  bd_i/xdma_0/inst/pcie4_ip_i/inst/bd_xdma_0_0_pcie4_ip_gt_top_i/diablo_gt.diablo_gt_phy_wrapper/phy_clk_i/bufg_gt_userclk/I
    BUFG_GT_X1Y198       BUFG_GT (Prop_BUFG_GT_I_O)
                                                      0.130     0.215 r  bd_i/xdma_0/inst/pcie4_ip_i/inst/bd_xdma_0_0_pcie4_ip_gt_top_i/diablo_gt.diablo_gt_phy_wrapper/phy_clk_i/bufg_gt_userclk/O
    X2Y2 (CLOCK_ROOT)    net (fo=149573, routed)      4.405     4.620    bd_i/seq_0/inst/u_seq/aclk
    SLICE_X74Y337        FDRE                                         r  bd_i/seq_0/inst/u_seq/rec_reg[7]/C
  -------------------------------------------------------------------    -------------------
    SLICE_X74Y337        FDRE (Prop_AFF_SLICEM_C_Q)
                                                      0.077     4.697 f  bd_i/seq_0/inst/u_seq/rec_reg[7]/Q
                         net (fo=2, routed)           0.177     4.875    bd_i/seq_0/inst/u_seq/rec_reg_n_0_[7]
    SLICE_X76Y333                                                     f  bd_i/seq_0/inst/u_seq/err_code[2]_i_3/I0
    SLICE_X76Y333        LUT4 (Prop_G6LUT_SLICEM_I0_O)
                                                      0.090     4.965 r  bd_i/seq_0/inst/u_seq/err_code[2]_i_3/O
                         net (fo=9, routed)           0.339     5.304    bd_i/seq_0/inst/u_seq/err_code[2]_i_3_n_0
    SLICE_X77Y327                                                     r  bd_i/seq_0/inst/u_seq/mv_shift[31]_i_2/I0
    SLICE_X77Y327        LUT5 (Prop_E6LUT_SLICEL_I0_O)
                                                      0.099     5.403 r  bd_i/seq_0/inst/u_seq/mv_shift[31]_i_2/O
                         net (fo=4, routed)           0.098     5.501    bd_i/seq_0/inst/u_seq/mv_shift[31]_i_2_n_0
    SLICE_X77Y326                                                     r  bd_i/seq_0/inst/u_seq/wr_data_r[31]_i_15/I1
    SLICE_X77Y326        LUT3 (Prop_C6LUT_SLICEL_I1_O)
                                                      0.088     5.589 r  bd_i/seq_0/inst/u_seq/wr_data_r[31]_i_15/O
                         net (fo=70, routed)          0.233     5.822    bd_i/seq_0/inst/u_seq/wr_data_r[31]_i_15_n_0
    SLICE_X77Y326                                                     r  bd_i/seq_0/inst/u_seq/arg0_sh[3]_i_37/I4
    SLICE_X77Y326        LUT6 (Prop_H6LUT_SLICEL_I4_O)
                                                      0.124     5.946 r  bd_i/seq_0/inst/u_seq/arg0_sh[3]_i_37/O
                         net (fo=1, routed)           0.010     5.956    bd_i/seq_0/inst/u_seq/arg0_sh[3]_i_37_n_0
    SLICE_X77Y326                                                     r  bd_i/seq_0/inst/u_seq/arg0_sh_reg[3]_i_22/I0
    SLICE_X77Y326        MUXF7 (Prop_F7MUX_GH_SLICEL_I0_O)
                                                      0.064     6.020 r  bd_i/seq_0/inst/u_seq/arg0_sh_reg[3]_i_22/O
                         net (fo=3, routed)           0.179     6.199    bd_i/seq_0/inst/u_seq/arg0_sh_reg[3]_i_22_n_0
    SLICE_X76Y325                                                     r  bd_i/seq_0/inst/u_seq/bulk_addr[7]_i_19/I1
    SLICE_X76Y325        LUT6 (Prop_G6LUT_SLICEM_I1_O)
                                                      0.037     6.236 r  bd_i/seq_0/inst/u_seq/bulk_addr[7]_i_19/O
                         net (fo=1, routed)           0.350     6.586    bd_i/seq_0/inst/u_seq/bulk_addr[7]_i_19_n_0
    SLICE_X73Y325                                                     r  bd_i/seq_0/inst/u_seq/bulk_addr_reg[7]_i_3/S[0]
    SLICE_X73Y325        CARRY8 (Prop_CARRY8_SLICEL_S[0]_O[0])
                                                      0.063     6.649 f  bd_i/seq_0/inst/u_seq/bulk_addr_reg[7]_i_3/O[0]
                         net (fo=5, routed)           0.319     6.969    bd_i/seq_0/inst/u_seq/ldc_a0[0]
    SLICE_X76Y317                                                     f  bd_i/seq_0/inst/u_seq/ist[4]_i_46/I5
    SLICE_X76Y317        LUT6 (Prop_C6LUT_SLICEM_I5_O)
                                                      0.088     7.057 r  bd_i/seq_0/inst/u_seq/ist[4]_i_46/O
                         net (fo=2, routed)           0.205     7.262    bd_i/seq_0/inst/u_seq/ist[4]_i_46_n_0
    SLICE_X79Y313                                                     r  bd_i/seq_0/inst/u_seq/ist[4]_i_33/I0
    SLICE_X79Y313        LUT5 (Prop_B6LUT_SLICEL_I0_O)
                                                      0.090     7.352 f  bd_i/seq_0/inst/u_seq/ist[4]_i_33/O
                         net (fo=2, routed)           0.114     7.466    bd_i/seq_0/inst/u_seq/ist[4]_i_33_n_0
    SLICE_X79Y313                                                     f  bd_i/seq_0/inst/u_seq/ist[1]_i_2/I5
    SLICE_X79Y313        LUT6 (Prop_H6LUT_SLICEL_I5_O)
                                                      0.150     7.616 f  bd_i/seq_0/inst/u_seq/ist[1]_i_2/O
                         net (fo=1, routed)           0.218     7.834    bd_i/seq_0/inst/u_seq/u_mov/ist_reg[1]_2
    SLICE_X82Y317                                                     f  bd_i/seq_0/inst/u_seq/u_mov/ist[1]_i_1/I1
    SLICE_X82Y317        LUT6 (Prop_H6LUT_SLICEL_I1_O)
                                                      0.036     7.870 r  bd_i/seq_0/inst/u_seq/u_mov/ist[1]_i_1/O
                         net (fo=1, routed)           0.236     8.106    bd_i/seq_0/inst/u_seq/u_mov_n_95
    SLICE_X81Y317        FDRE                                         r  bd_i/seq_0/inst/u_seq/ist_reg[1]/D
  -------------------------------------------------------------------    -------------------

                         (clock xdma_0_axi_aclk rise edge)
                                                      4.000     4.000 r  
    GTYE4_CHANNEL_X1Y35  GTYE4_CHANNEL                0.000     4.000 r  bd_i/xdma_0/inst/pcie4_ip_i/inst/bd_xdma_0_0_pcie4_ip_gt_top_i/diablo_gt.diablo_gt_phy_wrapper/gt_wizard.gtwizard_top_i/bd_xdma_0_0_pcie4_ip_gt_i/inst/gen_gtwizard_gtye4_top.bd_xdma_0_0_pcie4_ip_gt_gtwizard_gtye4_inst/gen_gtwizard_gtye4.gen_channel_container[32].gen_enabled_channel.gtye4_channel_wrapper_inst/channel_inst/gtye4_channel_gen.gen_gtye4_channel_inst[3].GTYE4_CHANNEL_PRIM_INST/TXOUTCLK
                         net (fo=7, routed)           0.078     4.078    bd_i/xdma_0/inst/pcie4_ip_i/inst/bd_xdma_0_0_pcie4_ip_gt_top_i/diablo_gt.diablo_gt_phy_wrapper/phy_clk_i/GT_TXOUTCLK[0]
    BUFG_GT_X1Y198                                                    r  bd_i/xdma_0/inst/pcie4_ip_i/inst/bd_xdma_0_0_pcie4_ip_gt_top_i/diablo_gt.diablo_gt_phy_wrapper/phy_clk_i/bufg_gt_userclk/I
    BUFG_GT_X1Y198       BUFG_GT (Prop_BUFG_GT_I_O)
                                                      0.114     4.192 r  bd_i/xdma_0/inst/pcie4_ip_i/inst/bd_xdma_0_0_pcie4_ip_gt_top_i/diablo_gt.diablo_gt_phy_wrapper/phy_clk_i/bufg_gt_userclk/O
    X2Y2 (CLOCK_ROOT)    net (fo=149573, routed)      3.952     8.144    bd_i/seq_0/inst/u_seq/aclk
    SLICE_X81Y317        FDRE                                         r  bd_i/seq_0/inst/u_seq/ist_reg[1]/C
                         clock pessimism              0.380     8.524    
                         clock uncertainty           -0.046     8.478    
    SLICE_X81Y317        FDRE (Setup_AFF_SLICEM_C_D)
                                                      0.025     8.503    bd_i/seq_0/inst/u_seq/ist_reg[1]
  -------------------------------------------------------------------
                         required time                          8.503    
                         arrival time                          -8.106    
  -------------------------------------------------------------------
                         slack                                  0.397    




