Copyright 1986-2022 Xilinx, Inc. All Rights Reserved. Copyright 2022-2024 Advanced Micro Devices, Inc. All Rights Reserved.
----------------------------------------------------------------------------------------------------------------------------------------------------------------------------------------------------------------------------------------------------------------------------------------------
| Tool Version      : Vivado v.2024.2 (lin64) Build 5239630 Fri Nov 08 22:34:34 MST 2024
| Date              : Mon Sep  7 21:28:56 2026
| Host              : snoke running 64-bit Ubuntu 24.04.4 LTS
| Command           : report_timing -of_objects {{{bd_i/mvchan_3/inst/u_chan/u_streamer/f_rd_reg[3]_replica/C --> bd_i/mvchan_3/inst/u_chan/u_engine/xline_q0_reg[10]__21/CE}}} -path_type full_clock_expanded -input_pins -file evidence/qwen9b/g5/150_t14b_cones_ckr2_probe_xline_q0_ce.rpt
| Design            : bd_wrapper
| Device            : xcvu9p-fsgd2104
| Speed File        : -2L  PRODUCTION 1.28 03-30-2022
| Design State      : Physopt postRoute
| Temperature Grade : E
----------------------------------------------------------------------------------------------------------------------------------------------------------------------------------------------------------------------------------------------------------------------------------------------

Timing Report

Slack (MET) :             0.138ns  (required time - arrival time)
  Source:                 bd_i/mvchan_3/inst/u_chan/u_streamer/f_rd_reg[3]_replica/C
                            (rising edge-triggered cell FDRE clocked by mmcm_clkout0_1  {rise@0.000ns fall@1.666ns period=3.332ns})
  Destination:            bd_i/mvchan_3/inst/u_chan/u_engine/xline_q0_reg[10]__21/CE
                            (rising edge-triggered cell FDRE clocked by mmcm_clkout0_1  {rise@0.000ns fall@1.666ns period=3.332ns})
  Path Group:             mmcm_clkout0_1
  Path Type:              Setup (Max at Slow Process Corner)
  Requirement:            3.332ns  (mmcm_clkout0_1 rise@3.332ns - mmcm_clkout0_1 rise@0.000ns)
  Data Path Delay:        2.915ns  (logic 0.517ns (17.737%)  route 2.398ns (82.263%))
  Logic Levels:           4  (LUT3=2 LUT6=2)
  Clock Path Skew:        -0.166ns (DCD - SCD + CPR)
    Destination Clock Delay (DCD):    5.433ns = ( 8.765 - 3.332 ) 
    Source Clock Delay      (SCD):    5.293ns
    Clock Pessimism Removal (CPR):    -0.306ns
  Clock Uncertainty:      0.052ns  ((TSJ^2 + DJ^2)^1/2) / 2 + PE
    Total System Jitter     (TSJ):    0.071ns
    Discrete Jitter          (DJ):    0.077ns
    Phase Error              (PE):    0.000ns
  Clock Net Delay (Source):      3.243ns (routing 1.057ns, distribution 2.186ns)
  Clock Net Delay (Destination): 2.935ns (routing 0.959ns, distribution 1.976ns)

    Location             Delay type                Incr(ns)  Path(ns)    Netlist Resource(s)
  -------------------------------------------------------------------    -------------------
                         (clock mmcm_clkout0_1 rise edge)
                                                      0.000     0.000 r  
    J16                                               0.000     0.000 r  dimm3_refclk_clk_p (IN)
                         net (fo=0)                   0.100     0.100    bd_i/ddr4_3/inst/u_ddr4_mem_intfc/u_mig_ddr4_phy/inst/u_ddr4_phy_pll/diff_input_clk.u_ibufg_sys_clk/I
    HPIOBDIFFINBUF_X1Y276
                                                                      r  bd_i/ddr4_3/inst/u_ddr4_mem_intfc/u_mig_ddr4_phy/inst/u_ddr4_phy_pll/diff_input_clk.u_ibufg_sys_clk/DIFFINBUF_INST/DIFF_IN_P
    HPIOBDIFFINBUF_X1Y276
                         DIFFINBUF (Prop_DIFFINBUF_HPIOBDIFFINBUF_DIFF_IN_P_O)
                                                      0.516     0.616 r  bd_i/ddr4_3/inst/u_ddr4_mem_intfc/u_mig_ddr4_phy/inst/u_ddr4_phy_pll/diff_input_clk.u_ibufg_sys_clk/DIFFINBUF_INST/O
                         net (fo=1, routed)           0.050     0.666    bd_i/ddr4_3/inst/u_ddr4_mem_intfc/u_mig_ddr4_phy/inst/u_ddr4_phy_pll/diff_input_clk.u_ibufg_sys_clk/OUT
    J16                                                               r  bd_i/ddr4_3/inst/u_ddr4_mem_intfc/u_mig_ddr4_phy/inst/u_ddr4_phy_pll/diff_input_clk.u_ibufg_sys_clk/IBUFCTRL_INST/I
    J16                  IBUFCTRL (Prop_IBUFCTRL_HPIOB_M_I_O)
                                                      0.000     0.666 r  bd_i/ddr4_3/inst/u_ddr4_mem_intfc/u_mig_ddr4_phy/inst/u_ddr4_phy_pll/diff_input_clk.u_ibufg_sys_clk/IBUFCTRL_INST/O
                         net (fo=2, routed)           0.335     1.001    bd_i/ddr4_3/inst/u_ddr4_mem_intfc/u_mig_ddr4_phy/inst/u_ddr4_phy_pll/sys_clk_in
    BUFGCE_X1Y276                                                     r  bd_i/ddr4_3/inst/u_ddr4_mem_intfc/u_mig_ddr4_phy/inst/u_ddr4_phy_pll/sys_clk_in_BUFGCE_collapsed_inst/I
    BUFGCE_X1Y276        BUFGCE (Prop_BUFCE_BUFGCE_I_O)
                                                      0.028     1.029 r  bd_i/ddr4_3/inst/u_ddr4_mem_intfc/u_mig_ddr4_phy/inst/u_ddr4_phy_pll/sys_clk_in_BUFGCE_collapsed_inst/O
                         net (fo=18, routed)          0.875     1.904    bd_i/ddr4_3/inst/u_ddr4_infrastructure/mmcm_clk_in
    MMCM_X1Y12                                                        r  bd_i/ddr4_3/inst/u_ddr4_infrastructure/gen_mmcme4.u_mmcme_adv_inst/CLKIN1
    MMCM_X1Y12           MMCME4_ADV (Prop_MMCM_CLKIN1_CLKOUT0)
                                                     -0.127     1.777 r  bd_i/ddr4_3/inst/u_ddr4_infrastructure/gen_mmcme4.u_mmcme_adv_inst/CLKOUT0
                         net (fo=1, routed)           0.245     2.022    bd_i/ddr4_3/inst/u_ddr4_infrastructure/mmcm_clkout0
    BUFGCE_X1Y306                                                     r  bd_i/ddr4_3/inst/u_ddr4_infrastructure/u_bufg_divClk/I
    BUFGCE_X1Y306        BUFGCE (Prop_BUFCE_BUFGCE_I_O)
                                                      0.028     2.050 r  bd_i/ddr4_3/inst/u_ddr4_infrastructure/u_bufg_divClk/O
    X4Y10 (CLOCK_ROOT)   net (fo=58650, routed)       3.243     5.293    bd_i/mvchan_3/inst/u_chan/u_streamer/ui_clk
    SLR Crossing[2->1]   
    SLICE_X54Y495        FDRE                                         r  bd_i/mvchan_3/inst/u_chan/u_streamer/f_rd_reg[3]_replica/C
  -------------------------------------------------------------------    -------------------
    SLICE_X54Y495        FDRE (Prop_CFF_SLICEL_C_Q)
                                                      0.079     5.372 r  bd_i/mvchan_3/inst/u_chan/u_streamer/f_rd_reg[3]_replica/Q
                         net (fo=6, routed)           0.274     5.646    bd_i/mvchan_3/inst/u_chan/u_streamer/f_rd_reg[3]_repN
    SLICE_X54Y500                                                     r  bd_i/mvchan_3/inst/u_chan/u_streamer/g_cnt[6]_i_24/I1
    SLICE_X54Y500        LUT6 (Prop_A6LUT_SLICEL_I1_O)
                                                      0.149     5.795 r  bd_i/mvchan_3/inst/u_chan/u_streamer/g_cnt[6]_i_24/O
                         net (fo=1, routed)           0.058     5.853    bd_i/mvchan_3/inst/u_chan/u_streamer/g_cnt[6]_i_24_n_0
    SLICE_X54Y500                                                     r  bd_i/mvchan_3/inst/u_chan/u_streamer/g_cnt[6]_i_9/I0
    SLICE_X54Y500        LUT3 (Prop_F6LUT_SLICEL_I0_O)
                                                      0.148     6.001 f  bd_i/mvchan_3/inst/u_chan/u_streamer/g_cnt[6]_i_9/O
                         net (fo=2, routed)           0.354     6.355    bd_i/mvchan_3/inst/u_chan/u_engine/g_cnt_reg[0]_0
    SLICE_X55Y499                                                     f  bd_i/mvchan_3/inst/u_chan/u_engine/g_cnt[6]_i_2/I5
    SLICE_X55Y499        LUT6 (Prop_F6LUT_SLICEL_I5_O)
                                                      0.089     6.444 r  bd_i/mvchan_3/inst/u_chan/u_engine/g_cnt[6]_i_2/O
                         net (fo=236, routed)         0.674     7.117    bd_i/mvchan_3/inst/u_chan/u_engine/r_active_reg_0
    SLICE_X45Y490                                                     r  bd_i/mvchan_3/inst/u_chan/u_engine/g_q[6]_i_1/I0
    SLICE_X45Y490        LUT3 (Prop_G6LUT_SLICEM_I0_O)
                                                      0.052     7.169 r  bd_i/mvchan_3/inst/u_chan/u_engine/g_q[6]_i_1/O
                         net (fo=1544, routed)        1.038     8.208    bd_i/mvchan_3/inst/u_chan/u_engine/g_q[6]_i_1_n_0
    SLICE_X35Y454        FDRE                                         r  bd_i/mvchan_3/inst/u_chan/u_engine/xline_q0_reg[10]__21/CE
  -------------------------------------------------------------------    -------------------

                         (clock mmcm_clkout0_1 rise edge)
                                                      3.332     3.332 r  
    J16                                               0.000     3.332 r  dimm3_refclk_clk_p (IN)
                         net (fo=0)                   0.079     3.411    bd_i/ddr4_3/inst/u_ddr4_mem_intfc/u_mig_ddr4_phy/inst/u_ddr4_phy_pll/diff_input_clk.u_ibufg_sys_clk/I
    HPIOBDIFFINBUF_X1Y276
                                                                      r  bd_i/ddr4_3/inst/u_ddr4_mem_intfc/u_mig_ddr4_phy/inst/u_ddr4_phy_pll/diff_input_clk.u_ibufg_sys_clk/DIFFINBUF_INST/DIFF_IN_P
    HPIOBDIFFINBUF_X1Y276
                         DIFFINBUF (Prop_DIFFINBUF_HPIOBDIFFINBUF_DIFF_IN_P_O)
                                                      0.420     3.831 r  bd_i/ddr4_3/inst/u_ddr4_mem_intfc/u_mig_ddr4_phy/inst/u_ddr4_phy_pll/diff_input_clk.u_ibufg_sys_clk/DIFFINBUF_INST/O
                         net (fo=1, routed)           0.040     3.871    bd_i/ddr4_3/inst/u_ddr4_mem_intfc/u_mig_ddr4_phy/inst/u_ddr4_phy_pll/diff_input_clk.u_ibufg_sys_clk/OUT
    J16                                                               r  bd_i/ddr4_3/inst/u_ddr4_mem_intfc/u_mig_ddr4_phy/inst/u_ddr4_phy_pll/diff_input_clk.u_ibufg_sys_clk/IBUFCTRL_INST/I
    J16                  IBUFCTRL (Prop_IBUFCTRL_HPIOB_M_I_O)
                                                      0.000     3.871 r  bd_i/ddr4_3/inst/u_ddr4_mem_intfc/u_mig_ddr4_phy/inst/u_ddr4_phy_pll/diff_input_clk.u_ibufg_sys_clk/IBUFCTRL_INST/O
                         net (fo=2, routed)           0.297     4.168    bd_i/ddr4_3/inst/u_ddr4_mem_intfc/u_mig_ddr4_phy/inst/u_ddr4_phy_pll/sys_clk_in
    BUFGCE_X1Y276                                                     r  bd_i/ddr4_3/inst/u_ddr4_mem_intfc/u_mig_ddr4_phy/inst/u_ddr4_phy_pll/sys_clk_in_BUFGCE_collapsed_inst/I
    BUFGCE_X1Y276        BUFGCE (Prop_BUFCE_BUFGCE_I_O)
                                                      0.024     4.192 r  bd_i/ddr4_3/inst/u_ddr4_mem_intfc/u_mig_ddr4_phy/inst/u_ddr4_phy_pll/sys_clk_in_BUFGCE_collapsed_inst/O
                         net (fo=18, routed)          0.770     4.962    bd_i/ddr4_3/inst/u_ddr4_infrastructure/mmcm_clk_in
    MMCM_X1Y12                                                        r  bd_i/ddr4_3/inst/u_ddr4_infrastructure/gen_mmcme4.u_mmcme_adv_inst/CLKIN1
    MMCM_X1Y12           MMCME4_ADV (Prop_MMCM_CLKIN1_CLKOUT0)
                                                      0.630     5.592 r  bd_i/ddr4_3/inst/u_ddr4_infrastructure/gen_mmcme4.u_mmcme_adv_inst/CLKOUT0
                         net (fo=1, routed)           0.215     5.807    bd_i/ddr4_3/inst/u_ddr4_infrastructure/mmcm_clkout0
    BUFGCE_X1Y306                                                     r  bd_i/ddr4_3/inst/u_ddr4_infrastructure/u_bufg_divClk/I
    BUFGCE_X1Y306        BUFGCE (Prop_BUFCE_BUFGCE_I_O)
                                                      0.024     5.831 r  bd_i/ddr4_3/inst/u_ddr4_infrastructure/u_bufg_divClk/O
    X4Y10 (CLOCK_ROOT)   net (fo=58650, routed)       2.935     8.765    bd_i/mvchan_3/inst/u_chan/u_engine/ui_clk
    SLR Crossing[2->1]   
    SLICE_X35Y454        FDRE                                         r  bd_i/mvchan_3/inst/u_chan/u_engine/xline_q0_reg[10]__21/C
                         clock pessimism             -0.306     8.459    
                         clock uncertainty           -0.052     8.407    
    SLICE_X35Y454        FDRE (Setup_DFF_SLICEM_C_CE)
                                                     -0.061     8.346    bd_i/mvchan_3/inst/u_chan/u_engine/xline_q0_reg[10]__21
  -------------------------------------------------------------------
                         required time                          8.346    
                         arrival time                          -8.208    
  -------------------------------------------------------------------
                         slack                                  0.138    




