=== host: snoke
=== date: 2026-09-07T21:19:35-06:00
=== tree: 51f49d2+dirty
=== cmd:  bash -c source /home/cah/r2d2/sc2data/tools/Vivado/2024.2/settings64.sh >/dev/null && exec vivado -mode batch -nolog -nojournal -source evidence/qwen9b/g5/g5b_t14a_smem_cascade.tcl -tclargs /home/cah/r2d2/code/fpga/fable5_llm/synth/out_build_041_ckr2_AltSpreadLogic_high/proj/stage1.runs/impl_1/bd_wrapper_postroute_physopt.dcp evidence/qwen9b/g5/152_t14b_smem_ckr2
=== venv: /home/cah/.venv/bin/python (exists)
===       ref/.venv/bin/python (ABSENT)
===       uv: /home/cah/.local/bin/uv (exists)
=== cpu:  nproc=48 OMP_NUM_THREADS=unset MKL_NUM_THREADS=unset
=== env:  FABLE5_MODEL=unset FABLE5_DN_STATE=unset FABLE5_RS_F=unset
===       FABLE5_CALIB_STATS=unset FABLE5_CALIB_MODE=unset
=== ---

****** Vivado v2024.2 (64-bit)
  **** SW Build 5239630 on Fri Nov 08 22:34:34 MST 2024
  **** IP Build 5239520 on Sun Nov 10 16:12:51 MST 2024
  **** SharedData Build 5239561 on Fri Nov 08 14:39:27 MST 2024
  **** Start of session at: Mon Sep  7 21:19:37 2026
    ** Copyright 1986-2022 Xilinx, Inc. All Rights Reserved.
    ** Copyright 2022-2024 Advanced Micro Devices, Inc. All Rights Reserved.

source evidence/qwen9b/g5/g5b_t14a_smem_cascade.tcl
# if {[llength $argv] < 2} { puts "FATAL: need <dcp> <out_prefix>"; exit 1 }
# set DCP [lindex $argv 0]
# set PRE [lindex $argv 1]
# if {![file exists $DCP]} { puts "FATAL: no such checkpoint: $DCP"; exit 1 }
# set_param general.maxThreads 8
# puts "SMC_DCP: $DCP"
SMC_DCP: /home/cah/r2d2/code/fpga/fable5_llm/synth/out_build_041_ckr2_AltSpreadLogic_high/proj/stage1.runs/impl_1/bd_wrapper_postroute_physopt.dcp
# puts "SMC_DCP_MTIME: [clock format [file mtime $DCP] -format {%Y-%m-%d %H:%M:%S}]"
SMC_DCP_MTIME: 2026-09-07 20:34:57
# open_checkpoint $DCP
Command: open_checkpoint /home/cah/r2d2/code/fpga/fable5_llm/synth/out_build_041_ckr2_AltSpreadLogic_high/proj/stage1.runs/impl_1/bd_wrapper_postroute_physopt.dcp

Starting open_checkpoint Task

Time (s): cpu = 00:00:00.06 ; elapsed = 00:00:00.06 . Memory (MB): peak = 1409.598 ; gain = 0.000 ; free physical = 39849 ; free virtual = 318461
INFO: [Device 21-403] Loading part xcvu9p-fsgd2104-2L-e
Netlist sorting complete. Time (s): cpu = 00:00:09 ; elapsed = 00:00:09 . Memory (MB): peak = 3882.398 ; gain = 0.000 ; free physical = 34895 ; free virtual = 313617
INFO: [Netlist 29-17] Analyzing 31335 Unisim elements for replacement
INFO: [Netlist 29-28] Unisim Transformation completed in 27 CPU seconds
INFO: [Project 1-479] Netlist was created with Vivado 2024.2
INFO: [Project 1-570] Preparing netlist for logic optimization
WARNING: [Constraints 18-550] Could not create 'DRIVE' constraint because net 'bd_i/ddr4_0/inst/u_ddr4_mem_intfc/u_mig_ddr4_phy/cal_RESET_n[0]' is not directly connected to top level port. 'DRIVE' is ignored for synthesis but preserved for implementation.
WARNING: [Constraints 18-550] Could not create 'SLEW' constraint because net 'bd_i/ddr4_0/inst/u_ddr4_mem_intfc/u_mig_ddr4_phy/cal_RESET_n[0]' is not directly connected to top level port. 'SLEW' is ignored for synthesis but preserved for implementation.
WARNING: [Constraints 18-550] Could not create 'IBUF_LOW_PWR' constraint because net 'bd_i/ddr4_0/inst/u_ddr4_mem_intfc/u_mig_ddr4_phy/sys_clk_in' is not directly connected to top level port. 'IBUF_LOW_PWR' is ignored for synthesis but preserved for implementation.
WARNING: [Constraints 18-550] Could not create 'DRIVE' constraint because net 'bd_i/ddr4_1/inst/u_ddr4_mem_intfc/u_mig_ddr4_phy/cal_RESET_n[0]' is not directly connected to top level port. 'DRIVE' is ignored for synthesis but preserved for implementation.
WARNING: [Constraints 18-550] Could not create 'SLEW' constraint because net 'bd_i/ddr4_1/inst/u_ddr4_mem_intfc/u_mig_ddr4_phy/cal_RESET_n[0]' is not directly connected to top level port. 'SLEW' is ignored for synthesis but preserved for implementation.
WARNING: [Constraints 18-550] Could not create 'IBUF_LOW_PWR' constraint because net 'bd_i/ddr4_1/inst/u_ddr4_mem_intfc/u_mig_ddr4_phy/sys_clk_in' is not directly connected to top level port. 'IBUF_LOW_PWR' is ignored for synthesis but preserved for implementation.
WARNING: [Constraints 18-550] Could not create 'DRIVE' constraint because net 'bd_i/ddr4_2/inst/u_ddr4_mem_intfc/u_mig_ddr4_phy/cal_RESET_n[0]' is not directly connected to top level port. 'DRIVE' is ignored for synthesis but preserved for implementation.
WARNING: [Constraints 18-550] Could not create 'SLEW' constraint because net 'bd_i/ddr4_2/inst/u_ddr4_mem_intfc/u_mig_ddr4_phy/cal_RESET_n[0]' is not directly connected to top level port. 'SLEW' is ignored for synthesis but preserved for implementation.
WARNING: [Constraints 18-550] Could not create 'IBUF_LOW_PWR' constraint because net 'bd_i/ddr4_2/inst/u_ddr4_mem_intfc/u_mig_ddr4_phy/sys_clk_in' is not directly connected to top level port. 'IBUF_LOW_PWR' is ignored for synthesis but preserved for implementation.
WARNING: [Constraints 18-550] Could not create 'DRIVE' constraint because net 'bd_i/ddr4_3/inst/u_ddr4_mem_intfc/u_mig_ddr4_phy/cal_RESET_n[0]' is not directly connected to top level port. 'DRIVE' is ignored for synthesis but preserved for implementation.
WARNING: [Constraints 18-550] Could not create 'SLEW' constraint because net 'bd_i/ddr4_3/inst/u_ddr4_mem_intfc/u_mig_ddr4_phy/cal_RESET_n[0]' is not directly connected to top level port. 'SLEW' is ignored for synthesis but preserved for implementation.
WARNING: [Constraints 18-550] Could not create 'IBUF_LOW_PWR' constraint because net 'bd_i/ddr4_3/inst/u_ddr4_mem_intfc/u_mig_ddr4_phy/sys_clk_in' is not directly connected to top level port. 'IBUF_LOW_PWR' is ignored for synthesis but preserved for implementation.
Read ShapeDB Complete: Time (s): cpu = 00:00:02 ; elapsed = 00:00:02 . Memory (MB): peak = 5542.352 ; gain = 116.805 ; free physical = 31556 ; free virtual = 310278
INFO: [Timing 38-478] Restoring timing data from binary archive.
INFO: [Timing 38-479] Binary timing data restore complete.
INFO: [Project 1-856] Restoring constraints from binary archive.
INFO: [Power 33-23] Power model is not available for xiphy_riu_or
INFO: [Power 33-23] Power model is not available for genVref.u_hpio_vref
INFO: [Project 1-853] Binary constraint restore complete.
INFO: [Designutils 20-5722] Start Reading Physical Databases.
Reading placement.
Read Netlist Cache: Time (s): cpu = 00:00:01 ; elapsed = 00:00:01 . Memory (MB): peak = 9769.457 ; gain = 40.945 ; free physical = 21154 ; free virtual = 299883
Reading placer database...
Read Device Cache: Time (s): cpu = 00:00:00.04 ; elapsed = 00:00:00.04 . Memory (MB): peak = 9769.457 ; gain = 0.000 ; free physical = 21155 ; free virtual = 299885
Read PlaceDB: Time (s): cpu = 00:00:38 ; elapsed = 00:00:39 . Memory (MB): peak = 10357.582 ; gain = 588.125 ; free physical = 17460 ; free virtual = 296189
Read PulsedLatchDB: Time (s): cpu = 00:00:00 ; elapsed = 00:00:00 . Memory (MB): peak = 10357.582 ; gain = 0.000 ; free physical = 17460 ; free virtual = 296189
Reading routing.
Read RouteStorage: Time (s): cpu = 00:00:22 ; elapsed = 00:00:07 . Memory (MB): peak = 10778.887 ; gain = 421.305 ; free physical = 16783 ; free virtual = 295513
Read Physdb Files: Time (s): cpu = 00:01:01 ; elapsed = 00:00:48 . Memory (MB): peak = 10778.887 ; gain = 1050.375 ; free physical = 16784 ; free virtual = 295513
Restored from archive | CPU: 65.790000 secs | Memory: 934.151054 MB |
Finished XDEF File Restore: Time (s): cpu = 00:01:03 ; elapsed = 00:00:50 . Memory (MB): peak = 10778.887 ; gain = 1050.375 ; free physical = 16692 ; free virtual = 295421
INFO: [IP_Flow 19-234] Refreshing IP repositories
INFO: [IP_Flow 19-1704] No user IP repositories specified
INFO: [IP_Flow 19-2313] Loaded Vivado IP repository '/home/cah/r2d2/sc2data/tools/Vivado/2024.2/data/ip'.
Netlist sorting complete. Time (s): cpu = 00:00:00.11 ; elapsed = 00:00:00.11 . Memory (MB): peak = 10778.887 ; gain = 0.000 ; free physical = 16490 ; free virtual = 295221
INFO: [Project 1-111] Unisim Transformation Summary:
  A total of 8345 instances were transformed.
  DSP48E1 => DSP48E2 (DSP_ALU, DSP_A_B_DATA, DSP_C_DATA, DSP_MULTIPLIER, DSP_M_DATA, DSP_OUTPUT, DSP_PREADD, DSP_PREADD_DATA): 12 instances
  DSP48E2 => DSP48E2 (DSP_ALU, DSP_A_B_DATA, DSP_C_DATA, DSP_MULTIPLIER, DSP_M_DATA, DSP_OUTPUT, DSP_PREADD, DSP_PREADD_DATA): 1848 instances
  IBUF => IBUF (IBUFCTRL, INBUF): 1 instance 
  IBUFDS => IBUFDS (DIFFINBUF, IBUFCTRL): 4 instances
  IOBUFDS => IOBUFDS (DIFFINBUF, IBUFCTRL, INV, OBUFT(x2)): 32 instances
  IOBUFE3 => IOBUFE3 (IBUFCTRL, INBUF, OBUFT_DCIEN): 288 instances
  LUT6_2 => LUT6_2 (LUT5, LUT6): 124 instances
  OBUFDS => OBUFDS_DUAL_BUF (INV, OBUF(x2)): 4 instances
  RAM16X1D => RAM32X1D (RAMD32(x2)): 40 instances
  RAM256X1D => RAM256X1D (MUXF7(x4), MUXF8(x2), RAMD64E(x8)): 512 instances
  RAM256X1S => RAM256X1S (MUXF7(x2), MUXF8, RAMS64E(x4)): 9 instances
  RAM32M => RAM32M (RAMD32(x6), RAMS32(x2)): 866 instances
  RAM32M16 => RAM32M16 (RAMD32(x14), RAMS32(x2)): 1978 instances
  RAM32X1D => RAM32X1D (RAMD32(x2)): 80 instances
  RAM64M => RAM64M (RAMD64E(x4)): 16 instances
  RAM64M8 => RAM64M8 (RAMD64E(x8)): 2515 instances
  RAM64X1D => RAM64X1D (RAMD64E(x2)): 16 instances

INFO: [Project 1-604] Checkpoint was created with Vivado v2024.2 (64-bit) build 5239630
WARNING: [Vivado 12-23575] Critical violations of the methodology design rules detected. Critical violations may contribute to timing failures or cause functional issues in hardware. Run report_methodology for more information.
open_checkpoint: Time (s): cpu = 00:11:16 ; elapsed = 00:06:08 . Memory (MB): peak = 10778.887 ; gain = 9369.289 ; free physical = 16495 ; free virtual = 295225
get_timing_paths: Time (s): cpu = 00:11:40 ; elapsed = 00:02:06 . Memory (MB): peak = 11883.723 ; gain = 1104.836 ; free physical = 12385 ; free virtual = 291117
# set wns [get_property SLACK [get_timing_paths -max_paths 1 -nworst 1 -setup]]
# puts "SMC_WNS: $wns"
SMC_WNS: 0.000
# set allp [get_timing_paths -quiet -max_paths 6000 -nworst 1 -setup -slack_lesser_than 0]
# puts "SMC_FAILING_SAMPLE: [llength $allp]"
SMC_FAILING_SAMPLE: 0
# set n_smem 0
# set n_other 0
# set smem_worst 99
# set smem_best -99
# set smem_logic_min 99
# set smem_logic_max -99
# puts "SMC_SMEM_PATHS_BEGIN"
SMC_SMEM_PATHS_BEGIN
# foreach p $allp {
#     set sp [get_property STARTPOINT_PIN $p]
#     if {[string match "*smem_?_reg_bram_*" $sp]} {
#         incr n_smem
#         set s  [get_property SLACK $p]
#         set dl [get_property DATAPATH_DELAY $p]
#         set lg [get_property DATAPATH_LOGIC_DELAY $p]
#         if {$s < $smem_worst} { set smem_worst $s }
#         if {$s > $smem_best}  { set smem_best  $s }
#         if {$lg < $smem_logic_min} { set smem_logic_min $lg }
#         if {$lg > $smem_logic_max} { set smem_logic_max $lg }
#         puts [format "SMC_P %8s lvl=%-3s dp=%-7s logic=%-7s route=%-7s | %s <- %s" \
#             $s [get_property LOGIC_LEVELS $p] $dl $lg \
#             [get_property DATAPATH_NET_DELAY $p] \
#             [get_property ENDPOINT_PIN $p] $sp]
#     } else {
#         incr n_other
#     }
# }
# puts "SMC_SMEM_PATHS_END"
SMC_SMEM_PATHS_END
# puts "SMC_TALLY: smem_launched=$n_smem other=$n_other of [llength $allp]"
SMC_TALLY: smem_launched=0 other=0 of 0
# puts "SMC_SMEM_SLACK_RANGE: worst=$smem_worst best=$smem_best"
SMC_SMEM_SLACK_RANGE: worst=99 best=-99
# puts "SMC_SMEM_LOGIC_RANGE: min=$smem_logic_min max=$smem_logic_max"
SMC_SMEM_LOGIC_RANGE: min=99 max=-99
# foreach arr {smem_a smem_b} {
#     set cells [get_cells -quiet -hier -filter "NAME =~ *${arr}_reg_bram_* && PRIMITIVE_TYPE =~ BLOCKRAM.*.*"]
#     if {[llength $cells] == 0} {
#         set cells [get_cells -quiet -hier -filter "NAME =~ *${arr}_reg_bram_*"]
#     }
#     array unset oa; array set oa {}
#     array unset ob; array set ob {}
#     foreach c $cells {
#         set a [get_property -quiet CASCADE_ORDER_A $c]
#         set b [get_property -quiet CASCADE_ORDER_B $c]
#         if {$a eq ""} { set a "(none)" }
#         if {$b eq ""} { set b "(none)" }
#         if {[info exists oa($a)]} { incr oa($a) } else { set oa($a) 1 }
#         if {[info exists ob($b)]} { incr ob($b) } else { set ob($b) 1 }
#     }
#     puts "SMC_ARRAY $arr cells=[llength $cells]"
#     foreach k [lsort [array names oa]] { puts "SMC_CASCADE_A $arr $k = $oa($k)" }
#     foreach k [lsort [array names ob]] { puts "SMC_CASCADE_B $arr $k = $ob($k)" }
#     # the RAM depth each tile presents, which is what sets the tile count
#     set d0 [lindex $cells 0]
#     if {$d0 ne ""} {
#         puts "SMC_TILE0 $arr [get_property REF_NAME $d0] READ_WIDTH_B=[get_property -quiet READ_WIDTH_B $d0] DOB_REG=[get_property -quiet DOB_REG $d0] RAM_MODE=[get_property -quiet RAM_MODE $d0]"
#     }
# }
SMC_ARRAY smem_a cells=32
SMC_CASCADE_A smem_a NONE = 32
SMC_CASCADE_B smem_a FIRST = 16
SMC_CASCADE_B smem_a LAST = 16
SMC_TILE0 smem_a RAMB36E2 READ_WIDTH_B=1 DOB_REG=0 RAM_MODE=
SMC_ARRAY smem_b cells=32
SMC_CASCADE_A smem_b NONE = 32
SMC_CASCADE_B smem_b FIRST = 16
SMC_CASCADE_B smem_b LAST = 16
SMC_TILE0 smem_b RAMB36E2 READ_WIDTH_B=1 DOB_REG=0 RAM_MODE=
# set CONES {
#     dn_vdata   {*u_core/dn_vdata_reg*/D}
#     at_qdata   {*u_core/at_qdata_reg*/D}
#     axil_rdata {*u_core/s_axil_rdata_reg*/D}
# }
# foreach {nm pat} $CONES {
#     set pins [get_pins -quiet -hier -filter "NAME =~ $pat"]
#     set ps [get_timing_paths -quiet -to $pins -max_paths 10 -nworst 1 -setup -sort_by slack]
#     puts "SMC_CONE $nm pins=[llength $pins] paths=[llength $ps]"
#     foreach p $ps {
#         puts [format "SMC_CONE_P %-10s %8s lvl=%-3s dp=%-7s logic=%-7s route=%-7s | %s" \
#             $nm [get_property SLACK $p] [get_property LOGIC_LEVELS $p] \
#             [get_property DATAPATH_DELAY $p] [get_property DATAPATH_LOGIC_DELAY $p] \
#             [get_property DATAPATH_NET_DELAY $p] [get_property ENDPOINT_PIN $p]]
#     }
# }
SMC_CONE dn_vdata pins=21 paths=10
SMC_CONE_P dn_vdata      0.188 lvl=2   dp=3.370   logic=1.418   route=1.952   | bd_i/layer_0/inst/u_core/dn_vdata_reg[14]/D
SMC_CONE_P dn_vdata      0.231 lvl=2   dp=3.420   logic=1.384   route=2.036   | bd_i/layer_0/inst/u_core/dn_vdata_reg[13]/D
SMC_CONE_P dn_vdata      0.273 lvl=2   dp=3.374   logic=1.441   route=1.933   | bd_i/layer_0/inst/u_core/dn_vdata_reg[18]/D
SMC_CONE_P dn_vdata      0.440 lvl=2   dp=3.127   logic=1.418   route=1.709   | bd_i/layer_0/inst/u_core/dn_vdata_reg[9]/D
SMC_CONE_P dn_vdata      0.514 lvl=2   dp=3.225   logic=1.395   route=1.830   | bd_i/layer_0/inst/u_core/dn_vdata_reg[10]/D
SMC_CONE_P dn_vdata      0.611 lvl=2   dp=3.097   logic=1.385   route=1.712   | bd_i/layer_0/inst/u_core/dn_vdata_reg[8]/D
SMC_CONE_P dn_vdata      0.693 lvl=2   dp=3.043   logic=1.453   route=1.590   | bd_i/layer_0/inst/u_core/dn_vdata_reg[6]/D
SMC_CONE_P dn_vdata      0.734 lvl=1   dp=2.956   logic=1.296   route=1.660   | bd_i/layer_0/inst/u_core/dn_vdata_reg[3]/D
SMC_CONE_P dn_vdata      0.771 lvl=2   dp=2.959   logic=1.385   route=1.574   | bd_i/layer_0/inst/u_core/dn_vdata_reg[5]/D
SMC_CONE_P dn_vdata      0.840 lvl=1   dp=2.885   logic=1.296   route=1.589   | bd_i/layer_0/inst/u_core/dn_vdata_reg[20]/D
SMC_CONE at_qdata pins=228 paths=10
SMC_CONE_P at_qdata      0.018 lvl=1   dp=3.928   logic=1.296   route=2.632   | bd_i/layer_0/inst/u_core/at_qdata_reg[14]_rep__10/D
SMC_CONE_P at_qdata      0.027 lvl=1   dp=3.652   logic=1.296   route=2.356   | bd_i/layer_0/inst/u_core/at_qdata_reg[6]_rep__5/D
SMC_CONE_P at_qdata      0.034 lvl=1   dp=3.913   logic=1.296   route=2.617   | bd_i/layer_0/inst/u_core/at_qdata_reg[14]_rep__9/D
SMC_CONE_P at_qdata      0.043 lvl=1   dp=3.634   logic=1.296   route=2.338   | bd_i/layer_0/inst/u_core/at_qdata_reg[12]_rep__1/D
SMC_CONE_P at_qdata      0.055 lvl=1   dp=3.708   logic=1.296   route=2.412   | bd_i/layer_0/inst/u_core/at_qdata_reg[10]_rep__10/D
SMC_CONE_P at_qdata      0.061 lvl=1   dp=3.528   logic=1.296   route=2.232   | bd_i/layer_0/inst/u_core/at_qdata_reg[12]_rep__0/D
SMC_CONE_P at_qdata      0.098 lvl=1   dp=3.503   logic=1.296   route=2.207   | bd_i/layer_0/inst/u_core/at_qdata_reg[2]_rep__1/D
SMC_CONE_P at_qdata      0.104 lvl=1   dp=3.621   logic=1.296   route=2.325   | bd_i/layer_0/inst/u_core/at_qdata_reg[4]_rep__11/D
SMC_CONE_P at_qdata      0.128 lvl=1   dp=3.408   logic=1.296   route=2.112   | bd_i/layer_0/inst/u_core/at_qdata_reg[8]_rep__0/D
SMC_CONE_P at_qdata      0.142 lvl=1   dp=3.561   logic=1.296   route=2.265   | bd_i/layer_0/inst/u_core/at_qdata_reg[10]_rep__4/D
SMC_CONE axil_rdata pins=32 paths=10
SMC_CONE_P axil_rdata    0.244 lvl=6   dp=3.547   logic=1.794   route=1.753   | bd_i/layer_0/inst/u_core/s_axil_rdata_reg[5]/D
SMC_CONE_P axil_rdata    0.336 lvl=5   dp=3.508   logic=1.586   route=1.922   | bd_i/layer_0/inst/u_core/s_axil_rdata_reg[14]/D
SMC_CONE_P axil_rdata    0.354 lvl=4   dp=3.337   logic=1.484   route=1.853   | bd_i/layer_0/inst/u_core/s_axil_rdata_reg[10]/D
SMC_CONE_P axil_rdata    0.448 lvl=5   dp=3.315   logic=1.674   route=1.641   | bd_i/layer_0/inst/u_core/s_axil_rdata_reg[2]/D
SMC_CONE_P axil_rdata    0.502 lvl=4   dp=3.044   logic=1.531   route=1.513   | bd_i/layer_0/inst/u_core/s_axil_rdata_reg[9]/D
SMC_CONE_P axil_rdata    0.535 lvl=5   dp=3.153   logic=1.597   route=1.556   | bd_i/layer_0/inst/u_core/s_axil_rdata_reg[0]/D
SMC_CONE_P axil_rdata    0.625 lvl=6   dp=3.036   logic=1.762   route=1.274   | bd_i/layer_0/inst/u_core/s_axil_rdata_reg[6]/D
SMC_CONE_P axil_rdata    0.682 lvl=5   dp=3.043   logic=1.641   route=1.402   | bd_i/layer_0/inst/u_core/s_axil_rdata_reg[13]/D
SMC_CONE_P axil_rdata    0.737 lvl=4   dp=2.958   logic=1.597   route=1.361   | bd_i/layer_0/inst/u_core/s_axil_rdata_reg[12]/D
SMC_CONE_P axil_rdata    0.744 lvl=5   dp=3.047   logic=1.589   route=1.458   | bd_i/layer_0/inst/u_core/s_axil_rdata_reg[3]/D
# puts "SMC_DONE"
SMC_DONE
INFO: [Common 17-206] Exiting Vivado at Mon Sep  7 21:28:06 2026...
=== rc: 0
=== end: 2026-09-07T21:28:20-06:00
