=== host: snoke
=== date: 2026-09-07T22:22:25-06:00
=== tree: 9086a7b+dirty
=== cmd:  python3 evidence/qwen9b/g5/g5d_superlatives.py --negative-control
=== venv: /home/cah/.venv/bin/python (exists)
===       ref/.venv/bin/python (ABSENT)
===       uv: /home/cah/.local/bin/uv (exists)
=== cpu:  nproc=48 OMP_NUM_THREADS=unset MKL_NUM_THREADS=unset
=== env:  FABLE5_MODEL=unset FABLE5_DN_STATE=unset FABLE5_RS_F=unset
===       FABLE5_CALIB_STATS=unset FABLE5_CALIB_MODE=unset
=== ---
G5DSUP_ROLLS: 9  (build_041 ckr2_AltSpreadLogic_high playbook_ash playbook_ckr2 po2_AltSpreadLogic_high po2_AltSpreadLogic_medium po2_Explore po2_ExtraTimingOpt po4_ExtraNetDelay_high)
G5DSUP_ROLL build_041                    ep=29237.0 hold_ep=0.0 tns=-5879.083 whs=0.006 wns=-0.859
G5DSUP_ROLL ckr2_AltSpreadLogic_high     attn=0.0 conv=0.45 dnw=0.07 ep=0.0 hold_ep=0.0 kvw=0.013 scr=0.084 sdma=0.001 tns=0.0 whs=0.001 wns=0.0
G5DSUP_ROLL playbook_ash                 ep=2507.0 hold_ep=0.0 tns=-126.221 whs=0.01 wns=-0.156
G5DSUP_ROLL playbook_ckr2                ep=0.0 hold_ep=0.0 tns=0.0 whs=0.001 wns=0.0
G5DSUP_ROLL po2_AltSpreadLogic_high      attn=-0.156 conv=-0.02 dnw=-0.143 ep=2507.0 hold_ep=0.0 kvw=-0.138 scr=-0.142 sdma=-0.124 tns=-126.221 whs=0.01 wns=-0.156
G5DSUP_ROLL po2_AltSpreadLogic_medium    ep=3629.0 hold_ep=0.0 tns=-182.889 whs=0.01 wns=-0.159
G5DSUP_ROLL po2_Explore                  ep=19611.0 hold_ep=0.0 tns=-3471.757 whs=0.0 wns=-0.651
G5DSUP_ROLL po2_ExtraTimingOpt           ep=4460.0 hold_ep=0.0 tns=-312.103 whs=0.0 wns=-0.196
G5DSUP_ROLL po4_ExtraNetDelay_high       ep=3461.0 hold_ep=0.0 tns=-165.674 whs=0.002 wns=-0.139

G5DSUP_TABLE column                                    best        runner-up
G5DSUP_COL WNS                                                  ckr2_AltSpreadLogic_high 0.0        playbook_ckr2          0.0
G5DSUP_COL TNS                                                  ckr2_AltSpreadLogic_high 0.0        playbook_ckr2          0.0
G5DSUP_COL failing setup endpoints                              ckr2_AltSpreadLogic_high 0.0        playbook_ckr2          0.0
G5DSUP_COL WHS                                                  po2_AltSpreadLogic_high 0.01       po2_AltSpreadLogic_medium 0.01
G5DSUP_COL failing hold endpoints                               build_041              0.0        po2_AltSpreadLogic_high 0.0
G5DSUP_COL DN slot (DN_SLOT)                                    ckr2_AltSpreadLogic_high 0.07       po2_AltSpreadLogic_high -0.143
G5DSUP_COL KV slot (KV_SLOT)                                    ckr2_AltSpreadLogic_high 0.013      po2_AltSpreadLogic_high -0.138
G5DSUP_COL conv slot (CV_SLOT)                                  ckr2_AltSpreadLogic_high 0.45       po2_AltSpreadLogic_high -0.02
G5DSUP_COL state DMA engine (SDMA)                              ckr2_AltSpreadLogic_high 0.001      po2_AltSpreadLogic_high -0.124
G5DSUP_COL attn DSP lanes (ATTN_DSP)                            ckr2_AltSpreadLogic_high 0.0        po2_AltSpreadLogic_high -0.156
G5DSUP_COL scratchpad (SCRATCH)                                 ckr2_AltSpreadLogic_high 0.084      po2_AltSpreadLogic_high -0.142

G5DSUP_CONTROL: planted 'best WNS' on build_041, which is the WORST (-0.859)
G5DSUP_SCOPED G5D_TIMING.md:940  **The census of §4 was run on roll #2, which led the four-directive spread at the time it was censused.** Roll #6, a sup
    full ranking of WNS: ckr2_AltSpreadLogic_high 0.0  playbook_ckr2 0.0  po4_ExtraNetDelay_high -0.139  po2_AltSpreadLogic_high -0.156  playbook_ash -0.156  po2_AltSpreadLogic_medium -0.159  po2_ExtraTimingOpt -0.196  po2_Explore -0.651  build_041 -0.859
G5DSUP_SCOPED G5D_TIMING.md:1146  **The `G5DSUP_UNCHECKED` list in `164_…` was read line by line.** Every entry in it is prose that carries a marker word 
G5DSUP_CHECKED: 4 superlative sentence(s) machine-checked
G5DSUP_FAIL G5D_TIMING.md:1170
    NEGATIVE CONTROL: build_041 has the best WNS of the rolls.
    column WNS: the extremum is ckr2_AltSpreadLogic_high (0.0), the sentence names build_041
G5DSUP_QUOTED_TOTAL: 0 sentence(s) restating a superseded claim
G5DSUP_SCOPED_TOTAL: 2 sentence(s) true over a stated subset, printed beside the full ranking
G5DSUP_UNCHECKED: 43 sentence(s) the script cannot attribute
G5DSUP_UNCHECKED G5D_TIMING.md:18  A log is cited only after both exist.
G5DSUP_UNCHECKED G5D_TIMING.md:18  * **Two provenance notes, stated rather than left to be noticed.** (1) `evidence/qwen9b/g5/g5d_clockskew_probe.tcl` and `evidence/
G5DSUP_UNCHECKED G5D_TIMING.md:88  * Logs 103–107 read `c973c18` with no `+dirty` because the instruments they used were still **untracked** at that moment, and `git
G5DSUP_UNCHECKED G5D_TIMING.md:153  2 × (32 − 30) = **+4**, which is the whole of the Block RAM delta.
G5DSUP_UNCHECKED G5D_TIMING.md:174  `evidence/qwen9b/g5/107_t14b_build_041_cascade.log` (rc 0) runs Task 14-A's own read-only instrument `evidence/qwen9b/g5/g5c_scrat
G5DSUP_UNCHECKED G5D_TIMING.md:188  The structure the first campaign's three worst paths walked through — seven `CASDOUTB → CASDINB` hops carrying 2.55–2.60 ns of log
G5DSUP_UNCHECKED G5D_TIMING.md:210  It exists to produce the project the spread copies, and to exercise the one gate that lives only in it:
G5DSUP_UNCHECKED G5D_TIMING.md:239  **D**: at matched recipe (both are `launch_build.sh`'s default implementation, both unconstrained) the RTL round is worth **+0.129
G5DSUP_UNCHECKED G5D_TIMING.md:293  **The comparison that matters is at matched directive, matched recipe, matched XDC (none) — only the netlist differs.** Against Ta
G5DSUP_UNCHECKED G5D_TIMING.md:318  THE CENSUS OF THE BEST ROLL OF THE FOUR-DIRECTIVE SPREAD
G5DSUP_UNCHECKED G5D_TIMING.md:350  **Five of the six clocks MEET with zero failing endpoints and the entire deficit is on one domain** — the 250 MHz clock the custom
G5DSUP_UNCHECKED G5D_TIMING.md:350  In the first campaign's best artifact **three** of six failed (`G5B_TIMING.md` §8.1: ch2 UI −0.130/866 EP, ch3 UI −0.102/539 EP, a
G5DSUP_UNCHECKED G5D_TIMING.md:384  **The property `G5B_TIMING.md` §5.2 called the most useful thing the first campaign measured reproduces, and the SLR it picks is a
G5DSUP_UNCHECKED G5D_TIMING.md:414  Only the RTL differs.
G5DSUP_UNCHECKED G5D_TIMING.md:458  **D**: the scratchpad-launched share of the failing set falls **13×** at matched directive (5.3 % → 0.4 %), and the maximum logic 
G5DSUP_UNCHECKED G5D_TIMING.md:479  Every family's worst path still starts and ends in the same SLR: **not one SLR crossing on any of them.**
G5DSUP_UNCHECKED G5D_TIMING.md:484  Histogram of the 200 worst setup paths: `LAYER_OTHER` 131 (−0.147), `ATTN_DSP` 55 (−0.156), `SCRATCH` 6 (−0.142), `DN_SLOT` 3 (−0.
G5DSUP_UNCHECKED G5D_TIMING.md:499  **Two of the four closed, two improved by ~0.09 and are still negative.** The two that closed are the two the RTL round did *not* 
G5DSUP_UNCHECKED G5D_TIMING.md:508  `115_t14b_census_ash.log`'s worst paths and `123_t14b_cones_ash.log`'s per-path split agree:
G5DSUP_UNCHECKED G5D_TIMING.md:526  `matvec_engine`'s 300 MHz `xline_q0` CE cone, which owned the first campaign's design WNS at −0.130 under `ExtraTimingOpt`, is **c
G5DSUP_UNCHECKED G5D_TIMING.md:533  **One instrument caveat, stated.** `synth/scripts/final_verify.tcl` and `synth/scripts/census_035.tcl` report `XLINE_CE_WORST_mvch
G5DSUP_UNCHECKED G5D_TIMING.md:563  **The six tracked owner classes against build_035 SHIPPED** (which had zero failing endpoints in every class) and against Task 14'
G5DSUP_UNCHECKED G5D_TIMING.md:579  ### 5.1 The probe — read-only, and it supports the arm
G5DSUP_UNCHECKED G5D_TIMING.md:581  14-B's brief made it the one constraint-side arm **on condition that a read-only probe support it first**.
G5DSUP_UNCHECKED G5D_TIMING.md:613  **D**: the layer's worst path pays **0.314 ns more clock skew than the sequencer on the same clock** (−0.372 vs −0.058), and the r
G5DSUP_UNCHECKED G5D_TIMING.md:625  **A managed-project run parses an implementation-only XDC with Vivado's restricted constraint parser, which accepts `set_property`
G5DSUP_UNCHECKED G5D_TIMING.md:640  The assertion moved into a read-only `-source` script, where the full Tcl interpreter is available: `evidence/qwen9b/g5/g5d_clockr
G5DSUP_UNCHECKED G5D_TIMING.md:664  **No clock, MMCM, BUFG, CDC or pblock is added** — `USER_CLOCK_ROOT` only tells the clock placer where to drive an existing global
G5DSUP_UNCHECKED G5D_TIMING.md:679  The house closure playbook's last step, `evidence/qwen9b/g5/g5b_physopt_playbook.tcl` (Task 14's argument-parameterised copy of `s
G5DSUP_UNCHECKED G5D_TIMING.md:715  Device totals from `po2_AltSpreadLogic_high`'s own `report_utilization` (`evidence/qwen9b/g5/135_t14b_best_reports.txt`, mtime 202
G5DSUP_UNCHECKED G5D_TIMING.md:734  **D**: every delta against Task 14 is Task 14-A's and matches the layer's own synthesis deltas of §2.2 — DSP **+2**, Block RAM **+
G5DSUP_UNCHECKED G5D_TIMING.md:772  **The only difference is the one implementation-only XDC.**
G5DSUP_UNCHECKED G5D_TIMING.md:796  `125_t14b_skewprobe_ash.log` (before) and `146_t14b_skewprobe_ckr2.log` (after), on the worst path of each roll, **T**:
G5DSUP_UNCHECKED G5D_TIMING.md:874  **The family census** (`145_…`) has every family positive and every worst path starting and ending in the same SLR.
G5DSUP_UNCHECKED G5D_TIMING.md:874  The 200-worst histogram is `LAYER_OTHER` 129, `ATTN_DSP` 37, `SDMA` 27, `KV_SLOT` 3, `VENDOR_MIG` 3, `VENDOR_SMC` 1, `FAM_OTHER_WO
G5DSUP_UNCHECKED G5D_TIMING.md:888  **One reading note so nobody quotes a sentinel as a measurement**: with an empty set, that instrument prints its initialisers, `SM
G5DSUP_UNCHECKED G5D_TIMING.md:909  `POPB_FINAL: WNS=0.000 WHS=0.001`, then **`POPB_BITSTREAM`** and **`POPB_CLOSED`** — that script writes a bitstream **only** when 
G5DSUP_UNCHECKED G5D_TIMING.md:990  A **second, independent** bitstream of the same design exists at `synth/out_g5d_po_ckr2/bd_wrapper.bit` (53,074,589 bytes, 2026-09
G5DSUP_UNCHECKED G5D_TIMING.md:1031  **Task 14-A's RTL round: +0.091 ns** at matched directive and recipe (−0.247 → −0.156, §3.2), plus a 2.4× cut in failing endpoints
G5DSUP_UNCHECKED G5D_TIMING.md:1031  Its mechanism is +0.407 ns of clock skew on the worst path with the data path unchanged (§8.2).
G5DSUP_UNCHECKED G5D_TIMING.md:1113  **No file committed by Task 13, Task 14 or Task 14-A under `g5/` was modified.** No script under `synth/scripts/` was changed: 14-
G5DSUP_UNCHECKED G5D_TIMING.md:1158  Its `PENDING` set names only `evidence/qwen9b/g6/RD9_GATE.md` (Task 15); neither `evidence/qwen9b/g5/G5D_TIMING.md` nor `synth/con
G5DSUP_UNCHECKED G5D_TIMING.md:1165  `spec_cites` runs **LAST**, alone, on the committed tree: its commit contains only its log, that log's `=== tree:` names the commi
G5DSUP_CONTROL: CAUGHT — the checker is live
=== rc: 0
=== end: 2026-09-07T22:22:26-06:00
