DN 2048-bit bank-mux read path — post-PLACE estimate
endpoint: dn_rdq_reg[*] (the registered final DN_GRP:1 mux fed by
the per-group return registers).  Clock aclk, 4.000 ns / 250 MHz.
Re-derived from post_place.dcp by finish_reports.tcl; see its header.

slack     levels    startSLR  endSLR
0.111     1         SLR0      SLR1       g_dnpipeN.g_grp[0].rq_p_reg[1][1852]/C -> g_dnpipeN.dn_rdq_reg[1852]/D
0.111     1         SLR0      SLR1       g_dnpipeN.g_grp[0].rq_p_reg[1][1852]/C -> g_dnpipeN.dn_rdq_reg[1852]/D
0.121     1         SLR0      SLR1       g_dnpipeN.g_grp[0].rq_p_reg[1][1851]/C -> g_dnpipeN.dn_rdq_reg[1851]/D
0.121     1         SLR0      SLR1       g_dnpipeN.g_grp[0].rq_p_reg[1][1851]/C -> g_dnpipeN.dn_rdq_reg[1851]/D
0.167     1         SLR0      SLR1       g_dnpipeN.g_grp[0].rq_p_reg[1][1848]/C -> g_dnpipeN.dn_rdq_reg[1848]/D
0.167     1         SLR0      SLR1       g_dnpipeN.g_grp[0].rq_p_reg[1][1848]/C -> g_dnpipeN.dn_rdq_reg[1848]/D
0.191     1         SLR0      SLR1       g_dnpipeN.g_grp[0].rq_p_reg[1][1841]/C -> g_dnpipeN.dn_rdq_reg[1841]/D
0.191     1         SLR0      SLR1       g_dnpipeN.g_grp[0].rq_p_reg[1][1841]/C -> g_dnpipeN.dn_rdq_reg[1841]/D
0.210     1         SLR0      SLR1       g_dnpipeN.g_grp[0].rq_p_reg[1][1229]/C -> g_dnpipeN.dn_rdq_reg[1229]/D
0.210     1         SLR0      SLR1       g_dnpipeN.g_grp[0].rq_p_reg[1][1229]/C -> g_dnpipeN.dn_rdq_reg[1229]/D
0.224     1         SLR0      SLR1       g_dnpipeN.g_grp[0].rq_p_reg[1][1855]/C -> g_dnpipeN.dn_rdq_reg[1855]/D
0.224     1         SLR0      SLR1       g_dnpipeN.g_grp[0].rq_p_reg[1][1855]/C -> g_dnpipeN.dn_rdq_reg[1855]/D
0.304     1         SLR0      SLR1       g_dnpipeN.g_grp[0].rq_p_reg[1][1849]/C -> g_dnpipeN.dn_rdq_reg[1849]/D
0.304     1         SLR0      SLR1       g_dnpipeN.g_grp[0].rq_p_reg[1][1849]/C -> g_dnpipeN.dn_rdq_reg[1849]/D
0.308     1         SLR0      SLR1       g_dnpipeN.g_grp[0].rq_p_reg[1][1845]/C -> g_dnpipeN.dn_rdq_reg[1845]/D
0.308     1         SLR0      SLR1       g_dnpipeN.g_grp[0].rq_p_reg[1][1845]/C -> g_dnpipeN.dn_rdq_reg[1845]/D
0.386     1         SLR0      SLR1       g_dnpipeN.g_grp[0].rq_p_reg[1][1218]/C -> g_dnpipeN.dn_rdq_reg[1218]/D
0.386     1         SLR0      SLR1       g_dnpipeN.g_grp[0].rq_p_reg[1][1218]/C -> g_dnpipeN.dn_rdq_reg[1218]/D
0.403     1         SLR0      SLR1       g_dnpipeN.g_grp[0].rq_p_reg[1][1854]/C -> g_dnpipeN.dn_rdq_reg[1854]/D
0.403     1         SLR0      SLR1       g_dnpipeN.g_grp[0].rq_p_reg[1][1854]/C -> g_dnpipeN.dn_rdq_reg[1854]/D
0.434     1         SLR0      SLR1       g_dnpipeN.g_grp[0].rq_p_reg[1][1833]/C -> g_dnpipeN.dn_rdq_reg[1833]/D
0.434     1         SLR0      SLR1       g_dnpipeN.g_grp[0].rq_p_reg[1][1833]/C -> g_dnpipeN.dn_rdq_reg[1833]/D
0.435     1         SLR0      SLR1       g_dnpipeN.g_grp[0].rq_p_reg[1][1824]/C -> g_dnpipeN.dn_rdq_reg[1824]/D
0.435     1         SLR0      SLR1       g_dnpipeN.g_grp[0].rq_p_reg[1][1824]/C -> g_dnpipeN.dn_rdq_reg[1824]/D
0.471     1         SLR0      SLR1       g_dnpipeN.g_grp[0].rq_p_reg[1][1654]/C -> g_dnpipeN.dn_rdq_reg[1654]/D
0.471     1         SLR0      SLR1       g_dnpipeN.g_grp[0].rq_p_reg[1][1654]/C -> g_dnpipeN.dn_rdq_reg[1654]/D
0.472     1         SLR0      SLR1       g_dnpipeN.g_grp[0].rq_p_reg[1][1869]/C -> g_dnpipeN.dn_rdq_reg[1869]/D
0.472     1         SLR0      SLR1       g_dnpipeN.g_grp[0].rq_p_reg[1][1869]/C -> g_dnpipeN.dn_rdq_reg[1869]/D
0.474     1         SLR0      SLR1       g_dnpipeN.g_grp[0].rq_p_reg[1][1255]/C -> g_dnpipeN.dn_rdq_reg[1255]/D
0.474     1         SLR0      SLR1       g_dnpipeN.g_grp[0].rq_p_reg[1][1255]/C -> g_dnpipeN.dn_rdq_reg[1255]/D

---- full report_timing on the worst 10 ----
Copyright 1986-2022 Xilinx, Inc. All Rights Reserved. Copyright 2022-2024 Advanced Micro Devices, Inc. All Rights Reserved.
------------------------------------------------------------------------------------------------------------------------------------------------------------------------------------------------------------------------------------------
| Tool Version      : Vivado v.2024.2 (lin64) Build 5239630 Fri Nov 08 22:34:34 MST 2024
| Date              : Fri Sep  4 00:03:59 2026
| Host              : snoke running 64-bit Ubuntu 24.04.4 LTS
| Command           : report_timing -to [get_cells -quiet -hier -filter {NAME =~ *dn_rdq_reg*}] -max_paths 10 -nworst 10 -setup -file /home/cah/r2d2/code/fpga/fable5_llm/synth/out_exp_uram_g5_v4b/reports/dn_bank_mux_paths.rpt -append
| Design            : layer_chan
| Device            : xcvu9p-fsgd2104
| Speed File        : -2L  PRODUCTION 1.28 03-30-2022
| Design State      : Fully Placed
| Temperature Grade : E
------------------------------------------------------------------------------------------------------------------------------------------------------------------------------------------------------------------------------------------

Timing Report

Slack (MET) :             0.111ns  (required time - arrival time)
  Source:                 g_dnpipeN.g_grp[0].rq_p_reg[1][1852]/C
                            (rising edge-triggered cell FDRE clocked by aclk  {rise@0.000ns fall@2.000ns period=4.000ns})
  Destination:            g_dnpipeN.dn_rdq_reg[1852]/D
                            (rising edge-triggered cell FDRE clocked by aclk  {rise@0.000ns fall@2.000ns period=4.000ns})
  Path Group:             aclk
  Path Type:              Setup (Max at Slow Process Corner)
  Requirement:            4.000ns  (aclk rise@4.000ns - aclk rise@0.000ns)
  Data Path Delay:        3.867ns  (logic 0.116ns (3.000%)  route 3.751ns (97.000%))
  Logic Levels:           1  (LUT5=1)
  Clock Path Skew:        -0.009ns (DCD - SCD + CPR)
    Destination Clock Delay (DCD):    0.020ns = ( 4.020 - 4.000 ) 
    Source Clock Delay      (SCD):    0.029ns
    Clock Pessimism Removal (CPR):    0.000ns
  Clock Uncertainty:      0.035ns  ((TSJ^2 + TIJ^2)^1/2 + DJ) / 2 + PE
    Total System Jitter     (TSJ):    0.071ns
    Total Input Jitter      (TIJ):    0.000ns
    Discrete Jitter          (DJ):    0.000ns
    Phase Error              (PE):    0.000ns
  Inter-SLR Compensation: 0.003ns  (DCD * PF)
    Destination Clock Delay (DCD):    0.020ns
    Prorating Factor         (PF):    0.150

    Location             Delay type                Incr(ns)  Path(ns)    PBlock               Netlist Resource(s)
  -------------------------------------------------------------------    ----------------------------------------
                         (clock aclk rise edge)       0.000     0.000 r                       
                                                      0.000     0.000 r                       aclk (IN)
                         net (fo=94736, unset)        0.029     0.029                         aclk
    SLICE_X44Y286        FDRE                                         r  pb_layer0            g_dnpipeN.g_grp[0].rq_p_reg[1][1852]/C
  -------------------------------------------------------------------    ----------------------------------------
    SLICE_X44Y286        FDRE (Prop_GFF_SLICEL_C_Q)
                                                      0.079     0.108 r  pb_layer0            g_dnpipeN.g_grp[0].rq_p_reg[1][1852]/Q
                         net (fo=1, estimated)        3.291     3.399                         u_dn/g_dnpipeN.dn_rdq_reg[2047]_1[1852]
    SLR Crossing[0->1]   
    SLICE_X60Y572        LUT5 (Prop_G6LUT_SLICEM_I4_O)
                                                      0.037     3.436 r  pb_layer0            u_dn/p_1_out__37__0_i_4/O
                         net (fo=3, estimated)        0.460     3.896                         u_dn_n_1203
    SLICE_X58Y591        FDRE                                         r  pb_layer0            g_dnpipeN.dn_rdq_reg[1852]/D
  -------------------------------------------------------------------    ----------------------------------------

                         (clock aclk rise edge)       4.000     4.000 r                       
                                                      0.000     4.000 r                       aclk (IN)
                         net (fo=94736, unset)        0.020     4.020                         aclk
    SLICE_X58Y591        FDRE                                         r  pb_layer0            g_dnpipeN.dn_rdq_reg[1852]/C
                         clock pessimism              0.000     4.020                           
                         inter-SLR compensation      -0.003     4.017                           
                         clock uncertainty           -0.035     3.982                           
    SLICE_X58Y591        FDRE (Setup_GFF_SLICEL_C_D)
                                                      0.025     4.007    pb_layer0              g_dnpipeN.dn_rdq_reg[1852]
  -------------------------------------------------------------------
                         required time                          4.007                           
                         arrival time                          -3.896                           
  -------------------------------------------------------------------
                         slack                                  0.111                           

Slack (MET) :             0.111ns  (required time - arrival time)
  Source:                 g_dnpipeN.g_grp[0].rq_p_reg[1][1852]/C
                            (rising edge-triggered cell FDRE clocked by aclk  {rise@0.000ns fall@2.000ns period=4.000ns})
  Destination:            g_dnpipeN.dn_rdq_reg[1852]/D
                            (rising edge-triggered cell FDRE clocked by aclk  {rise@0.000ns fall@2.000ns period=4.000ns})
  Path Group:             aclk
  Path Type:              Setup (Max at Slow Process Corner)
  Requirement:            4.000ns  (aclk rise@4.000ns - aclk rise@0.000ns)
  Data Path Delay:        3.867ns  (logic 0.116ns (3.000%)  route 3.751ns (97.000%))
  Logic Levels:           1  (LUT5=1)
  Clock Path Skew:        -0.009ns (DCD - SCD + CPR)
    Destination Clock Delay (DCD):    0.020ns = ( 4.020 - 4.000 ) 
    Source Clock Delay      (SCD):    0.029ns
    Clock Pessimism Removal (CPR):    0.000ns
  Clock Uncertainty:      0.035ns  ((TSJ^2 + TIJ^2)^1/2 + DJ) / 2 + PE
    Total System Jitter     (TSJ):    0.071ns
    Total Input Jitter      (TIJ):    0.000ns
    Discrete Jitter          (DJ):    0.000ns
    Phase Error              (PE):    0.000ns
  Inter-SLR Compensation: 0.003ns  (DCD * PF)
    Destination Clock Delay (DCD):    0.020ns
    Prorating Factor         (PF):    0.150

    Location             Delay type                Incr(ns)  Path(ns)    PBlock               Netlist Resource(s)
  -------------------------------------------------------------------    ----------------------------------------
                         (clock aclk rise edge)       0.000     0.000 r                       
                                                      0.000     0.000 r                       aclk (IN)
                         net (fo=94736, unset)        0.029     0.029                         aclk
    SLICE_X44Y286        FDRE                                         r  pb_layer0            g_dnpipeN.g_grp[0].rq_p_reg[1][1852]/C
  -------------------------------------------------------------------    ----------------------------------------
    SLICE_X44Y286        FDRE (Prop_GFF_SLICEL_C_Q)
                                                      0.079     0.108 f  pb_layer0            g_dnpipeN.g_grp[0].rq_p_reg[1][1852]/Q
                         net (fo=1, estimated)        3.291     3.399                         u_dn/g_dnpipeN.dn_rdq_reg[2047]_1[1852]
    SLR Crossing[0->1]   
    SLICE_X60Y572        LUT5 (Prop_G6LUT_SLICEM_I4_O)
                                                      0.037     3.436 f  pb_layer0            u_dn/p_1_out__37__0_i_4/O
                         net (fo=3, estimated)        0.460     3.896                         u_dn_n_1203
    SLICE_X58Y591        FDRE                                         f  pb_layer0            g_dnpipeN.dn_rdq_reg[1852]/D
  -------------------------------------------------------------------    ----------------------------------------

                         (clock aclk rise edge)       4.000     4.000 r                       
                                                      0.000     4.000 r                       aclk (IN)
                         net (fo=94736, unset)        0.020     4.020                         aclk
    SLICE_X58Y591        FDRE                                         r  pb_layer0            g_dnpipeN.dn_rdq_reg[1852]/C
                         clock pessimism              0.000     4.020                           
                         inter-SLR compensation      -0.003     4.017                           
                         clock uncertainty           -0.035     3.982                           
    SLICE_X58Y591        FDRE (Setup_GFF_SLICEL_C_D)
                                                      0.025     4.007    pb_layer0              g_dnpipeN.dn_rdq_reg[1852]
  -------------------------------------------------------------------
                         required time                          4.007                           
                         arrival time                          -3.896                           
  -------------------------------------------------------------------
                         slack                                  0.111                           

Slack (MET) :             0.121ns  (required time - arrival time)
  Source:                 g_dnpipeN.g_grp[0].rq_p_reg[1][1851]/C
                            (rising edge-triggered cell FDRE clocked by aclk  {rise@0.000ns fall@2.000ns period=4.000ns})
  Destination:            g_dnpipeN.dn_rdq_reg[1851]/D
                            (rising edge-triggered cell FDRE clocked by aclk  {rise@0.000ns fall@2.000ns period=4.000ns})
  Path Group:             aclk
  Path Type:              Setup (Max at Slow Process Corner)
  Requirement:            4.000ns  (aclk rise@4.000ns - aclk rise@0.000ns)
  Data Path Delay:        3.858ns  (logic 0.118ns (3.059%)  route 3.740ns (96.941%))
  Logic Levels:           1  (LUT5=1)
  Clock Path Skew:        -0.007ns (DCD - SCD + CPR)
    Destination Clock Delay (DCD):    0.021ns = ( 4.021 - 4.000 ) 
    Source Clock Delay      (SCD):    0.028ns
    Clock Pessimism Removal (CPR):    0.000ns
  Clock Uncertainty:      0.035ns  ((TSJ^2 + TIJ^2)^1/2 + DJ) / 2 + PE
    Total System Jitter     (TSJ):    0.071ns
    Total Input Jitter      (TIJ):    0.000ns
    Discrete Jitter          (DJ):    0.000ns
    Phase Error              (PE):    0.000ns
  Inter-SLR Compensation: 0.003ns  (DCD * PF)
    Destination Clock Delay (DCD):    0.021ns
    Prorating Factor         (PF):    0.150

    Location             Delay type                Incr(ns)  Path(ns)    PBlock               Netlist Resource(s)
  -------------------------------------------------------------------    ----------------------------------------
                         (clock aclk rise edge)       0.000     0.000 r                       
                                                      0.000     0.000 r                       aclk (IN)
                         net (fo=94736, unset)        0.028     0.028                         aclk
    SLICE_X46Y281        FDRE                                         r  pb_layer0            g_dnpipeN.g_grp[0].rq_p_reg[1][1851]/C
  -------------------------------------------------------------------    ----------------------------------------
    SLICE_X46Y281        FDRE (Prop_DFF_SLICEL_C_Q)
                                                      0.079     0.107 r  pb_layer0            g_dnpipeN.g_grp[0].rq_p_reg[1][1851]/Q
                         net (fo=1, estimated)        3.123     3.230                         u_dn/g_dnpipeN.dn_rdq_reg[2047]_1[1851]
    SLR Crossing[0->1]   
    SLICE_X60Y566        LUT5 (Prop_H6LUT_SLICEM_I4_O)
                                                      0.039     3.269 r  pb_layer0            u_dn/p_1_out__37__0_i_5/O
                         net (fo=3, estimated)        0.617     3.886                         u_dn_n_1204
    SLICE_X56Y591        FDRE                                         r  pb_layer0            g_dnpipeN.dn_rdq_reg[1851]/D
  -------------------------------------------------------------------    ----------------------------------------

                         (clock aclk rise edge)       4.000     4.000 r                       
                                                      0.000     4.000 r                       aclk (IN)
                         net (fo=94736, unset)        0.021     4.021                         aclk
    SLICE_X56Y591        FDRE                                         r  pb_layer0            g_dnpipeN.dn_rdq_reg[1851]/C
                         clock pessimism              0.000     4.021                           
                         inter-SLR compensation      -0.003     4.018                           
                         clock uncertainty           -0.035     3.982                           
    SLICE_X56Y591        FDRE (Setup_EFF_SLICEM_C_D)
                                                      0.025     4.007    pb_layer0              g_dnpipeN.dn_rdq_reg[1851]
  -------------------------------------------------------------------
                         required time                          4.007                           
                         arrival time                          -3.886                           
  -------------------------------------------------------------------
                         slack                                  0.121                           

Slack (MET) :             0.121ns  (required time - arrival time)
  Source:                 g_dnpipeN.g_grp[0].rq_p_reg[1][1851]/C
                            (rising edge-triggered cell FDRE clocked by aclk  {rise@0.000ns fall@2.000ns period=4.000ns})
  Destination:            g_dnpipeN.dn_rdq_reg[1851]/D
                            (rising edge-triggered cell FDRE clocked by aclk  {rise@0.000ns fall@2.000ns period=4.000ns})
  Path Group:             aclk
  Path Type:              Setup (Max at Slow Process Corner)
  Requirement:            4.000ns  (aclk rise@4.000ns - aclk rise@0.000ns)
  Data Path Delay:        3.858ns  (logic 0.118ns (3.059%)  route 3.740ns (96.941%))
  Logic Levels:           1  (LUT5=1)
  Clock Path Skew:        -0.007ns (DCD - SCD + CPR)
    Destination Clock Delay (DCD):    0.021ns = ( 4.021 - 4.000 ) 
    Source Clock Delay      (SCD):    0.028ns
    Clock Pessimism Removal (CPR):    0.000ns
  Clock Uncertainty:      0.035ns  ((TSJ^2 + TIJ^2)^1/2 + DJ) / 2 + PE
    Total System Jitter     (TSJ):    0.071ns
    Total Input Jitter      (TIJ):    0.000ns
    Discrete Jitter          (DJ):    0.000ns
    Phase Error              (PE):    0.000ns
  Inter-SLR Compensation: 0.003ns  (DCD * PF)
    Destination Clock Delay (DCD):    0.021ns
    Prorating Factor         (PF):    0.150

    Location             Delay type                Incr(ns)  Path(ns)    PBlock               Netlist Resource(s)
  -------------------------------------------------------------------    ----------------------------------------
                         (clock aclk rise edge)       0.000     0.000 r                       
                                                      0.000     0.000 r                       aclk (IN)
                         net (fo=94736, unset)        0.028     0.028                         aclk
    SLICE_X46Y281        FDRE                                         r  pb_layer0            g_dnpipeN.g_grp[0].rq_p_reg[1][1851]/C
  -------------------------------------------------------------------    ----------------------------------------
    SLICE_X46Y281        FDRE (Prop_DFF_SLICEL_C_Q)
                                                      0.079     0.107 f  pb_layer0            g_dnpipeN.g_grp[0].rq_p_reg[1][1851]/Q
                         net (fo=1, estimated)        3.123     3.230                         u_dn/g_dnpipeN.dn_rdq_reg[2047]_1[1851]
    SLR Crossing[0->1]   
    SLICE_X60Y566        LUT5 (Prop_H6LUT_SLICEM_I4_O)
                                                      0.039     3.269 f  pb_layer0            u_dn/p_1_out__37__0_i_5/O
                         net (fo=3, estimated)        0.617     3.886                         u_dn_n_1204
    SLICE_X56Y591        FDRE                                         f  pb_layer0            g_dnpipeN.dn_rdq_reg[1851]/D
  -------------------------------------------------------------------    ----------------------------------------

                         (clock aclk rise edge)       4.000     4.000 r                       
                                                      0.000     4.000 r                       aclk (IN)
                         net (fo=94736, unset)        0.021     4.021                         aclk
    SLICE_X56Y591        FDRE                                         r  pb_layer0            g_dnpipeN.dn_rdq_reg[1851]/C
                         clock pessimism              0.000     4.021                           
                         inter-SLR compensation      -0.003     4.018                           
                         clock uncertainty           -0.035     3.982                           
    SLICE_X56Y591        FDRE (Setup_EFF_SLICEM_C_D)
                                                      0.025     4.007    pb_layer0              g_dnpipeN.dn_rdq_reg[1851]
  -------------------------------------------------------------------
                         required time                          4.007                           
                         arrival time                          -3.886                           
  -------------------------------------------------------------------
                         slack                                  0.121                           

Slack (MET) :             0.167ns  (required time - arrival time)
  Source:                 g_dnpipeN.g_grp[0].rq_p_reg[1][1848]/C
                            (rising edge-triggered cell FDRE clocked by aclk  {rise@0.000ns fall@2.000ns period=4.000ns})
  Destination:            g_dnpipeN.dn_rdq_reg[1848]/D
                            (rising edge-triggered cell FDRE clocked by aclk  {rise@0.000ns fall@2.000ns period=4.000ns})
  Path Group:             aclk
  Path Type:              Setup (Max at Slow Process Corner)
  Requirement:            4.000ns  (aclk rise@4.000ns - aclk rise@0.000ns)
  Data Path Delay:        3.812ns  (logic 0.117ns (3.069%)  route 3.695ns (96.931%))
  Logic Levels:           1  (LUT5=1)
  Clock Path Skew:        -0.008ns (DCD - SCD + CPR)
    Destination Clock Delay (DCD):    0.020ns = ( 4.020 - 4.000 ) 
    Source Clock Delay      (SCD):    0.028ns
    Clock Pessimism Removal (CPR):    0.000ns
  Clock Uncertainty:      0.035ns  ((TSJ^2 + TIJ^2)^1/2 + DJ) / 2 + PE
    Total System Jitter     (TSJ):    0.071ns
    Total Input Jitter      (TIJ):    0.000ns
    Discrete Jitter          (DJ):    0.000ns
    Phase Error              (PE):    0.000ns
  Inter-SLR Compensation: 0.003ns  (DCD * PF)
    Destination Clock Delay (DCD):    0.020ns
    Prorating Factor         (PF):    0.150

    Location             Delay type                Incr(ns)  Path(ns)    PBlock               Netlist Resource(s)
  -------------------------------------------------------------------    ----------------------------------------
                         (clock aclk rise edge)       0.000     0.000 r                       
                                                      0.000     0.000 r                       aclk (IN)
                         net (fo=94736, unset)        0.028     0.028                         aclk
    SLICE_X46Y281        FDRE                                         r  pb_layer0            g_dnpipeN.g_grp[0].rq_p_reg[1][1848]/C
  -------------------------------------------------------------------    ----------------------------------------
    SLICE_X46Y281        FDRE (Prop_CFF2_SLICEL_C_Q)
                                                      0.080     0.108 r  pb_layer0            g_dnpipeN.g_grp[0].rq_p_reg[1][1848]/Q
                         net (fo=1, estimated)        3.241     3.349                         u_dn/g_dnpipeN.dn_rdq_reg[2047]_1[1848]
    SLR Crossing[0->1]   
    SLICE_X60Y572        LUT5 (Prop_F6LUT_SLICEM_I4_O)
                                                      0.037     3.386 r  pb_layer0            u_dn/p_1_out__37__0_i_8/O
                         net (fo=3, estimated)        0.454     3.840                         u_dn_n_1207
    SLICE_X58Y591        FDRE                                         r  pb_layer0            g_dnpipeN.dn_rdq_reg[1848]/D
  -------------------------------------------------------------------    ----------------------------------------

                         (clock aclk rise edge)       4.000     4.000 r                       
                                                      0.000     4.000 r                       aclk (IN)
                         net (fo=94736, unset)        0.020     4.020                         aclk
    SLICE_X58Y591        FDRE                                         r  pb_layer0            g_dnpipeN.dn_rdq_reg[1848]/C
                         clock pessimism              0.000     4.020                           
                         inter-SLR compensation      -0.003     4.017                           
                         clock uncertainty           -0.035     3.982                           
    SLICE_X58Y591        FDRE (Setup_EFF2_SLICEL_C_D)
                                                      0.025     4.007    pb_layer0              g_dnpipeN.dn_rdq_reg[1848]
  -------------------------------------------------------------------
                         required time                          4.007                           
                         arrival time                          -3.840                           
  -------------------------------------------------------------------
                         slack                                  0.167                           

Slack (MET) :             0.167ns  (required time - arrival time)
  Source:                 g_dnpipeN.g_grp[0].rq_p_reg[1][1848]/C
                            (rising edge-triggered cell FDRE clocked by aclk  {rise@0.000ns fall@2.000ns period=4.000ns})
  Destination:            g_dnpipeN.dn_rdq_reg[1848]/D
                            (rising edge-triggered cell FDRE clocked by aclk  {rise@0.000ns fall@2.000ns period=4.000ns})
  Path Group:             aclk
  Path Type:              Setup (Max at Slow Process Corner)
  Requirement:            4.000ns  (aclk rise@4.000ns - aclk rise@0.000ns)
  Data Path Delay:        3.812ns  (logic 0.117ns (3.069%)  route 3.695ns (96.931%))
  Logic Levels:           1  (LUT5=1)
  Clock Path Skew:        -0.008ns (DCD - SCD + CPR)
    Destination Clock Delay (DCD):    0.020ns = ( 4.020 - 4.000 ) 
    Source Clock Delay      (SCD):    0.028ns
    Clock Pessimism Removal (CPR):    0.000ns
  Clock Uncertainty:      0.035ns  ((TSJ^2 + TIJ^2)^1/2 + DJ) / 2 + PE
    Total System Jitter     (TSJ):    0.071ns
    Total Input Jitter      (TIJ):    0.000ns
    Discrete Jitter          (DJ):    0.000ns
    Phase Error              (PE):    0.000ns
  Inter-SLR Compensation: 0.003ns  (DCD * PF)
    Destination Clock Delay (DCD):    0.020ns
    Prorating Factor         (PF):    0.150

    Location             Delay type                Incr(ns)  Path(ns)    PBlock               Netlist Resource(s)
  -------------------------------------------------------------------    ----------------------------------------
                         (clock aclk rise edge)       0.000     0.000 r                       
                                                      0.000     0.000 r                       aclk (IN)
                         net (fo=94736, unset)        0.028     0.028                         aclk
    SLICE_X46Y281        FDRE                                         r  pb_layer0            g_dnpipeN.g_grp[0].rq_p_reg[1][1848]/C
  -------------------------------------------------------------------    ----------------------------------------
    SLICE_X46Y281        FDRE (Prop_CFF2_SLICEL_C_Q)
                                                      0.080     0.108 f  pb_layer0            g_dnpipeN.g_grp[0].rq_p_reg[1][1848]/Q
                         net (fo=1, estimated)        3.241     3.349                         u_dn/g_dnpipeN.dn_rdq_reg[2047]_1[1848]
    SLR Crossing[0->1]   
    SLICE_X60Y572        LUT5 (Prop_F6LUT_SLICEM_I4_O)
                                                      0.037     3.386 f  pb_layer0            u_dn/p_1_out__37__0_i_8/O
                         net (fo=3, estimated)        0.454     3.840                         u_dn_n_1207
    SLICE_X58Y591        FDRE                                         f  pb_layer0            g_dnpipeN.dn_rdq_reg[1848]/D
  -------------------------------------------------------------------    ----------------------------------------

                         (clock aclk rise edge)       4.000     4.000 r                       
                                                      0.000     4.000 r                       aclk (IN)
                         net (fo=94736, unset)        0.020     4.020                         aclk
    SLICE_X58Y591        FDRE                                         r  pb_layer0            g_dnpipeN.dn_rdq_reg[1848]/C
                         clock pessimism              0.000     4.020                           
                         inter-SLR compensation      -0.003     4.017                           
                         clock uncertainty           -0.035     3.982                           
    SLICE_X58Y591        FDRE (Setup_EFF2_SLICEL_C_D)
                                                      0.025     4.007    pb_layer0              g_dnpipeN.dn_rdq_reg[1848]
  -------------------------------------------------------------------
                         required time                          4.007                           
                         arrival time                          -3.840                           
  -------------------------------------------------------------------
                         slack                                  0.167                           

Slack (MET) :             0.191ns  (required time - arrival time)
  Source:                 g_dnpipeN.g_grp[0].rq_p_reg[1][1841]/C
                            (rising edge-triggered cell FDRE clocked by aclk  {rise@0.000ns fall@2.000ns period=4.000ns})
  Destination:            g_dnpipeN.dn_rdq_reg[1841]/D
                            (rising edge-triggered cell FDRE clocked by aclk  {rise@0.000ns fall@2.000ns period=4.000ns})
  Path Group:             aclk
  Path Type:              Setup (Max at Slow Process Corner)
  Requirement:            4.000ns  (aclk rise@4.000ns - aclk rise@0.000ns)
  Data Path Delay:        3.788ns  (logic 0.119ns (3.141%)  route 3.669ns (96.858%))
  Logic Levels:           1  (LUT5=1)
  Clock Path Skew:        -0.008ns (DCD - SCD + CPR)
    Destination Clock Delay (DCD):    0.020ns = ( 4.020 - 4.000 ) 
    Source Clock Delay      (SCD):    0.028ns
    Clock Pessimism Removal (CPR):    0.000ns
  Clock Uncertainty:      0.035ns  ((TSJ^2 + TIJ^2)^1/2 + DJ) / 2 + PE
    Total System Jitter     (TSJ):    0.071ns
    Total Input Jitter      (TIJ):    0.000ns
    Discrete Jitter          (DJ):    0.000ns
    Phase Error              (PE):    0.000ns
  Inter-SLR Compensation: 0.003ns  (DCD * PF)
    Destination Clock Delay (DCD):    0.020ns
    Prorating Factor         (PF):    0.150

    Location             Delay type                Incr(ns)  Path(ns)    PBlock               Netlist Resource(s)
  -------------------------------------------------------------------    ----------------------------------------
                         (clock aclk rise edge)       0.000     0.000 r                       
                                                      0.000     0.000 r                       aclk (IN)
                         net (fo=94736, unset)        0.028     0.028                         aclk
    SLICE_X46Y281        FDRE                                         r  pb_layer0            g_dnpipeN.g_grp[0].rq_p_reg[1][1841]/C
  -------------------------------------------------------------------    ----------------------------------------
    SLICE_X46Y281        FDRE (Prop_BFF2_SLICEL_C_Q)
                                                      0.080     0.108 r  pb_layer0            g_dnpipeN.g_grp[0].rq_p_reg[1][1841]/Q
                         net (fo=1, estimated)        3.150     3.258                         u_dn/g_dnpipeN.dn_rdq_reg[2047]_1[1841]
    SLR Crossing[0->1]   
    SLICE_X60Y572        LUT5 (Prop_H6LUT_SLICEM_I4_O)
                                                      0.039     3.297 r  pb_layer0            u_dn/p_1_out__37__0_i_15/O
                         net (fo=3, estimated)        0.519     3.816                         u_dn_n_1214
    SLICE_X57Y590        FDRE                                         r  pb_layer0            g_dnpipeN.dn_rdq_reg[1841]/D
  -------------------------------------------------------------------    ----------------------------------------

                         (clock aclk rise edge)       4.000     4.000 r                       
                                                      0.000     4.000 r                       aclk (IN)
                         net (fo=94736, unset)        0.020     4.020                         aclk
    SLICE_X57Y590        FDRE                                         r  pb_layer0            g_dnpipeN.dn_rdq_reg[1841]/C
                         clock pessimism              0.000     4.020                           
                         inter-SLR compensation      -0.003     4.017                           
                         clock uncertainty           -0.035     3.982                           
    SLICE_X57Y590        FDRE (Setup_EFF_SLICEL_C_D)
                                                      0.025     4.007    pb_layer0              g_dnpipeN.dn_rdq_reg[1841]
  -------------------------------------------------------------------
                         required time                          4.007                           
                         arrival time                          -3.816                           
  -------------------------------------------------------------------
                         slack                                  0.191                           

Slack (MET) :             0.191ns  (required time - arrival time)
  Source:                 g_dnpipeN.g_grp[0].rq_p_reg[1][1841]/C
                            (rising edge-triggered cell FDRE clocked by aclk  {rise@0.000ns fall@2.000ns period=4.000ns})
  Destination:            g_dnpipeN.dn_rdq_reg[1841]/D
                            (rising edge-triggered cell FDRE clocked by aclk  {rise@0.000ns fall@2.000ns period=4.000ns})
  Path Group:             aclk
  Path Type:              Setup (Max at Slow Process Corner)
  Requirement:            4.000ns  (aclk rise@4.000ns - aclk rise@0.000ns)
  Data Path Delay:        3.788ns  (logic 0.119ns (3.141%)  route 3.669ns (96.858%))
  Logic Levels:           1  (LUT5=1)
  Clock Path Skew:        -0.008ns (DCD - SCD + CPR)
    Destination Clock Delay (DCD):    0.020ns = ( 4.020 - 4.000 ) 
    Source Clock Delay      (SCD):    0.028ns
    Clock Pessimism Removal (CPR):    0.000ns
  Clock Uncertainty:      0.035ns  ((TSJ^2 + TIJ^2)^1/2 + DJ) / 2 + PE
    Total System Jitter     (TSJ):    0.071ns
    Total Input Jitter      (TIJ):    0.000ns
    Discrete Jitter          (DJ):    0.000ns
    Phase Error              (PE):    0.000ns
  Inter-SLR Compensation: 0.003ns  (DCD * PF)
    Destination Clock Delay (DCD):    0.020ns
    Prorating Factor         (PF):    0.150

    Location             Delay type                Incr(ns)  Path(ns)    PBlock               Netlist Resource(s)
  -------------------------------------------------------------------    ----------------------------------------
                         (clock aclk rise edge)       0.000     0.000 r                       
                                                      0.000     0.000 r                       aclk (IN)
                         net (fo=94736, unset)        0.028     0.028                         aclk
    SLICE_X46Y281        FDRE                                         r  pb_layer0            g_dnpipeN.g_grp[0].rq_p_reg[1][1841]/C
  -------------------------------------------------------------------    ----------------------------------------
    SLICE_X46Y281        FDRE (Prop_BFF2_SLICEL_C_Q)
                                                      0.080     0.108 f  pb_layer0            g_dnpipeN.g_grp[0].rq_p_reg[1][1841]/Q
                         net (fo=1, estimated)        3.150     3.258                         u_dn/g_dnpipeN.dn_rdq_reg[2047]_1[1841]
    SLR Crossing[0->1]   
    SLICE_X60Y572        LUT5 (Prop_H6LUT_SLICEM_I4_O)
                                                      0.039     3.297 f  pb_layer0            u_dn/p_1_out__37__0_i_15/O
                         net (fo=3, estimated)        0.519     3.816                         u_dn_n_1214
    SLICE_X57Y590        FDRE                                         f  pb_layer0            g_dnpipeN.dn_rdq_reg[1841]/D
  -------------------------------------------------------------------    ----------------------------------------

                         (clock aclk rise edge)       4.000     4.000 r                       
                                                      0.000     4.000 r                       aclk (IN)
                         net (fo=94736, unset)        0.020     4.020                         aclk
    SLICE_X57Y590        FDRE                                         r  pb_layer0            g_dnpipeN.dn_rdq_reg[1841]/C
                         clock pessimism              0.000     4.020                           
                         inter-SLR compensation      -0.003     4.017                           
                         clock uncertainty           -0.035     3.982                           
    SLICE_X57Y590        FDRE (Setup_EFF_SLICEL_C_D)
                                                      0.025     4.007    pb_layer0              g_dnpipeN.dn_rdq_reg[1841]
  -------------------------------------------------------------------
                         required time                          4.007                           
                         arrival time                          -3.816                           
  -------------------------------------------------------------------
                         slack                                  0.191                           

Slack (MET) :             0.210ns  (required time - arrival time)
  Source:                 g_dnpipeN.g_grp[0].rq_p_reg[1][1229]/C
                            (rising edge-triggered cell FDRE clocked by aclk  {rise@0.000ns fall@2.000ns period=4.000ns})
  Destination:            g_dnpipeN.dn_rdq_reg[1229]/D
                            (rising edge-triggered cell FDRE clocked by aclk  {rise@0.000ns fall@2.000ns period=4.000ns})
  Path Group:             aclk
  Path Type:              Setup (Max at Slow Process Corner)
  Requirement:            4.000ns  (aclk rise@4.000ns - aclk rise@0.000ns)
  Data Path Delay:        3.769ns  (logic 0.118ns (3.131%)  route 3.651ns (96.869%))
  Logic Levels:           1  (LUT5=1)
  Clock Path Skew:        -0.008ns (DCD - SCD + CPR)
    Destination Clock Delay (DCD):    0.020ns = ( 4.020 - 4.000 ) 
    Source Clock Delay      (SCD):    0.028ns
    Clock Pessimism Removal (CPR):    0.000ns
  Clock Uncertainty:      0.035ns  ((TSJ^2 + TIJ^2)^1/2 + DJ) / 2 + PE
    Total System Jitter     (TSJ):    0.071ns
    Total Input Jitter      (TIJ):    0.000ns
    Discrete Jitter          (DJ):    0.000ns
    Phase Error              (PE):    0.000ns
  Inter-SLR Compensation: 0.003ns  (DCD * PF)
    Destination Clock Delay (DCD):    0.020ns
    Prorating Factor         (PF):    0.150

    Location             Delay type                Incr(ns)  Path(ns)    PBlock               Netlist Resource(s)
  -------------------------------------------------------------------    ----------------------------------------
                         (clock aclk rise edge)       0.000     0.000 r                       
                                                      0.000     0.000 r                       aclk (IN)
                         net (fo=94736, unset)        0.028     0.028                         aclk
    SLICE_X118Y293       FDRE                                         r  pb_layer0            g_dnpipeN.g_grp[0].rq_p_reg[1][1229]/C
  -------------------------------------------------------------------    ----------------------------------------
    SLICE_X118Y293       FDRE (Prop_BFF_SLICEL_C_Q)
                                                      0.079     0.107 r  pb_layer0            g_dnpipeN.g_grp[0].rq_p_reg[1][1229]/Q
                         net (fo=1, estimated)        2.861     2.968                         u_dn/g_dnpipeN.dn_rdq_reg[2047]_1[1229]
    SLR Crossing[0->1]   
    SLICE_X110Y514       LUT5 (Prop_H6LUT_SLICEM_I4_O)
                                                      0.039     3.007 r  pb_layer0            u_dn/p_1_out__21__6_i_3/O
                         net (fo=3, estimated)        0.790     3.797                         u_dn_n_1522
    SLICE_X106Y568       FDRE                                         r  pb_layer0            g_dnpipeN.dn_rdq_reg[1229]/D
  -------------------------------------------------------------------    ----------------------------------------

                         (clock aclk rise edge)       4.000     4.000 r                       
                                                      0.000     4.000 r                       aclk (IN)
                         net (fo=94736, unset)        0.020     4.020                         aclk
    SLICE_X106Y568       FDRE                                         r  pb_layer0            g_dnpipeN.dn_rdq_reg[1229]/C
                         clock pessimism              0.000     4.020                           
                         inter-SLR compensation      -0.003     4.017                           
                         clock uncertainty           -0.035     3.982                           
    SLICE_X106Y568       FDRE (Setup_FFF_SLICEL_C_D)
                                                      0.025     4.007    pb_layer0              g_dnpipeN.dn_rdq_reg[1229]
  -------------------------------------------------------------------
                         required time                          4.007                           
                         arrival time                          -3.797                           
  -------------------------------------------------------------------
                         slack                                  0.210                           

Slack (MET) :             0.210ns  (required time - arrival time)
  Source:                 g_dnpipeN.g_grp[0].rq_p_reg[1][1229]/C
                            (rising edge-triggered cell FDRE clocked by aclk  {rise@0.000ns fall@2.000ns period=4.000ns})
  Destination:            g_dnpipeN.dn_rdq_reg[1229]/D
                            (rising edge-triggered cell FDRE clocked by aclk  {rise@0.000ns fall@2.000ns period=4.000ns})
  Path Group:             aclk
  Path Type:              Setup (Max at Slow Process Corner)
  Requirement:            4.000ns  (aclk rise@4.000ns - aclk rise@0.000ns)
  Data Path Delay:        3.769ns  (logic 0.118ns (3.131%)  route 3.651ns (96.869%))
  Logic Levels:           1  (LUT5=1)
  Clock Path Skew:        -0.008ns (DCD - SCD + CPR)
    Destination Clock Delay (DCD):    0.020ns = ( 4.020 - 4.000 ) 
    Source Clock Delay      (SCD):    0.028ns
    Clock Pessimism Removal (CPR):    0.000ns
  Clock Uncertainty:      0.035ns  ((TSJ^2 + TIJ^2)^1/2 + DJ) / 2 + PE
    Total System Jitter     (TSJ):    0.071ns
    Total Input Jitter      (TIJ):    0.000ns
    Discrete Jitter          (DJ):    0.000ns
    Phase Error              (PE):    0.000ns
  Inter-SLR Compensation: 0.003ns  (DCD * PF)
    Destination Clock Delay (DCD):    0.020ns
    Prorating Factor         (PF):    0.150

    Location             Delay type                Incr(ns)  Path(ns)    PBlock               Netlist Resource(s)
  -------------------------------------------------------------------    ----------------------------------------
                         (clock aclk rise edge)       0.000     0.000 r                       
                                                      0.000     0.000 r                       aclk (IN)
                         net (fo=94736, unset)        0.028     0.028                         aclk
    SLICE_X118Y293       FDRE                                         r  pb_layer0            g_dnpipeN.g_grp[0].rq_p_reg[1][1229]/C
  -------------------------------------------------------------------    ----------------------------------------
    SLICE_X118Y293       FDRE (Prop_BFF_SLICEL_C_Q)
                                                      0.079     0.107 f  pb_layer0            g_dnpipeN.g_grp[0].rq_p_reg[1][1229]/Q
                         net (fo=1, estimated)        2.861     2.968                         u_dn/g_dnpipeN.dn_rdq_reg[2047]_1[1229]
    SLR Crossing[0->1]   
    SLICE_X110Y514       LUT5 (Prop_H6LUT_SLICEM_I4_O)
                                                      0.039     3.007 f  pb_layer0            u_dn/p_1_out__21__6_i_3/O
                         net (fo=3, estimated)        0.790     3.797                         u_dn_n_1522
    SLICE_X106Y568       FDRE                                         f  pb_layer0            g_dnpipeN.dn_rdq_reg[1229]/D
  -------------------------------------------------------------------    ----------------------------------------

                         (clock aclk rise edge)       4.000     4.000 r                       
                                                      0.000     4.000 r                       aclk (IN)
                         net (fo=94736, unset)        0.020     4.020                         aclk
    SLICE_X106Y568       FDRE                                         r  pb_layer0            g_dnpipeN.dn_rdq_reg[1229]/C
                         clock pessimism              0.000     4.020                           
                         inter-SLR compensation      -0.003     4.017                           
                         clock uncertainty           -0.035     3.982                           
    SLICE_X106Y568       FDRE (Setup_FFF_SLICEL_C_D)
                                                      0.025     4.007    pb_layer0              g_dnpipeN.dn_rdq_reg[1229]
  -------------------------------------------------------------------
                         required time                          4.007                           
                         arrival time                          -3.797                           
  -------------------------------------------------------------------
                         slack                                  0.210                           




