Copyright 1986-2022 Xilinx, Inc. All Rights Reserved. Copyright 2022-2024 Advanced Micro Devices, Inc. All Rights Reserved.
---------------------------------------------------------------------------------------------------------------------------------------------
| Tool Version : Vivado v.2024.2 (lin64) Build 5239630 Fri Nov 08 22:34:34 MST 2024
| Date         : Thu Sep  3 21:25:23 2026
| Host         : snoke running 64-bit Ubuntu 24.04.4 LTS
| Command      : report_utilization -slr -file /home/cah/r2d2/code/fpga/fable5_llm/synth/out_exp_uram_g5_v4a/reports/util_placed_slr.rpt
| Design       : layer_chan
| Device       : xcvu9p-fsgd2104-2L-e
| Speed File   : -2L
| Design State : Fully Placed
---------------------------------------------------------------------------------------------------------------------------------------------

Utilization Design Information

Table of Contents
-----------------
1. SLR Connectivity
2. SLR Connectivity Matrix
3. SLR CLB Logic and Dedicated Block Utilization
4. SLR IO Utilization

1. SLR Connectivity
-------------------

+----------------------------------+-------+-------+-----------+-------+
|                                  |  Used | Fixed | Available | Util% |
+----------------------------------+-------+-------+-----------+-------+
| SLR2 <-> SLR1                    |  5258 |       |     17280 | 30.43 |
|   SLR1 -> SLR2                   |  2894 |       |           | 16.75 |
|     Using TX_REG only            |     0 |     0 |           |       |
|     Using RX_REG only            |     0 |     0 |           |       |
|     Using Both TX_REG and RX_REG |     0 |     0 |           |       |
|   SLR2 -> SLR1                   |  2364 |       |           | 13.68 |
|     Using TX_REG only            |     0 |     0 |           |       |
|     Using RX_REG only            |     0 |     0 |           |       |
|     Using Both TX_REG and RX_REG |     0 |     0 |           |       |
| SLR1 <-> SLR0                    |  5878 |       |     17280 | 34.02 |
|   SLR0 -> SLR1                   |  3407 |       |           | 19.72 |
|     Using TX_REG only            |     0 |     0 |           |       |
|     Using RX_REG only            |     0 |     0 |           |       |
|     Using Both TX_REG and RX_REG |     0 |     0 |           |       |
|   SLR1 -> SLR0                   |  2471 |       |           | 14.30 |
|     Using TX_REG only            |     0 |     0 |           |       |
|     Using RX_REG only            |     0 |     0 |           |       |
|     Using Both TX_REG and RX_REG |     0 |     0 |           |       |
+----------------------------------+-------+-------+-----------+-------+
| Total SLLs Used                  | 11136 |       |           |       |
+----------------------------------+-------+-------+-----------+-------+


2. SLR Connectivity Matrix
--------------------------

+-----------+------+------+------+
| FROM \ TO | SLR2 | SLR1 | SLR0 |
+-----------+------+------+------+
| SLR2      |    0 | 2364 |    0 |
| SLR1      | 2886 |    0 | 2471 |
| SLR0      |    8 | 3399 |    0 |
+-----------+------+------+------+


3. SLR CLB Logic and Dedicated Block Utilization
------------------------------------------------

+----------------------------+------+-------+-------+--------+--------+--------+
|          Site Type         | SLR0 |  SLR1 |  SLR2 | SLR0 % | SLR1 % | SLR2 % |
+----------------------------+------+-------+-------+--------+--------+--------+
| CLB                        | 3426 | 19493 |  3084 |   6.95 |  39.57 |   6.26 |
|   CLBL                     | 1915 |  9594 |  1703 |   7.78 |  39.00 |   6.92 |
|   CLBM                     | 1511 |  9899 |  1381 |   6.13 |  40.14 |   5.60 |
| CLB LUTs                   | 9525 | 84085 | 14311 |   2.42 |  21.34 |   3.63 |
|   LUT as Logic             | 9525 | 83472 | 14311 |   2.42 |  21.18 |   3.63 |
|     using O5 output only   |    1 |  2799 |     0 |  <0.01 |   0.71 |   0.00 |
|     using O6 output only   | 9252 | 65897 | 13368 |   2.35 |  16.72 |   3.39 |
|     using O5 and O6        |  272 | 14776 |   943 |   0.07 |   3.75 |   0.24 |
|   LUT as Memory            |    0 |   613 |     0 |   0.00 |   0.31 |   0.00 |
|     LUT as Distributed RAM |    0 |   590 |     0 |   0.00 |   0.30 |   0.00 |
|       using O6 output only |    0 |   536 |     0 |   0.00 |   0.27 |   0.00 |
|       using O5 and O6      |    0 |    54 |     0 |   0.00 |   0.03 |   0.00 |
|     LUT as Shift Register  |    0 |    23 |     0 |   0.00 |   0.01 |   0.00 |
|       using O6 output only |    0 |     7 |     0 |   0.00 |  <0.01 |   0.00 |
|       using O5 and O6      |    0 |    16 |     0 |   0.00 |  <0.01 |   0.00 |
| CLB Registers              | 9401 | 58716 | 12112 |   1.19 |   7.45 |   1.54 |
| CARRY8                     |  241 |  6760 |   833 |   0.49 |  13.72 |   1.69 |
| F7 Muxes                   | 2922 |  5057 |  2880 |   1.48 |   2.57 |   1.46 |
| F8 Muxes                   |   32 |   801 |   128 |   0.03 |   0.81 |   0.13 |
| F9 Muxes                   |    0 |    32 |     0 |   0.00 |   0.06 |   0.00 |
| Block RAM Tile             |  192 |   498 |     0 |  26.67 |  69.17 |   0.00 |
|   RAMB36/FIFO              |  192 |   482 |     0 |  26.67 |  66.94 |   0.00 |
|   RAMB18                   |    0 |    32 |     0 |   0.00 |   2.22 |   0.00 |
| URAM                       |  320 |   312 |   296 | 100.00 |  97.50 |  92.50 |
| DSPs                       |   64 |  1624 |   148 |   2.81 |  71.23 |   6.49 |
| Unique Control Sets        |  108 |   942 |    22 |   0.11 |   0.96 |   0.02 |
+----------------------------+------+-------+-------+--------+--------+--------+
* Note: Available Control Sets based on CLB Registers / 8


4. SLR IO Utilization
---------------------

+-----------+-----------+---------+------------+----------+------------+----------+-----+
| SLR Index | Used IOBs | (%)IOBs | Used IPADs | (%)IPADs | Used OPADs | (%)OPADs | GTs |
+-----------+-----------+---------+------------+----------+------------+----------+-----+
| SLR2      |         0 |    0.00 |          0 |     0.00 |          0 |     0.00 |   0 |
| SLR1      |         0 |    0.00 |          0 |     0.00 |          0 |     0.00 |   0 |
| SLR0      |         0 |    0.00 |          0 |     0.00 |          0 |     0.00 |   0 |
+-----------+-----------+---------+------------+----------+------------+----------+-----+
| Total     |         0 |         |          0 |          |          0 |          |   0 |
+-----------+-----------+---------+------------+----------+------------+----------+-----+


