=== family_run for g5_v3, re-derived from /home/cah/r2d2/code/fpga/fable5_llm/synth/out_exp_uram_g5_v3/post_place.dcp
=== host: darthplagueis
=== date: 2026-09-04T00:16:35-06:00
=== tree: 221326c+dirty
=== dcp:  2026-09-03 21:42:40.630838696 -0600 129844722 bytes
=== ---
FAM_DCP: /home/cah/r2d2/code/fpga/fable5_llm/synth/out_exp_uram_g5_v3/post_place.dcp
FAM_TABLE family endpoints worst_slack levels datapath logic route route_pct startSLR endSLR
FAM_ROW DN_URAM_WRITE      720   -0.208   1   3.797   0.166   3.631   95.6 SLR1  SLR1 
FAM_PATH DN_URAM_WRITE g_dnpipeN.g_grp[14].bs_p_reg[1][1]/C -> g_dnpipeN.g_grp[14].g_dn[0].mem_reg_uram_6/BWE_B[3]
FAM_ROW KV_URAM_WRITE      240   -1.216   1   4.796   0.179   4.617   96.3 SLR1  SLR0 
FAM_PATH KV_URAM_WRITE kv_we_reg/C -> g_kv[6].mem_reg_uram_4/BWE_B[3]
FAM_ROW KV_EXP_MEM           8    1.894   0   1.776   0.076   1.700   95.7 SLR1  SLR1 
FAM_PATH KV_EXP_MEM u_attn/kv_addr_reg[6]/C -> g_kv[3].emem_reg_bram_0/ADDRBWRADDR[9]
FAM_ROW CONV_BRAM         4223   -1.170   4   5.042   0.250   4.792   95.0 SLR1  SLR2 
FAM_PATH CONV_BRAM st_reg[1]/C -> g_cv[22].sm_reg_bram_7/CASDOMUXEN_B
FAM_ROW ATTN_DSP         85821   -1.442   2   5.254   0.150   5.104   97.1 SLR0  SLR2 
FAM_PATH ATTN_DSP u_attn/qwaddr_q_reg[1]_replica/C -> u_attn/g_lane[227].prod_reg[227]/DSP_A_B_DATA_INST/CEA2
FAM_ROW DN_MUX_OREG       2048   -0.842   3   4.819   0.333   4.486   93.1 SLR0  SLR1 
FAM_PATH DN_MUX_OREG g_dnpipeN.g_grp[3].rq_p_reg[1][1281]/C -> g_dnpipeN.dn_rdq_reg[1281]/D
FAM_ROW DN_GRP_RETURN    98304    0.572   0   3.356   1.202   2.154   64.2 SLR2  SLR2 
FAM_PATH DN_GRP_RETURN g_dnpipeN.g_grp[21].g_dn[0].mem_reg_uram_11/CLK -> g_dnpipeN.g_grp[21].g_lmux1.rq_p_reg[0][829]/D
FAM_HIST family count worst_slack   (over the 200 worst setup paths)
FAM_HIST_ROW ATTN_DSP          77   -1.442
FAM_HIST_ROW CONV_BRAM          4   -1.170
FAM_HIST_ROW KV_URAM_WRITE    109   -1.216
FAM_HIST_ROW OTHER             10   -1.200
FAM_DONE
