Copyright 1986-2022 Xilinx, Inc. All Rights Reserved. Copyright 2022-2024 Advanced Micro Devices, Inc. All Rights Reserved.
---------------------------------------------------------------------------------------------------------------------------------------------------
| Tool Version      : Vivado v.2024.2 (lin64) Build 5239630 Fri Nov 08 22:34:34 MST 2024
| Date              : Fri Sep  4 01:15:39 2026
| Host              : snoke running 64-bit Ubuntu 24.04.4 LTS
| Command           : report_timing_summary -file /home/cah/r2d2/code/fpga/fable5_llm/synth/out_exp_uram_g5_v5cr/reports/timing_summary_placed.rpt
| Design            : layer_chan
| Device            : xcvu9p-fsgd2104
| Speed File        : -2L  PRODUCTION 1.28 03-30-2022
| Design State      : Fully Placed
| Temperature Grade : E
---------------------------------------------------------------------------------------------------------------------------------------------------

Timing Summary Report

------------------------------------------------------------------------------------------------
| Timer Settings
| --------------
------------------------------------------------------------------------------------------------

  Enable Multi Corner Analysis               :  Yes
  Enable Pessimism Removal                   :  Yes
  Pessimism Removal Resolution               :  Nearest Common Node
  Enable Input Delay Default Clock           :  No
  Enable Preset / Clear Arcs                 :  No
  Disable Flight Delays                      :  No
  Ignore I/O Paths                           :  No
  Timing Early Launch at Borrowing Latches   :  No
  Borrow Time for Max Delay Exceptions       :  Yes
  Merge Timing Exceptions                    :  Yes
  Inter-SLR Compensation                     :  Conservative

  Corner  Analyze    Analyze    
  Name    Max Paths  Min Paths  
  ------  ---------  ---------  
  Slow    Yes        Yes        
  Fast    Yes        Yes        


------------------------------------------------------------------------------------------------
| Report Methodology
| ------------------
------------------------------------------------------------------------------------------------

No report available as report_methodology has not been run prior. Run report_methodology on the current design for the summary of methodology violations.



check_timing report

Table of Contents
-----------------
1. checking no_clock (0)
2. checking constant_clock (0)
3. checking pulse_width_clock (0)
4. checking unconstrained_internal_endpoints (0)
5. checking no_input_delay (131)
6. checking no_output_delay (63)
7. checking multiple_clock (0)
8. checking generated_clocks (0)
9. checking loops (0)
10. checking partial_input_delay (0)
11. checking partial_output_delay (0)
12. checking latch_loops (0)

1. checking no_clock (0)
------------------------
 There are 0 register/latch pins with no clock.


2. checking constant_clock (0)
------------------------------
 There are 0 register/latch pins with constant_clock.


3. checking pulse_width_clock (0)
---------------------------------
 There are 0 register/latch pins which need pulse_width check


4. checking unconstrained_internal_endpoints (0)
------------------------------------------------
 There are 0 pins that are not constrained for maximum delay.

 There are 0 pins that are not constrained for maximum delay due to constant clock.


5. checking no_input_delay (131)
--------------------------------
 There are 131 input ports with no input delay specified. (HIGH)

 There are 0 input ports with no input delay but user has a false path constraint.


6. checking no_output_delay (63)
--------------------------------
 There are 63 ports with no output delay specified. (HIGH)

 There are 0 ports with no output delay but user has a false path constraint

 There are 0 ports with no output delay but with a timing clock defined on it or propagating through it


7. checking multiple_clock (0)
------------------------------
 There are 0 register/latch pins with multiple clocks.


8. checking generated_clocks (0)
--------------------------------
 There are 0 generated clocks that are not connected to a clock source.


9. checking loops (0)
---------------------
 There are 0 combinational loops in the design.


10. checking partial_input_delay (0)
------------------------------------
 There are 0 input ports with partial input delay specified.


11. checking partial_output_delay (0)
-------------------------------------
 There are 0 ports with partial output delay specified.


12. checking latch_loops (0)
----------------------------
 There are 0 combinational latch loops in the design through latch input



------------------------------------------------------------------------------------------------
| Design Timing Summary
| ---------------------
------------------------------------------------------------------------------------------------

    WNS(ns)      TNS(ns)  TNS Failing Endpoints  TNS Total Endpoints      WHS(ns)      THS(ns)  THS Failing Endpoints  THS Total Endpoints     WPWS(ns)     TPWS(ns)  TPWS Failing Endpoints  TPWS Total Endpoints  
    -------      -------  ---------------------  -------------------      -------      -------  ---------------------  -------------------     --------     --------  ----------------------  --------------------  
     -0.720    -1456.269                   6000               452422        0.006        0.000                      0               452422        1.300        0.000                       0                 85887  


Timing constraints are not met.


------------------------------------------------------------------------------------------------
| Clock Summary
| -------------
------------------------------------------------------------------------------------------------

Clock  Waveform(ns)         Period(ns)      Frequency(MHz)
-----  ------------         ----------      --------------
aclk   {0.000 2.000}        4.000           250.000         


------------------------------------------------------------------------------------------------
| Intra Clock Table
| -----------------
------------------------------------------------------------------------------------------------

Clock             WNS(ns)      TNS(ns)  TNS Failing Endpoints  TNS Total Endpoints      WHS(ns)      THS(ns)  THS Failing Endpoints  THS Total Endpoints     WPWS(ns)     TPWS(ns)  TPWS Failing Endpoints  TPWS Total Endpoints  
-----             -------      -------  ---------------------  -------------------      -------      -------  ---------------------  -------------------     --------     --------  ----------------------  --------------------  
aclk               -0.720    -1456.269                   6000               452422        0.006        0.000                      0               452422        1.300        0.000                       0                 85887  


------------------------------------------------------------------------------------------------
| Inter Clock Table
| -----------------
------------------------------------------------------------------------------------------------

From Clock    To Clock          WNS(ns)      TNS(ns)  TNS Failing Endpoints  TNS Total Endpoints      WHS(ns)      THS(ns)  THS Failing Endpoints  THS Total Endpoints  
----------    --------          -------      -------  ---------------------  -------------------      -------      -------  ---------------------  -------------------  


------------------------------------------------------------------------------------------------
| Other Path Groups Table
| -----------------------
------------------------------------------------------------------------------------------------

Path Group    From Clock    To Clock          WNS(ns)      TNS(ns)  TNS Failing Endpoints  TNS Total Endpoints      WHS(ns)      THS(ns)  THS Failing Endpoints  THS Total Endpoints  
----------    ----------    --------          -------      -------  ---------------------  -------------------      -------      -------  ---------------------  -------------------  


------------------------------------------------------------------------------------------------
| Timing Details
| --------------
------------------------------------------------------------------------------------------------


---------------------------------------------------------------------------------------------------
From Clock:  aclk
  To Clock:  aclk

Setup :         6000  Failing Endpoints,  Worst Slack       -0.720ns,  Total Violation    -1456.269ns
Hold  :            0  Failing Endpoints,  Worst Slack        0.006ns,  Total Violation        0.000ns
PW    :            0  Failing Endpoints,  Worst Slack        1.300ns,  Total Violation        0.000ns
---------------------------------------------------------------------------------------------------


Max Delay Paths
--------------------------------------------------------------------------------------
Slack (VIOLATED) :        -0.720ns  (required time - arrival time)
  Source:                 g_dnpipeN.g_grp[1].g_dn[6].mem_reg_uram_28/CLK
                            (rising edge-triggered cell URAM288 clocked by aclk  {rise@0.000ns fall@2.000ns period=4.000ns})
  Destination:            g_dnpipeN.g_grp[1].g_lmux.rq_p_reg[0][2034]/D
                            (rising edge-triggered cell FDRE clocked by aclk  {rise@0.000ns fall@2.000ns period=4.000ns})
  Path Group:             aclk
  Path Type:              Setup (Max at Slow Process Corner)
  Requirement:            4.000ns  (aclk rise@4.000ns - aclk rise@0.000ns)
  Data Path Delay:        4.644ns  (logic 1.447ns (31.158%)  route 3.197ns (68.842%))
  Logic Levels:           2  (LUT6=1 MUXF7=1)
  Clock Path Skew:        -0.062ns (DCD - SCD + CPR)
    Destination Clock Delay (DCD):    0.021ns = ( 4.021 - 4.000 ) 
    Source Clock Delay      (SCD):    0.083ns
    Clock Pessimism Removal (CPR):    0.000ns
  Clock Uncertainty:      0.035ns  ((TSJ^2 + TIJ^2)^1/2 + DJ) / 2 + PE
    Total System Jitter     (TSJ):    0.071ns
    Total Input Jitter      (TIJ):    0.000ns
    Discrete Jitter          (DJ):    0.000ns
    Phase Error              (PE):    0.000ns
  Inter-SLR Compensation: 0.003ns  (DCD * PF)
    Destination Clock Delay (DCD):    0.021ns
    Prorating Factor         (PF):    0.150

    Location             Delay type                Incr(ns)  Path(ns)    PBlock               Netlist Resource(s)
  -------------------------------------------------------------------    ----------------------------------------
                         (clock aclk rise edge)       0.000     0.000 r                       
                                                      0.000     0.000 r                       aclk (IN)
                         net (fo=94796, unset)        0.083     0.083                         aclk
    URAM288_X0Y166       URAM288                                      r  pb_dn_grp1_slr2      g_dnpipeN.g_grp[1].g_dn[6].mem_reg_uram_28/CLK
  -------------------------------------------------------------------    ----------------------------------------
    URAM288_X0Y166       URAM288 (Prop_URAM_288K_INST_URAM288_CLK_DOUT_A[18])
                                                      1.256     1.339 r  pb_dn_grp1_slr2      g_dnpipeN.g_grp[1].g_dn[6].mem_reg_uram_28/DOUT_A[18]
                         net (fo=1, estimated)        3.144     4.483                         g_dnpipeN.g_grp[1].g_dn[6].mem_reg_uram_28_n_403
    SLR Crossing[2->1]   
    SLICE_X81Y417        LUT6 (Prop_C6LUT_SLICEM_I1_O)
                                                      0.123     4.606 r  pb_kv/pb_dn_grp1_slr1/pb_dn_grp1_fanout
                                                                                              g_dnpipeN.g_grp[1].g_lmux.rq_p[0][2034]_i_3/O
                         net (fo=1, routed)           0.021     4.627                         g_dnpipeN.g_grp[1].g_lmux.rq_p[0][2034]_i_3_n_0
    SLICE_X81Y417        MUXF7 (Prop_F7MUX_CD_SLICEM_I1_O)
                                                      0.068     4.695 r  pb_kv/pb_dn_grp1_slr1/pb_dn_grp1_fanout
                                                                                              g_dnpipeN.g_grp[1].g_lmux.rq_p_reg[0][2034]_i_1/O
                         net (fo=1, routed)           0.032     4.727                         g_dnpipeN.g_grp[1].rdq_l[2034]
    SLICE_X81Y417        FDRE                                         r  pb_kv/pb_dn_grp1_slr1/pb_dn_grp1_fanout
                                                                                              g_dnpipeN.g_grp[1].g_lmux.rq_p_reg[0][2034]/D
  -------------------------------------------------------------------    ----------------------------------------

                         (clock aclk rise edge)       4.000     4.000 r                       
                                                      0.000     4.000 r                       aclk (IN)
                         net (fo=94796, unset)        0.021     4.021                         aclk
    SLICE_X81Y417        FDRE                                         r  pb_kv/pb_dn_grp1_slr1/pb_dn_grp1_fanout
                                                                                              g_dnpipeN.g_grp[1].g_lmux.rq_p_reg[0][2034]/C
                         clock pessimism              0.000     4.021                           
                         inter-SLR compensation      -0.003     4.018                           
                         clock uncertainty           -0.035     3.982                           
    SLICE_X81Y417        FDRE (Setup_DFF_SLICEM_C_D)
                                                      0.025     4.007    pb_kv/pb_dn_grp1_slr1/pb_dn_grp1_fanout
                                                                                                g_dnpipeN.g_grp[1].g_lmux.rq_p_reg[0][2034]
  -------------------------------------------------------------------
                         required time                          4.007                           
                         arrival time                          -4.727                           
  -------------------------------------------------------------------
                         slack                                 -0.720                           





Min Delay Paths
--------------------------------------------------------------------------------------
Slack (MET) :             0.006ns  (arrival time - required time)
  Source:                 u_vn/wdl_reg[0][15]__0/C
                            (rising edge-triggered cell FDRE clocked by aclk  {rise@0.000ns fall@2.000ns period=4.000ns})
  Destination:            u_vn/wdl_reg[4][15]_srl4/D
                            (rising edge-triggered cell SRL16E clocked by aclk  {rise@0.000ns fall@2.000ns period=4.000ns})
  Path Group:             aclk
  Path Type:              Hold (Min at Fast Process Corner)
  Requirement:            0.000ns  (aclk rise@0.000ns - aclk rise@0.000ns)
  Data Path Delay:        0.094ns  (logic 0.037ns (39.362%)  route 0.057ns (60.638%))
  Logic Levels:           0  
  Clock Path Skew:        0.026ns (DCD - SCD - CPR)
    Destination Clock Delay (DCD):    0.039ns
    Source Clock Delay      (SCD):    0.013ns
    Clock Pessimism Removal (CPR):    -0.000ns

    Location             Delay type                Incr(ns)  Path(ns)    Netlist Resource(s)
  -------------------------------------------------------------------    -------------------
                         (clock aclk rise edge)       0.000     0.000 r  
                                                      0.000     0.000 r  aclk (IN)
                         net (fo=94796, unset)        0.013     0.013    u_vn/aclk
    SLICE_X123Y326       FDRE                                         r  u_vn/wdl_reg[0][15]__0/C
  -------------------------------------------------------------------    -------------------
    SLICE_X123Y326       FDRE (Prop_FFF_SLICEM_C_Q)
                                                      0.037     0.050 r  u_vn/wdl_reg[0][15]__0/Q
                         net (fo=1, estimated)        0.057     0.107    u_vn/wdl_reg[0][15]__0_n_0
    SLICE_X123Y325       SRL16E                                       r  u_vn/wdl_reg[4][15]_srl4/D
  -------------------------------------------------------------------    -------------------

                         (clock aclk rise edge)       0.000     0.000 r  
                                                      0.000     0.000 r  aclk (IN)
                         net (fo=94796, unset)        0.039     0.039    u_vn/aclk
    SLICE_X123Y325       SRL16E                                       r  u_vn/wdl_reg[4][15]_srl4/CLK
                         clock pessimism              0.000     0.039    
    SLICE_X123Y325       SRL16E (Hold_H5LUT_SLICEM_CLK_D)
                                                      0.062     0.101    u_vn/wdl_reg[4][15]_srl4
  -------------------------------------------------------------------
                         required time                         -0.101    
                         arrival time                           0.107    
  -------------------------------------------------------------------
                         slack                                  0.006    





Pulse Width Checks
--------------------------------------------------------------------------------------
Clock Name:         aclk
Waveform(ns):       { 0.000 2.000 }
Period(ns):         4.000
Sources:            { aclk }

Check Type        Corner  Lib Pin      Reference Pin  Required(ns)  Actual(ns)  Slack(ns)  Location       Pin
Min Period        n/a     URAM288/CLK  n/a            2.000         4.000       2.000      URAM288_X0Y72  g_dnpipeN.g_grp[0].g_dn[0].mem_reg_uram_0/CLK
Low Pulse Width   Slow    URAM288/CLK  n/a            0.700         2.000       1.300      URAM288_X0Y72  g_dnpipeN.g_grp[0].g_dn[0].mem_reg_uram_0/CLK
High Pulse Width  Slow    URAM288/CLK  n/a            0.700         2.000       1.300      URAM288_X0Y72  g_dnpipeN.g_grp[0].g_dn[0].mem_reg_uram_0/CLK



