Copyright 1986-2022 Xilinx, Inc. All Rights Reserved. Copyright 2022-2024 Advanced Micro Devices, Inc. All Rights Reserved.
---------------------------------------------------------------------------------------------------------------------------------------------------------------------------------------------------------------------------------------------------------------------------
| Tool Version      : Vivado v.2024.2 (lin64) Build 5239630 Fri Nov 08 22:34:34 MST 2024
| Date              : Fri Sep  4 03:39:44 2026
| Host              : snoke running 64-bit Ubuntu 24.04.4 LTS
| Command           : report_timing -to [get_cells -quiet -hier -filter {NAME =~ *g_cv* && (REF_NAME =~ RAMB36* || REF_NAME =~ RAMB18*)}] -max_paths 20 -nworst 20 -setup -file /home/cah/r2d2/code/fpga/fable5_llm/synth/out_exp_uram_g5_v2cr/reports/conv_bram_paths.rpt
| Design            : layer_chan
| Device            : xcvu9p-fsgd2104
| Speed File        : -2L  PRODUCTION 1.28 03-30-2022
| Design State      : Fully Placed
| Temperature Grade : E
---------------------------------------------------------------------------------------------------------------------------------------------------------------------------------------------------------------------------------------------------------------------------

Timing Report

Slack (VIOLATED) :        -0.554ns  (required time - arrival time)
  Source:                 st_reg[3]/C
                            (rising edge-triggered cell FDRE clocked by aclk  {rise@0.000ns fall@2.000ns period=4.000ns})
  Destination:            g_cv[4].wm_reg_bram_7/CASDOMUXEN_B
                            (rising edge-triggered cell RAMB36E2 clocked by aclk  {rise@0.000ns fall@2.000ns period=4.000ns})
  Path Group:             aclk
  Path Type:              Setup (Max at Slow Process Corner)
  Requirement:            4.000ns  (aclk rise@4.000ns - aclk rise@0.000ns)
  Data Path Delay:        4.426ns  (logic 0.298ns (6.733%)  route 4.128ns (93.267%))
  Logic Levels:           3  (LUT2=1 LUT4=1 LUT6=1)
  Clock Path Skew:        0.012ns (DCD - SCD + CPR)
    Destination Clock Delay (DCD):    0.040ns = ( 4.040 - 4.000 ) 
    Source Clock Delay      (SCD):    0.028ns
    Clock Pessimism Removal (CPR):    0.000ns
  Clock Uncertainty:      0.035ns  ((TSJ^2 + TIJ^2)^1/2 + DJ) / 2 + PE
    Total System Jitter     (TSJ):    0.071ns
    Total Input Jitter      (TIJ):    0.000ns
    Discrete Jitter          (DJ):    0.000ns
    Phase Error              (PE):    0.000ns
  Inter-SLR Compensation: 0.006ns  (DCD * PF)
    Destination Clock Delay (DCD):    0.040ns
    Prorating Factor         (PF):    0.150

    Location             Delay type                Incr(ns)  Path(ns)    Netlist Resource(s)
  -------------------------------------------------------------------    -------------------
                         (clock aclk rise edge)       0.000     0.000 r  
                                                      0.000     0.000 r  aclk (IN)
                         net (fo=96076, unset)        0.028     0.028    aclk
    SLICE_X91Y492        FDRE                                         r  st_reg[3]/C
  -------------------------------------------------------------------    -------------------
    SLICE_X91Y492        FDRE (Prop_CFF_SLICEL_C_Q)
                                                      0.079     0.107 f  st_reg[3]/Q
                         net (fo=189, estimated)      0.207     0.314    u_gate/gate_done_q_reg[2]
    SLICE_X91Y493        LUT6 (Prop_F6LUT_SLICEL_I0_O)
                                                      0.148     0.462 r  u_gate/dn_layer_r[4]_i_2/O
                         net (fo=22, estimated)       0.090     0.552    dn_head
    SLICE_X91Y493        LUT2 (Prop_H6LUT_SLICEL_I1_O)
                                                      0.036     0.588 r  dn_layer_r[4]_i_1/O
                         net (fo=100, estimated)      0.183     0.771    dn_layer_r[4]_i_1_n_0
    SLICE_X91Y496        LUT4 (Prop_A6LUT_SLICEL_I2_O)
                                                      0.035     0.806 r  g_cv[0].sm_reg_bram_7_CASDOMUXEN_B_cooolgate_en_gate_691/O
                         net (fo=48, estimated)       3.648     4.454    g_cv[0].sm_reg_bram_7_CASDOMUXEN_B_cooolgate_en_sig_252
    SLR Crossing[1->2]   
    RAMB36_X4Y163        RAMB36E2                                     r  g_cv[4].wm_reg_bram_7/CASDOMUXEN_B
  -------------------------------------------------------------------    -------------------

                         (clock aclk rise edge)       4.000     4.000 r  
                                                      0.000     4.000 r  aclk (IN)
                         net (fo=96076, unset)        0.040     4.040    aclk
    RAMB36_X4Y163        RAMB36E2                                     r  g_cv[4].wm_reg_bram_7/CLKBWRCLK
                         clock pessimism              0.000     4.040    
                         inter-SLR compensation      -0.006     4.034    
                         clock uncertainty           -0.035     3.999    
    RAMB36_X4Y163        RAMB36E2 (Setup_RAMB36E2_RAMB36_CLKBWRCLK_CASDOMUXEN_B)
                                                     -0.099     3.900    g_cv[4].wm_reg_bram_7
  -------------------------------------------------------------------
                         required time                          3.900    
                         arrival time                          -4.454    
  -------------------------------------------------------------------
                         slack                                 -0.554    

Slack (VIOLATED) :        -0.554ns  (required time - arrival time)
  Source:                 st_reg[3]/C
                            (rising edge-triggered cell FDRE clocked by aclk  {rise@0.000ns fall@2.000ns period=4.000ns})
  Destination:            g_cv[4].wm_reg_bram_7/CASDOMUXEN_B
                            (rising edge-triggered cell RAMB36E2 clocked by aclk  {rise@0.000ns fall@2.000ns period=4.000ns})
  Path Group:             aclk
  Path Type:              Setup (Max at Slow Process Corner)
  Requirement:            4.000ns  (aclk rise@4.000ns - aclk rise@0.000ns)
  Data Path Delay:        4.426ns  (logic 0.298ns (6.733%)  route 4.128ns (93.267%))
  Logic Levels:           3  (LUT2=1 LUT4=1 LUT6=1)
  Clock Path Skew:        0.012ns (DCD - SCD + CPR)
    Destination Clock Delay (DCD):    0.040ns = ( 4.040 - 4.000 ) 
    Source Clock Delay      (SCD):    0.028ns
    Clock Pessimism Removal (CPR):    0.000ns
  Clock Uncertainty:      0.035ns  ((TSJ^2 + TIJ^2)^1/2 + DJ) / 2 + PE
    Total System Jitter     (TSJ):    0.071ns
    Total Input Jitter      (TIJ):    0.000ns
    Discrete Jitter          (DJ):    0.000ns
    Phase Error              (PE):    0.000ns
  Inter-SLR Compensation: 0.006ns  (DCD * PF)
    Destination Clock Delay (DCD):    0.040ns
    Prorating Factor         (PF):    0.150

    Location             Delay type                Incr(ns)  Path(ns)    Netlist Resource(s)
  -------------------------------------------------------------------    -------------------
                         (clock aclk rise edge)       0.000     0.000 r  
                                                      0.000     0.000 r  aclk (IN)
                         net (fo=96076, unset)        0.028     0.028    aclk
    SLICE_X91Y492        FDRE                                         r  st_reg[3]/C
  -------------------------------------------------------------------    -------------------
    SLICE_X91Y492        FDRE (Prop_CFF_SLICEL_C_Q)
                                                      0.079     0.107 r  st_reg[3]/Q
                         net (fo=189, estimated)      0.207     0.314    u_gate/gate_done_q_reg[2]
    SLICE_X91Y493        LUT6 (Prop_F6LUT_SLICEL_I0_O)
                                                      0.148     0.462 f  u_gate/dn_layer_r[4]_i_2/O
                         net (fo=22, estimated)       0.090     0.552    dn_head
    SLICE_X91Y493        LUT2 (Prop_H6LUT_SLICEL_I1_O)
                                                      0.036     0.588 f  dn_layer_r[4]_i_1/O
                         net (fo=100, estimated)      0.183     0.771    dn_layer_r[4]_i_1_n_0
    SLICE_X91Y496        LUT4 (Prop_A6LUT_SLICEL_I2_O)
                                                      0.035     0.806 r  g_cv[0].sm_reg_bram_7_CASDOMUXEN_B_cooolgate_en_gate_691/O
                         net (fo=48, estimated)       3.648     4.454    g_cv[0].sm_reg_bram_7_CASDOMUXEN_B_cooolgate_en_sig_252
    SLR Crossing[1->2]   
    RAMB36_X4Y163        RAMB36E2                                     r  g_cv[4].wm_reg_bram_7/CASDOMUXEN_B
  -------------------------------------------------------------------    -------------------

                         (clock aclk rise edge)       4.000     4.000 r  
                                                      0.000     4.000 r  aclk (IN)
                         net (fo=96076, unset)        0.040     4.040    aclk
    RAMB36_X4Y163        RAMB36E2                                     r  g_cv[4].wm_reg_bram_7/CLKBWRCLK
                         clock pessimism              0.000     4.040    
                         inter-SLR compensation      -0.006     4.034    
                         clock uncertainty           -0.035     3.999    
    RAMB36_X4Y163        RAMB36E2 (Setup_RAMB36E2_RAMB36_CLKBWRCLK_CASDOMUXEN_B)
                                                     -0.099     3.900    g_cv[4].wm_reg_bram_7
  -------------------------------------------------------------------
                         required time                          3.900    
                         arrival time                          -4.454    
  -------------------------------------------------------------------
                         slack                                 -0.554    

Slack (VIOLATED) :        -0.554ns  (required time - arrival time)
  Source:                 st_reg[3]/C
                            (rising edge-triggered cell FDRE clocked by aclk  {rise@0.000ns fall@2.000ns period=4.000ns})
  Destination:            g_cv[4].wm_reg_bram_7/CASDOMUXEN_B
                            (rising edge-triggered cell RAMB36E2 clocked by aclk  {rise@0.000ns fall@2.000ns period=4.000ns})
  Path Group:             aclk
  Path Type:              Setup (Max at Slow Process Corner)
  Requirement:            4.000ns  (aclk rise@4.000ns - aclk rise@0.000ns)
  Data Path Delay:        4.426ns  (logic 0.298ns (6.733%)  route 4.128ns (93.267%))
  Logic Levels:           3  (LUT2=1 LUT4=1 LUT6=1)
  Clock Path Skew:        0.012ns (DCD - SCD + CPR)
    Destination Clock Delay (DCD):    0.040ns = ( 4.040 - 4.000 ) 
    Source Clock Delay      (SCD):    0.028ns
    Clock Pessimism Removal (CPR):    0.000ns
  Clock Uncertainty:      0.035ns  ((TSJ^2 + TIJ^2)^1/2 + DJ) / 2 + PE
    Total System Jitter     (TSJ):    0.071ns
    Total Input Jitter      (TIJ):    0.000ns
    Discrete Jitter          (DJ):    0.000ns
    Phase Error              (PE):    0.000ns
  Inter-SLR Compensation: 0.006ns  (DCD * PF)
    Destination Clock Delay (DCD):    0.040ns
    Prorating Factor         (PF):    0.150

    Location             Delay type                Incr(ns)  Path(ns)    Netlist Resource(s)
  -------------------------------------------------------------------    -------------------
                         (clock aclk rise edge)       0.000     0.000 r  
                                                      0.000     0.000 r  aclk (IN)
                         net (fo=96076, unset)        0.028     0.028    aclk
    SLICE_X91Y492        FDRE                                         r  st_reg[3]/C
  -------------------------------------------------------------------    -------------------
    SLICE_X91Y492        FDRE (Prop_CFF_SLICEL_C_Q)
                                                      0.079     0.107 f  st_reg[3]/Q
                         net (fo=189, estimated)      0.207     0.314    u_gate/gate_done_q_reg[2]
    SLICE_X91Y493        LUT6 (Prop_F6LUT_SLICEL_I0_O)
                                                      0.148     0.462 r  u_gate/dn_layer_r[4]_i_2/O
                         net (fo=22, estimated)       0.090     0.552    dn_head
    SLICE_X91Y493        LUT2 (Prop_H6LUT_SLICEL_I1_O)
                                                      0.036     0.588 r  dn_layer_r[4]_i_1/O
                         net (fo=100, estimated)      0.183     0.771    dn_layer_r[4]_i_1_n_0
    SLICE_X91Y496        LUT4 (Prop_A6LUT_SLICEL_I2_O)
                                                      0.035     0.806 f  g_cv[0].sm_reg_bram_7_CASDOMUXEN_B_cooolgate_en_gate_691/O
                         net (fo=48, estimated)       3.648     4.454    g_cv[0].sm_reg_bram_7_CASDOMUXEN_B_cooolgate_en_sig_252
    SLR Crossing[1->2]   
    RAMB36_X4Y163        RAMB36E2                                     f  g_cv[4].wm_reg_bram_7/CASDOMUXEN_B
  -------------------------------------------------------------------    -------------------

                         (clock aclk rise edge)       4.000     4.000 r  
                                                      0.000     4.000 r  aclk (IN)
                         net (fo=96076, unset)        0.040     4.040    aclk
    RAMB36_X4Y163        RAMB36E2                                     r  g_cv[4].wm_reg_bram_7/CLKBWRCLK
                         clock pessimism              0.000     4.040    
                         inter-SLR compensation      -0.006     4.034    
                         clock uncertainty           -0.035     3.999    
    RAMB36_X4Y163        RAMB36E2 (Setup_RAMB36E2_RAMB36_CLKBWRCLK_CASDOMUXEN_B)
                                                     -0.099     3.900    g_cv[4].wm_reg_bram_7
  -------------------------------------------------------------------
                         required time                          3.900    
                         arrival time                          -4.454    
  -------------------------------------------------------------------
                         slack                                 -0.554    

Slack (VIOLATED) :        -0.554ns  (required time - arrival time)
  Source:                 st_reg[3]/C
                            (rising edge-triggered cell FDRE clocked by aclk  {rise@0.000ns fall@2.000ns period=4.000ns})
  Destination:            g_cv[4].wm_reg_bram_7/CASDOMUXEN_B
                            (rising edge-triggered cell RAMB36E2 clocked by aclk  {rise@0.000ns fall@2.000ns period=4.000ns})
  Path Group:             aclk
  Path Type:              Setup (Max at Slow Process Corner)
  Requirement:            4.000ns  (aclk rise@4.000ns - aclk rise@0.000ns)
  Data Path Delay:        4.426ns  (logic 0.298ns (6.733%)  route 4.128ns (93.267%))
  Logic Levels:           3  (LUT2=1 LUT4=1 LUT6=1)
  Clock Path Skew:        0.012ns (DCD - SCD + CPR)
    Destination Clock Delay (DCD):    0.040ns = ( 4.040 - 4.000 ) 
    Source Clock Delay      (SCD):    0.028ns
    Clock Pessimism Removal (CPR):    0.000ns
  Clock Uncertainty:      0.035ns  ((TSJ^2 + TIJ^2)^1/2 + DJ) / 2 + PE
    Total System Jitter     (TSJ):    0.071ns
    Total Input Jitter      (TIJ):    0.000ns
    Discrete Jitter          (DJ):    0.000ns
    Phase Error              (PE):    0.000ns
  Inter-SLR Compensation: 0.006ns  (DCD * PF)
    Destination Clock Delay (DCD):    0.040ns
    Prorating Factor         (PF):    0.150

    Location             Delay type                Incr(ns)  Path(ns)    Netlist Resource(s)
  -------------------------------------------------------------------    -------------------
                         (clock aclk rise edge)       0.000     0.000 r  
                                                      0.000     0.000 r  aclk (IN)
                         net (fo=96076, unset)        0.028     0.028    aclk
    SLICE_X91Y492        FDRE                                         r  st_reg[3]/C
  -------------------------------------------------------------------    -------------------
    SLICE_X91Y492        FDRE (Prop_CFF_SLICEL_C_Q)
                                                      0.079     0.107 r  st_reg[3]/Q
                         net (fo=189, estimated)      0.207     0.314    u_gate/gate_done_q_reg[2]
    SLICE_X91Y493        LUT6 (Prop_F6LUT_SLICEL_I0_O)
                                                      0.148     0.462 f  u_gate/dn_layer_r[4]_i_2/O
                         net (fo=22, estimated)       0.090     0.552    dn_head
    SLICE_X91Y493        LUT2 (Prop_H6LUT_SLICEL_I1_O)
                                                      0.036     0.588 f  dn_layer_r[4]_i_1/O
                         net (fo=100, estimated)      0.183     0.771    dn_layer_r[4]_i_1_n_0
    SLICE_X91Y496        LUT4 (Prop_A6LUT_SLICEL_I2_O)
                                                      0.035     0.806 f  g_cv[0].sm_reg_bram_7_CASDOMUXEN_B_cooolgate_en_gate_691/O
                         net (fo=48, estimated)       3.648     4.454    g_cv[0].sm_reg_bram_7_CASDOMUXEN_B_cooolgate_en_sig_252
    SLR Crossing[1->2]   
    RAMB36_X4Y163        RAMB36E2                                     f  g_cv[4].wm_reg_bram_7/CASDOMUXEN_B
  -------------------------------------------------------------------    -------------------

                         (clock aclk rise edge)       4.000     4.000 r  
                                                      0.000     4.000 r  aclk (IN)
                         net (fo=96076, unset)        0.040     4.040    aclk
    RAMB36_X4Y163        RAMB36E2                                     r  g_cv[4].wm_reg_bram_7/CLKBWRCLK
                         clock pessimism              0.000     4.040    
                         inter-SLR compensation      -0.006     4.034    
                         clock uncertainty           -0.035     3.999    
    RAMB36_X4Y163        RAMB36E2 (Setup_RAMB36E2_RAMB36_CLKBWRCLK_CASDOMUXEN_B)
                                                     -0.099     3.900    g_cv[4].wm_reg_bram_7
  -------------------------------------------------------------------
                         required time                          3.900    
                         arrival time                          -4.454    
  -------------------------------------------------------------------
                         slack                                 -0.554    

Slack (VIOLATED) :        -0.542ns  (required time - arrival time)
  Source:                 st_reg[4]/C
                            (rising edge-triggered cell FDRE clocked by aclk  {rise@0.000ns fall@2.000ns period=4.000ns})
  Destination:            g_cv[4].wm_reg_bram_7/CASDOMUXEN_B
                            (rising edge-triggered cell RAMB36E2 clocked by aclk  {rise@0.000ns fall@2.000ns period=4.000ns})
  Path Group:             aclk
  Path Type:              Setup (Max at Slow Process Corner)
  Requirement:            4.000ns  (aclk rise@4.000ns - aclk rise@0.000ns)
  Data Path Delay:        4.414ns  (logic 0.221ns (5.007%)  route 4.193ns (94.993%))
  Logic Levels:           4  (LUT2=2 LUT4=1 LUT6=1)
  Clock Path Skew:        0.012ns (DCD - SCD + CPR)
    Destination Clock Delay (DCD):    0.040ns = ( 4.040 - 4.000 ) 
    Source Clock Delay      (SCD):    0.028ns
    Clock Pessimism Removal (CPR):    0.000ns
  Clock Uncertainty:      0.035ns  ((TSJ^2 + TIJ^2)^1/2 + DJ) / 2 + PE
    Total System Jitter     (TSJ):    0.071ns
    Total Input Jitter      (TIJ):    0.000ns
    Discrete Jitter          (DJ):    0.000ns
    Phase Error              (PE):    0.000ns
  Inter-SLR Compensation: 0.006ns  (DCD * PF)
    Destination Clock Delay (DCD):    0.040ns
    Prorating Factor         (PF):    0.150

    Location             Delay type                Incr(ns)  Path(ns)    Netlist Resource(s)
  -------------------------------------------------------------------    -------------------
                         (clock aclk rise edge)       0.000     0.000 r  
                                                      0.000     0.000 r  aclk (IN)
                         net (fo=96076, unset)        0.028     0.028    aclk
    SLICE_X91Y491        FDRE                                         r  st_reg[4]/C
  -------------------------------------------------------------------    -------------------
    SLICE_X91Y491        FDRE (Prop_BFF_SLICEL_C_Q)
                                                      0.079     0.107 f  st_reg[4]/Q
                         net (fo=570, estimated)      0.168     0.275    u_dn/rcvd_reg[0]_2[3]
    SLICE_X91Y491        LUT2 (Prop_D6LUT_SLICEL_I1_O)
                                                      0.036     0.311 f  u_dn/ld_i[10]_i_5/O
                         net (fo=4, estimated)        0.104     0.415    u_gate/gate_done_q_reg_0
    SLICE_X91Y493        LUT6 (Prop_F6LUT_SLICEL_I3_O)
                                                      0.035     0.450 r  u_gate/dn_layer_r[4]_i_2/O
                         net (fo=22, estimated)       0.090     0.540    dn_head
    SLICE_X91Y493        LUT2 (Prop_H6LUT_SLICEL_I1_O)
                                                      0.036     0.576 r  dn_layer_r[4]_i_1/O
                         net (fo=100, estimated)      0.183     0.759    dn_layer_r[4]_i_1_n_0
    SLICE_X91Y496        LUT4 (Prop_A6LUT_SLICEL_I2_O)
                                                      0.035     0.794 r  g_cv[0].sm_reg_bram_7_CASDOMUXEN_B_cooolgate_en_gate_691/O
                         net (fo=48, estimated)       3.648     4.442    g_cv[0].sm_reg_bram_7_CASDOMUXEN_B_cooolgate_en_sig_252
    SLR Crossing[1->2]   
    RAMB36_X4Y163        RAMB36E2                                     r  g_cv[4].wm_reg_bram_7/CASDOMUXEN_B
  -------------------------------------------------------------------    -------------------

                         (clock aclk rise edge)       4.000     4.000 r  
                                                      0.000     4.000 r  aclk (IN)
                         net (fo=96076, unset)        0.040     4.040    aclk
    RAMB36_X4Y163        RAMB36E2                                     r  g_cv[4].wm_reg_bram_7/CLKBWRCLK
                         clock pessimism              0.000     4.040    
                         inter-SLR compensation      -0.006     4.034    
                         clock uncertainty           -0.035     3.999    
    RAMB36_X4Y163        RAMB36E2 (Setup_RAMB36E2_RAMB36_CLKBWRCLK_CASDOMUXEN_B)
                                                     -0.099     3.900    g_cv[4].wm_reg_bram_7
  -------------------------------------------------------------------
                         required time                          3.900    
                         arrival time                          -4.442    
  -------------------------------------------------------------------
                         slack                                 -0.542    

Slack (VIOLATED) :        -0.542ns  (required time - arrival time)
  Source:                 st_reg[4]/C
                            (rising edge-triggered cell FDRE clocked by aclk  {rise@0.000ns fall@2.000ns period=4.000ns})
  Destination:            g_cv[4].wm_reg_bram_7/CASDOMUXEN_B
                            (rising edge-triggered cell RAMB36E2 clocked by aclk  {rise@0.000ns fall@2.000ns period=4.000ns})
  Path Group:             aclk
  Path Type:              Setup (Max at Slow Process Corner)
  Requirement:            4.000ns  (aclk rise@4.000ns - aclk rise@0.000ns)
  Data Path Delay:        4.414ns  (logic 0.221ns (5.007%)  route 4.193ns (94.993%))
  Logic Levels:           4  (LUT2=2 LUT4=1 LUT6=1)
  Clock Path Skew:        0.012ns (DCD - SCD + CPR)
    Destination Clock Delay (DCD):    0.040ns = ( 4.040 - 4.000 ) 
    Source Clock Delay      (SCD):    0.028ns
    Clock Pessimism Removal (CPR):    0.000ns
  Clock Uncertainty:      0.035ns  ((TSJ^2 + TIJ^2)^1/2 + DJ) / 2 + PE
    Total System Jitter     (TSJ):    0.071ns
    Total Input Jitter      (TIJ):    0.000ns
    Discrete Jitter          (DJ):    0.000ns
    Phase Error              (PE):    0.000ns
  Inter-SLR Compensation: 0.006ns  (DCD * PF)
    Destination Clock Delay (DCD):    0.040ns
    Prorating Factor         (PF):    0.150

    Location             Delay type                Incr(ns)  Path(ns)    Netlist Resource(s)
  -------------------------------------------------------------------    -------------------
                         (clock aclk rise edge)       0.000     0.000 r  
                                                      0.000     0.000 r  aclk (IN)
                         net (fo=96076, unset)        0.028     0.028    aclk
    SLICE_X91Y491        FDRE                                         r  st_reg[4]/C
  -------------------------------------------------------------------    -------------------
    SLICE_X91Y491        FDRE (Prop_BFF_SLICEL_C_Q)
                                                      0.079     0.107 r  st_reg[4]/Q
                         net (fo=570, estimated)      0.168     0.275    u_dn/rcvd_reg[0]_2[3]
    SLICE_X91Y491        LUT2 (Prop_D6LUT_SLICEL_I1_O)
                                                      0.036     0.311 r  u_dn/ld_i[10]_i_5/O
                         net (fo=4, estimated)        0.104     0.415    u_gate/gate_done_q_reg_0
    SLICE_X91Y493        LUT6 (Prop_F6LUT_SLICEL_I3_O)
                                                      0.035     0.450 f  u_gate/dn_layer_r[4]_i_2/O
                         net (fo=22, estimated)       0.090     0.540    dn_head
    SLICE_X91Y493        LUT2 (Prop_H6LUT_SLICEL_I1_O)
                                                      0.036     0.576 f  dn_layer_r[4]_i_1/O
                         net (fo=100, estimated)      0.183     0.759    dn_layer_r[4]_i_1_n_0
    SLICE_X91Y496        LUT4 (Prop_A6LUT_SLICEL_I2_O)
                                                      0.035     0.794 r  g_cv[0].sm_reg_bram_7_CASDOMUXEN_B_cooolgate_en_gate_691/O
                         net (fo=48, estimated)       3.648     4.442    g_cv[0].sm_reg_bram_7_CASDOMUXEN_B_cooolgate_en_sig_252
    SLR Crossing[1->2]   
    RAMB36_X4Y163        RAMB36E2                                     r  g_cv[4].wm_reg_bram_7/CASDOMUXEN_B
  -------------------------------------------------------------------    -------------------

                         (clock aclk rise edge)       4.000     4.000 r  
                                                      0.000     4.000 r  aclk (IN)
                         net (fo=96076, unset)        0.040     4.040    aclk
    RAMB36_X4Y163        RAMB36E2                                     r  g_cv[4].wm_reg_bram_7/CLKBWRCLK
                         clock pessimism              0.000     4.040    
                         inter-SLR compensation      -0.006     4.034    
                         clock uncertainty           -0.035     3.999    
    RAMB36_X4Y163        RAMB36E2 (Setup_RAMB36E2_RAMB36_CLKBWRCLK_CASDOMUXEN_B)
                                                     -0.099     3.900    g_cv[4].wm_reg_bram_7
  -------------------------------------------------------------------
                         required time                          3.900    
                         arrival time                          -4.442    
  -------------------------------------------------------------------
                         slack                                 -0.542    

Slack (VIOLATED) :        -0.542ns  (required time - arrival time)
  Source:                 st_reg[4]/C
                            (rising edge-triggered cell FDRE clocked by aclk  {rise@0.000ns fall@2.000ns period=4.000ns})
  Destination:            g_cv[4].wm_reg_bram_7/CASDOMUXEN_B
                            (rising edge-triggered cell RAMB36E2 clocked by aclk  {rise@0.000ns fall@2.000ns period=4.000ns})
  Path Group:             aclk
  Path Type:              Setup (Max at Slow Process Corner)
  Requirement:            4.000ns  (aclk rise@4.000ns - aclk rise@0.000ns)
  Data Path Delay:        4.414ns  (logic 0.221ns (5.007%)  route 4.193ns (94.993%))
  Logic Levels:           4  (LUT2=2 LUT4=1 LUT6=1)
  Clock Path Skew:        0.012ns (DCD - SCD + CPR)
    Destination Clock Delay (DCD):    0.040ns = ( 4.040 - 4.000 ) 
    Source Clock Delay      (SCD):    0.028ns
    Clock Pessimism Removal (CPR):    0.000ns
  Clock Uncertainty:      0.035ns  ((TSJ^2 + TIJ^2)^1/2 + DJ) / 2 + PE
    Total System Jitter     (TSJ):    0.071ns
    Total Input Jitter      (TIJ):    0.000ns
    Discrete Jitter          (DJ):    0.000ns
    Phase Error              (PE):    0.000ns
  Inter-SLR Compensation: 0.006ns  (DCD * PF)
    Destination Clock Delay (DCD):    0.040ns
    Prorating Factor         (PF):    0.150

    Location             Delay type                Incr(ns)  Path(ns)    Netlist Resource(s)
  -------------------------------------------------------------------    -------------------
                         (clock aclk rise edge)       0.000     0.000 r  
                                                      0.000     0.000 r  aclk (IN)
                         net (fo=96076, unset)        0.028     0.028    aclk
    SLICE_X91Y491        FDRE                                         r  st_reg[4]/C
  -------------------------------------------------------------------    -------------------
    SLICE_X91Y491        FDRE (Prop_BFF_SLICEL_C_Q)
                                                      0.079     0.107 f  st_reg[4]/Q
                         net (fo=570, estimated)      0.168     0.275    u_dn/rcvd_reg[0]_2[3]
    SLICE_X91Y491        LUT2 (Prop_D6LUT_SLICEL_I1_O)
                                                      0.036     0.311 f  u_dn/ld_i[10]_i_5/O
                         net (fo=4, estimated)        0.104     0.415    u_gate/gate_done_q_reg_0
    SLICE_X91Y493        LUT6 (Prop_F6LUT_SLICEL_I3_O)
                                                      0.035     0.450 r  u_gate/dn_layer_r[4]_i_2/O
                         net (fo=22, estimated)       0.090     0.540    dn_head
    SLICE_X91Y493        LUT2 (Prop_H6LUT_SLICEL_I1_O)
                                                      0.036     0.576 r  dn_layer_r[4]_i_1/O
                         net (fo=100, estimated)      0.183     0.759    dn_layer_r[4]_i_1_n_0
    SLICE_X91Y496        LUT4 (Prop_A6LUT_SLICEL_I2_O)
                                                      0.035     0.794 f  g_cv[0].sm_reg_bram_7_CASDOMUXEN_B_cooolgate_en_gate_691/O
                         net (fo=48, estimated)       3.648     4.442    g_cv[0].sm_reg_bram_7_CASDOMUXEN_B_cooolgate_en_sig_252
    SLR Crossing[1->2]   
    RAMB36_X4Y163        RAMB36E2                                     f  g_cv[4].wm_reg_bram_7/CASDOMUXEN_B
  -------------------------------------------------------------------    -------------------

                         (clock aclk rise edge)       4.000     4.000 r  
                                                      0.000     4.000 r  aclk (IN)
                         net (fo=96076, unset)        0.040     4.040    aclk
    RAMB36_X4Y163        RAMB36E2                                     r  g_cv[4].wm_reg_bram_7/CLKBWRCLK
                         clock pessimism              0.000     4.040    
                         inter-SLR compensation      -0.006     4.034    
                         clock uncertainty           -0.035     3.999    
    RAMB36_X4Y163        RAMB36E2 (Setup_RAMB36E2_RAMB36_CLKBWRCLK_CASDOMUXEN_B)
                                                     -0.099     3.900    g_cv[4].wm_reg_bram_7
  -------------------------------------------------------------------
                         required time                          3.900    
                         arrival time                          -4.442    
  -------------------------------------------------------------------
                         slack                                 -0.542    

Slack (VIOLATED) :        -0.542ns  (required time - arrival time)
  Source:                 st_reg[4]/C
                            (rising edge-triggered cell FDRE clocked by aclk  {rise@0.000ns fall@2.000ns period=4.000ns})
  Destination:            g_cv[4].wm_reg_bram_7/CASDOMUXEN_B
                            (rising edge-triggered cell RAMB36E2 clocked by aclk  {rise@0.000ns fall@2.000ns period=4.000ns})
  Path Group:             aclk
  Path Type:              Setup (Max at Slow Process Corner)
  Requirement:            4.000ns  (aclk rise@4.000ns - aclk rise@0.000ns)
  Data Path Delay:        4.414ns  (logic 0.221ns (5.007%)  route 4.193ns (94.993%))
  Logic Levels:           4  (LUT2=2 LUT4=1 LUT6=1)
  Clock Path Skew:        0.012ns (DCD - SCD + CPR)
    Destination Clock Delay (DCD):    0.040ns = ( 4.040 - 4.000 ) 
    Source Clock Delay      (SCD):    0.028ns
    Clock Pessimism Removal (CPR):    0.000ns
  Clock Uncertainty:      0.035ns  ((TSJ^2 + TIJ^2)^1/2 + DJ) / 2 + PE
    Total System Jitter     (TSJ):    0.071ns
    Total Input Jitter      (TIJ):    0.000ns
    Discrete Jitter          (DJ):    0.000ns
    Phase Error              (PE):    0.000ns
  Inter-SLR Compensation: 0.006ns  (DCD * PF)
    Destination Clock Delay (DCD):    0.040ns
    Prorating Factor         (PF):    0.150

    Location             Delay type                Incr(ns)  Path(ns)    Netlist Resource(s)
  -------------------------------------------------------------------    -------------------
                         (clock aclk rise edge)       0.000     0.000 r  
                                                      0.000     0.000 r  aclk (IN)
                         net (fo=96076, unset)        0.028     0.028    aclk
    SLICE_X91Y491        FDRE                                         r  st_reg[4]/C
  -------------------------------------------------------------------    -------------------
    SLICE_X91Y491        FDRE (Prop_BFF_SLICEL_C_Q)
                                                      0.079     0.107 r  st_reg[4]/Q
                         net (fo=570, estimated)      0.168     0.275    u_dn/rcvd_reg[0]_2[3]
    SLICE_X91Y491        LUT2 (Prop_D6LUT_SLICEL_I1_O)
                                                      0.036     0.311 r  u_dn/ld_i[10]_i_5/O
                         net (fo=4, estimated)        0.104     0.415    u_gate/gate_done_q_reg_0
    SLICE_X91Y493        LUT6 (Prop_F6LUT_SLICEL_I3_O)
                                                      0.035     0.450 f  u_gate/dn_layer_r[4]_i_2/O
                         net (fo=22, estimated)       0.090     0.540    dn_head
    SLICE_X91Y493        LUT2 (Prop_H6LUT_SLICEL_I1_O)
                                                      0.036     0.576 f  dn_layer_r[4]_i_1/O
                         net (fo=100, estimated)      0.183     0.759    dn_layer_r[4]_i_1_n_0
    SLICE_X91Y496        LUT4 (Prop_A6LUT_SLICEL_I2_O)
                                                      0.035     0.794 f  g_cv[0].sm_reg_bram_7_CASDOMUXEN_B_cooolgate_en_gate_691/O
                         net (fo=48, estimated)       3.648     4.442    g_cv[0].sm_reg_bram_7_CASDOMUXEN_B_cooolgate_en_sig_252
    SLR Crossing[1->2]   
    RAMB36_X4Y163        RAMB36E2                                     f  g_cv[4].wm_reg_bram_7/CASDOMUXEN_B
  -------------------------------------------------------------------    -------------------

                         (clock aclk rise edge)       4.000     4.000 r  
                                                      0.000     4.000 r  aclk (IN)
                         net (fo=96076, unset)        0.040     4.040    aclk
    RAMB36_X4Y163        RAMB36E2                                     r  g_cv[4].wm_reg_bram_7/CLKBWRCLK
                         clock pessimism              0.000     4.040    
                         inter-SLR compensation      -0.006     4.034    
                         clock uncertainty           -0.035     3.999    
    RAMB36_X4Y163        RAMB36E2 (Setup_RAMB36E2_RAMB36_CLKBWRCLK_CASDOMUXEN_B)
                                                     -0.099     3.900    g_cv[4].wm_reg_bram_7
  -------------------------------------------------------------------
                         required time                          3.900    
                         arrival time                          -4.442    
  -------------------------------------------------------------------
                         slack                                 -0.542    

Slack (VIOLATED) :        -0.530ns  (required time - arrival time)
  Source:                 st_reg[3]/C
                            (rising edge-triggered cell FDRE clocked by aclk  {rise@0.000ns fall@2.000ns period=4.000ns})
  Destination:            g_cv[4].wm_reg_bram_6/CASDOMUXEN_B
                            (rising edge-triggered cell RAMB36E2 clocked by aclk  {rise@0.000ns fall@2.000ns period=4.000ns})
  Path Group:             aclk
  Path Type:              Setup (Max at Slow Process Corner)
  Requirement:            4.000ns  (aclk rise@4.000ns - aclk rise@0.000ns)
  Data Path Delay:        4.402ns  (logic 0.300ns (6.815%)  route 4.102ns (93.185%))
  Logic Levels:           3  (LUT2=1 LUT4=1 LUT6=1)
  Clock Path Skew:        0.012ns (DCD - SCD + CPR)
    Destination Clock Delay (DCD):    0.040ns = ( 4.040 - 4.000 ) 
    Source Clock Delay      (SCD):    0.028ns
    Clock Pessimism Removal (CPR):    0.000ns
  Clock Uncertainty:      0.035ns  ((TSJ^2 + TIJ^2)^1/2 + DJ) / 2 + PE
    Total System Jitter     (TSJ):    0.071ns
    Total Input Jitter      (TIJ):    0.000ns
    Discrete Jitter          (DJ):    0.000ns
    Phase Error              (PE):    0.000ns
  Inter-SLR Compensation: 0.006ns  (DCD * PF)
    Destination Clock Delay (DCD):    0.040ns
    Prorating Factor         (PF):    0.150

    Location             Delay type                Incr(ns)  Path(ns)    Netlist Resource(s)
  -------------------------------------------------------------------    -------------------
                         (clock aclk rise edge)       0.000     0.000 r  
                                                      0.000     0.000 r  aclk (IN)
                         net (fo=96076, unset)        0.028     0.028    aclk
    SLICE_X91Y492        FDRE                                         r  st_reg[3]/C
  -------------------------------------------------------------------    -------------------
    SLICE_X91Y492        FDRE (Prop_CFF_SLICEL_C_Q)
                                                      0.079     0.107 r  st_reg[3]/Q
                         net (fo=189, estimated)      0.207     0.314    u_gate/gate_done_q_reg[2]
    SLICE_X91Y493        LUT6 (Prop_F6LUT_SLICEL_I0_O)
                                                      0.148     0.462 f  u_gate/dn_layer_r[4]_i_2/O
                         net (fo=22, estimated)       0.090     0.552    dn_head
    SLICE_X91Y493        LUT2 (Prop_H6LUT_SLICEL_I1_O)
                                                      0.036     0.588 f  dn_layer_r[4]_i_1/O
                         net (fo=100, estimated)      0.504     1.092    dn_layer_r[4]_i_1_n_0
    SLICE_X90Y533        LUT4 (Prop_D6LUT_SLICEM_I2_O)
                                                      0.037     1.129 r  g_cv[0].wm_reg_bram_6_CASDOMUXEN_B_cooolgate_en_gate_899/O
                         net (fo=16, estimated)       3.301     4.430    g_cv[0].wm_reg_bram_6_CASDOMUXEN_B_cooolgate_en_sig_260
    SLR Crossing[1->2]   
    RAMB36_X4Y162        RAMB36E2                                     r  g_cv[4].wm_reg_bram_6/CASDOMUXEN_B
  -------------------------------------------------------------------    -------------------

                         (clock aclk rise edge)       4.000     4.000 r  
                                                      0.000     4.000 r  aclk (IN)
                         net (fo=96076, unset)        0.040     4.040    aclk
    RAMB36_X4Y162        RAMB36E2                                     r  g_cv[4].wm_reg_bram_6/CLKBWRCLK
                         clock pessimism              0.000     4.040    
                         inter-SLR compensation      -0.006     4.034    
                         clock uncertainty           -0.035     3.999    
    RAMB36_X4Y162        RAMB36E2 (Setup_RAMB36E2_RAMB36_CLKBWRCLK_CASDOMUXEN_B)
                                                     -0.099     3.900    g_cv[4].wm_reg_bram_6
  -------------------------------------------------------------------
                         required time                          3.900    
                         arrival time                          -4.430    
  -------------------------------------------------------------------
                         slack                                 -0.530    

Slack (VIOLATED) :        -0.530ns  (required time - arrival time)
  Source:                 st_reg[3]/C
                            (rising edge-triggered cell FDRE clocked by aclk  {rise@0.000ns fall@2.000ns period=4.000ns})
  Destination:            g_cv[4].wm_reg_bram_6/CASDOMUXEN_B
                            (rising edge-triggered cell RAMB36E2 clocked by aclk  {rise@0.000ns fall@2.000ns period=4.000ns})
  Path Group:             aclk
  Path Type:              Setup (Max at Slow Process Corner)
  Requirement:            4.000ns  (aclk rise@4.000ns - aclk rise@0.000ns)
  Data Path Delay:        4.402ns  (logic 0.300ns (6.815%)  route 4.102ns (93.185%))
  Logic Levels:           3  (LUT2=1 LUT4=1 LUT6=1)
  Clock Path Skew:        0.012ns (DCD - SCD + CPR)
    Destination Clock Delay (DCD):    0.040ns = ( 4.040 - 4.000 ) 
    Source Clock Delay      (SCD):    0.028ns
    Clock Pessimism Removal (CPR):    0.000ns
  Clock Uncertainty:      0.035ns  ((TSJ^2 + TIJ^2)^1/2 + DJ) / 2 + PE
    Total System Jitter     (TSJ):    0.071ns
    Total Input Jitter      (TIJ):    0.000ns
    Discrete Jitter          (DJ):    0.000ns
    Phase Error              (PE):    0.000ns
  Inter-SLR Compensation: 0.006ns  (DCD * PF)
    Destination Clock Delay (DCD):    0.040ns
    Prorating Factor         (PF):    0.150

    Location             Delay type                Incr(ns)  Path(ns)    Netlist Resource(s)
  -------------------------------------------------------------------    -------------------
                         (clock aclk rise edge)       0.000     0.000 r  
                                                      0.000     0.000 r  aclk (IN)
                         net (fo=96076, unset)        0.028     0.028    aclk
    SLICE_X91Y492        FDRE                                         r  st_reg[3]/C
  -------------------------------------------------------------------    -------------------
    SLICE_X91Y492        FDRE (Prop_CFF_SLICEL_C_Q)
                                                      0.079     0.107 f  st_reg[3]/Q
                         net (fo=189, estimated)      0.207     0.314    u_gate/gate_done_q_reg[2]
    SLICE_X91Y493        LUT6 (Prop_F6LUT_SLICEL_I0_O)
                                                      0.148     0.462 r  u_gate/dn_layer_r[4]_i_2/O
                         net (fo=22, estimated)       0.090     0.552    dn_head
    SLICE_X91Y493        LUT2 (Prop_H6LUT_SLICEL_I1_O)
                                                      0.036     0.588 r  dn_layer_r[4]_i_1/O
                         net (fo=100, estimated)      0.504     1.092    dn_layer_r[4]_i_1_n_0
    SLICE_X90Y533        LUT4 (Prop_D6LUT_SLICEM_I2_O)
                                                      0.037     1.129 f  g_cv[0].wm_reg_bram_6_CASDOMUXEN_B_cooolgate_en_gate_899/O
                         net (fo=16, estimated)       3.301     4.430    g_cv[0].wm_reg_bram_6_CASDOMUXEN_B_cooolgate_en_sig_260
    SLR Crossing[1->2]   
    RAMB36_X4Y162        RAMB36E2                                     f  g_cv[4].wm_reg_bram_6/CASDOMUXEN_B
  -------------------------------------------------------------------    -------------------

                         (clock aclk rise edge)       4.000     4.000 r  
                                                      0.000     4.000 r  aclk (IN)
                         net (fo=96076, unset)        0.040     4.040    aclk
    RAMB36_X4Y162        RAMB36E2                                     r  g_cv[4].wm_reg_bram_6/CLKBWRCLK
                         clock pessimism              0.000     4.040    
                         inter-SLR compensation      -0.006     4.034    
                         clock uncertainty           -0.035     3.999    
    RAMB36_X4Y162        RAMB36E2 (Setup_RAMB36E2_RAMB36_CLKBWRCLK_CASDOMUXEN_B)
                                                     -0.099     3.900    g_cv[4].wm_reg_bram_6
  -------------------------------------------------------------------
                         required time                          3.900    
                         arrival time                          -4.430    
  -------------------------------------------------------------------
                         slack                                 -0.530    

Slack (VIOLATED) :        -0.518ns  (required time - arrival time)
  Source:                 st_reg[4]/C
                            (rising edge-triggered cell FDRE clocked by aclk  {rise@0.000ns fall@2.000ns period=4.000ns})
  Destination:            g_cv[4].wm_reg_bram_6/CASDOMUXEN_B
                            (rising edge-triggered cell RAMB36E2 clocked by aclk  {rise@0.000ns fall@2.000ns period=4.000ns})
  Path Group:             aclk
  Path Type:              Setup (Max at Slow Process Corner)
  Requirement:            4.000ns  (aclk rise@4.000ns - aclk rise@0.000ns)
  Data Path Delay:        4.390ns  (logic 0.223ns (5.080%)  route 4.167ns (94.920%))
  Logic Levels:           4  (LUT2=2 LUT4=1 LUT6=1)
  Clock Path Skew:        0.012ns (DCD - SCD + CPR)
    Destination Clock Delay (DCD):    0.040ns = ( 4.040 - 4.000 ) 
    Source Clock Delay      (SCD):    0.028ns
    Clock Pessimism Removal (CPR):    0.000ns
  Clock Uncertainty:      0.035ns  ((TSJ^2 + TIJ^2)^1/2 + DJ) / 2 + PE
    Total System Jitter     (TSJ):    0.071ns
    Total Input Jitter      (TIJ):    0.000ns
    Discrete Jitter          (DJ):    0.000ns
    Phase Error              (PE):    0.000ns
  Inter-SLR Compensation: 0.006ns  (DCD * PF)
    Destination Clock Delay (DCD):    0.040ns
    Prorating Factor         (PF):    0.150

    Location             Delay type                Incr(ns)  Path(ns)    Netlist Resource(s)
  -------------------------------------------------------------------    -------------------
                         (clock aclk rise edge)       0.000     0.000 r  
                                                      0.000     0.000 r  aclk (IN)
                         net (fo=96076, unset)        0.028     0.028    aclk
    SLICE_X91Y491        FDRE                                         r  st_reg[4]/C
  -------------------------------------------------------------------    -------------------
    SLICE_X91Y491        FDRE (Prop_BFF_SLICEL_C_Q)
                                                      0.079     0.107 r  st_reg[4]/Q
                         net (fo=570, estimated)      0.168     0.275    u_dn/rcvd_reg[0]_2[3]
    SLICE_X91Y491        LUT2 (Prop_D6LUT_SLICEL_I1_O)
                                                      0.036     0.311 r  u_dn/ld_i[10]_i_5/O
                         net (fo=4, estimated)        0.104     0.415    u_gate/gate_done_q_reg_0
    SLICE_X91Y493        LUT6 (Prop_F6LUT_SLICEL_I3_O)
                                                      0.035     0.450 f  u_gate/dn_layer_r[4]_i_2/O
                         net (fo=22, estimated)       0.090     0.540    dn_head
    SLICE_X91Y493        LUT2 (Prop_H6LUT_SLICEL_I1_O)
                                                      0.036     0.576 f  dn_layer_r[4]_i_1/O
                         net (fo=100, estimated)      0.504     1.080    dn_layer_r[4]_i_1_n_0
    SLICE_X90Y533        LUT4 (Prop_D6LUT_SLICEM_I2_O)
                                                      0.037     1.117 r  g_cv[0].wm_reg_bram_6_CASDOMUXEN_B_cooolgate_en_gate_899/O
                         net (fo=16, estimated)       3.301     4.418    g_cv[0].wm_reg_bram_6_CASDOMUXEN_B_cooolgate_en_sig_260
    SLR Crossing[1->2]   
    RAMB36_X4Y162        RAMB36E2                                     r  g_cv[4].wm_reg_bram_6/CASDOMUXEN_B
  -------------------------------------------------------------------    -------------------

                         (clock aclk rise edge)       4.000     4.000 r  
                                                      0.000     4.000 r  aclk (IN)
                         net (fo=96076, unset)        0.040     4.040    aclk
    RAMB36_X4Y162        RAMB36E2                                     r  g_cv[4].wm_reg_bram_6/CLKBWRCLK
                         clock pessimism              0.000     4.040    
                         inter-SLR compensation      -0.006     4.034    
                         clock uncertainty           -0.035     3.999    
    RAMB36_X4Y162        RAMB36E2 (Setup_RAMB36E2_RAMB36_CLKBWRCLK_CASDOMUXEN_B)
                                                     -0.099     3.900    g_cv[4].wm_reg_bram_6
  -------------------------------------------------------------------
                         required time                          3.900    
                         arrival time                          -4.418    
  -------------------------------------------------------------------
                         slack                                 -0.518    

Slack (VIOLATED) :        -0.518ns  (required time - arrival time)
  Source:                 st_reg[4]/C
                            (rising edge-triggered cell FDRE clocked by aclk  {rise@0.000ns fall@2.000ns period=4.000ns})
  Destination:            g_cv[4].wm_reg_bram_6/CASDOMUXEN_B
                            (rising edge-triggered cell RAMB36E2 clocked by aclk  {rise@0.000ns fall@2.000ns period=4.000ns})
  Path Group:             aclk
  Path Type:              Setup (Max at Slow Process Corner)
  Requirement:            4.000ns  (aclk rise@4.000ns - aclk rise@0.000ns)
  Data Path Delay:        4.390ns  (logic 0.223ns (5.080%)  route 4.167ns (94.920%))
  Logic Levels:           4  (LUT2=2 LUT4=1 LUT6=1)
  Clock Path Skew:        0.012ns (DCD - SCD + CPR)
    Destination Clock Delay (DCD):    0.040ns = ( 4.040 - 4.000 ) 
    Source Clock Delay      (SCD):    0.028ns
    Clock Pessimism Removal (CPR):    0.000ns
  Clock Uncertainty:      0.035ns  ((TSJ^2 + TIJ^2)^1/2 + DJ) / 2 + PE
    Total System Jitter     (TSJ):    0.071ns
    Total Input Jitter      (TIJ):    0.000ns
    Discrete Jitter          (DJ):    0.000ns
    Phase Error              (PE):    0.000ns
  Inter-SLR Compensation: 0.006ns  (DCD * PF)
    Destination Clock Delay (DCD):    0.040ns
    Prorating Factor         (PF):    0.150

    Location             Delay type                Incr(ns)  Path(ns)    Netlist Resource(s)
  -------------------------------------------------------------------    -------------------
                         (clock aclk rise edge)       0.000     0.000 r  
                                                      0.000     0.000 r  aclk (IN)
                         net (fo=96076, unset)        0.028     0.028    aclk
    SLICE_X91Y491        FDRE                                         r  st_reg[4]/C
  -------------------------------------------------------------------    -------------------
    SLICE_X91Y491        FDRE (Prop_BFF_SLICEL_C_Q)
                                                      0.079     0.107 f  st_reg[4]/Q
                         net (fo=570, estimated)      0.168     0.275    u_dn/rcvd_reg[0]_2[3]
    SLICE_X91Y491        LUT2 (Prop_D6LUT_SLICEL_I1_O)
                                                      0.036     0.311 f  u_dn/ld_i[10]_i_5/O
                         net (fo=4, estimated)        0.104     0.415    u_gate/gate_done_q_reg_0
    SLICE_X91Y493        LUT6 (Prop_F6LUT_SLICEL_I3_O)
                                                      0.035     0.450 r  u_gate/dn_layer_r[4]_i_2/O
                         net (fo=22, estimated)       0.090     0.540    dn_head
    SLICE_X91Y493        LUT2 (Prop_H6LUT_SLICEL_I1_O)
                                                      0.036     0.576 r  dn_layer_r[4]_i_1/O
                         net (fo=100, estimated)      0.504     1.080    dn_layer_r[4]_i_1_n_0
    SLICE_X90Y533        LUT4 (Prop_D6LUT_SLICEM_I2_O)
                                                      0.037     1.117 f  g_cv[0].wm_reg_bram_6_CASDOMUXEN_B_cooolgate_en_gate_899/O
                         net (fo=16, estimated)       3.301     4.418    g_cv[0].wm_reg_bram_6_CASDOMUXEN_B_cooolgate_en_sig_260
    SLR Crossing[1->2]   
    RAMB36_X4Y162        RAMB36E2                                     f  g_cv[4].wm_reg_bram_6/CASDOMUXEN_B
  -------------------------------------------------------------------    -------------------

                         (clock aclk rise edge)       4.000     4.000 r  
                                                      0.000     4.000 r  aclk (IN)
                         net (fo=96076, unset)        0.040     4.040    aclk
    RAMB36_X4Y162        RAMB36E2                                     r  g_cv[4].wm_reg_bram_6/CLKBWRCLK
                         clock pessimism              0.000     4.040    
                         inter-SLR compensation      -0.006     4.034    
                         clock uncertainty           -0.035     3.999    
    RAMB36_X4Y162        RAMB36E2 (Setup_RAMB36E2_RAMB36_CLKBWRCLK_CASDOMUXEN_B)
                                                     -0.099     3.900    g_cv[4].wm_reg_bram_6
  -------------------------------------------------------------------
                         required time                          3.900    
                         arrival time                          -4.418    
  -------------------------------------------------------------------
                         slack                                 -0.518    

Slack (VIOLATED) :        -0.512ns  (required time - arrival time)
  Source:                 st_reg[3]/C
                            (rising edge-triggered cell FDRE clocked by aclk  {rise@0.000ns fall@2.000ns period=4.000ns})
  Destination:            g_cv[15].wm_reg_bram_6/CASDOMUXEN_B
                            (rising edge-triggered cell RAMB36E2 clocked by aclk  {rise@0.000ns fall@2.000ns period=4.000ns})
  Path Group:             aclk
  Path Type:              Setup (Max at Slow Process Corner)
  Requirement:            4.000ns  (aclk rise@4.000ns - aclk rise@0.000ns)
  Data Path Delay:        4.384ns  (logic 0.300ns (6.843%)  route 4.084ns (93.157%))
  Logic Levels:           3  (LUT2=1 LUT4=1 LUT6=1)
  Clock Path Skew:        0.012ns (DCD - SCD + CPR)
    Destination Clock Delay (DCD):    0.040ns = ( 4.040 - 4.000 ) 
    Source Clock Delay      (SCD):    0.028ns
    Clock Pessimism Removal (CPR):    0.000ns
  Clock Uncertainty:      0.035ns  ((TSJ^2 + TIJ^2)^1/2 + DJ) / 2 + PE
    Total System Jitter     (TSJ):    0.071ns
    Total Input Jitter      (TIJ):    0.000ns
    Discrete Jitter          (DJ):    0.000ns
    Phase Error              (PE):    0.000ns
  Inter-SLR Compensation: 0.006ns  (DCD * PF)
    Destination Clock Delay (DCD):    0.040ns
    Prorating Factor         (PF):    0.150

    Location             Delay type                Incr(ns)  Path(ns)    Netlist Resource(s)
  -------------------------------------------------------------------    -------------------
                         (clock aclk rise edge)       0.000     0.000 r  
                                                      0.000     0.000 r  aclk (IN)
                         net (fo=96076, unset)        0.028     0.028    aclk
    SLICE_X91Y492        FDRE                                         r  st_reg[3]/C
  -------------------------------------------------------------------    -------------------
    SLICE_X91Y492        FDRE (Prop_CFF_SLICEL_C_Q)
                                                      0.079     0.107 r  st_reg[3]/Q
                         net (fo=189, estimated)      0.207     0.314    u_gate/gate_done_q_reg[2]
    SLICE_X91Y493        LUT6 (Prop_F6LUT_SLICEL_I0_O)
                                                      0.148     0.462 f  u_gate/dn_layer_r[4]_i_2/O
                         net (fo=22, estimated)       0.090     0.552    dn_head
    SLICE_X91Y493        LUT2 (Prop_H6LUT_SLICEL_I1_O)
                                                      0.036     0.588 f  dn_layer_r[4]_i_1/O
                         net (fo=100, estimated)      0.504     1.092    dn_layer_r[4]_i_1_n_0
    SLICE_X90Y533        LUT4 (Prop_D6LUT_SLICEM_I2_O)
                                                      0.037     1.129 r  g_cv[0].wm_reg_bram_6_CASDOMUXEN_B_cooolgate_en_gate_899/O
                         net (fo=16, estimated)       3.283     4.412    g_cv[0].wm_reg_bram_6_CASDOMUXEN_B_cooolgate_en_sig_260
    SLR Crossing[1->2]   
    RAMB36_X1Y138        RAMB36E2                                     r  g_cv[15].wm_reg_bram_6/CASDOMUXEN_B
  -------------------------------------------------------------------    -------------------

                         (clock aclk rise edge)       4.000     4.000 r  
                                                      0.000     4.000 r  aclk (IN)
                         net (fo=96076, unset)        0.040     4.040    aclk
    RAMB36_X1Y138        RAMB36E2                                     r  g_cv[15].wm_reg_bram_6/CLKBWRCLK
                         clock pessimism              0.000     4.040    
                         inter-SLR compensation      -0.006     4.034    
                         clock uncertainty           -0.035     3.999    
    RAMB36_X1Y138        RAMB36E2 (Setup_RAMB36E2_RAMB36_CLKBWRCLK_CASDOMUXEN_B)
                                                     -0.099     3.900    g_cv[15].wm_reg_bram_6
  -------------------------------------------------------------------
                         required time                          3.900    
                         arrival time                          -4.412    
  -------------------------------------------------------------------
                         slack                                 -0.512    

Slack (VIOLATED) :        -0.512ns  (required time - arrival time)
  Source:                 st_reg[3]/C
                            (rising edge-triggered cell FDRE clocked by aclk  {rise@0.000ns fall@2.000ns period=4.000ns})
  Destination:            g_cv[15].wm_reg_bram_6/CASDOMUXEN_B
                            (rising edge-triggered cell RAMB36E2 clocked by aclk  {rise@0.000ns fall@2.000ns period=4.000ns})
  Path Group:             aclk
  Path Type:              Setup (Max at Slow Process Corner)
  Requirement:            4.000ns  (aclk rise@4.000ns - aclk rise@0.000ns)
  Data Path Delay:        4.384ns  (logic 0.300ns (6.843%)  route 4.084ns (93.157%))
  Logic Levels:           3  (LUT2=1 LUT4=1 LUT6=1)
  Clock Path Skew:        0.012ns (DCD - SCD + CPR)
    Destination Clock Delay (DCD):    0.040ns = ( 4.040 - 4.000 ) 
    Source Clock Delay      (SCD):    0.028ns
    Clock Pessimism Removal (CPR):    0.000ns
  Clock Uncertainty:      0.035ns  ((TSJ^2 + TIJ^2)^1/2 + DJ) / 2 + PE
    Total System Jitter     (TSJ):    0.071ns
    Total Input Jitter      (TIJ):    0.000ns
    Discrete Jitter          (DJ):    0.000ns
    Phase Error              (PE):    0.000ns
  Inter-SLR Compensation: 0.006ns  (DCD * PF)
    Destination Clock Delay (DCD):    0.040ns
    Prorating Factor         (PF):    0.150

    Location             Delay type                Incr(ns)  Path(ns)    Netlist Resource(s)
  -------------------------------------------------------------------    -------------------
                         (clock aclk rise edge)       0.000     0.000 r  
                                                      0.000     0.000 r  aclk (IN)
                         net (fo=96076, unset)        0.028     0.028    aclk
    SLICE_X91Y492        FDRE                                         r  st_reg[3]/C
  -------------------------------------------------------------------    -------------------
    SLICE_X91Y492        FDRE (Prop_CFF_SLICEL_C_Q)
                                                      0.079     0.107 f  st_reg[3]/Q
                         net (fo=189, estimated)      0.207     0.314    u_gate/gate_done_q_reg[2]
    SLICE_X91Y493        LUT6 (Prop_F6LUT_SLICEL_I0_O)
                                                      0.148     0.462 r  u_gate/dn_layer_r[4]_i_2/O
                         net (fo=22, estimated)       0.090     0.552    dn_head
    SLICE_X91Y493        LUT2 (Prop_H6LUT_SLICEL_I1_O)
                                                      0.036     0.588 r  dn_layer_r[4]_i_1/O
                         net (fo=100, estimated)      0.504     1.092    dn_layer_r[4]_i_1_n_0
    SLICE_X90Y533        LUT4 (Prop_D6LUT_SLICEM_I2_O)
                                                      0.037     1.129 f  g_cv[0].wm_reg_bram_6_CASDOMUXEN_B_cooolgate_en_gate_899/O
                         net (fo=16, estimated)       3.283     4.412    g_cv[0].wm_reg_bram_6_CASDOMUXEN_B_cooolgate_en_sig_260
    SLR Crossing[1->2]   
    RAMB36_X1Y138        RAMB36E2                                     f  g_cv[15].wm_reg_bram_6/CASDOMUXEN_B
  -------------------------------------------------------------------    -------------------

                         (clock aclk rise edge)       4.000     4.000 r  
                                                      0.000     4.000 r  aclk (IN)
                         net (fo=96076, unset)        0.040     4.040    aclk
    RAMB36_X1Y138        RAMB36E2                                     r  g_cv[15].wm_reg_bram_6/CLKBWRCLK
                         clock pessimism              0.000     4.040    
                         inter-SLR compensation      -0.006     4.034    
                         clock uncertainty           -0.035     3.999    
    RAMB36_X1Y138        RAMB36E2 (Setup_RAMB36E2_RAMB36_CLKBWRCLK_CASDOMUXEN_B)
                                                     -0.099     3.900    g_cv[15].wm_reg_bram_6
  -------------------------------------------------------------------
                         required time                          3.900    
                         arrival time                          -4.412    
  -------------------------------------------------------------------
                         slack                                 -0.512    

Slack (VIOLATED) :        -0.511ns  (required time - arrival time)
  Source:                 st_reg[2]/C
                            (rising edge-triggered cell FDRE clocked by aclk  {rise@0.000ns fall@2.000ns period=4.000ns})
  Destination:            g_cv[4].wm_reg_bram_7/CASDOMUXEN_B
                            (rising edge-triggered cell RAMB36E2 clocked by aclk  {rise@0.000ns fall@2.000ns period=4.000ns})
  Path Group:             aclk
  Path Type:              Setup (Max at Slow Process Corner)
  Requirement:            4.000ns  (aclk rise@4.000ns - aclk rise@0.000ns)
  Data Path Delay:        4.381ns  (logic 0.248ns (5.661%)  route 4.133ns (94.339%))
  Logic Levels:           3  (LUT2=1 LUT4=1 LUT6=1)
  Clock Path Skew:        0.010ns (DCD - SCD + CPR)
    Destination Clock Delay (DCD):    0.040ns = ( 4.040 - 4.000 ) 
    Source Clock Delay      (SCD):    0.030ns
    Clock Pessimism Removal (CPR):    0.000ns
  Clock Uncertainty:      0.035ns  ((TSJ^2 + TIJ^2)^1/2 + DJ) / 2 + PE
    Total System Jitter     (TSJ):    0.071ns
    Total Input Jitter      (TIJ):    0.000ns
    Discrete Jitter          (DJ):    0.000ns
    Phase Error              (PE):    0.000ns
  Inter-SLR Compensation: 0.006ns  (DCD * PF)
    Destination Clock Delay (DCD):    0.040ns
    Prorating Factor         (PF):    0.150

    Location             Delay type                Incr(ns)  Path(ns)    Netlist Resource(s)
  -------------------------------------------------------------------    -------------------
                         (clock aclk rise edge)       0.000     0.000 r  
                                                      0.000     0.000 r  aclk (IN)
                         net (fo=96076, unset)        0.030     0.030    aclk
    SLICE_X90Y493        FDRE                                         r  st_reg[2]/C
  -------------------------------------------------------------------    -------------------
    SLICE_X90Y493        FDRE (Prop_BFF2_SLICEM_C_Q)
                                                      0.080     0.110 f  st_reg[2]/Q
                         net (fo=442, estimated)      0.212     0.322    u_gate/gate_done_q_reg[1]
    SLICE_X91Y493        LUT6 (Prop_F6LUT_SLICEL_I2_O)
                                                      0.097     0.419 r  u_gate/dn_layer_r[4]_i_2/O
                         net (fo=22, estimated)       0.090     0.509    dn_head
    SLICE_X91Y493        LUT2 (Prop_H6LUT_SLICEL_I1_O)
                                                      0.036     0.545 r  dn_layer_r[4]_i_1/O
                         net (fo=100, estimated)      0.183     0.728    dn_layer_r[4]_i_1_n_0
    SLICE_X91Y496        LUT4 (Prop_A6LUT_SLICEL_I2_O)
                                                      0.035     0.763 r  g_cv[0].sm_reg_bram_7_CASDOMUXEN_B_cooolgate_en_gate_691/O
                         net (fo=48, estimated)       3.648     4.411    g_cv[0].sm_reg_bram_7_CASDOMUXEN_B_cooolgate_en_sig_252
    SLR Crossing[1->2]   
    RAMB36_X4Y163        RAMB36E2                                     r  g_cv[4].wm_reg_bram_7/CASDOMUXEN_B
  -------------------------------------------------------------------    -------------------

                         (clock aclk rise edge)       4.000     4.000 r  
                                                      0.000     4.000 r  aclk (IN)
                         net (fo=96076, unset)        0.040     4.040    aclk
    RAMB36_X4Y163        RAMB36E2                                     r  g_cv[4].wm_reg_bram_7/CLKBWRCLK
                         clock pessimism              0.000     4.040    
                         inter-SLR compensation      -0.006     4.034    
                         clock uncertainty           -0.035     3.999    
    RAMB36_X4Y163        RAMB36E2 (Setup_RAMB36E2_RAMB36_CLKBWRCLK_CASDOMUXEN_B)
                                                     -0.099     3.900    g_cv[4].wm_reg_bram_7
  -------------------------------------------------------------------
                         required time                          3.900    
                         arrival time                          -4.411    
  -------------------------------------------------------------------
                         slack                                 -0.511    

Slack (VIOLATED) :        -0.511ns  (required time - arrival time)
  Source:                 st_reg[2]/C
                            (rising edge-triggered cell FDRE clocked by aclk  {rise@0.000ns fall@2.000ns period=4.000ns})
  Destination:            g_cv[4].wm_reg_bram_7/CASDOMUXEN_B
                            (rising edge-triggered cell RAMB36E2 clocked by aclk  {rise@0.000ns fall@2.000ns period=4.000ns})
  Path Group:             aclk
  Path Type:              Setup (Max at Slow Process Corner)
  Requirement:            4.000ns  (aclk rise@4.000ns - aclk rise@0.000ns)
  Data Path Delay:        4.381ns  (logic 0.248ns (5.661%)  route 4.133ns (94.339%))
  Logic Levels:           3  (LUT2=1 LUT4=1 LUT6=1)
  Clock Path Skew:        0.010ns (DCD - SCD + CPR)
    Destination Clock Delay (DCD):    0.040ns = ( 4.040 - 4.000 ) 
    Source Clock Delay      (SCD):    0.030ns
    Clock Pessimism Removal (CPR):    0.000ns
  Clock Uncertainty:      0.035ns  ((TSJ^2 + TIJ^2)^1/2 + DJ) / 2 + PE
    Total System Jitter     (TSJ):    0.071ns
    Total Input Jitter      (TIJ):    0.000ns
    Discrete Jitter          (DJ):    0.000ns
    Phase Error              (PE):    0.000ns
  Inter-SLR Compensation: 0.006ns  (DCD * PF)
    Destination Clock Delay (DCD):    0.040ns
    Prorating Factor         (PF):    0.150

    Location             Delay type                Incr(ns)  Path(ns)    Netlist Resource(s)
  -------------------------------------------------------------------    -------------------
                         (clock aclk rise edge)       0.000     0.000 r  
                                                      0.000     0.000 r  aclk (IN)
                         net (fo=96076, unset)        0.030     0.030    aclk
    SLICE_X90Y493        FDRE                                         r  st_reg[2]/C
  -------------------------------------------------------------------    -------------------
    SLICE_X90Y493        FDRE (Prop_BFF2_SLICEM_C_Q)
                                                      0.080     0.110 r  st_reg[2]/Q
                         net (fo=442, estimated)      0.212     0.322    u_gate/gate_done_q_reg[1]
    SLICE_X91Y493        LUT6 (Prop_F6LUT_SLICEL_I2_O)
                                                      0.097     0.419 f  u_gate/dn_layer_r[4]_i_2/O
                         net (fo=22, estimated)       0.090     0.509    dn_head
    SLICE_X91Y493        LUT2 (Prop_H6LUT_SLICEL_I1_O)
                                                      0.036     0.545 f  dn_layer_r[4]_i_1/O
                         net (fo=100, estimated)      0.183     0.728    dn_layer_r[4]_i_1_n_0
    SLICE_X91Y496        LUT4 (Prop_A6LUT_SLICEL_I2_O)
                                                      0.035     0.763 r  g_cv[0].sm_reg_bram_7_CASDOMUXEN_B_cooolgate_en_gate_691/O
                         net (fo=48, estimated)       3.648     4.411    g_cv[0].sm_reg_bram_7_CASDOMUXEN_B_cooolgate_en_sig_252
    SLR Crossing[1->2]   
    RAMB36_X4Y163        RAMB36E2                                     r  g_cv[4].wm_reg_bram_7/CASDOMUXEN_B
  -------------------------------------------------------------------    -------------------

                         (clock aclk rise edge)       4.000     4.000 r  
                                                      0.000     4.000 r  aclk (IN)
                         net (fo=96076, unset)        0.040     4.040    aclk
    RAMB36_X4Y163        RAMB36E2                                     r  g_cv[4].wm_reg_bram_7/CLKBWRCLK
                         clock pessimism              0.000     4.040    
                         inter-SLR compensation      -0.006     4.034    
                         clock uncertainty           -0.035     3.999    
    RAMB36_X4Y163        RAMB36E2 (Setup_RAMB36E2_RAMB36_CLKBWRCLK_CASDOMUXEN_B)
                                                     -0.099     3.900    g_cv[4].wm_reg_bram_7
  -------------------------------------------------------------------
                         required time                          3.900    
                         arrival time                          -4.411    
  -------------------------------------------------------------------
                         slack                                 -0.511    

Slack (VIOLATED) :        -0.511ns  (required time - arrival time)
  Source:                 st_reg[2]/C
                            (rising edge-triggered cell FDRE clocked by aclk  {rise@0.000ns fall@2.000ns period=4.000ns})
  Destination:            g_cv[4].wm_reg_bram_7/CASDOMUXEN_B
                            (rising edge-triggered cell RAMB36E2 clocked by aclk  {rise@0.000ns fall@2.000ns period=4.000ns})
  Path Group:             aclk
  Path Type:              Setup (Max at Slow Process Corner)
  Requirement:            4.000ns  (aclk rise@4.000ns - aclk rise@0.000ns)
  Data Path Delay:        4.381ns  (logic 0.248ns (5.661%)  route 4.133ns (94.339%))
  Logic Levels:           3  (LUT2=1 LUT4=1 LUT6=1)
  Clock Path Skew:        0.010ns (DCD - SCD + CPR)
    Destination Clock Delay (DCD):    0.040ns = ( 4.040 - 4.000 ) 
    Source Clock Delay      (SCD):    0.030ns
    Clock Pessimism Removal (CPR):    0.000ns
  Clock Uncertainty:      0.035ns  ((TSJ^2 + TIJ^2)^1/2 + DJ) / 2 + PE
    Total System Jitter     (TSJ):    0.071ns
    Total Input Jitter      (TIJ):    0.000ns
    Discrete Jitter          (DJ):    0.000ns
    Phase Error              (PE):    0.000ns
  Inter-SLR Compensation: 0.006ns  (DCD * PF)
    Destination Clock Delay (DCD):    0.040ns
    Prorating Factor         (PF):    0.150

    Location             Delay type                Incr(ns)  Path(ns)    Netlist Resource(s)
  -------------------------------------------------------------------    -------------------
                         (clock aclk rise edge)       0.000     0.000 r  
                                                      0.000     0.000 r  aclk (IN)
                         net (fo=96076, unset)        0.030     0.030    aclk
    SLICE_X90Y493        FDRE                                         r  st_reg[2]/C
  -------------------------------------------------------------------    -------------------
    SLICE_X90Y493        FDRE (Prop_BFF2_SLICEM_C_Q)
                                                      0.080     0.110 f  st_reg[2]/Q
                         net (fo=442, estimated)      0.212     0.322    u_gate/gate_done_q_reg[1]
    SLICE_X91Y493        LUT6 (Prop_F6LUT_SLICEL_I2_O)
                                                      0.097     0.419 r  u_gate/dn_layer_r[4]_i_2/O
                         net (fo=22, estimated)       0.090     0.509    dn_head
    SLICE_X91Y493        LUT2 (Prop_H6LUT_SLICEL_I1_O)
                                                      0.036     0.545 r  dn_layer_r[4]_i_1/O
                         net (fo=100, estimated)      0.183     0.728    dn_layer_r[4]_i_1_n_0
    SLICE_X91Y496        LUT4 (Prop_A6LUT_SLICEL_I2_O)
                                                      0.035     0.763 f  g_cv[0].sm_reg_bram_7_CASDOMUXEN_B_cooolgate_en_gate_691/O
                         net (fo=48, estimated)       3.648     4.411    g_cv[0].sm_reg_bram_7_CASDOMUXEN_B_cooolgate_en_sig_252
    SLR Crossing[1->2]   
    RAMB36_X4Y163        RAMB36E2                                     f  g_cv[4].wm_reg_bram_7/CASDOMUXEN_B
  -------------------------------------------------------------------    -------------------

                         (clock aclk rise edge)       4.000     4.000 r  
                                                      0.000     4.000 r  aclk (IN)
                         net (fo=96076, unset)        0.040     4.040    aclk
    RAMB36_X4Y163        RAMB36E2                                     r  g_cv[4].wm_reg_bram_7/CLKBWRCLK
                         clock pessimism              0.000     4.040    
                         inter-SLR compensation      -0.006     4.034    
                         clock uncertainty           -0.035     3.999    
    RAMB36_X4Y163        RAMB36E2 (Setup_RAMB36E2_RAMB36_CLKBWRCLK_CASDOMUXEN_B)
                                                     -0.099     3.900    g_cv[4].wm_reg_bram_7
  -------------------------------------------------------------------
                         required time                          3.900    
                         arrival time                          -4.411    
  -------------------------------------------------------------------
                         slack                                 -0.511    

Slack (VIOLATED) :        -0.511ns  (required time - arrival time)
  Source:                 st_reg[2]/C
                            (rising edge-triggered cell FDRE clocked by aclk  {rise@0.000ns fall@2.000ns period=4.000ns})
  Destination:            g_cv[4].wm_reg_bram_7/CASDOMUXEN_B
                            (rising edge-triggered cell RAMB36E2 clocked by aclk  {rise@0.000ns fall@2.000ns period=4.000ns})
  Path Group:             aclk
  Path Type:              Setup (Max at Slow Process Corner)
  Requirement:            4.000ns  (aclk rise@4.000ns - aclk rise@0.000ns)
  Data Path Delay:        4.381ns  (logic 0.248ns (5.661%)  route 4.133ns (94.339%))
  Logic Levels:           3  (LUT2=1 LUT4=1 LUT6=1)
  Clock Path Skew:        0.010ns (DCD - SCD + CPR)
    Destination Clock Delay (DCD):    0.040ns = ( 4.040 - 4.000 ) 
    Source Clock Delay      (SCD):    0.030ns
    Clock Pessimism Removal (CPR):    0.000ns
  Clock Uncertainty:      0.035ns  ((TSJ^2 + TIJ^2)^1/2 + DJ) / 2 + PE
    Total System Jitter     (TSJ):    0.071ns
    Total Input Jitter      (TIJ):    0.000ns
    Discrete Jitter          (DJ):    0.000ns
    Phase Error              (PE):    0.000ns
  Inter-SLR Compensation: 0.006ns  (DCD * PF)
    Destination Clock Delay (DCD):    0.040ns
    Prorating Factor         (PF):    0.150

    Location             Delay type                Incr(ns)  Path(ns)    Netlist Resource(s)
  -------------------------------------------------------------------    -------------------
                         (clock aclk rise edge)       0.000     0.000 r  
                                                      0.000     0.000 r  aclk (IN)
                         net (fo=96076, unset)        0.030     0.030    aclk
    SLICE_X90Y493        FDRE                                         r  st_reg[2]/C
  -------------------------------------------------------------------    -------------------
    SLICE_X90Y493        FDRE (Prop_BFF2_SLICEM_C_Q)
                                                      0.080     0.110 r  st_reg[2]/Q
                         net (fo=442, estimated)      0.212     0.322    u_gate/gate_done_q_reg[1]
    SLICE_X91Y493        LUT6 (Prop_F6LUT_SLICEL_I2_O)
                                                      0.097     0.419 f  u_gate/dn_layer_r[4]_i_2/O
                         net (fo=22, estimated)       0.090     0.509    dn_head
    SLICE_X91Y493        LUT2 (Prop_H6LUT_SLICEL_I1_O)
                                                      0.036     0.545 f  dn_layer_r[4]_i_1/O
                         net (fo=100, estimated)      0.183     0.728    dn_layer_r[4]_i_1_n_0
    SLICE_X91Y496        LUT4 (Prop_A6LUT_SLICEL_I2_O)
                                                      0.035     0.763 f  g_cv[0].sm_reg_bram_7_CASDOMUXEN_B_cooolgate_en_gate_691/O
                         net (fo=48, estimated)       3.648     4.411    g_cv[0].sm_reg_bram_7_CASDOMUXEN_B_cooolgate_en_sig_252
    SLR Crossing[1->2]   
    RAMB36_X4Y163        RAMB36E2                                     f  g_cv[4].wm_reg_bram_7/CASDOMUXEN_B
  -------------------------------------------------------------------    -------------------

                         (clock aclk rise edge)       4.000     4.000 r  
                                                      0.000     4.000 r  aclk (IN)
                         net (fo=96076, unset)        0.040     4.040    aclk
    RAMB36_X4Y163        RAMB36E2                                     r  g_cv[4].wm_reg_bram_7/CLKBWRCLK
                         clock pessimism              0.000     4.040    
                         inter-SLR compensation      -0.006     4.034    
                         clock uncertainty           -0.035     3.999    
    RAMB36_X4Y163        RAMB36E2 (Setup_RAMB36E2_RAMB36_CLKBWRCLK_CASDOMUXEN_B)
                                                     -0.099     3.900    g_cv[4].wm_reg_bram_7
  -------------------------------------------------------------------
                         required time                          3.900    
                         arrival time                          -4.411    
  -------------------------------------------------------------------
                         slack                                 -0.511    

Slack (VIOLATED) :        -0.508ns  (required time - arrival time)
  Source:                 st_reg[0]/C
                            (rising edge-triggered cell FDRE clocked by aclk  {rise@0.000ns fall@2.000ns period=4.000ns})
  Destination:            g_cv[4].wm_reg_bram_7/CASDOMUXEN_B
                            (rising edge-triggered cell RAMB36E2 clocked by aclk  {rise@0.000ns fall@2.000ns period=4.000ns})
  Path Group:             aclk
  Path Type:              Setup (Max at Slow Process Corner)
  Requirement:            4.000ns  (aclk rise@4.000ns - aclk rise@0.000ns)
  Data Path Delay:        4.380ns  (logic 0.274ns (6.256%)  route 4.106ns (93.744%))
  Logic Levels:           3  (LUT2=1 LUT4=1 LUT6=1)
  Clock Path Skew:        0.012ns (DCD - SCD + CPR)
    Destination Clock Delay (DCD):    0.040ns = ( 4.040 - 4.000 ) 
    Source Clock Delay      (SCD):    0.028ns
    Clock Pessimism Removal (CPR):    0.000ns
  Clock Uncertainty:      0.035ns  ((TSJ^2 + TIJ^2)^1/2 + DJ) / 2 + PE
    Total System Jitter     (TSJ):    0.071ns
    Total Input Jitter      (TIJ):    0.000ns
    Discrete Jitter          (DJ):    0.000ns
    Phase Error              (PE):    0.000ns
  Inter-SLR Compensation: 0.006ns  (DCD * PF)
    Destination Clock Delay (DCD):    0.040ns
    Prorating Factor         (PF):    0.150

    Location             Delay type                Incr(ns)  Path(ns)    Netlist Resource(s)
  -------------------------------------------------------------------    -------------------
                         (clock aclk rise edge)       0.000     0.000 r  
                                                      0.000     0.000 r  aclk (IN)
                         net (fo=96076, unset)        0.028     0.028    aclk
    SLICE_X91Y492        FDRE                                         r  st_reg[0]/C
  -------------------------------------------------------------------    -------------------
    SLICE_X91Y492        FDRE (Prop_BFF2_SLICEL_C_Q)
                                                      0.080     0.108 f  st_reg[0]/Q
                         net (fo=126, estimated)      0.185     0.293    u_gate/gate_done_q_reg[0]
    SLICE_X91Y493        LUT6 (Prop_F6LUT_SLICEL_I1_O)
                                                      0.123     0.416 r  u_gate/dn_layer_r[4]_i_2/O
                         net (fo=22, estimated)       0.090     0.506    dn_head
    SLICE_X91Y493        LUT2 (Prop_H6LUT_SLICEL_I1_O)
                                                      0.036     0.542 r  dn_layer_r[4]_i_1/O
                         net (fo=100, estimated)      0.183     0.725    dn_layer_r[4]_i_1_n_0
    SLICE_X91Y496        LUT4 (Prop_A6LUT_SLICEL_I2_O)
                                                      0.035     0.760 r  g_cv[0].sm_reg_bram_7_CASDOMUXEN_B_cooolgate_en_gate_691/O
                         net (fo=48, estimated)       3.648     4.408    g_cv[0].sm_reg_bram_7_CASDOMUXEN_B_cooolgate_en_sig_252
    SLR Crossing[1->2]   
    RAMB36_X4Y163        RAMB36E2                                     r  g_cv[4].wm_reg_bram_7/CASDOMUXEN_B
  -------------------------------------------------------------------    -------------------

                         (clock aclk rise edge)       4.000     4.000 r  
                                                      0.000     4.000 r  aclk (IN)
                         net (fo=96076, unset)        0.040     4.040    aclk
    RAMB36_X4Y163        RAMB36E2                                     r  g_cv[4].wm_reg_bram_7/CLKBWRCLK
                         clock pessimism              0.000     4.040    
                         inter-SLR compensation      -0.006     4.034    
                         clock uncertainty           -0.035     3.999    
    RAMB36_X4Y163        RAMB36E2 (Setup_RAMB36E2_RAMB36_CLKBWRCLK_CASDOMUXEN_B)
                                                     -0.099     3.900    g_cv[4].wm_reg_bram_7
  -------------------------------------------------------------------
                         required time                          3.900    
                         arrival time                          -4.408    
  -------------------------------------------------------------------
                         slack                                 -0.508    

Slack (VIOLATED) :        -0.508ns  (required time - arrival time)
  Source:                 st_reg[0]/C
                            (rising edge-triggered cell FDRE clocked by aclk  {rise@0.000ns fall@2.000ns period=4.000ns})
  Destination:            g_cv[4].wm_reg_bram_7/CASDOMUXEN_B
                            (rising edge-triggered cell RAMB36E2 clocked by aclk  {rise@0.000ns fall@2.000ns period=4.000ns})
  Path Group:             aclk
  Path Type:              Setup (Max at Slow Process Corner)
  Requirement:            4.000ns  (aclk rise@4.000ns - aclk rise@0.000ns)
  Data Path Delay:        4.380ns  (logic 0.274ns (6.256%)  route 4.106ns (93.744%))
  Logic Levels:           3  (LUT2=1 LUT4=1 LUT6=1)
  Clock Path Skew:        0.012ns (DCD - SCD + CPR)
    Destination Clock Delay (DCD):    0.040ns = ( 4.040 - 4.000 ) 
    Source Clock Delay      (SCD):    0.028ns
    Clock Pessimism Removal (CPR):    0.000ns
  Clock Uncertainty:      0.035ns  ((TSJ^2 + TIJ^2)^1/2 + DJ) / 2 + PE
    Total System Jitter     (TSJ):    0.071ns
    Total Input Jitter      (TIJ):    0.000ns
    Discrete Jitter          (DJ):    0.000ns
    Phase Error              (PE):    0.000ns
  Inter-SLR Compensation: 0.006ns  (DCD * PF)
    Destination Clock Delay (DCD):    0.040ns
    Prorating Factor         (PF):    0.150

    Location             Delay type                Incr(ns)  Path(ns)    Netlist Resource(s)
  -------------------------------------------------------------------    -------------------
                         (clock aclk rise edge)       0.000     0.000 r  
                                                      0.000     0.000 r  aclk (IN)
                         net (fo=96076, unset)        0.028     0.028    aclk
    SLICE_X91Y492        FDRE                                         r  st_reg[0]/C
  -------------------------------------------------------------------    -------------------
    SLICE_X91Y492        FDRE (Prop_BFF2_SLICEL_C_Q)
                                                      0.080     0.108 r  st_reg[0]/Q
                         net (fo=126, estimated)      0.185     0.293    u_gate/gate_done_q_reg[0]
    SLICE_X91Y493        LUT6 (Prop_F6LUT_SLICEL_I1_O)
                                                      0.123     0.416 f  u_gate/dn_layer_r[4]_i_2/O
                         net (fo=22, estimated)       0.090     0.506    dn_head
    SLICE_X91Y493        LUT2 (Prop_H6LUT_SLICEL_I1_O)
                                                      0.036     0.542 f  dn_layer_r[4]_i_1/O
                         net (fo=100, estimated)      0.183     0.725    dn_layer_r[4]_i_1_n_0
    SLICE_X91Y496        LUT4 (Prop_A6LUT_SLICEL_I2_O)
                                                      0.035     0.760 r  g_cv[0].sm_reg_bram_7_CASDOMUXEN_B_cooolgate_en_gate_691/O
                         net (fo=48, estimated)       3.648     4.408    g_cv[0].sm_reg_bram_7_CASDOMUXEN_B_cooolgate_en_sig_252
    SLR Crossing[1->2]   
    RAMB36_X4Y163        RAMB36E2                                     r  g_cv[4].wm_reg_bram_7/CASDOMUXEN_B
  -------------------------------------------------------------------    -------------------

                         (clock aclk rise edge)       4.000     4.000 r  
                                                      0.000     4.000 r  aclk (IN)
                         net (fo=96076, unset)        0.040     4.040    aclk
    RAMB36_X4Y163        RAMB36E2                                     r  g_cv[4].wm_reg_bram_7/CLKBWRCLK
                         clock pessimism              0.000     4.040    
                         inter-SLR compensation      -0.006     4.034    
                         clock uncertainty           -0.035     3.999    
    RAMB36_X4Y163        RAMB36E2 (Setup_RAMB36E2_RAMB36_CLKBWRCLK_CASDOMUXEN_B)
                                                     -0.099     3.900    g_cv[4].wm_reg_bram_7
  -------------------------------------------------------------------
                         required time                          3.900    
                         arrival time                          -4.408    
  -------------------------------------------------------------------
                         slack                                 -0.508    




