Copyright 1986-2022 Xilinx, Inc. All Rights Reserved. Copyright 2022-2024 Advanced Micro Devices, Inc. All Rights Reserved.
-------------------------------------------------------------------------------------------------------------------------------------------------------------------------------------------------------------------------------------------------------------------------
| Tool Version      : Vivado v.2024.2 (lin64) Build 5239630 Fri Nov 08 22:34:34 MST 2024
| Date              : Fri Sep  4 03:39:44 2026
| Host              : snoke running 64-bit Ubuntu 24.04.4 LTS
| Command           : report_timing -to [get_cells -quiet -hier -filter {NAME =~ *g_cv* && (REF_NAME =~ RAMB36* || REF_NAME =~ RAMB18*)}] -max_paths 20 -nworst 20 -setup -file /home/cah/r2d2/code/fpga/fable5_llm/synth/out_exp_uram_g5_v6/reports/conv_bram_paths.rpt
| Design            : layer_chan
| Device            : xcvu9p-fsgd2104
| Speed File        : -2L  PRODUCTION 1.28 03-30-2022
| Design State      : Fully Placed
| Temperature Grade : E
-------------------------------------------------------------------------------------------------------------------------------------------------------------------------------------------------------------------------------------------------------------------------

Timing Report

Slack (VIOLATED) :        -0.548ns  (required time - arrival time)
  Source:                 rstn_i_reg/C
                            (rising edge-triggered cell FDRE clocked by aclk  {rise@0.000ns fall@2.000ns period=4.000ns})
  Destination:            g_cv[16].sm_reg_bram_7/CASDOMUXEN_B
                            (rising edge-triggered cell RAMB36E2 clocked by aclk  {rise@0.000ns fall@2.000ns period=4.000ns})
  Path Group:             aclk
  Path Type:              Setup (Max at Slow Process Corner)
  Requirement:            4.000ns  (aclk rise@4.000ns - aclk rise@0.000ns)
  Data Path Delay:        4.420ns  (logic 0.230ns (5.204%)  route 4.190ns (94.796%))
  Logic Levels:           2  (LUT4=2)
  Clock Path Skew:        0.012ns (DCD - SCD + CPR)
    Destination Clock Delay (DCD):    0.040ns = ( 4.040 - 4.000 ) 
    Source Clock Delay      (SCD):    0.028ns
    Clock Pessimism Removal (CPR):    0.000ns
  Clock Uncertainty:      0.035ns  ((TSJ^2 + TIJ^2)^1/2 + DJ) / 2 + PE
    Total System Jitter     (TSJ):    0.071ns
    Total Input Jitter      (TIJ):    0.000ns
    Discrete Jitter          (DJ):    0.000ns
    Phase Error              (PE):    0.000ns
  Inter-SLR Compensation: 0.006ns  (DCD * PF)
    Destination Clock Delay (DCD):    0.040ns
    Prorating Factor         (PF):    0.150

    Location             Delay type                Incr(ns)  Path(ns)    PBlock               Netlist Resource(s)
  -------------------------------------------------------------------    ----------------------------------------
                         (clock aclk rise edge)       0.000     0.000 r                       
                                                      0.000     0.000 r                       aclk (IN)
                         net (fo=95277, unset)        0.028     0.028                         aclk
    SLICE_X77Y603        FDRE                                         r                       rstn_i_reg/C
  -------------------------------------------------------------------    ----------------------------------------
    SLICE_X77Y603        FDRE (Prop_AFF2_SLICEL_C_Q)
                                                      0.081     0.109 r                       rstn_i_reg/Q
                         net (fo=20, estimated)       0.187     0.296                         rstn_i
    SLICE_X77Y603        LUT4 (Prop_B6LUT_SLICEL_I0_O)
                                                      0.098     0.394 f                       xrf_we_i_1/O
                         net (fo=9, estimated)        1.085     1.479                         xrf_we
    SLR Crossing[2->1]   
    SLICE_X77Y527        LUT4 (Prop_B6LUT_SLICEL_I3_O)
                                                      0.051     1.530 r                       g_cv[16].sm_reg_bram_7_CASDOMUXEN_B_cooolgate_en_gate_916/O
                         net (fo=16, estimated)       2.918     4.448                         g_cv[16].sm_reg_bram_7_CASDOMUXEN_B_cooolgate_en_sig_261
    RAMB36_X10Y71        RAMB36E2                                     r  pb_conv              g_cv[16].sm_reg_bram_7/CASDOMUXEN_B
  -------------------------------------------------------------------    ----------------------------------------

                         (clock aclk rise edge)       4.000     4.000 r                       
                                                      0.000     4.000 r                       aclk (IN)
                         net (fo=95277, unset)        0.040     4.040                         aclk
    RAMB36_X10Y71        RAMB36E2                                     r  pb_conv              g_cv[16].sm_reg_bram_7/CLKBWRCLK
                         clock pessimism              0.000     4.040                           
                         inter-SLR compensation      -0.006     4.034                           
                         clock uncertainty           -0.035     3.999                           
    RAMB36_X10Y71        RAMB36E2 (Setup_RAMB36E2_RAMB36_CLKBWRCLK_CASDOMUXEN_B)
                                                     -0.099     3.900    pb_conv                g_cv[16].sm_reg_bram_7
  -------------------------------------------------------------------
                         required time                          3.900                           
                         arrival time                          -4.448                           
  -------------------------------------------------------------------
                         slack                                 -0.548                           

Slack (VIOLATED) :        -0.548ns  (required time - arrival time)
  Source:                 rstn_i_reg/C
                            (rising edge-triggered cell FDRE clocked by aclk  {rise@0.000ns fall@2.000ns period=4.000ns})
  Destination:            g_cv[16].sm_reg_bram_7/CASDOMUXEN_B
                            (rising edge-triggered cell RAMB36E2 clocked by aclk  {rise@0.000ns fall@2.000ns period=4.000ns})
  Path Group:             aclk
  Path Type:              Setup (Max at Slow Process Corner)
  Requirement:            4.000ns  (aclk rise@4.000ns - aclk rise@0.000ns)
  Data Path Delay:        4.420ns  (logic 0.230ns (5.204%)  route 4.190ns (94.796%))
  Logic Levels:           2  (LUT4=2)
  Clock Path Skew:        0.012ns (DCD - SCD + CPR)
    Destination Clock Delay (DCD):    0.040ns = ( 4.040 - 4.000 ) 
    Source Clock Delay      (SCD):    0.028ns
    Clock Pessimism Removal (CPR):    0.000ns
  Clock Uncertainty:      0.035ns  ((TSJ^2 + TIJ^2)^1/2 + DJ) / 2 + PE
    Total System Jitter     (TSJ):    0.071ns
    Total Input Jitter      (TIJ):    0.000ns
    Discrete Jitter          (DJ):    0.000ns
    Phase Error              (PE):    0.000ns
  Inter-SLR Compensation: 0.006ns  (DCD * PF)
    Destination Clock Delay (DCD):    0.040ns
    Prorating Factor         (PF):    0.150

    Location             Delay type                Incr(ns)  Path(ns)    PBlock               Netlist Resource(s)
  -------------------------------------------------------------------    ----------------------------------------
                         (clock aclk rise edge)       0.000     0.000 r                       
                                                      0.000     0.000 r                       aclk (IN)
                         net (fo=95277, unset)        0.028     0.028                         aclk
    SLICE_X77Y603        FDRE                                         r                       rstn_i_reg/C
  -------------------------------------------------------------------    ----------------------------------------
    SLICE_X77Y603        FDRE (Prop_AFF2_SLICEL_C_Q)
                                                      0.081     0.109 f                       rstn_i_reg/Q
                         net (fo=20, estimated)       0.187     0.296                         rstn_i
    SLICE_X77Y603        LUT4 (Prop_B6LUT_SLICEL_I0_O)
                                                      0.098     0.394 r                       xrf_we_i_1/O
                         net (fo=9, estimated)        1.085     1.479                         xrf_we
    SLR Crossing[2->1]   
    SLICE_X77Y527        LUT4 (Prop_B6LUT_SLICEL_I3_O)
                                                      0.051     1.530 f                       g_cv[16].sm_reg_bram_7_CASDOMUXEN_B_cooolgate_en_gate_916/O
                         net (fo=16, estimated)       2.918     4.448                         g_cv[16].sm_reg_bram_7_CASDOMUXEN_B_cooolgate_en_sig_261
    RAMB36_X10Y71        RAMB36E2                                     f  pb_conv              g_cv[16].sm_reg_bram_7/CASDOMUXEN_B
  -------------------------------------------------------------------    ----------------------------------------

                         (clock aclk rise edge)       4.000     4.000 r                       
                                                      0.000     4.000 r                       aclk (IN)
                         net (fo=95277, unset)        0.040     4.040                         aclk
    RAMB36_X10Y71        RAMB36E2                                     r  pb_conv              g_cv[16].sm_reg_bram_7/CLKBWRCLK
                         clock pessimism              0.000     4.040                           
                         inter-SLR compensation      -0.006     4.034                           
                         clock uncertainty           -0.035     3.999                           
    RAMB36_X10Y71        RAMB36E2 (Setup_RAMB36E2_RAMB36_CLKBWRCLK_CASDOMUXEN_B)
                                                     -0.099     3.900    pb_conv                g_cv[16].sm_reg_bram_7
  -------------------------------------------------------------------
                         required time                          3.900                           
                         arrival time                          -4.448                           
  -------------------------------------------------------------------
                         slack                                 -0.548                           

Slack (VIOLATED) :        -0.517ns  (required time - arrival time)
  Source:                 w_got_reg/C
                            (rising edge-triggered cell FDRE clocked by aclk  {rise@0.000ns fall@2.000ns period=4.000ns})
  Destination:            g_cv[16].sm_reg_bram_7/CASDOMUXEN_B
                            (rising edge-triggered cell RAMB36E2 clocked by aclk  {rise@0.000ns fall@2.000ns period=4.000ns})
  Path Group:             aclk
  Path Type:              Setup (Max at Slow Process Corner)
  Requirement:            4.000ns  (aclk rise@4.000ns - aclk rise@0.000ns)
  Data Path Delay:        4.387ns  (logic 0.181ns (4.126%)  route 4.206ns (95.874%))
  Logic Levels:           2  (LUT4=2)
  Clock Path Skew:        0.010ns (DCD - SCD + CPR)
    Destination Clock Delay (DCD):    0.040ns = ( 4.040 - 4.000 ) 
    Source Clock Delay      (SCD):    0.030ns
    Clock Pessimism Removal (CPR):    0.000ns
  Clock Uncertainty:      0.035ns  ((TSJ^2 + TIJ^2)^1/2 + DJ) / 2 + PE
    Total System Jitter     (TSJ):    0.071ns
    Total Input Jitter      (TIJ):    0.000ns
    Discrete Jitter          (DJ):    0.000ns
    Phase Error              (PE):    0.000ns
  Inter-SLR Compensation: 0.006ns  (DCD * PF)
    Destination Clock Delay (DCD):    0.040ns
    Prorating Factor         (PF):    0.150

    Location             Delay type                Incr(ns)  Path(ns)    PBlock               Netlist Resource(s)
  -------------------------------------------------------------------    ----------------------------------------
                         (clock aclk rise edge)       0.000     0.000 r                       
                                                      0.000     0.000 r                       aclk (IN)
                         net (fo=95277, unset)        0.030     0.030                         aclk
    SLICE_X76Y602        FDRE                                         r                       w_got_reg/C
  -------------------------------------------------------------------    ----------------------------------------
    SLICE_X76Y602        FDRE (Prop_EFF2_SLICEM_C_Q)
                                                      0.079     0.109 r                       w_got_reg/Q
                         net (fo=46, estimated)       0.203     0.312                         w_got_reg_n_0
    SLICE_X77Y603        LUT4 (Prop_B6LUT_SLICEL_I2_O)
                                                      0.051     0.363 f                       xrf_we_i_1/O
                         net (fo=9, estimated)        1.085     1.448                         xrf_we
    SLR Crossing[2->1]   
    SLICE_X77Y527        LUT4 (Prop_B6LUT_SLICEL_I3_O)
                                                      0.051     1.499 r                       g_cv[16].sm_reg_bram_7_CASDOMUXEN_B_cooolgate_en_gate_916/O
                         net (fo=16, estimated)       2.918     4.417                         g_cv[16].sm_reg_bram_7_CASDOMUXEN_B_cooolgate_en_sig_261
    RAMB36_X10Y71        RAMB36E2                                     r  pb_conv              g_cv[16].sm_reg_bram_7/CASDOMUXEN_B
  -------------------------------------------------------------------    ----------------------------------------

                         (clock aclk rise edge)       4.000     4.000 r                       
                                                      0.000     4.000 r                       aclk (IN)
                         net (fo=95277, unset)        0.040     4.040                         aclk
    RAMB36_X10Y71        RAMB36E2                                     r  pb_conv              g_cv[16].sm_reg_bram_7/CLKBWRCLK
                         clock pessimism              0.000     4.040                           
                         inter-SLR compensation      -0.006     4.034                           
                         clock uncertainty           -0.035     3.999                           
    RAMB36_X10Y71        RAMB36E2 (Setup_RAMB36E2_RAMB36_CLKBWRCLK_CASDOMUXEN_B)
                                                     -0.099     3.900    pb_conv                g_cv[16].sm_reg_bram_7
  -------------------------------------------------------------------
                         required time                          3.900                           
                         arrival time                          -4.417                           
  -------------------------------------------------------------------
                         slack                                 -0.517                           

Slack (VIOLATED) :        -0.517ns  (required time - arrival time)
  Source:                 w_got_reg/C
                            (rising edge-triggered cell FDRE clocked by aclk  {rise@0.000ns fall@2.000ns period=4.000ns})
  Destination:            g_cv[16].sm_reg_bram_7/CASDOMUXEN_B
                            (rising edge-triggered cell RAMB36E2 clocked by aclk  {rise@0.000ns fall@2.000ns period=4.000ns})
  Path Group:             aclk
  Path Type:              Setup (Max at Slow Process Corner)
  Requirement:            4.000ns  (aclk rise@4.000ns - aclk rise@0.000ns)
  Data Path Delay:        4.387ns  (logic 0.181ns (4.126%)  route 4.206ns (95.874%))
  Logic Levels:           2  (LUT4=2)
  Clock Path Skew:        0.010ns (DCD - SCD + CPR)
    Destination Clock Delay (DCD):    0.040ns = ( 4.040 - 4.000 ) 
    Source Clock Delay      (SCD):    0.030ns
    Clock Pessimism Removal (CPR):    0.000ns
  Clock Uncertainty:      0.035ns  ((TSJ^2 + TIJ^2)^1/2 + DJ) / 2 + PE
    Total System Jitter     (TSJ):    0.071ns
    Total Input Jitter      (TIJ):    0.000ns
    Discrete Jitter          (DJ):    0.000ns
    Phase Error              (PE):    0.000ns
  Inter-SLR Compensation: 0.006ns  (DCD * PF)
    Destination Clock Delay (DCD):    0.040ns
    Prorating Factor         (PF):    0.150

    Location             Delay type                Incr(ns)  Path(ns)    PBlock               Netlist Resource(s)
  -------------------------------------------------------------------    ----------------------------------------
                         (clock aclk rise edge)       0.000     0.000 r                       
                                                      0.000     0.000 r                       aclk (IN)
                         net (fo=95277, unset)        0.030     0.030                         aclk
    SLICE_X76Y602        FDRE                                         r                       w_got_reg/C
  -------------------------------------------------------------------    ----------------------------------------
    SLICE_X76Y602        FDRE (Prop_EFF2_SLICEM_C_Q)
                                                      0.079     0.109 f                       w_got_reg/Q
                         net (fo=46, estimated)       0.203     0.312                         w_got_reg_n_0
    SLICE_X77Y603        LUT4 (Prop_B6LUT_SLICEL_I2_O)
                                                      0.051     0.363 r                       xrf_we_i_1/O
                         net (fo=9, estimated)        1.085     1.448                         xrf_we
    SLR Crossing[2->1]   
    SLICE_X77Y527        LUT4 (Prop_B6LUT_SLICEL_I3_O)
                                                      0.051     1.499 f                       g_cv[16].sm_reg_bram_7_CASDOMUXEN_B_cooolgate_en_gate_916/O
                         net (fo=16, estimated)       2.918     4.417                         g_cv[16].sm_reg_bram_7_CASDOMUXEN_B_cooolgate_en_sig_261
    RAMB36_X10Y71        RAMB36E2                                     f  pb_conv              g_cv[16].sm_reg_bram_7/CASDOMUXEN_B
  -------------------------------------------------------------------    ----------------------------------------

                         (clock aclk rise edge)       4.000     4.000 r                       
                                                      0.000     4.000 r                       aclk (IN)
                         net (fo=95277, unset)        0.040     4.040                         aclk
    RAMB36_X10Y71        RAMB36E2                                     r  pb_conv              g_cv[16].sm_reg_bram_7/CLKBWRCLK
                         clock pessimism              0.000     4.040                           
                         inter-SLR compensation      -0.006     4.034                           
                         clock uncertainty           -0.035     3.999                           
    RAMB36_X10Y71        RAMB36E2 (Setup_RAMB36E2_RAMB36_CLKBWRCLK_CASDOMUXEN_B)
                                                     -0.099     3.900    pb_conv                g_cv[16].sm_reg_bram_7
  -------------------------------------------------------------------
                         required time                          3.900                           
                         arrival time                          -4.417                           
  -------------------------------------------------------------------
                         slack                                 -0.517                           

Slack (VIOLATED) :        -0.507ns  (required time - arrival time)
  Source:                 s_axil_bvalid_reg/C
                            (rising edge-triggered cell FDRE clocked by aclk  {rise@0.000ns fall@2.000ns period=4.000ns})
  Destination:            g_cv[16].sm_reg_bram_7/CASDOMUXEN_B
                            (rising edge-triggered cell RAMB36E2 clocked by aclk  {rise@0.000ns fall@2.000ns period=4.000ns})
  Path Group:             aclk
  Path Type:              Setup (Max at Slow Process Corner)
  Requirement:            4.000ns  (aclk rise@4.000ns - aclk rise@0.000ns)
  Data Path Delay:        4.379ns  (logic 0.220ns (5.024%)  route 4.159ns (94.976%))
  Logic Levels:           2  (LUT4=2)
  Clock Path Skew:        0.012ns (DCD - SCD + CPR)
    Destination Clock Delay (DCD):    0.040ns = ( 4.040 - 4.000 ) 
    Source Clock Delay      (SCD):    0.028ns
    Clock Pessimism Removal (CPR):    0.000ns
  Clock Uncertainty:      0.035ns  ((TSJ^2 + TIJ^2)^1/2 + DJ) / 2 + PE
    Total System Jitter     (TSJ):    0.071ns
    Total Input Jitter      (TIJ):    0.000ns
    Discrete Jitter          (DJ):    0.000ns
    Phase Error              (PE):    0.000ns
  Inter-SLR Compensation: 0.006ns  (DCD * PF)
    Destination Clock Delay (DCD):    0.040ns
    Prorating Factor         (PF):    0.150

    Location             Delay type                Incr(ns)  Path(ns)    PBlock               Netlist Resource(s)
  -------------------------------------------------------------------    ----------------------------------------
                         (clock aclk rise edge)       0.000     0.000 r                       
                                                      0.000     0.000 r                       aclk (IN)
                         net (fo=95277, unset)        0.028     0.028                         aclk
    SLICE_X77Y604        FDRE                                         r                       s_axil_bvalid_reg/C
  -------------------------------------------------------------------    ----------------------------------------
    SLICE_X77Y604        FDRE (Prop_BFF_SLICEL_C_Q)
                                                      0.079     0.107 f                       s_axil_bvalid_reg/Q
                         net (fo=49, estimated)       0.156     0.263                         s_axil_bvalid
    SLICE_X77Y603        LUT4 (Prop_B6LUT_SLICEL_I1_O)
                                                      0.090     0.353 f                       xrf_we_i_1/O
                         net (fo=9, estimated)        1.085     1.438                         xrf_we
    SLR Crossing[2->1]   
    SLICE_X77Y527        LUT4 (Prop_B6LUT_SLICEL_I3_O)
                                                      0.051     1.489 r                       g_cv[16].sm_reg_bram_7_CASDOMUXEN_B_cooolgate_en_gate_916/O
                         net (fo=16, estimated)       2.918     4.407                         g_cv[16].sm_reg_bram_7_CASDOMUXEN_B_cooolgate_en_sig_261
    RAMB36_X10Y71        RAMB36E2                                     r  pb_conv              g_cv[16].sm_reg_bram_7/CASDOMUXEN_B
  -------------------------------------------------------------------    ----------------------------------------

                         (clock aclk rise edge)       4.000     4.000 r                       
                                                      0.000     4.000 r                       aclk (IN)
                         net (fo=95277, unset)        0.040     4.040                         aclk
    RAMB36_X10Y71        RAMB36E2                                     r  pb_conv              g_cv[16].sm_reg_bram_7/CLKBWRCLK
                         clock pessimism              0.000     4.040                           
                         inter-SLR compensation      -0.006     4.034                           
                         clock uncertainty           -0.035     3.999                           
    RAMB36_X10Y71        RAMB36E2 (Setup_RAMB36E2_RAMB36_CLKBWRCLK_CASDOMUXEN_B)
                                                     -0.099     3.900    pb_conv                g_cv[16].sm_reg_bram_7
  -------------------------------------------------------------------
                         required time                          3.900                           
                         arrival time                          -4.407                           
  -------------------------------------------------------------------
                         slack                                 -0.507                           

Slack (VIOLATED) :        -0.507ns  (required time - arrival time)
  Source:                 s_axil_bvalid_reg/C
                            (rising edge-triggered cell FDRE clocked by aclk  {rise@0.000ns fall@2.000ns period=4.000ns})
  Destination:            g_cv[16].sm_reg_bram_7/CASDOMUXEN_B
                            (rising edge-triggered cell RAMB36E2 clocked by aclk  {rise@0.000ns fall@2.000ns period=4.000ns})
  Path Group:             aclk
  Path Type:              Setup (Max at Slow Process Corner)
  Requirement:            4.000ns  (aclk rise@4.000ns - aclk rise@0.000ns)
  Data Path Delay:        4.379ns  (logic 0.220ns (5.024%)  route 4.159ns (94.976%))
  Logic Levels:           2  (LUT4=2)
  Clock Path Skew:        0.012ns (DCD - SCD + CPR)
    Destination Clock Delay (DCD):    0.040ns = ( 4.040 - 4.000 ) 
    Source Clock Delay      (SCD):    0.028ns
    Clock Pessimism Removal (CPR):    0.000ns
  Clock Uncertainty:      0.035ns  ((TSJ^2 + TIJ^2)^1/2 + DJ) / 2 + PE
    Total System Jitter     (TSJ):    0.071ns
    Total Input Jitter      (TIJ):    0.000ns
    Discrete Jitter          (DJ):    0.000ns
    Phase Error              (PE):    0.000ns
  Inter-SLR Compensation: 0.006ns  (DCD * PF)
    Destination Clock Delay (DCD):    0.040ns
    Prorating Factor         (PF):    0.150

    Location             Delay type                Incr(ns)  Path(ns)    PBlock               Netlist Resource(s)
  -------------------------------------------------------------------    ----------------------------------------
                         (clock aclk rise edge)       0.000     0.000 r                       
                                                      0.000     0.000 r                       aclk (IN)
                         net (fo=95277, unset)        0.028     0.028                         aclk
    SLICE_X77Y604        FDRE                                         r                       s_axil_bvalid_reg/C
  -------------------------------------------------------------------    ----------------------------------------
    SLICE_X77Y604        FDRE (Prop_BFF_SLICEL_C_Q)
                                                      0.079     0.107 r                       s_axil_bvalid_reg/Q
                         net (fo=49, estimated)       0.156     0.263                         s_axil_bvalid
    SLICE_X77Y603        LUT4 (Prop_B6LUT_SLICEL_I1_O)
                                                      0.090     0.353 r                       xrf_we_i_1/O
                         net (fo=9, estimated)        1.085     1.438                         xrf_we
    SLR Crossing[2->1]   
    SLICE_X77Y527        LUT4 (Prop_B6LUT_SLICEL_I3_O)
                                                      0.051     1.489 f                       g_cv[16].sm_reg_bram_7_CASDOMUXEN_B_cooolgate_en_gate_916/O
                         net (fo=16, estimated)       2.918     4.407                         g_cv[16].sm_reg_bram_7_CASDOMUXEN_B_cooolgate_en_sig_261
    RAMB36_X10Y71        RAMB36E2                                     f  pb_conv              g_cv[16].sm_reg_bram_7/CASDOMUXEN_B
  -------------------------------------------------------------------    ----------------------------------------

                         (clock aclk rise edge)       4.000     4.000 r                       
                                                      0.000     4.000 r                       aclk (IN)
                         net (fo=95277, unset)        0.040     4.040                         aclk
    RAMB36_X10Y71        RAMB36E2                                     r  pb_conv              g_cv[16].sm_reg_bram_7/CLKBWRCLK
                         clock pessimism              0.000     4.040                           
                         inter-SLR compensation      -0.006     4.034                           
                         clock uncertainty           -0.035     3.999                           
    RAMB36_X10Y71        RAMB36E2 (Setup_RAMB36E2_RAMB36_CLKBWRCLK_CASDOMUXEN_B)
                                                     -0.099     3.900    pb_conv                g_cv[16].sm_reg_bram_7
  -------------------------------------------------------------------
                         required time                          3.900                           
                         arrival time                          -4.407                           
  -------------------------------------------------------------------
                         slack                                 -0.507                           

Slack (VIOLATED) :        -0.500ns  (required time - arrival time)
  Source:                 rstn_i_reg/C
                            (rising edge-triggered cell FDRE clocked by aclk  {rise@0.000ns fall@2.000ns period=4.000ns})
  Destination:            g_cv[21].wm_reg_bram_10/CASDOMUXEN_B
                            (rising edge-triggered cell RAMB36E2 clocked by aclk  {rise@0.000ns fall@2.000ns period=4.000ns})
  Path Group:             aclk
  Path Type:              Setup (Max at Slow Process Corner)
  Requirement:            4.000ns  (aclk rise@4.000ns - aclk rise@0.000ns)
  Data Path Delay:        4.372ns  (logic 0.269ns (6.153%)  route 4.103ns (93.847%))
  Logic Levels:           2  (LUT4=2)
  Clock Path Skew:        0.012ns (DCD - SCD + CPR)
    Destination Clock Delay (DCD):    0.040ns = ( 4.040 - 4.000 ) 
    Source Clock Delay      (SCD):    0.028ns
    Clock Pessimism Removal (CPR):    0.000ns
  Clock Uncertainty:      0.035ns  ((TSJ^2 + TIJ^2)^1/2 + DJ) / 2 + PE
    Total System Jitter     (TSJ):    0.071ns
    Total Input Jitter      (TIJ):    0.000ns
    Discrete Jitter          (DJ):    0.000ns
    Phase Error              (PE):    0.000ns
  Inter-SLR Compensation: 0.006ns  (DCD * PF)
    Destination Clock Delay (DCD):    0.040ns
    Prorating Factor         (PF):    0.150

    Location             Delay type                Incr(ns)  Path(ns)    PBlock               Netlist Resource(s)
  -------------------------------------------------------------------    ----------------------------------------
                         (clock aclk rise edge)       0.000     0.000 r                       
                                                      0.000     0.000 r                       aclk (IN)
                         net (fo=95277, unset)        0.028     0.028                         aclk
    SLICE_X77Y603        FDRE                                         r                       rstn_i_reg/C
  -------------------------------------------------------------------    ----------------------------------------
    SLICE_X77Y603        FDRE (Prop_AFF2_SLICEL_C_Q)
                                                      0.081     0.109 r                       rstn_i_reg/Q
                         net (fo=20, estimated)       0.187     0.296                         rstn_i
    SLICE_X77Y603        LUT4 (Prop_B6LUT_SLICEL_I0_O)
                                                      0.098     0.394 f                       xrf_we_i_1/O
                         net (fo=9, estimated)        2.025     2.419                         xrf_we
    SLR Crossing[2->1]   
    SLICE_X78Y409        LUT4 (Prop_A6LUT_SLICEM_I0_O)
                                                      0.090     2.509 r                       g_cv[16].wm_reg_bram_10_CASDOMUXEN_B_cooolgate_en_gate_933/O
                         net (fo=8, estimated)        1.891     4.400                         g_cv[16].wm_reg_bram_10_CASDOMUXEN_B_cooolgate_en_sig_262
    RAMB36_X8Y62         RAMB36E2                                     r  pb_conv              g_cv[21].wm_reg_bram_10/CASDOMUXEN_B
  -------------------------------------------------------------------    ----------------------------------------

                         (clock aclk rise edge)       4.000     4.000 r                       
                                                      0.000     4.000 r                       aclk (IN)
                         net (fo=95277, unset)        0.040     4.040                         aclk
    RAMB36_X8Y62         RAMB36E2                                     r  pb_conv              g_cv[21].wm_reg_bram_10/CLKBWRCLK
                         clock pessimism              0.000     4.040                           
                         inter-SLR compensation      -0.006     4.034                           
                         clock uncertainty           -0.035     3.999                           
    RAMB36_X8Y62         RAMB36E2 (Setup_RAMB36E2_RAMB36_CLKBWRCLK_CASDOMUXEN_B)
                                                     -0.099     3.900    pb_conv                g_cv[21].wm_reg_bram_10
  -------------------------------------------------------------------
                         required time                          3.900                           
                         arrival time                          -4.400                           
  -------------------------------------------------------------------
                         slack                                 -0.500                           

Slack (VIOLATED) :        -0.500ns  (required time - arrival time)
  Source:                 rstn_i_reg/C
                            (rising edge-triggered cell FDRE clocked by aclk  {rise@0.000ns fall@2.000ns period=4.000ns})
  Destination:            g_cv[21].wm_reg_bram_10/CASDOMUXEN_B
                            (rising edge-triggered cell RAMB36E2 clocked by aclk  {rise@0.000ns fall@2.000ns period=4.000ns})
  Path Group:             aclk
  Path Type:              Setup (Max at Slow Process Corner)
  Requirement:            4.000ns  (aclk rise@4.000ns - aclk rise@0.000ns)
  Data Path Delay:        4.372ns  (logic 0.269ns (6.153%)  route 4.103ns (93.847%))
  Logic Levels:           2  (LUT4=2)
  Clock Path Skew:        0.012ns (DCD - SCD + CPR)
    Destination Clock Delay (DCD):    0.040ns = ( 4.040 - 4.000 ) 
    Source Clock Delay      (SCD):    0.028ns
    Clock Pessimism Removal (CPR):    0.000ns
  Clock Uncertainty:      0.035ns  ((TSJ^2 + TIJ^2)^1/2 + DJ) / 2 + PE
    Total System Jitter     (TSJ):    0.071ns
    Total Input Jitter      (TIJ):    0.000ns
    Discrete Jitter          (DJ):    0.000ns
    Phase Error              (PE):    0.000ns
  Inter-SLR Compensation: 0.006ns  (DCD * PF)
    Destination Clock Delay (DCD):    0.040ns
    Prorating Factor         (PF):    0.150

    Location             Delay type                Incr(ns)  Path(ns)    PBlock               Netlist Resource(s)
  -------------------------------------------------------------------    ----------------------------------------
                         (clock aclk rise edge)       0.000     0.000 r                       
                                                      0.000     0.000 r                       aclk (IN)
                         net (fo=95277, unset)        0.028     0.028                         aclk
    SLICE_X77Y603        FDRE                                         r                       rstn_i_reg/C
  -------------------------------------------------------------------    ----------------------------------------
    SLICE_X77Y603        FDRE (Prop_AFF2_SLICEL_C_Q)
                                                      0.081     0.109 f                       rstn_i_reg/Q
                         net (fo=20, estimated)       0.187     0.296                         rstn_i
    SLICE_X77Y603        LUT4 (Prop_B6LUT_SLICEL_I0_O)
                                                      0.098     0.394 r                       xrf_we_i_1/O
                         net (fo=9, estimated)        2.025     2.419                         xrf_we
    SLR Crossing[2->1]   
    SLICE_X78Y409        LUT4 (Prop_A6LUT_SLICEM_I0_O)
                                                      0.090     2.509 f                       g_cv[16].wm_reg_bram_10_CASDOMUXEN_B_cooolgate_en_gate_933/O
                         net (fo=8, estimated)        1.891     4.400                         g_cv[16].wm_reg_bram_10_CASDOMUXEN_B_cooolgate_en_sig_262
    RAMB36_X8Y62         RAMB36E2                                     f  pb_conv              g_cv[21].wm_reg_bram_10/CASDOMUXEN_B
  -------------------------------------------------------------------    ----------------------------------------

                         (clock aclk rise edge)       4.000     4.000 r                       
                                                      0.000     4.000 r                       aclk (IN)
                         net (fo=95277, unset)        0.040     4.040                         aclk
    RAMB36_X8Y62         RAMB36E2                                     r  pb_conv              g_cv[21].wm_reg_bram_10/CLKBWRCLK
                         clock pessimism              0.000     4.040                           
                         inter-SLR compensation      -0.006     4.034                           
                         clock uncertainty           -0.035     3.999                           
    RAMB36_X8Y62         RAMB36E2 (Setup_RAMB36E2_RAMB36_CLKBWRCLK_CASDOMUXEN_B)
                                                     -0.099     3.900    pb_conv                g_cv[21].wm_reg_bram_10
  -------------------------------------------------------------------
                         required time                          3.900                           
                         arrival time                          -4.400                           
  -------------------------------------------------------------------
                         slack                                 -0.500                           

Slack (VIOLATED) :        -0.473ns  (required time - arrival time)
  Source:                 rstn_i_reg/C
                            (rising edge-triggered cell FDRE clocked by aclk  {rise@0.000ns fall@2.000ns period=4.000ns})
  Destination:            g_cv[23].wm_reg_bram_10/CASDOMUXEN_B
                            (rising edge-triggered cell RAMB36E2 clocked by aclk  {rise@0.000ns fall@2.000ns period=4.000ns})
  Path Group:             aclk
  Path Type:              Setup (Max at Slow Process Corner)
  Requirement:            4.000ns  (aclk rise@4.000ns - aclk rise@0.000ns)
  Data Path Delay:        4.345ns  (logic 0.269ns (6.191%)  route 4.076ns (93.809%))
  Logic Levels:           2  (LUT4=2)
  Clock Path Skew:        0.012ns (DCD - SCD + CPR)
    Destination Clock Delay (DCD):    0.040ns = ( 4.040 - 4.000 ) 
    Source Clock Delay      (SCD):    0.028ns
    Clock Pessimism Removal (CPR):    0.000ns
  Clock Uncertainty:      0.035ns  ((TSJ^2 + TIJ^2)^1/2 + DJ) / 2 + PE
    Total System Jitter     (TSJ):    0.071ns
    Total Input Jitter      (TIJ):    0.000ns
    Discrete Jitter          (DJ):    0.000ns
    Phase Error              (PE):    0.000ns
  Inter-SLR Compensation: 0.006ns  (DCD * PF)
    Destination Clock Delay (DCD):    0.040ns
    Prorating Factor         (PF):    0.150

    Location             Delay type                Incr(ns)  Path(ns)    PBlock               Netlist Resource(s)
  -------------------------------------------------------------------    ----------------------------------------
                         (clock aclk rise edge)       0.000     0.000 r                       
                                                      0.000     0.000 r                       aclk (IN)
                         net (fo=95277, unset)        0.028     0.028                         aclk
    SLICE_X77Y603        FDRE                                         r                       rstn_i_reg/C
  -------------------------------------------------------------------    ----------------------------------------
    SLICE_X77Y603        FDRE (Prop_AFF2_SLICEL_C_Q)
                                                      0.081     0.109 r                       rstn_i_reg/Q
                         net (fo=20, estimated)       0.187     0.296                         rstn_i
    SLICE_X77Y603        LUT4 (Prop_B6LUT_SLICEL_I0_O)
                                                      0.098     0.394 f                       xrf_we_i_1/O
                         net (fo=9, estimated)        2.025     2.419                         xrf_we
    SLR Crossing[2->1]   
    SLICE_X78Y409        LUT4 (Prop_A6LUT_SLICEM_I0_O)
                                                      0.090     2.509 r                       g_cv[16].wm_reg_bram_10_CASDOMUXEN_B_cooolgate_en_gate_933/O
                         net (fo=8, estimated)        1.864     4.373                         g_cv[16].wm_reg_bram_10_CASDOMUXEN_B_cooolgate_en_sig_262
    RAMB36_X0Y74         RAMB36E2                                     r  pb_conv              g_cv[23].wm_reg_bram_10/CASDOMUXEN_B
  -------------------------------------------------------------------    ----------------------------------------

                         (clock aclk rise edge)       4.000     4.000 r                       
                                                      0.000     4.000 r                       aclk (IN)
                         net (fo=95277, unset)        0.040     4.040                         aclk
    RAMB36_X0Y74         RAMB36E2                                     r  pb_conv              g_cv[23].wm_reg_bram_10/CLKBWRCLK
                         clock pessimism              0.000     4.040                           
                         inter-SLR compensation      -0.006     4.034                           
                         clock uncertainty           -0.035     3.999                           
    RAMB36_X0Y74         RAMB36E2 (Setup_RAMB36E2_RAMB36_CLKBWRCLK_CASDOMUXEN_B)
                                                     -0.099     3.900    pb_conv                g_cv[23].wm_reg_bram_10
  -------------------------------------------------------------------
                         required time                          3.900                           
                         arrival time                          -4.373                           
  -------------------------------------------------------------------
                         slack                                 -0.473                           

Slack (VIOLATED) :        -0.473ns  (required time - arrival time)
  Source:                 rstn_i_reg/C
                            (rising edge-triggered cell FDRE clocked by aclk  {rise@0.000ns fall@2.000ns period=4.000ns})
  Destination:            g_cv[23].wm_reg_bram_10/CASDOMUXEN_B
                            (rising edge-triggered cell RAMB36E2 clocked by aclk  {rise@0.000ns fall@2.000ns period=4.000ns})
  Path Group:             aclk
  Path Type:              Setup (Max at Slow Process Corner)
  Requirement:            4.000ns  (aclk rise@4.000ns - aclk rise@0.000ns)
  Data Path Delay:        4.345ns  (logic 0.269ns (6.191%)  route 4.076ns (93.809%))
  Logic Levels:           2  (LUT4=2)
  Clock Path Skew:        0.012ns (DCD - SCD + CPR)
    Destination Clock Delay (DCD):    0.040ns = ( 4.040 - 4.000 ) 
    Source Clock Delay      (SCD):    0.028ns
    Clock Pessimism Removal (CPR):    0.000ns
  Clock Uncertainty:      0.035ns  ((TSJ^2 + TIJ^2)^1/2 + DJ) / 2 + PE
    Total System Jitter     (TSJ):    0.071ns
    Total Input Jitter      (TIJ):    0.000ns
    Discrete Jitter          (DJ):    0.000ns
    Phase Error              (PE):    0.000ns
  Inter-SLR Compensation: 0.006ns  (DCD * PF)
    Destination Clock Delay (DCD):    0.040ns
    Prorating Factor         (PF):    0.150

    Location             Delay type                Incr(ns)  Path(ns)    PBlock               Netlist Resource(s)
  -------------------------------------------------------------------    ----------------------------------------
                         (clock aclk rise edge)       0.000     0.000 r                       
                                                      0.000     0.000 r                       aclk (IN)
                         net (fo=95277, unset)        0.028     0.028                         aclk
    SLICE_X77Y603        FDRE                                         r                       rstn_i_reg/C
  -------------------------------------------------------------------    ----------------------------------------
    SLICE_X77Y603        FDRE (Prop_AFF2_SLICEL_C_Q)
                                                      0.081     0.109 f                       rstn_i_reg/Q
                         net (fo=20, estimated)       0.187     0.296                         rstn_i
    SLICE_X77Y603        LUT4 (Prop_B6LUT_SLICEL_I0_O)
                                                      0.098     0.394 r                       xrf_we_i_1/O
                         net (fo=9, estimated)        2.025     2.419                         xrf_we
    SLR Crossing[2->1]   
    SLICE_X78Y409        LUT4 (Prop_A6LUT_SLICEM_I0_O)
                                                      0.090     2.509 f                       g_cv[16].wm_reg_bram_10_CASDOMUXEN_B_cooolgate_en_gate_933/O
                         net (fo=8, estimated)        1.864     4.373                         g_cv[16].wm_reg_bram_10_CASDOMUXEN_B_cooolgate_en_sig_262
    RAMB36_X0Y74         RAMB36E2                                     f  pb_conv              g_cv[23].wm_reg_bram_10/CASDOMUXEN_B
  -------------------------------------------------------------------    ----------------------------------------

                         (clock aclk rise edge)       4.000     4.000 r                       
                                                      0.000     4.000 r                       aclk (IN)
                         net (fo=95277, unset)        0.040     4.040                         aclk
    RAMB36_X0Y74         RAMB36E2                                     r  pb_conv              g_cv[23].wm_reg_bram_10/CLKBWRCLK
                         clock pessimism              0.000     4.040                           
                         inter-SLR compensation      -0.006     4.034                           
                         clock uncertainty           -0.035     3.999                           
    RAMB36_X0Y74         RAMB36E2 (Setup_RAMB36E2_RAMB36_CLKBWRCLK_CASDOMUXEN_B)
                                                     -0.099     3.900    pb_conv                g_cv[23].wm_reg_bram_10
  -------------------------------------------------------------------
                         required time                          3.900                           
                         arrival time                          -4.373                           
  -------------------------------------------------------------------
                         slack                                 -0.473                           

Slack (VIOLATED) :        -0.469ns  (required time - arrival time)
  Source:                 w_got_reg/C
                            (rising edge-triggered cell FDRE clocked by aclk  {rise@0.000ns fall@2.000ns period=4.000ns})
  Destination:            g_cv[21].wm_reg_bram_10/CASDOMUXEN_B
                            (rising edge-triggered cell RAMB36E2 clocked by aclk  {rise@0.000ns fall@2.000ns period=4.000ns})
  Path Group:             aclk
  Path Type:              Setup (Max at Slow Process Corner)
  Requirement:            4.000ns  (aclk rise@4.000ns - aclk rise@0.000ns)
  Data Path Delay:        4.339ns  (logic 0.220ns (5.070%)  route 4.119ns (94.930%))
  Logic Levels:           2  (LUT4=2)
  Clock Path Skew:        0.010ns (DCD - SCD + CPR)
    Destination Clock Delay (DCD):    0.040ns = ( 4.040 - 4.000 ) 
    Source Clock Delay      (SCD):    0.030ns
    Clock Pessimism Removal (CPR):    0.000ns
  Clock Uncertainty:      0.035ns  ((TSJ^2 + TIJ^2)^1/2 + DJ) / 2 + PE
    Total System Jitter     (TSJ):    0.071ns
    Total Input Jitter      (TIJ):    0.000ns
    Discrete Jitter          (DJ):    0.000ns
    Phase Error              (PE):    0.000ns
  Inter-SLR Compensation: 0.006ns  (DCD * PF)
    Destination Clock Delay (DCD):    0.040ns
    Prorating Factor         (PF):    0.150

    Location             Delay type                Incr(ns)  Path(ns)    PBlock               Netlist Resource(s)
  -------------------------------------------------------------------    ----------------------------------------
                         (clock aclk rise edge)       0.000     0.000 r                       
                                                      0.000     0.000 r                       aclk (IN)
                         net (fo=95277, unset)        0.030     0.030                         aclk
    SLICE_X76Y602        FDRE                                         r                       w_got_reg/C
  -------------------------------------------------------------------    ----------------------------------------
    SLICE_X76Y602        FDRE (Prop_EFF2_SLICEM_C_Q)
                                                      0.079     0.109 r                       w_got_reg/Q
                         net (fo=46, estimated)       0.203     0.312                         w_got_reg_n_0
    SLICE_X77Y603        LUT4 (Prop_B6LUT_SLICEL_I2_O)
                                                      0.051     0.363 f                       xrf_we_i_1/O
                         net (fo=9, estimated)        2.025     2.388                         xrf_we
    SLR Crossing[2->1]   
    SLICE_X78Y409        LUT4 (Prop_A6LUT_SLICEM_I0_O)
                                                      0.090     2.478 r                       g_cv[16].wm_reg_bram_10_CASDOMUXEN_B_cooolgate_en_gate_933/O
                         net (fo=8, estimated)        1.891     4.369                         g_cv[16].wm_reg_bram_10_CASDOMUXEN_B_cooolgate_en_sig_262
    RAMB36_X8Y62         RAMB36E2                                     r  pb_conv              g_cv[21].wm_reg_bram_10/CASDOMUXEN_B
  -------------------------------------------------------------------    ----------------------------------------

                         (clock aclk rise edge)       4.000     4.000 r                       
                                                      0.000     4.000 r                       aclk (IN)
                         net (fo=95277, unset)        0.040     4.040                         aclk
    RAMB36_X8Y62         RAMB36E2                                     r  pb_conv              g_cv[21].wm_reg_bram_10/CLKBWRCLK
                         clock pessimism              0.000     4.040                           
                         inter-SLR compensation      -0.006     4.034                           
                         clock uncertainty           -0.035     3.999                           
    RAMB36_X8Y62         RAMB36E2 (Setup_RAMB36E2_RAMB36_CLKBWRCLK_CASDOMUXEN_B)
                                                     -0.099     3.900    pb_conv                g_cv[21].wm_reg_bram_10
  -------------------------------------------------------------------
                         required time                          3.900                           
                         arrival time                          -4.369                           
  -------------------------------------------------------------------
                         slack                                 -0.469                           

Slack (VIOLATED) :        -0.469ns  (required time - arrival time)
  Source:                 w_got_reg/C
                            (rising edge-triggered cell FDRE clocked by aclk  {rise@0.000ns fall@2.000ns period=4.000ns})
  Destination:            g_cv[21].wm_reg_bram_10/CASDOMUXEN_B
                            (rising edge-triggered cell RAMB36E2 clocked by aclk  {rise@0.000ns fall@2.000ns period=4.000ns})
  Path Group:             aclk
  Path Type:              Setup (Max at Slow Process Corner)
  Requirement:            4.000ns  (aclk rise@4.000ns - aclk rise@0.000ns)
  Data Path Delay:        4.339ns  (logic 0.220ns (5.070%)  route 4.119ns (94.930%))
  Logic Levels:           2  (LUT4=2)
  Clock Path Skew:        0.010ns (DCD - SCD + CPR)
    Destination Clock Delay (DCD):    0.040ns = ( 4.040 - 4.000 ) 
    Source Clock Delay      (SCD):    0.030ns
    Clock Pessimism Removal (CPR):    0.000ns
  Clock Uncertainty:      0.035ns  ((TSJ^2 + TIJ^2)^1/2 + DJ) / 2 + PE
    Total System Jitter     (TSJ):    0.071ns
    Total Input Jitter      (TIJ):    0.000ns
    Discrete Jitter          (DJ):    0.000ns
    Phase Error              (PE):    0.000ns
  Inter-SLR Compensation: 0.006ns  (DCD * PF)
    Destination Clock Delay (DCD):    0.040ns
    Prorating Factor         (PF):    0.150

    Location             Delay type                Incr(ns)  Path(ns)    PBlock               Netlist Resource(s)
  -------------------------------------------------------------------    ----------------------------------------
                         (clock aclk rise edge)       0.000     0.000 r                       
                                                      0.000     0.000 r                       aclk (IN)
                         net (fo=95277, unset)        0.030     0.030                         aclk
    SLICE_X76Y602        FDRE                                         r                       w_got_reg/C
  -------------------------------------------------------------------    ----------------------------------------
    SLICE_X76Y602        FDRE (Prop_EFF2_SLICEM_C_Q)
                                                      0.079     0.109 f                       w_got_reg/Q
                         net (fo=46, estimated)       0.203     0.312                         w_got_reg_n_0
    SLICE_X77Y603        LUT4 (Prop_B6LUT_SLICEL_I2_O)
                                                      0.051     0.363 r                       xrf_we_i_1/O
                         net (fo=9, estimated)        2.025     2.388                         xrf_we
    SLR Crossing[2->1]   
    SLICE_X78Y409        LUT4 (Prop_A6LUT_SLICEM_I0_O)
                                                      0.090     2.478 f                       g_cv[16].wm_reg_bram_10_CASDOMUXEN_B_cooolgate_en_gate_933/O
                         net (fo=8, estimated)        1.891     4.369                         g_cv[16].wm_reg_bram_10_CASDOMUXEN_B_cooolgate_en_sig_262
    RAMB36_X8Y62         RAMB36E2                                     f  pb_conv              g_cv[21].wm_reg_bram_10/CASDOMUXEN_B
  -------------------------------------------------------------------    ----------------------------------------

                         (clock aclk rise edge)       4.000     4.000 r                       
                                                      0.000     4.000 r                       aclk (IN)
                         net (fo=95277, unset)        0.040     4.040                         aclk
    RAMB36_X8Y62         RAMB36E2                                     r  pb_conv              g_cv[21].wm_reg_bram_10/CLKBWRCLK
                         clock pessimism              0.000     4.040                           
                         inter-SLR compensation      -0.006     4.034                           
                         clock uncertainty           -0.035     3.999                           
    RAMB36_X8Y62         RAMB36E2 (Setup_RAMB36E2_RAMB36_CLKBWRCLK_CASDOMUXEN_B)
                                                     -0.099     3.900    pb_conv                g_cv[21].wm_reg_bram_10
  -------------------------------------------------------------------
                         required time                          3.900                           
                         arrival time                          -4.369                           
  -------------------------------------------------------------------
                         slack                                 -0.469                           

Slack (VIOLATED) :        -0.459ns  (required time - arrival time)
  Source:                 s_axil_bvalid_reg/C
                            (rising edge-triggered cell FDRE clocked by aclk  {rise@0.000ns fall@2.000ns period=4.000ns})
  Destination:            g_cv[21].wm_reg_bram_10/CASDOMUXEN_B
                            (rising edge-triggered cell RAMB36E2 clocked by aclk  {rise@0.000ns fall@2.000ns period=4.000ns})
  Path Group:             aclk
  Path Type:              Setup (Max at Slow Process Corner)
  Requirement:            4.000ns  (aclk rise@4.000ns - aclk rise@0.000ns)
  Data Path Delay:        4.331ns  (logic 0.259ns (5.980%)  route 4.072ns (94.020%))
  Logic Levels:           2  (LUT4=2)
  Clock Path Skew:        0.012ns (DCD - SCD + CPR)
    Destination Clock Delay (DCD):    0.040ns = ( 4.040 - 4.000 ) 
    Source Clock Delay      (SCD):    0.028ns
    Clock Pessimism Removal (CPR):    0.000ns
  Clock Uncertainty:      0.035ns  ((TSJ^2 + TIJ^2)^1/2 + DJ) / 2 + PE
    Total System Jitter     (TSJ):    0.071ns
    Total Input Jitter      (TIJ):    0.000ns
    Discrete Jitter          (DJ):    0.000ns
    Phase Error              (PE):    0.000ns
  Inter-SLR Compensation: 0.006ns  (DCD * PF)
    Destination Clock Delay (DCD):    0.040ns
    Prorating Factor         (PF):    0.150

    Location             Delay type                Incr(ns)  Path(ns)    PBlock               Netlist Resource(s)
  -------------------------------------------------------------------    ----------------------------------------
                         (clock aclk rise edge)       0.000     0.000 r                       
                                                      0.000     0.000 r                       aclk (IN)
                         net (fo=95277, unset)        0.028     0.028                         aclk
    SLICE_X77Y604        FDRE                                         r                       s_axil_bvalid_reg/C
  -------------------------------------------------------------------    ----------------------------------------
    SLICE_X77Y604        FDRE (Prop_BFF_SLICEL_C_Q)
                                                      0.079     0.107 f                       s_axil_bvalid_reg/Q
                         net (fo=49, estimated)       0.156     0.263                         s_axil_bvalid
    SLICE_X77Y603        LUT4 (Prop_B6LUT_SLICEL_I1_O)
                                                      0.090     0.353 f                       xrf_we_i_1/O
                         net (fo=9, estimated)        2.025     2.378                         xrf_we
    SLR Crossing[2->1]   
    SLICE_X78Y409        LUT4 (Prop_A6LUT_SLICEM_I0_O)
                                                      0.090     2.468 r                       g_cv[16].wm_reg_bram_10_CASDOMUXEN_B_cooolgate_en_gate_933/O
                         net (fo=8, estimated)        1.891     4.359                         g_cv[16].wm_reg_bram_10_CASDOMUXEN_B_cooolgate_en_sig_262
    RAMB36_X8Y62         RAMB36E2                                     r  pb_conv              g_cv[21].wm_reg_bram_10/CASDOMUXEN_B
  -------------------------------------------------------------------    ----------------------------------------

                         (clock aclk rise edge)       4.000     4.000 r                       
                                                      0.000     4.000 r                       aclk (IN)
                         net (fo=95277, unset)        0.040     4.040                         aclk
    RAMB36_X8Y62         RAMB36E2                                     r  pb_conv              g_cv[21].wm_reg_bram_10/CLKBWRCLK
                         clock pessimism              0.000     4.040                           
                         inter-SLR compensation      -0.006     4.034                           
                         clock uncertainty           -0.035     3.999                           
    RAMB36_X8Y62         RAMB36E2 (Setup_RAMB36E2_RAMB36_CLKBWRCLK_CASDOMUXEN_B)
                                                     -0.099     3.900    pb_conv                g_cv[21].wm_reg_bram_10
  -------------------------------------------------------------------
                         required time                          3.900                           
                         arrival time                          -4.359                           
  -------------------------------------------------------------------
                         slack                                 -0.459                           

Slack (VIOLATED) :        -0.459ns  (required time - arrival time)
  Source:                 s_axil_bvalid_reg/C
                            (rising edge-triggered cell FDRE clocked by aclk  {rise@0.000ns fall@2.000ns period=4.000ns})
  Destination:            g_cv[21].wm_reg_bram_10/CASDOMUXEN_B
                            (rising edge-triggered cell RAMB36E2 clocked by aclk  {rise@0.000ns fall@2.000ns period=4.000ns})
  Path Group:             aclk
  Path Type:              Setup (Max at Slow Process Corner)
  Requirement:            4.000ns  (aclk rise@4.000ns - aclk rise@0.000ns)
  Data Path Delay:        4.331ns  (logic 0.259ns (5.980%)  route 4.072ns (94.020%))
  Logic Levels:           2  (LUT4=2)
  Clock Path Skew:        0.012ns (DCD - SCD + CPR)
    Destination Clock Delay (DCD):    0.040ns = ( 4.040 - 4.000 ) 
    Source Clock Delay      (SCD):    0.028ns
    Clock Pessimism Removal (CPR):    0.000ns
  Clock Uncertainty:      0.035ns  ((TSJ^2 + TIJ^2)^1/2 + DJ) / 2 + PE
    Total System Jitter     (TSJ):    0.071ns
    Total Input Jitter      (TIJ):    0.000ns
    Discrete Jitter          (DJ):    0.000ns
    Phase Error              (PE):    0.000ns
  Inter-SLR Compensation: 0.006ns  (DCD * PF)
    Destination Clock Delay (DCD):    0.040ns
    Prorating Factor         (PF):    0.150

    Location             Delay type                Incr(ns)  Path(ns)    PBlock               Netlist Resource(s)
  -------------------------------------------------------------------    ----------------------------------------
                         (clock aclk rise edge)       0.000     0.000 r                       
                                                      0.000     0.000 r                       aclk (IN)
                         net (fo=95277, unset)        0.028     0.028                         aclk
    SLICE_X77Y604        FDRE                                         r                       s_axil_bvalid_reg/C
  -------------------------------------------------------------------    ----------------------------------------
    SLICE_X77Y604        FDRE (Prop_BFF_SLICEL_C_Q)
                                                      0.079     0.107 r                       s_axil_bvalid_reg/Q
                         net (fo=49, estimated)       0.156     0.263                         s_axil_bvalid
    SLICE_X77Y603        LUT4 (Prop_B6LUT_SLICEL_I1_O)
                                                      0.090     0.353 r                       xrf_we_i_1/O
                         net (fo=9, estimated)        2.025     2.378                         xrf_we
    SLR Crossing[2->1]   
    SLICE_X78Y409        LUT4 (Prop_A6LUT_SLICEM_I0_O)
                                                      0.090     2.468 f                       g_cv[16].wm_reg_bram_10_CASDOMUXEN_B_cooolgate_en_gate_933/O
                         net (fo=8, estimated)        1.891     4.359                         g_cv[16].wm_reg_bram_10_CASDOMUXEN_B_cooolgate_en_sig_262
    RAMB36_X8Y62         RAMB36E2                                     f  pb_conv              g_cv[21].wm_reg_bram_10/CASDOMUXEN_B
  -------------------------------------------------------------------    ----------------------------------------

                         (clock aclk rise edge)       4.000     4.000 r                       
                                                      0.000     4.000 r                       aclk (IN)
                         net (fo=95277, unset)        0.040     4.040                         aclk
    RAMB36_X8Y62         RAMB36E2                                     r  pb_conv              g_cv[21].wm_reg_bram_10/CLKBWRCLK
                         clock pessimism              0.000     4.040                           
                         inter-SLR compensation      -0.006     4.034                           
                         clock uncertainty           -0.035     3.999                           
    RAMB36_X8Y62         RAMB36E2 (Setup_RAMB36E2_RAMB36_CLKBWRCLK_CASDOMUXEN_B)
                                                     -0.099     3.900    pb_conv                g_cv[21].wm_reg_bram_10
  -------------------------------------------------------------------
                         required time                          3.900                           
                         arrival time                          -4.359                           
  -------------------------------------------------------------------
                         slack                                 -0.459                           

Slack (VIOLATED) :        -0.458ns  (required time - arrival time)
  Source:                 aw_got_reg/C
                            (rising edge-triggered cell FDRE clocked by aclk  {rise@0.000ns fall@2.000ns period=4.000ns})
  Destination:            g_cv[16].sm_reg_bram_7/CASDOMUXEN_B
                            (rising edge-triggered cell RAMB36E2 clocked by aclk  {rise@0.000ns fall@2.000ns period=4.000ns})
  Path Group:             aclk
  Path Type:              Setup (Max at Slow Process Corner)
  Requirement:            4.000ns  (aclk rise@4.000ns - aclk rise@0.000ns)
  Data Path Delay:        4.328ns  (logic 0.163ns (3.766%)  route 4.165ns (96.234%))
  Logic Levels:           2  (LUT4=2)
  Clock Path Skew:        0.010ns (DCD - SCD + CPR)
    Destination Clock Delay (DCD):    0.040ns = ( 4.040 - 4.000 ) 
    Source Clock Delay      (SCD):    0.030ns
    Clock Pessimism Removal (CPR):    0.000ns
  Clock Uncertainty:      0.035ns  ((TSJ^2 + TIJ^2)^1/2 + DJ) / 2 + PE
    Total System Jitter     (TSJ):    0.071ns
    Total Input Jitter      (TIJ):    0.000ns
    Discrete Jitter          (DJ):    0.000ns
    Phase Error              (PE):    0.000ns
  Inter-SLR Compensation: 0.006ns  (DCD * PF)
    Destination Clock Delay (DCD):    0.040ns
    Prorating Factor         (PF):    0.150

    Location             Delay type                Incr(ns)  Path(ns)    PBlock               Netlist Resource(s)
  -------------------------------------------------------------------    ----------------------------------------
                         (clock aclk rise edge)       0.000     0.000 r                       
                                                      0.000     0.000 r                       aclk (IN)
                         net (fo=95277, unset)        0.030     0.030                         aclk
    SLICE_X76Y602        FDRE                                         r                       aw_got_reg/C
  -------------------------------------------------------------------    ----------------------------------------
    SLICE_X76Y602        FDRE (Prop_EFF_SLICEM_C_Q)
                                                      0.076     0.106 r                       aw_got_reg/Q
                         net (fo=46, estimated)       0.162     0.268                         aw_got
    SLICE_X77Y603        LUT4 (Prop_B6LUT_SLICEL_I3_O)
                                                      0.036     0.304 f                       xrf_we_i_1/O
                         net (fo=9, estimated)        1.085     1.389                         xrf_we
    SLR Crossing[2->1]   
    SLICE_X77Y527        LUT4 (Prop_B6LUT_SLICEL_I3_O)
                                                      0.051     1.440 r                       g_cv[16].sm_reg_bram_7_CASDOMUXEN_B_cooolgate_en_gate_916/O
                         net (fo=16, estimated)       2.918     4.358                         g_cv[16].sm_reg_bram_7_CASDOMUXEN_B_cooolgate_en_sig_261
    RAMB36_X10Y71        RAMB36E2                                     r  pb_conv              g_cv[16].sm_reg_bram_7/CASDOMUXEN_B
  -------------------------------------------------------------------    ----------------------------------------

                         (clock aclk rise edge)       4.000     4.000 r                       
                                                      0.000     4.000 r                       aclk (IN)
                         net (fo=95277, unset)        0.040     4.040                         aclk
    RAMB36_X10Y71        RAMB36E2                                     r  pb_conv              g_cv[16].sm_reg_bram_7/CLKBWRCLK
                         clock pessimism              0.000     4.040                           
                         inter-SLR compensation      -0.006     4.034                           
                         clock uncertainty           -0.035     3.999                           
    RAMB36_X10Y71        RAMB36E2 (Setup_RAMB36E2_RAMB36_CLKBWRCLK_CASDOMUXEN_B)
                                                     -0.099     3.900    pb_conv                g_cv[16].sm_reg_bram_7
  -------------------------------------------------------------------
                         required time                          3.900                           
                         arrival time                          -4.358                           
  -------------------------------------------------------------------
                         slack                                 -0.458                           

Slack (VIOLATED) :        -0.458ns  (required time - arrival time)
  Source:                 aw_got_reg/C
                            (rising edge-triggered cell FDRE clocked by aclk  {rise@0.000ns fall@2.000ns period=4.000ns})
  Destination:            g_cv[16].sm_reg_bram_7/CASDOMUXEN_B
                            (rising edge-triggered cell RAMB36E2 clocked by aclk  {rise@0.000ns fall@2.000ns period=4.000ns})
  Path Group:             aclk
  Path Type:              Setup (Max at Slow Process Corner)
  Requirement:            4.000ns  (aclk rise@4.000ns - aclk rise@0.000ns)
  Data Path Delay:        4.328ns  (logic 0.163ns (3.766%)  route 4.165ns (96.234%))
  Logic Levels:           2  (LUT4=2)
  Clock Path Skew:        0.010ns (DCD - SCD + CPR)
    Destination Clock Delay (DCD):    0.040ns = ( 4.040 - 4.000 ) 
    Source Clock Delay      (SCD):    0.030ns
    Clock Pessimism Removal (CPR):    0.000ns
  Clock Uncertainty:      0.035ns  ((TSJ^2 + TIJ^2)^1/2 + DJ) / 2 + PE
    Total System Jitter     (TSJ):    0.071ns
    Total Input Jitter      (TIJ):    0.000ns
    Discrete Jitter          (DJ):    0.000ns
    Phase Error              (PE):    0.000ns
  Inter-SLR Compensation: 0.006ns  (DCD * PF)
    Destination Clock Delay (DCD):    0.040ns
    Prorating Factor         (PF):    0.150

    Location             Delay type                Incr(ns)  Path(ns)    PBlock               Netlist Resource(s)
  -------------------------------------------------------------------    ----------------------------------------
                         (clock aclk rise edge)       0.000     0.000 r                       
                                                      0.000     0.000 r                       aclk (IN)
                         net (fo=95277, unset)        0.030     0.030                         aclk
    SLICE_X76Y602        FDRE                                         r                       aw_got_reg/C
  -------------------------------------------------------------------    ----------------------------------------
    SLICE_X76Y602        FDRE (Prop_EFF_SLICEM_C_Q)
                                                      0.076     0.106 f                       aw_got_reg/Q
                         net (fo=46, estimated)       0.162     0.268                         aw_got
    SLICE_X77Y603        LUT4 (Prop_B6LUT_SLICEL_I3_O)
                                                      0.036     0.304 r                       xrf_we_i_1/O
                         net (fo=9, estimated)        1.085     1.389                         xrf_we
    SLR Crossing[2->1]   
    SLICE_X77Y527        LUT4 (Prop_B6LUT_SLICEL_I3_O)
                                                      0.051     1.440 f                       g_cv[16].sm_reg_bram_7_CASDOMUXEN_B_cooolgate_en_gate_916/O
                         net (fo=16, estimated)       2.918     4.358                         g_cv[16].sm_reg_bram_7_CASDOMUXEN_B_cooolgate_en_sig_261
    RAMB36_X10Y71        RAMB36E2                                     f  pb_conv              g_cv[16].sm_reg_bram_7/CASDOMUXEN_B
  -------------------------------------------------------------------    ----------------------------------------

                         (clock aclk rise edge)       4.000     4.000 r                       
                                                      0.000     4.000 r                       aclk (IN)
                         net (fo=95277, unset)        0.040     4.040                         aclk
    RAMB36_X10Y71        RAMB36E2                                     r  pb_conv              g_cv[16].sm_reg_bram_7/CLKBWRCLK
                         clock pessimism              0.000     4.040                           
                         inter-SLR compensation      -0.006     4.034                           
                         clock uncertainty           -0.035     3.999                           
    RAMB36_X10Y71        RAMB36E2 (Setup_RAMB36E2_RAMB36_CLKBWRCLK_CASDOMUXEN_B)
                                                     -0.099     3.900    pb_conv                g_cv[16].sm_reg_bram_7
  -------------------------------------------------------------------
                         required time                          3.900                           
                         arrival time                          -4.358                           
  -------------------------------------------------------------------
                         slack                                 -0.458                           

Slack (VIOLATED) :        -0.442ns  (required time - arrival time)
  Source:                 w_got_reg/C
                            (rising edge-triggered cell FDRE clocked by aclk  {rise@0.000ns fall@2.000ns period=4.000ns})
  Destination:            g_cv[23].wm_reg_bram_10/CASDOMUXEN_B
                            (rising edge-triggered cell RAMB36E2 clocked by aclk  {rise@0.000ns fall@2.000ns period=4.000ns})
  Path Group:             aclk
  Path Type:              Setup (Max at Slow Process Corner)
  Requirement:            4.000ns  (aclk rise@4.000ns - aclk rise@0.000ns)
  Data Path Delay:        4.312ns  (logic 0.220ns (5.102%)  route 4.092ns (94.898%))
  Logic Levels:           2  (LUT4=2)
  Clock Path Skew:        0.010ns (DCD - SCD + CPR)
    Destination Clock Delay (DCD):    0.040ns = ( 4.040 - 4.000 ) 
    Source Clock Delay      (SCD):    0.030ns
    Clock Pessimism Removal (CPR):    0.000ns
  Clock Uncertainty:      0.035ns  ((TSJ^2 + TIJ^2)^1/2 + DJ) / 2 + PE
    Total System Jitter     (TSJ):    0.071ns
    Total Input Jitter      (TIJ):    0.000ns
    Discrete Jitter          (DJ):    0.000ns
    Phase Error              (PE):    0.000ns
  Inter-SLR Compensation: 0.006ns  (DCD * PF)
    Destination Clock Delay (DCD):    0.040ns
    Prorating Factor         (PF):    0.150

    Location             Delay type                Incr(ns)  Path(ns)    PBlock               Netlist Resource(s)
  -------------------------------------------------------------------    ----------------------------------------
                         (clock aclk rise edge)       0.000     0.000 r                       
                                                      0.000     0.000 r                       aclk (IN)
                         net (fo=95277, unset)        0.030     0.030                         aclk
    SLICE_X76Y602        FDRE                                         r                       w_got_reg/C
  -------------------------------------------------------------------    ----------------------------------------
    SLICE_X76Y602        FDRE (Prop_EFF2_SLICEM_C_Q)
                                                      0.079     0.109 r                       w_got_reg/Q
                         net (fo=46, estimated)       0.203     0.312                         w_got_reg_n_0
    SLICE_X77Y603        LUT4 (Prop_B6LUT_SLICEL_I2_O)
                                                      0.051     0.363 f                       xrf_we_i_1/O
                         net (fo=9, estimated)        2.025     2.388                         xrf_we
    SLR Crossing[2->1]   
    SLICE_X78Y409        LUT4 (Prop_A6LUT_SLICEM_I0_O)
                                                      0.090     2.478 r                       g_cv[16].wm_reg_bram_10_CASDOMUXEN_B_cooolgate_en_gate_933/O
                         net (fo=8, estimated)        1.864     4.342                         g_cv[16].wm_reg_bram_10_CASDOMUXEN_B_cooolgate_en_sig_262
    RAMB36_X0Y74         RAMB36E2                                     r  pb_conv              g_cv[23].wm_reg_bram_10/CASDOMUXEN_B
  -------------------------------------------------------------------    ----------------------------------------

                         (clock aclk rise edge)       4.000     4.000 r                       
                                                      0.000     4.000 r                       aclk (IN)
                         net (fo=95277, unset)        0.040     4.040                         aclk
    RAMB36_X0Y74         RAMB36E2                                     r  pb_conv              g_cv[23].wm_reg_bram_10/CLKBWRCLK
                         clock pessimism              0.000     4.040                           
                         inter-SLR compensation      -0.006     4.034                           
                         clock uncertainty           -0.035     3.999                           
    RAMB36_X0Y74         RAMB36E2 (Setup_RAMB36E2_RAMB36_CLKBWRCLK_CASDOMUXEN_B)
                                                     -0.099     3.900    pb_conv                g_cv[23].wm_reg_bram_10
  -------------------------------------------------------------------
                         required time                          3.900                           
                         arrival time                          -4.342                           
  -------------------------------------------------------------------
                         slack                                 -0.442                           

Slack (VIOLATED) :        -0.442ns  (required time - arrival time)
  Source:                 w_got_reg/C
                            (rising edge-triggered cell FDRE clocked by aclk  {rise@0.000ns fall@2.000ns period=4.000ns})
  Destination:            g_cv[23].wm_reg_bram_10/CASDOMUXEN_B
                            (rising edge-triggered cell RAMB36E2 clocked by aclk  {rise@0.000ns fall@2.000ns period=4.000ns})
  Path Group:             aclk
  Path Type:              Setup (Max at Slow Process Corner)
  Requirement:            4.000ns  (aclk rise@4.000ns - aclk rise@0.000ns)
  Data Path Delay:        4.312ns  (logic 0.220ns (5.102%)  route 4.092ns (94.898%))
  Logic Levels:           2  (LUT4=2)
  Clock Path Skew:        0.010ns (DCD - SCD + CPR)
    Destination Clock Delay (DCD):    0.040ns = ( 4.040 - 4.000 ) 
    Source Clock Delay      (SCD):    0.030ns
    Clock Pessimism Removal (CPR):    0.000ns
  Clock Uncertainty:      0.035ns  ((TSJ^2 + TIJ^2)^1/2 + DJ) / 2 + PE
    Total System Jitter     (TSJ):    0.071ns
    Total Input Jitter      (TIJ):    0.000ns
    Discrete Jitter          (DJ):    0.000ns
    Phase Error              (PE):    0.000ns
  Inter-SLR Compensation: 0.006ns  (DCD * PF)
    Destination Clock Delay (DCD):    0.040ns
    Prorating Factor         (PF):    0.150

    Location             Delay type                Incr(ns)  Path(ns)    PBlock               Netlist Resource(s)
  -------------------------------------------------------------------    ----------------------------------------
                         (clock aclk rise edge)       0.000     0.000 r                       
                                                      0.000     0.000 r                       aclk (IN)
                         net (fo=95277, unset)        0.030     0.030                         aclk
    SLICE_X76Y602        FDRE                                         r                       w_got_reg/C
  -------------------------------------------------------------------    ----------------------------------------
    SLICE_X76Y602        FDRE (Prop_EFF2_SLICEM_C_Q)
                                                      0.079     0.109 f                       w_got_reg/Q
                         net (fo=46, estimated)       0.203     0.312                         w_got_reg_n_0
    SLICE_X77Y603        LUT4 (Prop_B6LUT_SLICEL_I2_O)
                                                      0.051     0.363 r                       xrf_we_i_1/O
                         net (fo=9, estimated)        2.025     2.388                         xrf_we
    SLR Crossing[2->1]   
    SLICE_X78Y409        LUT4 (Prop_A6LUT_SLICEM_I0_O)
                                                      0.090     2.478 f                       g_cv[16].wm_reg_bram_10_CASDOMUXEN_B_cooolgate_en_gate_933/O
                         net (fo=8, estimated)        1.864     4.342                         g_cv[16].wm_reg_bram_10_CASDOMUXEN_B_cooolgate_en_sig_262
    RAMB36_X0Y74         RAMB36E2                                     f  pb_conv              g_cv[23].wm_reg_bram_10/CASDOMUXEN_B
  -------------------------------------------------------------------    ----------------------------------------

                         (clock aclk rise edge)       4.000     4.000 r                       
                                                      0.000     4.000 r                       aclk (IN)
                         net (fo=95277, unset)        0.040     4.040                         aclk
    RAMB36_X0Y74         RAMB36E2                                     r  pb_conv              g_cv[23].wm_reg_bram_10/CLKBWRCLK
                         clock pessimism              0.000     4.040                           
                         inter-SLR compensation      -0.006     4.034                           
                         clock uncertainty           -0.035     3.999                           
    RAMB36_X0Y74         RAMB36E2 (Setup_RAMB36E2_RAMB36_CLKBWRCLK_CASDOMUXEN_B)
                                                     -0.099     3.900    pb_conv                g_cv[23].wm_reg_bram_10
  -------------------------------------------------------------------
                         required time                          3.900                           
                         arrival time                          -4.342                           
  -------------------------------------------------------------------
                         slack                                 -0.442                           

Slack (VIOLATED) :        -0.432ns  (required time - arrival time)
  Source:                 s_axil_bvalid_reg/C
                            (rising edge-triggered cell FDRE clocked by aclk  {rise@0.000ns fall@2.000ns period=4.000ns})
  Destination:            g_cv[23].wm_reg_bram_10/CASDOMUXEN_B
                            (rising edge-triggered cell RAMB36E2 clocked by aclk  {rise@0.000ns fall@2.000ns period=4.000ns})
  Path Group:             aclk
  Path Type:              Setup (Max at Slow Process Corner)
  Requirement:            4.000ns  (aclk rise@4.000ns - aclk rise@0.000ns)
  Data Path Delay:        4.304ns  (logic 0.259ns (6.018%)  route 4.045ns (93.982%))
  Logic Levels:           2  (LUT4=2)
  Clock Path Skew:        0.012ns (DCD - SCD + CPR)
    Destination Clock Delay (DCD):    0.040ns = ( 4.040 - 4.000 ) 
    Source Clock Delay      (SCD):    0.028ns
    Clock Pessimism Removal (CPR):    0.000ns
  Clock Uncertainty:      0.035ns  ((TSJ^2 + TIJ^2)^1/2 + DJ) / 2 + PE
    Total System Jitter     (TSJ):    0.071ns
    Total Input Jitter      (TIJ):    0.000ns
    Discrete Jitter          (DJ):    0.000ns
    Phase Error              (PE):    0.000ns
  Inter-SLR Compensation: 0.006ns  (DCD * PF)
    Destination Clock Delay (DCD):    0.040ns
    Prorating Factor         (PF):    0.150

    Location             Delay type                Incr(ns)  Path(ns)    PBlock               Netlist Resource(s)
  -------------------------------------------------------------------    ----------------------------------------
                         (clock aclk rise edge)       0.000     0.000 r                       
                                                      0.000     0.000 r                       aclk (IN)
                         net (fo=95277, unset)        0.028     0.028                         aclk
    SLICE_X77Y604        FDRE                                         r                       s_axil_bvalid_reg/C
  -------------------------------------------------------------------    ----------------------------------------
    SLICE_X77Y604        FDRE (Prop_BFF_SLICEL_C_Q)
                                                      0.079     0.107 f                       s_axil_bvalid_reg/Q
                         net (fo=49, estimated)       0.156     0.263                         s_axil_bvalid
    SLICE_X77Y603        LUT4 (Prop_B6LUT_SLICEL_I1_O)
                                                      0.090     0.353 f                       xrf_we_i_1/O
                         net (fo=9, estimated)        2.025     2.378                         xrf_we
    SLR Crossing[2->1]   
    SLICE_X78Y409        LUT4 (Prop_A6LUT_SLICEM_I0_O)
                                                      0.090     2.468 r                       g_cv[16].wm_reg_bram_10_CASDOMUXEN_B_cooolgate_en_gate_933/O
                         net (fo=8, estimated)        1.864     4.332                         g_cv[16].wm_reg_bram_10_CASDOMUXEN_B_cooolgate_en_sig_262
    RAMB36_X0Y74         RAMB36E2                                     r  pb_conv              g_cv[23].wm_reg_bram_10/CASDOMUXEN_B
  -------------------------------------------------------------------    ----------------------------------------

                         (clock aclk rise edge)       4.000     4.000 r                       
                                                      0.000     4.000 r                       aclk (IN)
                         net (fo=95277, unset)        0.040     4.040                         aclk
    RAMB36_X0Y74         RAMB36E2                                     r  pb_conv              g_cv[23].wm_reg_bram_10/CLKBWRCLK
                         clock pessimism              0.000     4.040                           
                         inter-SLR compensation      -0.006     4.034                           
                         clock uncertainty           -0.035     3.999                           
    RAMB36_X0Y74         RAMB36E2 (Setup_RAMB36E2_RAMB36_CLKBWRCLK_CASDOMUXEN_B)
                                                     -0.099     3.900    pb_conv                g_cv[23].wm_reg_bram_10
  -------------------------------------------------------------------
                         required time                          3.900                           
                         arrival time                          -4.332                           
  -------------------------------------------------------------------
                         slack                                 -0.432                           

Slack (VIOLATED) :        -0.432ns  (required time - arrival time)
  Source:                 s_axil_bvalid_reg/C
                            (rising edge-triggered cell FDRE clocked by aclk  {rise@0.000ns fall@2.000ns period=4.000ns})
  Destination:            g_cv[23].wm_reg_bram_10/CASDOMUXEN_B
                            (rising edge-triggered cell RAMB36E2 clocked by aclk  {rise@0.000ns fall@2.000ns period=4.000ns})
  Path Group:             aclk
  Path Type:              Setup (Max at Slow Process Corner)
  Requirement:            4.000ns  (aclk rise@4.000ns - aclk rise@0.000ns)
  Data Path Delay:        4.304ns  (logic 0.259ns (6.018%)  route 4.045ns (93.982%))
  Logic Levels:           2  (LUT4=2)
  Clock Path Skew:        0.012ns (DCD - SCD + CPR)
    Destination Clock Delay (DCD):    0.040ns = ( 4.040 - 4.000 ) 
    Source Clock Delay      (SCD):    0.028ns
    Clock Pessimism Removal (CPR):    0.000ns
  Clock Uncertainty:      0.035ns  ((TSJ^2 + TIJ^2)^1/2 + DJ) / 2 + PE
    Total System Jitter     (TSJ):    0.071ns
    Total Input Jitter      (TIJ):    0.000ns
    Discrete Jitter          (DJ):    0.000ns
    Phase Error              (PE):    0.000ns
  Inter-SLR Compensation: 0.006ns  (DCD * PF)
    Destination Clock Delay (DCD):    0.040ns
    Prorating Factor         (PF):    0.150

    Location             Delay type                Incr(ns)  Path(ns)    PBlock               Netlist Resource(s)
  -------------------------------------------------------------------    ----------------------------------------
                         (clock aclk rise edge)       0.000     0.000 r                       
                                                      0.000     0.000 r                       aclk (IN)
                         net (fo=95277, unset)        0.028     0.028                         aclk
    SLICE_X77Y604        FDRE                                         r                       s_axil_bvalid_reg/C
  -------------------------------------------------------------------    ----------------------------------------
    SLICE_X77Y604        FDRE (Prop_BFF_SLICEL_C_Q)
                                                      0.079     0.107 r                       s_axil_bvalid_reg/Q
                         net (fo=49, estimated)       0.156     0.263                         s_axil_bvalid
    SLICE_X77Y603        LUT4 (Prop_B6LUT_SLICEL_I1_O)
                                                      0.090     0.353 r                       xrf_we_i_1/O
                         net (fo=9, estimated)        2.025     2.378                         xrf_we
    SLR Crossing[2->1]   
    SLICE_X78Y409        LUT4 (Prop_A6LUT_SLICEM_I0_O)
                                                      0.090     2.468 f                       g_cv[16].wm_reg_bram_10_CASDOMUXEN_B_cooolgate_en_gate_933/O
                         net (fo=8, estimated)        1.864     4.332                         g_cv[16].wm_reg_bram_10_CASDOMUXEN_B_cooolgate_en_sig_262
    RAMB36_X0Y74         RAMB36E2                                     f  pb_conv              g_cv[23].wm_reg_bram_10/CASDOMUXEN_B
  -------------------------------------------------------------------    ----------------------------------------

                         (clock aclk rise edge)       4.000     4.000 r                       
                                                      0.000     4.000 r                       aclk (IN)
                         net (fo=95277, unset)        0.040     4.040                         aclk
    RAMB36_X0Y74         RAMB36E2                                     r  pb_conv              g_cv[23].wm_reg_bram_10/CLKBWRCLK
                         clock pessimism              0.000     4.040                           
                         inter-SLR compensation      -0.006     4.034                           
                         clock uncertainty           -0.035     3.999                           
    RAMB36_X0Y74         RAMB36E2 (Setup_RAMB36E2_RAMB36_CLKBWRCLK_CASDOMUXEN_B)
                                                     -0.099     3.900    pb_conv                g_cv[23].wm_reg_bram_10
  -------------------------------------------------------------------
                         required time                          3.900                           
                         arrival time                          -4.332                           
  -------------------------------------------------------------------
                         slack                                 -0.432                           




