Copyright 1986-2022 Xilinx, Inc. All Rights Reserved. Copyright 2022-2024 Advanced Micro Devices, Inc. All Rights Reserved.
--------------------------------------------------------------------------------------------------------------------------------------------------------------------------------------------------------------------------------------------------------
| Tool Version      : Vivado v.2024.2 (lin64) Build 5239630 Fri Nov 08 22:34:34 MST 2024
| Date              : Thu Sep  3 21:27:39 2026
| Host              : snoke running 64-bit Ubuntu 24.04.4 LTS
| Command           : report_timing -to [get_cells -quiet -hier -filter {REF_NAME =~ URAM288* && NAME =~ *g_dn*}] -max_paths 10 -nworst 10 -setup -file /home/cah/r2d2/code/fpga/fable5_llm/synth/out_exp_uram_g5_v1a/reports/dn_write_fanout_paths.rpt
| Design            : layer_chan
| Device            : xcvu9p-fsgd2104
| Speed File        : -2L  PRODUCTION 1.28 03-30-2022
| Design State      : Fully Placed
| Temperature Grade : E
--------------------------------------------------------------------------------------------------------------------------------------------------------------------------------------------------------------------------------------------------------

Timing Report

Slack (VIOLATED) :        -1.141ns  (required time - arrival time)
  Source:                 g_dnpipeN.g_grp[0].bs_p_reg[1][1]/C
                            (rising edge-triggered cell FDRE clocked by aclk  {rise@0.000ns fall@2.000ns period=4.000ns})
  Destination:            g_dnpipeN.g_grp[0].g_dn[0].mem_reg_uram_28/BWE_B[1]
                            (rising edge-triggered cell URAM288 clocked by aclk  {rise@0.000ns fall@2.000ns period=4.000ns})
  Path Group:             aclk
  Path Type:              Setup (Max at Slow Process Corner)
  Requirement:            4.000ns  (aclk rise@4.000ns - aclk rise@0.000ns)
  Data Path Delay:        4.720ns  (logic 0.226ns (4.788%)  route 4.494ns (95.212%))
  Logic Levels:           1  (LUT6=1)
  Clock Path Skew:        0.034ns (DCD - SCD + CPR)
    Destination Clock Delay (DCD):    0.064ns = ( 4.064 - 4.000 ) 
    Source Clock Delay      (SCD):    0.030ns
    Clock Pessimism Removal (CPR):    0.000ns
  Clock Uncertainty:      0.035ns  ((TSJ^2 + TIJ^2)^1/2 + DJ) / 2 + PE
    Total System Jitter     (TSJ):    0.071ns
    Total Input Jitter      (TIJ):    0.000ns
    Discrete Jitter          (DJ):    0.000ns
    Phase Error              (PE):    0.000ns
  Inter-SLR Compensation: 0.010ns  (DCD * PF)
    Destination Clock Delay (DCD):    0.064ns
    Prorating Factor         (PF):    0.150

    Location             Delay type                Incr(ns)  Path(ns)    Netlist Resource(s)
  -------------------------------------------------------------------    -------------------
                         (clock aclk rise edge)       0.000     0.000 r  
                                                      0.000     0.000 r  aclk (IN)
                         net (fo=95144, unset)        0.030     0.030    aclk
    SLICE_X102Y504       FDRE                                         r  g_dnpipeN.g_grp[0].bs_p_reg[1][1]/C
  -------------------------------------------------------------------    -------------------
    SLICE_X102Y504       FDRE (Prop_CFF_SLICEM_C_Q)
                                                      0.078     0.108 f  g_dnpipeN.g_grp[0].bs_p_reg[1][1]/Q
                         net (fo=8, estimated)        0.136     0.244    g_dnpipeN.g_grp[0].bs_p[1][1]
    SLICE_X103Y504       LUT6 (Prop_F6LUT_SLICEL_I0_O)
                                                      0.148     0.392 r  g_dnpipeN.g_grp[0].g_dn[0].mem_reg_uram_0_i_1/O
                         net (fo=261, estimated)      4.358     4.750    g_dnpipeN.g_grp[0].g_dn[0].mem_reg_uram_0_i_1_n_0
    SLR Crossing[1->2]   
    URAM288_X3Y236       URAM288                                      r  g_dnpipeN.g_grp[0].g_dn[0].mem_reg_uram_28/BWE_B[1]
  -------------------------------------------------------------------    -------------------

                         (clock aclk rise edge)       4.000     4.000 r  
                                                      0.000     4.000 r  aclk (IN)
                         net (fo=95144, unset)        0.064     4.064    aclk
    URAM288_X3Y236       URAM288                                      r  g_dnpipeN.g_grp[0].g_dn[0].mem_reg_uram_28/CLK
                         clock pessimism              0.000     4.064    
                         inter-SLR compensation      -0.010     4.054    
                         clock uncertainty           -0.035     4.019    
    URAM288_X3Y236       URAM288 (Setup_URAM_288K_INST_URAM288_CLK_BWE_B[1])
                                                     -0.410     3.609    g_dnpipeN.g_grp[0].g_dn[0].mem_reg_uram_28
  -------------------------------------------------------------------
                         required time                          3.609    
                         arrival time                          -4.750    
  -------------------------------------------------------------------
                         slack                                 -1.141    

Slack (VIOLATED) :        -1.141ns  (required time - arrival time)
  Source:                 g_dnpipeN.g_grp[0].bs_p_reg[1][1]/C
                            (rising edge-triggered cell FDRE clocked by aclk  {rise@0.000ns fall@2.000ns period=4.000ns})
  Destination:            g_dnpipeN.g_grp[0].g_dn[0].mem_reg_uram_28/BWE_B[1]
                            (rising edge-triggered cell URAM288 clocked by aclk  {rise@0.000ns fall@2.000ns period=4.000ns})
  Path Group:             aclk
  Path Type:              Setup (Max at Slow Process Corner)
  Requirement:            4.000ns  (aclk rise@4.000ns - aclk rise@0.000ns)
  Data Path Delay:        4.720ns  (logic 0.226ns (4.788%)  route 4.494ns (95.212%))
  Logic Levels:           1  (LUT6=1)
  Clock Path Skew:        0.034ns (DCD - SCD + CPR)
    Destination Clock Delay (DCD):    0.064ns = ( 4.064 - 4.000 ) 
    Source Clock Delay      (SCD):    0.030ns
    Clock Pessimism Removal (CPR):    0.000ns
  Clock Uncertainty:      0.035ns  ((TSJ^2 + TIJ^2)^1/2 + DJ) / 2 + PE
    Total System Jitter     (TSJ):    0.071ns
    Total Input Jitter      (TIJ):    0.000ns
    Discrete Jitter          (DJ):    0.000ns
    Phase Error              (PE):    0.000ns
  Inter-SLR Compensation: 0.010ns  (DCD * PF)
    Destination Clock Delay (DCD):    0.064ns
    Prorating Factor         (PF):    0.150

    Location             Delay type                Incr(ns)  Path(ns)    Netlist Resource(s)
  -------------------------------------------------------------------    -------------------
                         (clock aclk rise edge)       0.000     0.000 r  
                                                      0.000     0.000 r  aclk (IN)
                         net (fo=95144, unset)        0.030     0.030    aclk
    SLICE_X102Y504       FDRE                                         r  g_dnpipeN.g_grp[0].bs_p_reg[1][1]/C
  -------------------------------------------------------------------    -------------------
    SLICE_X102Y504       FDRE (Prop_CFF_SLICEM_C_Q)
                                                      0.078     0.108 r  g_dnpipeN.g_grp[0].bs_p_reg[1][1]/Q
                         net (fo=8, estimated)        0.136     0.244    g_dnpipeN.g_grp[0].bs_p[1][1]
    SLICE_X103Y504       LUT6 (Prop_F6LUT_SLICEL_I0_O)
                                                      0.148     0.392 f  g_dnpipeN.g_grp[0].g_dn[0].mem_reg_uram_0_i_1/O
                         net (fo=261, estimated)      4.358     4.750    g_dnpipeN.g_grp[0].g_dn[0].mem_reg_uram_0_i_1_n_0
    SLR Crossing[1->2]   
    URAM288_X3Y236       URAM288                                      f  g_dnpipeN.g_grp[0].g_dn[0].mem_reg_uram_28/BWE_B[1]
  -------------------------------------------------------------------    -------------------

                         (clock aclk rise edge)       4.000     4.000 r  
                                                      0.000     4.000 r  aclk (IN)
                         net (fo=95144, unset)        0.064     4.064    aclk
    URAM288_X3Y236       URAM288                                      r  g_dnpipeN.g_grp[0].g_dn[0].mem_reg_uram_28/CLK
                         clock pessimism              0.000     4.064    
                         inter-SLR compensation      -0.010     4.054    
                         clock uncertainty           -0.035     4.019    
    URAM288_X3Y236       URAM288 (Setup_URAM_288K_INST_URAM288_CLK_BWE_B[1])
                                                     -0.410     3.609    g_dnpipeN.g_grp[0].g_dn[0].mem_reg_uram_28
  -------------------------------------------------------------------
                         required time                          3.609    
                         arrival time                          -4.750    
  -------------------------------------------------------------------
                         slack                                 -1.141    

Slack (VIOLATED) :        -1.139ns  (required time - arrival time)
  Source:                 g_dnpipeN.g_grp[0].bs_p_reg[1][0]/C
                            (rising edge-triggered cell FDRE clocked by aclk  {rise@0.000ns fall@2.000ns period=4.000ns})
  Destination:            g_dnpipeN.g_grp[0].g_dn[3].mem_reg_uram_27/BWE_B[3]
                            (rising edge-triggered cell URAM288 clocked by aclk  {rise@0.000ns fall@2.000ns period=4.000ns})
  Path Group:             aclk
  Path Type:              Setup (Max at Slow Process Corner)
  Requirement:            4.000ns  (aclk rise@4.000ns - aclk rise@0.000ns)
  Data Path Delay:        4.719ns  (logic 0.224ns (4.747%)  route 4.495ns (95.253%))
  Logic Levels:           1  (LUT6=1)
  Clock Path Skew:        0.035ns (DCD - SCD + CPR)
    Destination Clock Delay (DCD):    0.064ns = ( 4.064 - 4.000 ) 
    Source Clock Delay      (SCD):    0.029ns
    Clock Pessimism Removal (CPR):    0.000ns
  Clock Uncertainty:      0.035ns  ((TSJ^2 + TIJ^2)^1/2 + DJ) / 2 + PE
    Total System Jitter     (TSJ):    0.071ns
    Total Input Jitter      (TIJ):    0.000ns
    Discrete Jitter          (DJ):    0.000ns
    Phase Error              (PE):    0.000ns
  Inter-SLR Compensation: 0.010ns  (DCD * PF)
    Destination Clock Delay (DCD):    0.064ns
    Prorating Factor         (PF):    0.150

    Location             Delay type                Incr(ns)  Path(ns)    Netlist Resource(s)
  -------------------------------------------------------------------    -------------------
                         (clock aclk rise edge)       0.000     0.000 r  
                                                      0.000     0.000 r  aclk (IN)
                         net (fo=95144, unset)        0.029     0.029    aclk
    SLICE_X105Y504       FDRE                                         r  g_dnpipeN.g_grp[0].bs_p_reg[1][0]/C
  -------------------------------------------------------------------    -------------------
    SLICE_X105Y504       FDRE (Prop_GFF_SLICEL_C_Q)
                                                      0.079     0.108 r  g_dnpipeN.g_grp[0].bs_p_reg[1][0]/Q
                         net (fo=8, estimated)        0.128     0.236    g_dnpipeN.g_grp[0].bs_p[1][0]
    SLICE_X104Y504       LUT6 (Prop_D6LUT_SLICEM_I0_O)
                                                      0.145     0.381 r  g_dnpipeN.g_grp[0].g_dn[3].mem_reg_uram_0_i_1/O
                         net (fo=261, estimated)      4.367     4.748    g_dnpipeN.g_grp[0].g_dn[3].mem_reg_uram_0_i_1_n_0
    SLR Crossing[1->2]   
    URAM288_X3Y237       URAM288                                      r  g_dnpipeN.g_grp[0].g_dn[3].mem_reg_uram_27/BWE_B[3]
  -------------------------------------------------------------------    -------------------

                         (clock aclk rise edge)       4.000     4.000 r  
                                                      0.000     4.000 r  aclk (IN)
                         net (fo=95144, unset)        0.064     4.064    aclk
    URAM288_X3Y237       URAM288                                      r  g_dnpipeN.g_grp[0].g_dn[3].mem_reg_uram_27/CLK
                         clock pessimism              0.000     4.064    
                         inter-SLR compensation      -0.010     4.054    
                         clock uncertainty           -0.035     4.019    
    URAM288_X3Y237       URAM288 (Setup_URAM_288K_INST_URAM288_CLK_BWE_B[3])
                                                     -0.410     3.609    g_dnpipeN.g_grp[0].g_dn[3].mem_reg_uram_27
  -------------------------------------------------------------------
                         required time                          3.609    
                         arrival time                          -4.748    
  -------------------------------------------------------------------
                         slack                                 -1.139    

Slack (VIOLATED) :        -1.139ns  (required time - arrival time)
  Source:                 g_dnpipeN.g_grp[0].bs_p_reg[1][0]/C
                            (rising edge-triggered cell FDRE clocked by aclk  {rise@0.000ns fall@2.000ns period=4.000ns})
  Destination:            g_dnpipeN.g_grp[0].g_dn[3].mem_reg_uram_27/BWE_B[3]
                            (rising edge-triggered cell URAM288 clocked by aclk  {rise@0.000ns fall@2.000ns period=4.000ns})
  Path Group:             aclk
  Path Type:              Setup (Max at Slow Process Corner)
  Requirement:            4.000ns  (aclk rise@4.000ns - aclk rise@0.000ns)
  Data Path Delay:        4.719ns  (logic 0.224ns (4.747%)  route 4.495ns (95.253%))
  Logic Levels:           1  (LUT6=1)
  Clock Path Skew:        0.035ns (DCD - SCD + CPR)
    Destination Clock Delay (DCD):    0.064ns = ( 4.064 - 4.000 ) 
    Source Clock Delay      (SCD):    0.029ns
    Clock Pessimism Removal (CPR):    0.000ns
  Clock Uncertainty:      0.035ns  ((TSJ^2 + TIJ^2)^1/2 + DJ) / 2 + PE
    Total System Jitter     (TSJ):    0.071ns
    Total Input Jitter      (TIJ):    0.000ns
    Discrete Jitter          (DJ):    0.000ns
    Phase Error              (PE):    0.000ns
  Inter-SLR Compensation: 0.010ns  (DCD * PF)
    Destination Clock Delay (DCD):    0.064ns
    Prorating Factor         (PF):    0.150

    Location             Delay type                Incr(ns)  Path(ns)    Netlist Resource(s)
  -------------------------------------------------------------------    -------------------
                         (clock aclk rise edge)       0.000     0.000 r  
                                                      0.000     0.000 r  aclk (IN)
                         net (fo=95144, unset)        0.029     0.029    aclk
    SLICE_X105Y504       FDRE                                         r  g_dnpipeN.g_grp[0].bs_p_reg[1][0]/C
  -------------------------------------------------------------------    -------------------
    SLICE_X105Y504       FDRE (Prop_GFF_SLICEL_C_Q)
                                                      0.079     0.108 f  g_dnpipeN.g_grp[0].bs_p_reg[1][0]/Q
                         net (fo=8, estimated)        0.128     0.236    g_dnpipeN.g_grp[0].bs_p[1][0]
    SLICE_X104Y504       LUT6 (Prop_D6LUT_SLICEM_I0_O)
                                                      0.145     0.381 f  g_dnpipeN.g_grp[0].g_dn[3].mem_reg_uram_0_i_1/O
                         net (fo=261, estimated)      4.367     4.748    g_dnpipeN.g_grp[0].g_dn[3].mem_reg_uram_0_i_1_n_0
    SLR Crossing[1->2]   
    URAM288_X3Y237       URAM288                                      f  g_dnpipeN.g_grp[0].g_dn[3].mem_reg_uram_27/BWE_B[3]
  -------------------------------------------------------------------    -------------------

                         (clock aclk rise edge)       4.000     4.000 r  
                                                      0.000     4.000 r  aclk (IN)
                         net (fo=95144, unset)        0.064     4.064    aclk
    URAM288_X3Y237       URAM288                                      r  g_dnpipeN.g_grp[0].g_dn[3].mem_reg_uram_27/CLK
                         clock pessimism              0.000     4.064    
                         inter-SLR compensation      -0.010     4.054    
                         clock uncertainty           -0.035     4.019    
    URAM288_X3Y237       URAM288 (Setup_URAM_288K_INST_URAM288_CLK_BWE_B[3])
                                                     -0.410     3.609    g_dnpipeN.g_grp[0].g_dn[3].mem_reg_uram_27
  -------------------------------------------------------------------
                         required time                          3.609    
                         arrival time                          -4.748    
  -------------------------------------------------------------------
                         slack                                 -1.139    

Slack (VIOLATED) :        -1.136ns  (required time - arrival time)
  Source:                 g_dnpipeN.g_grp[0].bs_p_reg[1][0]/C
                            (rising edge-triggered cell FDRE clocked by aclk  {rise@0.000ns fall@2.000ns period=4.000ns})
  Destination:            g_dnpipeN.g_grp[0].g_dn[3].mem_reg_uram_27/BWE_B[1]
                            (rising edge-triggered cell URAM288 clocked by aclk  {rise@0.000ns fall@2.000ns period=4.000ns})
  Path Group:             aclk
  Path Type:              Setup (Max at Slow Process Corner)
  Requirement:            4.000ns  (aclk rise@4.000ns - aclk rise@0.000ns)
  Data Path Delay:        4.716ns  (logic 0.224ns (4.750%)  route 4.492ns (95.250%))
  Logic Levels:           1  (LUT6=1)
  Clock Path Skew:        0.035ns (DCD - SCD + CPR)
    Destination Clock Delay (DCD):    0.064ns = ( 4.064 - 4.000 ) 
    Source Clock Delay      (SCD):    0.029ns
    Clock Pessimism Removal (CPR):    0.000ns
  Clock Uncertainty:      0.035ns  ((TSJ^2 + TIJ^2)^1/2 + DJ) / 2 + PE
    Total System Jitter     (TSJ):    0.071ns
    Total Input Jitter      (TIJ):    0.000ns
    Discrete Jitter          (DJ):    0.000ns
    Phase Error              (PE):    0.000ns
  Inter-SLR Compensation: 0.010ns  (DCD * PF)
    Destination Clock Delay (DCD):    0.064ns
    Prorating Factor         (PF):    0.150

    Location             Delay type                Incr(ns)  Path(ns)    Netlist Resource(s)
  -------------------------------------------------------------------    -------------------
                         (clock aclk rise edge)       0.000     0.000 r  
                                                      0.000     0.000 r  aclk (IN)
                         net (fo=95144, unset)        0.029     0.029    aclk
    SLICE_X105Y504       FDRE                                         r  g_dnpipeN.g_grp[0].bs_p_reg[1][0]/C
  -------------------------------------------------------------------    -------------------
    SLICE_X105Y504       FDRE (Prop_GFF_SLICEL_C_Q)
                                                      0.079     0.108 r  g_dnpipeN.g_grp[0].bs_p_reg[1][0]/Q
                         net (fo=8, estimated)        0.128     0.236    g_dnpipeN.g_grp[0].bs_p[1][0]
    SLICE_X104Y504       LUT6 (Prop_D6LUT_SLICEM_I0_O)
                                                      0.145     0.381 r  g_dnpipeN.g_grp[0].g_dn[3].mem_reg_uram_0_i_1/O
                         net (fo=261, estimated)      4.364     4.745    g_dnpipeN.g_grp[0].g_dn[3].mem_reg_uram_0_i_1_n_0
    SLR Crossing[1->2]   
    URAM288_X3Y237       URAM288                                      r  g_dnpipeN.g_grp[0].g_dn[3].mem_reg_uram_27/BWE_B[1]
  -------------------------------------------------------------------    -------------------

                         (clock aclk rise edge)       4.000     4.000 r  
                                                      0.000     4.000 r  aclk (IN)
                         net (fo=95144, unset)        0.064     4.064    aclk
    URAM288_X3Y237       URAM288                                      r  g_dnpipeN.g_grp[0].g_dn[3].mem_reg_uram_27/CLK
                         clock pessimism              0.000     4.064    
                         inter-SLR compensation      -0.010     4.054    
                         clock uncertainty           -0.035     4.019    
    URAM288_X3Y237       URAM288 (Setup_URAM_288K_INST_URAM288_CLK_BWE_B[1])
                                                     -0.410     3.609    g_dnpipeN.g_grp[0].g_dn[3].mem_reg_uram_27
  -------------------------------------------------------------------
                         required time                          3.609    
                         arrival time                          -4.745    
  -------------------------------------------------------------------
                         slack                                 -1.136    

Slack (VIOLATED) :        -1.136ns  (required time - arrival time)
  Source:                 g_dnpipeN.g_grp[0].bs_p_reg[1][0]/C
                            (rising edge-triggered cell FDRE clocked by aclk  {rise@0.000ns fall@2.000ns period=4.000ns})
  Destination:            g_dnpipeN.g_grp[0].g_dn[3].mem_reg_uram_27/BWE_B[1]
                            (rising edge-triggered cell URAM288 clocked by aclk  {rise@0.000ns fall@2.000ns period=4.000ns})
  Path Group:             aclk
  Path Type:              Setup (Max at Slow Process Corner)
  Requirement:            4.000ns  (aclk rise@4.000ns - aclk rise@0.000ns)
  Data Path Delay:        4.716ns  (logic 0.224ns (4.750%)  route 4.492ns (95.250%))
  Logic Levels:           1  (LUT6=1)
  Clock Path Skew:        0.035ns (DCD - SCD + CPR)
    Destination Clock Delay (DCD):    0.064ns = ( 4.064 - 4.000 ) 
    Source Clock Delay      (SCD):    0.029ns
    Clock Pessimism Removal (CPR):    0.000ns
  Clock Uncertainty:      0.035ns  ((TSJ^2 + TIJ^2)^1/2 + DJ) / 2 + PE
    Total System Jitter     (TSJ):    0.071ns
    Total Input Jitter      (TIJ):    0.000ns
    Discrete Jitter          (DJ):    0.000ns
    Phase Error              (PE):    0.000ns
  Inter-SLR Compensation: 0.010ns  (DCD * PF)
    Destination Clock Delay (DCD):    0.064ns
    Prorating Factor         (PF):    0.150

    Location             Delay type                Incr(ns)  Path(ns)    Netlist Resource(s)
  -------------------------------------------------------------------    -------------------
                         (clock aclk rise edge)       0.000     0.000 r  
                                                      0.000     0.000 r  aclk (IN)
                         net (fo=95144, unset)        0.029     0.029    aclk
    SLICE_X105Y504       FDRE                                         r  g_dnpipeN.g_grp[0].bs_p_reg[1][0]/C
  -------------------------------------------------------------------    -------------------
    SLICE_X105Y504       FDRE (Prop_GFF_SLICEL_C_Q)
                                                      0.079     0.108 f  g_dnpipeN.g_grp[0].bs_p_reg[1][0]/Q
                         net (fo=8, estimated)        0.128     0.236    g_dnpipeN.g_grp[0].bs_p[1][0]
    SLICE_X104Y504       LUT6 (Prop_D6LUT_SLICEM_I0_O)
                                                      0.145     0.381 f  g_dnpipeN.g_grp[0].g_dn[3].mem_reg_uram_0_i_1/O
                         net (fo=261, estimated)      4.364     4.745    g_dnpipeN.g_grp[0].g_dn[3].mem_reg_uram_0_i_1_n_0
    SLR Crossing[1->2]   
    URAM288_X3Y237       URAM288                                      f  g_dnpipeN.g_grp[0].g_dn[3].mem_reg_uram_27/BWE_B[1]
  -------------------------------------------------------------------    -------------------

                         (clock aclk rise edge)       4.000     4.000 r  
                                                      0.000     4.000 r  aclk (IN)
                         net (fo=95144, unset)        0.064     4.064    aclk
    URAM288_X3Y237       URAM288                                      r  g_dnpipeN.g_grp[0].g_dn[3].mem_reg_uram_27/CLK
                         clock pessimism              0.000     4.064    
                         inter-SLR compensation      -0.010     4.054    
                         clock uncertainty           -0.035     4.019    
    URAM288_X3Y237       URAM288 (Setup_URAM_288K_INST_URAM288_CLK_BWE_B[1])
                                                     -0.410     3.609    g_dnpipeN.g_grp[0].g_dn[3].mem_reg_uram_27
  -------------------------------------------------------------------
                         required time                          3.609    
                         arrival time                          -4.745    
  -------------------------------------------------------------------
                         slack                                 -1.136    

Slack (VIOLATED) :        -1.136ns  (required time - arrival time)
  Source:                 g_dnpipeN.g_grp[0].bs_p_reg[1][0]/C
                            (rising edge-triggered cell FDRE clocked by aclk  {rise@0.000ns fall@2.000ns period=4.000ns})
  Destination:            g_dnpipeN.g_grp[0].g_dn[3].mem_reg_uram_27/BWE_B[2]
                            (rising edge-triggered cell URAM288 clocked by aclk  {rise@0.000ns fall@2.000ns period=4.000ns})
  Path Group:             aclk
  Path Type:              Setup (Max at Slow Process Corner)
  Requirement:            4.000ns  (aclk rise@4.000ns - aclk rise@0.000ns)
  Data Path Delay:        4.716ns  (logic 0.224ns (4.750%)  route 4.492ns (95.250%))
  Logic Levels:           1  (LUT6=1)
  Clock Path Skew:        0.035ns (DCD - SCD + CPR)
    Destination Clock Delay (DCD):    0.064ns = ( 4.064 - 4.000 ) 
    Source Clock Delay      (SCD):    0.029ns
    Clock Pessimism Removal (CPR):    0.000ns
  Clock Uncertainty:      0.035ns  ((TSJ^2 + TIJ^2)^1/2 + DJ) / 2 + PE
    Total System Jitter     (TSJ):    0.071ns
    Total Input Jitter      (TIJ):    0.000ns
    Discrete Jitter          (DJ):    0.000ns
    Phase Error              (PE):    0.000ns
  Inter-SLR Compensation: 0.010ns  (DCD * PF)
    Destination Clock Delay (DCD):    0.064ns
    Prorating Factor         (PF):    0.150

    Location             Delay type                Incr(ns)  Path(ns)    Netlist Resource(s)
  -------------------------------------------------------------------    -------------------
                         (clock aclk rise edge)       0.000     0.000 r  
                                                      0.000     0.000 r  aclk (IN)
                         net (fo=95144, unset)        0.029     0.029    aclk
    SLICE_X105Y504       FDRE                                         r  g_dnpipeN.g_grp[0].bs_p_reg[1][0]/C
  -------------------------------------------------------------------    -------------------
    SLICE_X105Y504       FDRE (Prop_GFF_SLICEL_C_Q)
                                                      0.079     0.108 r  g_dnpipeN.g_grp[0].bs_p_reg[1][0]/Q
                         net (fo=8, estimated)        0.128     0.236    g_dnpipeN.g_grp[0].bs_p[1][0]
    SLICE_X104Y504       LUT6 (Prop_D6LUT_SLICEM_I0_O)
                                                      0.145     0.381 r  g_dnpipeN.g_grp[0].g_dn[3].mem_reg_uram_0_i_1/O
                         net (fo=261, estimated)      4.364     4.745    g_dnpipeN.g_grp[0].g_dn[3].mem_reg_uram_0_i_1_n_0
    SLR Crossing[1->2]   
    URAM288_X3Y237       URAM288                                      r  g_dnpipeN.g_grp[0].g_dn[3].mem_reg_uram_27/BWE_B[2]
  -------------------------------------------------------------------    -------------------

                         (clock aclk rise edge)       4.000     4.000 r  
                                                      0.000     4.000 r  aclk (IN)
                         net (fo=95144, unset)        0.064     4.064    aclk
    URAM288_X3Y237       URAM288                                      r  g_dnpipeN.g_grp[0].g_dn[3].mem_reg_uram_27/CLK
                         clock pessimism              0.000     4.064    
                         inter-SLR compensation      -0.010     4.054    
                         clock uncertainty           -0.035     4.019    
    URAM288_X3Y237       URAM288 (Setup_URAM_288K_INST_URAM288_CLK_BWE_B[2])
                                                     -0.410     3.609    g_dnpipeN.g_grp[0].g_dn[3].mem_reg_uram_27
  -------------------------------------------------------------------
                         required time                          3.609    
                         arrival time                          -4.745    
  -------------------------------------------------------------------
                         slack                                 -1.136    

Slack (VIOLATED) :        -1.136ns  (required time - arrival time)
  Source:                 g_dnpipeN.g_grp[0].bs_p_reg[1][0]/C
                            (rising edge-triggered cell FDRE clocked by aclk  {rise@0.000ns fall@2.000ns period=4.000ns})
  Destination:            g_dnpipeN.g_grp[0].g_dn[3].mem_reg_uram_27/BWE_B[2]
                            (rising edge-triggered cell URAM288 clocked by aclk  {rise@0.000ns fall@2.000ns period=4.000ns})
  Path Group:             aclk
  Path Type:              Setup (Max at Slow Process Corner)
  Requirement:            4.000ns  (aclk rise@4.000ns - aclk rise@0.000ns)
  Data Path Delay:        4.716ns  (logic 0.224ns (4.750%)  route 4.492ns (95.250%))
  Logic Levels:           1  (LUT6=1)
  Clock Path Skew:        0.035ns (DCD - SCD + CPR)
    Destination Clock Delay (DCD):    0.064ns = ( 4.064 - 4.000 ) 
    Source Clock Delay      (SCD):    0.029ns
    Clock Pessimism Removal (CPR):    0.000ns
  Clock Uncertainty:      0.035ns  ((TSJ^2 + TIJ^2)^1/2 + DJ) / 2 + PE
    Total System Jitter     (TSJ):    0.071ns
    Total Input Jitter      (TIJ):    0.000ns
    Discrete Jitter          (DJ):    0.000ns
    Phase Error              (PE):    0.000ns
  Inter-SLR Compensation: 0.010ns  (DCD * PF)
    Destination Clock Delay (DCD):    0.064ns
    Prorating Factor         (PF):    0.150

    Location             Delay type                Incr(ns)  Path(ns)    Netlist Resource(s)
  -------------------------------------------------------------------    -------------------
                         (clock aclk rise edge)       0.000     0.000 r  
                                                      0.000     0.000 r  aclk (IN)
                         net (fo=95144, unset)        0.029     0.029    aclk
    SLICE_X105Y504       FDRE                                         r  g_dnpipeN.g_grp[0].bs_p_reg[1][0]/C
  -------------------------------------------------------------------    -------------------
    SLICE_X105Y504       FDRE (Prop_GFF_SLICEL_C_Q)
                                                      0.079     0.108 f  g_dnpipeN.g_grp[0].bs_p_reg[1][0]/Q
                         net (fo=8, estimated)        0.128     0.236    g_dnpipeN.g_grp[0].bs_p[1][0]
    SLICE_X104Y504       LUT6 (Prop_D6LUT_SLICEM_I0_O)
                                                      0.145     0.381 f  g_dnpipeN.g_grp[0].g_dn[3].mem_reg_uram_0_i_1/O
                         net (fo=261, estimated)      4.364     4.745    g_dnpipeN.g_grp[0].g_dn[3].mem_reg_uram_0_i_1_n_0
    SLR Crossing[1->2]   
    URAM288_X3Y237       URAM288                                      f  g_dnpipeN.g_grp[0].g_dn[3].mem_reg_uram_27/BWE_B[2]
  -------------------------------------------------------------------    -------------------

                         (clock aclk rise edge)       4.000     4.000 r  
                                                      0.000     4.000 r  aclk (IN)
                         net (fo=95144, unset)        0.064     4.064    aclk
    URAM288_X3Y237       URAM288                                      r  g_dnpipeN.g_grp[0].g_dn[3].mem_reg_uram_27/CLK
                         clock pessimism              0.000     4.064    
                         inter-SLR compensation      -0.010     4.054    
                         clock uncertainty           -0.035     4.019    
    URAM288_X3Y237       URAM288 (Setup_URAM_288K_INST_URAM288_CLK_BWE_B[2])
                                                     -0.410     3.609    g_dnpipeN.g_grp[0].g_dn[3].mem_reg_uram_27
  -------------------------------------------------------------------
                         required time                          3.609    
                         arrival time                          -4.745    
  -------------------------------------------------------------------
                         slack                                 -1.136    

Slack (VIOLATED) :        -1.135ns  (required time - arrival time)
  Source:                 g_dnpipeN.g_grp[0].bs_p_reg[1][1]/C
                            (rising edge-triggered cell FDRE clocked by aclk  {rise@0.000ns fall@2.000ns period=4.000ns})
  Destination:            g_dnpipeN.g_grp[0].g_dn[0].mem_reg_uram_28/BWE_B[0]
                            (rising edge-triggered cell URAM288 clocked by aclk  {rise@0.000ns fall@2.000ns period=4.000ns})
  Path Group:             aclk
  Path Type:              Setup (Max at Slow Process Corner)
  Requirement:            4.000ns  (aclk rise@4.000ns - aclk rise@0.000ns)
  Data Path Delay:        4.714ns  (logic 0.226ns (4.794%)  route 4.488ns (95.206%))
  Logic Levels:           1  (LUT6=1)
  Clock Path Skew:        0.034ns (DCD - SCD + CPR)
    Destination Clock Delay (DCD):    0.064ns = ( 4.064 - 4.000 ) 
    Source Clock Delay      (SCD):    0.030ns
    Clock Pessimism Removal (CPR):    0.000ns
  Clock Uncertainty:      0.035ns  ((TSJ^2 + TIJ^2)^1/2 + DJ) / 2 + PE
    Total System Jitter     (TSJ):    0.071ns
    Total Input Jitter      (TIJ):    0.000ns
    Discrete Jitter          (DJ):    0.000ns
    Phase Error              (PE):    0.000ns
  Inter-SLR Compensation: 0.010ns  (DCD * PF)
    Destination Clock Delay (DCD):    0.064ns
    Prorating Factor         (PF):    0.150

    Location             Delay type                Incr(ns)  Path(ns)    Netlist Resource(s)
  -------------------------------------------------------------------    -------------------
                         (clock aclk rise edge)       0.000     0.000 r  
                                                      0.000     0.000 r  aclk (IN)
                         net (fo=95144, unset)        0.030     0.030    aclk
    SLICE_X102Y504       FDRE                                         r  g_dnpipeN.g_grp[0].bs_p_reg[1][1]/C
  -------------------------------------------------------------------    -------------------
    SLICE_X102Y504       FDRE (Prop_CFF_SLICEM_C_Q)
                                                      0.078     0.108 f  g_dnpipeN.g_grp[0].bs_p_reg[1][1]/Q
                         net (fo=8, estimated)        0.136     0.244    g_dnpipeN.g_grp[0].bs_p[1][1]
    SLICE_X103Y504       LUT6 (Prop_F6LUT_SLICEL_I0_O)
                                                      0.148     0.392 r  g_dnpipeN.g_grp[0].g_dn[0].mem_reg_uram_0_i_1/O
                         net (fo=261, estimated)      4.352     4.744    g_dnpipeN.g_grp[0].g_dn[0].mem_reg_uram_0_i_1_n_0
    SLR Crossing[1->2]   
    URAM288_X3Y236       URAM288                                      r  g_dnpipeN.g_grp[0].g_dn[0].mem_reg_uram_28/BWE_B[0]
  -------------------------------------------------------------------    -------------------

                         (clock aclk rise edge)       4.000     4.000 r  
                                                      0.000     4.000 r  aclk (IN)
                         net (fo=95144, unset)        0.064     4.064    aclk
    URAM288_X3Y236       URAM288                                      r  g_dnpipeN.g_grp[0].g_dn[0].mem_reg_uram_28/CLK
                         clock pessimism              0.000     4.064    
                         inter-SLR compensation      -0.010     4.054    
                         clock uncertainty           -0.035     4.019    
    URAM288_X3Y236       URAM288 (Setup_URAM_288K_INST_URAM288_CLK_BWE_B[0])
                                                     -0.410     3.609    g_dnpipeN.g_grp[0].g_dn[0].mem_reg_uram_28
  -------------------------------------------------------------------
                         required time                          3.609    
                         arrival time                          -4.744    
  -------------------------------------------------------------------
                         slack                                 -1.135    

Slack (VIOLATED) :        -1.135ns  (required time - arrival time)
  Source:                 g_dnpipeN.g_grp[0].bs_p_reg[1][1]/C
                            (rising edge-triggered cell FDRE clocked by aclk  {rise@0.000ns fall@2.000ns period=4.000ns})
  Destination:            g_dnpipeN.g_grp[0].g_dn[0].mem_reg_uram_28/BWE_B[0]
                            (rising edge-triggered cell URAM288 clocked by aclk  {rise@0.000ns fall@2.000ns period=4.000ns})
  Path Group:             aclk
  Path Type:              Setup (Max at Slow Process Corner)
  Requirement:            4.000ns  (aclk rise@4.000ns - aclk rise@0.000ns)
  Data Path Delay:        4.714ns  (logic 0.226ns (4.794%)  route 4.488ns (95.206%))
  Logic Levels:           1  (LUT6=1)
  Clock Path Skew:        0.034ns (DCD - SCD + CPR)
    Destination Clock Delay (DCD):    0.064ns = ( 4.064 - 4.000 ) 
    Source Clock Delay      (SCD):    0.030ns
    Clock Pessimism Removal (CPR):    0.000ns
  Clock Uncertainty:      0.035ns  ((TSJ^2 + TIJ^2)^1/2 + DJ) / 2 + PE
    Total System Jitter     (TSJ):    0.071ns
    Total Input Jitter      (TIJ):    0.000ns
    Discrete Jitter          (DJ):    0.000ns
    Phase Error              (PE):    0.000ns
  Inter-SLR Compensation: 0.010ns  (DCD * PF)
    Destination Clock Delay (DCD):    0.064ns
    Prorating Factor         (PF):    0.150

    Location             Delay type                Incr(ns)  Path(ns)    Netlist Resource(s)
  -------------------------------------------------------------------    -------------------
                         (clock aclk rise edge)       0.000     0.000 r  
                                                      0.000     0.000 r  aclk (IN)
                         net (fo=95144, unset)        0.030     0.030    aclk
    SLICE_X102Y504       FDRE                                         r  g_dnpipeN.g_grp[0].bs_p_reg[1][1]/C
  -------------------------------------------------------------------    -------------------
    SLICE_X102Y504       FDRE (Prop_CFF_SLICEM_C_Q)
                                                      0.078     0.108 r  g_dnpipeN.g_grp[0].bs_p_reg[1][1]/Q
                         net (fo=8, estimated)        0.136     0.244    g_dnpipeN.g_grp[0].bs_p[1][1]
    SLICE_X103Y504       LUT6 (Prop_F6LUT_SLICEL_I0_O)
                                                      0.148     0.392 f  g_dnpipeN.g_grp[0].g_dn[0].mem_reg_uram_0_i_1/O
                         net (fo=261, estimated)      4.352     4.744    g_dnpipeN.g_grp[0].g_dn[0].mem_reg_uram_0_i_1_n_0
    SLR Crossing[1->2]   
    URAM288_X3Y236       URAM288                                      f  g_dnpipeN.g_grp[0].g_dn[0].mem_reg_uram_28/BWE_B[0]
  -------------------------------------------------------------------    -------------------

                         (clock aclk rise edge)       4.000     4.000 r  
                                                      0.000     4.000 r  aclk (IN)
                         net (fo=95144, unset)        0.064     4.064    aclk
    URAM288_X3Y236       URAM288                                      r  g_dnpipeN.g_grp[0].g_dn[0].mem_reg_uram_28/CLK
                         clock pessimism              0.000     4.064    
                         inter-SLR compensation      -0.010     4.054    
                         clock uncertainty           -0.035     4.019    
    URAM288_X3Y236       URAM288 (Setup_URAM_288K_INST_URAM288_CLK_BWE_B[0])
                                                     -0.410     3.609    g_dnpipeN.g_grp[0].g_dn[0].mem_reg_uram_28
  -------------------------------------------------------------------
                         required time                          3.609    
                         arrival time                          -4.744    
  -------------------------------------------------------------------
                         slack                                 -1.135    




