Copyright 1986-2022 Xilinx, Inc. All Rights Reserved. Copyright 2022-2024 Advanced Micro Devices, Inc. All Rights Reserved.
------------------------------------------------------------------------------------------------------------------------------------------------------------------------------------------------------------------------------------------
| Tool Version      : Vivado v.2024.2 (lin64) Build 5239630 Fri Nov 08 22:34:34 MST 2024
| Date              : Thu Sep  3 21:27:37 2026
| Host              : snoke running 64-bit Ubuntu 24.04.4 LTS
| Command           : report_timing -to [get_cells -quiet -hier -filter {NAME =~ *g_grp*rq_p*reg*}] -max_paths 10 -nworst 10 -setup -file /home/cah/r2d2/code/fpga/fable5_llm/synth/out_exp_uram_g5_v1a/reports/dn_group_return_paths.rpt
| Design            : layer_chan
| Device            : xcvu9p-fsgd2104
| Speed File        : -2L  PRODUCTION 1.28 03-30-2022
| Design State      : Fully Placed
| Temperature Grade : E
------------------------------------------------------------------------------------------------------------------------------------------------------------------------------------------------------------------------------------------

Timing Report

Slack (MET) :             0.234ns  (required time - arrival time)
  Source:                 g_dnpipeN.g_grp[0].g_dn[3].mem_reg_uram_24/CLK
                            (rising edge-triggered cell URAM288 clocked by aclk  {rise@0.000ns fall@2.000ns period=4.000ns})
  Destination:            g_dnpipeN.g_grp[0].g_lmux.rq_p_reg[0][1746]/D
                            (rising edge-triggered cell FDRE clocked by aclk  {rise@0.000ns fall@2.000ns period=4.000ns})
  Path Group:             aclk
  Path Type:              Setup (Max at Slow Process Corner)
  Requirement:            4.000ns  (aclk rise@4.000ns - aclk rise@0.000ns)
  Data Path Delay:        3.693ns  (logic 1.467ns (39.724%)  route 2.226ns (60.276%))
  Logic Levels:           2  (LUT6=1 MUXF7=1)
  Clock Path Skew:        -0.063ns (DCD - SCD + CPR)
    Destination Clock Delay (DCD):    0.020ns = ( 4.020 - 4.000 ) 
    Source Clock Delay      (SCD):    0.083ns
    Clock Pessimism Removal (CPR):    0.000ns
  Clock Uncertainty:      0.035ns  ((TSJ^2 + TIJ^2)^1/2 + DJ) / 2 + PE
    Total System Jitter     (TSJ):    0.071ns
    Total Input Jitter      (TIJ):    0.000ns
    Discrete Jitter          (DJ):    0.000ns
    Phase Error              (PE):    0.000ns

    Location             Delay type                Incr(ns)  Path(ns)    Netlist Resource(s)
  -------------------------------------------------------------------    -------------------
                         (clock aclk rise edge)       0.000     0.000 r  
                                                      0.000     0.000 r  aclk (IN)
                         net (fo=95144, unset)        0.083     0.083    aclk
    URAM288_X3Y186       URAM288                                      r  g_dnpipeN.g_grp[0].g_dn[3].mem_reg_uram_24/CLK
  -------------------------------------------------------------------    -------------------
    URAM288_X3Y186       URAM288 (Prop_URAM_288K_INST_URAM288_CLK_DOUT_A[18])
                                                      1.256     1.339 r  g_dnpipeN.g_grp[0].g_dn[3].mem_reg_uram_24/DOUT_A[18]
                         net (fo=1, estimated)        2.187     3.526    g_dnpipeN.g_grp[0].g_dn[3].mem_reg_uram_24_n_403
    SLICE_X37Y690        LUT6 (Prop_B6LUT_SLICEL_I0_O)
                                                      0.148     3.674 r  g_dnpipeN.g_grp[0].g_lmux.rq_p[0][1746]_i_2/O
                         net (fo=1, routed)           0.009     3.683    g_dnpipeN.g_grp[0].g_lmux.rq_p[0][1746]_i_2_n_0
    SLICE_X37Y690        MUXF7 (Prop_F7MUX_AB_SLICEL_I0_O)
                                                      0.063     3.746 r  g_dnpipeN.g_grp[0].g_lmux.rq_p_reg[0][1746]_i_1/O
                         net (fo=1, routed)           0.030     3.776    g_dnpipeN.g_grp[0].rdq_l[1746]
    SLICE_X37Y690        FDRE                                         r  g_dnpipeN.g_grp[0].g_lmux.rq_p_reg[0][1746]/D
  -------------------------------------------------------------------    -------------------

                         (clock aclk rise edge)       4.000     4.000 r  
                                                      0.000     4.000 r  aclk (IN)
                         net (fo=95144, unset)        0.020     4.020    aclk
    SLICE_X37Y690        FDRE                                         r  g_dnpipeN.g_grp[0].g_lmux.rq_p_reg[0][1746]/C
                         clock pessimism              0.000     4.020    
                         clock uncertainty           -0.035     3.985    
    SLICE_X37Y690        FDRE (Setup_BFF_SLICEL_C_D)
                                                      0.025     4.010    g_dnpipeN.g_grp[0].g_lmux.rq_p_reg[0][1746]
  -------------------------------------------------------------------
                         required time                          4.010    
                         arrival time                          -3.776    
  -------------------------------------------------------------------
                         slack                                  0.234    

Slack (MET) :             0.234ns  (required time - arrival time)
  Source:                 g_dnpipeN.g_grp[0].g_dn[3].mem_reg_uram_24/CLK
                            (rising edge-triggered cell URAM288 clocked by aclk  {rise@0.000ns fall@2.000ns period=4.000ns})
  Destination:            g_dnpipeN.g_grp[0].g_lmux.rq_p_reg[0][1746]/D
                            (rising edge-triggered cell FDRE clocked by aclk  {rise@0.000ns fall@2.000ns period=4.000ns})
  Path Group:             aclk
  Path Type:              Setup (Max at Slow Process Corner)
  Requirement:            4.000ns  (aclk rise@4.000ns - aclk rise@0.000ns)
  Data Path Delay:        3.693ns  (logic 1.467ns (39.724%)  route 2.226ns (60.276%))
  Logic Levels:           2  (LUT6=1 MUXF7=1)
  Clock Path Skew:        -0.063ns (DCD - SCD + CPR)
    Destination Clock Delay (DCD):    0.020ns = ( 4.020 - 4.000 ) 
    Source Clock Delay      (SCD):    0.083ns
    Clock Pessimism Removal (CPR):    0.000ns
  Clock Uncertainty:      0.035ns  ((TSJ^2 + TIJ^2)^1/2 + DJ) / 2 + PE
    Total System Jitter     (TSJ):    0.071ns
    Total Input Jitter      (TIJ):    0.000ns
    Discrete Jitter          (DJ):    0.000ns
    Phase Error              (PE):    0.000ns

    Location             Delay type                Incr(ns)  Path(ns)    Netlist Resource(s)
  -------------------------------------------------------------------    -------------------
                         (clock aclk rise edge)       0.000     0.000 r  
                                                      0.000     0.000 r  aclk (IN)
                         net (fo=95144, unset)        0.083     0.083    aclk
    URAM288_X3Y186       URAM288                                      r  g_dnpipeN.g_grp[0].g_dn[3].mem_reg_uram_24/CLK
  -------------------------------------------------------------------    -------------------
    URAM288_X3Y186       URAM288 (Prop_URAM_288K_INST_URAM288_CLK_DOUT_A[18])
                                                      1.256     1.339 f  g_dnpipeN.g_grp[0].g_dn[3].mem_reg_uram_24/DOUT_A[18]
                         net (fo=1, estimated)        2.187     3.526    g_dnpipeN.g_grp[0].g_dn[3].mem_reg_uram_24_n_403
    SLICE_X37Y690        LUT6 (Prop_B6LUT_SLICEL_I0_O)
                                                      0.148     3.674 f  g_dnpipeN.g_grp[0].g_lmux.rq_p[0][1746]_i_2/O
                         net (fo=1, routed)           0.009     3.683    g_dnpipeN.g_grp[0].g_lmux.rq_p[0][1746]_i_2_n_0
    SLICE_X37Y690        MUXF7 (Prop_F7MUX_AB_SLICEL_I0_O)
                                                      0.063     3.746 f  g_dnpipeN.g_grp[0].g_lmux.rq_p_reg[0][1746]_i_1/O
                         net (fo=1, routed)           0.030     3.776    g_dnpipeN.g_grp[0].rdq_l[1746]
    SLICE_X37Y690        FDRE                                         f  g_dnpipeN.g_grp[0].g_lmux.rq_p_reg[0][1746]/D
  -------------------------------------------------------------------    -------------------

                         (clock aclk rise edge)       4.000     4.000 r  
                                                      0.000     4.000 r  aclk (IN)
                         net (fo=95144, unset)        0.020     4.020    aclk
    SLICE_X37Y690        FDRE                                         r  g_dnpipeN.g_grp[0].g_lmux.rq_p_reg[0][1746]/C
                         clock pessimism              0.000     4.020    
                         clock uncertainty           -0.035     3.985    
    SLICE_X37Y690        FDRE (Setup_BFF_SLICEL_C_D)
                                                      0.025     4.010    g_dnpipeN.g_grp[0].g_lmux.rq_p_reg[0][1746]
  -------------------------------------------------------------------
                         required time                          4.010    
                         arrival time                          -3.776    
  -------------------------------------------------------------------
                         slack                                  0.234    

Slack (MET) :             0.240ns  (required time - arrival time)
  Source:                 g_dnpipeN.g_grp[0].g_dn[3].mem_reg_uram_24/CLK
                            (rising edge-triggered cell URAM288 clocked by aclk  {rise@0.000ns fall@2.000ns period=4.000ns})
  Destination:            g_dnpipeN.g_grp[0].g_lmux.rq_p_reg[0][1728]/D
                            (rising edge-triggered cell FDRE clocked by aclk  {rise@0.000ns fall@2.000ns period=4.000ns})
  Path Group:             aclk
  Path Type:              Setup (Max at Slow Process Corner)
  Requirement:            4.000ns  (aclk rise@4.000ns - aclk rise@0.000ns)
  Data Path Delay:        3.688ns  (logic 1.506ns (40.835%)  route 2.182ns (59.165%))
  Logic Levels:           2  (LUT6=1 MUXF7=1)
  Clock Path Skew:        -0.062ns (DCD - SCD + CPR)
    Destination Clock Delay (DCD):    0.021ns = ( 4.021 - 4.000 ) 
    Source Clock Delay      (SCD):    0.083ns
    Clock Pessimism Removal (CPR):    0.000ns
  Clock Uncertainty:      0.035ns  ((TSJ^2 + TIJ^2)^1/2 + DJ) / 2 + PE
    Total System Jitter     (TSJ):    0.071ns
    Total Input Jitter      (TIJ):    0.000ns
    Discrete Jitter          (DJ):    0.000ns
    Phase Error              (PE):    0.000ns

    Location             Delay type                Incr(ns)  Path(ns)    Netlist Resource(s)
  -------------------------------------------------------------------    -------------------
                         (clock aclk rise edge)       0.000     0.000 r  
                                                      0.000     0.000 r  aclk (IN)
                         net (fo=95144, unset)        0.083     0.083    aclk
    URAM288_X3Y186       URAM288                                      r  g_dnpipeN.g_grp[0].g_dn[3].mem_reg_uram_24/CLK
  -------------------------------------------------------------------    -------------------
    URAM288_X3Y186       URAM288 (Prop_URAM_288K_INST_URAM288_CLK_DOUT_A[0])
                                                      1.292     1.375 r  g_dnpipeN.g_grp[0].g_dn[3].mem_reg_uram_24/DOUT_A[0]
                         net (fo=1, estimated)        2.125     3.500    g_dnpipeN.g_grp[0].g_dn[3].mem_reg_uram_24_n_421
    SLICE_X38Y690        LUT6 (Prop_D6LUT_SLICEM_I0_O)
                                                      0.145     3.645 r  g_dnpipeN.g_grp[0].g_lmux.rq_p[0][1728]_i_2/O
                         net (fo=1, routed)           0.025     3.670    g_dnpipeN.g_grp[0].g_lmux.rq_p[0][1728]_i_2_n_0
    SLICE_X38Y690        MUXF7 (Prop_F7MUX_CD_SLICEM_I0_O)
                                                      0.069     3.739 r  g_dnpipeN.g_grp[0].g_lmux.rq_p_reg[0][1728]_i_1/O
                         net (fo=1, routed)           0.032     3.771    g_dnpipeN.g_grp[0].rdq_l[1728]
    SLICE_X38Y690        FDRE                                         r  g_dnpipeN.g_grp[0].g_lmux.rq_p_reg[0][1728]/D
  -------------------------------------------------------------------    -------------------

                         (clock aclk rise edge)       4.000     4.000 r  
                                                      0.000     4.000 r  aclk (IN)
                         net (fo=95144, unset)        0.021     4.021    aclk
    SLICE_X38Y690        FDRE                                         r  g_dnpipeN.g_grp[0].g_lmux.rq_p_reg[0][1728]/C
                         clock pessimism              0.000     4.021    
                         clock uncertainty           -0.035     3.986    
    SLICE_X38Y690        FDRE (Setup_DFF_SLICEM_C_D)
                                                      0.025     4.011    g_dnpipeN.g_grp[0].g_lmux.rq_p_reg[0][1728]
  -------------------------------------------------------------------
                         required time                          4.011    
                         arrival time                          -3.771    
  -------------------------------------------------------------------
                         slack                                  0.240    

Slack (MET) :             0.240ns  (required time - arrival time)
  Source:                 g_dnpipeN.g_grp[0].g_dn[3].mem_reg_uram_24/CLK
                            (rising edge-triggered cell URAM288 clocked by aclk  {rise@0.000ns fall@2.000ns period=4.000ns})
  Destination:            g_dnpipeN.g_grp[0].g_lmux.rq_p_reg[0][1728]/D
                            (rising edge-triggered cell FDRE clocked by aclk  {rise@0.000ns fall@2.000ns period=4.000ns})
  Path Group:             aclk
  Path Type:              Setup (Max at Slow Process Corner)
  Requirement:            4.000ns  (aclk rise@4.000ns - aclk rise@0.000ns)
  Data Path Delay:        3.688ns  (logic 1.506ns (40.835%)  route 2.182ns (59.165%))
  Logic Levels:           2  (LUT6=1 MUXF7=1)
  Clock Path Skew:        -0.062ns (DCD - SCD + CPR)
    Destination Clock Delay (DCD):    0.021ns = ( 4.021 - 4.000 ) 
    Source Clock Delay      (SCD):    0.083ns
    Clock Pessimism Removal (CPR):    0.000ns
  Clock Uncertainty:      0.035ns  ((TSJ^2 + TIJ^2)^1/2 + DJ) / 2 + PE
    Total System Jitter     (TSJ):    0.071ns
    Total Input Jitter      (TIJ):    0.000ns
    Discrete Jitter          (DJ):    0.000ns
    Phase Error              (PE):    0.000ns

    Location             Delay type                Incr(ns)  Path(ns)    Netlist Resource(s)
  -------------------------------------------------------------------    -------------------
                         (clock aclk rise edge)       0.000     0.000 r  
                                                      0.000     0.000 r  aclk (IN)
                         net (fo=95144, unset)        0.083     0.083    aclk
    URAM288_X3Y186       URAM288                                      r  g_dnpipeN.g_grp[0].g_dn[3].mem_reg_uram_24/CLK
  -------------------------------------------------------------------    -------------------
    URAM288_X3Y186       URAM288 (Prop_URAM_288K_INST_URAM288_CLK_DOUT_A[0])
                                                      1.292     1.375 f  g_dnpipeN.g_grp[0].g_dn[3].mem_reg_uram_24/DOUT_A[0]
                         net (fo=1, estimated)        2.125     3.500    g_dnpipeN.g_grp[0].g_dn[3].mem_reg_uram_24_n_421
    SLICE_X38Y690        LUT6 (Prop_D6LUT_SLICEM_I0_O)
                                                      0.145     3.645 f  g_dnpipeN.g_grp[0].g_lmux.rq_p[0][1728]_i_2/O
                         net (fo=1, routed)           0.025     3.670    g_dnpipeN.g_grp[0].g_lmux.rq_p[0][1728]_i_2_n_0
    SLICE_X38Y690        MUXF7 (Prop_F7MUX_CD_SLICEM_I0_O)
                                                      0.069     3.739 f  g_dnpipeN.g_grp[0].g_lmux.rq_p_reg[0][1728]_i_1/O
                         net (fo=1, routed)           0.032     3.771    g_dnpipeN.g_grp[0].rdq_l[1728]
    SLICE_X38Y690        FDRE                                         f  g_dnpipeN.g_grp[0].g_lmux.rq_p_reg[0][1728]/D
  -------------------------------------------------------------------    -------------------

                         (clock aclk rise edge)       4.000     4.000 r  
                                                      0.000     4.000 r  aclk (IN)
                         net (fo=95144, unset)        0.021     4.021    aclk
    SLICE_X38Y690        FDRE                                         r  g_dnpipeN.g_grp[0].g_lmux.rq_p_reg[0][1728]/C
                         clock pessimism              0.000     4.021    
                         clock uncertainty           -0.035     3.986    
    SLICE_X38Y690        FDRE (Setup_DFF_SLICEM_C_D)
                                                      0.025     4.011    g_dnpipeN.g_grp[0].g_lmux.rq_p_reg[0][1728]
  -------------------------------------------------------------------
                         required time                          4.011    
                         arrival time                          -3.771    
  -------------------------------------------------------------------
                         slack                                  0.240    

Slack (MET) :             0.244ns  (required time - arrival time)
  Source:                 g_dnpipeN.g_grp[0].g_dn[3].mem_reg_uram_24/CLK
                            (rising edge-triggered cell URAM288 clocked by aclk  {rise@0.000ns fall@2.000ns period=4.000ns})
  Destination:            g_dnpipeN.g_grp[0].g_lmux.rq_p_reg[0][1739]/D
                            (rising edge-triggered cell FDRE clocked by aclk  {rise@0.000ns fall@2.000ns period=4.000ns})
  Path Group:             aclk
  Path Type:              Setup (Max at Slow Process Corner)
  Requirement:            4.000ns  (aclk rise@4.000ns - aclk rise@0.000ns)
  Data Path Delay:        3.684ns  (logic 1.488ns (40.391%)  route 2.196ns (59.609%))
  Logic Levels:           2  (LUT6=1 MUXF7=1)
  Clock Path Skew:        -0.062ns (DCD - SCD + CPR)
    Destination Clock Delay (DCD):    0.021ns = ( 4.021 - 4.000 ) 
    Source Clock Delay      (SCD):    0.083ns
    Clock Pessimism Removal (CPR):    0.000ns
  Clock Uncertainty:      0.035ns  ((TSJ^2 + TIJ^2)^1/2 + DJ) / 2 + PE
    Total System Jitter     (TSJ):    0.071ns
    Total Input Jitter      (TIJ):    0.000ns
    Discrete Jitter          (DJ):    0.000ns
    Phase Error              (PE):    0.000ns

    Location             Delay type                Incr(ns)  Path(ns)    Netlist Resource(s)
  -------------------------------------------------------------------    -------------------
                         (clock aclk rise edge)       0.000     0.000 r  
                                                      0.000     0.000 r  aclk (IN)
                         net (fo=95144, unset)        0.083     0.083    aclk
    URAM288_X3Y186       URAM288                                      r  g_dnpipeN.g_grp[0].g_dn[3].mem_reg_uram_24/CLK
  -------------------------------------------------------------------    -------------------
    URAM288_X3Y186       URAM288 (Prop_URAM_288K_INST_URAM288_CLK_DOUT_A[11])
                                                      1.274     1.357 r  g_dnpipeN.g_grp[0].g_dn[3].mem_reg_uram_24/DOUT_A[11]
                         net (fo=1, estimated)        2.139     3.496    g_dnpipeN.g_grp[0].g_dn[3].mem_reg_uram_24_n_410
    SLICE_X36Y690        LUT6 (Prop_D6LUT_SLICEM_I0_O)
                                                      0.145     3.641 r  g_dnpipeN.g_grp[0].g_lmux.rq_p[0][1739]_i_2/O
                         net (fo=1, routed)           0.025     3.666    g_dnpipeN.g_grp[0].g_lmux.rq_p[0][1739]_i_2_n_0
    SLICE_X36Y690        MUXF7 (Prop_F7MUX_CD_SLICEM_I0_O)
                                                      0.069     3.735 r  g_dnpipeN.g_grp[0].g_lmux.rq_p_reg[0][1739]_i_1/O
                         net (fo=1, routed)           0.032     3.767    g_dnpipeN.g_grp[0].rdq_l[1739]
    SLICE_X36Y690        FDRE                                         r  g_dnpipeN.g_grp[0].g_lmux.rq_p_reg[0][1739]/D
  -------------------------------------------------------------------    -------------------

                         (clock aclk rise edge)       4.000     4.000 r  
                                                      0.000     4.000 r  aclk (IN)
                         net (fo=95144, unset)        0.021     4.021    aclk
    SLICE_X36Y690        FDRE                                         r  g_dnpipeN.g_grp[0].g_lmux.rq_p_reg[0][1739]/C
                         clock pessimism              0.000     4.021    
                         clock uncertainty           -0.035     3.986    
    SLICE_X36Y690        FDRE (Setup_DFF_SLICEM_C_D)
                                                      0.025     4.011    g_dnpipeN.g_grp[0].g_lmux.rq_p_reg[0][1739]
  -------------------------------------------------------------------
                         required time                          4.011    
                         arrival time                          -3.767    
  -------------------------------------------------------------------
                         slack                                  0.244    

Slack (MET) :             0.244ns  (required time - arrival time)
  Source:                 g_dnpipeN.g_grp[0].g_dn[3].mem_reg_uram_24/CLK
                            (rising edge-triggered cell URAM288 clocked by aclk  {rise@0.000ns fall@2.000ns period=4.000ns})
  Destination:            g_dnpipeN.g_grp[0].g_lmux.rq_p_reg[0][1739]/D
                            (rising edge-triggered cell FDRE clocked by aclk  {rise@0.000ns fall@2.000ns period=4.000ns})
  Path Group:             aclk
  Path Type:              Setup (Max at Slow Process Corner)
  Requirement:            4.000ns  (aclk rise@4.000ns - aclk rise@0.000ns)
  Data Path Delay:        3.684ns  (logic 1.488ns (40.391%)  route 2.196ns (59.609%))
  Logic Levels:           2  (LUT6=1 MUXF7=1)
  Clock Path Skew:        -0.062ns (DCD - SCD + CPR)
    Destination Clock Delay (DCD):    0.021ns = ( 4.021 - 4.000 ) 
    Source Clock Delay      (SCD):    0.083ns
    Clock Pessimism Removal (CPR):    0.000ns
  Clock Uncertainty:      0.035ns  ((TSJ^2 + TIJ^2)^1/2 + DJ) / 2 + PE
    Total System Jitter     (TSJ):    0.071ns
    Total Input Jitter      (TIJ):    0.000ns
    Discrete Jitter          (DJ):    0.000ns
    Phase Error              (PE):    0.000ns

    Location             Delay type                Incr(ns)  Path(ns)    Netlist Resource(s)
  -------------------------------------------------------------------    -------------------
                         (clock aclk rise edge)       0.000     0.000 r  
                                                      0.000     0.000 r  aclk (IN)
                         net (fo=95144, unset)        0.083     0.083    aclk
    URAM288_X3Y186       URAM288                                      r  g_dnpipeN.g_grp[0].g_dn[3].mem_reg_uram_24/CLK
  -------------------------------------------------------------------    -------------------
    URAM288_X3Y186       URAM288 (Prop_URAM_288K_INST_URAM288_CLK_DOUT_A[11])
                                                      1.274     1.357 f  g_dnpipeN.g_grp[0].g_dn[3].mem_reg_uram_24/DOUT_A[11]
                         net (fo=1, estimated)        2.139     3.496    g_dnpipeN.g_grp[0].g_dn[3].mem_reg_uram_24_n_410
    SLICE_X36Y690        LUT6 (Prop_D6LUT_SLICEM_I0_O)
                                                      0.145     3.641 f  g_dnpipeN.g_grp[0].g_lmux.rq_p[0][1739]_i_2/O
                         net (fo=1, routed)           0.025     3.666    g_dnpipeN.g_grp[0].g_lmux.rq_p[0][1739]_i_2_n_0
    SLICE_X36Y690        MUXF7 (Prop_F7MUX_CD_SLICEM_I0_O)
                                                      0.069     3.735 f  g_dnpipeN.g_grp[0].g_lmux.rq_p_reg[0][1739]_i_1/O
                         net (fo=1, routed)           0.032     3.767    g_dnpipeN.g_grp[0].rdq_l[1739]
    SLICE_X36Y690        FDRE                                         f  g_dnpipeN.g_grp[0].g_lmux.rq_p_reg[0][1739]/D
  -------------------------------------------------------------------    -------------------

                         (clock aclk rise edge)       4.000     4.000 r  
                                                      0.000     4.000 r  aclk (IN)
                         net (fo=95144, unset)        0.021     4.021    aclk
    SLICE_X36Y690        FDRE                                         r  g_dnpipeN.g_grp[0].g_lmux.rq_p_reg[0][1739]/C
                         clock pessimism              0.000     4.021    
                         clock uncertainty           -0.035     3.986    
    SLICE_X36Y690        FDRE (Setup_DFF_SLICEM_C_D)
                                                      0.025     4.011    g_dnpipeN.g_grp[0].g_lmux.rq_p_reg[0][1739]
  -------------------------------------------------------------------
                         required time                          4.011    
                         arrival time                          -3.767    
  -------------------------------------------------------------------
                         slack                                  0.244    

Slack (MET) :             0.246ns  (required time - arrival time)
  Source:                 g_dnpipeN.g_grp[0].g_dn[3].mem_reg_uram_24/CLK
                            (rising edge-triggered cell URAM288 clocked by aclk  {rise@0.000ns fall@2.000ns period=4.000ns})
  Destination:            g_dnpipeN.g_grp[0].g_lmux.rq_p_reg[0][1733]/D
                            (rising edge-triggered cell FDRE clocked by aclk  {rise@0.000ns fall@2.000ns period=4.000ns})
  Path Group:             aclk
  Path Type:              Setup (Max at Slow Process Corner)
  Requirement:            4.000ns  (aclk rise@4.000ns - aclk rise@0.000ns)
  Data Path Delay:        3.682ns  (logic 1.489ns (40.440%)  route 2.193ns (59.560%))
  Logic Levels:           2  (LUT6=1 MUXF7=1)
  Clock Path Skew:        -0.062ns (DCD - SCD + CPR)
    Destination Clock Delay (DCD):    0.021ns = ( 4.021 - 4.000 ) 
    Source Clock Delay      (SCD):    0.083ns
    Clock Pessimism Removal (CPR):    0.000ns
  Clock Uncertainty:      0.035ns  ((TSJ^2 + TIJ^2)^1/2 + DJ) / 2 + PE
    Total System Jitter     (TSJ):    0.071ns
    Total Input Jitter      (TIJ):    0.000ns
    Discrete Jitter          (DJ):    0.000ns
    Phase Error              (PE):    0.000ns

    Location             Delay type                Incr(ns)  Path(ns)    Netlist Resource(s)
  -------------------------------------------------------------------    -------------------
                         (clock aclk rise edge)       0.000     0.000 r  
                                                      0.000     0.000 r  aclk (IN)
                         net (fo=95144, unset)        0.083     0.083    aclk
    URAM288_X3Y186       URAM288                                      r  g_dnpipeN.g_grp[0].g_dn[3].mem_reg_uram_24/CLK
  -------------------------------------------------------------------    -------------------
    URAM288_X3Y186       URAM288 (Prop_URAM_288K_INST_URAM288_CLK_DOUT_A[5])
                                                      1.271     1.354 r  g_dnpipeN.g_grp[0].g_dn[3].mem_reg_uram_24/DOUT_A[5]
                         net (fo=1, estimated)        2.147     3.501    g_dnpipeN.g_grp[0].g_dn[3].mem_reg_uram_24_n_416
    SLICE_X38Y690        LUT6 (Prop_H6LUT_SLICEM_I0_O)
                                                      0.152     3.653 r  g_dnpipeN.g_grp[0].g_lmux.rq_p[0][1733]_i_2/O
                         net (fo=1, routed)           0.014     3.667    g_dnpipeN.g_grp[0].g_lmux.rq_p[0][1733]_i_2_n_0
    SLICE_X38Y690        MUXF7 (Prop_F7MUX_GH_SLICEM_I0_O)
                                                      0.066     3.733 r  g_dnpipeN.g_grp[0].g_lmux.rq_p_reg[0][1733]_i_1/O
                         net (fo=1, routed)           0.032     3.765    g_dnpipeN.g_grp[0].rdq_l[1733]
    SLICE_X38Y690        FDRE                                         r  g_dnpipeN.g_grp[0].g_lmux.rq_p_reg[0][1733]/D
  -------------------------------------------------------------------    -------------------

                         (clock aclk rise edge)       4.000     4.000 r  
                                                      0.000     4.000 r  aclk (IN)
                         net (fo=95144, unset)        0.021     4.021    aclk
    SLICE_X38Y690        FDRE                                         r  g_dnpipeN.g_grp[0].g_lmux.rq_p_reg[0][1733]/C
                         clock pessimism              0.000     4.021    
                         clock uncertainty           -0.035     3.986    
    SLICE_X38Y690        FDRE (Setup_HFF_SLICEM_C_D)
                                                      0.025     4.011    g_dnpipeN.g_grp[0].g_lmux.rq_p_reg[0][1733]
  -------------------------------------------------------------------
                         required time                          4.011    
                         arrival time                          -3.765    
  -------------------------------------------------------------------
                         slack                                  0.246    

Slack (MET) :             0.246ns  (required time - arrival time)
  Source:                 g_dnpipeN.g_grp[0].g_dn[3].mem_reg_uram_24/CLK
                            (rising edge-triggered cell URAM288 clocked by aclk  {rise@0.000ns fall@2.000ns period=4.000ns})
  Destination:            g_dnpipeN.g_grp[0].g_lmux.rq_p_reg[0][1733]/D
                            (rising edge-triggered cell FDRE clocked by aclk  {rise@0.000ns fall@2.000ns period=4.000ns})
  Path Group:             aclk
  Path Type:              Setup (Max at Slow Process Corner)
  Requirement:            4.000ns  (aclk rise@4.000ns - aclk rise@0.000ns)
  Data Path Delay:        3.682ns  (logic 1.489ns (40.440%)  route 2.193ns (59.560%))
  Logic Levels:           2  (LUT6=1 MUXF7=1)
  Clock Path Skew:        -0.062ns (DCD - SCD + CPR)
    Destination Clock Delay (DCD):    0.021ns = ( 4.021 - 4.000 ) 
    Source Clock Delay      (SCD):    0.083ns
    Clock Pessimism Removal (CPR):    0.000ns
  Clock Uncertainty:      0.035ns  ((TSJ^2 + TIJ^2)^1/2 + DJ) / 2 + PE
    Total System Jitter     (TSJ):    0.071ns
    Total Input Jitter      (TIJ):    0.000ns
    Discrete Jitter          (DJ):    0.000ns
    Phase Error              (PE):    0.000ns

    Location             Delay type                Incr(ns)  Path(ns)    Netlist Resource(s)
  -------------------------------------------------------------------    -------------------
                         (clock aclk rise edge)       0.000     0.000 r  
                                                      0.000     0.000 r  aclk (IN)
                         net (fo=95144, unset)        0.083     0.083    aclk
    URAM288_X3Y186       URAM288                                      r  g_dnpipeN.g_grp[0].g_dn[3].mem_reg_uram_24/CLK
  -------------------------------------------------------------------    -------------------
    URAM288_X3Y186       URAM288 (Prop_URAM_288K_INST_URAM288_CLK_DOUT_A[5])
                                                      1.271     1.354 f  g_dnpipeN.g_grp[0].g_dn[3].mem_reg_uram_24/DOUT_A[5]
                         net (fo=1, estimated)        2.147     3.501    g_dnpipeN.g_grp[0].g_dn[3].mem_reg_uram_24_n_416
    SLICE_X38Y690        LUT6 (Prop_H6LUT_SLICEM_I0_O)
                                                      0.152     3.653 f  g_dnpipeN.g_grp[0].g_lmux.rq_p[0][1733]_i_2/O
                         net (fo=1, routed)           0.014     3.667    g_dnpipeN.g_grp[0].g_lmux.rq_p[0][1733]_i_2_n_0
    SLICE_X38Y690        MUXF7 (Prop_F7MUX_GH_SLICEM_I0_O)
                                                      0.066     3.733 f  g_dnpipeN.g_grp[0].g_lmux.rq_p_reg[0][1733]_i_1/O
                         net (fo=1, routed)           0.032     3.765    g_dnpipeN.g_grp[0].rdq_l[1733]
    SLICE_X38Y690        FDRE                                         f  g_dnpipeN.g_grp[0].g_lmux.rq_p_reg[0][1733]/D
  -------------------------------------------------------------------    -------------------

                         (clock aclk rise edge)       4.000     4.000 r  
                                                      0.000     4.000 r  aclk (IN)
                         net (fo=95144, unset)        0.021     4.021    aclk
    SLICE_X38Y690        FDRE                                         r  g_dnpipeN.g_grp[0].g_lmux.rq_p_reg[0][1733]/C
                         clock pessimism              0.000     4.021    
                         clock uncertainty           -0.035     3.986    
    SLICE_X38Y690        FDRE (Setup_HFF_SLICEM_C_D)
                                                      0.025     4.011    g_dnpipeN.g_grp[0].g_lmux.rq_p_reg[0][1733]
  -------------------------------------------------------------------
                         required time                          4.011    
                         arrival time                          -3.765    
  -------------------------------------------------------------------
                         slack                                  0.246    

Slack (MET) :             0.257ns  (required time - arrival time)
  Source:                 g_dnpipeN.g_grp[0].g_dn[3].mem_reg_uram_24/CLK
                            (rising edge-triggered cell URAM288 clocked by aclk  {rise@0.000ns fall@2.000ns period=4.000ns})
  Destination:            g_dnpipeN.g_grp[0].g_lmux.rq_p_reg[0][1742]/D
                            (rising edge-triggered cell FDRE clocked by aclk  {rise@0.000ns fall@2.000ns period=4.000ns})
  Path Group:             aclk
  Path Type:              Setup (Max at Slow Process Corner)
  Requirement:            4.000ns  (aclk rise@4.000ns - aclk rise@0.000ns)
  Data Path Delay:        3.670ns  (logic 1.469ns (40.027%)  route 2.201ns (59.973%))
  Logic Levels:           2  (LUT6=1 MUXF7=1)
  Clock Path Skew:        -0.063ns (DCD - SCD + CPR)
    Destination Clock Delay (DCD):    0.020ns = ( 4.020 - 4.000 ) 
    Source Clock Delay      (SCD):    0.083ns
    Clock Pessimism Removal (CPR):    0.000ns
  Clock Uncertainty:      0.035ns  ((TSJ^2 + TIJ^2)^1/2 + DJ) / 2 + PE
    Total System Jitter     (TSJ):    0.071ns
    Total Input Jitter      (TIJ):    0.000ns
    Discrete Jitter          (DJ):    0.000ns
    Phase Error              (PE):    0.000ns

    Location             Delay type                Incr(ns)  Path(ns)    Netlist Resource(s)
  -------------------------------------------------------------------    -------------------
                         (clock aclk rise edge)       0.000     0.000 r  
                                                      0.000     0.000 r  aclk (IN)
                         net (fo=95144, unset)        0.083     0.083    aclk
    URAM288_X3Y186       URAM288                                      r  g_dnpipeN.g_grp[0].g_dn[3].mem_reg_uram_24/CLK
  -------------------------------------------------------------------    -------------------
    URAM288_X3Y186       URAM288 (Prop_URAM_288K_INST_URAM288_CLK_DOUT_A[14])
                                                      1.260     1.343 r  g_dnpipeN.g_grp[0].g_dn[3].mem_reg_uram_24/DOUT_A[14]
                         net (fo=1, estimated)        2.161     3.504    g_dnpipeN.g_grp[0].g_dn[3].mem_reg_uram_24_n_407
    SLICE_X37Y690        LUT6 (Prop_D6LUT_SLICEL_I0_O)
                                                      0.146     3.650 r  g_dnpipeN.g_grp[0].g_lmux.rq_p[0][1742]_i_2/O
                         net (fo=1, routed)           0.009     3.659    g_dnpipeN.g_grp[0].g_lmux.rq_p[0][1742]_i_2_n_0
    SLICE_X37Y690        MUXF7 (Prop_F7MUX_CD_SLICEL_I0_O)
                                                      0.063     3.722 r  g_dnpipeN.g_grp[0].g_lmux.rq_p_reg[0][1742]_i_1/O
                         net (fo=1, routed)           0.031     3.753    g_dnpipeN.g_grp[0].rdq_l[1742]
    SLICE_X37Y690        FDRE                                         r  g_dnpipeN.g_grp[0].g_lmux.rq_p_reg[0][1742]/D
  -------------------------------------------------------------------    -------------------

                         (clock aclk rise edge)       4.000     4.000 r  
                                                      0.000     4.000 r  aclk (IN)
                         net (fo=95144, unset)        0.020     4.020    aclk
    SLICE_X37Y690        FDRE                                         r  g_dnpipeN.g_grp[0].g_lmux.rq_p_reg[0][1742]/C
                         clock pessimism              0.000     4.020    
                         clock uncertainty           -0.035     3.985    
    SLICE_X37Y690        FDRE (Setup_DFF_SLICEL_C_D)
                                                      0.025     4.010    g_dnpipeN.g_grp[0].g_lmux.rq_p_reg[0][1742]
  -------------------------------------------------------------------
                         required time                          4.010    
                         arrival time                          -3.753    
  -------------------------------------------------------------------
                         slack                                  0.257    

Slack (MET) :             0.257ns  (required time - arrival time)
  Source:                 g_dnpipeN.g_grp[0].g_dn[3].mem_reg_uram_24/CLK
                            (rising edge-triggered cell URAM288 clocked by aclk  {rise@0.000ns fall@2.000ns period=4.000ns})
  Destination:            g_dnpipeN.g_grp[0].g_lmux.rq_p_reg[0][1742]/D
                            (rising edge-triggered cell FDRE clocked by aclk  {rise@0.000ns fall@2.000ns period=4.000ns})
  Path Group:             aclk
  Path Type:              Setup (Max at Slow Process Corner)
  Requirement:            4.000ns  (aclk rise@4.000ns - aclk rise@0.000ns)
  Data Path Delay:        3.670ns  (logic 1.469ns (40.027%)  route 2.201ns (59.973%))
  Logic Levels:           2  (LUT6=1 MUXF7=1)
  Clock Path Skew:        -0.063ns (DCD - SCD + CPR)
    Destination Clock Delay (DCD):    0.020ns = ( 4.020 - 4.000 ) 
    Source Clock Delay      (SCD):    0.083ns
    Clock Pessimism Removal (CPR):    0.000ns
  Clock Uncertainty:      0.035ns  ((TSJ^2 + TIJ^2)^1/2 + DJ) / 2 + PE
    Total System Jitter     (TSJ):    0.071ns
    Total Input Jitter      (TIJ):    0.000ns
    Discrete Jitter          (DJ):    0.000ns
    Phase Error              (PE):    0.000ns

    Location             Delay type                Incr(ns)  Path(ns)    Netlist Resource(s)
  -------------------------------------------------------------------    -------------------
                         (clock aclk rise edge)       0.000     0.000 r  
                                                      0.000     0.000 r  aclk (IN)
                         net (fo=95144, unset)        0.083     0.083    aclk
    URAM288_X3Y186       URAM288                                      r  g_dnpipeN.g_grp[0].g_dn[3].mem_reg_uram_24/CLK
  -------------------------------------------------------------------    -------------------
    URAM288_X3Y186       URAM288 (Prop_URAM_288K_INST_URAM288_CLK_DOUT_A[14])
                                                      1.260     1.343 f  g_dnpipeN.g_grp[0].g_dn[3].mem_reg_uram_24/DOUT_A[14]
                         net (fo=1, estimated)        2.161     3.504    g_dnpipeN.g_grp[0].g_dn[3].mem_reg_uram_24_n_407
    SLICE_X37Y690        LUT6 (Prop_D6LUT_SLICEL_I0_O)
                                                      0.146     3.650 f  g_dnpipeN.g_grp[0].g_lmux.rq_p[0][1742]_i_2/O
                         net (fo=1, routed)           0.009     3.659    g_dnpipeN.g_grp[0].g_lmux.rq_p[0][1742]_i_2_n_0
    SLICE_X37Y690        MUXF7 (Prop_F7MUX_CD_SLICEL_I0_O)
                                                      0.063     3.722 f  g_dnpipeN.g_grp[0].g_lmux.rq_p_reg[0][1742]_i_1/O
                         net (fo=1, routed)           0.031     3.753    g_dnpipeN.g_grp[0].rdq_l[1742]
    SLICE_X37Y690        FDRE                                         f  g_dnpipeN.g_grp[0].g_lmux.rq_p_reg[0][1742]/D
  -------------------------------------------------------------------    -------------------

                         (clock aclk rise edge)       4.000     4.000 r  
                                                      0.000     4.000 r  aclk (IN)
                         net (fo=95144, unset)        0.020     4.020    aclk
    SLICE_X37Y690        FDRE                                         r  g_dnpipeN.g_grp[0].g_lmux.rq_p_reg[0][1742]/C
                         clock pessimism              0.000     4.020    
                         clock uncertainty           -0.035     3.985    
    SLICE_X37Y690        FDRE (Setup_DFF_SLICEL_C_D)
                                                      0.025     4.010    g_dnpipeN.g_grp[0].g_lmux.rq_p_reg[0][1742]
  -------------------------------------------------------------------
                         required time                          4.010    
                         arrival time                          -3.753    
  -------------------------------------------------------------------
                         slack                                  0.257    




