Copyright 1986-2022 Xilinx, Inc. All Rights Reserved. Copyright 2022-2024 Advanced Micro Devices, Inc. All Rights Reserved.
---------------------------------------------------------------------------------------------------------------------------------------------------------------------------------------------------------------------------------------------------------
| Tool Version      : Vivado v.2024.2 (lin64) Build 5239630 Fri Nov 08 22:34:34 MST 2024
| Date              : Fri Sep  4 01:37:45 2026
| Host              : snoke running 64-bit Ubuntu 24.04.4 LTS
| Command           : report_timing -to [get_cells -quiet -hier -filter {REF_NAME =~ URAM288* && NAME =~ *g_kv*}] -max_paths 20 -nworst 20 -setup -file /home/cah/r2d2/code/fpga/fable5_llm/synth/out_exp_uram_g5_v5cr/reports/kv_write_fanout_paths.rpt
| Design            : layer_chan
| Device            : xcvu9p-fsgd2104
| Speed File        : -2L  PRODUCTION 1.28 03-30-2022
| Design State      : Fully Placed
| Temperature Grade : E
---------------------------------------------------------------------------------------------------------------------------------------------------------------------------------------------------------------------------------------------------------

Timing Report

Slack (MET) :             0.370ns  (required time - arrival time)
  Source:                 kv_layer_r_reg[2]_replica_7/C
                            (rising edge-triggered cell FDRE clocked by aclk  {rise@0.000ns fall@2.000ns period=4.000ns})
  Destination:            g_kv[1].mem_reg_uram_20/BWE_B[7]
                            (rising edge-triggered cell URAM288 clocked by aclk  {rise@0.000ns fall@2.000ns period=4.000ns})
  Path Group:             aclk
  Path Type:              Setup (Max at Slow Process Corner)
  Requirement:            4.000ns  (aclk rise@4.000ns - aclk rise@0.000ns)
  Data Path Delay:        3.220ns  (logic 0.129ns (4.006%)  route 3.091ns (95.994%))
  Logic Levels:           1  (LUT4=1)
  Clock Path Skew:        0.035ns (DCD - SCD + CPR)
    Destination Clock Delay (DCD):    0.064ns = ( 4.064 - 4.000 ) 
    Source Clock Delay      (SCD):    0.029ns
    Clock Pessimism Removal (CPR):    0.000ns
  Clock Uncertainty:      0.035ns  ((TSJ^2 + TIJ^2)^1/2 + DJ) / 2 + PE
    Total System Jitter     (TSJ):    0.071ns
    Total Input Jitter      (TIJ):    0.000ns
    Discrete Jitter          (DJ):    0.000ns
    Phase Error              (PE):    0.000ns

    Location             Delay type                Incr(ns)  Path(ns)    PBlock               Netlist Resource(s)
  -------------------------------------------------------------------    ----------------------------------------
                         (clock aclk rise edge)       0.000     0.000 r                       
                                                      0.000     0.000 r                       aclk (IN)
                         net (fo=94796, unset)        0.029     0.029                         aclk
    SLICE_X71Y488        FDRE                                         r  pb_kv                kv_layer_r_reg[2]_replica_7/C
  -------------------------------------------------------------------    ----------------------------------------
    SLICE_X71Y488        FDRE (Prop_EFF_SLICEL_C_Q)
                                                      0.079     0.108 f  pb_kv                kv_layer_r_reg[2]_replica_7/Q
                         net (fo=80, estimated)       0.362     0.470                         kv_bsel[2]_repN_7
    SLICE_X71Y498        LUT4 (Prop_C6LUT_SLICEL_I3_O)
                                                      0.050     0.520 r  pb_kv                g_kv[1].mem_reg_uram_0_i_1/O
                         net (fo=265, estimated)      2.729     3.249                         g_kv[1].mem_reg_uram_0_i_1_n_0
    URAM288_X3Y85        URAM288                                      r  pb_kv                g_kv[1].mem_reg_uram_20/BWE_B[7]
  -------------------------------------------------------------------    ----------------------------------------

                         (clock aclk rise edge)       4.000     4.000 r                       
                                                      0.000     4.000 r                       aclk (IN)
                         net (fo=94796, unset)        0.064     4.064                         aclk
    URAM288_X3Y85        URAM288                                      r  pb_kv                g_kv[1].mem_reg_uram_20/CLK
                         clock pessimism              0.000     4.064                           
                         clock uncertainty           -0.035     4.029                           
    URAM288_X3Y85        URAM288 (Setup_URAM_288K_INST_URAM288_CLK_BWE_B[7])
                                                     -0.410     3.619    pb_kv                  g_kv[1].mem_reg_uram_20
  -------------------------------------------------------------------
                         required time                          3.619                           
                         arrival time                          -3.249                           
  -------------------------------------------------------------------
                         slack                                  0.370                           

Slack (MET) :             0.370ns  (required time - arrival time)
  Source:                 kv_layer_r_reg[2]_replica_7/C
                            (rising edge-triggered cell FDRE clocked by aclk  {rise@0.000ns fall@2.000ns period=4.000ns})
  Destination:            g_kv[1].mem_reg_uram_20/BWE_B[7]
                            (rising edge-triggered cell URAM288 clocked by aclk  {rise@0.000ns fall@2.000ns period=4.000ns})
  Path Group:             aclk
  Path Type:              Setup (Max at Slow Process Corner)
  Requirement:            4.000ns  (aclk rise@4.000ns - aclk rise@0.000ns)
  Data Path Delay:        3.220ns  (logic 0.129ns (4.006%)  route 3.091ns (95.994%))
  Logic Levels:           1  (LUT4=1)
  Clock Path Skew:        0.035ns (DCD - SCD + CPR)
    Destination Clock Delay (DCD):    0.064ns = ( 4.064 - 4.000 ) 
    Source Clock Delay      (SCD):    0.029ns
    Clock Pessimism Removal (CPR):    0.000ns
  Clock Uncertainty:      0.035ns  ((TSJ^2 + TIJ^2)^1/2 + DJ) / 2 + PE
    Total System Jitter     (TSJ):    0.071ns
    Total Input Jitter      (TIJ):    0.000ns
    Discrete Jitter          (DJ):    0.000ns
    Phase Error              (PE):    0.000ns

    Location             Delay type                Incr(ns)  Path(ns)    PBlock               Netlist Resource(s)
  -------------------------------------------------------------------    ----------------------------------------
                         (clock aclk rise edge)       0.000     0.000 r                       
                                                      0.000     0.000 r                       aclk (IN)
                         net (fo=94796, unset)        0.029     0.029                         aclk
    SLICE_X71Y488        FDRE                                         r  pb_kv                kv_layer_r_reg[2]_replica_7/C
  -------------------------------------------------------------------    ----------------------------------------
    SLICE_X71Y488        FDRE (Prop_EFF_SLICEL_C_Q)
                                                      0.079     0.108 r  pb_kv                kv_layer_r_reg[2]_replica_7/Q
                         net (fo=80, estimated)       0.362     0.470                         kv_bsel[2]_repN_7
    SLICE_X71Y498        LUT4 (Prop_C6LUT_SLICEL_I3_O)
                                                      0.050     0.520 f  pb_kv                g_kv[1].mem_reg_uram_0_i_1/O
                         net (fo=265, estimated)      2.729     3.249                         g_kv[1].mem_reg_uram_0_i_1_n_0
    URAM288_X3Y85        URAM288                                      f  pb_kv                g_kv[1].mem_reg_uram_20/BWE_B[7]
  -------------------------------------------------------------------    ----------------------------------------

                         (clock aclk rise edge)       4.000     4.000 r                       
                                                      0.000     4.000 r                       aclk (IN)
                         net (fo=94796, unset)        0.064     4.064                         aclk
    URAM288_X3Y85        URAM288                                      r  pb_kv                g_kv[1].mem_reg_uram_20/CLK
                         clock pessimism              0.000     4.064                           
                         clock uncertainty           -0.035     4.029                           
    URAM288_X3Y85        URAM288 (Setup_URAM_288K_INST_URAM288_CLK_BWE_B[7])
                                                     -0.410     3.619    pb_kv                  g_kv[1].mem_reg_uram_20
  -------------------------------------------------------------------
                         required time                          3.619                           
                         arrival time                          -3.249                           
  -------------------------------------------------------------------
                         slack                                  0.370                           

Slack (MET) :             0.371ns  (required time - arrival time)
  Source:                 kv_layer_r_reg[2]_replica_7/C
                            (rising edge-triggered cell FDRE clocked by aclk  {rise@0.000ns fall@2.000ns period=4.000ns})
  Destination:            g_kv[1].mem_reg_uram_20/BWE_B[5]
                            (rising edge-triggered cell URAM288 clocked by aclk  {rise@0.000ns fall@2.000ns period=4.000ns})
  Path Group:             aclk
  Path Type:              Setup (Max at Slow Process Corner)
  Requirement:            4.000ns  (aclk rise@4.000ns - aclk rise@0.000ns)
  Data Path Delay:        3.219ns  (logic 0.129ns (4.007%)  route 3.090ns (95.993%))
  Logic Levels:           1  (LUT4=1)
  Clock Path Skew:        0.035ns (DCD - SCD + CPR)
    Destination Clock Delay (DCD):    0.064ns = ( 4.064 - 4.000 ) 
    Source Clock Delay      (SCD):    0.029ns
    Clock Pessimism Removal (CPR):    0.000ns
  Clock Uncertainty:      0.035ns  ((TSJ^2 + TIJ^2)^1/2 + DJ) / 2 + PE
    Total System Jitter     (TSJ):    0.071ns
    Total Input Jitter      (TIJ):    0.000ns
    Discrete Jitter          (DJ):    0.000ns
    Phase Error              (PE):    0.000ns

    Location             Delay type                Incr(ns)  Path(ns)    PBlock               Netlist Resource(s)
  -------------------------------------------------------------------    ----------------------------------------
                         (clock aclk rise edge)       0.000     0.000 r                       
                                                      0.000     0.000 r                       aclk (IN)
                         net (fo=94796, unset)        0.029     0.029                         aclk
    SLICE_X71Y488        FDRE                                         r  pb_kv                kv_layer_r_reg[2]_replica_7/C
  -------------------------------------------------------------------    ----------------------------------------
    SLICE_X71Y488        FDRE (Prop_EFF_SLICEL_C_Q)
                                                      0.079     0.108 f  pb_kv                kv_layer_r_reg[2]_replica_7/Q
                         net (fo=80, estimated)       0.362     0.470                         kv_bsel[2]_repN_7
    SLICE_X71Y498        LUT4 (Prop_C6LUT_SLICEL_I3_O)
                                                      0.050     0.520 r  pb_kv                g_kv[1].mem_reg_uram_0_i_1/O
                         net (fo=265, estimated)      2.728     3.248                         g_kv[1].mem_reg_uram_0_i_1_n_0
    URAM288_X3Y85        URAM288                                      r  pb_kv                g_kv[1].mem_reg_uram_20/BWE_B[5]
  -------------------------------------------------------------------    ----------------------------------------

                         (clock aclk rise edge)       4.000     4.000 r                       
                                                      0.000     4.000 r                       aclk (IN)
                         net (fo=94796, unset)        0.064     4.064                         aclk
    URAM288_X3Y85        URAM288                                      r  pb_kv                g_kv[1].mem_reg_uram_20/CLK
                         clock pessimism              0.000     4.064                           
                         clock uncertainty           -0.035     4.029                           
    URAM288_X3Y85        URAM288 (Setup_URAM_288K_INST_URAM288_CLK_BWE_B[5])
                                                     -0.410     3.619    pb_kv                  g_kv[1].mem_reg_uram_20
  -------------------------------------------------------------------
                         required time                          3.619                           
                         arrival time                          -3.248                           
  -------------------------------------------------------------------
                         slack                                  0.371                           

Slack (MET) :             0.371ns  (required time - arrival time)
  Source:                 kv_layer_r_reg[2]_replica_7/C
                            (rising edge-triggered cell FDRE clocked by aclk  {rise@0.000ns fall@2.000ns period=4.000ns})
  Destination:            g_kv[1].mem_reg_uram_20/BWE_B[5]
                            (rising edge-triggered cell URAM288 clocked by aclk  {rise@0.000ns fall@2.000ns period=4.000ns})
  Path Group:             aclk
  Path Type:              Setup (Max at Slow Process Corner)
  Requirement:            4.000ns  (aclk rise@4.000ns - aclk rise@0.000ns)
  Data Path Delay:        3.219ns  (logic 0.129ns (4.007%)  route 3.090ns (95.993%))
  Logic Levels:           1  (LUT4=1)
  Clock Path Skew:        0.035ns (DCD - SCD + CPR)
    Destination Clock Delay (DCD):    0.064ns = ( 4.064 - 4.000 ) 
    Source Clock Delay      (SCD):    0.029ns
    Clock Pessimism Removal (CPR):    0.000ns
  Clock Uncertainty:      0.035ns  ((TSJ^2 + TIJ^2)^1/2 + DJ) / 2 + PE
    Total System Jitter     (TSJ):    0.071ns
    Total Input Jitter      (TIJ):    0.000ns
    Discrete Jitter          (DJ):    0.000ns
    Phase Error              (PE):    0.000ns

    Location             Delay type                Incr(ns)  Path(ns)    PBlock               Netlist Resource(s)
  -------------------------------------------------------------------    ----------------------------------------
                         (clock aclk rise edge)       0.000     0.000 r                       
                                                      0.000     0.000 r                       aclk (IN)
                         net (fo=94796, unset)        0.029     0.029                         aclk
    SLICE_X71Y488        FDRE                                         r  pb_kv                kv_layer_r_reg[2]_replica_7/C
  -------------------------------------------------------------------    ----------------------------------------
    SLICE_X71Y488        FDRE (Prop_EFF_SLICEL_C_Q)
                                                      0.079     0.108 r  pb_kv                kv_layer_r_reg[2]_replica_7/Q
                         net (fo=80, estimated)       0.362     0.470                         kv_bsel[2]_repN_7
    SLICE_X71Y498        LUT4 (Prop_C6LUT_SLICEL_I3_O)
                                                      0.050     0.520 f  pb_kv                g_kv[1].mem_reg_uram_0_i_1/O
                         net (fo=265, estimated)      2.728     3.248                         g_kv[1].mem_reg_uram_0_i_1_n_0
    URAM288_X3Y85        URAM288                                      f  pb_kv                g_kv[1].mem_reg_uram_20/BWE_B[5]
  -------------------------------------------------------------------    ----------------------------------------

                         (clock aclk rise edge)       4.000     4.000 r                       
                                                      0.000     4.000 r                       aclk (IN)
                         net (fo=94796, unset)        0.064     4.064                         aclk
    URAM288_X3Y85        URAM288                                      r  pb_kv                g_kv[1].mem_reg_uram_20/CLK
                         clock pessimism              0.000     4.064                           
                         clock uncertainty           -0.035     4.029                           
    URAM288_X3Y85        URAM288 (Setup_URAM_288K_INST_URAM288_CLK_BWE_B[5])
                                                     -0.410     3.619    pb_kv                  g_kv[1].mem_reg_uram_20
  -------------------------------------------------------------------
                         required time                          3.619                           
                         arrival time                          -3.248                           
  -------------------------------------------------------------------
                         slack                                  0.371                           

Slack (MET) :             0.376ns  (required time - arrival time)
  Source:                 kv_layer_r_reg[2]_replica_7/C
                            (rising edge-triggered cell FDRE clocked by aclk  {rise@0.000ns fall@2.000ns period=4.000ns})
  Destination:            g_kv[1].mem_reg_uram_20/BWE_B[8]
                            (rising edge-triggered cell URAM288 clocked by aclk  {rise@0.000ns fall@2.000ns period=4.000ns})
  Path Group:             aclk
  Path Type:              Setup (Max at Slow Process Corner)
  Requirement:            4.000ns  (aclk rise@4.000ns - aclk rise@0.000ns)
  Data Path Delay:        3.214ns  (logic 0.129ns (4.014%)  route 3.085ns (95.986%))
  Logic Levels:           1  (LUT4=1)
  Clock Path Skew:        0.035ns (DCD - SCD + CPR)
    Destination Clock Delay (DCD):    0.064ns = ( 4.064 - 4.000 ) 
    Source Clock Delay      (SCD):    0.029ns
    Clock Pessimism Removal (CPR):    0.000ns
  Clock Uncertainty:      0.035ns  ((TSJ^2 + TIJ^2)^1/2 + DJ) / 2 + PE
    Total System Jitter     (TSJ):    0.071ns
    Total Input Jitter      (TIJ):    0.000ns
    Discrete Jitter          (DJ):    0.000ns
    Phase Error              (PE):    0.000ns

    Location             Delay type                Incr(ns)  Path(ns)    PBlock               Netlist Resource(s)
  -------------------------------------------------------------------    ----------------------------------------
                         (clock aclk rise edge)       0.000     0.000 r                       
                                                      0.000     0.000 r                       aclk (IN)
                         net (fo=94796, unset)        0.029     0.029                         aclk
    SLICE_X71Y488        FDRE                                         r  pb_kv                kv_layer_r_reg[2]_replica_7/C
  -------------------------------------------------------------------    ----------------------------------------
    SLICE_X71Y488        FDRE (Prop_EFF_SLICEL_C_Q)
                                                      0.079     0.108 f  pb_kv                kv_layer_r_reg[2]_replica_7/Q
                         net (fo=80, estimated)       0.362     0.470                         kv_bsel[2]_repN_7
    SLICE_X71Y498        LUT4 (Prop_C6LUT_SLICEL_I3_O)
                                                      0.050     0.520 r  pb_kv                g_kv[1].mem_reg_uram_0_i_1/O
                         net (fo=265, estimated)      2.723     3.243                         g_kv[1].mem_reg_uram_0_i_1_n_0
    URAM288_X3Y85        URAM288                                      r  pb_kv                g_kv[1].mem_reg_uram_20/BWE_B[8]
  -------------------------------------------------------------------    ----------------------------------------

                         (clock aclk rise edge)       4.000     4.000 r                       
                                                      0.000     4.000 r                       aclk (IN)
                         net (fo=94796, unset)        0.064     4.064                         aclk
    URAM288_X3Y85        URAM288                                      r  pb_kv                g_kv[1].mem_reg_uram_20/CLK
                         clock pessimism              0.000     4.064                           
                         clock uncertainty           -0.035     4.029                           
    URAM288_X3Y85        URAM288 (Setup_URAM_288K_INST_URAM288_CLK_BWE_B[8])
                                                     -0.410     3.619    pb_kv                  g_kv[1].mem_reg_uram_20
  -------------------------------------------------------------------
                         required time                          3.619                           
                         arrival time                          -3.243                           
  -------------------------------------------------------------------
                         slack                                  0.376                           

Slack (MET) :             0.376ns  (required time - arrival time)
  Source:                 kv_layer_r_reg[2]_replica_7/C
                            (rising edge-triggered cell FDRE clocked by aclk  {rise@0.000ns fall@2.000ns period=4.000ns})
  Destination:            g_kv[1].mem_reg_uram_20/BWE_B[8]
                            (rising edge-triggered cell URAM288 clocked by aclk  {rise@0.000ns fall@2.000ns period=4.000ns})
  Path Group:             aclk
  Path Type:              Setup (Max at Slow Process Corner)
  Requirement:            4.000ns  (aclk rise@4.000ns - aclk rise@0.000ns)
  Data Path Delay:        3.214ns  (logic 0.129ns (4.014%)  route 3.085ns (95.986%))
  Logic Levels:           1  (LUT4=1)
  Clock Path Skew:        0.035ns (DCD - SCD + CPR)
    Destination Clock Delay (DCD):    0.064ns = ( 4.064 - 4.000 ) 
    Source Clock Delay      (SCD):    0.029ns
    Clock Pessimism Removal (CPR):    0.000ns
  Clock Uncertainty:      0.035ns  ((TSJ^2 + TIJ^2)^1/2 + DJ) / 2 + PE
    Total System Jitter     (TSJ):    0.071ns
    Total Input Jitter      (TIJ):    0.000ns
    Discrete Jitter          (DJ):    0.000ns
    Phase Error              (PE):    0.000ns

    Location             Delay type                Incr(ns)  Path(ns)    PBlock               Netlist Resource(s)
  -------------------------------------------------------------------    ----------------------------------------
                         (clock aclk rise edge)       0.000     0.000 r                       
                                                      0.000     0.000 r                       aclk (IN)
                         net (fo=94796, unset)        0.029     0.029                         aclk
    SLICE_X71Y488        FDRE                                         r  pb_kv                kv_layer_r_reg[2]_replica_7/C
  -------------------------------------------------------------------    ----------------------------------------
    SLICE_X71Y488        FDRE (Prop_EFF_SLICEL_C_Q)
                                                      0.079     0.108 r  pb_kv                kv_layer_r_reg[2]_replica_7/Q
                         net (fo=80, estimated)       0.362     0.470                         kv_bsel[2]_repN_7
    SLICE_X71Y498        LUT4 (Prop_C6LUT_SLICEL_I3_O)
                                                      0.050     0.520 f  pb_kv                g_kv[1].mem_reg_uram_0_i_1/O
                         net (fo=265, estimated)      2.723     3.243                         g_kv[1].mem_reg_uram_0_i_1_n_0
    URAM288_X3Y85        URAM288                                      f  pb_kv                g_kv[1].mem_reg_uram_20/BWE_B[8]
  -------------------------------------------------------------------    ----------------------------------------

                         (clock aclk rise edge)       4.000     4.000 r                       
                                                      0.000     4.000 r                       aclk (IN)
                         net (fo=94796, unset)        0.064     4.064                         aclk
    URAM288_X3Y85        URAM288                                      r  pb_kv                g_kv[1].mem_reg_uram_20/CLK
                         clock pessimism              0.000     4.064                           
                         clock uncertainty           -0.035     4.029                           
    URAM288_X3Y85        URAM288 (Setup_URAM_288K_INST_URAM288_CLK_BWE_B[8])
                                                     -0.410     3.619    pb_kv                  g_kv[1].mem_reg_uram_20
  -------------------------------------------------------------------
                         required time                          3.619                           
                         arrival time                          -3.243                           
  -------------------------------------------------------------------
                         slack                                  0.376                           

Slack (MET) :             0.377ns  (required time - arrival time)
  Source:                 kv_layer_r_reg[2]_replica_7/C
                            (rising edge-triggered cell FDRE clocked by aclk  {rise@0.000ns fall@2.000ns period=4.000ns})
  Destination:            g_kv[1].mem_reg_uram_20/BWE_B[6]
                            (rising edge-triggered cell URAM288 clocked by aclk  {rise@0.000ns fall@2.000ns period=4.000ns})
  Path Group:             aclk
  Path Type:              Setup (Max at Slow Process Corner)
  Requirement:            4.000ns  (aclk rise@4.000ns - aclk rise@0.000ns)
  Data Path Delay:        3.213ns  (logic 0.129ns (4.015%)  route 3.084ns (95.985%))
  Logic Levels:           1  (LUT4=1)
  Clock Path Skew:        0.035ns (DCD - SCD + CPR)
    Destination Clock Delay (DCD):    0.064ns = ( 4.064 - 4.000 ) 
    Source Clock Delay      (SCD):    0.029ns
    Clock Pessimism Removal (CPR):    0.000ns
  Clock Uncertainty:      0.035ns  ((TSJ^2 + TIJ^2)^1/2 + DJ) / 2 + PE
    Total System Jitter     (TSJ):    0.071ns
    Total Input Jitter      (TIJ):    0.000ns
    Discrete Jitter          (DJ):    0.000ns
    Phase Error              (PE):    0.000ns

    Location             Delay type                Incr(ns)  Path(ns)    PBlock               Netlist Resource(s)
  -------------------------------------------------------------------    ----------------------------------------
                         (clock aclk rise edge)       0.000     0.000 r                       
                                                      0.000     0.000 r                       aclk (IN)
                         net (fo=94796, unset)        0.029     0.029                         aclk
    SLICE_X71Y488        FDRE                                         r  pb_kv                kv_layer_r_reg[2]_replica_7/C
  -------------------------------------------------------------------    ----------------------------------------
    SLICE_X71Y488        FDRE (Prop_EFF_SLICEL_C_Q)
                                                      0.079     0.108 f  pb_kv                kv_layer_r_reg[2]_replica_7/Q
                         net (fo=80, estimated)       0.362     0.470                         kv_bsel[2]_repN_7
    SLICE_X71Y498        LUT4 (Prop_C6LUT_SLICEL_I3_O)
                                                      0.050     0.520 r  pb_kv                g_kv[1].mem_reg_uram_0_i_1/O
                         net (fo=265, estimated)      2.722     3.242                         g_kv[1].mem_reg_uram_0_i_1_n_0
    URAM288_X3Y85        URAM288                                      r  pb_kv                g_kv[1].mem_reg_uram_20/BWE_B[6]
  -------------------------------------------------------------------    ----------------------------------------

                         (clock aclk rise edge)       4.000     4.000 r                       
                                                      0.000     4.000 r                       aclk (IN)
                         net (fo=94796, unset)        0.064     4.064                         aclk
    URAM288_X3Y85        URAM288                                      r  pb_kv                g_kv[1].mem_reg_uram_20/CLK
                         clock pessimism              0.000     4.064                           
                         clock uncertainty           -0.035     4.029                           
    URAM288_X3Y85        URAM288 (Setup_URAM_288K_INST_URAM288_CLK_BWE_B[6])
                                                     -0.410     3.619    pb_kv                  g_kv[1].mem_reg_uram_20
  -------------------------------------------------------------------
                         required time                          3.619                           
                         arrival time                          -3.242                           
  -------------------------------------------------------------------
                         slack                                  0.377                           

Slack (MET) :             0.377ns  (required time - arrival time)
  Source:                 kv_layer_r_reg[2]_replica_7/C
                            (rising edge-triggered cell FDRE clocked by aclk  {rise@0.000ns fall@2.000ns period=4.000ns})
  Destination:            g_kv[1].mem_reg_uram_20/BWE_B[6]
                            (rising edge-triggered cell URAM288 clocked by aclk  {rise@0.000ns fall@2.000ns period=4.000ns})
  Path Group:             aclk
  Path Type:              Setup (Max at Slow Process Corner)
  Requirement:            4.000ns  (aclk rise@4.000ns - aclk rise@0.000ns)
  Data Path Delay:        3.213ns  (logic 0.129ns (4.015%)  route 3.084ns (95.985%))
  Logic Levels:           1  (LUT4=1)
  Clock Path Skew:        0.035ns (DCD - SCD + CPR)
    Destination Clock Delay (DCD):    0.064ns = ( 4.064 - 4.000 ) 
    Source Clock Delay      (SCD):    0.029ns
    Clock Pessimism Removal (CPR):    0.000ns
  Clock Uncertainty:      0.035ns  ((TSJ^2 + TIJ^2)^1/2 + DJ) / 2 + PE
    Total System Jitter     (TSJ):    0.071ns
    Total Input Jitter      (TIJ):    0.000ns
    Discrete Jitter          (DJ):    0.000ns
    Phase Error              (PE):    0.000ns

    Location             Delay type                Incr(ns)  Path(ns)    PBlock               Netlist Resource(s)
  -------------------------------------------------------------------    ----------------------------------------
                         (clock aclk rise edge)       0.000     0.000 r                       
                                                      0.000     0.000 r                       aclk (IN)
                         net (fo=94796, unset)        0.029     0.029                         aclk
    SLICE_X71Y488        FDRE                                         r  pb_kv                kv_layer_r_reg[2]_replica_7/C
  -------------------------------------------------------------------    ----------------------------------------
    SLICE_X71Y488        FDRE (Prop_EFF_SLICEL_C_Q)
                                                      0.079     0.108 r  pb_kv                kv_layer_r_reg[2]_replica_7/Q
                         net (fo=80, estimated)       0.362     0.470                         kv_bsel[2]_repN_7
    SLICE_X71Y498        LUT4 (Prop_C6LUT_SLICEL_I3_O)
                                                      0.050     0.520 f  pb_kv                g_kv[1].mem_reg_uram_0_i_1/O
                         net (fo=265, estimated)      2.722     3.242                         g_kv[1].mem_reg_uram_0_i_1_n_0
    URAM288_X3Y85        URAM288                                      f  pb_kv                g_kv[1].mem_reg_uram_20/BWE_B[6]
  -------------------------------------------------------------------    ----------------------------------------

                         (clock aclk rise edge)       4.000     4.000 r                       
                                                      0.000     4.000 r                       aclk (IN)
                         net (fo=94796, unset)        0.064     4.064                         aclk
    URAM288_X3Y85        URAM288                                      r  pb_kv                g_kv[1].mem_reg_uram_20/CLK
                         clock pessimism              0.000     4.064                           
                         clock uncertainty           -0.035     4.029                           
    URAM288_X3Y85        URAM288 (Setup_URAM_288K_INST_URAM288_CLK_BWE_B[6])
                                                     -0.410     3.619    pb_kv                  g_kv[1].mem_reg_uram_20
  -------------------------------------------------------------------
                         required time                          3.619                           
                         arrival time                          -3.242                           
  -------------------------------------------------------------------
                         slack                                  0.377                           

Slack (MET) :             0.383ns  (required time - arrival time)
  Source:                 u_attn/kv_addr_reg[0]_rep/C
                            (rising edge-triggered cell FDRE clocked by aclk  {rise@0.000ns fall@2.000ns period=4.000ns})
  Destination:            g_kv[0].mem_reg_uram_19/ADDR_A[0]
                            (rising edge-triggered cell URAM288 clocked by aclk  {rise@0.000ns fall@2.000ns period=4.000ns})
  Path Group:             aclk
  Path Type:              Setup (Max at Slow Process Corner)
  Requirement:            4.000ns  (aclk rise@4.000ns - aclk rise@0.000ns)
  Data Path Delay:        3.122ns  (logic 0.079ns (2.530%)  route 3.043ns (97.470%))
  Logic Levels:           0  
  Clock Path Skew:        0.034ns (DCD - SCD + CPR)
    Destination Clock Delay (DCD):    0.064ns = ( 4.064 - 4.000 ) 
    Source Clock Delay      (SCD):    0.030ns
    Clock Pessimism Removal (CPR):    0.000ns
  Clock Uncertainty:      0.035ns  ((TSJ^2 + TIJ^2)^1/2 + DJ) / 2 + PE
    Total System Jitter     (TSJ):    0.071ns
    Total Input Jitter      (TIJ):    0.000ns
    Discrete Jitter          (DJ):    0.000ns
    Phase Error              (PE):    0.000ns

    Location             Delay type                Incr(ns)  Path(ns)    PBlock               Netlist Resource(s)
  -------------------------------------------------------------------    ----------------------------------------
                         (clock aclk rise edge)       0.000     0.000 r                       
                                                      0.000     0.000 r                       aclk (IN)
                         net (fo=94796, unset)        0.030     0.030                         u_attn/aclk
    SLICE_X100Y494       FDRE                                         r                       u_attn/kv_addr_reg[0]_rep/C
  -------------------------------------------------------------------    ----------------------------------------
    SLICE_X100Y494       FDRE (Prop_FFF2_SLICEM_C_Q)
                                                      0.079     0.109 r                       u_attn/kv_addr_reg[0]_rep/Q
                         net (fo=113, estimated)      3.043     3.152                         u_attn_n_137
    URAM288_X0Y80        URAM288                                      r  pb_kv                g_kv[0].mem_reg_uram_19/ADDR_A[0]
  -------------------------------------------------------------------    ----------------------------------------

                         (clock aclk rise edge)       4.000     4.000 r                       
                                                      0.000     4.000 r                       aclk (IN)
                         net (fo=94796, unset)        0.064     4.064                         aclk
    URAM288_X0Y80        URAM288                                      r  pb_kv                g_kv[0].mem_reg_uram_19/CLK
                         clock pessimism              0.000     4.064                           
                         clock uncertainty           -0.035     4.029                           
    URAM288_X0Y80        URAM288 (Setup_URAM_288K_INST_URAM288_CLK_ADDR_A[0])
                                                     -0.494     3.535    pb_kv                  g_kv[0].mem_reg_uram_19
  -------------------------------------------------------------------
                         required time                          3.535                           
                         arrival time                          -3.152                           
  -------------------------------------------------------------------
                         slack                                  0.383                           

Slack (MET) :             0.383ns  (required time - arrival time)
  Source:                 u_attn/kv_addr_reg[0]_rep/C
                            (rising edge-triggered cell FDRE clocked by aclk  {rise@0.000ns fall@2.000ns period=4.000ns})
  Destination:            g_kv[0].mem_reg_uram_19/ADDR_A[0]
                            (rising edge-triggered cell URAM288 clocked by aclk  {rise@0.000ns fall@2.000ns period=4.000ns})
  Path Group:             aclk
  Path Type:              Setup (Max at Slow Process Corner)
  Requirement:            4.000ns  (aclk rise@4.000ns - aclk rise@0.000ns)
  Data Path Delay:        3.122ns  (logic 0.079ns (2.530%)  route 3.043ns (97.470%))
  Logic Levels:           0  
  Clock Path Skew:        0.034ns (DCD - SCD + CPR)
    Destination Clock Delay (DCD):    0.064ns = ( 4.064 - 4.000 ) 
    Source Clock Delay      (SCD):    0.030ns
    Clock Pessimism Removal (CPR):    0.000ns
  Clock Uncertainty:      0.035ns  ((TSJ^2 + TIJ^2)^1/2 + DJ) / 2 + PE
    Total System Jitter     (TSJ):    0.071ns
    Total Input Jitter      (TIJ):    0.000ns
    Discrete Jitter          (DJ):    0.000ns
    Phase Error              (PE):    0.000ns

    Location             Delay type                Incr(ns)  Path(ns)    PBlock               Netlist Resource(s)
  -------------------------------------------------------------------    ----------------------------------------
                         (clock aclk rise edge)       0.000     0.000 r                       
                                                      0.000     0.000 r                       aclk (IN)
                         net (fo=94796, unset)        0.030     0.030                         u_attn/aclk
    SLICE_X100Y494       FDRE                                         r                       u_attn/kv_addr_reg[0]_rep/C
  -------------------------------------------------------------------    ----------------------------------------
    SLICE_X100Y494       FDRE (Prop_FFF2_SLICEM_C_Q)
                                                      0.079     0.109 f                       u_attn/kv_addr_reg[0]_rep/Q
                         net (fo=113, estimated)      3.043     3.152                         u_attn_n_137
    URAM288_X0Y80        URAM288                                      f  pb_kv                g_kv[0].mem_reg_uram_19/ADDR_A[0]
  -------------------------------------------------------------------    ----------------------------------------

                         (clock aclk rise edge)       4.000     4.000 r                       
                                                      0.000     4.000 r                       aclk (IN)
                         net (fo=94796, unset)        0.064     4.064                         aclk
    URAM288_X0Y80        URAM288                                      r  pb_kv                g_kv[0].mem_reg_uram_19/CLK
                         clock pessimism              0.000     4.064                           
                         clock uncertainty           -0.035     4.029                           
    URAM288_X0Y80        URAM288 (Setup_URAM_288K_INST_URAM288_CLK_ADDR_A[0])
                                                     -0.494     3.535    pb_kv                  g_kv[0].mem_reg_uram_19
  -------------------------------------------------------------------
                         required time                          3.535                           
                         arrival time                          -3.152                           
  -------------------------------------------------------------------
                         slack                                  0.383                           

Slack (MET) :             0.389ns  (required time - arrival time)
  Source:                 u_attn/kv_addr_reg[7]/C
                            (rising edge-triggered cell FDRE clocked by aclk  {rise@0.000ns fall@2.000ns period=4.000ns})
  Destination:            g_kv[0].mem_reg_uram_19/ADDR_A[7]
                            (rising edge-triggered cell URAM288 clocked by aclk  {rise@0.000ns fall@2.000ns period=4.000ns})
  Path Group:             aclk
  Path Type:              Setup (Max at Slow Process Corner)
  Requirement:            4.000ns  (aclk rise@4.000ns - aclk rise@0.000ns)
  Data Path Delay:        3.119ns  (logic 0.079ns (2.533%)  route 3.040ns (97.467%))
  Logic Levels:           0  
  Clock Path Skew:        0.036ns (DCD - SCD + CPR)
    Destination Clock Delay (DCD):    0.064ns = ( 4.064 - 4.000 ) 
    Source Clock Delay      (SCD):    0.028ns
    Clock Pessimism Removal (CPR):    0.000ns
  Clock Uncertainty:      0.035ns  ((TSJ^2 + TIJ^2)^1/2 + DJ) / 2 + PE
    Total System Jitter     (TSJ):    0.071ns
    Total Input Jitter      (TIJ):    0.000ns
    Discrete Jitter          (DJ):    0.000ns
    Phase Error              (PE):    0.000ns

    Location             Delay type                Incr(ns)  Path(ns)    PBlock               Netlist Resource(s)
  -------------------------------------------------------------------    ----------------------------------------
                         (clock aclk rise edge)       0.000     0.000 r                       
                                                      0.000     0.000 r                       aclk (IN)
                         net (fo=94796, unset)        0.028     0.028                         u_attn/aclk
    SLICE_X101Y489       FDRE                                         r                       u_attn/kv_addr_reg[7]/C
  -------------------------------------------------------------------    ----------------------------------------
    SLICE_X101Y489       FDRE (Prop_DFF_SLICEL_C_Q)
                                                      0.079     0.107 r                       u_attn/kv_addr_reg[7]/Q
                         net (fo=113, estimated)      3.040     3.147                         at_kvaddr[7]
    URAM288_X0Y80        URAM288                                      r  pb_kv                g_kv[0].mem_reg_uram_19/ADDR_A[7]
  -------------------------------------------------------------------    ----------------------------------------

                         (clock aclk rise edge)       4.000     4.000 r                       
                                                      0.000     4.000 r                       aclk (IN)
                         net (fo=94796, unset)        0.064     4.064                         aclk
    URAM288_X0Y80        URAM288                                      r  pb_kv                g_kv[0].mem_reg_uram_19/CLK
                         clock pessimism              0.000     4.064                           
                         clock uncertainty           -0.035     4.029                           
    URAM288_X0Y80        URAM288 (Setup_URAM_288K_INST_URAM288_CLK_ADDR_A[7])
                                                     -0.493     3.536    pb_kv                  g_kv[0].mem_reg_uram_19
  -------------------------------------------------------------------
                         required time                          3.536                           
                         arrival time                          -3.147                           
  -------------------------------------------------------------------
                         slack                                  0.389                           

Slack (MET) :             0.389ns  (required time - arrival time)
  Source:                 u_attn/kv_addr_reg[7]/C
                            (rising edge-triggered cell FDRE clocked by aclk  {rise@0.000ns fall@2.000ns period=4.000ns})
  Destination:            g_kv[0].mem_reg_uram_19/ADDR_A[7]
                            (rising edge-triggered cell URAM288 clocked by aclk  {rise@0.000ns fall@2.000ns period=4.000ns})
  Path Group:             aclk
  Path Type:              Setup (Max at Slow Process Corner)
  Requirement:            4.000ns  (aclk rise@4.000ns - aclk rise@0.000ns)
  Data Path Delay:        3.119ns  (logic 0.079ns (2.533%)  route 3.040ns (97.467%))
  Logic Levels:           0  
  Clock Path Skew:        0.036ns (DCD - SCD + CPR)
    Destination Clock Delay (DCD):    0.064ns = ( 4.064 - 4.000 ) 
    Source Clock Delay      (SCD):    0.028ns
    Clock Pessimism Removal (CPR):    0.000ns
  Clock Uncertainty:      0.035ns  ((TSJ^2 + TIJ^2)^1/2 + DJ) / 2 + PE
    Total System Jitter     (TSJ):    0.071ns
    Total Input Jitter      (TIJ):    0.000ns
    Discrete Jitter          (DJ):    0.000ns
    Phase Error              (PE):    0.000ns

    Location             Delay type                Incr(ns)  Path(ns)    PBlock               Netlist Resource(s)
  -------------------------------------------------------------------    ----------------------------------------
                         (clock aclk rise edge)       0.000     0.000 r                       
                                                      0.000     0.000 r                       aclk (IN)
                         net (fo=94796, unset)        0.028     0.028                         u_attn/aclk
    SLICE_X101Y489       FDRE                                         r                       u_attn/kv_addr_reg[7]/C
  -------------------------------------------------------------------    ----------------------------------------
    SLICE_X101Y489       FDRE (Prop_DFF_SLICEL_C_Q)
                                                      0.079     0.107 f                       u_attn/kv_addr_reg[7]/Q
                         net (fo=113, estimated)      3.040     3.147                         at_kvaddr[7]
    URAM288_X0Y80        URAM288                                      f  pb_kv                g_kv[0].mem_reg_uram_19/ADDR_A[7]
  -------------------------------------------------------------------    ----------------------------------------

                         (clock aclk rise edge)       4.000     4.000 r                       
                                                      0.000     4.000 r                       aclk (IN)
                         net (fo=94796, unset)        0.064     4.064                         aclk
    URAM288_X0Y80        URAM288                                      r  pb_kv                g_kv[0].mem_reg_uram_19/CLK
                         clock pessimism              0.000     4.064                           
                         clock uncertainty           -0.035     4.029                           
    URAM288_X0Y80        URAM288 (Setup_URAM_288K_INST_URAM288_CLK_ADDR_A[7])
                                                     -0.493     3.536    pb_kv                  g_kv[0].mem_reg_uram_19
  -------------------------------------------------------------------
                         required time                          3.536                           
                         arrival time                          -3.147                           
  -------------------------------------------------------------------
                         slack                                  0.389                           

Slack (MET) :             0.390ns  (required time - arrival time)
  Source:                 kv_layer_r_reg[2]_replica_7/C
                            (rising edge-triggered cell FDRE clocked by aclk  {rise@0.000ns fall@2.000ns period=4.000ns})
  Destination:            g_kv[1].mem_reg_uram_20/BWE_B[3]
                            (rising edge-triggered cell URAM288 clocked by aclk  {rise@0.000ns fall@2.000ns period=4.000ns})
  Path Group:             aclk
  Path Type:              Setup (Max at Slow Process Corner)
  Requirement:            4.000ns  (aclk rise@4.000ns - aclk rise@0.000ns)
  Data Path Delay:        3.200ns  (logic 0.129ns (4.031%)  route 3.071ns (95.969%))
  Logic Levels:           1  (LUT4=1)
  Clock Path Skew:        0.035ns (DCD - SCD + CPR)
    Destination Clock Delay (DCD):    0.064ns = ( 4.064 - 4.000 ) 
    Source Clock Delay      (SCD):    0.029ns
    Clock Pessimism Removal (CPR):    0.000ns
  Clock Uncertainty:      0.035ns  ((TSJ^2 + TIJ^2)^1/2 + DJ) / 2 + PE
    Total System Jitter     (TSJ):    0.071ns
    Total Input Jitter      (TIJ):    0.000ns
    Discrete Jitter          (DJ):    0.000ns
    Phase Error              (PE):    0.000ns

    Location             Delay type                Incr(ns)  Path(ns)    PBlock               Netlist Resource(s)
  -------------------------------------------------------------------    ----------------------------------------
                         (clock aclk rise edge)       0.000     0.000 r                       
                                                      0.000     0.000 r                       aclk (IN)
                         net (fo=94796, unset)        0.029     0.029                         aclk
    SLICE_X71Y488        FDRE                                         r  pb_kv                kv_layer_r_reg[2]_replica_7/C
  -------------------------------------------------------------------    ----------------------------------------
    SLICE_X71Y488        FDRE (Prop_EFF_SLICEL_C_Q)
                                                      0.079     0.108 f  pb_kv                kv_layer_r_reg[2]_replica_7/Q
                         net (fo=80, estimated)       0.362     0.470                         kv_bsel[2]_repN_7
    SLICE_X71Y498        LUT4 (Prop_C6LUT_SLICEL_I3_O)
                                                      0.050     0.520 r  pb_kv                g_kv[1].mem_reg_uram_0_i_1/O
                         net (fo=265, estimated)      2.709     3.229                         g_kv[1].mem_reg_uram_0_i_1_n_0
    URAM288_X3Y85        URAM288                                      r  pb_kv                g_kv[1].mem_reg_uram_20/BWE_B[3]
  -------------------------------------------------------------------    ----------------------------------------

                         (clock aclk rise edge)       4.000     4.000 r                       
                                                      0.000     4.000 r                       aclk (IN)
                         net (fo=94796, unset)        0.064     4.064                         aclk
    URAM288_X3Y85        URAM288                                      r  pb_kv                g_kv[1].mem_reg_uram_20/CLK
                         clock pessimism              0.000     4.064                           
                         clock uncertainty           -0.035     4.029                           
    URAM288_X3Y85        URAM288 (Setup_URAM_288K_INST_URAM288_CLK_BWE_B[3])
                                                     -0.410     3.619    pb_kv                  g_kv[1].mem_reg_uram_20
  -------------------------------------------------------------------
                         required time                          3.619                           
                         arrival time                          -3.229                           
  -------------------------------------------------------------------
                         slack                                  0.390                           

Slack (MET) :             0.390ns  (required time - arrival time)
  Source:                 kv_layer_r_reg[2]_replica_7/C
                            (rising edge-triggered cell FDRE clocked by aclk  {rise@0.000ns fall@2.000ns period=4.000ns})
  Destination:            g_kv[1].mem_reg_uram_20/BWE_B[3]
                            (rising edge-triggered cell URAM288 clocked by aclk  {rise@0.000ns fall@2.000ns period=4.000ns})
  Path Group:             aclk
  Path Type:              Setup (Max at Slow Process Corner)
  Requirement:            4.000ns  (aclk rise@4.000ns - aclk rise@0.000ns)
  Data Path Delay:        3.200ns  (logic 0.129ns (4.031%)  route 3.071ns (95.969%))
  Logic Levels:           1  (LUT4=1)
  Clock Path Skew:        0.035ns (DCD - SCD + CPR)
    Destination Clock Delay (DCD):    0.064ns = ( 4.064 - 4.000 ) 
    Source Clock Delay      (SCD):    0.029ns
    Clock Pessimism Removal (CPR):    0.000ns
  Clock Uncertainty:      0.035ns  ((TSJ^2 + TIJ^2)^1/2 + DJ) / 2 + PE
    Total System Jitter     (TSJ):    0.071ns
    Total Input Jitter      (TIJ):    0.000ns
    Discrete Jitter          (DJ):    0.000ns
    Phase Error              (PE):    0.000ns

    Location             Delay type                Incr(ns)  Path(ns)    PBlock               Netlist Resource(s)
  -------------------------------------------------------------------    ----------------------------------------
                         (clock aclk rise edge)       0.000     0.000 r                       
                                                      0.000     0.000 r                       aclk (IN)
                         net (fo=94796, unset)        0.029     0.029                         aclk
    SLICE_X71Y488        FDRE                                         r  pb_kv                kv_layer_r_reg[2]_replica_7/C
  -------------------------------------------------------------------    ----------------------------------------
    SLICE_X71Y488        FDRE (Prop_EFF_SLICEL_C_Q)
                                                      0.079     0.108 r  pb_kv                kv_layer_r_reg[2]_replica_7/Q
                         net (fo=80, estimated)       0.362     0.470                         kv_bsel[2]_repN_7
    SLICE_X71Y498        LUT4 (Prop_C6LUT_SLICEL_I3_O)
                                                      0.050     0.520 f  pb_kv                g_kv[1].mem_reg_uram_0_i_1/O
                         net (fo=265, estimated)      2.709     3.229                         g_kv[1].mem_reg_uram_0_i_1_n_0
    URAM288_X3Y85        URAM288                                      f  pb_kv                g_kv[1].mem_reg_uram_20/BWE_B[3]
  -------------------------------------------------------------------    ----------------------------------------

                         (clock aclk rise edge)       4.000     4.000 r                       
                                                      0.000     4.000 r                       aclk (IN)
                         net (fo=94796, unset)        0.064     4.064                         aclk
    URAM288_X3Y85        URAM288                                      r  pb_kv                g_kv[1].mem_reg_uram_20/CLK
                         clock pessimism              0.000     4.064                           
                         clock uncertainty           -0.035     4.029                           
    URAM288_X3Y85        URAM288 (Setup_URAM_288K_INST_URAM288_CLK_BWE_B[3])
                                                     -0.410     3.619    pb_kv                  g_kv[1].mem_reg_uram_20
  -------------------------------------------------------------------
                         required time                          3.619                           
                         arrival time                          -3.229                           
  -------------------------------------------------------------------
                         slack                                  0.390                           

Slack (MET) :             0.393ns  (required time - arrival time)
  Source:                 kv_layer_r_reg[2]_replica_7/C
                            (rising edge-triggered cell FDRE clocked by aclk  {rise@0.000ns fall@2.000ns period=4.000ns})
  Destination:            g_kv[1].mem_reg_uram_20/BWE_B[1]
                            (rising edge-triggered cell URAM288 clocked by aclk  {rise@0.000ns fall@2.000ns period=4.000ns})
  Path Group:             aclk
  Path Type:              Setup (Max at Slow Process Corner)
  Requirement:            4.000ns  (aclk rise@4.000ns - aclk rise@0.000ns)
  Data Path Delay:        3.197ns  (logic 0.129ns (4.035%)  route 3.068ns (95.965%))
  Logic Levels:           1  (LUT4=1)
  Clock Path Skew:        0.035ns (DCD - SCD + CPR)
    Destination Clock Delay (DCD):    0.064ns = ( 4.064 - 4.000 ) 
    Source Clock Delay      (SCD):    0.029ns
    Clock Pessimism Removal (CPR):    0.000ns
  Clock Uncertainty:      0.035ns  ((TSJ^2 + TIJ^2)^1/2 + DJ) / 2 + PE
    Total System Jitter     (TSJ):    0.071ns
    Total Input Jitter      (TIJ):    0.000ns
    Discrete Jitter          (DJ):    0.000ns
    Phase Error              (PE):    0.000ns

    Location             Delay type                Incr(ns)  Path(ns)    PBlock               Netlist Resource(s)
  -------------------------------------------------------------------    ----------------------------------------
                         (clock aclk rise edge)       0.000     0.000 r                       
                                                      0.000     0.000 r                       aclk (IN)
                         net (fo=94796, unset)        0.029     0.029                         aclk
    SLICE_X71Y488        FDRE                                         r  pb_kv                kv_layer_r_reg[2]_replica_7/C
  -------------------------------------------------------------------    ----------------------------------------
    SLICE_X71Y488        FDRE (Prop_EFF_SLICEL_C_Q)
                                                      0.079     0.108 f  pb_kv                kv_layer_r_reg[2]_replica_7/Q
                         net (fo=80, estimated)       0.362     0.470                         kv_bsel[2]_repN_7
    SLICE_X71Y498        LUT4 (Prop_C6LUT_SLICEL_I3_O)
                                                      0.050     0.520 r  pb_kv                g_kv[1].mem_reg_uram_0_i_1/O
                         net (fo=265, estimated)      2.706     3.226                         g_kv[1].mem_reg_uram_0_i_1_n_0
    URAM288_X3Y85        URAM288                                      r  pb_kv                g_kv[1].mem_reg_uram_20/BWE_B[1]
  -------------------------------------------------------------------    ----------------------------------------

                         (clock aclk rise edge)       4.000     4.000 r                       
                                                      0.000     4.000 r                       aclk (IN)
                         net (fo=94796, unset)        0.064     4.064                         aclk
    URAM288_X3Y85        URAM288                                      r  pb_kv                g_kv[1].mem_reg_uram_20/CLK
                         clock pessimism              0.000     4.064                           
                         clock uncertainty           -0.035     4.029                           
    URAM288_X3Y85        URAM288 (Setup_URAM_288K_INST_URAM288_CLK_BWE_B[1])
                                                     -0.410     3.619    pb_kv                  g_kv[1].mem_reg_uram_20
  -------------------------------------------------------------------
                         required time                          3.619                           
                         arrival time                          -3.226                           
  -------------------------------------------------------------------
                         slack                                  0.393                           

Slack (MET) :             0.393ns  (required time - arrival time)
  Source:                 kv_layer_r_reg[2]_replica_7/C
                            (rising edge-triggered cell FDRE clocked by aclk  {rise@0.000ns fall@2.000ns period=4.000ns})
  Destination:            g_kv[1].mem_reg_uram_20/BWE_B[1]
                            (rising edge-triggered cell URAM288 clocked by aclk  {rise@0.000ns fall@2.000ns period=4.000ns})
  Path Group:             aclk
  Path Type:              Setup (Max at Slow Process Corner)
  Requirement:            4.000ns  (aclk rise@4.000ns - aclk rise@0.000ns)
  Data Path Delay:        3.197ns  (logic 0.129ns (4.035%)  route 3.068ns (95.965%))
  Logic Levels:           1  (LUT4=1)
  Clock Path Skew:        0.035ns (DCD - SCD + CPR)
    Destination Clock Delay (DCD):    0.064ns = ( 4.064 - 4.000 ) 
    Source Clock Delay      (SCD):    0.029ns
    Clock Pessimism Removal (CPR):    0.000ns
  Clock Uncertainty:      0.035ns  ((TSJ^2 + TIJ^2)^1/2 + DJ) / 2 + PE
    Total System Jitter     (TSJ):    0.071ns
    Total Input Jitter      (TIJ):    0.000ns
    Discrete Jitter          (DJ):    0.000ns
    Phase Error              (PE):    0.000ns

    Location             Delay type                Incr(ns)  Path(ns)    PBlock               Netlist Resource(s)
  -------------------------------------------------------------------    ----------------------------------------
                         (clock aclk rise edge)       0.000     0.000 r                       
                                                      0.000     0.000 r                       aclk (IN)
                         net (fo=94796, unset)        0.029     0.029                         aclk
    SLICE_X71Y488        FDRE                                         r  pb_kv                kv_layer_r_reg[2]_replica_7/C
  -------------------------------------------------------------------    ----------------------------------------
    SLICE_X71Y488        FDRE (Prop_EFF_SLICEL_C_Q)
                                                      0.079     0.108 r  pb_kv                kv_layer_r_reg[2]_replica_7/Q
                         net (fo=80, estimated)       0.362     0.470                         kv_bsel[2]_repN_7
    SLICE_X71Y498        LUT4 (Prop_C6LUT_SLICEL_I3_O)
                                                      0.050     0.520 f  pb_kv                g_kv[1].mem_reg_uram_0_i_1/O
                         net (fo=265, estimated)      2.706     3.226                         g_kv[1].mem_reg_uram_0_i_1_n_0
    URAM288_X3Y85        URAM288                                      f  pb_kv                g_kv[1].mem_reg_uram_20/BWE_B[1]
  -------------------------------------------------------------------    ----------------------------------------

                         (clock aclk rise edge)       4.000     4.000 r                       
                                                      0.000     4.000 r                       aclk (IN)
                         net (fo=94796, unset)        0.064     4.064                         aclk
    URAM288_X3Y85        URAM288                                      r  pb_kv                g_kv[1].mem_reg_uram_20/CLK
                         clock pessimism              0.000     4.064                           
                         clock uncertainty           -0.035     4.029                           
    URAM288_X3Y85        URAM288 (Setup_URAM_288K_INST_URAM288_CLK_BWE_B[1])
                                                     -0.410     3.619    pb_kv                  g_kv[1].mem_reg_uram_20
  -------------------------------------------------------------------
                         required time                          3.619                           
                         arrival time                          -3.226                           
  -------------------------------------------------------------------
                         slack                                  0.393                           

Slack (MET) :             0.393ns  (required time - arrival time)
  Source:                 kv_layer_r_reg[2]_replica_7/C
                            (rising edge-triggered cell FDRE clocked by aclk  {rise@0.000ns fall@2.000ns period=4.000ns})
  Destination:            g_kv[1].mem_reg_uram_20/BWE_B[2]
                            (rising edge-triggered cell URAM288 clocked by aclk  {rise@0.000ns fall@2.000ns period=4.000ns})
  Path Group:             aclk
  Path Type:              Setup (Max at Slow Process Corner)
  Requirement:            4.000ns  (aclk rise@4.000ns - aclk rise@0.000ns)
  Data Path Delay:        3.197ns  (logic 0.129ns (4.035%)  route 3.068ns (95.965%))
  Logic Levels:           1  (LUT4=1)
  Clock Path Skew:        0.035ns (DCD - SCD + CPR)
    Destination Clock Delay (DCD):    0.064ns = ( 4.064 - 4.000 ) 
    Source Clock Delay      (SCD):    0.029ns
    Clock Pessimism Removal (CPR):    0.000ns
  Clock Uncertainty:      0.035ns  ((TSJ^2 + TIJ^2)^1/2 + DJ) / 2 + PE
    Total System Jitter     (TSJ):    0.071ns
    Total Input Jitter      (TIJ):    0.000ns
    Discrete Jitter          (DJ):    0.000ns
    Phase Error              (PE):    0.000ns

    Location             Delay type                Incr(ns)  Path(ns)    PBlock               Netlist Resource(s)
  -------------------------------------------------------------------    ----------------------------------------
                         (clock aclk rise edge)       0.000     0.000 r                       
                                                      0.000     0.000 r                       aclk (IN)
                         net (fo=94796, unset)        0.029     0.029                         aclk
    SLICE_X71Y488        FDRE                                         r  pb_kv                kv_layer_r_reg[2]_replica_7/C
  -------------------------------------------------------------------    ----------------------------------------
    SLICE_X71Y488        FDRE (Prop_EFF_SLICEL_C_Q)
                                                      0.079     0.108 f  pb_kv                kv_layer_r_reg[2]_replica_7/Q
                         net (fo=80, estimated)       0.362     0.470                         kv_bsel[2]_repN_7
    SLICE_X71Y498        LUT4 (Prop_C6LUT_SLICEL_I3_O)
                                                      0.050     0.520 r  pb_kv                g_kv[1].mem_reg_uram_0_i_1/O
                         net (fo=265, estimated)      2.706     3.226                         g_kv[1].mem_reg_uram_0_i_1_n_0
    URAM288_X3Y85        URAM288                                      r  pb_kv                g_kv[1].mem_reg_uram_20/BWE_B[2]
  -------------------------------------------------------------------    ----------------------------------------

                         (clock aclk rise edge)       4.000     4.000 r                       
                                                      0.000     4.000 r                       aclk (IN)
                         net (fo=94796, unset)        0.064     4.064                         aclk
    URAM288_X3Y85        URAM288                                      r  pb_kv                g_kv[1].mem_reg_uram_20/CLK
                         clock pessimism              0.000     4.064                           
                         clock uncertainty           -0.035     4.029                           
    URAM288_X3Y85        URAM288 (Setup_URAM_288K_INST_URAM288_CLK_BWE_B[2])
                                                     -0.410     3.619    pb_kv                  g_kv[1].mem_reg_uram_20
  -------------------------------------------------------------------
                         required time                          3.619                           
                         arrival time                          -3.226                           
  -------------------------------------------------------------------
                         slack                                  0.393                           

Slack (MET) :             0.393ns  (required time - arrival time)
  Source:                 kv_layer_r_reg[2]_replica_7/C
                            (rising edge-triggered cell FDRE clocked by aclk  {rise@0.000ns fall@2.000ns period=4.000ns})
  Destination:            g_kv[1].mem_reg_uram_20/BWE_B[2]
                            (rising edge-triggered cell URAM288 clocked by aclk  {rise@0.000ns fall@2.000ns period=4.000ns})
  Path Group:             aclk
  Path Type:              Setup (Max at Slow Process Corner)
  Requirement:            4.000ns  (aclk rise@4.000ns - aclk rise@0.000ns)
  Data Path Delay:        3.197ns  (logic 0.129ns (4.035%)  route 3.068ns (95.965%))
  Logic Levels:           1  (LUT4=1)
  Clock Path Skew:        0.035ns (DCD - SCD + CPR)
    Destination Clock Delay (DCD):    0.064ns = ( 4.064 - 4.000 ) 
    Source Clock Delay      (SCD):    0.029ns
    Clock Pessimism Removal (CPR):    0.000ns
  Clock Uncertainty:      0.035ns  ((TSJ^2 + TIJ^2)^1/2 + DJ) / 2 + PE
    Total System Jitter     (TSJ):    0.071ns
    Total Input Jitter      (TIJ):    0.000ns
    Discrete Jitter          (DJ):    0.000ns
    Phase Error              (PE):    0.000ns

    Location             Delay type                Incr(ns)  Path(ns)    PBlock               Netlist Resource(s)
  -------------------------------------------------------------------    ----------------------------------------
                         (clock aclk rise edge)       0.000     0.000 r                       
                                                      0.000     0.000 r                       aclk (IN)
                         net (fo=94796, unset)        0.029     0.029                         aclk
    SLICE_X71Y488        FDRE                                         r  pb_kv                kv_layer_r_reg[2]_replica_7/C
  -------------------------------------------------------------------    ----------------------------------------
    SLICE_X71Y488        FDRE (Prop_EFF_SLICEL_C_Q)
                                                      0.079     0.108 r  pb_kv                kv_layer_r_reg[2]_replica_7/Q
                         net (fo=80, estimated)       0.362     0.470                         kv_bsel[2]_repN_7
    SLICE_X71Y498        LUT4 (Prop_C6LUT_SLICEL_I3_O)
                                                      0.050     0.520 f  pb_kv                g_kv[1].mem_reg_uram_0_i_1/O
                         net (fo=265, estimated)      2.706     3.226                         g_kv[1].mem_reg_uram_0_i_1_n_0
    URAM288_X3Y85        URAM288                                      f  pb_kv                g_kv[1].mem_reg_uram_20/BWE_B[2]
  -------------------------------------------------------------------    ----------------------------------------

                         (clock aclk rise edge)       4.000     4.000 r                       
                                                      0.000     4.000 r                       aclk (IN)
                         net (fo=94796, unset)        0.064     4.064                         aclk
    URAM288_X3Y85        URAM288                                      r  pb_kv                g_kv[1].mem_reg_uram_20/CLK
                         clock pessimism              0.000     4.064                           
                         clock uncertainty           -0.035     4.029                           
    URAM288_X3Y85        URAM288 (Setup_URAM_288K_INST_URAM288_CLK_BWE_B[2])
                                                     -0.410     3.619    pb_kv                  g_kv[1].mem_reg_uram_20
  -------------------------------------------------------------------
                         required time                          3.619                           
                         arrival time                          -3.226                           
  -------------------------------------------------------------------
                         slack                                  0.393                           

Slack (MET) :             0.398ns  (required time - arrival time)
  Source:                 kv_layer_r_reg[2]_replica_7/C
                            (rising edge-triggered cell FDRE clocked by aclk  {rise@0.000ns fall@2.000ns period=4.000ns})
  Destination:            g_kv[1].mem_reg_uram_20/BWE_B[4]
                            (rising edge-triggered cell URAM288 clocked by aclk  {rise@0.000ns fall@2.000ns period=4.000ns})
  Path Group:             aclk
  Path Type:              Setup (Max at Slow Process Corner)
  Requirement:            4.000ns  (aclk rise@4.000ns - aclk rise@0.000ns)
  Data Path Delay:        3.192ns  (logic 0.129ns (4.041%)  route 3.063ns (95.959%))
  Logic Levels:           1  (LUT4=1)
  Clock Path Skew:        0.035ns (DCD - SCD + CPR)
    Destination Clock Delay (DCD):    0.064ns = ( 4.064 - 4.000 ) 
    Source Clock Delay      (SCD):    0.029ns
    Clock Pessimism Removal (CPR):    0.000ns
  Clock Uncertainty:      0.035ns  ((TSJ^2 + TIJ^2)^1/2 + DJ) / 2 + PE
    Total System Jitter     (TSJ):    0.071ns
    Total Input Jitter      (TIJ):    0.000ns
    Discrete Jitter          (DJ):    0.000ns
    Phase Error              (PE):    0.000ns

    Location             Delay type                Incr(ns)  Path(ns)    PBlock               Netlist Resource(s)
  -------------------------------------------------------------------    ----------------------------------------
                         (clock aclk rise edge)       0.000     0.000 r                       
                                                      0.000     0.000 r                       aclk (IN)
                         net (fo=94796, unset)        0.029     0.029                         aclk
    SLICE_X71Y488        FDRE                                         r  pb_kv                kv_layer_r_reg[2]_replica_7/C
  -------------------------------------------------------------------    ----------------------------------------
    SLICE_X71Y488        FDRE (Prop_EFF_SLICEL_C_Q)
                                                      0.079     0.108 f  pb_kv                kv_layer_r_reg[2]_replica_7/Q
                         net (fo=80, estimated)       0.362     0.470                         kv_bsel[2]_repN_7
    SLICE_X71Y498        LUT4 (Prop_C6LUT_SLICEL_I3_O)
                                                      0.050     0.520 r  pb_kv                g_kv[1].mem_reg_uram_0_i_1/O
                         net (fo=265, estimated)      2.701     3.221                         g_kv[1].mem_reg_uram_0_i_1_n_0
    URAM288_X3Y85        URAM288                                      r  pb_kv                g_kv[1].mem_reg_uram_20/BWE_B[4]
  -------------------------------------------------------------------    ----------------------------------------

                         (clock aclk rise edge)       4.000     4.000 r                       
                                                      0.000     4.000 r                       aclk (IN)
                         net (fo=94796, unset)        0.064     4.064                         aclk
    URAM288_X3Y85        URAM288                                      r  pb_kv                g_kv[1].mem_reg_uram_20/CLK
                         clock pessimism              0.000     4.064                           
                         clock uncertainty           -0.035     4.029                           
    URAM288_X3Y85        URAM288 (Setup_URAM_288K_INST_URAM288_CLK_BWE_B[4])
                                                     -0.410     3.619    pb_kv                  g_kv[1].mem_reg_uram_20
  -------------------------------------------------------------------
                         required time                          3.619                           
                         arrival time                          -3.221                           
  -------------------------------------------------------------------
                         slack                                  0.398                           

Slack (MET) :             0.398ns  (required time - arrival time)
  Source:                 kv_layer_r_reg[2]_replica_7/C
                            (rising edge-triggered cell FDRE clocked by aclk  {rise@0.000ns fall@2.000ns period=4.000ns})
  Destination:            g_kv[1].mem_reg_uram_20/BWE_B[4]
                            (rising edge-triggered cell URAM288 clocked by aclk  {rise@0.000ns fall@2.000ns period=4.000ns})
  Path Group:             aclk
  Path Type:              Setup (Max at Slow Process Corner)
  Requirement:            4.000ns  (aclk rise@4.000ns - aclk rise@0.000ns)
  Data Path Delay:        3.192ns  (logic 0.129ns (4.041%)  route 3.063ns (95.959%))
  Logic Levels:           1  (LUT4=1)
  Clock Path Skew:        0.035ns (DCD - SCD + CPR)
    Destination Clock Delay (DCD):    0.064ns = ( 4.064 - 4.000 ) 
    Source Clock Delay      (SCD):    0.029ns
    Clock Pessimism Removal (CPR):    0.000ns
  Clock Uncertainty:      0.035ns  ((TSJ^2 + TIJ^2)^1/2 + DJ) / 2 + PE
    Total System Jitter     (TSJ):    0.071ns
    Total Input Jitter      (TIJ):    0.000ns
    Discrete Jitter          (DJ):    0.000ns
    Phase Error              (PE):    0.000ns

    Location             Delay type                Incr(ns)  Path(ns)    PBlock               Netlist Resource(s)
  -------------------------------------------------------------------    ----------------------------------------
                         (clock aclk rise edge)       0.000     0.000 r                       
                                                      0.000     0.000 r                       aclk (IN)
                         net (fo=94796, unset)        0.029     0.029                         aclk
    SLICE_X71Y488        FDRE                                         r  pb_kv                kv_layer_r_reg[2]_replica_7/C
  -------------------------------------------------------------------    ----------------------------------------
    SLICE_X71Y488        FDRE (Prop_EFF_SLICEL_C_Q)
                                                      0.079     0.108 r  pb_kv                kv_layer_r_reg[2]_replica_7/Q
                         net (fo=80, estimated)       0.362     0.470                         kv_bsel[2]_repN_7
    SLICE_X71Y498        LUT4 (Prop_C6LUT_SLICEL_I3_O)
                                                      0.050     0.520 f  pb_kv                g_kv[1].mem_reg_uram_0_i_1/O
                         net (fo=265, estimated)      2.701     3.221                         g_kv[1].mem_reg_uram_0_i_1_n_0
    URAM288_X3Y85        URAM288                                      f  pb_kv                g_kv[1].mem_reg_uram_20/BWE_B[4]
  -------------------------------------------------------------------    ----------------------------------------

                         (clock aclk rise edge)       4.000     4.000 r                       
                                                      0.000     4.000 r                       aclk (IN)
                         net (fo=94796, unset)        0.064     4.064                         aclk
    URAM288_X3Y85        URAM288                                      r  pb_kv                g_kv[1].mem_reg_uram_20/CLK
                         clock pessimism              0.000     4.064                           
                         clock uncertainty           -0.035     4.029                           
    URAM288_X3Y85        URAM288 (Setup_URAM_288K_INST_URAM288_CLK_BWE_B[4])
                                                     -0.410     3.619    pb_kv                  g_kv[1].mem_reg_uram_20
  -------------------------------------------------------------------
                         required time                          3.619                           
                         arrival time                          -3.221                           
  -------------------------------------------------------------------
                         slack                                  0.398                           




