=== finish_run2 for g5_v2, re-derived from /home/cah/r2d2/code/fpga/fable5_llm/synth/out_exp_uram_g5_v2/post_place.dcp
=== host: darthplagueis
=== date: 2026-09-04T00:16:33-06:00
=== tree: 221326c+dirty
=== dcp:  2026-09-03 21:29:00.912653799 -0600 105691090 bytes
=== ---
FIN_DCP: /home/cah/r2d2/code/fpga/fable5_llm/synth/out_exp_uram_g5_v2/post_place.dcp
FIN_TOP: layer_chan
FIN_PART: xcvu9p-fsgd2104-2L-e
FIN_DNMUX_ENDPOINT_CELLS: 2048
FIN_DNMUX_WORST_SLACK: 0.207
FIN_DNMUX_DECOMP: levels=1 datapath=3.770 logic=0.115 route=3.655
FIN_KVMUX_TRY {*at_kvdata_reg*} -> 0
FIN_KVMUX_TRY {*at_kvdata*} -> 0
FIN_KVMUX_TRY {*kv_rdq_b*} -> 0
FIN_KVMUX_WORST_SLACK: n/a
FIN_KVWRITE_CELLS: 232
FIN_KVWRITE_WORST_SLACK: -0.831
FIN_KVWRITE_DECOMP: levels=1 datapath=4.412 logic=0.169 route=4.243 route_pct=96.2
FIN_KVWRITE_START: kv_layer_r_reg[0]/C
FIN_KVWRITE_END: g_kv[2].mem_reg_uram_22/BWE_B[3]
FIN_KVWRITE_SLR: SLR1 -> SLR0
FIN_KV_URAM_BY_SLR: SLR0=72 SLR1=80 SLR2=80 
FIN_TIMING_SUMMARY: WNS=-0.831 TNS=-1416.742 TNS_FAILING_EP=6188 TNS_TOTAL_EP=454504 WHS=0.019 THS=0.000 THS_FAILING_EP=0 THS_TOTAL_EP=454504
FIN_PLACED_WNS: -0.831
FIN_PLACED_WHS: 0.019
FIN_WNS_START: kv_layer_r_reg[0]/C
FIN_WNS_END: g_kv[2].mem_reg_uram_22/BWE_B[3]
FIN_DNWRITE_WORST_SLACK: -0.463
FIN_DNWRITE_DECOMP: levels=1 datapath=4.053 logic=0.171 route=3.882 route_pct=95.8
FIN_PBLOCKS: 3
FIN_PBLOCK pb_dn_grp0 cells=10510 range={CLOCKREGION_X0Y0:CLOCKREGION_X5Y4}
FIN_PBLOCK pb_dn_grp1 cells=10510 range={CLOCKREGION_X0Y5:CLOCKREGION_X5Y9}
FIN_PBLOCK pb_dn_grp2 cells=10510 range={CLOCKREGION_X0Y10:CLOCKREGION_X5Y14}
FIN_DONE
