=== Track P URAM placement experiment: g5_v1b ===
host      : snoke
date      : 2026-09-03T20:19:17-06:00
tree      : 09840877 9 dirty files
vivado    : /home/cah/r2d2/sc2data/tools/Vivado/2024.2/bin/vivado
params    : LNH=32 N_DN=24 N_KV=8 NKVH=4 CVD=8192 DN_EW=16 DN_PACK=0 DN_PIPE=2 place=1 directive=AltSpreadLogic_medium DN_BPG=8
extra_xdc : none
rtl       : /home/cah/r2d2/code/fpga/fable5_llm/rtl (SHIPPING rtl/, re-pointed at G5a Step 1)
EXP_VARIANT: g5_v1b
EXP_PARAMS: LNH=32 N_DN=24 N_KV=8 NKVH=4 CVD=8192 DN_EW=16 DN_PACK=0 DN_PIPE=2
EXP_DIRECTIVE: AltSpreadLogic_medium
EXP_DN_BPG: 8
EXP_PART: xcvu9p-fsgd2104-2L-e
EXP_PREDICT: DN 24 banks x 29 + KV 8 banks x 29 = 928 URAM288
EXP_GEOM_ASSERT: OK — args match rtl/layer_chan.sv:296-300 localparams
EXP_RTL_DIR: /home/cah/r2d2/code/fpga/fable5_llm/rtl
EXP_RTL_SRC: /home/cah/r2d2/code/fpga/fable5_llm/rtl/fx_pkg.sv
EXP_RTL_SRC: /home/cah/r2d2/code/fpga/fable5_llm/rtl/fx_rsqrt.sv
EXP_RTL_SRC: /home/cah/r2d2/code/fpga/fable5_llm/rtl/fx_recip.sv
EXP_RTL_SRC: /home/cah/r2d2/code/fpga/fable5_llm/rtl/fx_silu.sv
EXP_RTL_SRC: /home/cah/r2d2/code/fpga/fable5_llm/rtl/vecnorm_unit.sv
EXP_RTL_SRC: /home/cah/r2d2/code/fpga/fable5_llm/rtl/rope_unit.sv
EXP_RTL_SRC: /home/cah/r2d2/code/fpga/fable5_llm/rtl/conv4_silu.sv
EXP_RTL_SRC: /home/cah/r2d2/code/fpga/fable5_llm/rtl/dn_step.sv
EXP_RTL_SRC: /home/cah/r2d2/code/fpga/fable5_llm/rtl/attn_core.sv
EXP_RTL_SRC: /home/cah/r2d2/code/fpga/fable5_llm/rtl/gate_unit.sv
EXP_RTL_SRC: /home/cah/r2d2/code/fpga/fable5_llm/rtl/vec_alu.sv
EXP_RTL_SRC: /home/cah/r2d2/code/fpga/fable5_llm/rtl/layer_chan.sv
EXP_GENERICS: DN_PIPE=2 DN_BPG=8 (the module's only parameters)
EXP_SYNTH_URAM: 928  (predicted 928)
EXP_SYNTH_BRAM: RAMB36=674 RAMB18=32
EXP_SYNTH_DSP: 1836
EXP_SYNTH_URAM_MATCH: YES
EXP_SYNTH_DN_NONURAM_CELLS: 0
EXP_SC_MEM: RAMB=0 LUTRAM=256
EXP_SYNTH_OK
EXTRA_XDC: none
EXP_PBLOCK_COUNT: 0
EXP_OPT_OK (388 s)
EXP_PLACE_OK (2431 s)
EXP_URAM_SLR_SPAN: 3
EXP_URAM_SLR SLR0 320
EXP_URAM_SLR SLR1 312
EXP_URAM_SLR SLR2 296
EXP_DNGRP_ENDPOINT_CELLS: 18432
EXP_DNGRP_WORST_SLACK: -0.027
EXP_DNWRITE_WORST_SLACK: -1.820
EXP_DNWRITE_DECOMP: levels=1 datapath=5.399 logic=0.201 route=5.198 route_pct=96.3
EXP_DNWRITE_START: g_dnpipeN.g_grp[2].bs_p_reg[1][3]/C
EXP_DNWRITE_END: g_dnpipeN.g_grp[2].g_dn[4].mem_reg_uram_24/BWE_B[3]
EXP_DNWRITE_SLR: SLR1 -> SLR2
EXP_DNWRITE_CR: X2Y8 -> X4Y14
EXP_DNMUX_ENDPOINT_CELLS: 0
EXP_DNMUX_WORST_SLACK: n/a
EXP_PLACED_WNS: -1.820
EXP_PLACED_WHS: 0.013
EXP_WNS_START: g_dnpipeN.g_grp[2].bs_p_reg[1][3]/C
EXP_WNS_END: g_dnpipeN.g_grp[2].g_dn[4].mem_reg_uram_24/BWE_B[3]
EXP_WNS_DECOMP: levels=1 datapath=5.399 logic=0.201 route=5.198
=== exit: 2 EXP_DONE marker(s) ===
