=== Track P URAM placement experiment: g5_v2cr ===
host      : snoke
date      : 2026-09-03T22:48:01-06:00
tree      : 221326cc 6 dirty files
vivado    : /home/cah/r2d2/sc2data/tools/Vivado/2024.2/bin/vivado
params    : LNH=32 N_DN=24 N_KV=8 NKVH=4 CVD=8192 DN_EW=16 DN_PACK=0 DN_PIPE=2 place=1 directive=Default DN_BPG=8
extra_xdc : /home/cah/r2d2/code/fpga/fable5_llm/synth/constraints/fable5_floorplan_9b_dngrpcr.xdc
rtl       : /home/cah/r2d2/code/fpga/fable5_llm/rtl (SHIPPING rtl/, re-pointed at G5a Step 1)
EXP_VARIANT: g5_v2cr
EXP_PARAMS: LNH=32 N_DN=24 N_KV=8 NKVH=4 CVD=8192 DN_EW=16 DN_PACK=0 DN_PIPE=2
EXP_DIRECTIVE: Default
EXP_DN_BPG: 8
EXP_PART: xcvu9p-fsgd2104-2L-e
EXP_PREDICT: DN 24 banks x 29 + KV 8 banks x 29 = 928 URAM288
EXP_GEOM_ASSERT: OK — args match this script's literal GeomExpect list,
EXP_RTL_DIR: /home/cah/r2d2/code/fpga/fable5_llm/rtl
EXP_RTL_SRC: /home/cah/r2d2/code/fpga/fable5_llm/rtl/fx_pkg.sv
EXP_RTL_SRC: /home/cah/r2d2/code/fpga/fable5_llm/rtl/fx_rsqrt.sv
EXP_RTL_SRC: /home/cah/r2d2/code/fpga/fable5_llm/rtl/fx_recip.sv
EXP_RTL_SRC: /home/cah/r2d2/code/fpga/fable5_llm/rtl/fx_silu.sv
EXP_RTL_SRC: /home/cah/r2d2/code/fpga/fable5_llm/rtl/vecnorm_unit.sv
EXP_RTL_SRC: /home/cah/r2d2/code/fpga/fable5_llm/rtl/rope_unit.sv
EXP_RTL_SRC: /home/cah/r2d2/code/fpga/fable5_llm/rtl/conv4_silu.sv
EXP_RTL_SRC: /home/cah/r2d2/code/fpga/fable5_llm/rtl/dn_step.sv
EXP_RTL_SRC: /home/cah/r2d2/code/fpga/fable5_llm/rtl/attn_core.sv
EXP_RTL_SRC: /home/cah/r2d2/code/fpga/fable5_llm/rtl/gate_unit.sv
EXP_RTL_SRC: /home/cah/r2d2/code/fpga/fable5_llm/rtl/vec_alu.sv
EXP_RTL_SRC: /home/cah/r2d2/code/fpga/fable5_llm/rtl/layer_chan.sv
EXP_GENERICS: DN_PIPE=2 DN_BPG=8 (the module's only parameters)
EXP_SYNTH_URAM: 928  (predicted 928)
EXP_SYNTH_BRAM: RAMB36=674 RAMB18=32
EXP_SYNTH_DSP: 1836
EXP_SYNTH_URAM_MATCH: YES
EXP_SYNTH_DN_NONURAM_CELLS: 0
EXP_SC_MEM: RAMB=0 LUTRAM=256
EXP_SYNTH_OK
EXTRA_XDC: /home/cah/r2d2/code/fpga/fable5_llm/synth/constraints/fable5_floorplan_9b_dngrpcr.xdc (implementation-only)
EXP_PBLOCK_COUNT: 6
EXP_PBLOCK pb_dn_fo0 cells=2078 range={CLOCKREGION_X1Y2:CLOCKREGION_X4Y2}
EXP_PBLOCK pb_dn_fo1 cells=2078 range={CLOCKREGION_X1Y7:CLOCKREGION_X4Y7}
EXP_PBLOCK pb_dn_fo2 cells=2078 range={CLOCKREGION_X1Y12:CLOCKREGION_X4Y12}
EXP_PBLOCK pb_dn_grp0 cells=8432 range={CLOCKREGION_X1Y0:CLOCKREGION_X4Y4}
EXP_PBLOCK pb_dn_grp1 cells=8432 range={CLOCKREGION_X1Y5:CLOCKREGION_X4Y9}
EXP_PBLOCK pb_dn_grp2 cells=8432 range={CLOCKREGION_X1Y10:CLOCKREGION_X4Y14}
EXP_OPT_OK (324 s)
EXP_PLACE_OK (2475 s)
EXP_URAM_SLR_SPAN: 3
EXP_URAM_SLR SLR0 304
EXP_URAM_SLR SLR1 312
EXP_URAM_SLR SLR2 312
EXP_DNGRP_ENDPOINT_CELLS: 18432
EXP_DNGRP_WORST_SLACK: -0.304
EXP_DNWRITE_WORST_SLACK: -0.001
EXP_DNWRITE_DECOMP: levels=0 datapath=3.479 logic=0.079 route=3.400 route_pct=97.7
EXP_DNWRITE_START: g_dnpipeN.g_grp[0].ra_p_reg[1][2]/C
EXP_DNWRITE_END: g_dnpipeN.g_grp[0].g_dn[7].mem_reg_uram_28/ADDR_A[2]
EXP_DNWRITE_SLR: SLR0 -> SLR0
EXP_DNWRITE_CR: X2Y4 -> X4Y0
EXP_DNMUX_ENDPOINT_CELLS: 2048
EXP_DNMUX_WORST_SLACK: 0.038
EXP_PLACED_WNS: -0.554
EXP_PLACED_WHS: 0.019
EXP_WNS_START: st_reg[3]/C
EXP_WNS_END: g_cv[4].wm_reg_bram_7/CASDOMUXEN_B
EXP_WNS_DECOMP: levels=3 datapath=4.426 logic=0.298 route=4.128
EXP_TIMING_SUMMARY: WNS=-0.554 TNS=-230.377 TNS_FAILING_EP=2057 TNS_TOTAL_EP=453399 WHS=0.019 THS=0.000 THS_FAILING_EP=0 THS_TOTAL_EP=453399
EXP_DONE
=== exit: 1 EXP_DONE marker(s) ===
