Copyright 1986-2022 Xilinx, Inc. All Rights Reserved. Copyright 2022-2024 Advanced Micro Devices, Inc. All Rights Reserved.
------------------------------------------------------------------------------------------------------------------------------------------------------------------------------------------------------------------------------------------
| Tool Version      : Vivado v.2024.2 (lin64) Build 5239630 Fri Nov 08 22:34:34 MST 2024
| Date              : Thu Sep  3 21:52:49 2026
| Host              : snoke running 64-bit Ubuntu 24.04.4 LTS
| Command           : report_timing -to [get_cells -quiet -hier -filter {NAME =~ *g_grp*rq_p*reg*}] -max_paths 10 -nworst 10 -setup -file /home/cah/r2d2/code/fpga/fable5_llm/synth/out_exp_uram_g5_v4b/reports/dn_group_return_paths.rpt
| Design            : layer_chan
| Device            : xcvu9p-fsgd2104
| Speed File        : -2L  PRODUCTION 1.28 03-30-2022
| Design State      : Fully Placed
| Temperature Grade : E
------------------------------------------------------------------------------------------------------------------------------------------------------------------------------------------------------------------------------------------

Timing Report

Slack (VIOLATED) :        -0.478ns  (required time - arrival time)
  Source:                 g_dnpipeN.g_grp[0].g_lmux.rq_p_reg[0][695]/C
                            (rising edge-triggered cell FDRE clocked by aclk  {rise@0.000ns fall@2.000ns period=4.000ns})
  Destination:            g_dnpipeN.g_grp[0].rq_p_reg[1][695]/D
                            (rising edge-triggered cell FDRE clocked by aclk  {rise@0.000ns fall@2.000ns period=4.000ns})
  Path Group:             aclk
  Path Type:              Setup (Max at Slow Process Corner)
  Requirement:            4.000ns  (aclk rise@4.000ns - aclk rise@0.000ns)
  Data Path Delay:        4.455ns  (logic 0.078ns (1.751%)  route 4.377ns (98.249%))
  Logic Levels:           0  
  Clock Path Skew:        -0.009ns (DCD - SCD + CPR)
    Destination Clock Delay (DCD):    0.021ns = ( 4.021 - 4.000 ) 
    Source Clock Delay      (SCD):    0.030ns
    Clock Pessimism Removal (CPR):    0.000ns
  Clock Uncertainty:      0.035ns  ((TSJ^2 + TIJ^2)^1/2 + DJ) / 2 + PE
    Total System Jitter     (TSJ):    0.071ns
    Total Input Jitter      (TIJ):    0.000ns
    Discrete Jitter          (DJ):    0.000ns
    Phase Error              (PE):    0.000ns
  Inter-SLR Compensation: 0.003ns  (DCD * PF)
    Destination Clock Delay (DCD):    0.021ns
    Prorating Factor         (PF):    0.150

    Location             Delay type                Incr(ns)  Path(ns)    PBlock               Netlist Resource(s)
  -------------------------------------------------------------------    ----------------------------------------
                         (clock aclk rise edge)       0.000     0.000 r                       
                                                      0.000     0.000 r                       aclk (IN)
                         net (fo=94736, unset)        0.030     0.030                         aclk
    SLICE_X38Y50         FDRE                                         r  pb_layer0            g_dnpipeN.g_grp[0].g_lmux.rq_p_reg[0][695]/C
  -------------------------------------------------------------------    ----------------------------------------
    SLICE_X38Y50         FDRE (Prop_DFF_SLICEM_C_Q)
                                                      0.078     0.108 r  pb_layer0            g_dnpipeN.g_grp[0].g_lmux.rq_p_reg[0][695]/Q
                         net (fo=1, estimated)        4.377     4.485                         g_dnpipeN.g_grp[0].rq_p[0][695]
    SLR Crossing[0->1]   
    SLICE_X33Y535        FDRE                                         r  pb_layer0            g_dnpipeN.g_grp[0].rq_p_reg[1][695]/D
  -------------------------------------------------------------------    ----------------------------------------

                         (clock aclk rise edge)       4.000     4.000 r                       
                                                      0.000     4.000 r                       aclk (IN)
                         net (fo=94736, unset)        0.021     4.021                         aclk
    SLICE_X33Y535        FDRE                                         r  pb_layer0            g_dnpipeN.g_grp[0].rq_p_reg[1][695]/C
                         clock pessimism              0.000     4.021                           
                         inter-SLR compensation      -0.003     4.018                           
                         clock uncertainty           -0.035     3.982                           
    SLICE_X33Y535        FDRE (Setup_EFF2_SLICEM_C_D)
                                                      0.025     4.007    pb_layer0              g_dnpipeN.g_grp[0].rq_p_reg[1][695]
  -------------------------------------------------------------------
                         required time                          4.007                           
                         arrival time                          -4.485                           
  -------------------------------------------------------------------
                         slack                                 -0.478                           

Slack (VIOLATED) :        -0.478ns  (required time - arrival time)
  Source:                 g_dnpipeN.g_grp[0].g_lmux.rq_p_reg[0][695]/C
                            (rising edge-triggered cell FDRE clocked by aclk  {rise@0.000ns fall@2.000ns period=4.000ns})
  Destination:            g_dnpipeN.g_grp[0].rq_p_reg[1][695]/D
                            (rising edge-triggered cell FDRE clocked by aclk  {rise@0.000ns fall@2.000ns period=4.000ns})
  Path Group:             aclk
  Path Type:              Setup (Max at Slow Process Corner)
  Requirement:            4.000ns  (aclk rise@4.000ns - aclk rise@0.000ns)
  Data Path Delay:        4.455ns  (logic 0.078ns (1.751%)  route 4.377ns (98.249%))
  Logic Levels:           0  
  Clock Path Skew:        -0.009ns (DCD - SCD + CPR)
    Destination Clock Delay (DCD):    0.021ns = ( 4.021 - 4.000 ) 
    Source Clock Delay      (SCD):    0.030ns
    Clock Pessimism Removal (CPR):    0.000ns
  Clock Uncertainty:      0.035ns  ((TSJ^2 + TIJ^2)^1/2 + DJ) / 2 + PE
    Total System Jitter     (TSJ):    0.071ns
    Total Input Jitter      (TIJ):    0.000ns
    Discrete Jitter          (DJ):    0.000ns
    Phase Error              (PE):    0.000ns
  Inter-SLR Compensation: 0.003ns  (DCD * PF)
    Destination Clock Delay (DCD):    0.021ns
    Prorating Factor         (PF):    0.150

    Location             Delay type                Incr(ns)  Path(ns)    PBlock               Netlist Resource(s)
  -------------------------------------------------------------------    ----------------------------------------
                         (clock aclk rise edge)       0.000     0.000 r                       
                                                      0.000     0.000 r                       aclk (IN)
                         net (fo=94736, unset)        0.030     0.030                         aclk
    SLICE_X38Y50         FDRE                                         r  pb_layer0            g_dnpipeN.g_grp[0].g_lmux.rq_p_reg[0][695]/C
  -------------------------------------------------------------------    ----------------------------------------
    SLICE_X38Y50         FDRE (Prop_DFF_SLICEM_C_Q)
                                                      0.078     0.108 f  pb_layer0            g_dnpipeN.g_grp[0].g_lmux.rq_p_reg[0][695]/Q
                         net (fo=1, estimated)        4.377     4.485                         g_dnpipeN.g_grp[0].rq_p[0][695]
    SLR Crossing[0->1]   
    SLICE_X33Y535        FDRE                                         f  pb_layer0            g_dnpipeN.g_grp[0].rq_p_reg[1][695]/D
  -------------------------------------------------------------------    ----------------------------------------

                         (clock aclk rise edge)       4.000     4.000 r                       
                                                      0.000     4.000 r                       aclk (IN)
                         net (fo=94736, unset)        0.021     4.021                         aclk
    SLICE_X33Y535        FDRE                                         r  pb_layer0            g_dnpipeN.g_grp[0].rq_p_reg[1][695]/C
                         clock pessimism              0.000     4.021                           
                         inter-SLR compensation      -0.003     4.018                           
                         clock uncertainty           -0.035     3.982                           
    SLICE_X33Y535        FDRE (Setup_EFF2_SLICEM_C_D)
                                                      0.025     4.007    pb_layer0              g_dnpipeN.g_grp[0].rq_p_reg[1][695]
  -------------------------------------------------------------------
                         required time                          4.007                           
                         arrival time                          -4.485                           
  -------------------------------------------------------------------
                         slack                                 -0.478                           

Slack (VIOLATED) :        -0.476ns  (required time - arrival time)
  Source:                 g_dnpipeN.g_grp[0].g_lmux.rq_p_reg[0][653]/C
                            (rising edge-triggered cell FDRE clocked by aclk  {rise@0.000ns fall@2.000ns period=4.000ns})
  Destination:            g_dnpipeN.g_grp[0].rq_p_reg[1][653]/D
                            (rising edge-triggered cell FDRE clocked by aclk  {rise@0.000ns fall@2.000ns period=4.000ns})
  Path Group:             aclk
  Path Type:              Setup (Max at Slow Process Corner)
  Requirement:            4.000ns  (aclk rise@4.000ns - aclk rise@0.000ns)
  Data Path Delay:        4.455ns  (logic 0.079ns (1.773%)  route 4.376ns (98.227%))
  Logic Levels:           0  
  Clock Path Skew:        -0.007ns (DCD - SCD + CPR)
    Destination Clock Delay (DCD):    0.021ns = ( 4.021 - 4.000 ) 
    Source Clock Delay      (SCD):    0.028ns
    Clock Pessimism Removal (CPR):    0.000ns
  Clock Uncertainty:      0.035ns  ((TSJ^2 + TIJ^2)^1/2 + DJ) / 2 + PE
    Total System Jitter     (TSJ):    0.071ns
    Total Input Jitter      (TIJ):    0.000ns
    Discrete Jitter          (DJ):    0.000ns
    Phase Error              (PE):    0.000ns
  Inter-SLR Compensation: 0.003ns  (DCD * PF)
    Destination Clock Delay (DCD):    0.021ns
    Prorating Factor         (PF):    0.150

    Location             Delay type                Incr(ns)  Path(ns)    PBlock               Netlist Resource(s)
  -------------------------------------------------------------------    ----------------------------------------
                         (clock aclk rise edge)       0.000     0.000 r                       
                                                      0.000     0.000 r                       aclk (IN)
                         net (fo=94736, unset)        0.028     0.028                         aclk
    SLICE_X37Y45         FDRE                                         r  pb_layer0            g_dnpipeN.g_grp[0].g_lmux.rq_p_reg[0][653]/C
  -------------------------------------------------------------------    ----------------------------------------
    SLICE_X37Y45         FDRE (Prop_DFF_SLICEL_C_Q)
                                                      0.079     0.107 r  pb_layer0            g_dnpipeN.g_grp[0].g_lmux.rq_p_reg[0][653]/Q
                         net (fo=1, estimated)        4.376     4.483                         g_dnpipeN.g_grp[0].rq_p[0][653]
    SLR Crossing[0->1]   
    SLICE_X47Y519        FDRE                                         r  pb_layer0            g_dnpipeN.g_grp[0].rq_p_reg[1][653]/D
  -------------------------------------------------------------------    ----------------------------------------

                         (clock aclk rise edge)       4.000     4.000 r                       
                                                      0.000     4.000 r                       aclk (IN)
                         net (fo=94736, unset)        0.021     4.021                         aclk
    SLICE_X47Y519        FDRE                                         r  pb_layer0            g_dnpipeN.g_grp[0].rq_p_reg[1][653]/C
                         clock pessimism              0.000     4.021                           
                         inter-SLR compensation      -0.003     4.018                           
                         clock uncertainty           -0.035     3.982                           
    SLICE_X47Y519        FDRE (Setup_EFF_SLICEM_C_D)
                                                      0.025     4.007    pb_layer0              g_dnpipeN.g_grp[0].rq_p_reg[1][653]
  -------------------------------------------------------------------
                         required time                          4.007                           
                         arrival time                          -4.483                           
  -------------------------------------------------------------------
                         slack                                 -0.476                           

Slack (VIOLATED) :        -0.476ns  (required time - arrival time)
  Source:                 g_dnpipeN.g_grp[0].g_lmux.rq_p_reg[0][653]/C
                            (rising edge-triggered cell FDRE clocked by aclk  {rise@0.000ns fall@2.000ns period=4.000ns})
  Destination:            g_dnpipeN.g_grp[0].rq_p_reg[1][653]/D
                            (rising edge-triggered cell FDRE clocked by aclk  {rise@0.000ns fall@2.000ns period=4.000ns})
  Path Group:             aclk
  Path Type:              Setup (Max at Slow Process Corner)
  Requirement:            4.000ns  (aclk rise@4.000ns - aclk rise@0.000ns)
  Data Path Delay:        4.455ns  (logic 0.079ns (1.773%)  route 4.376ns (98.227%))
  Logic Levels:           0  
  Clock Path Skew:        -0.007ns (DCD - SCD + CPR)
    Destination Clock Delay (DCD):    0.021ns = ( 4.021 - 4.000 ) 
    Source Clock Delay      (SCD):    0.028ns
    Clock Pessimism Removal (CPR):    0.000ns
  Clock Uncertainty:      0.035ns  ((TSJ^2 + TIJ^2)^1/2 + DJ) / 2 + PE
    Total System Jitter     (TSJ):    0.071ns
    Total Input Jitter      (TIJ):    0.000ns
    Discrete Jitter          (DJ):    0.000ns
    Phase Error              (PE):    0.000ns
  Inter-SLR Compensation: 0.003ns  (DCD * PF)
    Destination Clock Delay (DCD):    0.021ns
    Prorating Factor         (PF):    0.150

    Location             Delay type                Incr(ns)  Path(ns)    PBlock               Netlist Resource(s)
  -------------------------------------------------------------------    ----------------------------------------
                         (clock aclk rise edge)       0.000     0.000 r                       
                                                      0.000     0.000 r                       aclk (IN)
                         net (fo=94736, unset)        0.028     0.028                         aclk
    SLICE_X37Y45         FDRE                                         r  pb_layer0            g_dnpipeN.g_grp[0].g_lmux.rq_p_reg[0][653]/C
  -------------------------------------------------------------------    ----------------------------------------
    SLICE_X37Y45         FDRE (Prop_DFF_SLICEL_C_Q)
                                                      0.079     0.107 f  pb_layer0            g_dnpipeN.g_grp[0].g_lmux.rq_p_reg[0][653]/Q
                         net (fo=1, estimated)        4.376     4.483                         g_dnpipeN.g_grp[0].rq_p[0][653]
    SLR Crossing[0->1]   
    SLICE_X47Y519        FDRE                                         f  pb_layer0            g_dnpipeN.g_grp[0].rq_p_reg[1][653]/D
  -------------------------------------------------------------------    ----------------------------------------

                         (clock aclk rise edge)       4.000     4.000 r                       
                                                      0.000     4.000 r                       aclk (IN)
                         net (fo=94736, unset)        0.021     4.021                         aclk
    SLICE_X47Y519        FDRE                                         r  pb_layer0            g_dnpipeN.g_grp[0].rq_p_reg[1][653]/C
                         clock pessimism              0.000     4.021                           
                         inter-SLR compensation      -0.003     4.018                           
                         clock uncertainty           -0.035     3.982                           
    SLICE_X47Y519        FDRE (Setup_EFF_SLICEM_C_D)
                                                      0.025     4.007    pb_layer0              g_dnpipeN.g_grp[0].rq_p_reg[1][653]
  -------------------------------------------------------------------
                         required time                          4.007                           
                         arrival time                          -4.483                           
  -------------------------------------------------------------------
                         slack                                 -0.476                           

Slack (VIOLATED) :        -0.475ns  (required time - arrival time)
  Source:                 g_dnpipeN.g_grp[0].g_lmux.rq_p_reg[0][1041]/C
                            (rising edge-triggered cell FDRE clocked by aclk  {rise@0.000ns fall@2.000ns period=4.000ns})
  Destination:            g_dnpipeN.g_grp[0].rq_p_reg[1][1041]/D
                            (rising edge-triggered cell FDRE clocked by aclk  {rise@0.000ns fall@2.000ns period=4.000ns})
  Path Group:             aclk
  Path Type:              Setup (Max at Slow Process Corner)
  Requirement:            4.000ns  (aclk rise@4.000ns - aclk rise@0.000ns)
  Data Path Delay:        4.452ns  (logic 0.078ns (1.752%)  route 4.374ns (98.248%))
  Logic Levels:           0  
  Clock Path Skew:        -0.009ns (DCD - SCD + CPR)
    Destination Clock Delay (DCD):    0.021ns = ( 4.021 - 4.000 ) 
    Source Clock Delay      (SCD):    0.030ns
    Clock Pessimism Removal (CPR):    0.000ns
  Clock Uncertainty:      0.035ns  ((TSJ^2 + TIJ^2)^1/2 + DJ) / 2 + PE
    Total System Jitter     (TSJ):    0.071ns
    Total Input Jitter      (TIJ):    0.000ns
    Discrete Jitter          (DJ):    0.000ns
    Phase Error              (PE):    0.000ns
  Inter-SLR Compensation: 0.003ns  (DCD * PF)
    Destination Clock Delay (DCD):    0.021ns
    Prorating Factor         (PF):    0.150

    Location             Delay type                Incr(ns)  Path(ns)    PBlock               Netlist Resource(s)
  -------------------------------------------------------------------    ----------------------------------------
                         (clock aclk rise edge)       0.000     0.000 r                       
                                                      0.000     0.000 r                       aclk (IN)
                         net (fo=94736, unset)        0.030     0.030                         aclk
    SLICE_X97Y16         FDRE                                         r  pb_layer0            g_dnpipeN.g_grp[0].g_lmux.rq_p_reg[0][1041]/C
  -------------------------------------------------------------------    ----------------------------------------
    SLICE_X97Y16         FDRE (Prop_DFF_SLICEM_C_Q)
                                                      0.078     0.108 r  pb_layer0            g_dnpipeN.g_grp[0].g_lmux.rq_p_reg[0][1041]/Q
                         net (fo=1, estimated)        4.374     4.482                         g_dnpipeN.g_grp[0].rq_p[0][1041]
    SLR Crossing[0->1]   
    SLICE_X107Y482       FDRE                                         r  pb_layer0            g_dnpipeN.g_grp[0].rq_p_reg[1][1041]/D
  -------------------------------------------------------------------    ----------------------------------------

                         (clock aclk rise edge)       4.000     4.000 r                       
                                                      0.000     4.000 r                       aclk (IN)
                         net (fo=94736, unset)        0.021     4.021                         aclk
    SLICE_X107Y482       FDRE                                         r  pb_layer0            g_dnpipeN.g_grp[0].rq_p_reg[1][1041]/C
                         clock pessimism              0.000     4.021                           
                         inter-SLR compensation      -0.003     4.018                           
                         clock uncertainty           -0.035     3.982                           
    SLICE_X107Y482       FDRE (Setup_FFF_SLICEM_C_D)
                                                      0.025     4.007    pb_layer0              g_dnpipeN.g_grp[0].rq_p_reg[1][1041]
  -------------------------------------------------------------------
                         required time                          4.007                           
                         arrival time                          -4.482                           
  -------------------------------------------------------------------
                         slack                                 -0.475                           

Slack (VIOLATED) :        -0.475ns  (required time - arrival time)
  Source:                 g_dnpipeN.g_grp[0].g_lmux.rq_p_reg[0][1041]/C
                            (rising edge-triggered cell FDRE clocked by aclk  {rise@0.000ns fall@2.000ns period=4.000ns})
  Destination:            g_dnpipeN.g_grp[0].rq_p_reg[1][1041]/D
                            (rising edge-triggered cell FDRE clocked by aclk  {rise@0.000ns fall@2.000ns period=4.000ns})
  Path Group:             aclk
  Path Type:              Setup (Max at Slow Process Corner)
  Requirement:            4.000ns  (aclk rise@4.000ns - aclk rise@0.000ns)
  Data Path Delay:        4.452ns  (logic 0.078ns (1.752%)  route 4.374ns (98.248%))
  Logic Levels:           0  
  Clock Path Skew:        -0.009ns (DCD - SCD + CPR)
    Destination Clock Delay (DCD):    0.021ns = ( 4.021 - 4.000 ) 
    Source Clock Delay      (SCD):    0.030ns
    Clock Pessimism Removal (CPR):    0.000ns
  Clock Uncertainty:      0.035ns  ((TSJ^2 + TIJ^2)^1/2 + DJ) / 2 + PE
    Total System Jitter     (TSJ):    0.071ns
    Total Input Jitter      (TIJ):    0.000ns
    Discrete Jitter          (DJ):    0.000ns
    Phase Error              (PE):    0.000ns
  Inter-SLR Compensation: 0.003ns  (DCD * PF)
    Destination Clock Delay (DCD):    0.021ns
    Prorating Factor         (PF):    0.150

    Location             Delay type                Incr(ns)  Path(ns)    PBlock               Netlist Resource(s)
  -------------------------------------------------------------------    ----------------------------------------
                         (clock aclk rise edge)       0.000     0.000 r                       
                                                      0.000     0.000 r                       aclk (IN)
                         net (fo=94736, unset)        0.030     0.030                         aclk
    SLICE_X97Y16         FDRE                                         r  pb_layer0            g_dnpipeN.g_grp[0].g_lmux.rq_p_reg[0][1041]/C
  -------------------------------------------------------------------    ----------------------------------------
    SLICE_X97Y16         FDRE (Prop_DFF_SLICEM_C_Q)
                                                      0.078     0.108 f  pb_layer0            g_dnpipeN.g_grp[0].g_lmux.rq_p_reg[0][1041]/Q
                         net (fo=1, estimated)        4.374     4.482                         g_dnpipeN.g_grp[0].rq_p[0][1041]
    SLR Crossing[0->1]   
    SLICE_X107Y482       FDRE                                         f  pb_layer0            g_dnpipeN.g_grp[0].rq_p_reg[1][1041]/D
  -------------------------------------------------------------------    ----------------------------------------

                         (clock aclk rise edge)       4.000     4.000 r                       
                                                      0.000     4.000 r                       aclk (IN)
                         net (fo=94736, unset)        0.021     4.021                         aclk
    SLICE_X107Y482       FDRE                                         r  pb_layer0            g_dnpipeN.g_grp[0].rq_p_reg[1][1041]/C
                         clock pessimism              0.000     4.021                           
                         inter-SLR compensation      -0.003     4.018                           
                         clock uncertainty           -0.035     3.982                           
    SLICE_X107Y482       FDRE (Setup_FFF_SLICEM_C_D)
                                                      0.025     4.007    pb_layer0              g_dnpipeN.g_grp[0].rq_p_reg[1][1041]
  -------------------------------------------------------------------
                         required time                          4.007                           
                         arrival time                          -4.482                           
  -------------------------------------------------------------------
                         slack                                 -0.475                           

Slack (VIOLATED) :        -0.463ns  (required time - arrival time)
  Source:                 g_dnpipeN.g_grp[0].g_lmux.rq_p_reg[0][659]/C
                            (rising edge-triggered cell FDRE clocked by aclk  {rise@0.000ns fall@2.000ns period=4.000ns})
  Destination:            g_dnpipeN.g_grp[0].rq_p_reg[1][659]/D
                            (rising edge-triggered cell FDRE clocked by aclk  {rise@0.000ns fall@2.000ns period=4.000ns})
  Path Group:             aclk
  Path Type:              Setup (Max at Slow Process Corner)
  Requirement:            4.000ns  (aclk rise@4.000ns - aclk rise@0.000ns)
  Data Path Delay:        4.440ns  (logic 0.078ns (1.757%)  route 4.362ns (98.243%))
  Logic Levels:           0  
  Clock Path Skew:        -0.009ns (DCD - SCD + CPR)
    Destination Clock Delay (DCD):    0.021ns = ( 4.021 - 4.000 ) 
    Source Clock Delay      (SCD):    0.030ns
    Clock Pessimism Removal (CPR):    0.000ns
  Clock Uncertainty:      0.035ns  ((TSJ^2 + TIJ^2)^1/2 + DJ) / 2 + PE
    Total System Jitter     (TSJ):    0.071ns
    Total Input Jitter      (TIJ):    0.000ns
    Discrete Jitter          (DJ):    0.000ns
    Phase Error              (PE):    0.000ns
  Inter-SLR Compensation: 0.003ns  (DCD * PF)
    Destination Clock Delay (DCD):    0.021ns
    Prorating Factor         (PF):    0.150

    Location             Delay type                Incr(ns)  Path(ns)    PBlock               Netlist Resource(s)
  -------------------------------------------------------------------    ----------------------------------------
                         (clock aclk rise edge)       0.000     0.000 r                       
                                                      0.000     0.000 r                       aclk (IN)
                         net (fo=94736, unset)        0.030     0.030                         aclk
    SLICE_X36Y45         FDRE                                         r  pb_layer0            g_dnpipeN.g_grp[0].g_lmux.rq_p_reg[0][659]/C
  -------------------------------------------------------------------    ----------------------------------------
    SLICE_X36Y45         FDRE (Prop_DFF_SLICEM_C_Q)
                                                      0.078     0.108 r  pb_layer0            g_dnpipeN.g_grp[0].g_lmux.rq_p_reg[0][659]/Q
                         net (fo=1, estimated)        4.362     4.470                         g_dnpipeN.g_grp[0].rq_p[0][659]
    SLR Crossing[0->1]   
    SLICE_X33Y529        FDRE                                         r  pb_layer0            g_dnpipeN.g_grp[0].rq_p_reg[1][659]/D
  -------------------------------------------------------------------    ----------------------------------------

                         (clock aclk rise edge)       4.000     4.000 r                       
                                                      0.000     4.000 r                       aclk (IN)
                         net (fo=94736, unset)        0.021     4.021                         aclk
    SLICE_X33Y529        FDRE                                         r  pb_layer0            g_dnpipeN.g_grp[0].rq_p_reg[1][659]/C
                         clock pessimism              0.000     4.021                           
                         inter-SLR compensation      -0.003     4.018                           
                         clock uncertainty           -0.035     3.982                           
    SLICE_X33Y529        FDRE (Setup_EFF_SLICEM_C_D)
                                                      0.025     4.007    pb_layer0              g_dnpipeN.g_grp[0].rq_p_reg[1][659]
  -------------------------------------------------------------------
                         required time                          4.007                           
                         arrival time                          -4.470                           
  -------------------------------------------------------------------
                         slack                                 -0.463                           

Slack (VIOLATED) :        -0.463ns  (required time - arrival time)
  Source:                 g_dnpipeN.g_grp[0].g_lmux.rq_p_reg[0][659]/C
                            (rising edge-triggered cell FDRE clocked by aclk  {rise@0.000ns fall@2.000ns period=4.000ns})
  Destination:            g_dnpipeN.g_grp[0].rq_p_reg[1][659]/D
                            (rising edge-triggered cell FDRE clocked by aclk  {rise@0.000ns fall@2.000ns period=4.000ns})
  Path Group:             aclk
  Path Type:              Setup (Max at Slow Process Corner)
  Requirement:            4.000ns  (aclk rise@4.000ns - aclk rise@0.000ns)
  Data Path Delay:        4.440ns  (logic 0.078ns (1.757%)  route 4.362ns (98.243%))
  Logic Levels:           0  
  Clock Path Skew:        -0.009ns (DCD - SCD + CPR)
    Destination Clock Delay (DCD):    0.021ns = ( 4.021 - 4.000 ) 
    Source Clock Delay      (SCD):    0.030ns
    Clock Pessimism Removal (CPR):    0.000ns
  Clock Uncertainty:      0.035ns  ((TSJ^2 + TIJ^2)^1/2 + DJ) / 2 + PE
    Total System Jitter     (TSJ):    0.071ns
    Total Input Jitter      (TIJ):    0.000ns
    Discrete Jitter          (DJ):    0.000ns
    Phase Error              (PE):    0.000ns
  Inter-SLR Compensation: 0.003ns  (DCD * PF)
    Destination Clock Delay (DCD):    0.021ns
    Prorating Factor         (PF):    0.150

    Location             Delay type                Incr(ns)  Path(ns)    PBlock               Netlist Resource(s)
  -------------------------------------------------------------------    ----------------------------------------
                         (clock aclk rise edge)       0.000     0.000 r                       
                                                      0.000     0.000 r                       aclk (IN)
                         net (fo=94736, unset)        0.030     0.030                         aclk
    SLICE_X36Y45         FDRE                                         r  pb_layer0            g_dnpipeN.g_grp[0].g_lmux.rq_p_reg[0][659]/C
  -------------------------------------------------------------------    ----------------------------------------
    SLICE_X36Y45         FDRE (Prop_DFF_SLICEM_C_Q)
                                                      0.078     0.108 f  pb_layer0            g_dnpipeN.g_grp[0].g_lmux.rq_p_reg[0][659]/Q
                         net (fo=1, estimated)        4.362     4.470                         g_dnpipeN.g_grp[0].rq_p[0][659]
    SLR Crossing[0->1]   
    SLICE_X33Y529        FDRE                                         f  pb_layer0            g_dnpipeN.g_grp[0].rq_p_reg[1][659]/D
  -------------------------------------------------------------------    ----------------------------------------

                         (clock aclk rise edge)       4.000     4.000 r                       
                                                      0.000     4.000 r                       aclk (IN)
                         net (fo=94736, unset)        0.021     4.021                         aclk
    SLICE_X33Y529        FDRE                                         r  pb_layer0            g_dnpipeN.g_grp[0].rq_p_reg[1][659]/C
                         clock pessimism              0.000     4.021                           
                         inter-SLR compensation      -0.003     4.018                           
                         clock uncertainty           -0.035     3.982                           
    SLICE_X33Y529        FDRE (Setup_EFF_SLICEM_C_D)
                                                      0.025     4.007    pb_layer0              g_dnpipeN.g_grp[0].rq_p_reg[1][659]
  -------------------------------------------------------------------
                         required time                          4.007                           
                         arrival time                          -4.470                           
  -------------------------------------------------------------------
                         slack                                 -0.463                           

Slack (VIOLATED) :        -0.462ns  (required time - arrival time)
  Source:                 g_dnpipeN.g_grp[0].g_lmux.rq_p_reg[0][1033]/C
                            (rising edge-triggered cell FDRE clocked by aclk  {rise@0.000ns fall@2.000ns period=4.000ns})
  Destination:            g_dnpipeN.g_grp[0].rq_p_reg[1][1033]/D
                            (rising edge-triggered cell FDRE clocked by aclk  {rise@0.000ns fall@2.000ns period=4.000ns})
  Path Group:             aclk
  Path Type:              Setup (Max at Slow Process Corner)
  Requirement:            4.000ns  (aclk rise@4.000ns - aclk rise@0.000ns)
  Data Path Delay:        4.441ns  (logic 0.079ns (1.779%)  route 4.362ns (98.221%))
  Logic Levels:           0  
  Clock Path Skew:        -0.007ns (DCD - SCD + CPR)
    Destination Clock Delay (DCD):    0.021ns = ( 4.021 - 4.000 ) 
    Source Clock Delay      (SCD):    0.028ns
    Clock Pessimism Removal (CPR):    0.000ns
  Clock Uncertainty:      0.035ns  ((TSJ^2 + TIJ^2)^1/2 + DJ) / 2 + PE
    Total System Jitter     (TSJ):    0.071ns
    Total Input Jitter      (TIJ):    0.000ns
    Discrete Jitter          (DJ):    0.000ns
    Phase Error              (PE):    0.000ns
  Inter-SLR Compensation: 0.003ns  (DCD * PF)
    Destination Clock Delay (DCD):    0.021ns
    Prorating Factor         (PF):    0.150

    Location             Delay type                Incr(ns)  Path(ns)    PBlock               Netlist Resource(s)
  -------------------------------------------------------------------    ----------------------------------------
                         (clock aclk rise edge)       0.000     0.000 r                       
                                                      0.000     0.000 r                       aclk (IN)
                         net (fo=94736, unset)        0.028     0.028                         aclk
    SLICE_X94Y19         FDRE                                         r  pb_layer0            g_dnpipeN.g_grp[0].g_lmux.rq_p_reg[0][1033]/C
  -------------------------------------------------------------------    ----------------------------------------
    SLICE_X94Y19         FDRE (Prop_DFF_SLICEL_C_Q)
                                                      0.079     0.107 r  pb_layer0            g_dnpipeN.g_grp[0].g_lmux.rq_p_reg[0][1033]/Q
                         net (fo=1, estimated)        4.362     4.469                         g_dnpipeN.g_grp[0].rq_p[0][1033]
    SLR Crossing[0->1]   
    SLICE_X102Y477       FDRE                                         r  pb_layer0            g_dnpipeN.g_grp[0].rq_p_reg[1][1033]/D
  -------------------------------------------------------------------    ----------------------------------------

                         (clock aclk rise edge)       4.000     4.000 r                       
                                                      0.000     4.000 r                       aclk (IN)
                         net (fo=94736, unset)        0.021     4.021                         aclk
    SLICE_X102Y477       FDRE                                         r  pb_layer0            g_dnpipeN.g_grp[0].rq_p_reg[1][1033]/C
                         clock pessimism              0.000     4.021                           
                         inter-SLR compensation      -0.003     4.018                           
                         clock uncertainty           -0.035     3.982                           
    SLICE_X102Y477       FDRE (Setup_FFF_SLICEM_C_D)
                                                      0.025     4.007    pb_layer0              g_dnpipeN.g_grp[0].rq_p_reg[1][1033]
  -------------------------------------------------------------------
                         required time                          4.007                           
                         arrival time                          -4.469                           
  -------------------------------------------------------------------
                         slack                                 -0.462                           

Slack (VIOLATED) :        -0.462ns  (required time - arrival time)
  Source:                 g_dnpipeN.g_grp[0].g_lmux.rq_p_reg[0][1033]/C
                            (rising edge-triggered cell FDRE clocked by aclk  {rise@0.000ns fall@2.000ns period=4.000ns})
  Destination:            g_dnpipeN.g_grp[0].rq_p_reg[1][1033]/D
                            (rising edge-triggered cell FDRE clocked by aclk  {rise@0.000ns fall@2.000ns period=4.000ns})
  Path Group:             aclk
  Path Type:              Setup (Max at Slow Process Corner)
  Requirement:            4.000ns  (aclk rise@4.000ns - aclk rise@0.000ns)
  Data Path Delay:        4.441ns  (logic 0.079ns (1.779%)  route 4.362ns (98.221%))
  Logic Levels:           0  
  Clock Path Skew:        -0.007ns (DCD - SCD + CPR)
    Destination Clock Delay (DCD):    0.021ns = ( 4.021 - 4.000 ) 
    Source Clock Delay      (SCD):    0.028ns
    Clock Pessimism Removal (CPR):    0.000ns
  Clock Uncertainty:      0.035ns  ((TSJ^2 + TIJ^2)^1/2 + DJ) / 2 + PE
    Total System Jitter     (TSJ):    0.071ns
    Total Input Jitter      (TIJ):    0.000ns
    Discrete Jitter          (DJ):    0.000ns
    Phase Error              (PE):    0.000ns
  Inter-SLR Compensation: 0.003ns  (DCD * PF)
    Destination Clock Delay (DCD):    0.021ns
    Prorating Factor         (PF):    0.150

    Location             Delay type                Incr(ns)  Path(ns)    PBlock               Netlist Resource(s)
  -------------------------------------------------------------------    ----------------------------------------
                         (clock aclk rise edge)       0.000     0.000 r                       
                                                      0.000     0.000 r                       aclk (IN)
                         net (fo=94736, unset)        0.028     0.028                         aclk
    SLICE_X94Y19         FDRE                                         r  pb_layer0            g_dnpipeN.g_grp[0].g_lmux.rq_p_reg[0][1033]/C
  -------------------------------------------------------------------    ----------------------------------------
    SLICE_X94Y19         FDRE (Prop_DFF_SLICEL_C_Q)
                                                      0.079     0.107 f  pb_layer0            g_dnpipeN.g_grp[0].g_lmux.rq_p_reg[0][1033]/Q
                         net (fo=1, estimated)        4.362     4.469                         g_dnpipeN.g_grp[0].rq_p[0][1033]
    SLR Crossing[0->1]   
    SLICE_X102Y477       FDRE                                         f  pb_layer0            g_dnpipeN.g_grp[0].rq_p_reg[1][1033]/D
  -------------------------------------------------------------------    ----------------------------------------

                         (clock aclk rise edge)       4.000     4.000 r                       
                                                      0.000     4.000 r                       aclk (IN)
                         net (fo=94736, unset)        0.021     4.021                         aclk
    SLICE_X102Y477       FDRE                                         r  pb_layer0            g_dnpipeN.g_grp[0].rq_p_reg[1][1033]/C
                         clock pessimism              0.000     4.021                           
                         inter-SLR compensation      -0.003     4.018                           
                         clock uncertainty           -0.035     3.982                           
    SLICE_X102Y477       FDRE (Setup_FFF_SLICEM_C_D)
                                                      0.025     4.007    pb_layer0              g_dnpipeN.g_grp[0].rq_p_reg[1][1033]
  -------------------------------------------------------------------
                         required time                          4.007                           
                         arrival time                          -4.469                           
  -------------------------------------------------------------------
                         slack                                 -0.462                           




