Copyright 1986-2022 Xilinx, Inc. All Rights Reserved. Copyright 2022-2024 Advanced Micro Devices, Inc. All Rights Reserved.
---------------------------------------------------------------------------------------------------------------------------------------------------------------------------------------------------------------------------------------------------------
| Tool Version      : Vivado v.2024.2 (lin64) Build 5239630 Fri Nov 08 22:34:34 MST 2024
| Date              : Fri Sep  4 01:16:18 2026
| Host              : snoke running 64-bit Ubuntu 24.04.4 LTS
| Command           : report_timing -to [get_cells -quiet -hier -filter {REF_NAME =~ URAM288* && NAME =~ *g_dn*}] -max_paths 10 -nworst 10 -setup -file /home/cah/r2d2/code/fpga/fable5_llm/synth/out_exp_uram_g5_v5cr/reports/dn_write_fanout_paths.rpt
| Design            : layer_chan
| Device            : xcvu9p-fsgd2104
| Speed File        : -2L  PRODUCTION 1.28 03-30-2022
| Design State      : Fully Placed
| Temperature Grade : E
---------------------------------------------------------------------------------------------------------------------------------------------------------------------------------------------------------------------------------------------------------

Timing Report

Slack (VIOLATED) :        -0.536ns  (required time - arrival time)
  Source:                 g_dnpipeN.g_grp[1].ra_p_reg[1][3]/C
                            (rising edge-triggered cell FDRE clocked by aclk  {rise@0.000ns fall@2.000ns period=4.000ns})
  Destination:            g_dnpipeN.g_grp[1].g_dn[7].mem_reg_uram_3/ADDR_A[3]
                            (rising edge-triggered cell URAM288 clocked by aclk  {rise@0.000ns fall@2.000ns period=4.000ns})
  Path Group:             aclk
  Path Type:              Setup (Max at Slow Process Corner)
  Requirement:            4.000ns  (aclk rise@4.000ns - aclk rise@0.000ns)
  Data Path Delay:        4.045ns  (logic 0.079ns (1.953%)  route 3.966ns (98.047%))
  Logic Levels:           0  
  Clock Path Skew:        0.035ns (DCD - SCD + CPR)
    Destination Clock Delay (DCD):    0.064ns = ( 4.064 - 4.000 ) 
    Source Clock Delay      (SCD):    0.029ns
    Clock Pessimism Removal (CPR):    0.000ns
  Clock Uncertainty:      0.035ns  ((TSJ^2 + TIJ^2)^1/2 + DJ) / 2 + PE
    Total System Jitter     (TSJ):    0.071ns
    Total Input Jitter      (TIJ):    0.000ns
    Discrete Jitter          (DJ):    0.000ns
    Phase Error              (PE):    0.000ns
  Inter-SLR Compensation: 0.010ns  (DCD * PF)
    Destination Clock Delay (DCD):    0.064ns
    Prorating Factor         (PF):    0.150

    Location             Delay type                Incr(ns)  Path(ns)    PBlock               Netlist Resource(s)
  -------------------------------------------------------------------    ----------------------------------------
                         (clock aclk rise edge)       0.000     0.000 r                       
                                                      0.000     0.000 r                       aclk (IN)
                         net (fo=94796, unset)        0.029     0.029                         aclk
    SLICE_X118Y448       FDRE                                         r  pb_kv/pb_dn_grp1_slr1/pb_dn_grp1_fanout
                                                                                              g_dnpipeN.g_grp[1].ra_p_reg[1][3]/C
  -------------------------------------------------------------------    ----------------------------------------
    SLICE_X118Y448       FDRE (Prop_EFF_SLICEL_C_Q)
                                                      0.079     0.108 r  pb_kv/pb_dn_grp1_slr1/pb_dn_grp1_fanout
                                                                                              g_dnpipeN.g_grp[1].ra_p_reg[1][3]/Q
                         net (fo=232, estimated)      3.966     4.074                         g_dnpipeN.g_grp[1].ra_p[1][3]
    SLR Crossing[1->2]   
    URAM288_X0Y168       URAM288                                      r  pb_dn_grp1_slr2      g_dnpipeN.g_grp[1].g_dn[7].mem_reg_uram_3/ADDR_A[3]
  -------------------------------------------------------------------    ----------------------------------------

                         (clock aclk rise edge)       4.000     4.000 r                       
                                                      0.000     4.000 r                       aclk (IN)
                         net (fo=94796, unset)        0.064     4.064                         aclk
    URAM288_X0Y168       URAM288                                      r  pb_dn_grp1_slr2      g_dnpipeN.g_grp[1].g_dn[7].mem_reg_uram_3/CLK
                         clock pessimism              0.000     4.064                           
                         inter-SLR compensation      -0.010     4.054                           
                         clock uncertainty           -0.035     4.019                           
    URAM288_X0Y168       URAM288 (Setup_URAM_288K_INST_URAM288_CLK_ADDR_A[3])
                                                     -0.481     3.538    pb_dn_grp1_slr2        g_dnpipeN.g_grp[1].g_dn[7].mem_reg_uram_3
  -------------------------------------------------------------------
                         required time                          3.538                           
                         arrival time                          -4.074                           
  -------------------------------------------------------------------
                         slack                                 -0.536                           

Slack (VIOLATED) :        -0.536ns  (required time - arrival time)
  Source:                 g_dnpipeN.g_grp[1].ra_p_reg[1][3]/C
                            (rising edge-triggered cell FDRE clocked by aclk  {rise@0.000ns fall@2.000ns period=4.000ns})
  Destination:            g_dnpipeN.g_grp[1].g_dn[7].mem_reg_uram_3/ADDR_A[3]
                            (rising edge-triggered cell URAM288 clocked by aclk  {rise@0.000ns fall@2.000ns period=4.000ns})
  Path Group:             aclk
  Path Type:              Setup (Max at Slow Process Corner)
  Requirement:            4.000ns  (aclk rise@4.000ns - aclk rise@0.000ns)
  Data Path Delay:        4.045ns  (logic 0.079ns (1.953%)  route 3.966ns (98.047%))
  Logic Levels:           0  
  Clock Path Skew:        0.035ns (DCD - SCD + CPR)
    Destination Clock Delay (DCD):    0.064ns = ( 4.064 - 4.000 ) 
    Source Clock Delay      (SCD):    0.029ns
    Clock Pessimism Removal (CPR):    0.000ns
  Clock Uncertainty:      0.035ns  ((TSJ^2 + TIJ^2)^1/2 + DJ) / 2 + PE
    Total System Jitter     (TSJ):    0.071ns
    Total Input Jitter      (TIJ):    0.000ns
    Discrete Jitter          (DJ):    0.000ns
    Phase Error              (PE):    0.000ns
  Inter-SLR Compensation: 0.010ns  (DCD * PF)
    Destination Clock Delay (DCD):    0.064ns
    Prorating Factor         (PF):    0.150

    Location             Delay type                Incr(ns)  Path(ns)    PBlock               Netlist Resource(s)
  -------------------------------------------------------------------    ----------------------------------------
                         (clock aclk rise edge)       0.000     0.000 r                       
                                                      0.000     0.000 r                       aclk (IN)
                         net (fo=94796, unset)        0.029     0.029                         aclk
    SLICE_X118Y448       FDRE                                         r  pb_kv/pb_dn_grp1_slr1/pb_dn_grp1_fanout
                                                                                              g_dnpipeN.g_grp[1].ra_p_reg[1][3]/C
  -------------------------------------------------------------------    ----------------------------------------
    SLICE_X118Y448       FDRE (Prop_EFF_SLICEL_C_Q)
                                                      0.079     0.108 f  pb_kv/pb_dn_grp1_slr1/pb_dn_grp1_fanout
                                                                                              g_dnpipeN.g_grp[1].ra_p_reg[1][3]/Q
                         net (fo=232, estimated)      3.966     4.074                         g_dnpipeN.g_grp[1].ra_p[1][3]
    SLR Crossing[1->2]   
    URAM288_X0Y168       URAM288                                      f  pb_dn_grp1_slr2      g_dnpipeN.g_grp[1].g_dn[7].mem_reg_uram_3/ADDR_A[3]
  -------------------------------------------------------------------    ----------------------------------------

                         (clock aclk rise edge)       4.000     4.000 r                       
                                                      0.000     4.000 r                       aclk (IN)
                         net (fo=94796, unset)        0.064     4.064                         aclk
    URAM288_X0Y168       URAM288                                      r  pb_dn_grp1_slr2      g_dnpipeN.g_grp[1].g_dn[7].mem_reg_uram_3/CLK
                         clock pessimism              0.000     4.064                           
                         inter-SLR compensation      -0.010     4.054                           
                         clock uncertainty           -0.035     4.019                           
    URAM288_X0Y168       URAM288 (Setup_URAM_288K_INST_URAM288_CLK_ADDR_A[3])
                                                     -0.481     3.538    pb_dn_grp1_slr2        g_dnpipeN.g_grp[1].g_dn[7].mem_reg_uram_3
  -------------------------------------------------------------------
                         required time                          3.538                           
                         arrival time                          -4.074                           
  -------------------------------------------------------------------
                         slack                                 -0.536                           

Slack (VIOLATED) :        -0.526ns  (required time - arrival time)
  Source:                 g_dnpipeN.g_grp[1].ra_p_reg[1][2]/C
                            (rising edge-triggered cell FDRE clocked by aclk  {rise@0.000ns fall@2.000ns period=4.000ns})
  Destination:            g_dnpipeN.g_grp[1].g_dn[0].mem_reg_uram_2/ADDR_A[2]
                            (rising edge-triggered cell URAM288 clocked by aclk  {rise@0.000ns fall@2.000ns period=4.000ns})
  Path Group:             aclk
  Path Type:              Setup (Max at Slow Process Corner)
  Requirement:            4.000ns  (aclk rise@4.000ns - aclk rise@0.000ns)
  Data Path Delay:        3.993ns  (logic 0.079ns (1.978%)  route 3.914ns (98.022%))
  Logic Levels:           0  
  Clock Path Skew:        0.034ns (DCD - SCD + CPR)
    Destination Clock Delay (DCD):    0.064ns = ( 4.064 - 4.000 ) 
    Source Clock Delay      (SCD):    0.030ns
    Clock Pessimism Removal (CPR):    0.000ns
  Clock Uncertainty:      0.035ns  ((TSJ^2 + TIJ^2)^1/2 + DJ) / 2 + PE
    Total System Jitter     (TSJ):    0.071ns
    Total Input Jitter      (TIJ):    0.000ns
    Discrete Jitter          (DJ):    0.000ns
    Phase Error              (PE):    0.000ns
  Inter-SLR Compensation: 0.010ns  (DCD * PF)
    Destination Clock Delay (DCD):    0.064ns
    Prorating Factor         (PF):    0.150

    Location             Delay type                Incr(ns)  Path(ns)    PBlock               Netlist Resource(s)
  -------------------------------------------------------------------    ----------------------------------------
                         (clock aclk rise edge)       0.000     0.000 r                       
                                                      0.000     0.000 r                       aclk (IN)
                         net (fo=94796, unset)        0.030     0.030                         aclk
    SLICE_X68Y430        FDRE                                         r  pb_kv/pb_dn_grp1_slr1/pb_dn_grp1_fanout
                                                                                              g_dnpipeN.g_grp[1].ra_p_reg[1][2]/C
  -------------------------------------------------------------------    ----------------------------------------
    SLICE_X68Y430        FDRE (Prop_HFF_SLICEM_C_Q)
                                                      0.079     0.109 r  pb_kv/pb_dn_grp1_slr1/pb_dn_grp1_fanout
                                                                                              g_dnpipeN.g_grp[1].ra_p_reg[1][2]/Q
                         net (fo=232, estimated)      3.914     4.023                         g_dnpipeN.g_grp[1].ra_p[1][2]
    SLR Crossing[1->0]   
    URAM288_X3Y44        URAM288                                      r  pb_dn_grp1_slr0      g_dnpipeN.g_grp[1].g_dn[0].mem_reg_uram_2/ADDR_A[2]
  -------------------------------------------------------------------    ----------------------------------------

                         (clock aclk rise edge)       4.000     4.000 r                       
                                                      0.000     4.000 r                       aclk (IN)
                         net (fo=94796, unset)        0.064     4.064                         aclk
    URAM288_X3Y44        URAM288                                      r  pb_dn_grp1_slr0      g_dnpipeN.g_grp[1].g_dn[0].mem_reg_uram_2/CLK
                         clock pessimism              0.000     4.064                           
                         inter-SLR compensation      -0.010     4.054                           
                         clock uncertainty           -0.035     4.019                           
    URAM288_X3Y44        URAM288 (Setup_URAM_288K_INST_URAM288_CLK_ADDR_A[2])
                                                     -0.522     3.497    pb_dn_grp1_slr0        g_dnpipeN.g_grp[1].g_dn[0].mem_reg_uram_2
  -------------------------------------------------------------------
                         required time                          3.497                           
                         arrival time                          -4.023                           
  -------------------------------------------------------------------
                         slack                                 -0.526                           

Slack (VIOLATED) :        -0.526ns  (required time - arrival time)
  Source:                 g_dnpipeN.g_grp[1].ra_p_reg[1][2]/C
                            (rising edge-triggered cell FDRE clocked by aclk  {rise@0.000ns fall@2.000ns period=4.000ns})
  Destination:            g_dnpipeN.g_grp[1].g_dn[0].mem_reg_uram_2/ADDR_A[2]
                            (rising edge-triggered cell URAM288 clocked by aclk  {rise@0.000ns fall@2.000ns period=4.000ns})
  Path Group:             aclk
  Path Type:              Setup (Max at Slow Process Corner)
  Requirement:            4.000ns  (aclk rise@4.000ns - aclk rise@0.000ns)
  Data Path Delay:        3.993ns  (logic 0.079ns (1.978%)  route 3.914ns (98.022%))
  Logic Levels:           0  
  Clock Path Skew:        0.034ns (DCD - SCD + CPR)
    Destination Clock Delay (DCD):    0.064ns = ( 4.064 - 4.000 ) 
    Source Clock Delay      (SCD):    0.030ns
    Clock Pessimism Removal (CPR):    0.000ns
  Clock Uncertainty:      0.035ns  ((TSJ^2 + TIJ^2)^1/2 + DJ) / 2 + PE
    Total System Jitter     (TSJ):    0.071ns
    Total Input Jitter      (TIJ):    0.000ns
    Discrete Jitter          (DJ):    0.000ns
    Phase Error              (PE):    0.000ns
  Inter-SLR Compensation: 0.010ns  (DCD * PF)
    Destination Clock Delay (DCD):    0.064ns
    Prorating Factor         (PF):    0.150

    Location             Delay type                Incr(ns)  Path(ns)    PBlock               Netlist Resource(s)
  -------------------------------------------------------------------    ----------------------------------------
                         (clock aclk rise edge)       0.000     0.000 r                       
                                                      0.000     0.000 r                       aclk (IN)
                         net (fo=94796, unset)        0.030     0.030                         aclk
    SLICE_X68Y430        FDRE                                         r  pb_kv/pb_dn_grp1_slr1/pb_dn_grp1_fanout
                                                                                              g_dnpipeN.g_grp[1].ra_p_reg[1][2]/C
  -------------------------------------------------------------------    ----------------------------------------
    SLICE_X68Y430        FDRE (Prop_HFF_SLICEM_C_Q)
                                                      0.079     0.109 f  pb_kv/pb_dn_grp1_slr1/pb_dn_grp1_fanout
                                                                                              g_dnpipeN.g_grp[1].ra_p_reg[1][2]/Q
                         net (fo=232, estimated)      3.914     4.023                         g_dnpipeN.g_grp[1].ra_p[1][2]
    SLR Crossing[1->0]   
    URAM288_X3Y44        URAM288                                      f  pb_dn_grp1_slr0      g_dnpipeN.g_grp[1].g_dn[0].mem_reg_uram_2/ADDR_A[2]
  -------------------------------------------------------------------    ----------------------------------------

                         (clock aclk rise edge)       4.000     4.000 r                       
                                                      0.000     4.000 r                       aclk (IN)
                         net (fo=94796, unset)        0.064     4.064                         aclk
    URAM288_X3Y44        URAM288                                      r  pb_dn_grp1_slr0      g_dnpipeN.g_grp[1].g_dn[0].mem_reg_uram_2/CLK
                         clock pessimism              0.000     4.064                           
                         inter-SLR compensation      -0.010     4.054                           
                         clock uncertainty           -0.035     4.019                           
    URAM288_X3Y44        URAM288 (Setup_URAM_288K_INST_URAM288_CLK_ADDR_A[2])
                                                     -0.522     3.497    pb_dn_grp1_slr0        g_dnpipeN.g_grp[1].g_dn[0].mem_reg_uram_2
  -------------------------------------------------------------------
                         required time                          3.497                           
                         arrival time                          -4.023                           
  -------------------------------------------------------------------
                         slack                                 -0.526                           

Slack (VIOLATED) :        -0.525ns  (required time - arrival time)
  Source:                 g_dnpipeN.g_grp[1].ra_p_reg[1][1]/C
                            (rising edge-triggered cell FDRE clocked by aclk  {rise@0.000ns fall@2.000ns period=4.000ns})
  Destination:            g_dnpipeN.g_grp[1].g_dn[0].mem_reg_uram_2/ADDR_A[1]
                            (rising edge-triggered cell URAM288 clocked by aclk  {rise@0.000ns fall@2.000ns period=4.000ns})
  Path Group:             aclk
  Path Type:              Setup (Max at Slow Process Corner)
  Requirement:            4.000ns  (aclk rise@4.000ns - aclk rise@0.000ns)
  Data Path Delay:        4.000ns  (logic 0.081ns (2.025%)  route 3.919ns (97.975%))
  Logic Levels:           0  
  Clock Path Skew:        0.035ns (DCD - SCD + CPR)
    Destination Clock Delay (DCD):    0.064ns = ( 4.064 - 4.000 ) 
    Source Clock Delay      (SCD):    0.029ns
    Clock Pessimism Removal (CPR):    0.000ns
  Clock Uncertainty:      0.035ns  ((TSJ^2 + TIJ^2)^1/2 + DJ) / 2 + PE
    Total System Jitter     (TSJ):    0.071ns
    Total Input Jitter      (TIJ):    0.000ns
    Discrete Jitter          (DJ):    0.000ns
    Phase Error              (PE):    0.000ns
  Inter-SLR Compensation: 0.010ns  (DCD * PF)
    Destination Clock Delay (DCD):    0.064ns
    Prorating Factor         (PF):    0.150

    Location             Delay type                Incr(ns)  Path(ns)    PBlock               Netlist Resource(s)
  -------------------------------------------------------------------    ----------------------------------------
                         (clock aclk rise edge)       0.000     0.000 r                       
                                                      0.000     0.000 r                       aclk (IN)
                         net (fo=94796, unset)        0.029     0.029                         aclk
    SLICE_X69Y428        FDRE                                         r  pb_kv/pb_dn_grp1_slr1/pb_dn_grp1_fanout
                                                                                              g_dnpipeN.g_grp[1].ra_p_reg[1][1]/C
  -------------------------------------------------------------------    ----------------------------------------
    SLICE_X69Y428        FDRE (Prop_EFF2_SLICEL_C_Q)
                                                      0.081     0.110 r  pb_kv/pb_dn_grp1_slr1/pb_dn_grp1_fanout
                                                                                              g_dnpipeN.g_grp[1].ra_p_reg[1][1]/Q
                         net (fo=232, estimated)      3.919     4.029                         g_dnpipeN.g_grp[1].ra_p[1][1]
    SLR Crossing[1->0]   
    URAM288_X3Y44        URAM288                                      r  pb_dn_grp1_slr0      g_dnpipeN.g_grp[1].g_dn[0].mem_reg_uram_2/ADDR_A[1]
  -------------------------------------------------------------------    ----------------------------------------

                         (clock aclk rise edge)       4.000     4.000 r                       
                                                      0.000     4.000 r                       aclk (IN)
                         net (fo=94796, unset)        0.064     4.064                         aclk
    URAM288_X3Y44        URAM288                                      r  pb_dn_grp1_slr0      g_dnpipeN.g_grp[1].g_dn[0].mem_reg_uram_2/CLK
                         clock pessimism              0.000     4.064                           
                         inter-SLR compensation      -0.010     4.054                           
                         clock uncertainty           -0.035     4.019                           
    URAM288_X3Y44        URAM288 (Setup_URAM_288K_INST_URAM288_CLK_ADDR_A[1])
                                                     -0.515     3.504    pb_dn_grp1_slr0        g_dnpipeN.g_grp[1].g_dn[0].mem_reg_uram_2
  -------------------------------------------------------------------
                         required time                          3.504                           
                         arrival time                          -4.029                           
  -------------------------------------------------------------------
                         slack                                 -0.525                           

Slack (VIOLATED) :        -0.525ns  (required time - arrival time)
  Source:                 g_dnpipeN.g_grp[1].ra_p_reg[1][1]/C
                            (rising edge-triggered cell FDRE clocked by aclk  {rise@0.000ns fall@2.000ns period=4.000ns})
  Destination:            g_dnpipeN.g_grp[1].g_dn[0].mem_reg_uram_2/ADDR_A[1]
                            (rising edge-triggered cell URAM288 clocked by aclk  {rise@0.000ns fall@2.000ns period=4.000ns})
  Path Group:             aclk
  Path Type:              Setup (Max at Slow Process Corner)
  Requirement:            4.000ns  (aclk rise@4.000ns - aclk rise@0.000ns)
  Data Path Delay:        4.000ns  (logic 0.081ns (2.025%)  route 3.919ns (97.975%))
  Logic Levels:           0  
  Clock Path Skew:        0.035ns (DCD - SCD + CPR)
    Destination Clock Delay (DCD):    0.064ns = ( 4.064 - 4.000 ) 
    Source Clock Delay      (SCD):    0.029ns
    Clock Pessimism Removal (CPR):    0.000ns
  Clock Uncertainty:      0.035ns  ((TSJ^2 + TIJ^2)^1/2 + DJ) / 2 + PE
    Total System Jitter     (TSJ):    0.071ns
    Total Input Jitter      (TIJ):    0.000ns
    Discrete Jitter          (DJ):    0.000ns
    Phase Error              (PE):    0.000ns
  Inter-SLR Compensation: 0.010ns  (DCD * PF)
    Destination Clock Delay (DCD):    0.064ns
    Prorating Factor         (PF):    0.150

    Location             Delay type                Incr(ns)  Path(ns)    PBlock               Netlist Resource(s)
  -------------------------------------------------------------------    ----------------------------------------
                         (clock aclk rise edge)       0.000     0.000 r                       
                                                      0.000     0.000 r                       aclk (IN)
                         net (fo=94796, unset)        0.029     0.029                         aclk
    SLICE_X69Y428        FDRE                                         r  pb_kv/pb_dn_grp1_slr1/pb_dn_grp1_fanout
                                                                                              g_dnpipeN.g_grp[1].ra_p_reg[1][1]/C
  -------------------------------------------------------------------    ----------------------------------------
    SLICE_X69Y428        FDRE (Prop_EFF2_SLICEL_C_Q)
                                                      0.081     0.110 f  pb_kv/pb_dn_grp1_slr1/pb_dn_grp1_fanout
                                                                                              g_dnpipeN.g_grp[1].ra_p_reg[1][1]/Q
                         net (fo=232, estimated)      3.919     4.029                         g_dnpipeN.g_grp[1].ra_p[1][1]
    SLR Crossing[1->0]   
    URAM288_X3Y44        URAM288                                      f  pb_dn_grp1_slr0      g_dnpipeN.g_grp[1].g_dn[0].mem_reg_uram_2/ADDR_A[1]
  -------------------------------------------------------------------    ----------------------------------------

                         (clock aclk rise edge)       4.000     4.000 r                       
                                                      0.000     4.000 r                       aclk (IN)
                         net (fo=94796, unset)        0.064     4.064                         aclk
    URAM288_X3Y44        URAM288                                      r  pb_dn_grp1_slr0      g_dnpipeN.g_grp[1].g_dn[0].mem_reg_uram_2/CLK
                         clock pessimism              0.000     4.064                           
                         inter-SLR compensation      -0.010     4.054                           
                         clock uncertainty           -0.035     4.019                           
    URAM288_X3Y44        URAM288 (Setup_URAM_288K_INST_URAM288_CLK_ADDR_A[1])
                                                     -0.515     3.504    pb_dn_grp1_slr0        g_dnpipeN.g_grp[1].g_dn[0].mem_reg_uram_2
  -------------------------------------------------------------------
                         required time                          3.504                           
                         arrival time                          -4.029                           
  -------------------------------------------------------------------
                         slack                                 -0.525                           

Slack (VIOLATED) :        -0.513ns  (required time - arrival time)
  Source:                 g_dnpipeN.g_grp[1].ra_p_reg[1][3]/C
                            (rising edge-triggered cell FDRE clocked by aclk  {rise@0.000ns fall@2.000ns period=4.000ns})
  Destination:            g_dnpipeN.g_grp[1].g_dn[6].mem_reg_uram_4/ADDR_A[3]
                            (rising edge-triggered cell URAM288 clocked by aclk  {rise@0.000ns fall@2.000ns period=4.000ns})
  Path Group:             aclk
  Path Type:              Setup (Max at Slow Process Corner)
  Requirement:            4.000ns  (aclk rise@4.000ns - aclk rise@0.000ns)
  Data Path Delay:        4.022ns  (logic 0.079ns (1.964%)  route 3.943ns (98.036%))
  Logic Levels:           0  
  Clock Path Skew:        0.035ns (DCD - SCD + CPR)
    Destination Clock Delay (DCD):    0.064ns = ( 4.064 - 4.000 ) 
    Source Clock Delay      (SCD):    0.029ns
    Clock Pessimism Removal (CPR):    0.000ns
  Clock Uncertainty:      0.035ns  ((TSJ^2 + TIJ^2)^1/2 + DJ) / 2 + PE
    Total System Jitter     (TSJ):    0.071ns
    Total Input Jitter      (TIJ):    0.000ns
    Discrete Jitter          (DJ):    0.000ns
    Phase Error              (PE):    0.000ns
  Inter-SLR Compensation: 0.010ns  (DCD * PF)
    Destination Clock Delay (DCD):    0.064ns
    Prorating Factor         (PF):    0.150

    Location             Delay type                Incr(ns)  Path(ns)    PBlock               Netlist Resource(s)
  -------------------------------------------------------------------    ----------------------------------------
                         (clock aclk rise edge)       0.000     0.000 r                       
                                                      0.000     0.000 r                       aclk (IN)
                         net (fo=94796, unset)        0.029     0.029                         aclk
    SLICE_X118Y448       FDRE                                         r  pb_kv/pb_dn_grp1_slr1/pb_dn_grp1_fanout
                                                                                              g_dnpipeN.g_grp[1].ra_p_reg[1][3]/C
  -------------------------------------------------------------------    ----------------------------------------
    SLICE_X118Y448       FDRE (Prop_EFF_SLICEL_C_Q)
                                                      0.079     0.108 r  pb_kv/pb_dn_grp1_slr1/pb_dn_grp1_fanout
                                                                                              g_dnpipeN.g_grp[1].ra_p_reg[1][3]/Q
                         net (fo=232, estimated)      3.943     4.051                         g_dnpipeN.g_grp[1].ra_p[1][3]
    SLR Crossing[1->2]   
    URAM288_X0Y167       URAM288                                      r  pb_dn_grp1_slr2      g_dnpipeN.g_grp[1].g_dn[6].mem_reg_uram_4/ADDR_A[3]
  -------------------------------------------------------------------    ----------------------------------------

                         (clock aclk rise edge)       4.000     4.000 r                       
                                                      0.000     4.000 r                       aclk (IN)
                         net (fo=94796, unset)        0.064     4.064                         aclk
    URAM288_X0Y167       URAM288                                      r  pb_dn_grp1_slr2      g_dnpipeN.g_grp[1].g_dn[6].mem_reg_uram_4/CLK
                         clock pessimism              0.000     4.064                           
                         inter-SLR compensation      -0.010     4.054                           
                         clock uncertainty           -0.035     4.019                           
    URAM288_X0Y167       URAM288 (Setup_URAM_288K_INST_URAM288_CLK_ADDR_A[3])
                                                     -0.481     3.538    pb_dn_grp1_slr2        g_dnpipeN.g_grp[1].g_dn[6].mem_reg_uram_4
  -------------------------------------------------------------------
                         required time                          3.538                           
                         arrival time                          -4.051                           
  -------------------------------------------------------------------
                         slack                                 -0.513                           

Slack (VIOLATED) :        -0.513ns  (required time - arrival time)
  Source:                 g_dnpipeN.g_grp[1].ra_p_reg[1][3]/C
                            (rising edge-triggered cell FDRE clocked by aclk  {rise@0.000ns fall@2.000ns period=4.000ns})
  Destination:            g_dnpipeN.g_grp[1].g_dn[6].mem_reg_uram_4/ADDR_A[3]
                            (rising edge-triggered cell URAM288 clocked by aclk  {rise@0.000ns fall@2.000ns period=4.000ns})
  Path Group:             aclk
  Path Type:              Setup (Max at Slow Process Corner)
  Requirement:            4.000ns  (aclk rise@4.000ns - aclk rise@0.000ns)
  Data Path Delay:        4.022ns  (logic 0.079ns (1.964%)  route 3.943ns (98.036%))
  Logic Levels:           0  
  Clock Path Skew:        0.035ns (DCD - SCD + CPR)
    Destination Clock Delay (DCD):    0.064ns = ( 4.064 - 4.000 ) 
    Source Clock Delay      (SCD):    0.029ns
    Clock Pessimism Removal (CPR):    0.000ns
  Clock Uncertainty:      0.035ns  ((TSJ^2 + TIJ^2)^1/2 + DJ) / 2 + PE
    Total System Jitter     (TSJ):    0.071ns
    Total Input Jitter      (TIJ):    0.000ns
    Discrete Jitter          (DJ):    0.000ns
    Phase Error              (PE):    0.000ns
  Inter-SLR Compensation: 0.010ns  (DCD * PF)
    Destination Clock Delay (DCD):    0.064ns
    Prorating Factor         (PF):    0.150

    Location             Delay type                Incr(ns)  Path(ns)    PBlock               Netlist Resource(s)
  -------------------------------------------------------------------    ----------------------------------------
                         (clock aclk rise edge)       0.000     0.000 r                       
                                                      0.000     0.000 r                       aclk (IN)
                         net (fo=94796, unset)        0.029     0.029                         aclk
    SLICE_X118Y448       FDRE                                         r  pb_kv/pb_dn_grp1_slr1/pb_dn_grp1_fanout
                                                                                              g_dnpipeN.g_grp[1].ra_p_reg[1][3]/C
  -------------------------------------------------------------------    ----------------------------------------
    SLICE_X118Y448       FDRE (Prop_EFF_SLICEL_C_Q)
                                                      0.079     0.108 f  pb_kv/pb_dn_grp1_slr1/pb_dn_grp1_fanout
                                                                                              g_dnpipeN.g_grp[1].ra_p_reg[1][3]/Q
                         net (fo=232, estimated)      3.943     4.051                         g_dnpipeN.g_grp[1].ra_p[1][3]
    SLR Crossing[1->2]   
    URAM288_X0Y167       URAM288                                      f  pb_dn_grp1_slr2      g_dnpipeN.g_grp[1].g_dn[6].mem_reg_uram_4/ADDR_A[3]
  -------------------------------------------------------------------    ----------------------------------------

                         (clock aclk rise edge)       4.000     4.000 r                       
                                                      0.000     4.000 r                       aclk (IN)
                         net (fo=94796, unset)        0.064     4.064                         aclk
    URAM288_X0Y167       URAM288                                      r  pb_dn_grp1_slr2      g_dnpipeN.g_grp[1].g_dn[6].mem_reg_uram_4/CLK
                         clock pessimism              0.000     4.064                           
                         inter-SLR compensation      -0.010     4.054                           
                         clock uncertainty           -0.035     4.019                           
    URAM288_X0Y167       URAM288 (Setup_URAM_288K_INST_URAM288_CLK_ADDR_A[3])
                                                     -0.481     3.538    pb_dn_grp1_slr2        g_dnpipeN.g_grp[1].g_dn[6].mem_reg_uram_4
  -------------------------------------------------------------------
                         required time                          3.538                           
                         arrival time                          -4.051                           
  -------------------------------------------------------------------
                         slack                                 -0.513                           

Slack (VIOLATED) :        -0.509ns  (required time - arrival time)
  Source:                 g_dnpipeN.g_grp[0].bs_p_reg[1][3]/C
                            (rising edge-triggered cell FDRE clocked by aclk  {rise@0.000ns fall@2.000ns period=4.000ns})
  Destination:            g_dnpipeN.g_grp[0].g_dn[2].mem_reg_uram_28/BWE_B[3]
                            (rising edge-triggered cell URAM288 clocked by aclk  {rise@0.000ns fall@2.000ns period=4.000ns})
  Path Group:             aclk
  Path Type:              Setup (Max at Slow Process Corner)
  Requirement:            4.000ns  (aclk rise@4.000ns - aclk rise@0.000ns)
  Data Path Delay:        4.100ns  (logic 0.180ns (4.390%)  route 3.920ns (95.610%))
  Logic Levels:           1  (LUT6=1)
  Clock Path Skew:        0.036ns (DCD - SCD + CPR)
    Destination Clock Delay (DCD):    0.064ns = ( 4.064 - 4.000 ) 
    Source Clock Delay      (SCD):    0.028ns
    Clock Pessimism Removal (CPR):    0.000ns
  Clock Uncertainty:      0.035ns  ((TSJ^2 + TIJ^2)^1/2 + DJ) / 2 + PE
    Total System Jitter     (TSJ):    0.071ns
    Total Input Jitter      (TIJ):    0.000ns
    Discrete Jitter          (DJ):    0.000ns
    Phase Error              (PE):    0.000ns

    Location             Delay type                Incr(ns)  Path(ns)    PBlock               Netlist Resource(s)
  -------------------------------------------------------------------    ----------------------------------------
                         (clock aclk rise edge)       0.000     0.000 r                       
                                                      0.000     0.000 r                       aclk (IN)
                         net (fo=94796, unset)        0.028     0.028                         aclk
    SLICE_X67Y257        FDRE                                         r  pb_dn_grp0/pb_dn_fo0 g_dnpipeN.g_grp[0].bs_p_reg[1][3]/C
  -------------------------------------------------------------------    ----------------------------------------
    SLICE_X67Y257        FDRE (Prop_AFF_SLICEL_C_Q)
                                                      0.079     0.107 f  pb_dn_grp0/pb_dn_fo0 g_dnpipeN.g_grp[0].bs_p_reg[1][3]/Q
                         net (fo=8, estimated)        0.943     1.050                         g_dnpipeN.g_grp[0].bs_p[1][3]
    SLICE_X62Y189        LUT6 (Prop_H6LUT_SLICEM_I2_O)
                                                      0.101     1.151 r  pb_dn_grp0           g_dnpipeN.g_grp[0].g_dn[2].mem_reg_uram_0_i_1/O
                         net (fo=261, estimated)      2.977     4.128                         g_dnpipeN.g_grp[0].g_dn[2].mem_reg_uram_0_i_1_n_0
    URAM288_X3Y1         URAM288                                      r  pb_dn_grp0           g_dnpipeN.g_grp[0].g_dn[2].mem_reg_uram_28/BWE_B[3]
  -------------------------------------------------------------------    ----------------------------------------

                         (clock aclk rise edge)       4.000     4.000 r                       
                                                      0.000     4.000 r                       aclk (IN)
                         net (fo=94796, unset)        0.064     4.064                         aclk
    URAM288_X3Y1         URAM288                                      r  pb_dn_grp0           g_dnpipeN.g_grp[0].g_dn[2].mem_reg_uram_28/CLK
                         clock pessimism              0.000     4.064                           
                         clock uncertainty           -0.035     4.029                           
    URAM288_X3Y1         URAM288 (Setup_URAM_288K_INST_URAM288_CLK_BWE_B[3])
                                                     -0.410     3.619    pb_dn_grp0             g_dnpipeN.g_grp[0].g_dn[2].mem_reg_uram_28
  -------------------------------------------------------------------
                         required time                          3.619                           
                         arrival time                          -4.128                           
  -------------------------------------------------------------------
                         slack                                 -0.509                           

Slack (VIOLATED) :        -0.509ns  (required time - arrival time)
  Source:                 g_dnpipeN.g_grp[0].bs_p_reg[1][3]/C
                            (rising edge-triggered cell FDRE clocked by aclk  {rise@0.000ns fall@2.000ns period=4.000ns})
  Destination:            g_dnpipeN.g_grp[0].g_dn[2].mem_reg_uram_28/BWE_B[3]
                            (rising edge-triggered cell URAM288 clocked by aclk  {rise@0.000ns fall@2.000ns period=4.000ns})
  Path Group:             aclk
  Path Type:              Setup (Max at Slow Process Corner)
  Requirement:            4.000ns  (aclk rise@4.000ns - aclk rise@0.000ns)
  Data Path Delay:        4.100ns  (logic 0.180ns (4.390%)  route 3.920ns (95.610%))
  Logic Levels:           1  (LUT6=1)
  Clock Path Skew:        0.036ns (DCD - SCD + CPR)
    Destination Clock Delay (DCD):    0.064ns = ( 4.064 - 4.000 ) 
    Source Clock Delay      (SCD):    0.028ns
    Clock Pessimism Removal (CPR):    0.000ns
  Clock Uncertainty:      0.035ns  ((TSJ^2 + TIJ^2)^1/2 + DJ) / 2 + PE
    Total System Jitter     (TSJ):    0.071ns
    Total Input Jitter      (TIJ):    0.000ns
    Discrete Jitter          (DJ):    0.000ns
    Phase Error              (PE):    0.000ns

    Location             Delay type                Incr(ns)  Path(ns)    PBlock               Netlist Resource(s)
  -------------------------------------------------------------------    ----------------------------------------
                         (clock aclk rise edge)       0.000     0.000 r                       
                                                      0.000     0.000 r                       aclk (IN)
                         net (fo=94796, unset)        0.028     0.028                         aclk
    SLICE_X67Y257        FDRE                                         r  pb_dn_grp0/pb_dn_fo0 g_dnpipeN.g_grp[0].bs_p_reg[1][3]/C
  -------------------------------------------------------------------    ----------------------------------------
    SLICE_X67Y257        FDRE (Prop_AFF_SLICEL_C_Q)
                                                      0.079     0.107 r  pb_dn_grp0/pb_dn_fo0 g_dnpipeN.g_grp[0].bs_p_reg[1][3]/Q
                         net (fo=8, estimated)        0.943     1.050                         g_dnpipeN.g_grp[0].bs_p[1][3]
    SLICE_X62Y189        LUT6 (Prop_H6LUT_SLICEM_I2_O)
                                                      0.101     1.151 f  pb_dn_grp0           g_dnpipeN.g_grp[0].g_dn[2].mem_reg_uram_0_i_1/O
                         net (fo=261, estimated)      2.977     4.128                         g_dnpipeN.g_grp[0].g_dn[2].mem_reg_uram_0_i_1_n_0
    URAM288_X3Y1         URAM288                                      f  pb_dn_grp0           g_dnpipeN.g_grp[0].g_dn[2].mem_reg_uram_28/BWE_B[3]
  -------------------------------------------------------------------    ----------------------------------------

                         (clock aclk rise edge)       4.000     4.000 r                       
                                                      0.000     4.000 r                       aclk (IN)
                         net (fo=94796, unset)        0.064     4.064                         aclk
    URAM288_X3Y1         URAM288                                      r  pb_dn_grp0           g_dnpipeN.g_grp[0].g_dn[2].mem_reg_uram_28/CLK
                         clock pessimism              0.000     4.064                           
                         clock uncertainty           -0.035     4.029                           
    URAM288_X3Y1         URAM288 (Setup_URAM_288K_INST_URAM288_CLK_BWE_B[3])
                                                     -0.410     3.619    pb_dn_grp0             g_dnpipeN.g_grp[0].g_dn[2].mem_reg_uram_28
  -------------------------------------------------------------------
                         required time                          3.619                           
                         arrival time                          -4.128                           
  -------------------------------------------------------------------
                         slack                                 -0.509                           




