DN 2048-bit bank-mux read path — post-PLACE estimate
endpoint: dn_rdq_reg[*] (the registered final DN_GRP:1 mux fed by
the per-group return registers).  Clock aclk, 4.000 ns / 250 MHz.
Re-derived from post_place.dcp by finish_reports.tcl; see its header.

slack     levels    startSLR  endSLR
0.038     1         SLR0      SLR1       g_dnpipeN.g_grp[0].rq_p_reg[1][1075]/C -> g_dnpipeN.dn_rdq_reg[1075]/D
0.038     1         SLR0      SLR1       g_dnpipeN.g_grp[0].rq_p_reg[1][1075]/C -> g_dnpipeN.dn_rdq_reg[1075]/D
0.154     1         SLR2      SLR1       g_dnpipeN.g_grp[2].rq_p_reg[1][1911]/C -> g_dnpipeN.dn_rdq_reg[1911]/D
0.154     1         SLR2      SLR1       g_dnpipeN.g_grp[2].rq_p_reg[1][1911]/C -> g_dnpipeN.dn_rdq_reg[1911]/D
0.192     1         SLR2      SLR1       g_dnpipeN.g_grp[2].rq_p_reg[1][1198]/C -> g_dnpipeN.dn_rdq_reg[1198]/D
0.192     1         SLR2      SLR1       g_dnpipeN.g_grp[2].rq_p_reg[1][1198]/C -> g_dnpipeN.dn_rdq_reg[1198]/D
0.210     1         SLR2      SLR1       g_dnpipeN.g_grp[2].rq_p_reg[1][1647]/C -> g_dnpipeN.dn_rdq_reg[1647]/D
0.210     1         SLR2      SLR1       g_dnpipeN.g_grp[2].rq_p_reg[1][1647]/C -> g_dnpipeN.dn_rdq_reg[1647]/D
0.235     1         SLR2      SLR1       g_dnpipeN.g_grp[2].rq_p_reg[1][1888]/C -> g_dnpipeN.dn_rdq_reg[1888]/D
0.235     1         SLR2      SLR1       g_dnpipeN.g_grp[2].rq_p_reg[1][1888]/C -> g_dnpipeN.dn_rdq_reg[1888]/D
0.250     1         SLR2      SLR1       g_dnpipeN.g_grp[2].rq_p_reg[1][1086]/C -> g_dnpipeN.dn_rdq_reg[1086]/D
0.250     1         SLR2      SLR1       g_dnpipeN.g_grp[2].rq_p_reg[1][1086]/C -> g_dnpipeN.dn_rdq_reg[1086]/D
0.256     1         SLR1      SLR1       g_dnpipeN.g_grp[1].rq_p_reg[1][1722]/C -> g_dnpipeN.dn_rdq_reg[1722]/D
0.256     1         SLR1      SLR1       g_dnpipeN.g_grp[1].rq_p_reg[1][1722]/C -> g_dnpipeN.dn_rdq_reg[1722]/D
0.271     1         SLR2      SLR1       g_dnpipeN.g_grp[2].rq_p_reg[1][1892]/C -> g_dnpipeN.dn_rdq_reg[1892]/D
0.271     1         SLR2      SLR1       g_dnpipeN.g_grp[2].rq_p_reg[1][1892]/C -> g_dnpipeN.dn_rdq_reg[1892]/D
0.274     1         SLR0      SLR1       g_dnpipeN.g_grp[0].rq_p_reg[1][1073]/C -> g_dnpipeN.dn_rdq_reg[1073]/D
0.274     1         SLR0      SLR1       g_dnpipeN.g_grp[0].rq_p_reg[1][1073]/C -> g_dnpipeN.dn_rdq_reg[1073]/D
0.305     1         SLR2      SLR1       g_dnpipeN.g_grp[2].rq_p_reg[1][1350]/C -> g_dnpipeN.dn_rdq_reg[1350]/D
0.305     1         SLR2      SLR1       g_dnpipeN.g_grp[2].rq_p_reg[1][1350]/C -> g_dnpipeN.dn_rdq_reg[1350]/D
0.324     1         SLR0      SLR1       g_dnpipeN.g_grp[0].rq_p_reg[1][1078]/C -> g_dnpipeN.dn_rdq_reg[1078]/D
0.324     1         SLR0      SLR1       g_dnpipeN.g_grp[0].rq_p_reg[1][1078]/C -> g_dnpipeN.dn_rdq_reg[1078]/D
0.338     1         SLR1      SLR1       g_dnpipeN.g_grp[1].rq_p_reg[1][1194]/C -> g_dnpipeN.dn_rdq_reg[1194]/D
0.338     1         SLR1      SLR1       g_dnpipeN.g_grp[1].rq_p_reg[1][1194]/C -> g_dnpipeN.dn_rdq_reg[1194]/D
0.343     1         SLR0      SLR1       g_dnpipeN.g_grp[0].rq_p_reg[1][310]/C -> g_dnpipeN.dn_rdq_reg[310]/D
0.343     1         SLR0      SLR1       g_dnpipeN.g_grp[0].rq_p_reg[1][310]/C -> g_dnpipeN.dn_rdq_reg[310]/D
0.379     1         SLR0      SLR1       g_dnpipeN.g_grp[0].rq_p_reg[1][1122]/C -> g_dnpipeN.dn_rdq_reg[1122]/D
0.379     1         SLR0      SLR1       g_dnpipeN.g_grp[0].rq_p_reg[1][1122]/C -> g_dnpipeN.dn_rdq_reg[1122]/D
0.380     1         SLR2      SLR1       g_dnpipeN.g_grp[2].rq_p_reg[1][1638]/C -> g_dnpipeN.dn_rdq_reg[1638]/D
0.380     1         SLR2      SLR1       g_dnpipeN.g_grp[2].rq_p_reg[1][1638]/C -> g_dnpipeN.dn_rdq_reg[1638]/D

---- full report_timing on the worst 10 ----
Copyright 1986-2022 Xilinx, Inc. All Rights Reserved. Copyright 2022-2024 Advanced Micro Devices, Inc. All Rights Reserved.
-------------------------------------------------------------------------------------------------------------------------------------------------------------------------------------------------------------------------------------------
| Tool Version      : Vivado v.2024.2 (lin64) Build 5239630 Fri Nov 08 22:34:34 MST 2024
| Date              : Fri Sep  4 03:39:42 2026
| Host              : snoke running 64-bit Ubuntu 24.04.4 LTS
| Command           : report_timing -to [get_cells -quiet -hier -filter {NAME =~ *dn_rdq_reg*}] -max_paths 10 -nworst 10 -setup -file /home/cah/r2d2/code/fpga/fable5_llm/synth/out_exp_uram_g5_v2cr/reports/dn_bank_mux_paths.rpt -append
| Design            : layer_chan
| Device            : xcvu9p-fsgd2104
| Speed File        : -2L  PRODUCTION 1.28 03-30-2022
| Design State      : Fully Placed
| Temperature Grade : E
-------------------------------------------------------------------------------------------------------------------------------------------------------------------------------------------------------------------------------------------

Timing Report

Slack (MET) :             0.038ns  (required time - arrival time)
  Source:                 g_dnpipeN.g_grp[0].rq_p_reg[1][1075]/C
                            (rising edge-triggered cell FDRE clocked by aclk  {rise@0.000ns fall@2.000ns period=4.000ns})
  Destination:            g_dnpipeN.dn_rdq_reg[1075]/D
                            (rising edge-triggered cell FDRE clocked by aclk  {rise@0.000ns fall@2.000ns period=4.000ns})
  Path Group:             aclk
  Path Type:              Setup (Max at Slow Process Corner)
  Requirement:            4.000ns  (aclk rise@4.000ns - aclk rise@0.000ns)
  Data Path Delay:        3.941ns  (logic 0.115ns (2.918%)  route 3.826ns (97.082%))
  Logic Levels:           1  (LUT5=1)
  Clock Path Skew:        -0.008ns (DCD - SCD + CPR)
    Destination Clock Delay (DCD):    0.020ns = ( 4.020 - 4.000 ) 
    Source Clock Delay      (SCD):    0.028ns
    Clock Pessimism Removal (CPR):    0.000ns
  Clock Uncertainty:      0.035ns  ((TSJ^2 + TIJ^2)^1/2 + DJ) / 2 + PE
    Total System Jitter     (TSJ):    0.071ns
    Total Input Jitter      (TIJ):    0.000ns
    Discrete Jitter          (DJ):    0.000ns
    Phase Error              (PE):    0.000ns
  Inter-SLR Compensation: 0.003ns  (DCD * PF)
    Destination Clock Delay (DCD):    0.020ns
    Prorating Factor         (PF):    0.150

    Location             Delay type                Incr(ns)  Path(ns)    Netlist Resource(s)
  -------------------------------------------------------------------    -------------------
                         (clock aclk rise edge)       0.000     0.000 r  
                                                      0.000     0.000 r  aclk (IN)
                         net (fo=96076, unset)        0.028     0.028    aclk
    SLICE_X89Y252        FDRE                                         r  g_dnpipeN.g_grp[0].rq_p_reg[1][1075]/C
  -------------------------------------------------------------------    -------------------
    SLICE_X89Y252        FDRE (Prop_AFF_SLICEL_C_Q)
                                                      0.079     0.107 r  g_dnpipeN.g_grp[0].rq_p_reg[1][1075]/Q
                         net (fo=1, estimated)        2.088     2.195    u_dn/g_dnpipeN.dn_rdq_reg[2047]_1[1075]
    SLR Crossing[0->1]   
    SLICE_X89Y462        LUT5 (Prop_H6LUT_SLICEL_I4_O)
                                                      0.036     2.231 r  u_dn/p_1_out__9__12_i_13/O
                         net (fo=3, estimated)        1.738     3.969    u_dn_n_1806
    SLICE_X140Y400       FDRE                                         r  g_dnpipeN.dn_rdq_reg[1075]/D
  -------------------------------------------------------------------    -------------------

                         (clock aclk rise edge)       4.000     4.000 r  
                                                      0.000     4.000 r  aclk (IN)
                         net (fo=96076, unset)        0.020     4.020    aclk
    SLICE_X140Y400       FDRE                                         r  g_dnpipeN.dn_rdq_reg[1075]/C
                         clock pessimism              0.000     4.020    
                         inter-SLR compensation      -0.003     4.017    
                         clock uncertainty           -0.035     3.982    
    SLICE_X140Y400       FDRE (Setup_EFF_SLICEL_C_D)
                                                      0.025     4.007    g_dnpipeN.dn_rdq_reg[1075]
  -------------------------------------------------------------------
                         required time                          4.007    
                         arrival time                          -3.969    
  -------------------------------------------------------------------
                         slack                                  0.038    

Slack (MET) :             0.038ns  (required time - arrival time)
  Source:                 g_dnpipeN.g_grp[0].rq_p_reg[1][1075]/C
                            (rising edge-triggered cell FDRE clocked by aclk  {rise@0.000ns fall@2.000ns period=4.000ns})
  Destination:            g_dnpipeN.dn_rdq_reg[1075]/D
                            (rising edge-triggered cell FDRE clocked by aclk  {rise@0.000ns fall@2.000ns period=4.000ns})
  Path Group:             aclk
  Path Type:              Setup (Max at Slow Process Corner)
  Requirement:            4.000ns  (aclk rise@4.000ns - aclk rise@0.000ns)
  Data Path Delay:        3.941ns  (logic 0.115ns (2.918%)  route 3.826ns (97.082%))
  Logic Levels:           1  (LUT5=1)
  Clock Path Skew:        -0.008ns (DCD - SCD + CPR)
    Destination Clock Delay (DCD):    0.020ns = ( 4.020 - 4.000 ) 
    Source Clock Delay      (SCD):    0.028ns
    Clock Pessimism Removal (CPR):    0.000ns
  Clock Uncertainty:      0.035ns  ((TSJ^2 + TIJ^2)^1/2 + DJ) / 2 + PE
    Total System Jitter     (TSJ):    0.071ns
    Total Input Jitter      (TIJ):    0.000ns
    Discrete Jitter          (DJ):    0.000ns
    Phase Error              (PE):    0.000ns
  Inter-SLR Compensation: 0.003ns  (DCD * PF)
    Destination Clock Delay (DCD):    0.020ns
    Prorating Factor         (PF):    0.150

    Location             Delay type                Incr(ns)  Path(ns)    Netlist Resource(s)
  -------------------------------------------------------------------    -------------------
                         (clock aclk rise edge)       0.000     0.000 r  
                                                      0.000     0.000 r  aclk (IN)
                         net (fo=96076, unset)        0.028     0.028    aclk
    SLICE_X89Y252        FDRE                                         r  g_dnpipeN.g_grp[0].rq_p_reg[1][1075]/C
  -------------------------------------------------------------------    -------------------
    SLICE_X89Y252        FDRE (Prop_AFF_SLICEL_C_Q)
                                                      0.079     0.107 f  g_dnpipeN.g_grp[0].rq_p_reg[1][1075]/Q
                         net (fo=1, estimated)        2.088     2.195    u_dn/g_dnpipeN.dn_rdq_reg[2047]_1[1075]
    SLR Crossing[0->1]   
    SLICE_X89Y462        LUT5 (Prop_H6LUT_SLICEL_I4_O)
                                                      0.036     2.231 f  u_dn/p_1_out__9__12_i_13/O
                         net (fo=3, estimated)        1.738     3.969    u_dn_n_1806
    SLICE_X140Y400       FDRE                                         f  g_dnpipeN.dn_rdq_reg[1075]/D
  -------------------------------------------------------------------    -------------------

                         (clock aclk rise edge)       4.000     4.000 r  
                                                      0.000     4.000 r  aclk (IN)
                         net (fo=96076, unset)        0.020     4.020    aclk
    SLICE_X140Y400       FDRE                                         r  g_dnpipeN.dn_rdq_reg[1075]/C
                         clock pessimism              0.000     4.020    
                         inter-SLR compensation      -0.003     4.017    
                         clock uncertainty           -0.035     3.982    
    SLICE_X140Y400       FDRE (Setup_EFF_SLICEL_C_D)
                                                      0.025     4.007    g_dnpipeN.dn_rdq_reg[1075]
  -------------------------------------------------------------------
                         required time                          4.007    
                         arrival time                          -3.969    
  -------------------------------------------------------------------
                         slack                                  0.038    

Slack (MET) :             0.154ns  (required time - arrival time)
  Source:                 g_dnpipeN.g_grp[2].rq_p_reg[1][1911]/C
                            (rising edge-triggered cell FDRE clocked by aclk  {rise@0.000ns fall@2.000ns period=4.000ns})
  Destination:            g_dnpipeN.dn_rdq_reg[1911]/D
                            (rising edge-triggered cell FDRE clocked by aclk  {rise@0.000ns fall@2.000ns period=4.000ns})
  Path Group:             aclk
  Path Type:              Setup (Max at Slow Process Corner)
  Requirement:            4.000ns  (aclk rise@4.000ns - aclk rise@0.000ns)
  Data Path Delay:        3.824ns  (logic 0.204ns (5.335%)  route 3.620ns (94.665%))
  Logic Levels:           1  (LUT5=1)
  Clock Path Skew:        -0.008ns (DCD - SCD + CPR)
    Destination Clock Delay (DCD):    0.021ns = ( 4.021 - 4.000 ) 
    Source Clock Delay      (SCD):    0.029ns
    Clock Pessimism Removal (CPR):    0.000ns
  Clock Uncertainty:      0.035ns  ((TSJ^2 + TIJ^2)^1/2 + DJ) / 2 + PE
    Total System Jitter     (TSJ):    0.071ns
    Total Input Jitter      (TIJ):    0.000ns
    Discrete Jitter          (DJ):    0.000ns
    Phase Error              (PE):    0.000ns
  Inter-SLR Compensation: 0.003ns  (DCD * PF)
    Destination Clock Delay (DCD):    0.021ns
    Prorating Factor         (PF):    0.150

    Location             Delay type                Incr(ns)  Path(ns)    Netlist Resource(s)
  -------------------------------------------------------------------    -------------------
                         (clock aclk rise edge)       0.000     0.000 r  
                                                      0.000     0.000 r  aclk (IN)
                         net (fo=96076, unset)        0.029     0.029    aclk
    SLICE_X61Y618        FDRE                                         r  g_dnpipeN.g_grp[2].rq_p_reg[1][1911]/C
  -------------------------------------------------------------------    -------------------
    SLICE_X61Y618        FDRE (Prop_EFF2_SLICEL_C_Q)
                                                      0.081     0.110 r  g_dnpipeN.g_grp[2].rq_p_reg[1][1911]/Q
                         net (fo=1, estimated)        2.499     2.609    u_dn/g_dnpipeN.dn_rdq_reg[2047][1911]
    SLR Crossing[2->1]   
    SLICE_X51Y441        LUT5 (Prop_G6LUT_SLICEM_I0_O)
                                                      0.123     2.732 r  u_dn/p_1_out__2__14_i_9/O
                         net (fo=3, estimated)        1.121     3.853    u_dn_n_1608
    SLICE_X51Y336        FDRE                                         r  g_dnpipeN.dn_rdq_reg[1911]/D
  -------------------------------------------------------------------    -------------------

                         (clock aclk rise edge)       4.000     4.000 r  
                                                      0.000     4.000 r  aclk (IN)
                         net (fo=96076, unset)        0.021     4.021    aclk
    SLICE_X51Y336        FDRE                                         r  g_dnpipeN.dn_rdq_reg[1911]/C
                         clock pessimism              0.000     4.021    
                         inter-SLR compensation      -0.003     4.018    
                         clock uncertainty           -0.035     3.982    
    SLICE_X51Y336        FDRE (Setup_EFF_SLICEM_C_D)
                                                      0.025     4.007    g_dnpipeN.dn_rdq_reg[1911]
  -------------------------------------------------------------------
                         required time                          4.007    
                         arrival time                          -3.853    
  -------------------------------------------------------------------
                         slack                                  0.154    

Slack (MET) :             0.154ns  (required time - arrival time)
  Source:                 g_dnpipeN.g_grp[2].rq_p_reg[1][1911]/C
                            (rising edge-triggered cell FDRE clocked by aclk  {rise@0.000ns fall@2.000ns period=4.000ns})
  Destination:            g_dnpipeN.dn_rdq_reg[1911]/D
                            (rising edge-triggered cell FDRE clocked by aclk  {rise@0.000ns fall@2.000ns period=4.000ns})
  Path Group:             aclk
  Path Type:              Setup (Max at Slow Process Corner)
  Requirement:            4.000ns  (aclk rise@4.000ns - aclk rise@0.000ns)
  Data Path Delay:        3.824ns  (logic 0.204ns (5.335%)  route 3.620ns (94.665%))
  Logic Levels:           1  (LUT5=1)
  Clock Path Skew:        -0.008ns (DCD - SCD + CPR)
    Destination Clock Delay (DCD):    0.021ns = ( 4.021 - 4.000 ) 
    Source Clock Delay      (SCD):    0.029ns
    Clock Pessimism Removal (CPR):    0.000ns
  Clock Uncertainty:      0.035ns  ((TSJ^2 + TIJ^2)^1/2 + DJ) / 2 + PE
    Total System Jitter     (TSJ):    0.071ns
    Total Input Jitter      (TIJ):    0.000ns
    Discrete Jitter          (DJ):    0.000ns
    Phase Error              (PE):    0.000ns
  Inter-SLR Compensation: 0.003ns  (DCD * PF)
    Destination Clock Delay (DCD):    0.021ns
    Prorating Factor         (PF):    0.150

    Location             Delay type                Incr(ns)  Path(ns)    Netlist Resource(s)
  -------------------------------------------------------------------    -------------------
                         (clock aclk rise edge)       0.000     0.000 r  
                                                      0.000     0.000 r  aclk (IN)
                         net (fo=96076, unset)        0.029     0.029    aclk
    SLICE_X61Y618        FDRE                                         r  g_dnpipeN.g_grp[2].rq_p_reg[1][1911]/C
  -------------------------------------------------------------------    -------------------
    SLICE_X61Y618        FDRE (Prop_EFF2_SLICEL_C_Q)
                                                      0.081     0.110 f  g_dnpipeN.g_grp[2].rq_p_reg[1][1911]/Q
                         net (fo=1, estimated)        2.499     2.609    u_dn/g_dnpipeN.dn_rdq_reg[2047][1911]
    SLR Crossing[2->1]   
    SLICE_X51Y441        LUT5 (Prop_G6LUT_SLICEM_I0_O)
                                                      0.123     2.732 f  u_dn/p_1_out__2__14_i_9/O
                         net (fo=3, estimated)        1.121     3.853    u_dn_n_1608
    SLICE_X51Y336        FDRE                                         f  g_dnpipeN.dn_rdq_reg[1911]/D
  -------------------------------------------------------------------    -------------------

                         (clock aclk rise edge)       4.000     4.000 r  
                                                      0.000     4.000 r  aclk (IN)
                         net (fo=96076, unset)        0.021     4.021    aclk
    SLICE_X51Y336        FDRE                                         r  g_dnpipeN.dn_rdq_reg[1911]/C
                         clock pessimism              0.000     4.021    
                         inter-SLR compensation      -0.003     4.018    
                         clock uncertainty           -0.035     3.982    
    SLICE_X51Y336        FDRE (Setup_EFF_SLICEM_C_D)
                                                      0.025     4.007    g_dnpipeN.dn_rdq_reg[1911]
  -------------------------------------------------------------------
                         required time                          4.007    
                         arrival time                          -3.853    
  -------------------------------------------------------------------
                         slack                                  0.154    

Slack (MET) :             0.192ns  (required time - arrival time)
  Source:                 g_dnpipeN.g_grp[2].rq_p_reg[1][1198]/C
                            (rising edge-triggered cell FDRE clocked by aclk  {rise@0.000ns fall@2.000ns period=4.000ns})
  Destination:            g_dnpipeN.dn_rdq_reg[1198]/D
                            (rising edge-triggered cell FDRE clocked by aclk  {rise@0.000ns fall@2.000ns period=4.000ns})
  Path Group:             aclk
  Path Type:              Setup (Max at Slow Process Corner)
  Requirement:            4.000ns  (aclk rise@4.000ns - aclk rise@0.000ns)
  Data Path Delay:        3.785ns  (logic 0.203ns (5.363%)  route 3.582ns (94.637%))
  Logic Levels:           1  (LUT5=1)
  Clock Path Skew:        -0.009ns (DCD - SCD + CPR)
    Destination Clock Delay (DCD):    0.021ns = ( 4.021 - 4.000 ) 
    Source Clock Delay      (SCD):    0.030ns
    Clock Pessimism Removal (CPR):    0.000ns
  Clock Uncertainty:      0.035ns  ((TSJ^2 + TIJ^2)^1/2 + DJ) / 2 + PE
    Total System Jitter     (TSJ):    0.071ns
    Total Input Jitter      (TIJ):    0.000ns
    Discrete Jitter          (DJ):    0.000ns
    Phase Error              (PE):    0.000ns
  Inter-SLR Compensation: 0.003ns  (DCD * PF)
    Destination Clock Delay (DCD):    0.021ns
    Prorating Factor         (PF):    0.150

    Location             Delay type                Incr(ns)  Path(ns)    Netlist Resource(s)
  -------------------------------------------------------------------    -------------------
                         (clock aclk rise edge)       0.000     0.000 r  
                                                      0.000     0.000 r  aclk (IN)
                         net (fo=96076, unset)        0.030     0.030    aclk
    SLICE_X76Y602        FDRE                                         r  g_dnpipeN.g_grp[2].rq_p_reg[1][1198]/C
  -------------------------------------------------------------------    -------------------
    SLICE_X76Y602        FDRE (Prop_HFF2_SLICEM_C_Q)
                                                      0.078     0.108 r  g_dnpipeN.g_grp[2].rq_p_reg[1][1198]/Q
                         net (fo=1, estimated)        2.098     2.206    u_dn/g_dnpipeN.dn_rdq_reg[2047][1198]
    SLR Crossing[2->1]   
    SLICE_X104Y458       LUT5 (Prop_H6LUT_SLICEM_I0_O)
                                                      0.125     2.331 r  u_dn/p_1_out__22__2_i_2/O
                         net (fo=3, estimated)        1.484     3.815    u_dn_n_561
    SLICE_X138Y403       FDRE                                         r  g_dnpipeN.dn_rdq_reg[1198]/D
  -------------------------------------------------------------------    -------------------

                         (clock aclk rise edge)       4.000     4.000 r  
                                                      0.000     4.000 r  aclk (IN)
                         net (fo=96076, unset)        0.021     4.021    aclk
    SLICE_X138Y403       FDRE                                         r  g_dnpipeN.dn_rdq_reg[1198]/C
                         clock pessimism              0.000     4.021    
                         inter-SLR compensation      -0.003     4.018    
                         clock uncertainty           -0.035     3.982    
    SLICE_X138Y403       FDRE (Setup_AFF2_SLICEM_C_D)
                                                      0.025     4.007    g_dnpipeN.dn_rdq_reg[1198]
  -------------------------------------------------------------------
                         required time                          4.007    
                         arrival time                          -3.815    
  -------------------------------------------------------------------
                         slack                                  0.192    

Slack (MET) :             0.192ns  (required time - arrival time)
  Source:                 g_dnpipeN.g_grp[2].rq_p_reg[1][1198]/C
                            (rising edge-triggered cell FDRE clocked by aclk  {rise@0.000ns fall@2.000ns period=4.000ns})
  Destination:            g_dnpipeN.dn_rdq_reg[1198]/D
                            (rising edge-triggered cell FDRE clocked by aclk  {rise@0.000ns fall@2.000ns period=4.000ns})
  Path Group:             aclk
  Path Type:              Setup (Max at Slow Process Corner)
  Requirement:            4.000ns  (aclk rise@4.000ns - aclk rise@0.000ns)
  Data Path Delay:        3.785ns  (logic 0.203ns (5.363%)  route 3.582ns (94.637%))
  Logic Levels:           1  (LUT5=1)
  Clock Path Skew:        -0.009ns (DCD - SCD + CPR)
    Destination Clock Delay (DCD):    0.021ns = ( 4.021 - 4.000 ) 
    Source Clock Delay      (SCD):    0.030ns
    Clock Pessimism Removal (CPR):    0.000ns
  Clock Uncertainty:      0.035ns  ((TSJ^2 + TIJ^2)^1/2 + DJ) / 2 + PE
    Total System Jitter     (TSJ):    0.071ns
    Total Input Jitter      (TIJ):    0.000ns
    Discrete Jitter          (DJ):    0.000ns
    Phase Error              (PE):    0.000ns
  Inter-SLR Compensation: 0.003ns  (DCD * PF)
    Destination Clock Delay (DCD):    0.021ns
    Prorating Factor         (PF):    0.150

    Location             Delay type                Incr(ns)  Path(ns)    Netlist Resource(s)
  -------------------------------------------------------------------    -------------------
                         (clock aclk rise edge)       0.000     0.000 r  
                                                      0.000     0.000 r  aclk (IN)
                         net (fo=96076, unset)        0.030     0.030    aclk
    SLICE_X76Y602        FDRE                                         r  g_dnpipeN.g_grp[2].rq_p_reg[1][1198]/C
  -------------------------------------------------------------------    -------------------
    SLICE_X76Y602        FDRE (Prop_HFF2_SLICEM_C_Q)
                                                      0.078     0.108 f  g_dnpipeN.g_grp[2].rq_p_reg[1][1198]/Q
                         net (fo=1, estimated)        2.098     2.206    u_dn/g_dnpipeN.dn_rdq_reg[2047][1198]
    SLR Crossing[2->1]   
    SLICE_X104Y458       LUT5 (Prop_H6LUT_SLICEM_I0_O)
                                                      0.125     2.331 f  u_dn/p_1_out__22__2_i_2/O
                         net (fo=3, estimated)        1.484     3.815    u_dn_n_561
    SLICE_X138Y403       FDRE                                         f  g_dnpipeN.dn_rdq_reg[1198]/D
  -------------------------------------------------------------------    -------------------

                         (clock aclk rise edge)       4.000     4.000 r  
                                                      0.000     4.000 r  aclk (IN)
                         net (fo=96076, unset)        0.021     4.021    aclk
    SLICE_X138Y403       FDRE                                         r  g_dnpipeN.dn_rdq_reg[1198]/C
                         clock pessimism              0.000     4.021    
                         inter-SLR compensation      -0.003     4.018    
                         clock uncertainty           -0.035     3.982    
    SLICE_X138Y403       FDRE (Setup_AFF2_SLICEM_C_D)
                                                      0.025     4.007    g_dnpipeN.dn_rdq_reg[1198]
  -------------------------------------------------------------------
                         required time                          4.007    
                         arrival time                          -3.815    
  -------------------------------------------------------------------
                         slack                                  0.192    

Slack (MET) :             0.210ns  (required time - arrival time)
  Source:                 g_dnpipeN.g_grp[2].rq_p_reg[1][1647]/C
                            (rising edge-triggered cell FDRE clocked by aclk  {rise@0.000ns fall@2.000ns period=4.000ns})
  Destination:            g_dnpipeN.dn_rdq_reg[1647]/D
                            (rising edge-triggered cell FDRE clocked by aclk  {rise@0.000ns fall@2.000ns period=4.000ns})
  Path Group:             aclk
  Path Type:              Setup (Max at Slow Process Corner)
  Requirement:            4.000ns  (aclk rise@4.000ns - aclk rise@0.000ns)
  Data Path Delay:        3.769ns  (logic 0.204ns (5.413%)  route 3.565ns (94.587%))
  Logic Levels:           1  (LUT5=1)
  Clock Path Skew:        -0.008ns (DCD - SCD + CPR)
    Destination Clock Delay (DCD):    0.020ns = ( 4.020 - 4.000 ) 
    Source Clock Delay      (SCD):    0.028ns
    Clock Pessimism Removal (CPR):    0.000ns
  Clock Uncertainty:      0.035ns  ((TSJ^2 + TIJ^2)^1/2 + DJ) / 2 + PE
    Total System Jitter     (TSJ):    0.071ns
    Total Input Jitter      (TIJ):    0.000ns
    Discrete Jitter          (DJ):    0.000ns
    Phase Error              (PE):    0.000ns
  Inter-SLR Compensation: 0.003ns  (DCD * PF)
    Destination Clock Delay (DCD):    0.020ns
    Prorating Factor         (PF):    0.150

    Location             Delay type                Incr(ns)  Path(ns)    Netlist Resource(s)
  -------------------------------------------------------------------    -------------------
                         (clock aclk rise edge)       0.000     0.000 r  
                                                      0.000     0.000 r  aclk (IN)
                         net (fo=96076, unset)        0.028     0.028    aclk
    SLICE_X103Y606       FDRE                                         r  g_dnpipeN.g_grp[2].rq_p_reg[1][1647]/C
  -------------------------------------------------------------------    -------------------
    SLICE_X103Y606       FDRE (Prop_AFF_SLICEL_C_Q)
                                                      0.079     0.107 r  g_dnpipeN.g_grp[2].rq_p_reg[1][1647]/Q
                         net (fo=1, estimated)        2.684     2.791    u_dn/g_dnpipeN.dn_rdq_reg[2047][1647]
    SLR Crossing[2->1]   
    SLICE_X108Y325       LUT5 (Prop_H6LUT_SLICEM_I0_O)
                                                      0.125     2.916 r  u_dn/p_1_out__11__7_i_1/O
                         net (fo=3, estimated)        0.881     3.797    u_dn_n_960
    SLICE_X118Y325       FDRE                                         r  g_dnpipeN.dn_rdq_reg[1647]/D
  -------------------------------------------------------------------    -------------------

                         (clock aclk rise edge)       4.000     4.000 r  
                                                      0.000     4.000 r  aclk (IN)
                         net (fo=96076, unset)        0.020     4.020    aclk
    SLICE_X118Y325       FDRE                                         r  g_dnpipeN.dn_rdq_reg[1647]/C
                         clock pessimism              0.000     4.020    
                         inter-SLR compensation      -0.003     4.017    
                         clock uncertainty           -0.035     3.982    
    SLICE_X118Y325       FDRE (Setup_EFF2_SLICEL_C_D)
                                                      0.025     4.007    g_dnpipeN.dn_rdq_reg[1647]
  -------------------------------------------------------------------
                         required time                          4.007    
                         arrival time                          -3.797    
  -------------------------------------------------------------------
                         slack                                  0.210    

Slack (MET) :             0.210ns  (required time - arrival time)
  Source:                 g_dnpipeN.g_grp[2].rq_p_reg[1][1647]/C
                            (rising edge-triggered cell FDRE clocked by aclk  {rise@0.000ns fall@2.000ns period=4.000ns})
  Destination:            g_dnpipeN.dn_rdq_reg[1647]/D
                            (rising edge-triggered cell FDRE clocked by aclk  {rise@0.000ns fall@2.000ns period=4.000ns})
  Path Group:             aclk
  Path Type:              Setup (Max at Slow Process Corner)
  Requirement:            4.000ns  (aclk rise@4.000ns - aclk rise@0.000ns)
  Data Path Delay:        3.769ns  (logic 0.204ns (5.413%)  route 3.565ns (94.587%))
  Logic Levels:           1  (LUT5=1)
  Clock Path Skew:        -0.008ns (DCD - SCD + CPR)
    Destination Clock Delay (DCD):    0.020ns = ( 4.020 - 4.000 ) 
    Source Clock Delay      (SCD):    0.028ns
    Clock Pessimism Removal (CPR):    0.000ns
  Clock Uncertainty:      0.035ns  ((TSJ^2 + TIJ^2)^1/2 + DJ) / 2 + PE
    Total System Jitter     (TSJ):    0.071ns
    Total Input Jitter      (TIJ):    0.000ns
    Discrete Jitter          (DJ):    0.000ns
    Phase Error              (PE):    0.000ns
  Inter-SLR Compensation: 0.003ns  (DCD * PF)
    Destination Clock Delay (DCD):    0.020ns
    Prorating Factor         (PF):    0.150

    Location             Delay type                Incr(ns)  Path(ns)    Netlist Resource(s)
  -------------------------------------------------------------------    -------------------
                         (clock aclk rise edge)       0.000     0.000 r  
                                                      0.000     0.000 r  aclk (IN)
                         net (fo=96076, unset)        0.028     0.028    aclk
    SLICE_X103Y606       FDRE                                         r  g_dnpipeN.g_grp[2].rq_p_reg[1][1647]/C
  -------------------------------------------------------------------    -------------------
    SLICE_X103Y606       FDRE (Prop_AFF_SLICEL_C_Q)
                                                      0.079     0.107 f  g_dnpipeN.g_grp[2].rq_p_reg[1][1647]/Q
                         net (fo=1, estimated)        2.684     2.791    u_dn/g_dnpipeN.dn_rdq_reg[2047][1647]
    SLR Crossing[2->1]   
    SLICE_X108Y325       LUT5 (Prop_H6LUT_SLICEM_I0_O)
                                                      0.125     2.916 f  u_dn/p_1_out__11__7_i_1/O
                         net (fo=3, estimated)        0.881     3.797    u_dn_n_960
    SLICE_X118Y325       FDRE                                         f  g_dnpipeN.dn_rdq_reg[1647]/D
  -------------------------------------------------------------------    -------------------

                         (clock aclk rise edge)       4.000     4.000 r  
                                                      0.000     4.000 r  aclk (IN)
                         net (fo=96076, unset)        0.020     4.020    aclk
    SLICE_X118Y325       FDRE                                         r  g_dnpipeN.dn_rdq_reg[1647]/C
                         clock pessimism              0.000     4.020    
                         inter-SLR compensation      -0.003     4.017    
                         clock uncertainty           -0.035     3.982    
    SLICE_X118Y325       FDRE (Setup_EFF2_SLICEL_C_D)
                                                      0.025     4.007    g_dnpipeN.dn_rdq_reg[1647]
  -------------------------------------------------------------------
                         required time                          4.007    
                         arrival time                          -3.797    
  -------------------------------------------------------------------
                         slack                                  0.210    

Slack (MET) :             0.235ns  (required time - arrival time)
  Source:                 g_dnpipeN.g_grp[2].rq_p_reg[1][1888]/C
                            (rising edge-triggered cell FDRE clocked by aclk  {rise@0.000ns fall@2.000ns period=4.000ns})
  Destination:            g_dnpipeN.dn_rdq_reg[1888]/D
                            (rising edge-triggered cell FDRE clocked by aclk  {rise@0.000ns fall@2.000ns period=4.000ns})
  Path Group:             aclk
  Path Type:              Setup (Max at Slow Process Corner)
  Requirement:            4.000ns  (aclk rise@4.000ns - aclk rise@0.000ns)
  Data Path Delay:        3.743ns  (logic 0.205ns (5.477%)  route 3.538ns (94.523%))
  Logic Levels:           1  (LUT5=1)
  Clock Path Skew:        -0.009ns (DCD - SCD + CPR)
    Destination Clock Delay (DCD):    0.020ns = ( 4.020 - 4.000 ) 
    Source Clock Delay      (SCD):    0.029ns
    Clock Pessimism Removal (CPR):    0.000ns
  Clock Uncertainty:      0.035ns  ((TSJ^2 + TIJ^2)^1/2 + DJ) / 2 + PE
    Total System Jitter     (TSJ):    0.071ns
    Total Input Jitter      (TIJ):    0.000ns
    Discrete Jitter          (DJ):    0.000ns
    Phase Error              (PE):    0.000ns
  Inter-SLR Compensation: 0.003ns  (DCD * PF)
    Destination Clock Delay (DCD):    0.020ns
    Prorating Factor         (PF):    0.150

    Location             Delay type                Incr(ns)  Path(ns)    Netlist Resource(s)
  -------------------------------------------------------------------    -------------------
                         (clock aclk rise edge)       0.000     0.000 r  
                                                      0.000     0.000 r  aclk (IN)
                         net (fo=96076, unset)        0.029     0.029    aclk
    SLICE_X61Y604        FDRE                                         r  g_dnpipeN.g_grp[2].rq_p_reg[1][1888]/C
  -------------------------------------------------------------------    -------------------
    SLICE_X61Y604        FDRE (Prop_EFF2_SLICEL_C_Q)
                                                      0.081     0.110 r  g_dnpipeN.g_grp[2].rq_p_reg[1][1888]/Q
                         net (fo=1, estimated)        2.433     2.543    u_dn/g_dnpipeN.dn_rdq_reg[2047][1888]
    SLR Crossing[2->1]   
    SLICE_X54Y449        LUT5 (Prop_H6LUT_SLICEL_I0_O)
                                                      0.124     2.667 r  u_dn/p_1_out__1__14_i_16/O
                         net (fo=3, estimated)        1.105     3.772    u_dn_n_1599
    SLICE_X49Y349        FDRE                                         r  g_dnpipeN.dn_rdq_reg[1888]/D
  -------------------------------------------------------------------    -------------------

                         (clock aclk rise edge)       4.000     4.000 r  
                                                      0.000     4.000 r  aclk (IN)
                         net (fo=96076, unset)        0.020     4.020    aclk
    SLICE_X49Y349        FDRE                                         r  g_dnpipeN.dn_rdq_reg[1888]/C
                         clock pessimism              0.000     4.020    
                         inter-SLR compensation      -0.003     4.017    
                         clock uncertainty           -0.035     3.982    
    SLICE_X49Y349        FDRE (Setup_EFF_SLICEL_C_D)
                                                      0.025     4.007    g_dnpipeN.dn_rdq_reg[1888]
  -------------------------------------------------------------------
                         required time                          4.007    
                         arrival time                          -3.772    
  -------------------------------------------------------------------
                         slack                                  0.235    

Slack (MET) :             0.235ns  (required time - arrival time)
  Source:                 g_dnpipeN.g_grp[2].rq_p_reg[1][1888]/C
                            (rising edge-triggered cell FDRE clocked by aclk  {rise@0.000ns fall@2.000ns period=4.000ns})
  Destination:            g_dnpipeN.dn_rdq_reg[1888]/D
                            (rising edge-triggered cell FDRE clocked by aclk  {rise@0.000ns fall@2.000ns period=4.000ns})
  Path Group:             aclk
  Path Type:              Setup (Max at Slow Process Corner)
  Requirement:            4.000ns  (aclk rise@4.000ns - aclk rise@0.000ns)
  Data Path Delay:        3.743ns  (logic 0.205ns (5.477%)  route 3.538ns (94.523%))
  Logic Levels:           1  (LUT5=1)
  Clock Path Skew:        -0.009ns (DCD - SCD + CPR)
    Destination Clock Delay (DCD):    0.020ns = ( 4.020 - 4.000 ) 
    Source Clock Delay      (SCD):    0.029ns
    Clock Pessimism Removal (CPR):    0.000ns
  Clock Uncertainty:      0.035ns  ((TSJ^2 + TIJ^2)^1/2 + DJ) / 2 + PE
    Total System Jitter     (TSJ):    0.071ns
    Total Input Jitter      (TIJ):    0.000ns
    Discrete Jitter          (DJ):    0.000ns
    Phase Error              (PE):    0.000ns
  Inter-SLR Compensation: 0.003ns  (DCD * PF)
    Destination Clock Delay (DCD):    0.020ns
    Prorating Factor         (PF):    0.150

    Location             Delay type                Incr(ns)  Path(ns)    Netlist Resource(s)
  -------------------------------------------------------------------    -------------------
                         (clock aclk rise edge)       0.000     0.000 r  
                                                      0.000     0.000 r  aclk (IN)
                         net (fo=96076, unset)        0.029     0.029    aclk
    SLICE_X61Y604        FDRE                                         r  g_dnpipeN.g_grp[2].rq_p_reg[1][1888]/C
  -------------------------------------------------------------------    -------------------
    SLICE_X61Y604        FDRE (Prop_EFF2_SLICEL_C_Q)
                                                      0.081     0.110 f  g_dnpipeN.g_grp[2].rq_p_reg[1][1888]/Q
                         net (fo=1, estimated)        2.433     2.543    u_dn/g_dnpipeN.dn_rdq_reg[2047][1888]
    SLR Crossing[2->1]   
    SLICE_X54Y449        LUT5 (Prop_H6LUT_SLICEL_I0_O)
                                                      0.124     2.667 f  u_dn/p_1_out__1__14_i_16/O
                         net (fo=3, estimated)        1.105     3.772    u_dn_n_1599
    SLICE_X49Y349        FDRE                                         f  g_dnpipeN.dn_rdq_reg[1888]/D
  -------------------------------------------------------------------    -------------------

                         (clock aclk rise edge)       4.000     4.000 r  
                                                      0.000     4.000 r  aclk (IN)
                         net (fo=96076, unset)        0.020     4.020    aclk
    SLICE_X49Y349        FDRE                                         r  g_dnpipeN.dn_rdq_reg[1888]/C
                         clock pessimism              0.000     4.020    
                         inter-SLR compensation      -0.003     4.017    
                         clock uncertainty           -0.035     3.982    
    SLICE_X49Y349        FDRE (Setup_EFF_SLICEL_C_D)
                                                      0.025     4.007    g_dnpipeN.dn_rdq_reg[1888]
  -------------------------------------------------------------------
                         required time                          4.007    
                         arrival time                          -3.772    
  -------------------------------------------------------------------
                         slack                                  0.235    




