Copyright 1986-2022 Xilinx, Inc. All Rights Reserved. Copyright 2022-2024 Advanced Micro Devices, Inc. All Rights Reserved.
-------------------------------------------------------------------------------------------------------------------------------------------------------------------------------------------------------------------------------------------------------
| Tool Version      : Vivado v.2024.2 (lin64) Build 5239630 Fri Nov 08 22:34:34 MST 2024
| Date              : Fri Sep  4 00:03:36 2026
| Host              : snoke running 64-bit Ubuntu 24.04.4 LTS
| Command           : report_timing -to [get_cells -quiet -hier -filter {REF_NAME =~ URAM288* && NAME =~ *g_kv*}] -max_paths 20 -nworst 20 -setup -file /home/cah/r2d2/code/fpga/fable5_llm/synth/out_exp_uram_g5_v2/reports/kv_write_fanout_paths.rpt
| Design            : layer_chan
| Device            : xcvu9p-fsgd2104
| Speed File        : -2L  PRODUCTION 1.28 03-30-2022
| Design State      : Fully Placed
| Temperature Grade : E
-------------------------------------------------------------------------------------------------------------------------------------------------------------------------------------------------------------------------------------------------------

Timing Report

Slack (VIOLATED) :        -0.831ns  (required time - arrival time)
  Source:                 kv_layer_r_reg[0]/C
                            (rising edge-triggered cell FDRE clocked by aclk  {rise@0.000ns fall@2.000ns period=4.000ns})
  Destination:            g_kv[2].mem_reg_uram_22/BWE_B[3]
                            (rising edge-triggered cell URAM288 clocked by aclk  {rise@0.000ns fall@2.000ns period=4.000ns})
  Path Group:             aclk
  Path Type:              Setup (Max at Slow Process Corner)
  Requirement:            4.000ns  (aclk rise@4.000ns - aclk rise@0.000ns)
  Data Path Delay:        4.412ns  (logic 0.169ns (3.830%)  route 4.243ns (96.170%))
  Logic Levels:           1  (LUT4=1)
  Clock Path Skew:        0.036ns (DCD - SCD + CPR)
    Destination Clock Delay (DCD):    0.064ns = ( 4.064 - 4.000 ) 
    Source Clock Delay      (SCD):    0.028ns
    Clock Pessimism Removal (CPR):    0.000ns
  Clock Uncertainty:      0.035ns  ((TSJ^2 + TIJ^2)^1/2 + DJ) / 2 + PE
    Total System Jitter     (TSJ):    0.071ns
    Total Input Jitter      (TIJ):    0.000ns
    Discrete Jitter          (DJ):    0.000ns
    Phase Error              (PE):    0.000ns
  Inter-SLR Compensation: 0.010ns  (DCD * PF)
    Destination Clock Delay (DCD):    0.064ns
    Prorating Factor         (PF):    0.150

    Location             Delay type                Incr(ns)  Path(ns)    Netlist Resource(s)
  -------------------------------------------------------------------    -------------------
                         (clock aclk rise edge)       0.000     0.000 r  
                                                      0.000     0.000 r  aclk (IN)
                         net (fo=94696, unset)        0.028     0.028    aclk
    SLICE_X61Y558        FDRE                                         r  kv_layer_r_reg[0]/C
  -------------------------------------------------------------------    -------------------
    SLICE_X61Y558        FDRE (Prop_CFF_SLICEL_C_Q)
                                                      0.079     0.107 f  kv_layer_r_reg[0]/Q
                         net (fo=122, estimated)      0.135     0.242    kv_bsel[0]
    SLICE_X61Y558        LUT4 (Prop_B6LUT_SLICEL_I1_O)
                                                      0.090     0.332 r  g_kv[2].mem_reg_uram_0_i_1/O
                         net (fo=265, estimated)      4.108     4.440    g_kv[2].mem_reg_uram_0_i_1_n_0
    SLR Crossing[1->0]   
    URAM288_X3Y77        URAM288                                      r  g_kv[2].mem_reg_uram_22/BWE_B[3]
  -------------------------------------------------------------------    -------------------

                         (clock aclk rise edge)       4.000     4.000 r  
                                                      0.000     4.000 r  aclk (IN)
                         net (fo=94696, unset)        0.064     4.064    aclk
    URAM288_X3Y77        URAM288                                      r  g_kv[2].mem_reg_uram_22/CLK
                         clock pessimism              0.000     4.064    
                         inter-SLR compensation      -0.010     4.054    
                         clock uncertainty           -0.035     4.019    
    URAM288_X3Y77        URAM288 (Setup_URAM_288K_INST_URAM288_CLK_BWE_B[3])
                                                     -0.410     3.609    g_kv[2].mem_reg_uram_22
  -------------------------------------------------------------------
                         required time                          3.609    
                         arrival time                          -4.440    
  -------------------------------------------------------------------
                         slack                                 -0.831    

Slack (VIOLATED) :        -0.831ns  (required time - arrival time)
  Source:                 kv_layer_r_reg[0]/C
                            (rising edge-triggered cell FDRE clocked by aclk  {rise@0.000ns fall@2.000ns period=4.000ns})
  Destination:            g_kv[2].mem_reg_uram_22/BWE_B[3]
                            (rising edge-triggered cell URAM288 clocked by aclk  {rise@0.000ns fall@2.000ns period=4.000ns})
  Path Group:             aclk
  Path Type:              Setup (Max at Slow Process Corner)
  Requirement:            4.000ns  (aclk rise@4.000ns - aclk rise@0.000ns)
  Data Path Delay:        4.412ns  (logic 0.169ns (3.830%)  route 4.243ns (96.170%))
  Logic Levels:           1  (LUT4=1)
  Clock Path Skew:        0.036ns (DCD - SCD + CPR)
    Destination Clock Delay (DCD):    0.064ns = ( 4.064 - 4.000 ) 
    Source Clock Delay      (SCD):    0.028ns
    Clock Pessimism Removal (CPR):    0.000ns
  Clock Uncertainty:      0.035ns  ((TSJ^2 + TIJ^2)^1/2 + DJ) / 2 + PE
    Total System Jitter     (TSJ):    0.071ns
    Total Input Jitter      (TIJ):    0.000ns
    Discrete Jitter          (DJ):    0.000ns
    Phase Error              (PE):    0.000ns
  Inter-SLR Compensation: 0.010ns  (DCD * PF)
    Destination Clock Delay (DCD):    0.064ns
    Prorating Factor         (PF):    0.150

    Location             Delay type                Incr(ns)  Path(ns)    Netlist Resource(s)
  -------------------------------------------------------------------    -------------------
                         (clock aclk rise edge)       0.000     0.000 r  
                                                      0.000     0.000 r  aclk (IN)
                         net (fo=94696, unset)        0.028     0.028    aclk
    SLICE_X61Y558        FDRE                                         r  kv_layer_r_reg[0]/C
  -------------------------------------------------------------------    -------------------
    SLICE_X61Y558        FDRE (Prop_CFF_SLICEL_C_Q)
                                                      0.079     0.107 r  kv_layer_r_reg[0]/Q
                         net (fo=122, estimated)      0.135     0.242    kv_bsel[0]
    SLICE_X61Y558        LUT4 (Prop_B6LUT_SLICEL_I1_O)
                                                      0.090     0.332 f  g_kv[2].mem_reg_uram_0_i_1/O
                         net (fo=265, estimated)      4.108     4.440    g_kv[2].mem_reg_uram_0_i_1_n_0
    SLR Crossing[1->0]   
    URAM288_X3Y77        URAM288                                      f  g_kv[2].mem_reg_uram_22/BWE_B[3]
  -------------------------------------------------------------------    -------------------

                         (clock aclk rise edge)       4.000     4.000 r  
                                                      0.000     4.000 r  aclk (IN)
                         net (fo=94696, unset)        0.064     4.064    aclk
    URAM288_X3Y77        URAM288                                      r  g_kv[2].mem_reg_uram_22/CLK
                         clock pessimism              0.000     4.064    
                         inter-SLR compensation      -0.010     4.054    
                         clock uncertainty           -0.035     4.019    
    URAM288_X3Y77        URAM288 (Setup_URAM_288K_INST_URAM288_CLK_BWE_B[3])
                                                     -0.410     3.609    g_kv[2].mem_reg_uram_22
  -------------------------------------------------------------------
                         required time                          3.609    
                         arrival time                          -4.440    
  -------------------------------------------------------------------
                         slack                                 -0.831    

Slack (VIOLATED) :        -0.828ns  (required time - arrival time)
  Source:                 kv_layer_r_reg[0]/C
                            (rising edge-triggered cell FDRE clocked by aclk  {rise@0.000ns fall@2.000ns period=4.000ns})
  Destination:            g_kv[2].mem_reg_uram_22/BWE_B[1]
                            (rising edge-triggered cell URAM288 clocked by aclk  {rise@0.000ns fall@2.000ns period=4.000ns})
  Path Group:             aclk
  Path Type:              Setup (Max at Slow Process Corner)
  Requirement:            4.000ns  (aclk rise@4.000ns - aclk rise@0.000ns)
  Data Path Delay:        4.409ns  (logic 0.169ns (3.833%)  route 4.240ns (96.167%))
  Logic Levels:           1  (LUT4=1)
  Clock Path Skew:        0.036ns (DCD - SCD + CPR)
    Destination Clock Delay (DCD):    0.064ns = ( 4.064 - 4.000 ) 
    Source Clock Delay      (SCD):    0.028ns
    Clock Pessimism Removal (CPR):    0.000ns
  Clock Uncertainty:      0.035ns  ((TSJ^2 + TIJ^2)^1/2 + DJ) / 2 + PE
    Total System Jitter     (TSJ):    0.071ns
    Total Input Jitter      (TIJ):    0.000ns
    Discrete Jitter          (DJ):    0.000ns
    Phase Error              (PE):    0.000ns
  Inter-SLR Compensation: 0.010ns  (DCD * PF)
    Destination Clock Delay (DCD):    0.064ns
    Prorating Factor         (PF):    0.150

    Location             Delay type                Incr(ns)  Path(ns)    Netlist Resource(s)
  -------------------------------------------------------------------    -------------------
                         (clock aclk rise edge)       0.000     0.000 r  
                                                      0.000     0.000 r  aclk (IN)
                         net (fo=94696, unset)        0.028     0.028    aclk
    SLICE_X61Y558        FDRE                                         r  kv_layer_r_reg[0]/C
  -------------------------------------------------------------------    -------------------
    SLICE_X61Y558        FDRE (Prop_CFF_SLICEL_C_Q)
                                                      0.079     0.107 f  kv_layer_r_reg[0]/Q
                         net (fo=122, estimated)      0.135     0.242    kv_bsel[0]
    SLICE_X61Y558        LUT4 (Prop_B6LUT_SLICEL_I1_O)
                                                      0.090     0.332 r  g_kv[2].mem_reg_uram_0_i_1/O
                         net (fo=265, estimated)      4.105     4.437    g_kv[2].mem_reg_uram_0_i_1_n_0
    SLR Crossing[1->0]   
    URAM288_X3Y77        URAM288                                      r  g_kv[2].mem_reg_uram_22/BWE_B[1]
  -------------------------------------------------------------------    -------------------

                         (clock aclk rise edge)       4.000     4.000 r  
                                                      0.000     4.000 r  aclk (IN)
                         net (fo=94696, unset)        0.064     4.064    aclk
    URAM288_X3Y77        URAM288                                      r  g_kv[2].mem_reg_uram_22/CLK
                         clock pessimism              0.000     4.064    
                         inter-SLR compensation      -0.010     4.054    
                         clock uncertainty           -0.035     4.019    
    URAM288_X3Y77        URAM288 (Setup_URAM_288K_INST_URAM288_CLK_BWE_B[1])
                                                     -0.410     3.609    g_kv[2].mem_reg_uram_22
  -------------------------------------------------------------------
                         required time                          3.609    
                         arrival time                          -4.437    
  -------------------------------------------------------------------
                         slack                                 -0.828    

Slack (VIOLATED) :        -0.828ns  (required time - arrival time)
  Source:                 kv_layer_r_reg[0]/C
                            (rising edge-triggered cell FDRE clocked by aclk  {rise@0.000ns fall@2.000ns period=4.000ns})
  Destination:            g_kv[2].mem_reg_uram_22/BWE_B[1]
                            (rising edge-triggered cell URAM288 clocked by aclk  {rise@0.000ns fall@2.000ns period=4.000ns})
  Path Group:             aclk
  Path Type:              Setup (Max at Slow Process Corner)
  Requirement:            4.000ns  (aclk rise@4.000ns - aclk rise@0.000ns)
  Data Path Delay:        4.409ns  (logic 0.169ns (3.833%)  route 4.240ns (96.167%))
  Logic Levels:           1  (LUT4=1)
  Clock Path Skew:        0.036ns (DCD - SCD + CPR)
    Destination Clock Delay (DCD):    0.064ns = ( 4.064 - 4.000 ) 
    Source Clock Delay      (SCD):    0.028ns
    Clock Pessimism Removal (CPR):    0.000ns
  Clock Uncertainty:      0.035ns  ((TSJ^2 + TIJ^2)^1/2 + DJ) / 2 + PE
    Total System Jitter     (TSJ):    0.071ns
    Total Input Jitter      (TIJ):    0.000ns
    Discrete Jitter          (DJ):    0.000ns
    Phase Error              (PE):    0.000ns
  Inter-SLR Compensation: 0.010ns  (DCD * PF)
    Destination Clock Delay (DCD):    0.064ns
    Prorating Factor         (PF):    0.150

    Location             Delay type                Incr(ns)  Path(ns)    Netlist Resource(s)
  -------------------------------------------------------------------    -------------------
                         (clock aclk rise edge)       0.000     0.000 r  
                                                      0.000     0.000 r  aclk (IN)
                         net (fo=94696, unset)        0.028     0.028    aclk
    SLICE_X61Y558        FDRE                                         r  kv_layer_r_reg[0]/C
  -------------------------------------------------------------------    -------------------
    SLICE_X61Y558        FDRE (Prop_CFF_SLICEL_C_Q)
                                                      0.079     0.107 r  kv_layer_r_reg[0]/Q
                         net (fo=122, estimated)      0.135     0.242    kv_bsel[0]
    SLICE_X61Y558        LUT4 (Prop_B6LUT_SLICEL_I1_O)
                                                      0.090     0.332 f  g_kv[2].mem_reg_uram_0_i_1/O
                         net (fo=265, estimated)      4.105     4.437    g_kv[2].mem_reg_uram_0_i_1_n_0
    SLR Crossing[1->0]   
    URAM288_X3Y77        URAM288                                      f  g_kv[2].mem_reg_uram_22/BWE_B[1]
  -------------------------------------------------------------------    -------------------

                         (clock aclk rise edge)       4.000     4.000 r  
                                                      0.000     4.000 r  aclk (IN)
                         net (fo=94696, unset)        0.064     4.064    aclk
    URAM288_X3Y77        URAM288                                      r  g_kv[2].mem_reg_uram_22/CLK
                         clock pessimism              0.000     4.064    
                         inter-SLR compensation      -0.010     4.054    
                         clock uncertainty           -0.035     4.019    
    URAM288_X3Y77        URAM288 (Setup_URAM_288K_INST_URAM288_CLK_BWE_B[1])
                                                     -0.410     3.609    g_kv[2].mem_reg_uram_22
  -------------------------------------------------------------------
                         required time                          3.609    
                         arrival time                          -4.437    
  -------------------------------------------------------------------
                         slack                                 -0.828    

Slack (VIOLATED) :        -0.828ns  (required time - arrival time)
  Source:                 kv_layer_r_reg[0]/C
                            (rising edge-triggered cell FDRE clocked by aclk  {rise@0.000ns fall@2.000ns period=4.000ns})
  Destination:            g_kv[2].mem_reg_uram_22/BWE_B[2]
                            (rising edge-triggered cell URAM288 clocked by aclk  {rise@0.000ns fall@2.000ns period=4.000ns})
  Path Group:             aclk
  Path Type:              Setup (Max at Slow Process Corner)
  Requirement:            4.000ns  (aclk rise@4.000ns - aclk rise@0.000ns)
  Data Path Delay:        4.409ns  (logic 0.169ns (3.833%)  route 4.240ns (96.167%))
  Logic Levels:           1  (LUT4=1)
  Clock Path Skew:        0.036ns (DCD - SCD + CPR)
    Destination Clock Delay (DCD):    0.064ns = ( 4.064 - 4.000 ) 
    Source Clock Delay      (SCD):    0.028ns
    Clock Pessimism Removal (CPR):    0.000ns
  Clock Uncertainty:      0.035ns  ((TSJ^2 + TIJ^2)^1/2 + DJ) / 2 + PE
    Total System Jitter     (TSJ):    0.071ns
    Total Input Jitter      (TIJ):    0.000ns
    Discrete Jitter          (DJ):    0.000ns
    Phase Error              (PE):    0.000ns
  Inter-SLR Compensation: 0.010ns  (DCD * PF)
    Destination Clock Delay (DCD):    0.064ns
    Prorating Factor         (PF):    0.150

    Location             Delay type                Incr(ns)  Path(ns)    Netlist Resource(s)
  -------------------------------------------------------------------    -------------------
                         (clock aclk rise edge)       0.000     0.000 r  
                                                      0.000     0.000 r  aclk (IN)
                         net (fo=94696, unset)        0.028     0.028    aclk
    SLICE_X61Y558        FDRE                                         r  kv_layer_r_reg[0]/C
  -------------------------------------------------------------------    -------------------
    SLICE_X61Y558        FDRE (Prop_CFF_SLICEL_C_Q)
                                                      0.079     0.107 f  kv_layer_r_reg[0]/Q
                         net (fo=122, estimated)      0.135     0.242    kv_bsel[0]
    SLICE_X61Y558        LUT4 (Prop_B6LUT_SLICEL_I1_O)
                                                      0.090     0.332 r  g_kv[2].mem_reg_uram_0_i_1/O
                         net (fo=265, estimated)      4.105     4.437    g_kv[2].mem_reg_uram_0_i_1_n_0
    SLR Crossing[1->0]   
    URAM288_X3Y77        URAM288                                      r  g_kv[2].mem_reg_uram_22/BWE_B[2]
  -------------------------------------------------------------------    -------------------

                         (clock aclk rise edge)       4.000     4.000 r  
                                                      0.000     4.000 r  aclk (IN)
                         net (fo=94696, unset)        0.064     4.064    aclk
    URAM288_X3Y77        URAM288                                      r  g_kv[2].mem_reg_uram_22/CLK
                         clock pessimism              0.000     4.064    
                         inter-SLR compensation      -0.010     4.054    
                         clock uncertainty           -0.035     4.019    
    URAM288_X3Y77        URAM288 (Setup_URAM_288K_INST_URAM288_CLK_BWE_B[2])
                                                     -0.410     3.609    g_kv[2].mem_reg_uram_22
  -------------------------------------------------------------------
                         required time                          3.609    
                         arrival time                          -4.437    
  -------------------------------------------------------------------
                         slack                                 -0.828    

Slack (VIOLATED) :        -0.828ns  (required time - arrival time)
  Source:                 kv_layer_r_reg[0]/C
                            (rising edge-triggered cell FDRE clocked by aclk  {rise@0.000ns fall@2.000ns period=4.000ns})
  Destination:            g_kv[2].mem_reg_uram_22/BWE_B[2]
                            (rising edge-triggered cell URAM288 clocked by aclk  {rise@0.000ns fall@2.000ns period=4.000ns})
  Path Group:             aclk
  Path Type:              Setup (Max at Slow Process Corner)
  Requirement:            4.000ns  (aclk rise@4.000ns - aclk rise@0.000ns)
  Data Path Delay:        4.409ns  (logic 0.169ns (3.833%)  route 4.240ns (96.167%))
  Logic Levels:           1  (LUT4=1)
  Clock Path Skew:        0.036ns (DCD - SCD + CPR)
    Destination Clock Delay (DCD):    0.064ns = ( 4.064 - 4.000 ) 
    Source Clock Delay      (SCD):    0.028ns
    Clock Pessimism Removal (CPR):    0.000ns
  Clock Uncertainty:      0.035ns  ((TSJ^2 + TIJ^2)^1/2 + DJ) / 2 + PE
    Total System Jitter     (TSJ):    0.071ns
    Total Input Jitter      (TIJ):    0.000ns
    Discrete Jitter          (DJ):    0.000ns
    Phase Error              (PE):    0.000ns
  Inter-SLR Compensation: 0.010ns  (DCD * PF)
    Destination Clock Delay (DCD):    0.064ns
    Prorating Factor         (PF):    0.150

    Location             Delay type                Incr(ns)  Path(ns)    Netlist Resource(s)
  -------------------------------------------------------------------    -------------------
                         (clock aclk rise edge)       0.000     0.000 r  
                                                      0.000     0.000 r  aclk (IN)
                         net (fo=94696, unset)        0.028     0.028    aclk
    SLICE_X61Y558        FDRE                                         r  kv_layer_r_reg[0]/C
  -------------------------------------------------------------------    -------------------
    SLICE_X61Y558        FDRE (Prop_CFF_SLICEL_C_Q)
                                                      0.079     0.107 r  kv_layer_r_reg[0]/Q
                         net (fo=122, estimated)      0.135     0.242    kv_bsel[0]
    SLICE_X61Y558        LUT4 (Prop_B6LUT_SLICEL_I1_O)
                                                      0.090     0.332 f  g_kv[2].mem_reg_uram_0_i_1/O
                         net (fo=265, estimated)      4.105     4.437    g_kv[2].mem_reg_uram_0_i_1_n_0
    SLR Crossing[1->0]   
    URAM288_X3Y77        URAM288                                      f  g_kv[2].mem_reg_uram_22/BWE_B[2]
  -------------------------------------------------------------------    -------------------

                         (clock aclk rise edge)       4.000     4.000 r  
                                                      0.000     4.000 r  aclk (IN)
                         net (fo=94696, unset)        0.064     4.064    aclk
    URAM288_X3Y77        URAM288                                      r  g_kv[2].mem_reg_uram_22/CLK
                         clock pessimism              0.000     4.064    
                         inter-SLR compensation      -0.010     4.054    
                         clock uncertainty           -0.035     4.019    
    URAM288_X3Y77        URAM288 (Setup_URAM_288K_INST_URAM288_CLK_BWE_B[2])
                                                     -0.410     3.609    g_kv[2].mem_reg_uram_22
  -------------------------------------------------------------------
                         required time                          3.609    
                         arrival time                          -4.437    
  -------------------------------------------------------------------
                         slack                                 -0.828    

Slack (VIOLATED) :        -0.826ns  (required time - arrival time)
  Source:                 kv_layer_r_reg[0]/C
                            (rising edge-triggered cell FDRE clocked by aclk  {rise@0.000ns fall@2.000ns period=4.000ns})
  Destination:            g_kv[2].mem_reg_uram_22/BWE_B[5]
                            (rising edge-triggered cell URAM288 clocked by aclk  {rise@0.000ns fall@2.000ns period=4.000ns})
  Path Group:             aclk
  Path Type:              Setup (Max at Slow Process Corner)
  Requirement:            4.000ns  (aclk rise@4.000ns - aclk rise@0.000ns)
  Data Path Delay:        4.407ns  (logic 0.169ns (3.835%)  route 4.238ns (96.165%))
  Logic Levels:           1  (LUT4=1)
  Clock Path Skew:        0.036ns (DCD - SCD + CPR)
    Destination Clock Delay (DCD):    0.064ns = ( 4.064 - 4.000 ) 
    Source Clock Delay      (SCD):    0.028ns
    Clock Pessimism Removal (CPR):    0.000ns
  Clock Uncertainty:      0.035ns  ((TSJ^2 + TIJ^2)^1/2 + DJ) / 2 + PE
    Total System Jitter     (TSJ):    0.071ns
    Total Input Jitter      (TIJ):    0.000ns
    Discrete Jitter          (DJ):    0.000ns
    Phase Error              (PE):    0.000ns
  Inter-SLR Compensation: 0.010ns  (DCD * PF)
    Destination Clock Delay (DCD):    0.064ns
    Prorating Factor         (PF):    0.150

    Location             Delay type                Incr(ns)  Path(ns)    Netlist Resource(s)
  -------------------------------------------------------------------    -------------------
                         (clock aclk rise edge)       0.000     0.000 r  
                                                      0.000     0.000 r  aclk (IN)
                         net (fo=94696, unset)        0.028     0.028    aclk
    SLICE_X61Y558        FDRE                                         r  kv_layer_r_reg[0]/C
  -------------------------------------------------------------------    -------------------
    SLICE_X61Y558        FDRE (Prop_CFF_SLICEL_C_Q)
                                                      0.079     0.107 f  kv_layer_r_reg[0]/Q
                         net (fo=122, estimated)      0.135     0.242    kv_bsel[0]
    SLICE_X61Y558        LUT4 (Prop_B6LUT_SLICEL_I1_O)
                                                      0.090     0.332 r  g_kv[2].mem_reg_uram_0_i_1/O
                         net (fo=265, estimated)      4.103     4.435    g_kv[2].mem_reg_uram_0_i_1_n_0
    SLR Crossing[1->0]   
    URAM288_X3Y77        URAM288                                      r  g_kv[2].mem_reg_uram_22/BWE_B[5]
  -------------------------------------------------------------------    -------------------

                         (clock aclk rise edge)       4.000     4.000 r  
                                                      0.000     4.000 r  aclk (IN)
                         net (fo=94696, unset)        0.064     4.064    aclk
    URAM288_X3Y77        URAM288                                      r  g_kv[2].mem_reg_uram_22/CLK
                         clock pessimism              0.000     4.064    
                         inter-SLR compensation      -0.010     4.054    
                         clock uncertainty           -0.035     4.019    
    URAM288_X3Y77        URAM288 (Setup_URAM_288K_INST_URAM288_CLK_BWE_B[5])
                                                     -0.410     3.609    g_kv[2].mem_reg_uram_22
  -------------------------------------------------------------------
                         required time                          3.609    
                         arrival time                          -4.435    
  -------------------------------------------------------------------
                         slack                                 -0.826    

Slack (VIOLATED) :        -0.826ns  (required time - arrival time)
  Source:                 kv_layer_r_reg[0]/C
                            (rising edge-triggered cell FDRE clocked by aclk  {rise@0.000ns fall@2.000ns period=4.000ns})
  Destination:            g_kv[2].mem_reg_uram_22/BWE_B[5]
                            (rising edge-triggered cell URAM288 clocked by aclk  {rise@0.000ns fall@2.000ns period=4.000ns})
  Path Group:             aclk
  Path Type:              Setup (Max at Slow Process Corner)
  Requirement:            4.000ns  (aclk rise@4.000ns - aclk rise@0.000ns)
  Data Path Delay:        4.407ns  (logic 0.169ns (3.835%)  route 4.238ns (96.165%))
  Logic Levels:           1  (LUT4=1)
  Clock Path Skew:        0.036ns (DCD - SCD + CPR)
    Destination Clock Delay (DCD):    0.064ns = ( 4.064 - 4.000 ) 
    Source Clock Delay      (SCD):    0.028ns
    Clock Pessimism Removal (CPR):    0.000ns
  Clock Uncertainty:      0.035ns  ((TSJ^2 + TIJ^2)^1/2 + DJ) / 2 + PE
    Total System Jitter     (TSJ):    0.071ns
    Total Input Jitter      (TIJ):    0.000ns
    Discrete Jitter          (DJ):    0.000ns
    Phase Error              (PE):    0.000ns
  Inter-SLR Compensation: 0.010ns  (DCD * PF)
    Destination Clock Delay (DCD):    0.064ns
    Prorating Factor         (PF):    0.150

    Location             Delay type                Incr(ns)  Path(ns)    Netlist Resource(s)
  -------------------------------------------------------------------    -------------------
                         (clock aclk rise edge)       0.000     0.000 r  
                                                      0.000     0.000 r  aclk (IN)
                         net (fo=94696, unset)        0.028     0.028    aclk
    SLICE_X61Y558        FDRE                                         r  kv_layer_r_reg[0]/C
  -------------------------------------------------------------------    -------------------
    SLICE_X61Y558        FDRE (Prop_CFF_SLICEL_C_Q)
                                                      0.079     0.107 r  kv_layer_r_reg[0]/Q
                         net (fo=122, estimated)      0.135     0.242    kv_bsel[0]
    SLICE_X61Y558        LUT4 (Prop_B6LUT_SLICEL_I1_O)
                                                      0.090     0.332 f  g_kv[2].mem_reg_uram_0_i_1/O
                         net (fo=265, estimated)      4.103     4.435    g_kv[2].mem_reg_uram_0_i_1_n_0
    SLR Crossing[1->0]   
    URAM288_X3Y77        URAM288                                      f  g_kv[2].mem_reg_uram_22/BWE_B[5]
  -------------------------------------------------------------------    -------------------

                         (clock aclk rise edge)       4.000     4.000 r  
                                                      0.000     4.000 r  aclk (IN)
                         net (fo=94696, unset)        0.064     4.064    aclk
    URAM288_X3Y77        URAM288                                      r  g_kv[2].mem_reg_uram_22/CLK
                         clock pessimism              0.000     4.064    
                         inter-SLR compensation      -0.010     4.054    
                         clock uncertainty           -0.035     4.019    
    URAM288_X3Y77        URAM288 (Setup_URAM_288K_INST_URAM288_CLK_BWE_B[5])
                                                     -0.410     3.609    g_kv[2].mem_reg_uram_22
  -------------------------------------------------------------------
                         required time                          3.609    
                         arrival time                          -4.435    
  -------------------------------------------------------------------
                         slack                                 -0.826    

Slack (VIOLATED) :        -0.823ns  (required time - arrival time)
  Source:                 kv_we_reg/C
                            (rising edge-triggered cell FDRE clocked by aclk  {rise@0.000ns fall@2.000ns period=4.000ns})
  Destination:            g_kv[2].mem_reg_uram_22/BWE_B[3]
                            (rising edge-triggered cell URAM288 clocked by aclk  {rise@0.000ns fall@2.000ns period=4.000ns})
  Path Group:             aclk
  Path Type:              Setup (Max at Slow Process Corner)
  Requirement:            4.000ns  (aclk rise@4.000ns - aclk rise@0.000ns)
  Data Path Delay:        4.402ns  (logic 0.176ns (3.998%)  route 4.226ns (96.002%))
  Logic Levels:           1  (LUT4=1)
  Clock Path Skew:        0.034ns (DCD - SCD + CPR)
    Destination Clock Delay (DCD):    0.064ns = ( 4.064 - 4.000 ) 
    Source Clock Delay      (SCD):    0.030ns
    Clock Pessimism Removal (CPR):    0.000ns
  Clock Uncertainty:      0.035ns  ((TSJ^2 + TIJ^2)^1/2 + DJ) / 2 + PE
    Total System Jitter     (TSJ):    0.071ns
    Total Input Jitter      (TIJ):    0.000ns
    Discrete Jitter          (DJ):    0.000ns
    Phase Error              (PE):    0.000ns
  Inter-SLR Compensation: 0.010ns  (DCD * PF)
    Destination Clock Delay (DCD):    0.064ns
    Prorating Factor         (PF):    0.150

    Location             Delay type                Incr(ns)  Path(ns)    Netlist Resource(s)
  -------------------------------------------------------------------    -------------------
                         (clock aclk rise edge)       0.000     0.000 r  
                                                      0.000     0.000 r  aclk (IN)
                         net (fo=94696, unset)        0.030     0.030    aclk
    SLICE_X60Y558        FDRE                                         r  kv_we_reg/C
  -------------------------------------------------------------------    -------------------
    SLICE_X60Y558        FDRE (Prop_BFF_SLICEM_C_Q)
                                                      0.078     0.108 r  kv_we_reg/Q
                         net (fo=8, estimated)        0.118     0.226    kv_we
    SLICE_X61Y558        LUT4 (Prop_B6LUT_SLICEL_I0_O)
                                                      0.098     0.324 r  g_kv[2].mem_reg_uram_0_i_1/O
                         net (fo=265, estimated)      4.108     4.432    g_kv[2].mem_reg_uram_0_i_1_n_0
    SLR Crossing[1->0]   
    URAM288_X3Y77        URAM288                                      r  g_kv[2].mem_reg_uram_22/BWE_B[3]
  -------------------------------------------------------------------    -------------------

                         (clock aclk rise edge)       4.000     4.000 r  
                                                      0.000     4.000 r  aclk (IN)
                         net (fo=94696, unset)        0.064     4.064    aclk
    URAM288_X3Y77        URAM288                                      r  g_kv[2].mem_reg_uram_22/CLK
                         clock pessimism              0.000     4.064    
                         inter-SLR compensation      -0.010     4.054    
                         clock uncertainty           -0.035     4.019    
    URAM288_X3Y77        URAM288 (Setup_URAM_288K_INST_URAM288_CLK_BWE_B[3])
                                                     -0.410     3.609    g_kv[2].mem_reg_uram_22
  -------------------------------------------------------------------
                         required time                          3.609    
                         arrival time                          -4.432    
  -------------------------------------------------------------------
                         slack                                 -0.823    

Slack (VIOLATED) :        -0.823ns  (required time - arrival time)
  Source:                 kv_we_reg/C
                            (rising edge-triggered cell FDRE clocked by aclk  {rise@0.000ns fall@2.000ns period=4.000ns})
  Destination:            g_kv[2].mem_reg_uram_22/BWE_B[3]
                            (rising edge-triggered cell URAM288 clocked by aclk  {rise@0.000ns fall@2.000ns period=4.000ns})
  Path Group:             aclk
  Path Type:              Setup (Max at Slow Process Corner)
  Requirement:            4.000ns  (aclk rise@4.000ns - aclk rise@0.000ns)
  Data Path Delay:        4.402ns  (logic 0.176ns (3.998%)  route 4.226ns (96.002%))
  Logic Levels:           1  (LUT4=1)
  Clock Path Skew:        0.034ns (DCD - SCD + CPR)
    Destination Clock Delay (DCD):    0.064ns = ( 4.064 - 4.000 ) 
    Source Clock Delay      (SCD):    0.030ns
    Clock Pessimism Removal (CPR):    0.000ns
  Clock Uncertainty:      0.035ns  ((TSJ^2 + TIJ^2)^1/2 + DJ) / 2 + PE
    Total System Jitter     (TSJ):    0.071ns
    Total Input Jitter      (TIJ):    0.000ns
    Discrete Jitter          (DJ):    0.000ns
    Phase Error              (PE):    0.000ns
  Inter-SLR Compensation: 0.010ns  (DCD * PF)
    Destination Clock Delay (DCD):    0.064ns
    Prorating Factor         (PF):    0.150

    Location             Delay type                Incr(ns)  Path(ns)    Netlist Resource(s)
  -------------------------------------------------------------------    -------------------
                         (clock aclk rise edge)       0.000     0.000 r  
                                                      0.000     0.000 r  aclk (IN)
                         net (fo=94696, unset)        0.030     0.030    aclk
    SLICE_X60Y558        FDRE                                         r  kv_we_reg/C
  -------------------------------------------------------------------    -------------------
    SLICE_X60Y558        FDRE (Prop_BFF_SLICEM_C_Q)
                                                      0.078     0.108 f  kv_we_reg/Q
                         net (fo=8, estimated)        0.118     0.226    kv_we
    SLICE_X61Y558        LUT4 (Prop_B6LUT_SLICEL_I0_O)
                                                      0.098     0.324 f  g_kv[2].mem_reg_uram_0_i_1/O
                         net (fo=265, estimated)      4.108     4.432    g_kv[2].mem_reg_uram_0_i_1_n_0
    SLR Crossing[1->0]   
    URAM288_X3Y77        URAM288                                      f  g_kv[2].mem_reg_uram_22/BWE_B[3]
  -------------------------------------------------------------------    -------------------

                         (clock aclk rise edge)       4.000     4.000 r  
                                                      0.000     4.000 r  aclk (IN)
                         net (fo=94696, unset)        0.064     4.064    aclk
    URAM288_X3Y77        URAM288                                      r  g_kv[2].mem_reg_uram_22/CLK
                         clock pessimism              0.000     4.064    
                         inter-SLR compensation      -0.010     4.054    
                         clock uncertainty           -0.035     4.019    
    URAM288_X3Y77        URAM288 (Setup_URAM_288K_INST_URAM288_CLK_BWE_B[3])
                                                     -0.410     3.609    g_kv[2].mem_reg_uram_22
  -------------------------------------------------------------------
                         required time                          3.609    
                         arrival time                          -4.432    
  -------------------------------------------------------------------
                         slack                                 -0.823    

Slack (VIOLATED) :        -0.823ns  (required time - arrival time)
  Source:                 kv_layer_r_reg[0]/C
                            (rising edge-triggered cell FDRE clocked by aclk  {rise@0.000ns fall@2.000ns period=4.000ns})
  Destination:            g_kv[2].mem_reg_uram_22/BWE_B[4]
                            (rising edge-triggered cell URAM288 clocked by aclk  {rise@0.000ns fall@2.000ns period=4.000ns})
  Path Group:             aclk
  Path Type:              Setup (Max at Slow Process Corner)
  Requirement:            4.000ns  (aclk rise@4.000ns - aclk rise@0.000ns)
  Data Path Delay:        4.404ns  (logic 0.169ns (3.837%)  route 4.235ns (96.163%))
  Logic Levels:           1  (LUT4=1)
  Clock Path Skew:        0.036ns (DCD - SCD + CPR)
    Destination Clock Delay (DCD):    0.064ns = ( 4.064 - 4.000 ) 
    Source Clock Delay      (SCD):    0.028ns
    Clock Pessimism Removal (CPR):    0.000ns
  Clock Uncertainty:      0.035ns  ((TSJ^2 + TIJ^2)^1/2 + DJ) / 2 + PE
    Total System Jitter     (TSJ):    0.071ns
    Total Input Jitter      (TIJ):    0.000ns
    Discrete Jitter          (DJ):    0.000ns
    Phase Error              (PE):    0.000ns
  Inter-SLR Compensation: 0.010ns  (DCD * PF)
    Destination Clock Delay (DCD):    0.064ns
    Prorating Factor         (PF):    0.150

    Location             Delay type                Incr(ns)  Path(ns)    Netlist Resource(s)
  -------------------------------------------------------------------    -------------------
                         (clock aclk rise edge)       0.000     0.000 r  
                                                      0.000     0.000 r  aclk (IN)
                         net (fo=94696, unset)        0.028     0.028    aclk
    SLICE_X61Y558        FDRE                                         r  kv_layer_r_reg[0]/C
  -------------------------------------------------------------------    -------------------
    SLICE_X61Y558        FDRE (Prop_CFF_SLICEL_C_Q)
                                                      0.079     0.107 f  kv_layer_r_reg[0]/Q
                         net (fo=122, estimated)      0.135     0.242    kv_bsel[0]
    SLICE_X61Y558        LUT4 (Prop_B6LUT_SLICEL_I1_O)
                                                      0.090     0.332 r  g_kv[2].mem_reg_uram_0_i_1/O
                         net (fo=265, estimated)      4.100     4.432    g_kv[2].mem_reg_uram_0_i_1_n_0
    SLR Crossing[1->0]   
    URAM288_X3Y77        URAM288                                      r  g_kv[2].mem_reg_uram_22/BWE_B[4]
  -------------------------------------------------------------------    -------------------

                         (clock aclk rise edge)       4.000     4.000 r  
                                                      0.000     4.000 r  aclk (IN)
                         net (fo=94696, unset)        0.064     4.064    aclk
    URAM288_X3Y77        URAM288                                      r  g_kv[2].mem_reg_uram_22/CLK
                         clock pessimism              0.000     4.064    
                         inter-SLR compensation      -0.010     4.054    
                         clock uncertainty           -0.035     4.019    
    URAM288_X3Y77        URAM288 (Setup_URAM_288K_INST_URAM288_CLK_BWE_B[4])
                                                     -0.410     3.609    g_kv[2].mem_reg_uram_22
  -------------------------------------------------------------------
                         required time                          3.609    
                         arrival time                          -4.432    
  -------------------------------------------------------------------
                         slack                                 -0.823    

Slack (VIOLATED) :        -0.823ns  (required time - arrival time)
  Source:                 kv_layer_r_reg[0]/C
                            (rising edge-triggered cell FDRE clocked by aclk  {rise@0.000ns fall@2.000ns period=4.000ns})
  Destination:            g_kv[2].mem_reg_uram_22/BWE_B[4]
                            (rising edge-triggered cell URAM288 clocked by aclk  {rise@0.000ns fall@2.000ns period=4.000ns})
  Path Group:             aclk
  Path Type:              Setup (Max at Slow Process Corner)
  Requirement:            4.000ns  (aclk rise@4.000ns - aclk rise@0.000ns)
  Data Path Delay:        4.404ns  (logic 0.169ns (3.837%)  route 4.235ns (96.163%))
  Logic Levels:           1  (LUT4=1)
  Clock Path Skew:        0.036ns (DCD - SCD + CPR)
    Destination Clock Delay (DCD):    0.064ns = ( 4.064 - 4.000 ) 
    Source Clock Delay      (SCD):    0.028ns
    Clock Pessimism Removal (CPR):    0.000ns
  Clock Uncertainty:      0.035ns  ((TSJ^2 + TIJ^2)^1/2 + DJ) / 2 + PE
    Total System Jitter     (TSJ):    0.071ns
    Total Input Jitter      (TIJ):    0.000ns
    Discrete Jitter          (DJ):    0.000ns
    Phase Error              (PE):    0.000ns
  Inter-SLR Compensation: 0.010ns  (DCD * PF)
    Destination Clock Delay (DCD):    0.064ns
    Prorating Factor         (PF):    0.150

    Location             Delay type                Incr(ns)  Path(ns)    Netlist Resource(s)
  -------------------------------------------------------------------    -------------------
                         (clock aclk rise edge)       0.000     0.000 r  
                                                      0.000     0.000 r  aclk (IN)
                         net (fo=94696, unset)        0.028     0.028    aclk
    SLICE_X61Y558        FDRE                                         r  kv_layer_r_reg[0]/C
  -------------------------------------------------------------------    -------------------
    SLICE_X61Y558        FDRE (Prop_CFF_SLICEL_C_Q)
                                                      0.079     0.107 r  kv_layer_r_reg[0]/Q
                         net (fo=122, estimated)      0.135     0.242    kv_bsel[0]
    SLICE_X61Y558        LUT4 (Prop_B6LUT_SLICEL_I1_O)
                                                      0.090     0.332 f  g_kv[2].mem_reg_uram_0_i_1/O
                         net (fo=265, estimated)      4.100     4.432    g_kv[2].mem_reg_uram_0_i_1_n_0
    SLR Crossing[1->0]   
    URAM288_X3Y77        URAM288                                      f  g_kv[2].mem_reg_uram_22/BWE_B[4]
  -------------------------------------------------------------------    -------------------

                         (clock aclk rise edge)       4.000     4.000 r  
                                                      0.000     4.000 r  aclk (IN)
                         net (fo=94696, unset)        0.064     4.064    aclk
    URAM288_X3Y77        URAM288                                      r  g_kv[2].mem_reg_uram_22/CLK
                         clock pessimism              0.000     4.064    
                         inter-SLR compensation      -0.010     4.054    
                         clock uncertainty           -0.035     4.019    
    URAM288_X3Y77        URAM288 (Setup_URAM_288K_INST_URAM288_CLK_BWE_B[4])
                                                     -0.410     3.609    g_kv[2].mem_reg_uram_22
  -------------------------------------------------------------------
                         required time                          3.609    
                         arrival time                          -4.432    
  -------------------------------------------------------------------
                         slack                                 -0.823    

Slack (VIOLATED) :        -0.822ns  (required time - arrival time)
  Source:                 kv_layer_r_reg[0]/C
                            (rising edge-triggered cell FDRE clocked by aclk  {rise@0.000ns fall@2.000ns period=4.000ns})
  Destination:            g_kv[2].mem_reg_uram_22/BWE_B[0]
                            (rising edge-triggered cell URAM288 clocked by aclk  {rise@0.000ns fall@2.000ns period=4.000ns})
  Path Group:             aclk
  Path Type:              Setup (Max at Slow Process Corner)
  Requirement:            4.000ns  (aclk rise@4.000ns - aclk rise@0.000ns)
  Data Path Delay:        4.403ns  (logic 0.169ns (3.838%)  route 4.234ns (96.162%))
  Logic Levels:           1  (LUT4=1)
  Clock Path Skew:        0.036ns (DCD - SCD + CPR)
    Destination Clock Delay (DCD):    0.064ns = ( 4.064 - 4.000 ) 
    Source Clock Delay      (SCD):    0.028ns
    Clock Pessimism Removal (CPR):    0.000ns
  Clock Uncertainty:      0.035ns  ((TSJ^2 + TIJ^2)^1/2 + DJ) / 2 + PE
    Total System Jitter     (TSJ):    0.071ns
    Total Input Jitter      (TIJ):    0.000ns
    Discrete Jitter          (DJ):    0.000ns
    Phase Error              (PE):    0.000ns
  Inter-SLR Compensation: 0.010ns  (DCD * PF)
    Destination Clock Delay (DCD):    0.064ns
    Prorating Factor         (PF):    0.150

    Location             Delay type                Incr(ns)  Path(ns)    Netlist Resource(s)
  -------------------------------------------------------------------    -------------------
                         (clock aclk rise edge)       0.000     0.000 r  
                                                      0.000     0.000 r  aclk (IN)
                         net (fo=94696, unset)        0.028     0.028    aclk
    SLICE_X61Y558        FDRE                                         r  kv_layer_r_reg[0]/C
  -------------------------------------------------------------------    -------------------
    SLICE_X61Y558        FDRE (Prop_CFF_SLICEL_C_Q)
                                                      0.079     0.107 f  kv_layer_r_reg[0]/Q
                         net (fo=122, estimated)      0.135     0.242    kv_bsel[0]
    SLICE_X61Y558        LUT4 (Prop_B6LUT_SLICEL_I1_O)
                                                      0.090     0.332 r  g_kv[2].mem_reg_uram_0_i_1/O
                         net (fo=265, estimated)      4.099     4.431    g_kv[2].mem_reg_uram_0_i_1_n_0
    SLR Crossing[1->0]   
    URAM288_X3Y77        URAM288                                      r  g_kv[2].mem_reg_uram_22/BWE_B[0]
  -------------------------------------------------------------------    -------------------

                         (clock aclk rise edge)       4.000     4.000 r  
                                                      0.000     4.000 r  aclk (IN)
                         net (fo=94696, unset)        0.064     4.064    aclk
    URAM288_X3Y77        URAM288                                      r  g_kv[2].mem_reg_uram_22/CLK
                         clock pessimism              0.000     4.064    
                         inter-SLR compensation      -0.010     4.054    
                         clock uncertainty           -0.035     4.019    
    URAM288_X3Y77        URAM288 (Setup_URAM_288K_INST_URAM288_CLK_BWE_B[0])
                                                     -0.410     3.609    g_kv[2].mem_reg_uram_22
  -------------------------------------------------------------------
                         required time                          3.609    
                         arrival time                          -4.431    
  -------------------------------------------------------------------
                         slack                                 -0.822    

Slack (VIOLATED) :        -0.822ns  (required time - arrival time)
  Source:                 kv_layer_r_reg[0]/C
                            (rising edge-triggered cell FDRE clocked by aclk  {rise@0.000ns fall@2.000ns period=4.000ns})
  Destination:            g_kv[2].mem_reg_uram_22/BWE_B[0]
                            (rising edge-triggered cell URAM288 clocked by aclk  {rise@0.000ns fall@2.000ns period=4.000ns})
  Path Group:             aclk
  Path Type:              Setup (Max at Slow Process Corner)
  Requirement:            4.000ns  (aclk rise@4.000ns - aclk rise@0.000ns)
  Data Path Delay:        4.403ns  (logic 0.169ns (3.838%)  route 4.234ns (96.162%))
  Logic Levels:           1  (LUT4=1)
  Clock Path Skew:        0.036ns (DCD - SCD + CPR)
    Destination Clock Delay (DCD):    0.064ns = ( 4.064 - 4.000 ) 
    Source Clock Delay      (SCD):    0.028ns
    Clock Pessimism Removal (CPR):    0.000ns
  Clock Uncertainty:      0.035ns  ((TSJ^2 + TIJ^2)^1/2 + DJ) / 2 + PE
    Total System Jitter     (TSJ):    0.071ns
    Total Input Jitter      (TIJ):    0.000ns
    Discrete Jitter          (DJ):    0.000ns
    Phase Error              (PE):    0.000ns
  Inter-SLR Compensation: 0.010ns  (DCD * PF)
    Destination Clock Delay (DCD):    0.064ns
    Prorating Factor         (PF):    0.150

    Location             Delay type                Incr(ns)  Path(ns)    Netlist Resource(s)
  -------------------------------------------------------------------    -------------------
                         (clock aclk rise edge)       0.000     0.000 r  
                                                      0.000     0.000 r  aclk (IN)
                         net (fo=94696, unset)        0.028     0.028    aclk
    SLICE_X61Y558        FDRE                                         r  kv_layer_r_reg[0]/C
  -------------------------------------------------------------------    -------------------
    SLICE_X61Y558        FDRE (Prop_CFF_SLICEL_C_Q)
                                                      0.079     0.107 r  kv_layer_r_reg[0]/Q
                         net (fo=122, estimated)      0.135     0.242    kv_bsel[0]
    SLICE_X61Y558        LUT4 (Prop_B6LUT_SLICEL_I1_O)
                                                      0.090     0.332 f  g_kv[2].mem_reg_uram_0_i_1/O
                         net (fo=265, estimated)      4.099     4.431    g_kv[2].mem_reg_uram_0_i_1_n_0
    SLR Crossing[1->0]   
    URAM288_X3Y77        URAM288                                      f  g_kv[2].mem_reg_uram_22/BWE_B[0]
  -------------------------------------------------------------------    -------------------

                         (clock aclk rise edge)       4.000     4.000 r  
                                                      0.000     4.000 r  aclk (IN)
                         net (fo=94696, unset)        0.064     4.064    aclk
    URAM288_X3Y77        URAM288                                      r  g_kv[2].mem_reg_uram_22/CLK
                         clock pessimism              0.000     4.064    
                         inter-SLR compensation      -0.010     4.054    
                         clock uncertainty           -0.035     4.019    
    URAM288_X3Y77        URAM288 (Setup_URAM_288K_INST_URAM288_CLK_BWE_B[0])
                                                     -0.410     3.609    g_kv[2].mem_reg_uram_22
  -------------------------------------------------------------------
                         required time                          3.609    
                         arrival time                          -4.431    
  -------------------------------------------------------------------
                         slack                                 -0.822    

Slack (VIOLATED) :        -0.820ns  (required time - arrival time)
  Source:                 kv_layer_r_reg[0]/C
                            (rising edge-triggered cell FDRE clocked by aclk  {rise@0.000ns fall@2.000ns period=4.000ns})
  Destination:            g_kv[2].mem_reg_uram_22/BWE_B[6]
                            (rising edge-triggered cell URAM288 clocked by aclk  {rise@0.000ns fall@2.000ns period=4.000ns})
  Path Group:             aclk
  Path Type:              Setup (Max at Slow Process Corner)
  Requirement:            4.000ns  (aclk rise@4.000ns - aclk rise@0.000ns)
  Data Path Delay:        4.401ns  (logic 0.169ns (3.840%)  route 4.232ns (96.160%))
  Logic Levels:           1  (LUT4=1)
  Clock Path Skew:        0.036ns (DCD - SCD + CPR)
    Destination Clock Delay (DCD):    0.064ns = ( 4.064 - 4.000 ) 
    Source Clock Delay      (SCD):    0.028ns
    Clock Pessimism Removal (CPR):    0.000ns
  Clock Uncertainty:      0.035ns  ((TSJ^2 + TIJ^2)^1/2 + DJ) / 2 + PE
    Total System Jitter     (TSJ):    0.071ns
    Total Input Jitter      (TIJ):    0.000ns
    Discrete Jitter          (DJ):    0.000ns
    Phase Error              (PE):    0.000ns
  Inter-SLR Compensation: 0.010ns  (DCD * PF)
    Destination Clock Delay (DCD):    0.064ns
    Prorating Factor         (PF):    0.150

    Location             Delay type                Incr(ns)  Path(ns)    Netlist Resource(s)
  -------------------------------------------------------------------    -------------------
                         (clock aclk rise edge)       0.000     0.000 r  
                                                      0.000     0.000 r  aclk (IN)
                         net (fo=94696, unset)        0.028     0.028    aclk
    SLICE_X61Y558        FDRE                                         r  kv_layer_r_reg[0]/C
  -------------------------------------------------------------------    -------------------
    SLICE_X61Y558        FDRE (Prop_CFF_SLICEL_C_Q)
                                                      0.079     0.107 f  kv_layer_r_reg[0]/Q
                         net (fo=122, estimated)      0.135     0.242    kv_bsel[0]
    SLICE_X61Y558        LUT4 (Prop_B6LUT_SLICEL_I1_O)
                                                      0.090     0.332 r  g_kv[2].mem_reg_uram_0_i_1/O
                         net (fo=265, estimated)      4.097     4.429    g_kv[2].mem_reg_uram_0_i_1_n_0
    SLR Crossing[1->0]   
    URAM288_X3Y77        URAM288                                      r  g_kv[2].mem_reg_uram_22/BWE_B[6]
  -------------------------------------------------------------------    -------------------

                         (clock aclk rise edge)       4.000     4.000 r  
                                                      0.000     4.000 r  aclk (IN)
                         net (fo=94696, unset)        0.064     4.064    aclk
    URAM288_X3Y77        URAM288                                      r  g_kv[2].mem_reg_uram_22/CLK
                         clock pessimism              0.000     4.064    
                         inter-SLR compensation      -0.010     4.054    
                         clock uncertainty           -0.035     4.019    
    URAM288_X3Y77        URAM288 (Setup_URAM_288K_INST_URAM288_CLK_BWE_B[6])
                                                     -0.410     3.609    g_kv[2].mem_reg_uram_22
  -------------------------------------------------------------------
                         required time                          3.609    
                         arrival time                          -4.429    
  -------------------------------------------------------------------
                         slack                                 -0.820    

Slack (VIOLATED) :        -0.820ns  (required time - arrival time)
  Source:                 kv_layer_r_reg[0]/C
                            (rising edge-triggered cell FDRE clocked by aclk  {rise@0.000ns fall@2.000ns period=4.000ns})
  Destination:            g_kv[2].mem_reg_uram_22/BWE_B[6]
                            (rising edge-triggered cell URAM288 clocked by aclk  {rise@0.000ns fall@2.000ns period=4.000ns})
  Path Group:             aclk
  Path Type:              Setup (Max at Slow Process Corner)
  Requirement:            4.000ns  (aclk rise@4.000ns - aclk rise@0.000ns)
  Data Path Delay:        4.401ns  (logic 0.169ns (3.840%)  route 4.232ns (96.160%))
  Logic Levels:           1  (LUT4=1)
  Clock Path Skew:        0.036ns (DCD - SCD + CPR)
    Destination Clock Delay (DCD):    0.064ns = ( 4.064 - 4.000 ) 
    Source Clock Delay      (SCD):    0.028ns
    Clock Pessimism Removal (CPR):    0.000ns
  Clock Uncertainty:      0.035ns  ((TSJ^2 + TIJ^2)^1/2 + DJ) / 2 + PE
    Total System Jitter     (TSJ):    0.071ns
    Total Input Jitter      (TIJ):    0.000ns
    Discrete Jitter          (DJ):    0.000ns
    Phase Error              (PE):    0.000ns
  Inter-SLR Compensation: 0.010ns  (DCD * PF)
    Destination Clock Delay (DCD):    0.064ns
    Prorating Factor         (PF):    0.150

    Location             Delay type                Incr(ns)  Path(ns)    Netlist Resource(s)
  -------------------------------------------------------------------    -------------------
                         (clock aclk rise edge)       0.000     0.000 r  
                                                      0.000     0.000 r  aclk (IN)
                         net (fo=94696, unset)        0.028     0.028    aclk
    SLICE_X61Y558        FDRE                                         r  kv_layer_r_reg[0]/C
  -------------------------------------------------------------------    -------------------
    SLICE_X61Y558        FDRE (Prop_CFF_SLICEL_C_Q)
                                                      0.079     0.107 r  kv_layer_r_reg[0]/Q
                         net (fo=122, estimated)      0.135     0.242    kv_bsel[0]
    SLICE_X61Y558        LUT4 (Prop_B6LUT_SLICEL_I1_O)
                                                      0.090     0.332 f  g_kv[2].mem_reg_uram_0_i_1/O
                         net (fo=265, estimated)      4.097     4.429    g_kv[2].mem_reg_uram_0_i_1_n_0
    SLR Crossing[1->0]   
    URAM288_X3Y77        URAM288                                      f  g_kv[2].mem_reg_uram_22/BWE_B[6]
  -------------------------------------------------------------------    -------------------

                         (clock aclk rise edge)       4.000     4.000 r  
                                                      0.000     4.000 r  aclk (IN)
                         net (fo=94696, unset)        0.064     4.064    aclk
    URAM288_X3Y77        URAM288                                      r  g_kv[2].mem_reg_uram_22/CLK
                         clock pessimism              0.000     4.064    
                         inter-SLR compensation      -0.010     4.054    
                         clock uncertainty           -0.035     4.019    
    URAM288_X3Y77        URAM288 (Setup_URAM_288K_INST_URAM288_CLK_BWE_B[6])
                                                     -0.410     3.609    g_kv[2].mem_reg_uram_22
  -------------------------------------------------------------------
                         required time                          3.609    
                         arrival time                          -4.429    
  -------------------------------------------------------------------
                         slack                                 -0.820    

Slack (VIOLATED) :        -0.820ns  (required time - arrival time)
  Source:                 kv_we_reg/C
                            (rising edge-triggered cell FDRE clocked by aclk  {rise@0.000ns fall@2.000ns period=4.000ns})
  Destination:            g_kv[2].mem_reg_uram_22/BWE_B[1]
                            (rising edge-triggered cell URAM288 clocked by aclk  {rise@0.000ns fall@2.000ns period=4.000ns})
  Path Group:             aclk
  Path Type:              Setup (Max at Slow Process Corner)
  Requirement:            4.000ns  (aclk rise@4.000ns - aclk rise@0.000ns)
  Data Path Delay:        4.399ns  (logic 0.176ns (4.001%)  route 4.223ns (95.999%))
  Logic Levels:           1  (LUT4=1)
  Clock Path Skew:        0.034ns (DCD - SCD + CPR)
    Destination Clock Delay (DCD):    0.064ns = ( 4.064 - 4.000 ) 
    Source Clock Delay      (SCD):    0.030ns
    Clock Pessimism Removal (CPR):    0.000ns
  Clock Uncertainty:      0.035ns  ((TSJ^2 + TIJ^2)^1/2 + DJ) / 2 + PE
    Total System Jitter     (TSJ):    0.071ns
    Total Input Jitter      (TIJ):    0.000ns
    Discrete Jitter          (DJ):    0.000ns
    Phase Error              (PE):    0.000ns
  Inter-SLR Compensation: 0.010ns  (DCD * PF)
    Destination Clock Delay (DCD):    0.064ns
    Prorating Factor         (PF):    0.150

    Location             Delay type                Incr(ns)  Path(ns)    Netlist Resource(s)
  -------------------------------------------------------------------    -------------------
                         (clock aclk rise edge)       0.000     0.000 r  
                                                      0.000     0.000 r  aclk (IN)
                         net (fo=94696, unset)        0.030     0.030    aclk
    SLICE_X60Y558        FDRE                                         r  kv_we_reg/C
  -------------------------------------------------------------------    -------------------
    SLICE_X60Y558        FDRE (Prop_BFF_SLICEM_C_Q)
                                                      0.078     0.108 r  kv_we_reg/Q
                         net (fo=8, estimated)        0.118     0.226    kv_we
    SLICE_X61Y558        LUT4 (Prop_B6LUT_SLICEL_I0_O)
                                                      0.098     0.324 r  g_kv[2].mem_reg_uram_0_i_1/O
                         net (fo=265, estimated)      4.105     4.429    g_kv[2].mem_reg_uram_0_i_1_n_0
    SLR Crossing[1->0]   
    URAM288_X3Y77        URAM288                                      r  g_kv[2].mem_reg_uram_22/BWE_B[1]
  -------------------------------------------------------------------    -------------------

                         (clock aclk rise edge)       4.000     4.000 r  
                                                      0.000     4.000 r  aclk (IN)
                         net (fo=94696, unset)        0.064     4.064    aclk
    URAM288_X3Y77        URAM288                                      r  g_kv[2].mem_reg_uram_22/CLK
                         clock pessimism              0.000     4.064    
                         inter-SLR compensation      -0.010     4.054    
                         clock uncertainty           -0.035     4.019    
    URAM288_X3Y77        URAM288 (Setup_URAM_288K_INST_URAM288_CLK_BWE_B[1])
                                                     -0.410     3.609    g_kv[2].mem_reg_uram_22
  -------------------------------------------------------------------
                         required time                          3.609    
                         arrival time                          -4.429    
  -------------------------------------------------------------------
                         slack                                 -0.820    

Slack (VIOLATED) :        -0.820ns  (required time - arrival time)
  Source:                 kv_we_reg/C
                            (rising edge-triggered cell FDRE clocked by aclk  {rise@0.000ns fall@2.000ns period=4.000ns})
  Destination:            g_kv[2].mem_reg_uram_22/BWE_B[1]
                            (rising edge-triggered cell URAM288 clocked by aclk  {rise@0.000ns fall@2.000ns period=4.000ns})
  Path Group:             aclk
  Path Type:              Setup (Max at Slow Process Corner)
  Requirement:            4.000ns  (aclk rise@4.000ns - aclk rise@0.000ns)
  Data Path Delay:        4.399ns  (logic 0.176ns (4.001%)  route 4.223ns (95.999%))
  Logic Levels:           1  (LUT4=1)
  Clock Path Skew:        0.034ns (DCD - SCD + CPR)
    Destination Clock Delay (DCD):    0.064ns = ( 4.064 - 4.000 ) 
    Source Clock Delay      (SCD):    0.030ns
    Clock Pessimism Removal (CPR):    0.000ns
  Clock Uncertainty:      0.035ns  ((TSJ^2 + TIJ^2)^1/2 + DJ) / 2 + PE
    Total System Jitter     (TSJ):    0.071ns
    Total Input Jitter      (TIJ):    0.000ns
    Discrete Jitter          (DJ):    0.000ns
    Phase Error              (PE):    0.000ns
  Inter-SLR Compensation: 0.010ns  (DCD * PF)
    Destination Clock Delay (DCD):    0.064ns
    Prorating Factor         (PF):    0.150

    Location             Delay type                Incr(ns)  Path(ns)    Netlist Resource(s)
  -------------------------------------------------------------------    -------------------
                         (clock aclk rise edge)       0.000     0.000 r  
                                                      0.000     0.000 r  aclk (IN)
                         net (fo=94696, unset)        0.030     0.030    aclk
    SLICE_X60Y558        FDRE                                         r  kv_we_reg/C
  -------------------------------------------------------------------    -------------------
    SLICE_X60Y558        FDRE (Prop_BFF_SLICEM_C_Q)
                                                      0.078     0.108 f  kv_we_reg/Q
                         net (fo=8, estimated)        0.118     0.226    kv_we
    SLICE_X61Y558        LUT4 (Prop_B6LUT_SLICEL_I0_O)
                                                      0.098     0.324 f  g_kv[2].mem_reg_uram_0_i_1/O
                         net (fo=265, estimated)      4.105     4.429    g_kv[2].mem_reg_uram_0_i_1_n_0
    SLR Crossing[1->0]   
    URAM288_X3Y77        URAM288                                      f  g_kv[2].mem_reg_uram_22/BWE_B[1]
  -------------------------------------------------------------------    -------------------

                         (clock aclk rise edge)       4.000     4.000 r  
                                                      0.000     4.000 r  aclk (IN)
                         net (fo=94696, unset)        0.064     4.064    aclk
    URAM288_X3Y77        URAM288                                      r  g_kv[2].mem_reg_uram_22/CLK
                         clock pessimism              0.000     4.064    
                         inter-SLR compensation      -0.010     4.054    
                         clock uncertainty           -0.035     4.019    
    URAM288_X3Y77        URAM288 (Setup_URAM_288K_INST_URAM288_CLK_BWE_B[1])
                                                     -0.410     3.609    g_kv[2].mem_reg_uram_22
  -------------------------------------------------------------------
                         required time                          3.609    
                         arrival time                          -4.429    
  -------------------------------------------------------------------
                         slack                                 -0.820    

Slack (VIOLATED) :        -0.820ns  (required time - arrival time)
  Source:                 kv_we_reg/C
                            (rising edge-triggered cell FDRE clocked by aclk  {rise@0.000ns fall@2.000ns period=4.000ns})
  Destination:            g_kv[2].mem_reg_uram_22/BWE_B[2]
                            (rising edge-triggered cell URAM288 clocked by aclk  {rise@0.000ns fall@2.000ns period=4.000ns})
  Path Group:             aclk
  Path Type:              Setup (Max at Slow Process Corner)
  Requirement:            4.000ns  (aclk rise@4.000ns - aclk rise@0.000ns)
  Data Path Delay:        4.399ns  (logic 0.176ns (4.001%)  route 4.223ns (95.999%))
  Logic Levels:           1  (LUT4=1)
  Clock Path Skew:        0.034ns (DCD - SCD + CPR)
    Destination Clock Delay (DCD):    0.064ns = ( 4.064 - 4.000 ) 
    Source Clock Delay      (SCD):    0.030ns
    Clock Pessimism Removal (CPR):    0.000ns
  Clock Uncertainty:      0.035ns  ((TSJ^2 + TIJ^2)^1/2 + DJ) / 2 + PE
    Total System Jitter     (TSJ):    0.071ns
    Total Input Jitter      (TIJ):    0.000ns
    Discrete Jitter          (DJ):    0.000ns
    Phase Error              (PE):    0.000ns
  Inter-SLR Compensation: 0.010ns  (DCD * PF)
    Destination Clock Delay (DCD):    0.064ns
    Prorating Factor         (PF):    0.150

    Location             Delay type                Incr(ns)  Path(ns)    Netlist Resource(s)
  -------------------------------------------------------------------    -------------------
                         (clock aclk rise edge)       0.000     0.000 r  
                                                      0.000     0.000 r  aclk (IN)
                         net (fo=94696, unset)        0.030     0.030    aclk
    SLICE_X60Y558        FDRE                                         r  kv_we_reg/C
  -------------------------------------------------------------------    -------------------
    SLICE_X60Y558        FDRE (Prop_BFF_SLICEM_C_Q)
                                                      0.078     0.108 r  kv_we_reg/Q
                         net (fo=8, estimated)        0.118     0.226    kv_we
    SLICE_X61Y558        LUT4 (Prop_B6LUT_SLICEL_I0_O)
                                                      0.098     0.324 r  g_kv[2].mem_reg_uram_0_i_1/O
                         net (fo=265, estimated)      4.105     4.429    g_kv[2].mem_reg_uram_0_i_1_n_0
    SLR Crossing[1->0]   
    URAM288_X3Y77        URAM288                                      r  g_kv[2].mem_reg_uram_22/BWE_B[2]
  -------------------------------------------------------------------    -------------------

                         (clock aclk rise edge)       4.000     4.000 r  
                                                      0.000     4.000 r  aclk (IN)
                         net (fo=94696, unset)        0.064     4.064    aclk
    URAM288_X3Y77        URAM288                                      r  g_kv[2].mem_reg_uram_22/CLK
                         clock pessimism              0.000     4.064    
                         inter-SLR compensation      -0.010     4.054    
                         clock uncertainty           -0.035     4.019    
    URAM288_X3Y77        URAM288 (Setup_URAM_288K_INST_URAM288_CLK_BWE_B[2])
                                                     -0.410     3.609    g_kv[2].mem_reg_uram_22
  -------------------------------------------------------------------
                         required time                          3.609    
                         arrival time                          -4.429    
  -------------------------------------------------------------------
                         slack                                 -0.820    

Slack (VIOLATED) :        -0.820ns  (required time - arrival time)
  Source:                 kv_we_reg/C
                            (rising edge-triggered cell FDRE clocked by aclk  {rise@0.000ns fall@2.000ns period=4.000ns})
  Destination:            g_kv[2].mem_reg_uram_22/BWE_B[2]
                            (rising edge-triggered cell URAM288 clocked by aclk  {rise@0.000ns fall@2.000ns period=4.000ns})
  Path Group:             aclk
  Path Type:              Setup (Max at Slow Process Corner)
  Requirement:            4.000ns  (aclk rise@4.000ns - aclk rise@0.000ns)
  Data Path Delay:        4.399ns  (logic 0.176ns (4.001%)  route 4.223ns (95.999%))
  Logic Levels:           1  (LUT4=1)
  Clock Path Skew:        0.034ns (DCD - SCD + CPR)
    Destination Clock Delay (DCD):    0.064ns = ( 4.064 - 4.000 ) 
    Source Clock Delay      (SCD):    0.030ns
    Clock Pessimism Removal (CPR):    0.000ns
  Clock Uncertainty:      0.035ns  ((TSJ^2 + TIJ^2)^1/2 + DJ) / 2 + PE
    Total System Jitter     (TSJ):    0.071ns
    Total Input Jitter      (TIJ):    0.000ns
    Discrete Jitter          (DJ):    0.000ns
    Phase Error              (PE):    0.000ns
  Inter-SLR Compensation: 0.010ns  (DCD * PF)
    Destination Clock Delay (DCD):    0.064ns
    Prorating Factor         (PF):    0.150

    Location             Delay type                Incr(ns)  Path(ns)    Netlist Resource(s)
  -------------------------------------------------------------------    -------------------
                         (clock aclk rise edge)       0.000     0.000 r  
                                                      0.000     0.000 r  aclk (IN)
                         net (fo=94696, unset)        0.030     0.030    aclk
    SLICE_X60Y558        FDRE                                         r  kv_we_reg/C
  -------------------------------------------------------------------    -------------------
    SLICE_X60Y558        FDRE (Prop_BFF_SLICEM_C_Q)
                                                      0.078     0.108 f  kv_we_reg/Q
                         net (fo=8, estimated)        0.118     0.226    kv_we
    SLICE_X61Y558        LUT4 (Prop_B6LUT_SLICEL_I0_O)
                                                      0.098     0.324 f  g_kv[2].mem_reg_uram_0_i_1/O
                         net (fo=265, estimated)      4.105     4.429    g_kv[2].mem_reg_uram_0_i_1_n_0
    SLR Crossing[1->0]   
    URAM288_X3Y77        URAM288                                      f  g_kv[2].mem_reg_uram_22/BWE_B[2]
  -------------------------------------------------------------------    -------------------

                         (clock aclk rise edge)       4.000     4.000 r  
                                                      0.000     4.000 r  aclk (IN)
                         net (fo=94696, unset)        0.064     4.064    aclk
    URAM288_X3Y77        URAM288                                      r  g_kv[2].mem_reg_uram_22/CLK
                         clock pessimism              0.000     4.064    
                         inter-SLR compensation      -0.010     4.054    
                         clock uncertainty           -0.035     4.019    
    URAM288_X3Y77        URAM288 (Setup_URAM_288K_INST_URAM288_CLK_BWE_B[2])
                                                     -0.410     3.609    g_kv[2].mem_reg_uram_22
  -------------------------------------------------------------------
                         required time                          3.609    
                         arrival time                          -4.429    
  -------------------------------------------------------------------
                         slack                                 -0.820    




