DN 2048-bit bank-mux read path — post-PLACE estimate
endpoint: dn_rdq_reg[*] (the registered final DN_GRP:1 mux fed by
the per-group return registers).  Clock aclk, 4.000 ns / 250 MHz.
Re-derived from post_place.dcp by finish_reports.tcl; see its header.

slack     levels    startSLR  endSLR
0.217     1         SLR0      SLR1       g_dnpipeN.g_grp[0].rq_p_reg[1][932]/C -> g_dnpipeN.dn_rdq_reg[932]/D
0.217     1         SLR0      SLR1       g_dnpipeN.g_grp[0].rq_p_reg[1][932]/C -> g_dnpipeN.dn_rdq_reg[932]/D
0.245     1         SLR2      SLR1       g_dnpipeN.g_grp[2].rq_p_reg[1][1334]/C -> g_dnpipeN.dn_rdq_reg[1334]/D
0.245     1         SLR2      SLR1       g_dnpipeN.g_grp[2].rq_p_reg[1][1334]/C -> g_dnpipeN.dn_rdq_reg[1334]/D
0.267     1         SLR0      SLR1       g_dnpipeN.g_grp[0].rq_p_reg[1][1138]/C -> g_dnpipeN.dn_rdq_reg[1138]/D
0.267     1         SLR0      SLR1       g_dnpipeN.g_grp[0].rq_p_reg[1][1138]/C -> g_dnpipeN.dn_rdq_reg[1138]/D
0.292     1         SLR2      SLR1       g_dnpipeN.g_grp[2].rq_p_reg[1][762]/C -> g_dnpipeN.dn_rdq_reg[762]/D
0.292     1         SLR2      SLR1       g_dnpipeN.g_grp[2].rq_p_reg[1][762]/C -> g_dnpipeN.dn_rdq_reg[762]/D
0.314     1         SLR0      SLR1       g_dnpipeN.g_grp[0].rq_p_reg[1][1144]/C -> g_dnpipeN.dn_rdq_reg[1144]/D
0.314     1         SLR0      SLR1       g_dnpipeN.g_grp[0].rq_p_reg[1][1144]/C -> g_dnpipeN.dn_rdq_reg[1144]/D
0.319     1         SLR2      SLR1       g_dnpipeN.g_grp[2].rq_p_reg[1][962]/C -> g_dnpipeN.dn_rdq_reg[962]/D
0.319     1         SLR2      SLR1       g_dnpipeN.g_grp[2].rq_p_reg[1][962]/C -> g_dnpipeN.dn_rdq_reg[962]/D
0.323     1         SLR2      SLR1       g_dnpipeN.g_grp[2].rq_p_reg[1][1728]/C -> g_dnpipeN.dn_rdq_reg[1728]/D
0.323     1         SLR2      SLR1       g_dnpipeN.g_grp[2].rq_p_reg[1][1728]/C -> g_dnpipeN.dn_rdq_reg[1728]/D
0.324     1         SLR2      SLR1       g_dnpipeN.g_grp[2].rq_p_reg[1][1340]/C -> g_dnpipeN.dn_rdq_reg[1340]/D
0.324     1         SLR2      SLR1       g_dnpipeN.g_grp[2].rq_p_reg[1][1340]/C -> g_dnpipeN.dn_rdq_reg[1340]/D
0.339     1         SLR0      SLR1       g_dnpipeN.g_grp[0].rq_p_reg[1][492]/C -> g_dnpipeN.dn_rdq_reg[492]/D
0.339     1         SLR0      SLR1       g_dnpipeN.g_grp[0].rq_p_reg[1][492]/C -> g_dnpipeN.dn_rdq_reg[492]/D
0.358     1         SLR0      SLR1       g_dnpipeN.g_grp[0].rq_p_reg[1][1151]/C -> g_dnpipeN.dn_rdq_reg[1151]/D
0.358     1         SLR0      SLR1       g_dnpipeN.g_grp[0].rq_p_reg[1][1151]/C -> g_dnpipeN.dn_rdq_reg[1151]/D
0.362     1         SLR2      SLR1       g_dnpipeN.g_grp[2].rq_p_reg[1][341]/C -> g_dnpipeN.dn_rdq_reg[341]/D
0.362     1         SLR2      SLR1       g_dnpipeN.g_grp[2].rq_p_reg[1][341]/C -> g_dnpipeN.dn_rdq_reg[341]/D
0.368     1         SLR2      SLR1       g_dnpipeN.g_grp[2].rq_p_reg[1][1339]/C -> g_dnpipeN.dn_rdq_reg[1339]/D
0.368     1         SLR2      SLR1       g_dnpipeN.g_grp[2].rq_p_reg[1][1339]/C -> g_dnpipeN.dn_rdq_reg[1339]/D
0.372     1         SLR2      SLR1       g_dnpipeN.g_grp[2].rq_p_reg[1][350]/C -> g_dnpipeN.dn_rdq_reg[350]/D
0.372     1         SLR2      SLR1       g_dnpipeN.g_grp[2].rq_p_reg[1][350]/C -> g_dnpipeN.dn_rdq_reg[350]/D
0.374     1         SLR2      SLR1       g_dnpipeN.g_grp[2].rq_p_reg[1][758]/C -> g_dnpipeN.dn_rdq_reg[758]/D
0.374     1         SLR2      SLR1       g_dnpipeN.g_grp[2].rq_p_reg[1][758]/C -> g_dnpipeN.dn_rdq_reg[758]/D
0.376     1         SLR2      SLR1       g_dnpipeN.g_grp[2].rq_p_reg[1][765]/C -> g_dnpipeN.dn_rdq_reg[765]/D
0.376     1         SLR2      SLR1       g_dnpipeN.g_grp[2].rq_p_reg[1][765]/C -> g_dnpipeN.dn_rdq_reg[765]/D

---- full report_timing on the worst 10 ----
Copyright 1986-2022 Xilinx, Inc. All Rights Reserved. Copyright 2022-2024 Advanced Micro Devices, Inc. All Rights Reserved.
--------------------------------------------------------------------------------------------------------------------------------------------------------------------------------------------------------------------------------------------
| Tool Version      : Vivado v.2024.2 (lin64) Build 5239630 Fri Nov 08 22:34:34 MST 2024
| Date              : Fri Sep  4 00:03:29 2026
| Host              : snoke running 64-bit Ubuntu 24.04.4 LTS
| Command           : report_timing -to [get_cells -quiet -hier -filter {NAME =~ *dn_rdq_reg*}] -max_paths 10 -nworst 10 -setup -file /home/cah/r2d2/code/fpga/fable5_llm/synth/out_exp_uram_g5_v2alt/reports/dn_bank_mux_paths.rpt -append
| Design            : layer_chan
| Device            : xcvu9p-fsgd2104
| Speed File        : -2L  PRODUCTION 1.28 03-30-2022
| Design State      : Fully Placed
| Temperature Grade : E
--------------------------------------------------------------------------------------------------------------------------------------------------------------------------------------------------------------------------------------------

Timing Report

Slack (MET) :             0.217ns  (required time - arrival time)
  Source:                 g_dnpipeN.g_grp[0].rq_p_reg[1][932]/C
                            (rising edge-triggered cell FDRE clocked by aclk  {rise@0.000ns fall@2.000ns period=4.000ns})
  Destination:            g_dnpipeN.dn_rdq_reg[932]/D
                            (rising edge-triggered cell FDRE clocked by aclk  {rise@0.000ns fall@2.000ns period=4.000ns})
  Path Group:             aclk
  Path Type:              Setup (Max at Slow Process Corner)
  Requirement:            4.000ns  (aclk rise@4.000ns - aclk rise@0.000ns)
  Data Path Delay:        3.760ns  (logic 0.119ns (3.165%)  route 3.641ns (96.835%))
  Logic Levels:           1  (LUT5=1)
  Clock Path Skew:        -0.009ns (DCD - SCD + CPR)
    Destination Clock Delay (DCD):    0.021ns = ( 4.021 - 4.000 ) 
    Source Clock Delay      (SCD):    0.030ns
    Clock Pessimism Removal (CPR):    0.000ns
  Clock Uncertainty:      0.035ns  ((TSJ^2 + TIJ^2)^1/2 + DJ) / 2 + PE
    Total System Jitter     (TSJ):    0.071ns
    Total Input Jitter      (TIJ):    0.000ns
    Discrete Jitter          (DJ):    0.000ns
    Phase Error              (PE):    0.000ns
  Inter-SLR Compensation: 0.003ns  (DCD * PF)
    Destination Clock Delay (DCD):    0.021ns
    Prorating Factor         (PF):    0.150

    Location             Delay type                Incr(ns)  Path(ns)    Netlist Resource(s)
  -------------------------------------------------------------------    -------------------
                         (clock aclk rise edge)       0.000     0.000 r  
                                                      0.000     0.000 r  aclk (IN)
                         net (fo=95256, unset)        0.030     0.030    aclk
    SLICE_X95Y226        FDRE                                         r  g_dnpipeN.g_grp[0].rq_p_reg[1][932]/C
  -------------------------------------------------------------------    -------------------
    SLICE_X95Y226        FDRE (Prop_AFF2_SLICEM_C_Q)
                                                      0.080     0.110 r  g_dnpipeN.g_grp[0].rq_p_reg[1][932]/Q
                         net (fo=1, estimated)        3.096     3.206    u_dn/g_dnpipeN.dn_rdq_reg[2047]_1[932]
    SLR Crossing[0->1]   
    SLICE_X95Y534        LUT5 (Prop_H6LUT_SLICEM_I4_O)
                                                      0.039     3.245 r  u_dn/p_1_out__7__8_i_12/O
                         net (fo=3, estimated)        0.545     3.790    u_dn_n_859
    SLICE_X92Y555        FDRE                                         r  g_dnpipeN.dn_rdq_reg[932]/D
  -------------------------------------------------------------------    -------------------

                         (clock aclk rise edge)       4.000     4.000 r  
                                                      0.000     4.000 r  aclk (IN)
                         net (fo=95256, unset)        0.021     4.021    aclk
    SLICE_X92Y555        FDRE                                         r  g_dnpipeN.dn_rdq_reg[932]/C
                         clock pessimism              0.000     4.021    
                         inter-SLR compensation      -0.003     4.018    
                         clock uncertainty           -0.035     3.982    
    SLICE_X92Y555        FDRE (Setup_GFF_SLICEM_C_D)
                                                      0.025     4.007    g_dnpipeN.dn_rdq_reg[932]
  -------------------------------------------------------------------
                         required time                          4.007    
                         arrival time                          -3.790    
  -------------------------------------------------------------------
                         slack                                  0.217    

Slack (MET) :             0.217ns  (required time - arrival time)
  Source:                 g_dnpipeN.g_grp[0].rq_p_reg[1][932]/C
                            (rising edge-triggered cell FDRE clocked by aclk  {rise@0.000ns fall@2.000ns period=4.000ns})
  Destination:            g_dnpipeN.dn_rdq_reg[932]/D
                            (rising edge-triggered cell FDRE clocked by aclk  {rise@0.000ns fall@2.000ns period=4.000ns})
  Path Group:             aclk
  Path Type:              Setup (Max at Slow Process Corner)
  Requirement:            4.000ns  (aclk rise@4.000ns - aclk rise@0.000ns)
  Data Path Delay:        3.760ns  (logic 0.119ns (3.165%)  route 3.641ns (96.835%))
  Logic Levels:           1  (LUT5=1)
  Clock Path Skew:        -0.009ns (DCD - SCD + CPR)
    Destination Clock Delay (DCD):    0.021ns = ( 4.021 - 4.000 ) 
    Source Clock Delay      (SCD):    0.030ns
    Clock Pessimism Removal (CPR):    0.000ns
  Clock Uncertainty:      0.035ns  ((TSJ^2 + TIJ^2)^1/2 + DJ) / 2 + PE
    Total System Jitter     (TSJ):    0.071ns
    Total Input Jitter      (TIJ):    0.000ns
    Discrete Jitter          (DJ):    0.000ns
    Phase Error              (PE):    0.000ns
  Inter-SLR Compensation: 0.003ns  (DCD * PF)
    Destination Clock Delay (DCD):    0.021ns
    Prorating Factor         (PF):    0.150

    Location             Delay type                Incr(ns)  Path(ns)    Netlist Resource(s)
  -------------------------------------------------------------------    -------------------
                         (clock aclk rise edge)       0.000     0.000 r  
                                                      0.000     0.000 r  aclk (IN)
                         net (fo=95256, unset)        0.030     0.030    aclk
    SLICE_X95Y226        FDRE                                         r  g_dnpipeN.g_grp[0].rq_p_reg[1][932]/C
  -------------------------------------------------------------------    -------------------
    SLICE_X95Y226        FDRE (Prop_AFF2_SLICEM_C_Q)
                                                      0.080     0.110 f  g_dnpipeN.g_grp[0].rq_p_reg[1][932]/Q
                         net (fo=1, estimated)        3.096     3.206    u_dn/g_dnpipeN.dn_rdq_reg[2047]_1[932]
    SLR Crossing[0->1]   
    SLICE_X95Y534        LUT5 (Prop_H6LUT_SLICEM_I4_O)
                                                      0.039     3.245 f  u_dn/p_1_out__7__8_i_12/O
                         net (fo=3, estimated)        0.545     3.790    u_dn_n_859
    SLICE_X92Y555        FDRE                                         f  g_dnpipeN.dn_rdq_reg[932]/D
  -------------------------------------------------------------------    -------------------

                         (clock aclk rise edge)       4.000     4.000 r  
                                                      0.000     4.000 r  aclk (IN)
                         net (fo=95256, unset)        0.021     4.021    aclk
    SLICE_X92Y555        FDRE                                         r  g_dnpipeN.dn_rdq_reg[932]/C
                         clock pessimism              0.000     4.021    
                         inter-SLR compensation      -0.003     4.018    
                         clock uncertainty           -0.035     3.982    
    SLICE_X92Y555        FDRE (Setup_GFF_SLICEM_C_D)
                                                      0.025     4.007    g_dnpipeN.dn_rdq_reg[932]
  -------------------------------------------------------------------
                         required time                          4.007    
                         arrival time                          -3.790    
  -------------------------------------------------------------------
                         slack                                  0.217    

Slack (MET) :             0.245ns  (required time - arrival time)
  Source:                 g_dnpipeN.g_grp[2].rq_p_reg[1][1334]/C
                            (rising edge-triggered cell FDRE clocked by aclk  {rise@0.000ns fall@2.000ns period=4.000ns})
  Destination:            g_dnpipeN.dn_rdq_reg[1334]/D
                            (rising edge-triggered cell FDRE clocked by aclk  {rise@0.000ns fall@2.000ns period=4.000ns})
  Path Group:             aclk
  Path Type:              Setup (Max at Slow Process Corner)
  Requirement:            4.000ns  (aclk rise@4.000ns - aclk rise@0.000ns)
  Data Path Delay:        3.733ns  (logic 0.203ns (5.438%)  route 3.530ns (94.562%))
  Logic Levels:           1  (LUT5=1)
  Clock Path Skew:        -0.008ns (DCD - SCD + CPR)
    Destination Clock Delay (DCD):    0.021ns = ( 4.021 - 4.000 ) 
    Source Clock Delay      (SCD):    0.029ns
    Clock Pessimism Removal (CPR):    0.000ns
  Clock Uncertainty:      0.035ns  ((TSJ^2 + TIJ^2)^1/2 + DJ) / 2 + PE
    Total System Jitter     (TSJ):    0.071ns
    Total Input Jitter      (TIJ):    0.000ns
    Discrete Jitter          (DJ):    0.000ns
    Phase Error              (PE):    0.000ns
  Inter-SLR Compensation: 0.003ns  (DCD * PF)
    Destination Clock Delay (DCD):    0.021ns
    Prorating Factor         (PF):    0.150

    Location             Delay type                Incr(ns)  Path(ns)    Netlist Resource(s)
  -------------------------------------------------------------------    -------------------
                         (clock aclk rise edge)       0.000     0.000 r  
                                                      0.000     0.000 r  aclk (IN)
                         net (fo=95256, unset)        0.029     0.029    aclk
    SLICE_X77Y661        FDRE                                         r  g_dnpipeN.g_grp[2].rq_p_reg[1][1334]/C
  -------------------------------------------------------------------    -------------------
    SLICE_X77Y661        FDRE (Prop_EFF_SLICEL_C_Q)
                                                      0.079     0.108 r  g_dnpipeN.g_grp[2].rq_p_reg[1][1334]/Q
                         net (fo=1, estimated)        2.696     2.804    u_dn/g_dnpipeN.dn_rdq_reg[2047][1334]
    SLR Crossing[2->1]   
    SLICE_X77Y385        LUT5 (Prop_H6LUT_SLICEL_I0_O)
                                                      0.124     2.928 r  u_dn/p_1_out__7__13_i_10/O
                         net (fo=3, estimated)        0.834     3.762    u_dn_n_1657
    SLICE_X102Y377       FDRE                                         r  g_dnpipeN.dn_rdq_reg[1334]/D
  -------------------------------------------------------------------    -------------------

                         (clock aclk rise edge)       4.000     4.000 r  
                                                      0.000     4.000 r  aclk (IN)
                         net (fo=95256, unset)        0.021     4.021    aclk
    SLICE_X102Y377       FDRE                                         r  g_dnpipeN.dn_rdq_reg[1334]/C
                         clock pessimism              0.000     4.021    
                         inter-SLR compensation      -0.003     4.018    
                         clock uncertainty           -0.035     3.982    
    SLICE_X102Y377       FDRE (Setup_HFF_SLICEM_C_D)
                                                      0.025     4.007    g_dnpipeN.dn_rdq_reg[1334]
  -------------------------------------------------------------------
                         required time                          4.007    
                         arrival time                          -3.762    
  -------------------------------------------------------------------
                         slack                                  0.245    

Slack (MET) :             0.245ns  (required time - arrival time)
  Source:                 g_dnpipeN.g_grp[2].rq_p_reg[1][1334]/C
                            (rising edge-triggered cell FDRE clocked by aclk  {rise@0.000ns fall@2.000ns period=4.000ns})
  Destination:            g_dnpipeN.dn_rdq_reg[1334]/D
                            (rising edge-triggered cell FDRE clocked by aclk  {rise@0.000ns fall@2.000ns period=4.000ns})
  Path Group:             aclk
  Path Type:              Setup (Max at Slow Process Corner)
  Requirement:            4.000ns  (aclk rise@4.000ns - aclk rise@0.000ns)
  Data Path Delay:        3.733ns  (logic 0.203ns (5.438%)  route 3.530ns (94.562%))
  Logic Levels:           1  (LUT5=1)
  Clock Path Skew:        -0.008ns (DCD - SCD + CPR)
    Destination Clock Delay (DCD):    0.021ns = ( 4.021 - 4.000 ) 
    Source Clock Delay      (SCD):    0.029ns
    Clock Pessimism Removal (CPR):    0.000ns
  Clock Uncertainty:      0.035ns  ((TSJ^2 + TIJ^2)^1/2 + DJ) / 2 + PE
    Total System Jitter     (TSJ):    0.071ns
    Total Input Jitter      (TIJ):    0.000ns
    Discrete Jitter          (DJ):    0.000ns
    Phase Error              (PE):    0.000ns
  Inter-SLR Compensation: 0.003ns  (DCD * PF)
    Destination Clock Delay (DCD):    0.021ns
    Prorating Factor         (PF):    0.150

    Location             Delay type                Incr(ns)  Path(ns)    Netlist Resource(s)
  -------------------------------------------------------------------    -------------------
                         (clock aclk rise edge)       0.000     0.000 r  
                                                      0.000     0.000 r  aclk (IN)
                         net (fo=95256, unset)        0.029     0.029    aclk
    SLICE_X77Y661        FDRE                                         r  g_dnpipeN.g_grp[2].rq_p_reg[1][1334]/C
  -------------------------------------------------------------------    -------------------
    SLICE_X77Y661        FDRE (Prop_EFF_SLICEL_C_Q)
                                                      0.079     0.108 f  g_dnpipeN.g_grp[2].rq_p_reg[1][1334]/Q
                         net (fo=1, estimated)        2.696     2.804    u_dn/g_dnpipeN.dn_rdq_reg[2047][1334]
    SLR Crossing[2->1]   
    SLICE_X77Y385        LUT5 (Prop_H6LUT_SLICEL_I0_O)
                                                      0.124     2.928 f  u_dn/p_1_out__7__13_i_10/O
                         net (fo=3, estimated)        0.834     3.762    u_dn_n_1657
    SLICE_X102Y377       FDRE                                         f  g_dnpipeN.dn_rdq_reg[1334]/D
  -------------------------------------------------------------------    -------------------

                         (clock aclk rise edge)       4.000     4.000 r  
                                                      0.000     4.000 r  aclk (IN)
                         net (fo=95256, unset)        0.021     4.021    aclk
    SLICE_X102Y377       FDRE                                         r  g_dnpipeN.dn_rdq_reg[1334]/C
                         clock pessimism              0.000     4.021    
                         inter-SLR compensation      -0.003     4.018    
                         clock uncertainty           -0.035     3.982    
    SLICE_X102Y377       FDRE (Setup_HFF_SLICEM_C_D)
                                                      0.025     4.007    g_dnpipeN.dn_rdq_reg[1334]
  -------------------------------------------------------------------
                         required time                          4.007    
                         arrival time                          -3.762    
  -------------------------------------------------------------------
                         slack                                  0.245    

Slack (MET) :             0.267ns  (required time - arrival time)
  Source:                 g_dnpipeN.g_grp[0].rq_p_reg[1][1138]/C
                            (rising edge-triggered cell FDRE clocked by aclk  {rise@0.000ns fall@2.000ns period=4.000ns})
  Destination:            g_dnpipeN.dn_rdq_reg[1138]/D
                            (rising edge-triggered cell FDRE clocked by aclk  {rise@0.000ns fall@2.000ns period=4.000ns})
  Path Group:             aclk
  Path Type:              Setup (Max at Slow Process Corner)
  Requirement:            4.000ns  (aclk rise@4.000ns - aclk rise@0.000ns)
  Data Path Delay:        3.711ns  (logic 0.118ns (3.180%)  route 3.593ns (96.820%))
  Logic Levels:           1  (LUT5=1)
  Clock Path Skew:        -0.009ns (DCD - SCD + CPR)
    Destination Clock Delay (DCD):    0.020ns = ( 4.020 - 4.000 ) 
    Source Clock Delay      (SCD):    0.029ns
    Clock Pessimism Removal (CPR):    0.000ns
  Clock Uncertainty:      0.035ns  ((TSJ^2 + TIJ^2)^1/2 + DJ) / 2 + PE
    Total System Jitter     (TSJ):    0.071ns
    Total Input Jitter      (TIJ):    0.000ns
    Discrete Jitter          (DJ):    0.000ns
    Phase Error              (PE):    0.000ns
  Inter-SLR Compensation: 0.003ns  (DCD * PF)
    Destination Clock Delay (DCD):    0.020ns
    Prorating Factor         (PF):    0.150

    Location             Delay type                Incr(ns)  Path(ns)    Netlist Resource(s)
  -------------------------------------------------------------------    -------------------
                         (clock aclk rise edge)       0.000     0.000 r  
                                                      0.000     0.000 r  aclk (IN)
                         net (fo=95256, unset)        0.029     0.029    aclk
    SLICE_X118Y268       FDRE                                         r  g_dnpipeN.g_grp[0].rq_p_reg[1][1138]/C
  -------------------------------------------------------------------    -------------------
    SLICE_X118Y268       FDRE (Prop_EFF2_SLICEL_C_Q)
                                                      0.081     0.110 r  g_dnpipeN.g_grp[0].rq_p_reg[1][1138]/Q
                         net (fo=1, estimated)        3.053     3.163    u_dn/g_dnpipeN.dn_rdq_reg[2047]_1[1138]
    SLR Crossing[0->1]   
    SLICE_X108Y517       LUT5 (Prop_G6LUT_SLICEM_I4_O)
                                                      0.037     3.200 r  u_dn/p_1_out__21__1_i_14/O
                         net (fo=3, estimated)        0.540     3.740    u_dn_n_461
    SLICE_X103Y509       FDRE                                         r  g_dnpipeN.dn_rdq_reg[1138]/D
  -------------------------------------------------------------------    -------------------

                         (clock aclk rise edge)       4.000     4.000 r  
                                                      0.000     4.000 r  aclk (IN)
                         net (fo=95256, unset)        0.020     4.020    aclk
    SLICE_X103Y509       FDRE                                         r  g_dnpipeN.dn_rdq_reg[1138]/C
                         clock pessimism              0.000     4.020    
                         inter-SLR compensation      -0.003     4.017    
                         clock uncertainty           -0.035     3.982    
    SLICE_X103Y509       FDRE (Setup_EFF_SLICEL_C_D)
                                                      0.025     4.007    g_dnpipeN.dn_rdq_reg[1138]
  -------------------------------------------------------------------
                         required time                          4.007    
                         arrival time                          -3.740    
  -------------------------------------------------------------------
                         slack                                  0.267    

Slack (MET) :             0.267ns  (required time - arrival time)
  Source:                 g_dnpipeN.g_grp[0].rq_p_reg[1][1138]/C
                            (rising edge-triggered cell FDRE clocked by aclk  {rise@0.000ns fall@2.000ns period=4.000ns})
  Destination:            g_dnpipeN.dn_rdq_reg[1138]/D
                            (rising edge-triggered cell FDRE clocked by aclk  {rise@0.000ns fall@2.000ns period=4.000ns})
  Path Group:             aclk
  Path Type:              Setup (Max at Slow Process Corner)
  Requirement:            4.000ns  (aclk rise@4.000ns - aclk rise@0.000ns)
  Data Path Delay:        3.711ns  (logic 0.118ns (3.180%)  route 3.593ns (96.820%))
  Logic Levels:           1  (LUT5=1)
  Clock Path Skew:        -0.009ns (DCD - SCD + CPR)
    Destination Clock Delay (DCD):    0.020ns = ( 4.020 - 4.000 ) 
    Source Clock Delay      (SCD):    0.029ns
    Clock Pessimism Removal (CPR):    0.000ns
  Clock Uncertainty:      0.035ns  ((TSJ^2 + TIJ^2)^1/2 + DJ) / 2 + PE
    Total System Jitter     (TSJ):    0.071ns
    Total Input Jitter      (TIJ):    0.000ns
    Discrete Jitter          (DJ):    0.000ns
    Phase Error              (PE):    0.000ns
  Inter-SLR Compensation: 0.003ns  (DCD * PF)
    Destination Clock Delay (DCD):    0.020ns
    Prorating Factor         (PF):    0.150

    Location             Delay type                Incr(ns)  Path(ns)    Netlist Resource(s)
  -------------------------------------------------------------------    -------------------
                         (clock aclk rise edge)       0.000     0.000 r  
                                                      0.000     0.000 r  aclk (IN)
                         net (fo=95256, unset)        0.029     0.029    aclk
    SLICE_X118Y268       FDRE                                         r  g_dnpipeN.g_grp[0].rq_p_reg[1][1138]/C
  -------------------------------------------------------------------    -------------------
    SLICE_X118Y268       FDRE (Prop_EFF2_SLICEL_C_Q)
                                                      0.081     0.110 f  g_dnpipeN.g_grp[0].rq_p_reg[1][1138]/Q
                         net (fo=1, estimated)        3.053     3.163    u_dn/g_dnpipeN.dn_rdq_reg[2047]_1[1138]
    SLR Crossing[0->1]   
    SLICE_X108Y517       LUT5 (Prop_G6LUT_SLICEM_I4_O)
                                                      0.037     3.200 f  u_dn/p_1_out__21__1_i_14/O
                         net (fo=3, estimated)        0.540     3.740    u_dn_n_461
    SLICE_X103Y509       FDRE                                         f  g_dnpipeN.dn_rdq_reg[1138]/D
  -------------------------------------------------------------------    -------------------

                         (clock aclk rise edge)       4.000     4.000 r  
                                                      0.000     4.000 r  aclk (IN)
                         net (fo=95256, unset)        0.020     4.020    aclk
    SLICE_X103Y509       FDRE                                         r  g_dnpipeN.dn_rdq_reg[1138]/C
                         clock pessimism              0.000     4.020    
                         inter-SLR compensation      -0.003     4.017    
                         clock uncertainty           -0.035     3.982    
    SLICE_X103Y509       FDRE (Setup_EFF_SLICEL_C_D)
                                                      0.025     4.007    g_dnpipeN.dn_rdq_reg[1138]
  -------------------------------------------------------------------
                         required time                          4.007    
                         arrival time                          -3.740    
  -------------------------------------------------------------------
                         slack                                  0.267    

Slack (MET) :             0.292ns  (required time - arrival time)
  Source:                 g_dnpipeN.g_grp[2].rq_p_reg[1][762]/C
                            (rising edge-triggered cell FDRE clocked by aclk  {rise@0.000ns fall@2.000ns period=4.000ns})
  Destination:            g_dnpipeN.dn_rdq_reg[762]/D
                            (rising edge-triggered cell FDRE clocked by aclk  {rise@0.000ns fall@2.000ns period=4.000ns})
  Path Group:             aclk
  Path Type:              Setup (Max at Slow Process Corner)
  Requirement:            4.000ns  (aclk rise@4.000ns - aclk rise@0.000ns)
  Data Path Delay:        3.687ns  (logic 0.203ns (5.506%)  route 3.484ns (94.494%))
  Logic Levels:           1  (LUT5=1)
  Clock Path Skew:        -0.008ns (DCD - SCD + CPR)
    Destination Clock Delay (DCD):    0.020ns = ( 4.020 - 4.000 ) 
    Source Clock Delay      (SCD):    0.028ns
    Clock Pessimism Removal (CPR):    0.000ns
  Clock Uncertainty:      0.035ns  ((TSJ^2 + TIJ^2)^1/2 + DJ) / 2 + PE
    Total System Jitter     (TSJ):    0.071ns
    Total Input Jitter      (TIJ):    0.000ns
    Discrete Jitter          (DJ):    0.000ns
    Phase Error              (PE):    0.000ns
  Inter-SLR Compensation: 0.003ns  (DCD * PF)
    Destination Clock Delay (DCD):    0.020ns
    Prorating Factor         (PF):    0.150

    Location             Delay type                Incr(ns)  Path(ns)    Netlist Resource(s)
  -------------------------------------------------------------------    -------------------
                         (clock aclk rise edge)       0.000     0.000 r  
                                                      0.000     0.000 r  aclk (IN)
                         net (fo=95256, unset)        0.028     0.028    aclk
    SLICE_X71Y643        FDRE                                         r  g_dnpipeN.g_grp[2].rq_p_reg[1][762]/C
  -------------------------------------------------------------------    -------------------
    SLICE_X71Y643        FDRE (Prop_CFF2_SLICEL_C_Q)
                                                      0.080     0.108 r  g_dnpipeN.g_grp[2].rq_p_reg[1][762]/Q
                         net (fo=1, estimated)        2.697     2.805    u_dn/g_dnpipeN.dn_rdq_reg[2047][762]
    SLR Crossing[2->1]   
    SLICE_X78Y369        LUT5 (Prop_G6LUT_SLICEM_I0_O)
                                                      0.123     2.928 r  u_dn/p_1_out__3__8_i_6/O
                         net (fo=3, estimated)        0.787     3.715    u_dn_n_789
    SLICE_X86Y333        FDRE                                         r  g_dnpipeN.dn_rdq_reg[762]/D
  -------------------------------------------------------------------    -------------------

                         (clock aclk rise edge)       4.000     4.000 r  
                                                      0.000     4.000 r  aclk (IN)
                         net (fo=95256, unset)        0.020     4.020    aclk
    SLICE_X86Y333        FDRE                                         r  g_dnpipeN.dn_rdq_reg[762]/C
                         clock pessimism              0.000     4.020    
                         inter-SLR compensation      -0.003     4.017    
                         clock uncertainty           -0.035     3.982    
    SLICE_X86Y333        FDRE (Setup_EFF_SLICEL_C_D)
                                                      0.025     4.007    g_dnpipeN.dn_rdq_reg[762]
  -------------------------------------------------------------------
                         required time                          4.007    
                         arrival time                          -3.715    
  -------------------------------------------------------------------
                         slack                                  0.292    

Slack (MET) :             0.292ns  (required time - arrival time)
  Source:                 g_dnpipeN.g_grp[2].rq_p_reg[1][762]/C
                            (rising edge-triggered cell FDRE clocked by aclk  {rise@0.000ns fall@2.000ns period=4.000ns})
  Destination:            g_dnpipeN.dn_rdq_reg[762]/D
                            (rising edge-triggered cell FDRE clocked by aclk  {rise@0.000ns fall@2.000ns period=4.000ns})
  Path Group:             aclk
  Path Type:              Setup (Max at Slow Process Corner)
  Requirement:            4.000ns  (aclk rise@4.000ns - aclk rise@0.000ns)
  Data Path Delay:        3.687ns  (logic 0.203ns (5.506%)  route 3.484ns (94.494%))
  Logic Levels:           1  (LUT5=1)
  Clock Path Skew:        -0.008ns (DCD - SCD + CPR)
    Destination Clock Delay (DCD):    0.020ns = ( 4.020 - 4.000 ) 
    Source Clock Delay      (SCD):    0.028ns
    Clock Pessimism Removal (CPR):    0.000ns
  Clock Uncertainty:      0.035ns  ((TSJ^2 + TIJ^2)^1/2 + DJ) / 2 + PE
    Total System Jitter     (TSJ):    0.071ns
    Total Input Jitter      (TIJ):    0.000ns
    Discrete Jitter          (DJ):    0.000ns
    Phase Error              (PE):    0.000ns
  Inter-SLR Compensation: 0.003ns  (DCD * PF)
    Destination Clock Delay (DCD):    0.020ns
    Prorating Factor         (PF):    0.150

    Location             Delay type                Incr(ns)  Path(ns)    Netlist Resource(s)
  -------------------------------------------------------------------    -------------------
                         (clock aclk rise edge)       0.000     0.000 r  
                                                      0.000     0.000 r  aclk (IN)
                         net (fo=95256, unset)        0.028     0.028    aclk
    SLICE_X71Y643        FDRE                                         r  g_dnpipeN.g_grp[2].rq_p_reg[1][762]/C
  -------------------------------------------------------------------    -------------------
    SLICE_X71Y643        FDRE (Prop_CFF2_SLICEL_C_Q)
                                                      0.080     0.108 f  g_dnpipeN.g_grp[2].rq_p_reg[1][762]/Q
                         net (fo=1, estimated)        2.697     2.805    u_dn/g_dnpipeN.dn_rdq_reg[2047][762]
    SLR Crossing[2->1]   
    SLICE_X78Y369        LUT5 (Prop_G6LUT_SLICEM_I0_O)
                                                      0.123     2.928 f  u_dn/p_1_out__3__8_i_6/O
                         net (fo=3, estimated)        0.787     3.715    u_dn_n_789
    SLICE_X86Y333        FDRE                                         f  g_dnpipeN.dn_rdq_reg[762]/D
  -------------------------------------------------------------------    -------------------

                         (clock aclk rise edge)       4.000     4.000 r  
                                                      0.000     4.000 r  aclk (IN)
                         net (fo=95256, unset)        0.020     4.020    aclk
    SLICE_X86Y333        FDRE                                         r  g_dnpipeN.dn_rdq_reg[762]/C
                         clock pessimism              0.000     4.020    
                         inter-SLR compensation      -0.003     4.017    
                         clock uncertainty           -0.035     3.982    
    SLICE_X86Y333        FDRE (Setup_EFF_SLICEL_C_D)
                                                      0.025     4.007    g_dnpipeN.dn_rdq_reg[762]
  -------------------------------------------------------------------
                         required time                          4.007    
                         arrival time                          -3.715    
  -------------------------------------------------------------------
                         slack                                  0.292    

Slack (MET) :             0.314ns  (required time - arrival time)
  Source:                 g_dnpipeN.g_grp[0].rq_p_reg[1][1144]/C
                            (rising edge-triggered cell FDRE clocked by aclk  {rise@0.000ns fall@2.000ns period=4.000ns})
  Destination:            g_dnpipeN.dn_rdq_reg[1144]/D
                            (rising edge-triggered cell FDRE clocked by aclk  {rise@0.000ns fall@2.000ns period=4.000ns})
  Path Group:             aclk
  Path Type:              Setup (Max at Slow Process Corner)
  Requirement:            4.000ns  (aclk rise@4.000ns - aclk rise@0.000ns)
  Data Path Delay:        3.664ns  (logic 0.115ns (3.139%)  route 3.549ns (96.861%))
  Logic Levels:           1  (LUT5=1)
  Clock Path Skew:        -0.009ns (DCD - SCD + CPR)
    Destination Clock Delay (DCD):    0.020ns = ( 4.020 - 4.000 ) 
    Source Clock Delay      (SCD):    0.029ns
    Clock Pessimism Removal (CPR):    0.000ns
  Clock Uncertainty:      0.035ns  ((TSJ^2 + TIJ^2)^1/2 + DJ) / 2 + PE
    Total System Jitter     (TSJ):    0.071ns
    Total Input Jitter      (TIJ):    0.000ns
    Discrete Jitter          (DJ):    0.000ns
    Phase Error              (PE):    0.000ns
  Inter-SLR Compensation: 0.003ns  (DCD * PF)
    Destination Clock Delay (DCD):    0.020ns
    Prorating Factor         (PF):    0.150

    Location             Delay type                Incr(ns)  Path(ns)    Netlist Resource(s)
  -------------------------------------------------------------------    -------------------
                         (clock aclk rise edge)       0.000     0.000 r  
                                                      0.000     0.000 r  aclk (IN)
                         net (fo=95256, unset)        0.029     0.029    aclk
    SLICE_X118Y271       FDRE                                         r  g_dnpipeN.g_grp[0].rq_p_reg[1][1144]/C
  -------------------------------------------------------------------    -------------------
    SLICE_X118Y271       FDRE (Prop_EFF_SLICEL_C_Q)
                                                      0.079     0.108 r  g_dnpipeN.g_grp[0].rq_p_reg[1][1144]/Q
                         net (fo=1, estimated)        3.013     3.121    u_dn/g_dnpipeN.dn_rdq_reg[2047]_1[1144]
    SLR Crossing[0->1]   
    SLICE_X106Y517       LUT5 (Prop_H6LUT_SLICEL_I4_O)
                                                      0.036     3.157 r  u_dn/p_1_out__21__1_i_8/O
                         net (fo=3, estimated)        0.536     3.693    u_dn_n_455
    SLICE_X105Y498       FDRE                                         r  g_dnpipeN.dn_rdq_reg[1144]/D
  -------------------------------------------------------------------    -------------------

                         (clock aclk rise edge)       4.000     4.000 r  
                                                      0.000     4.000 r  aclk (IN)
                         net (fo=95256, unset)        0.020     4.020    aclk
    SLICE_X105Y498       FDRE                                         r  g_dnpipeN.dn_rdq_reg[1144]/C
                         clock pessimism              0.000     4.020    
                         inter-SLR compensation      -0.003     4.017    
                         clock uncertainty           -0.035     3.982    
    SLICE_X105Y498       FDRE (Setup_EFF_SLICEL_C_D)
                                                      0.025     4.007    g_dnpipeN.dn_rdq_reg[1144]
  -------------------------------------------------------------------
                         required time                          4.007    
                         arrival time                          -3.693    
  -------------------------------------------------------------------
                         slack                                  0.314    

Slack (MET) :             0.314ns  (required time - arrival time)
  Source:                 g_dnpipeN.g_grp[0].rq_p_reg[1][1144]/C
                            (rising edge-triggered cell FDRE clocked by aclk  {rise@0.000ns fall@2.000ns period=4.000ns})
  Destination:            g_dnpipeN.dn_rdq_reg[1144]/D
                            (rising edge-triggered cell FDRE clocked by aclk  {rise@0.000ns fall@2.000ns period=4.000ns})
  Path Group:             aclk
  Path Type:              Setup (Max at Slow Process Corner)
  Requirement:            4.000ns  (aclk rise@4.000ns - aclk rise@0.000ns)
  Data Path Delay:        3.664ns  (logic 0.115ns (3.139%)  route 3.549ns (96.861%))
  Logic Levels:           1  (LUT5=1)
  Clock Path Skew:        -0.009ns (DCD - SCD + CPR)
    Destination Clock Delay (DCD):    0.020ns = ( 4.020 - 4.000 ) 
    Source Clock Delay      (SCD):    0.029ns
    Clock Pessimism Removal (CPR):    0.000ns
  Clock Uncertainty:      0.035ns  ((TSJ^2 + TIJ^2)^1/2 + DJ) / 2 + PE
    Total System Jitter     (TSJ):    0.071ns
    Total Input Jitter      (TIJ):    0.000ns
    Discrete Jitter          (DJ):    0.000ns
    Phase Error              (PE):    0.000ns
  Inter-SLR Compensation: 0.003ns  (DCD * PF)
    Destination Clock Delay (DCD):    0.020ns
    Prorating Factor         (PF):    0.150

    Location             Delay type                Incr(ns)  Path(ns)    Netlist Resource(s)
  -------------------------------------------------------------------    -------------------
                         (clock aclk rise edge)       0.000     0.000 r  
                                                      0.000     0.000 r  aclk (IN)
                         net (fo=95256, unset)        0.029     0.029    aclk
    SLICE_X118Y271       FDRE                                         r  g_dnpipeN.g_grp[0].rq_p_reg[1][1144]/C
  -------------------------------------------------------------------    -------------------
    SLICE_X118Y271       FDRE (Prop_EFF_SLICEL_C_Q)
                                                      0.079     0.108 f  g_dnpipeN.g_grp[0].rq_p_reg[1][1144]/Q
                         net (fo=1, estimated)        3.013     3.121    u_dn/g_dnpipeN.dn_rdq_reg[2047]_1[1144]
    SLR Crossing[0->1]   
    SLICE_X106Y517       LUT5 (Prop_H6LUT_SLICEL_I4_O)
                                                      0.036     3.157 f  u_dn/p_1_out__21__1_i_8/O
                         net (fo=3, estimated)        0.536     3.693    u_dn_n_455
    SLICE_X105Y498       FDRE                                         f  g_dnpipeN.dn_rdq_reg[1144]/D
  -------------------------------------------------------------------    -------------------

                         (clock aclk rise edge)       4.000     4.000 r  
                                                      0.000     4.000 r  aclk (IN)
                         net (fo=95256, unset)        0.020     4.020    aclk
    SLICE_X105Y498       FDRE                                         r  g_dnpipeN.dn_rdq_reg[1144]/C
                         clock pessimism              0.000     4.020    
                         inter-SLR compensation      -0.003     4.017    
                         clock uncertainty           -0.035     3.982    
    SLICE_X105Y498       FDRE (Setup_EFF_SLICEL_C_D)
                                                      0.025     4.007    g_dnpipeN.dn_rdq_reg[1144]
  -------------------------------------------------------------------
                         required time                          4.007    
                         arrival time                          -3.693    
  -------------------------------------------------------------------
                         slack                                  0.314    




