Copyright 1986-2022 Xilinx, Inc. All Rights Reserved. Copyright 2022-2024 Advanced Micro Devices, Inc. All Rights Reserved.
---------------------------------------------------------------------------------------------------------------------------------------------
| Tool Version : Vivado v.2024.2 (lin64) Build 5239630 Fri Nov 08 22:34:34 MST 2024
| Date         : Thu Sep  3 21:51:04 2026
| Host         : snoke running 64-bit Ubuntu 24.04.4 LTS
| Command      : report_utilization -slr -file /home/cah/r2d2/code/fpga/fable5_llm/synth/out_exp_uram_g5_v4b/reports/util_placed_slr.rpt
| Design       : layer_chan
| Device       : xcvu9p-fsgd2104-2L-e
| Speed File   : -2L
| Design State : Fully Placed
---------------------------------------------------------------------------------------------------------------------------------------------

Utilization Design Information

Table of Contents
-----------------
1. SLR Connectivity
2. SLR Connectivity Matrix
3. SLR CLB Logic and Dedicated Block Utilization
4. SLR IO Utilization

1. SLR Connectivity
-------------------

+----------------------------------+-------+-------+-----------+-------+
|                                  |  Used | Fixed | Available | Util% |
+----------------------------------+-------+-------+-----------+-------+
| SLR2 <-> SLR1                    |  6567 |       |     17280 | 38.00 |
|   SLR1 -> SLR2                   |  3204 |       |           | 18.54 |
|     Using TX_REG only            |     0 |     0 |           |       |
|     Using RX_REG only            |     0 |     0 |           |       |
|     Using Both TX_REG and RX_REG |     0 |     0 |           |       |
|   SLR2 -> SLR1                   |  3363 |       |           | 19.46 |
|     Using TX_REG only            |     0 |     0 |           |       |
|     Using RX_REG only            |     0 |     0 |           |       |
|     Using Both TX_REG and RX_REG |     0 |     0 |           |       |
| SLR1 <-> SLR0                    | 10189 |       |     17280 | 58.96 |
|   SLR0 -> SLR1                   |  6970 |       |           | 40.34 |
|     Using TX_REG only            |     0 |     0 |           |       |
|     Using RX_REG only            |     0 |     0 |           |       |
|     Using Both TX_REG and RX_REG |     0 |     0 |           |       |
|   SLR1 -> SLR0                   |  3219 |       |           | 18.63 |
|     Using TX_REG only            |     0 |     0 |           |       |
|     Using RX_REG only            |     0 |     0 |           |       |
|     Using Both TX_REG and RX_REG |     0 |     0 |           |       |
+----------------------------------+-------+-------+-----------+-------+
| Total SLLs Used                  | 16756 |       |           |       |
+----------------------------------+-------+-------+-----------+-------+


2. SLR Connectivity Matrix
--------------------------

+-----------+------+------+------+
| FROM \ TO | SLR2 | SLR1 | SLR0 |
+-----------+------+------+------+
| SLR2      |    0 | 3363 |    0 |
| SLR1      | 3203 |    0 | 3219 |
| SLR0      |    1 | 6969 |    0 |
+-----------+------+------+------+


3. SLR CLB Logic and Dedicated Block Utilization
------------------------------------------------

+----------------------------+------+-------+-------+--------+--------+--------+
|          Site Type         | SLR0 |  SLR1 |  SLR2 | SLR0 % | SLR1 % | SLR2 % |
+----------------------------+------+-------+-------+--------+--------+--------+
| CLB                        | 1786 | 20059 |  2645 |   3.63 |  40.72 |   5.37 |
|   CLBL                     | 1113 |  9532 |  1322 |   4.52 |  38.75 |   5.37 |
|   CLBM                     |  673 | 10527 |  1323 |   2.73 |  42.69 |   5.36 |
| CLB LUTs                   | 5334 | 87525 | 13467 |   1.35 |  22.21 |   3.42 |
|   LUT as Logic             | 5334 | 86912 | 13467 |   1.35 |  22.05 |   3.42 |
|     using O5 output only   |    3 |  2754 |     3 |  <0.01 |   0.70 |  <0.01 |
|     using O6 output only   | 5274 | 67610 | 12482 |   1.34 |  17.16 |   3.17 |
|     using O5 and O6        |   57 | 16548 |   982 |   0.01 |   4.20 |   0.25 |
|   LUT as Memory            |    0 |   613 |     0 |   0.00 |   0.31 |   0.00 |
|     LUT as Distributed RAM |    0 |   590 |     0 |   0.00 |   0.30 |   0.00 |
|       using O6 output only |    0 |   536 |     0 |   0.00 |   0.27 |   0.00 |
|       using O5 and O6      |    0 |    54 |     0 |   0.00 |   0.03 |   0.00 |
|     LUT as Shift Register  |    0 |    23 |     0 |   0.00 |   0.01 |   0.00 |
|       using O6 output only |    0 |     7 |     0 |   0.00 |  <0.01 |   0.00 |
|       using O5 and O6      |    0 |    16 |     0 |   0.00 |  <0.01 |   0.00 |
| CLB Registers              | 5114 | 65589 | 10021 |   0.65 |   8.32 |   1.27 |
| CARRY8                     |    0 |  7061 |   773 |   0.00 |  14.33 |   1.57 |
| F7 Muxes                   | 2245 |  5806 |  2808 |   1.14 |   2.95 |   1.43 |
| F8 Muxes                   |    0 |   833 |   128 |   0.00 |   0.85 |   0.13 |
| F9 Muxes                   |    0 |    32 |     0 |   0.00 |   0.06 |   0.00 |
| Block RAM Tile             |  288 |   402 |     0 |  40.00 |  55.83 |   0.00 |
|   RAMB36/FIFO              |  288 |   386 |     0 |  40.00 |  53.61 |   0.00 |
|   RAMB18                   |    0 |    32 |     0 |   0.00 |   2.22 |   0.00 |
| URAM                       |  307 |   320 |   301 |  95.94 | 100.00 |  94.06 |
| DSPs                       |    1 |  1705 |   130 |   0.04 |  74.78 |   5.70 |
| Unique Control Sets        |   11 |  1147 |    19 |   0.01 |   1.16 |   0.02 |
+----------------------------+------+-------+-------+--------+--------+--------+
* Note: Available Control Sets based on CLB Registers / 8


4. SLR IO Utilization
---------------------

+-----------+-----------+---------+------------+----------+------------+----------+-----+
| SLR Index | Used IOBs | (%)IOBs | Used IPADs | (%)IPADs | Used OPADs | (%)OPADs | GTs |
+-----------+-----------+---------+------------+----------+------------+----------+-----+
| SLR2      |         0 |    0.00 |          0 |     0.00 |          0 |     0.00 |   0 |
| SLR1      |         0 |    0.00 |          0 |     0.00 |          0 |     0.00 |   0 |
| SLR0      |         0 |    0.00 |          0 |     0.00 |          0 |     0.00 |   0 |
+-----------+-----------+---------+------------+----------+------------+----------+-----+
| Total     |         0 |         |          0 |          |          0 |          |   0 |
+-----------+-----------+---------+------------+----------+------------+----------+-----+


