=== finish_run for g5_v1b, re-derived from /home/cah/r2d2/code/fpga/fable5_llm/synth/out_exp_uram_g5_v1b/post_place.dcp
=== host: darthplagueis
=== date: 2026-09-04T00:16:33-06:00
=== tree: 221326c+dirty
=== dcp:  2026-09-03 21:28:55.864424394 -0600 105076627 bytes
=== ---
FIN_DCP: /home/cah/r2d2/code/fpga/fable5_llm/synth/out_exp_uram_g5_v1b/post_place.dcp
FIN_TOP: layer_chan
FIN_PART: xcvu9p-fsgd2104-2L-e
FIN_DNMUX_ENDPOINT_CELLS: 2048
FIN_DNMUX_WORST_SLACK: 0.224
FIN_DNMUX_DECOMP: levels=1 datapath=3.753 logic=0.180 route=3.573
FIN_KVMUX_TRY {*at_kvdata_reg*} -> 0
FIN_KVMUX_TRY {*at_kvdata*} -> 0
FIN_KVMUX_TRY {*kv_rdq_b*} -> 0
FIN_KVMUX_WORST_SLACK: n/a
FIN_TIMING_SUMMARY: WNS=-1.820 TNS=-4980.572 TNS_FAILING_EP=10088 TNS_TOTAL_EP=454499 WHS=0.013 THS=0.000 THS_FAILING_EP=0 THS_TOTAL_EP=454499
FIN_PLACED_WNS: -1.820
FIN_PLACED_WHS: 0.013
FIN_WNS_START: g_dnpipeN.g_grp[2].bs_p_reg[1][3]/C
FIN_WNS_END: g_dnpipeN.g_grp[2].g_dn[4].mem_reg_uram_24/BWE_B[3]
FIN_DNWRITE_WORST_SLACK: -1.820
FIN_DNWRITE_DECOMP: levels=1 datapath=5.399 logic=0.201 route=5.198 route_pct=96.3
FIN_PBLOCKS: 0
FIN_DONE
