Copyright 1986-2022 Xilinx, Inc. All Rights Reserved. Copyright 2022-2024 Advanced Micro Devices, Inc. All Rights Reserved.
---------------------------------------------------------------------------------------------------------------------------------------------
| Tool Version : Vivado v.2024.2 (lin64) Build 5239630 Fri Nov 08 22:34:34 MST 2024
| Date         : Thu Sep  3 21:29:17 2026
| Host         : snoke running 64-bit Ubuntu 24.04.4 LTS
| Command      : report_utilization -slr -file /home/cah/r2d2/code/fpga/fable5_llm/synth/out_exp_uram_g5_v1b/reports/util_placed_slr.rpt
| Design       : layer_chan
| Device       : xcvu9p-fsgd2104-2L-e
| Speed File   : -2L
| Design State : Fully Placed
---------------------------------------------------------------------------------------------------------------------------------------------

Utilization Design Information

Table of Contents
-----------------
1. SLR Connectivity
2. SLR Connectivity Matrix
3. SLR CLB Logic and Dedicated Block Utilization
4. SLR IO Utilization

1. SLR Connectivity
-------------------

+----------------------------------+------+-------+-----------+-------+
|                                  | Used | Fixed | Available | Util% |
+----------------------------------+------+-------+-----------+-------+
| SLR2 <-> SLR1                    | 3544 |       |     17280 | 20.51 |
|   SLR1 -> SLR2                   | 2648 |       |           | 15.32 |
|     Using TX_REG only            |    0 |     0 |           |       |
|     Using RX_REG only            |    0 |     0 |           |       |
|     Using Both TX_REG and RX_REG |    0 |     0 |           |       |
|   SLR2 -> SLR1                   |  896 |       |           |  5.19 |
|     Using TX_REG only            |    0 |     0 |           |       |
|     Using RX_REG only            |    0 |     0 |           |       |
|     Using Both TX_REG and RX_REG |    0 |     0 |           |       |
| SLR1 <-> SLR0                    | 2423 |       |     17280 | 14.02 |
|   SLR0 -> SLR1                   |  872 |       |           |  5.05 |
|     Using TX_REG only            |    0 |     0 |           |       |
|     Using RX_REG only            |    0 |     0 |           |       |
|     Using Both TX_REG and RX_REG |    0 |     0 |           |       |
|   SLR1 -> SLR0                   | 1551 |       |           |  8.98 |
|     Using TX_REG only            |    0 |     0 |           |       |
|     Using RX_REG only            |    0 |     0 |           |       |
|     Using Both TX_REG and RX_REG |    0 |     0 |           |       |
+----------------------------------+------+-------+-----------+-------+
| Total SLLs Used                  | 5967 |       |           |       |
+----------------------------------+------+-------+-----------+-------+


2. SLR Connectivity Matrix
--------------------------

+-----------+------+------+------+
| FROM \ TO | SLR2 | SLR1 | SLR0 |
+-----------+------+------+------+
| SLR2      |    0 |  896 |    0 |
| SLR1      | 2647 |    0 | 1551 |
| SLR0      |    1 |  871 |    0 |
+-----------+------+------+------+


3. SLR CLB Logic and Dedicated Block Utilization
------------------------------------------------

+----------------------------+-------+-------+------+--------+--------+--------+
|          Site Type         |  SLR0 |  SLR1 | SLR2 | SLR0 % | SLR1 % | SLR2 % |
+----------------------------+-------+-------+------+--------+--------+--------+
| CLB                        |  9631 | 13438 | 1966 |  19.55 |  27.28 |   3.99 |
|   CLBL                     |  4556 |  6250 |  975 |  18.52 |  25.41 |   3.96 |
|   CLBM                     |  5075 |  7188 |  991 |  20.58 |  29.15 |   4.02 |
| CLB LUTs                   | 44770 | 55656 | 5912 |  11.36 |  14.12 |   1.50 |
|   LUT as Logic             | 44770 | 55043 | 5912 |  11.36 |  13.97 |   1.50 |
|     using O5 output only   |   439 |  2324 |    0 |   0.11 |   0.59 |   0.00 |
|     using O6 output only   | 38720 | 40755 | 5912 |   9.83 |  10.34 |   1.50 |
|     using O5 and O6        |  5611 | 11964 |    0 |   1.42 |   3.04 |   0.00 |
|   LUT as Memory            |     0 |   613 |    0 |   0.00 |   0.31 |   0.00 |
|     LUT as Distributed RAM |     0 |   590 |    0 |   0.00 |   0.30 |   0.00 |
|       using O6 output only |     0 |   536 |    0 |   0.00 |   0.27 |   0.00 |
|       using O5 and O6      |     0 |    54 |    0 |   0.00 |   0.03 |   0.00 |
|     LUT as Shift Register  |     0 |    23 |    0 |   0.00 |   0.01 |   0.00 |
|       using O6 output only |     0 |     7 |    0 |   0.00 |  <0.01 |   0.00 |
|       using O5 and O6      |     0 |    16 |    0 |   0.00 |  <0.01 |   0.00 |
| CLB Registers              | 36875 | 36430 | 7721 |   4.68 |   4.62 |   0.98 |
| CARRY8                     |  3479 |  4355 |    0 |   7.06 |   8.84 |   0.00 |
| F7 Muxes                   |  3954 |  4361 | 2544 |   2.01 |   2.21 |   1.29 |
| F8 Muxes                   |   488 |   473 |    0 |   0.50 |   0.48 |   0.00 |
| F9 Muxes                   |     0 |    32 |    0 |   0.00 |   0.06 |   0.00 |
| Block RAM Tile             | 193.5 | 496.5 |    0 |  26.88 |  68.96 |   0.00 |
|   RAMB36/FIFO              |   192 |   482 |    0 |  26.67 |  66.94 |   0.00 |
|   RAMB18                   |     3 |    29 |    0 |   0.21 |   2.01 |   0.00 |
| URAM                       |   320 |   312 |  296 | 100.00 |  97.50 |  92.50 |
| DSPs                       |   664 |  1172 |    0 |  29.12 |  51.40 |   0.00 |
| Unique Control Sets        |   323 |   863 |    1 |   0.33 |   0.88 |  <0.01 |
+----------------------------+-------+-------+------+--------+--------+--------+
* Note: Available Control Sets based on CLB Registers / 8


4. SLR IO Utilization
---------------------

+-----------+-----------+---------+------------+----------+------------+----------+-----+
| SLR Index | Used IOBs | (%)IOBs | Used IPADs | (%)IPADs | Used OPADs | (%)OPADs | GTs |
+-----------+-----------+---------+------------+----------+------------+----------+-----+
| SLR2      |         0 |    0.00 |          0 |     0.00 |          0 |     0.00 |   0 |
| SLR1      |         0 |    0.00 |          0 |     0.00 |          0 |     0.00 |   0 |
| SLR0      |         0 |    0.00 |          0 |     0.00 |          0 |     0.00 |   0 |
+-----------+-----------+---------+------------+----------+------------+----------+-----+
| Total     |         0 |         |          0 |          |          0 |          |   0 |
+-----------+-----------+---------+------------+----------+------------+----------+-----+


