Copyright 1986-2022 Xilinx, Inc. All Rights Reserved. Copyright 2022-2024 Advanced Micro Devices, Inc. All Rights Reserved.
--------------------------------------------------------------------------------------------------------------------------------------------------------------------------------------------------------------------------------------------------------
| Tool Version      : Vivado v.2024.2 (lin64) Build 5239630 Fri Nov 08 22:34:34 MST 2024
| Date              : Fri Sep  4 00:03:32 2026
| Host              : snoke running 64-bit Ubuntu 24.04.4 LTS
| Command           : report_timing -to [get_cells -quiet -hier -filter {REF_NAME =~ URAM288* && NAME =~ *g_kv*}] -max_paths 20 -nworst 20 -setup -file /home/cah/r2d2/code/fpga/fable5_llm/synth/out_exp_uram_g5_v1a/reports/kv_write_fanout_paths.rpt
| Design            : layer_chan
| Device            : xcvu9p-fsgd2104
| Speed File        : -2L  PRODUCTION 1.28 03-30-2022
| Design State      : Fully Placed
| Temperature Grade : E
--------------------------------------------------------------------------------------------------------------------------------------------------------------------------------------------------------------------------------------------------------

Timing Report

Slack (VIOLATED) :        -0.853ns  (required time - arrival time)
  Source:                 kv_we_reg/C
                            (rising edge-triggered cell FDRE clocked by aclk  {rise@0.000ns fall@2.000ns period=4.000ns})
  Destination:            g_kv[3].mem_reg_uram_13/BWE_B[1]
                            (rising edge-triggered cell URAM288 clocked by aclk  {rise@0.000ns fall@2.000ns period=4.000ns})
  Path Group:             aclk
  Path Type:              Setup (Max at Slow Process Corner)
  Requirement:            4.000ns  (aclk rise@4.000ns - aclk rise@0.000ns)
  Data Path Delay:        4.432ns  (logic 0.175ns (3.949%)  route 4.257ns (96.051%))
  Logic Levels:           1  (LUT4=1)
  Clock Path Skew:        0.034ns (DCD - SCD + CPR)
    Destination Clock Delay (DCD):    0.064ns = ( 4.064 - 4.000 ) 
    Source Clock Delay      (SCD):    0.030ns
    Clock Pessimism Removal (CPR):    0.000ns
  Clock Uncertainty:      0.035ns  ((TSJ^2 + TIJ^2)^1/2 + DJ) / 2 + PE
    Total System Jitter     (TSJ):    0.071ns
    Total Input Jitter      (TIJ):    0.000ns
    Discrete Jitter          (DJ):    0.000ns
    Phase Error              (PE):    0.000ns
  Inter-SLR Compensation: 0.010ns  (DCD * PF)
    Destination Clock Delay (DCD):    0.064ns
    Prorating Factor         (PF):    0.150

    Location             Delay type                Incr(ns)  Path(ns)    Netlist Resource(s)
  -------------------------------------------------------------------    -------------------
                         (clock aclk rise edge)       0.000     0.000 r  
                                                      0.000     0.000 r  aclk (IN)
                         net (fo=95144, unset)        0.030     0.030    aclk
    SLICE_X84Y302        FDRE                                         r  kv_we_reg/C
  -------------------------------------------------------------------    -------------------
    SLICE_X84Y302        FDRE (Prop_CFF_SLICEM_C_Q)
                                                      0.078     0.108 r  kv_we_reg/Q
                         net (fo=8, estimated)        0.218     0.326    kv_we
    SLICE_X82Y301        LUT4 (Prop_F6LUT_SLICEL_I0_O)
                                                      0.097     0.423 r  g_kv[3].mem_reg_uram_0_i_1/O
                         net (fo=265, estimated)      4.039     4.462    g_kv[3].mem_reg_uram_0_i_1_n_0
    SLR Crossing[1->0]   
    URAM288_X3Y0         URAM288                                      r  g_kv[3].mem_reg_uram_13/BWE_B[1]
  -------------------------------------------------------------------    -------------------

                         (clock aclk rise edge)       4.000     4.000 r  
                                                      0.000     4.000 r  aclk (IN)
                         net (fo=95144, unset)        0.064     4.064    aclk
    URAM288_X3Y0         URAM288                                      r  g_kv[3].mem_reg_uram_13/CLK
                         clock pessimism              0.000     4.064    
                         inter-SLR compensation      -0.010     4.054    
                         clock uncertainty           -0.035     4.019    
    URAM288_X3Y0         URAM288 (Setup_URAM_288K_INST_URAM288_CLK_BWE_B[1])
                                                     -0.410     3.609    g_kv[3].mem_reg_uram_13
  -------------------------------------------------------------------
                         required time                          3.609    
                         arrival time                          -4.462    
  -------------------------------------------------------------------
                         slack                                 -0.853    

Slack (VIOLATED) :        -0.853ns  (required time - arrival time)
  Source:                 kv_we_reg/C
                            (rising edge-triggered cell FDRE clocked by aclk  {rise@0.000ns fall@2.000ns period=4.000ns})
  Destination:            g_kv[3].mem_reg_uram_13/BWE_B[1]
                            (rising edge-triggered cell URAM288 clocked by aclk  {rise@0.000ns fall@2.000ns period=4.000ns})
  Path Group:             aclk
  Path Type:              Setup (Max at Slow Process Corner)
  Requirement:            4.000ns  (aclk rise@4.000ns - aclk rise@0.000ns)
  Data Path Delay:        4.432ns  (logic 0.175ns (3.949%)  route 4.257ns (96.051%))
  Logic Levels:           1  (LUT4=1)
  Clock Path Skew:        0.034ns (DCD - SCD + CPR)
    Destination Clock Delay (DCD):    0.064ns = ( 4.064 - 4.000 ) 
    Source Clock Delay      (SCD):    0.030ns
    Clock Pessimism Removal (CPR):    0.000ns
  Clock Uncertainty:      0.035ns  ((TSJ^2 + TIJ^2)^1/2 + DJ) / 2 + PE
    Total System Jitter     (TSJ):    0.071ns
    Total Input Jitter      (TIJ):    0.000ns
    Discrete Jitter          (DJ):    0.000ns
    Phase Error              (PE):    0.000ns
  Inter-SLR Compensation: 0.010ns  (DCD * PF)
    Destination Clock Delay (DCD):    0.064ns
    Prorating Factor         (PF):    0.150

    Location             Delay type                Incr(ns)  Path(ns)    Netlist Resource(s)
  -------------------------------------------------------------------    -------------------
                         (clock aclk rise edge)       0.000     0.000 r  
                                                      0.000     0.000 r  aclk (IN)
                         net (fo=95144, unset)        0.030     0.030    aclk
    SLICE_X84Y302        FDRE                                         r  kv_we_reg/C
  -------------------------------------------------------------------    -------------------
    SLICE_X84Y302        FDRE (Prop_CFF_SLICEM_C_Q)
                                                      0.078     0.108 f  kv_we_reg/Q
                         net (fo=8, estimated)        0.218     0.326    kv_we
    SLICE_X82Y301        LUT4 (Prop_F6LUT_SLICEL_I0_O)
                                                      0.097     0.423 f  g_kv[3].mem_reg_uram_0_i_1/O
                         net (fo=265, estimated)      4.039     4.462    g_kv[3].mem_reg_uram_0_i_1_n_0
    SLR Crossing[1->0]   
    URAM288_X3Y0         URAM288                                      f  g_kv[3].mem_reg_uram_13/BWE_B[1]
  -------------------------------------------------------------------    -------------------

                         (clock aclk rise edge)       4.000     4.000 r  
                                                      0.000     4.000 r  aclk (IN)
                         net (fo=95144, unset)        0.064     4.064    aclk
    URAM288_X3Y0         URAM288                                      r  g_kv[3].mem_reg_uram_13/CLK
                         clock pessimism              0.000     4.064    
                         inter-SLR compensation      -0.010     4.054    
                         clock uncertainty           -0.035     4.019    
    URAM288_X3Y0         URAM288 (Setup_URAM_288K_INST_URAM288_CLK_BWE_B[1])
                                                     -0.410     3.609    g_kv[3].mem_reg_uram_13
  -------------------------------------------------------------------
                         required time                          3.609    
                         arrival time                          -4.462    
  -------------------------------------------------------------------
                         slack                                 -0.853    

Slack (VIOLATED) :        -0.848ns  (required time - arrival time)
  Source:                 kv_we_reg/C
                            (rising edge-triggered cell FDRE clocked by aclk  {rise@0.000ns fall@2.000ns period=4.000ns})
  Destination:            g_kv[0].mem_reg_uram_13/BWE_B[3]
                            (rising edge-triggered cell URAM288 clocked by aclk  {rise@0.000ns fall@2.000ns period=4.000ns})
  Path Group:             aclk
  Path Type:              Setup (Max at Slow Process Corner)
  Requirement:            4.000ns  (aclk rise@4.000ns - aclk rise@0.000ns)
  Data Path Delay:        4.427ns  (logic 0.179ns (4.043%)  route 4.248ns (95.957%))
  Logic Levels:           1  (LUT4=1)
  Clock Path Skew:        0.034ns (DCD - SCD + CPR)
    Destination Clock Delay (DCD):    0.064ns = ( 4.064 - 4.000 ) 
    Source Clock Delay      (SCD):    0.030ns
    Clock Pessimism Removal (CPR):    0.000ns
  Clock Uncertainty:      0.035ns  ((TSJ^2 + TIJ^2)^1/2 + DJ) / 2 + PE
    Total System Jitter     (TSJ):    0.071ns
    Total Input Jitter      (TIJ):    0.000ns
    Discrete Jitter          (DJ):    0.000ns
    Phase Error              (PE):    0.000ns
  Inter-SLR Compensation: 0.010ns  (DCD * PF)
    Destination Clock Delay (DCD):    0.064ns
    Prorating Factor         (PF):    0.150

    Location             Delay type                Incr(ns)  Path(ns)    Netlist Resource(s)
  -------------------------------------------------------------------    -------------------
                         (clock aclk rise edge)       0.000     0.000 r  
                                                      0.000     0.000 r  aclk (IN)
                         net (fo=95144, unset)        0.030     0.030    aclk
    SLICE_X84Y302        FDRE                                         r  kv_we_reg/C
  -------------------------------------------------------------------    -------------------
    SLICE_X84Y302        FDRE (Prop_CFF_SLICEM_C_Q)
                                                      0.078     0.108 r  kv_we_reg/Q
                         net (fo=8, estimated)        0.298     0.406    kv_we
    SLICE_X81Y301        LUT4 (Prop_H6LUT_SLICEM_I0_O)
                                                      0.101     0.507 r  g_kv[0].mem_reg_uram_0_i_1/O
                         net (fo=265, estimated)      3.950     4.457    g_kv[0].mem_reg_uram_0_i_1_n_0
    SLR Crossing[1->0]   
    URAM288_X3Y4         URAM288                                      r  g_kv[0].mem_reg_uram_13/BWE_B[3]
  -------------------------------------------------------------------    -------------------

                         (clock aclk rise edge)       4.000     4.000 r  
                                                      0.000     4.000 r  aclk (IN)
                         net (fo=95144, unset)        0.064     4.064    aclk
    URAM288_X3Y4         URAM288                                      r  g_kv[0].mem_reg_uram_13/CLK
                         clock pessimism              0.000     4.064    
                         inter-SLR compensation      -0.010     4.054    
                         clock uncertainty           -0.035     4.019    
    URAM288_X3Y4         URAM288 (Setup_URAM_288K_INST_URAM288_CLK_BWE_B[3])
                                                     -0.410     3.609    g_kv[0].mem_reg_uram_13
  -------------------------------------------------------------------
                         required time                          3.609    
                         arrival time                          -4.457    
  -------------------------------------------------------------------
                         slack                                 -0.848    

Slack (VIOLATED) :        -0.848ns  (required time - arrival time)
  Source:                 kv_we_reg/C
                            (rising edge-triggered cell FDRE clocked by aclk  {rise@0.000ns fall@2.000ns period=4.000ns})
  Destination:            g_kv[0].mem_reg_uram_13/BWE_B[3]
                            (rising edge-triggered cell URAM288 clocked by aclk  {rise@0.000ns fall@2.000ns period=4.000ns})
  Path Group:             aclk
  Path Type:              Setup (Max at Slow Process Corner)
  Requirement:            4.000ns  (aclk rise@4.000ns - aclk rise@0.000ns)
  Data Path Delay:        4.427ns  (logic 0.179ns (4.043%)  route 4.248ns (95.957%))
  Logic Levels:           1  (LUT4=1)
  Clock Path Skew:        0.034ns (DCD - SCD + CPR)
    Destination Clock Delay (DCD):    0.064ns = ( 4.064 - 4.000 ) 
    Source Clock Delay      (SCD):    0.030ns
    Clock Pessimism Removal (CPR):    0.000ns
  Clock Uncertainty:      0.035ns  ((TSJ^2 + TIJ^2)^1/2 + DJ) / 2 + PE
    Total System Jitter     (TSJ):    0.071ns
    Total Input Jitter      (TIJ):    0.000ns
    Discrete Jitter          (DJ):    0.000ns
    Phase Error              (PE):    0.000ns
  Inter-SLR Compensation: 0.010ns  (DCD * PF)
    Destination Clock Delay (DCD):    0.064ns
    Prorating Factor         (PF):    0.150

    Location             Delay type                Incr(ns)  Path(ns)    Netlist Resource(s)
  -------------------------------------------------------------------    -------------------
                         (clock aclk rise edge)       0.000     0.000 r  
                                                      0.000     0.000 r  aclk (IN)
                         net (fo=95144, unset)        0.030     0.030    aclk
    SLICE_X84Y302        FDRE                                         r  kv_we_reg/C
  -------------------------------------------------------------------    -------------------
    SLICE_X84Y302        FDRE (Prop_CFF_SLICEM_C_Q)
                                                      0.078     0.108 f  kv_we_reg/Q
                         net (fo=8, estimated)        0.298     0.406    kv_we
    SLICE_X81Y301        LUT4 (Prop_H6LUT_SLICEM_I0_O)
                                                      0.101     0.507 f  g_kv[0].mem_reg_uram_0_i_1/O
                         net (fo=265, estimated)      3.950     4.457    g_kv[0].mem_reg_uram_0_i_1_n_0
    SLR Crossing[1->0]   
    URAM288_X3Y4         URAM288                                      f  g_kv[0].mem_reg_uram_13/BWE_B[3]
  -------------------------------------------------------------------    -------------------

                         (clock aclk rise edge)       4.000     4.000 r  
                                                      0.000     4.000 r  aclk (IN)
                         net (fo=95144, unset)        0.064     4.064    aclk
    URAM288_X3Y4         URAM288                                      r  g_kv[0].mem_reg_uram_13/CLK
                         clock pessimism              0.000     4.064    
                         inter-SLR compensation      -0.010     4.054    
                         clock uncertainty           -0.035     4.019    
    URAM288_X3Y4         URAM288 (Setup_URAM_288K_INST_URAM288_CLK_BWE_B[3])
                                                     -0.410     3.609    g_kv[0].mem_reg_uram_13
  -------------------------------------------------------------------
                         required time                          3.609    
                         arrival time                          -4.457    
  -------------------------------------------------------------------
                         slack                                 -0.848    

Slack (VIOLATED) :        -0.847ns  (required time - arrival time)
  Source:                 kv_we_reg/C
                            (rising edge-triggered cell FDRE clocked by aclk  {rise@0.000ns fall@2.000ns period=4.000ns})
  Destination:            g_kv[3].mem_reg_uram_13/BWE_B[0]
                            (rising edge-triggered cell URAM288 clocked by aclk  {rise@0.000ns fall@2.000ns period=4.000ns})
  Path Group:             aclk
  Path Type:              Setup (Max at Slow Process Corner)
  Requirement:            4.000ns  (aclk rise@4.000ns - aclk rise@0.000ns)
  Data Path Delay:        4.426ns  (logic 0.175ns (3.954%)  route 4.251ns (96.046%))
  Logic Levels:           1  (LUT4=1)
  Clock Path Skew:        0.034ns (DCD - SCD + CPR)
    Destination Clock Delay (DCD):    0.064ns = ( 4.064 - 4.000 ) 
    Source Clock Delay      (SCD):    0.030ns
    Clock Pessimism Removal (CPR):    0.000ns
  Clock Uncertainty:      0.035ns  ((TSJ^2 + TIJ^2)^1/2 + DJ) / 2 + PE
    Total System Jitter     (TSJ):    0.071ns
    Total Input Jitter      (TIJ):    0.000ns
    Discrete Jitter          (DJ):    0.000ns
    Phase Error              (PE):    0.000ns
  Inter-SLR Compensation: 0.010ns  (DCD * PF)
    Destination Clock Delay (DCD):    0.064ns
    Prorating Factor         (PF):    0.150

    Location             Delay type                Incr(ns)  Path(ns)    Netlist Resource(s)
  -------------------------------------------------------------------    -------------------
                         (clock aclk rise edge)       0.000     0.000 r  
                                                      0.000     0.000 r  aclk (IN)
                         net (fo=95144, unset)        0.030     0.030    aclk
    SLICE_X84Y302        FDRE                                         r  kv_we_reg/C
  -------------------------------------------------------------------    -------------------
    SLICE_X84Y302        FDRE (Prop_CFF_SLICEM_C_Q)
                                                      0.078     0.108 r  kv_we_reg/Q
                         net (fo=8, estimated)        0.218     0.326    kv_we
    SLICE_X82Y301        LUT4 (Prop_F6LUT_SLICEL_I0_O)
                                                      0.097     0.423 r  g_kv[3].mem_reg_uram_0_i_1/O
                         net (fo=265, estimated)      4.033     4.456    g_kv[3].mem_reg_uram_0_i_1_n_0
    SLR Crossing[1->0]   
    URAM288_X3Y0         URAM288                                      r  g_kv[3].mem_reg_uram_13/BWE_B[0]
  -------------------------------------------------------------------    -------------------

                         (clock aclk rise edge)       4.000     4.000 r  
                                                      0.000     4.000 r  aclk (IN)
                         net (fo=95144, unset)        0.064     4.064    aclk
    URAM288_X3Y0         URAM288                                      r  g_kv[3].mem_reg_uram_13/CLK
                         clock pessimism              0.000     4.064    
                         inter-SLR compensation      -0.010     4.054    
                         clock uncertainty           -0.035     4.019    
    URAM288_X3Y0         URAM288 (Setup_URAM_288K_INST_URAM288_CLK_BWE_B[0])
                                                     -0.410     3.609    g_kv[3].mem_reg_uram_13
  -------------------------------------------------------------------
                         required time                          3.609    
                         arrival time                          -4.456    
  -------------------------------------------------------------------
                         slack                                 -0.847    

Slack (VIOLATED) :        -0.847ns  (required time - arrival time)
  Source:                 kv_we_reg/C
                            (rising edge-triggered cell FDRE clocked by aclk  {rise@0.000ns fall@2.000ns period=4.000ns})
  Destination:            g_kv[3].mem_reg_uram_13/BWE_B[0]
                            (rising edge-triggered cell URAM288 clocked by aclk  {rise@0.000ns fall@2.000ns period=4.000ns})
  Path Group:             aclk
  Path Type:              Setup (Max at Slow Process Corner)
  Requirement:            4.000ns  (aclk rise@4.000ns - aclk rise@0.000ns)
  Data Path Delay:        4.426ns  (logic 0.175ns (3.954%)  route 4.251ns (96.046%))
  Logic Levels:           1  (LUT4=1)
  Clock Path Skew:        0.034ns (DCD - SCD + CPR)
    Destination Clock Delay (DCD):    0.064ns = ( 4.064 - 4.000 ) 
    Source Clock Delay      (SCD):    0.030ns
    Clock Pessimism Removal (CPR):    0.000ns
  Clock Uncertainty:      0.035ns  ((TSJ^2 + TIJ^2)^1/2 + DJ) / 2 + PE
    Total System Jitter     (TSJ):    0.071ns
    Total Input Jitter      (TIJ):    0.000ns
    Discrete Jitter          (DJ):    0.000ns
    Phase Error              (PE):    0.000ns
  Inter-SLR Compensation: 0.010ns  (DCD * PF)
    Destination Clock Delay (DCD):    0.064ns
    Prorating Factor         (PF):    0.150

    Location             Delay type                Incr(ns)  Path(ns)    Netlist Resource(s)
  -------------------------------------------------------------------    -------------------
                         (clock aclk rise edge)       0.000     0.000 r  
                                                      0.000     0.000 r  aclk (IN)
                         net (fo=95144, unset)        0.030     0.030    aclk
    SLICE_X84Y302        FDRE                                         r  kv_we_reg/C
  -------------------------------------------------------------------    -------------------
    SLICE_X84Y302        FDRE (Prop_CFF_SLICEM_C_Q)
                                                      0.078     0.108 f  kv_we_reg/Q
                         net (fo=8, estimated)        0.218     0.326    kv_we
    SLICE_X82Y301        LUT4 (Prop_F6LUT_SLICEL_I0_O)
                                                      0.097     0.423 f  g_kv[3].mem_reg_uram_0_i_1/O
                         net (fo=265, estimated)      4.033     4.456    g_kv[3].mem_reg_uram_0_i_1_n_0
    SLR Crossing[1->0]   
    URAM288_X3Y0         URAM288                                      f  g_kv[3].mem_reg_uram_13/BWE_B[0]
  -------------------------------------------------------------------    -------------------

                         (clock aclk rise edge)       4.000     4.000 r  
                                                      0.000     4.000 r  aclk (IN)
                         net (fo=95144, unset)        0.064     4.064    aclk
    URAM288_X3Y0         URAM288                                      r  g_kv[3].mem_reg_uram_13/CLK
                         clock pessimism              0.000     4.064    
                         inter-SLR compensation      -0.010     4.054    
                         clock uncertainty           -0.035     4.019    
    URAM288_X3Y0         URAM288 (Setup_URAM_288K_INST_URAM288_CLK_BWE_B[0])
                                                     -0.410     3.609    g_kv[3].mem_reg_uram_13
  -------------------------------------------------------------------
                         required time                          3.609    
                         arrival time                          -4.456    
  -------------------------------------------------------------------
                         slack                                 -0.847    

Slack (VIOLATED) :        -0.846ns  (required time - arrival time)
  Source:                 kv_we_reg/C
                            (rising edge-triggered cell FDRE clocked by aclk  {rise@0.000ns fall@2.000ns period=4.000ns})
  Destination:            g_kv[0].mem_reg_uram_13/BWE_B[1]
                            (rising edge-triggered cell URAM288 clocked by aclk  {rise@0.000ns fall@2.000ns period=4.000ns})
  Path Group:             aclk
  Path Type:              Setup (Max at Slow Process Corner)
  Requirement:            4.000ns  (aclk rise@4.000ns - aclk rise@0.000ns)
  Data Path Delay:        4.425ns  (logic 0.179ns (4.045%)  route 4.246ns (95.955%))
  Logic Levels:           1  (LUT4=1)
  Clock Path Skew:        0.034ns (DCD - SCD + CPR)
    Destination Clock Delay (DCD):    0.064ns = ( 4.064 - 4.000 ) 
    Source Clock Delay      (SCD):    0.030ns
    Clock Pessimism Removal (CPR):    0.000ns
  Clock Uncertainty:      0.035ns  ((TSJ^2 + TIJ^2)^1/2 + DJ) / 2 + PE
    Total System Jitter     (TSJ):    0.071ns
    Total Input Jitter      (TIJ):    0.000ns
    Discrete Jitter          (DJ):    0.000ns
    Phase Error              (PE):    0.000ns
  Inter-SLR Compensation: 0.010ns  (DCD * PF)
    Destination Clock Delay (DCD):    0.064ns
    Prorating Factor         (PF):    0.150

    Location             Delay type                Incr(ns)  Path(ns)    Netlist Resource(s)
  -------------------------------------------------------------------    -------------------
                         (clock aclk rise edge)       0.000     0.000 r  
                                                      0.000     0.000 r  aclk (IN)
                         net (fo=95144, unset)        0.030     0.030    aclk
    SLICE_X84Y302        FDRE                                         r  kv_we_reg/C
  -------------------------------------------------------------------    -------------------
    SLICE_X84Y302        FDRE (Prop_CFF_SLICEM_C_Q)
                                                      0.078     0.108 r  kv_we_reg/Q
                         net (fo=8, estimated)        0.298     0.406    kv_we
    SLICE_X81Y301        LUT4 (Prop_H6LUT_SLICEM_I0_O)
                                                      0.101     0.507 r  g_kv[0].mem_reg_uram_0_i_1/O
                         net (fo=265, estimated)      3.948     4.455    g_kv[0].mem_reg_uram_0_i_1_n_0
    SLR Crossing[1->0]   
    URAM288_X3Y4         URAM288                                      r  g_kv[0].mem_reg_uram_13/BWE_B[1]
  -------------------------------------------------------------------    -------------------

                         (clock aclk rise edge)       4.000     4.000 r  
                                                      0.000     4.000 r  aclk (IN)
                         net (fo=95144, unset)        0.064     4.064    aclk
    URAM288_X3Y4         URAM288                                      r  g_kv[0].mem_reg_uram_13/CLK
                         clock pessimism              0.000     4.064    
                         inter-SLR compensation      -0.010     4.054    
                         clock uncertainty           -0.035     4.019    
    URAM288_X3Y4         URAM288 (Setup_URAM_288K_INST_URAM288_CLK_BWE_B[1])
                                                     -0.410     3.609    g_kv[0].mem_reg_uram_13
  -------------------------------------------------------------------
                         required time                          3.609    
                         arrival time                          -4.455    
  -------------------------------------------------------------------
                         slack                                 -0.846    

Slack (VIOLATED) :        -0.846ns  (required time - arrival time)
  Source:                 kv_we_reg/C
                            (rising edge-triggered cell FDRE clocked by aclk  {rise@0.000ns fall@2.000ns period=4.000ns})
  Destination:            g_kv[0].mem_reg_uram_13/BWE_B[1]
                            (rising edge-triggered cell URAM288 clocked by aclk  {rise@0.000ns fall@2.000ns period=4.000ns})
  Path Group:             aclk
  Path Type:              Setup (Max at Slow Process Corner)
  Requirement:            4.000ns  (aclk rise@4.000ns - aclk rise@0.000ns)
  Data Path Delay:        4.425ns  (logic 0.179ns (4.045%)  route 4.246ns (95.955%))
  Logic Levels:           1  (LUT4=1)
  Clock Path Skew:        0.034ns (DCD - SCD + CPR)
    Destination Clock Delay (DCD):    0.064ns = ( 4.064 - 4.000 ) 
    Source Clock Delay      (SCD):    0.030ns
    Clock Pessimism Removal (CPR):    0.000ns
  Clock Uncertainty:      0.035ns  ((TSJ^2 + TIJ^2)^1/2 + DJ) / 2 + PE
    Total System Jitter     (TSJ):    0.071ns
    Total Input Jitter      (TIJ):    0.000ns
    Discrete Jitter          (DJ):    0.000ns
    Phase Error              (PE):    0.000ns
  Inter-SLR Compensation: 0.010ns  (DCD * PF)
    Destination Clock Delay (DCD):    0.064ns
    Prorating Factor         (PF):    0.150

    Location             Delay type                Incr(ns)  Path(ns)    Netlist Resource(s)
  -------------------------------------------------------------------    -------------------
                         (clock aclk rise edge)       0.000     0.000 r  
                                                      0.000     0.000 r  aclk (IN)
                         net (fo=95144, unset)        0.030     0.030    aclk
    SLICE_X84Y302        FDRE                                         r  kv_we_reg/C
  -------------------------------------------------------------------    -------------------
    SLICE_X84Y302        FDRE (Prop_CFF_SLICEM_C_Q)
                                                      0.078     0.108 f  kv_we_reg/Q
                         net (fo=8, estimated)        0.298     0.406    kv_we
    SLICE_X81Y301        LUT4 (Prop_H6LUT_SLICEM_I0_O)
                                                      0.101     0.507 f  g_kv[0].mem_reg_uram_0_i_1/O
                         net (fo=265, estimated)      3.948     4.455    g_kv[0].mem_reg_uram_0_i_1_n_0
    SLR Crossing[1->0]   
    URAM288_X3Y4         URAM288                                      f  g_kv[0].mem_reg_uram_13/BWE_B[1]
  -------------------------------------------------------------------    -------------------

                         (clock aclk rise edge)       4.000     4.000 r  
                                                      0.000     4.000 r  aclk (IN)
                         net (fo=95144, unset)        0.064     4.064    aclk
    URAM288_X3Y4         URAM288                                      r  g_kv[0].mem_reg_uram_13/CLK
                         clock pessimism              0.000     4.064    
                         inter-SLR compensation      -0.010     4.054    
                         clock uncertainty           -0.035     4.019    
    URAM288_X3Y4         URAM288 (Setup_URAM_288K_INST_URAM288_CLK_BWE_B[1])
                                                     -0.410     3.609    g_kv[0].mem_reg_uram_13
  -------------------------------------------------------------------
                         required time                          3.609    
                         arrival time                          -4.455    
  -------------------------------------------------------------------
                         slack                                 -0.846    

Slack (VIOLATED) :        -0.845ns  (required time - arrival time)
  Source:                 kv_we_reg/C
                            (rising edge-triggered cell FDRE clocked by aclk  {rise@0.000ns fall@2.000ns period=4.000ns})
  Destination:            g_kv[0].mem_reg_uram_13/BWE_B[2]
                            (rising edge-triggered cell URAM288 clocked by aclk  {rise@0.000ns fall@2.000ns period=4.000ns})
  Path Group:             aclk
  Path Type:              Setup (Max at Slow Process Corner)
  Requirement:            4.000ns  (aclk rise@4.000ns - aclk rise@0.000ns)
  Data Path Delay:        4.424ns  (logic 0.179ns (4.046%)  route 4.245ns (95.954%))
  Logic Levels:           1  (LUT4=1)
  Clock Path Skew:        0.034ns (DCD - SCD + CPR)
    Destination Clock Delay (DCD):    0.064ns = ( 4.064 - 4.000 ) 
    Source Clock Delay      (SCD):    0.030ns
    Clock Pessimism Removal (CPR):    0.000ns
  Clock Uncertainty:      0.035ns  ((TSJ^2 + TIJ^2)^1/2 + DJ) / 2 + PE
    Total System Jitter     (TSJ):    0.071ns
    Total Input Jitter      (TIJ):    0.000ns
    Discrete Jitter          (DJ):    0.000ns
    Phase Error              (PE):    0.000ns
  Inter-SLR Compensation: 0.010ns  (DCD * PF)
    Destination Clock Delay (DCD):    0.064ns
    Prorating Factor         (PF):    0.150

    Location             Delay type                Incr(ns)  Path(ns)    Netlist Resource(s)
  -------------------------------------------------------------------    -------------------
                         (clock aclk rise edge)       0.000     0.000 r  
                                                      0.000     0.000 r  aclk (IN)
                         net (fo=95144, unset)        0.030     0.030    aclk
    SLICE_X84Y302        FDRE                                         r  kv_we_reg/C
  -------------------------------------------------------------------    -------------------
    SLICE_X84Y302        FDRE (Prop_CFF_SLICEM_C_Q)
                                                      0.078     0.108 r  kv_we_reg/Q
                         net (fo=8, estimated)        0.298     0.406    kv_we
    SLICE_X81Y301        LUT4 (Prop_H6LUT_SLICEM_I0_O)
                                                      0.101     0.507 r  g_kv[0].mem_reg_uram_0_i_1/O
                         net (fo=265, estimated)      3.947     4.454    g_kv[0].mem_reg_uram_0_i_1_n_0
    SLR Crossing[1->0]   
    URAM288_X3Y4         URAM288                                      r  g_kv[0].mem_reg_uram_13/BWE_B[2]
  -------------------------------------------------------------------    -------------------

                         (clock aclk rise edge)       4.000     4.000 r  
                                                      0.000     4.000 r  aclk (IN)
                         net (fo=95144, unset)        0.064     4.064    aclk
    URAM288_X3Y4         URAM288                                      r  g_kv[0].mem_reg_uram_13/CLK
                         clock pessimism              0.000     4.064    
                         inter-SLR compensation      -0.010     4.054    
                         clock uncertainty           -0.035     4.019    
    URAM288_X3Y4         URAM288 (Setup_URAM_288K_INST_URAM288_CLK_BWE_B[2])
                                                     -0.410     3.609    g_kv[0].mem_reg_uram_13
  -------------------------------------------------------------------
                         required time                          3.609    
                         arrival time                          -4.454    
  -------------------------------------------------------------------
                         slack                                 -0.845    

Slack (VIOLATED) :        -0.845ns  (required time - arrival time)
  Source:                 kv_we_reg/C
                            (rising edge-triggered cell FDRE clocked by aclk  {rise@0.000ns fall@2.000ns period=4.000ns})
  Destination:            g_kv[0].mem_reg_uram_13/BWE_B[2]
                            (rising edge-triggered cell URAM288 clocked by aclk  {rise@0.000ns fall@2.000ns period=4.000ns})
  Path Group:             aclk
  Path Type:              Setup (Max at Slow Process Corner)
  Requirement:            4.000ns  (aclk rise@4.000ns - aclk rise@0.000ns)
  Data Path Delay:        4.424ns  (logic 0.179ns (4.046%)  route 4.245ns (95.954%))
  Logic Levels:           1  (LUT4=1)
  Clock Path Skew:        0.034ns (DCD - SCD + CPR)
    Destination Clock Delay (DCD):    0.064ns = ( 4.064 - 4.000 ) 
    Source Clock Delay      (SCD):    0.030ns
    Clock Pessimism Removal (CPR):    0.000ns
  Clock Uncertainty:      0.035ns  ((TSJ^2 + TIJ^2)^1/2 + DJ) / 2 + PE
    Total System Jitter     (TSJ):    0.071ns
    Total Input Jitter      (TIJ):    0.000ns
    Discrete Jitter          (DJ):    0.000ns
    Phase Error              (PE):    0.000ns
  Inter-SLR Compensation: 0.010ns  (DCD * PF)
    Destination Clock Delay (DCD):    0.064ns
    Prorating Factor         (PF):    0.150

    Location             Delay type                Incr(ns)  Path(ns)    Netlist Resource(s)
  -------------------------------------------------------------------    -------------------
                         (clock aclk rise edge)       0.000     0.000 r  
                                                      0.000     0.000 r  aclk (IN)
                         net (fo=95144, unset)        0.030     0.030    aclk
    SLICE_X84Y302        FDRE                                         r  kv_we_reg/C
  -------------------------------------------------------------------    -------------------
    SLICE_X84Y302        FDRE (Prop_CFF_SLICEM_C_Q)
                                                      0.078     0.108 f  kv_we_reg/Q
                         net (fo=8, estimated)        0.298     0.406    kv_we
    SLICE_X81Y301        LUT4 (Prop_H6LUT_SLICEM_I0_O)
                                                      0.101     0.507 f  g_kv[0].mem_reg_uram_0_i_1/O
                         net (fo=265, estimated)      3.947     4.454    g_kv[0].mem_reg_uram_0_i_1_n_0
    SLR Crossing[1->0]   
    URAM288_X3Y4         URAM288                                      f  g_kv[0].mem_reg_uram_13/BWE_B[2]
  -------------------------------------------------------------------    -------------------

                         (clock aclk rise edge)       4.000     4.000 r  
                                                      0.000     4.000 r  aclk (IN)
                         net (fo=95144, unset)        0.064     4.064    aclk
    URAM288_X3Y4         URAM288                                      r  g_kv[0].mem_reg_uram_13/CLK
                         clock pessimism              0.000     4.064    
                         inter-SLR compensation      -0.010     4.054    
                         clock uncertainty           -0.035     4.019    
    URAM288_X3Y4         URAM288 (Setup_URAM_288K_INST_URAM288_CLK_BWE_B[2])
                                                     -0.410     3.609    g_kv[0].mem_reg_uram_13
  -------------------------------------------------------------------
                         required time                          3.609    
                         arrival time                          -4.454    
  -------------------------------------------------------------------
                         slack                                 -0.845    

Slack (VIOLATED) :        -0.843ns  (required time - arrival time)
  Source:                 kv_we_reg/C
                            (rising edge-triggered cell FDRE clocked by aclk  {rise@0.000ns fall@2.000ns period=4.000ns})
  Destination:            g_kv[3].mem_reg_uram_13/BWE_B[3]
                            (rising edge-triggered cell URAM288 clocked by aclk  {rise@0.000ns fall@2.000ns period=4.000ns})
  Path Group:             aclk
  Path Type:              Setup (Max at Slow Process Corner)
  Requirement:            4.000ns  (aclk rise@4.000ns - aclk rise@0.000ns)
  Data Path Delay:        4.422ns  (logic 0.175ns (3.957%)  route 4.247ns (96.043%))
  Logic Levels:           1  (LUT4=1)
  Clock Path Skew:        0.034ns (DCD - SCD + CPR)
    Destination Clock Delay (DCD):    0.064ns = ( 4.064 - 4.000 ) 
    Source Clock Delay      (SCD):    0.030ns
    Clock Pessimism Removal (CPR):    0.000ns
  Clock Uncertainty:      0.035ns  ((TSJ^2 + TIJ^2)^1/2 + DJ) / 2 + PE
    Total System Jitter     (TSJ):    0.071ns
    Total Input Jitter      (TIJ):    0.000ns
    Discrete Jitter          (DJ):    0.000ns
    Phase Error              (PE):    0.000ns
  Inter-SLR Compensation: 0.010ns  (DCD * PF)
    Destination Clock Delay (DCD):    0.064ns
    Prorating Factor         (PF):    0.150

    Location             Delay type                Incr(ns)  Path(ns)    Netlist Resource(s)
  -------------------------------------------------------------------    -------------------
                         (clock aclk rise edge)       0.000     0.000 r  
                                                      0.000     0.000 r  aclk (IN)
                         net (fo=95144, unset)        0.030     0.030    aclk
    SLICE_X84Y302        FDRE                                         r  kv_we_reg/C
  -------------------------------------------------------------------    -------------------
    SLICE_X84Y302        FDRE (Prop_CFF_SLICEM_C_Q)
                                                      0.078     0.108 r  kv_we_reg/Q
                         net (fo=8, estimated)        0.218     0.326    kv_we
    SLICE_X82Y301        LUT4 (Prop_F6LUT_SLICEL_I0_O)
                                                      0.097     0.423 r  g_kv[3].mem_reg_uram_0_i_1/O
                         net (fo=265, estimated)      4.029     4.452    g_kv[3].mem_reg_uram_0_i_1_n_0
    SLR Crossing[1->0]   
    URAM288_X3Y0         URAM288                                      r  g_kv[3].mem_reg_uram_13/BWE_B[3]
  -------------------------------------------------------------------    -------------------

                         (clock aclk rise edge)       4.000     4.000 r  
                                                      0.000     4.000 r  aclk (IN)
                         net (fo=95144, unset)        0.064     4.064    aclk
    URAM288_X3Y0         URAM288                                      r  g_kv[3].mem_reg_uram_13/CLK
                         clock pessimism              0.000     4.064    
                         inter-SLR compensation      -0.010     4.054    
                         clock uncertainty           -0.035     4.019    
    URAM288_X3Y0         URAM288 (Setup_URAM_288K_INST_URAM288_CLK_BWE_B[3])
                                                     -0.410     3.609    g_kv[3].mem_reg_uram_13
  -------------------------------------------------------------------
                         required time                          3.609    
                         arrival time                          -4.452    
  -------------------------------------------------------------------
                         slack                                 -0.843    

Slack (VIOLATED) :        -0.843ns  (required time - arrival time)
  Source:                 kv_we_reg/C
                            (rising edge-triggered cell FDRE clocked by aclk  {rise@0.000ns fall@2.000ns period=4.000ns})
  Destination:            g_kv[3].mem_reg_uram_13/BWE_B[3]
                            (rising edge-triggered cell URAM288 clocked by aclk  {rise@0.000ns fall@2.000ns period=4.000ns})
  Path Group:             aclk
  Path Type:              Setup (Max at Slow Process Corner)
  Requirement:            4.000ns  (aclk rise@4.000ns - aclk rise@0.000ns)
  Data Path Delay:        4.422ns  (logic 0.175ns (3.957%)  route 4.247ns (96.043%))
  Logic Levels:           1  (LUT4=1)
  Clock Path Skew:        0.034ns (DCD - SCD + CPR)
    Destination Clock Delay (DCD):    0.064ns = ( 4.064 - 4.000 ) 
    Source Clock Delay      (SCD):    0.030ns
    Clock Pessimism Removal (CPR):    0.000ns
  Clock Uncertainty:      0.035ns  ((TSJ^2 + TIJ^2)^1/2 + DJ) / 2 + PE
    Total System Jitter     (TSJ):    0.071ns
    Total Input Jitter      (TIJ):    0.000ns
    Discrete Jitter          (DJ):    0.000ns
    Phase Error              (PE):    0.000ns
  Inter-SLR Compensation: 0.010ns  (DCD * PF)
    Destination Clock Delay (DCD):    0.064ns
    Prorating Factor         (PF):    0.150

    Location             Delay type                Incr(ns)  Path(ns)    Netlist Resource(s)
  -------------------------------------------------------------------    -------------------
                         (clock aclk rise edge)       0.000     0.000 r  
                                                      0.000     0.000 r  aclk (IN)
                         net (fo=95144, unset)        0.030     0.030    aclk
    SLICE_X84Y302        FDRE                                         r  kv_we_reg/C
  -------------------------------------------------------------------    -------------------
    SLICE_X84Y302        FDRE (Prop_CFF_SLICEM_C_Q)
                                                      0.078     0.108 f  kv_we_reg/Q
                         net (fo=8, estimated)        0.218     0.326    kv_we
    SLICE_X82Y301        LUT4 (Prop_F6LUT_SLICEL_I0_O)
                                                      0.097     0.423 f  g_kv[3].mem_reg_uram_0_i_1/O
                         net (fo=265, estimated)      4.029     4.452    g_kv[3].mem_reg_uram_0_i_1_n_0
    SLR Crossing[1->0]   
    URAM288_X3Y0         URAM288                                      f  g_kv[3].mem_reg_uram_13/BWE_B[3]
  -------------------------------------------------------------------    -------------------

                         (clock aclk rise edge)       4.000     4.000 r  
                                                      0.000     4.000 r  aclk (IN)
                         net (fo=95144, unset)        0.064     4.064    aclk
    URAM288_X3Y0         URAM288                                      r  g_kv[3].mem_reg_uram_13/CLK
                         clock pessimism              0.000     4.064    
                         inter-SLR compensation      -0.010     4.054    
                         clock uncertainty           -0.035     4.019    
    URAM288_X3Y0         URAM288 (Setup_URAM_288K_INST_URAM288_CLK_BWE_B[3])
                                                     -0.410     3.609    g_kv[3].mem_reg_uram_13
  -------------------------------------------------------------------
                         required time                          3.609    
                         arrival time                          -4.452    
  -------------------------------------------------------------------
                         slack                                 -0.843    

Slack (VIOLATED) :        -0.842ns  (required time - arrival time)
  Source:                 kv_we_reg/C
                            (rising edge-triggered cell FDRE clocked by aclk  {rise@0.000ns fall@2.000ns period=4.000ns})
  Destination:            g_kv[3].mem_reg_uram_13/BWE_B[7]
                            (rising edge-triggered cell URAM288 clocked by aclk  {rise@0.000ns fall@2.000ns period=4.000ns})
  Path Group:             aclk
  Path Type:              Setup (Max at Slow Process Corner)
  Requirement:            4.000ns  (aclk rise@4.000ns - aclk rise@0.000ns)
  Data Path Delay:        4.421ns  (logic 0.175ns (3.958%)  route 4.246ns (96.042%))
  Logic Levels:           1  (LUT4=1)
  Clock Path Skew:        0.034ns (DCD - SCD + CPR)
    Destination Clock Delay (DCD):    0.064ns = ( 4.064 - 4.000 ) 
    Source Clock Delay      (SCD):    0.030ns
    Clock Pessimism Removal (CPR):    0.000ns
  Clock Uncertainty:      0.035ns  ((TSJ^2 + TIJ^2)^1/2 + DJ) / 2 + PE
    Total System Jitter     (TSJ):    0.071ns
    Total Input Jitter      (TIJ):    0.000ns
    Discrete Jitter          (DJ):    0.000ns
    Phase Error              (PE):    0.000ns
  Inter-SLR Compensation: 0.010ns  (DCD * PF)
    Destination Clock Delay (DCD):    0.064ns
    Prorating Factor         (PF):    0.150

    Location             Delay type                Incr(ns)  Path(ns)    Netlist Resource(s)
  -------------------------------------------------------------------    -------------------
                         (clock aclk rise edge)       0.000     0.000 r  
                                                      0.000     0.000 r  aclk (IN)
                         net (fo=95144, unset)        0.030     0.030    aclk
    SLICE_X84Y302        FDRE                                         r  kv_we_reg/C
  -------------------------------------------------------------------    -------------------
    SLICE_X84Y302        FDRE (Prop_CFF_SLICEM_C_Q)
                                                      0.078     0.108 r  kv_we_reg/Q
                         net (fo=8, estimated)        0.218     0.326    kv_we
    SLICE_X82Y301        LUT4 (Prop_F6LUT_SLICEL_I0_O)
                                                      0.097     0.423 r  g_kv[3].mem_reg_uram_0_i_1/O
                         net (fo=265, estimated)      4.028     4.451    g_kv[3].mem_reg_uram_0_i_1_n_0
    SLR Crossing[1->0]   
    URAM288_X3Y0         URAM288                                      r  g_kv[3].mem_reg_uram_13/BWE_B[7]
  -------------------------------------------------------------------    -------------------

                         (clock aclk rise edge)       4.000     4.000 r  
                                                      0.000     4.000 r  aclk (IN)
                         net (fo=95144, unset)        0.064     4.064    aclk
    URAM288_X3Y0         URAM288                                      r  g_kv[3].mem_reg_uram_13/CLK
                         clock pessimism              0.000     4.064    
                         inter-SLR compensation      -0.010     4.054    
                         clock uncertainty           -0.035     4.019    
    URAM288_X3Y0         URAM288 (Setup_URAM_288K_INST_URAM288_CLK_BWE_B[7])
                                                     -0.410     3.609    g_kv[3].mem_reg_uram_13
  -------------------------------------------------------------------
                         required time                          3.609    
                         arrival time                          -4.451    
  -------------------------------------------------------------------
                         slack                                 -0.842    

Slack (VIOLATED) :        -0.842ns  (required time - arrival time)
  Source:                 kv_we_reg/C
                            (rising edge-triggered cell FDRE clocked by aclk  {rise@0.000ns fall@2.000ns period=4.000ns})
  Destination:            g_kv[3].mem_reg_uram_13/BWE_B[7]
                            (rising edge-triggered cell URAM288 clocked by aclk  {rise@0.000ns fall@2.000ns period=4.000ns})
  Path Group:             aclk
  Path Type:              Setup (Max at Slow Process Corner)
  Requirement:            4.000ns  (aclk rise@4.000ns - aclk rise@0.000ns)
  Data Path Delay:        4.421ns  (logic 0.175ns (3.958%)  route 4.246ns (96.042%))
  Logic Levels:           1  (LUT4=1)
  Clock Path Skew:        0.034ns (DCD - SCD + CPR)
    Destination Clock Delay (DCD):    0.064ns = ( 4.064 - 4.000 ) 
    Source Clock Delay      (SCD):    0.030ns
    Clock Pessimism Removal (CPR):    0.000ns
  Clock Uncertainty:      0.035ns  ((TSJ^2 + TIJ^2)^1/2 + DJ) / 2 + PE
    Total System Jitter     (TSJ):    0.071ns
    Total Input Jitter      (TIJ):    0.000ns
    Discrete Jitter          (DJ):    0.000ns
    Phase Error              (PE):    0.000ns
  Inter-SLR Compensation: 0.010ns  (DCD * PF)
    Destination Clock Delay (DCD):    0.064ns
    Prorating Factor         (PF):    0.150

    Location             Delay type                Incr(ns)  Path(ns)    Netlist Resource(s)
  -------------------------------------------------------------------    -------------------
                         (clock aclk rise edge)       0.000     0.000 r  
                                                      0.000     0.000 r  aclk (IN)
                         net (fo=95144, unset)        0.030     0.030    aclk
    SLICE_X84Y302        FDRE                                         r  kv_we_reg/C
  -------------------------------------------------------------------    -------------------
    SLICE_X84Y302        FDRE (Prop_CFF_SLICEM_C_Q)
                                                      0.078     0.108 f  kv_we_reg/Q
                         net (fo=8, estimated)        0.218     0.326    kv_we
    SLICE_X82Y301        LUT4 (Prop_F6LUT_SLICEL_I0_O)
                                                      0.097     0.423 f  g_kv[3].mem_reg_uram_0_i_1/O
                         net (fo=265, estimated)      4.028     4.451    g_kv[3].mem_reg_uram_0_i_1_n_0
    SLR Crossing[1->0]   
    URAM288_X3Y0         URAM288                                      f  g_kv[3].mem_reg_uram_13/BWE_B[7]
  -------------------------------------------------------------------    -------------------

                         (clock aclk rise edge)       4.000     4.000 r  
                                                      0.000     4.000 r  aclk (IN)
                         net (fo=95144, unset)        0.064     4.064    aclk
    URAM288_X3Y0         URAM288                                      r  g_kv[3].mem_reg_uram_13/CLK
                         clock pessimism              0.000     4.064    
                         inter-SLR compensation      -0.010     4.054    
                         clock uncertainty           -0.035     4.019    
    URAM288_X3Y0         URAM288 (Setup_URAM_288K_INST_URAM288_CLK_BWE_B[7])
                                                     -0.410     3.609    g_kv[3].mem_reg_uram_13
  -------------------------------------------------------------------
                         required time                          3.609    
                         arrival time                          -4.451    
  -------------------------------------------------------------------
                         slack                                 -0.842    

Slack (VIOLATED) :        -0.840ns  (required time - arrival time)
  Source:                 kv_we_reg/C
                            (rising edge-triggered cell FDRE clocked by aclk  {rise@0.000ns fall@2.000ns period=4.000ns})
  Destination:            g_kv[0].mem_reg_uram_13/BWE_B[0]
                            (rising edge-triggered cell URAM288 clocked by aclk  {rise@0.000ns fall@2.000ns period=4.000ns})
  Path Group:             aclk
  Path Type:              Setup (Max at Slow Process Corner)
  Requirement:            4.000ns  (aclk rise@4.000ns - aclk rise@0.000ns)
  Data Path Delay:        4.419ns  (logic 0.179ns (4.051%)  route 4.240ns (95.949%))
  Logic Levels:           1  (LUT4=1)
  Clock Path Skew:        0.034ns (DCD - SCD + CPR)
    Destination Clock Delay (DCD):    0.064ns = ( 4.064 - 4.000 ) 
    Source Clock Delay      (SCD):    0.030ns
    Clock Pessimism Removal (CPR):    0.000ns
  Clock Uncertainty:      0.035ns  ((TSJ^2 + TIJ^2)^1/2 + DJ) / 2 + PE
    Total System Jitter     (TSJ):    0.071ns
    Total Input Jitter      (TIJ):    0.000ns
    Discrete Jitter          (DJ):    0.000ns
    Phase Error              (PE):    0.000ns
  Inter-SLR Compensation: 0.010ns  (DCD * PF)
    Destination Clock Delay (DCD):    0.064ns
    Prorating Factor         (PF):    0.150

    Location             Delay type                Incr(ns)  Path(ns)    Netlist Resource(s)
  -------------------------------------------------------------------    -------------------
                         (clock aclk rise edge)       0.000     0.000 r  
                                                      0.000     0.000 r  aclk (IN)
                         net (fo=95144, unset)        0.030     0.030    aclk
    SLICE_X84Y302        FDRE                                         r  kv_we_reg/C
  -------------------------------------------------------------------    -------------------
    SLICE_X84Y302        FDRE (Prop_CFF_SLICEM_C_Q)
                                                      0.078     0.108 r  kv_we_reg/Q
                         net (fo=8, estimated)        0.298     0.406    kv_we
    SLICE_X81Y301        LUT4 (Prop_H6LUT_SLICEM_I0_O)
                                                      0.101     0.507 r  g_kv[0].mem_reg_uram_0_i_1/O
                         net (fo=265, estimated)      3.942     4.449    g_kv[0].mem_reg_uram_0_i_1_n_0
    SLR Crossing[1->0]   
    URAM288_X3Y4         URAM288                                      r  g_kv[0].mem_reg_uram_13/BWE_B[0]
  -------------------------------------------------------------------    -------------------

                         (clock aclk rise edge)       4.000     4.000 r  
                                                      0.000     4.000 r  aclk (IN)
                         net (fo=95144, unset)        0.064     4.064    aclk
    URAM288_X3Y4         URAM288                                      r  g_kv[0].mem_reg_uram_13/CLK
                         clock pessimism              0.000     4.064    
                         inter-SLR compensation      -0.010     4.054    
                         clock uncertainty           -0.035     4.019    
    URAM288_X3Y4         URAM288 (Setup_URAM_288K_INST_URAM288_CLK_BWE_B[0])
                                                     -0.410     3.609    g_kv[0].mem_reg_uram_13
  -------------------------------------------------------------------
                         required time                          3.609    
                         arrival time                          -4.449    
  -------------------------------------------------------------------
                         slack                                 -0.840    

Slack (VIOLATED) :        -0.840ns  (required time - arrival time)
  Source:                 kv_we_reg/C
                            (rising edge-triggered cell FDRE clocked by aclk  {rise@0.000ns fall@2.000ns period=4.000ns})
  Destination:            g_kv[0].mem_reg_uram_13/BWE_B[0]
                            (rising edge-triggered cell URAM288 clocked by aclk  {rise@0.000ns fall@2.000ns period=4.000ns})
  Path Group:             aclk
  Path Type:              Setup (Max at Slow Process Corner)
  Requirement:            4.000ns  (aclk rise@4.000ns - aclk rise@0.000ns)
  Data Path Delay:        4.419ns  (logic 0.179ns (4.051%)  route 4.240ns (95.949%))
  Logic Levels:           1  (LUT4=1)
  Clock Path Skew:        0.034ns (DCD - SCD + CPR)
    Destination Clock Delay (DCD):    0.064ns = ( 4.064 - 4.000 ) 
    Source Clock Delay      (SCD):    0.030ns
    Clock Pessimism Removal (CPR):    0.000ns
  Clock Uncertainty:      0.035ns  ((TSJ^2 + TIJ^2)^1/2 + DJ) / 2 + PE
    Total System Jitter     (TSJ):    0.071ns
    Total Input Jitter      (TIJ):    0.000ns
    Discrete Jitter          (DJ):    0.000ns
    Phase Error              (PE):    0.000ns
  Inter-SLR Compensation: 0.010ns  (DCD * PF)
    Destination Clock Delay (DCD):    0.064ns
    Prorating Factor         (PF):    0.150

    Location             Delay type                Incr(ns)  Path(ns)    Netlist Resource(s)
  -------------------------------------------------------------------    -------------------
                         (clock aclk rise edge)       0.000     0.000 r  
                                                      0.000     0.000 r  aclk (IN)
                         net (fo=95144, unset)        0.030     0.030    aclk
    SLICE_X84Y302        FDRE                                         r  kv_we_reg/C
  -------------------------------------------------------------------    -------------------
    SLICE_X84Y302        FDRE (Prop_CFF_SLICEM_C_Q)
                                                      0.078     0.108 f  kv_we_reg/Q
                         net (fo=8, estimated)        0.298     0.406    kv_we
    SLICE_X81Y301        LUT4 (Prop_H6LUT_SLICEM_I0_O)
                                                      0.101     0.507 f  g_kv[0].mem_reg_uram_0_i_1/O
                         net (fo=265, estimated)      3.942     4.449    g_kv[0].mem_reg_uram_0_i_1_n_0
    SLR Crossing[1->0]   
    URAM288_X3Y4         URAM288                                      f  g_kv[0].mem_reg_uram_13/BWE_B[0]
  -------------------------------------------------------------------    -------------------

                         (clock aclk rise edge)       4.000     4.000 r  
                                                      0.000     4.000 r  aclk (IN)
                         net (fo=95144, unset)        0.064     4.064    aclk
    URAM288_X3Y4         URAM288                                      r  g_kv[0].mem_reg_uram_13/CLK
                         clock pessimism              0.000     4.064    
                         inter-SLR compensation      -0.010     4.054    
                         clock uncertainty           -0.035     4.019    
    URAM288_X3Y4         URAM288 (Setup_URAM_288K_INST_URAM288_CLK_BWE_B[0])
                                                     -0.410     3.609    g_kv[0].mem_reg_uram_13
  -------------------------------------------------------------------
                         required time                          3.609    
                         arrival time                          -4.449    
  -------------------------------------------------------------------
                         slack                                 -0.840    

Slack (VIOLATED) :        -0.840ns  (required time - arrival time)
  Source:                 kv_we_reg/C
                            (rising edge-triggered cell FDRE clocked by aclk  {rise@0.000ns fall@2.000ns period=4.000ns})
  Destination:            g_kv[3].mem_reg_uram_13/BWE_B[2]
                            (rising edge-triggered cell URAM288 clocked by aclk  {rise@0.000ns fall@2.000ns period=4.000ns})
  Path Group:             aclk
  Path Type:              Setup (Max at Slow Process Corner)
  Requirement:            4.000ns  (aclk rise@4.000ns - aclk rise@0.000ns)
  Data Path Delay:        4.419ns  (logic 0.175ns (3.960%)  route 4.244ns (96.040%))
  Logic Levels:           1  (LUT4=1)
  Clock Path Skew:        0.034ns (DCD - SCD + CPR)
    Destination Clock Delay (DCD):    0.064ns = ( 4.064 - 4.000 ) 
    Source Clock Delay      (SCD):    0.030ns
    Clock Pessimism Removal (CPR):    0.000ns
  Clock Uncertainty:      0.035ns  ((TSJ^2 + TIJ^2)^1/2 + DJ) / 2 + PE
    Total System Jitter     (TSJ):    0.071ns
    Total Input Jitter      (TIJ):    0.000ns
    Discrete Jitter          (DJ):    0.000ns
    Phase Error              (PE):    0.000ns
  Inter-SLR Compensation: 0.010ns  (DCD * PF)
    Destination Clock Delay (DCD):    0.064ns
    Prorating Factor         (PF):    0.150

    Location             Delay type                Incr(ns)  Path(ns)    Netlist Resource(s)
  -------------------------------------------------------------------    -------------------
                         (clock aclk rise edge)       0.000     0.000 r  
                                                      0.000     0.000 r  aclk (IN)
                         net (fo=95144, unset)        0.030     0.030    aclk
    SLICE_X84Y302        FDRE                                         r  kv_we_reg/C
  -------------------------------------------------------------------    -------------------
    SLICE_X84Y302        FDRE (Prop_CFF_SLICEM_C_Q)
                                                      0.078     0.108 r  kv_we_reg/Q
                         net (fo=8, estimated)        0.218     0.326    kv_we
    SLICE_X82Y301        LUT4 (Prop_F6LUT_SLICEL_I0_O)
                                                      0.097     0.423 r  g_kv[3].mem_reg_uram_0_i_1/O
                         net (fo=265, estimated)      4.026     4.449    g_kv[3].mem_reg_uram_0_i_1_n_0
    SLR Crossing[1->0]   
    URAM288_X3Y0         URAM288                                      r  g_kv[3].mem_reg_uram_13/BWE_B[2]
  -------------------------------------------------------------------    -------------------

                         (clock aclk rise edge)       4.000     4.000 r  
                                                      0.000     4.000 r  aclk (IN)
                         net (fo=95144, unset)        0.064     4.064    aclk
    URAM288_X3Y0         URAM288                                      r  g_kv[3].mem_reg_uram_13/CLK
                         clock pessimism              0.000     4.064    
                         inter-SLR compensation      -0.010     4.054    
                         clock uncertainty           -0.035     4.019    
    URAM288_X3Y0         URAM288 (Setup_URAM_288K_INST_URAM288_CLK_BWE_B[2])
                                                     -0.410     3.609    g_kv[3].mem_reg_uram_13
  -------------------------------------------------------------------
                         required time                          3.609    
                         arrival time                          -4.449    
  -------------------------------------------------------------------
                         slack                                 -0.840    

Slack (VIOLATED) :        -0.840ns  (required time - arrival time)
  Source:                 kv_we_reg/C
                            (rising edge-triggered cell FDRE clocked by aclk  {rise@0.000ns fall@2.000ns period=4.000ns})
  Destination:            g_kv[3].mem_reg_uram_13/BWE_B[2]
                            (rising edge-triggered cell URAM288 clocked by aclk  {rise@0.000ns fall@2.000ns period=4.000ns})
  Path Group:             aclk
  Path Type:              Setup (Max at Slow Process Corner)
  Requirement:            4.000ns  (aclk rise@4.000ns - aclk rise@0.000ns)
  Data Path Delay:        4.419ns  (logic 0.175ns (3.960%)  route 4.244ns (96.040%))
  Logic Levels:           1  (LUT4=1)
  Clock Path Skew:        0.034ns (DCD - SCD + CPR)
    Destination Clock Delay (DCD):    0.064ns = ( 4.064 - 4.000 ) 
    Source Clock Delay      (SCD):    0.030ns
    Clock Pessimism Removal (CPR):    0.000ns
  Clock Uncertainty:      0.035ns  ((TSJ^2 + TIJ^2)^1/2 + DJ) / 2 + PE
    Total System Jitter     (TSJ):    0.071ns
    Total Input Jitter      (TIJ):    0.000ns
    Discrete Jitter          (DJ):    0.000ns
    Phase Error              (PE):    0.000ns
  Inter-SLR Compensation: 0.010ns  (DCD * PF)
    Destination Clock Delay (DCD):    0.064ns
    Prorating Factor         (PF):    0.150

    Location             Delay type                Incr(ns)  Path(ns)    Netlist Resource(s)
  -------------------------------------------------------------------    -------------------
                         (clock aclk rise edge)       0.000     0.000 r  
                                                      0.000     0.000 r  aclk (IN)
                         net (fo=95144, unset)        0.030     0.030    aclk
    SLICE_X84Y302        FDRE                                         r  kv_we_reg/C
  -------------------------------------------------------------------    -------------------
    SLICE_X84Y302        FDRE (Prop_CFF_SLICEM_C_Q)
                                                      0.078     0.108 f  kv_we_reg/Q
                         net (fo=8, estimated)        0.218     0.326    kv_we
    SLICE_X82Y301        LUT4 (Prop_F6LUT_SLICEL_I0_O)
                                                      0.097     0.423 f  g_kv[3].mem_reg_uram_0_i_1/O
                         net (fo=265, estimated)      4.026     4.449    g_kv[3].mem_reg_uram_0_i_1_n_0
    SLR Crossing[1->0]   
    URAM288_X3Y0         URAM288                                      f  g_kv[3].mem_reg_uram_13/BWE_B[2]
  -------------------------------------------------------------------    -------------------

                         (clock aclk rise edge)       4.000     4.000 r  
                                                      0.000     4.000 r  aclk (IN)
                         net (fo=95144, unset)        0.064     4.064    aclk
    URAM288_X3Y0         URAM288                                      r  g_kv[3].mem_reg_uram_13/CLK
                         clock pessimism              0.000     4.064    
                         inter-SLR compensation      -0.010     4.054    
                         clock uncertainty           -0.035     4.019    
    URAM288_X3Y0         URAM288 (Setup_URAM_288K_INST_URAM288_CLK_BWE_B[2])
                                                     -0.410     3.609    g_kv[3].mem_reg_uram_13
  -------------------------------------------------------------------
                         required time                          3.609    
                         arrival time                          -4.449    
  -------------------------------------------------------------------
                         slack                                 -0.840    

Slack (VIOLATED) :        -0.840ns  (required time - arrival time)
  Source:                 kv_we_reg/C
                            (rising edge-triggered cell FDRE clocked by aclk  {rise@0.000ns fall@2.000ns period=4.000ns})
  Destination:            g_kv[3].mem_reg_uram_13/BWE_B[5]
                            (rising edge-triggered cell URAM288 clocked by aclk  {rise@0.000ns fall@2.000ns period=4.000ns})
  Path Group:             aclk
  Path Type:              Setup (Max at Slow Process Corner)
  Requirement:            4.000ns  (aclk rise@4.000ns - aclk rise@0.000ns)
  Data Path Delay:        4.419ns  (logic 0.175ns (3.960%)  route 4.244ns (96.040%))
  Logic Levels:           1  (LUT4=1)
  Clock Path Skew:        0.034ns (DCD - SCD + CPR)
    Destination Clock Delay (DCD):    0.064ns = ( 4.064 - 4.000 ) 
    Source Clock Delay      (SCD):    0.030ns
    Clock Pessimism Removal (CPR):    0.000ns
  Clock Uncertainty:      0.035ns  ((TSJ^2 + TIJ^2)^1/2 + DJ) / 2 + PE
    Total System Jitter     (TSJ):    0.071ns
    Total Input Jitter      (TIJ):    0.000ns
    Discrete Jitter          (DJ):    0.000ns
    Phase Error              (PE):    0.000ns
  Inter-SLR Compensation: 0.010ns  (DCD * PF)
    Destination Clock Delay (DCD):    0.064ns
    Prorating Factor         (PF):    0.150

    Location             Delay type                Incr(ns)  Path(ns)    Netlist Resource(s)
  -------------------------------------------------------------------    -------------------
                         (clock aclk rise edge)       0.000     0.000 r  
                                                      0.000     0.000 r  aclk (IN)
                         net (fo=95144, unset)        0.030     0.030    aclk
    SLICE_X84Y302        FDRE                                         r  kv_we_reg/C
  -------------------------------------------------------------------    -------------------
    SLICE_X84Y302        FDRE (Prop_CFF_SLICEM_C_Q)
                                                      0.078     0.108 r  kv_we_reg/Q
                         net (fo=8, estimated)        0.218     0.326    kv_we
    SLICE_X82Y301        LUT4 (Prop_F6LUT_SLICEL_I0_O)
                                                      0.097     0.423 r  g_kv[3].mem_reg_uram_0_i_1/O
                         net (fo=265, estimated)      4.026     4.449    g_kv[3].mem_reg_uram_0_i_1_n_0
    SLR Crossing[1->0]   
    URAM288_X3Y0         URAM288                                      r  g_kv[3].mem_reg_uram_13/BWE_B[5]
  -------------------------------------------------------------------    -------------------

                         (clock aclk rise edge)       4.000     4.000 r  
                                                      0.000     4.000 r  aclk (IN)
                         net (fo=95144, unset)        0.064     4.064    aclk
    URAM288_X3Y0         URAM288                                      r  g_kv[3].mem_reg_uram_13/CLK
                         clock pessimism              0.000     4.064    
                         inter-SLR compensation      -0.010     4.054    
                         clock uncertainty           -0.035     4.019    
    URAM288_X3Y0         URAM288 (Setup_URAM_288K_INST_URAM288_CLK_BWE_B[5])
                                                     -0.410     3.609    g_kv[3].mem_reg_uram_13
  -------------------------------------------------------------------
                         required time                          3.609    
                         arrival time                          -4.449    
  -------------------------------------------------------------------
                         slack                                 -0.840    

Slack (VIOLATED) :        -0.840ns  (required time - arrival time)
  Source:                 kv_we_reg/C
                            (rising edge-triggered cell FDRE clocked by aclk  {rise@0.000ns fall@2.000ns period=4.000ns})
  Destination:            g_kv[3].mem_reg_uram_13/BWE_B[5]
                            (rising edge-triggered cell URAM288 clocked by aclk  {rise@0.000ns fall@2.000ns period=4.000ns})
  Path Group:             aclk
  Path Type:              Setup (Max at Slow Process Corner)
  Requirement:            4.000ns  (aclk rise@4.000ns - aclk rise@0.000ns)
  Data Path Delay:        4.419ns  (logic 0.175ns (3.960%)  route 4.244ns (96.040%))
  Logic Levels:           1  (LUT4=1)
  Clock Path Skew:        0.034ns (DCD - SCD + CPR)
    Destination Clock Delay (DCD):    0.064ns = ( 4.064 - 4.000 ) 
    Source Clock Delay      (SCD):    0.030ns
    Clock Pessimism Removal (CPR):    0.000ns
  Clock Uncertainty:      0.035ns  ((TSJ^2 + TIJ^2)^1/2 + DJ) / 2 + PE
    Total System Jitter     (TSJ):    0.071ns
    Total Input Jitter      (TIJ):    0.000ns
    Discrete Jitter          (DJ):    0.000ns
    Phase Error              (PE):    0.000ns
  Inter-SLR Compensation: 0.010ns  (DCD * PF)
    Destination Clock Delay (DCD):    0.064ns
    Prorating Factor         (PF):    0.150

    Location             Delay type                Incr(ns)  Path(ns)    Netlist Resource(s)
  -------------------------------------------------------------------    -------------------
                         (clock aclk rise edge)       0.000     0.000 r  
                                                      0.000     0.000 r  aclk (IN)
                         net (fo=95144, unset)        0.030     0.030    aclk
    SLICE_X84Y302        FDRE                                         r  kv_we_reg/C
  -------------------------------------------------------------------    -------------------
    SLICE_X84Y302        FDRE (Prop_CFF_SLICEM_C_Q)
                                                      0.078     0.108 f  kv_we_reg/Q
                         net (fo=8, estimated)        0.218     0.326    kv_we
    SLICE_X82Y301        LUT4 (Prop_F6LUT_SLICEL_I0_O)
                                                      0.097     0.423 f  g_kv[3].mem_reg_uram_0_i_1/O
                         net (fo=265, estimated)      4.026     4.449    g_kv[3].mem_reg_uram_0_i_1_n_0
    SLR Crossing[1->0]   
    URAM288_X3Y0         URAM288                                      f  g_kv[3].mem_reg_uram_13/BWE_B[5]
  -------------------------------------------------------------------    -------------------

                         (clock aclk rise edge)       4.000     4.000 r  
                                                      0.000     4.000 r  aclk (IN)
                         net (fo=95144, unset)        0.064     4.064    aclk
    URAM288_X3Y0         URAM288                                      r  g_kv[3].mem_reg_uram_13/CLK
                         clock pessimism              0.000     4.064    
                         inter-SLR compensation      -0.010     4.054    
                         clock uncertainty           -0.035     4.019    
    URAM288_X3Y0         URAM288 (Setup_URAM_288K_INST_URAM288_CLK_BWE_B[5])
                                                     -0.410     3.609    g_kv[3].mem_reg_uram_13
  -------------------------------------------------------------------
                         required time                          3.609    
                         arrival time                          -4.449    
  -------------------------------------------------------------------
                         slack                                 -0.840    




