=== host: snoke
=== date: 2026-09-02T21:31:40-06:00
=== tree: 1c62570+dirty
=== cmd:  /home/cah/.local/bin/uv run --no-project --with numpy python -u .probe_map_g4a.py 9b
=== venv: /home/cah/.venv/bin/python (exists)
===       ref/.venv/bin/python (ABSENT)
===       uv: /home/cah/.local/bin/uv (exists)
=== cpu:  nproc=48 OMP_NUM_THREADS=8 MKL_NUM_THREADS=8
=== env:  FABLE5_MODEL=9b FABLE5_DN_STATE=unset FABLE5_RS_F=7
===       FABLE5_CALIB_STATS=unset FABLE5_CALIB_MODE=unset
=== ---
[9b seed=1] H=4096 FFN=12288  measured peak: DN(+MLP)=50208 ATTN(+MLP)=50208 conv-preamble=21536
[9b seed=2] H=4096 FFN=12288  measured peak: DN(+MLP)=50208 ATTN(+MLP)=50208 conv-preamble=50208
[9b seed=3] H=4096 FFN=12288  measured peak: DN(+MLP)=50208 ATTN(+MLP)=50208 conv-preamble=50208
[9b seed=4] H=4096 FFN=12288  measured peak: DN(+MLP)=50208 ATTN(+MLP)=50208 conv-preamble=50208
[9b] MEASURED PEAK=50208  DERIVED PEAK=50208  SCRATCH=65536  headroom=15328
[9b] OK: measured <= derived <= 65536
[9b] import-time invariants: PEAK=50208 scratch_map() max end=50208 SCRATCH=65536 SCRATCH_MAX=65536 ISA_SADDR_MAX=65536
=== rc: 0
=== end: 2026-09-02T21:43:27-06:00
