=== host: snoke
=== date: 2026-09-02T22:09:16-06:00
=== tree: a6bf85f
=== cmd:  bash /home/cah/r2d2/code/fpga/fable5_llm/evidence/qwen9b/g4/run_g4a_replay.sh lay9b_s 1 2 3 4
=== venv: /home/cah/.venv/bin/python (exists)
===       ref/.venv/bin/python (ABSENT)
===       uv: /home/cah/.local/bin/uv (exists)
=== cpu:  nproc=48 OMP_NUM_THREADS=unset MKL_NUM_THREADS=unset
=== env:  FABLE5_MODEL=unset FABLE5_DN_STATE=unset FABLE5_RS_F=unset
===       FABLE5_CALIB_STATS=unset FABLE5_CALIB_MODE=unset
=== ---
=== binary   /home/cah/r2d2/code/fpga/fable5_llm/tb/obj_dir_tb_seq_chip_9b/tb_seq_chip_9b
=== built    2026-09-02T22:08:13-06:00
=== stem     lay9b_s   seeds: 1 2 3 4
=== watchdog 172800000 ms
=== per-seed stdout under /var/tmp/g4a_replay_3106988
Terminated
SEED lay9b_s1 rc=143 wall=153s
Terminated
Terminated
SEED lay9b_s4 rc=143 wall=153s
Terminated
SEED lay9b_s2 rc=143 wall=153s
SEED lay9b_s3 rc=143 wall=153s
--- verdict lines, one seed per block ---
--- lay9b_s1
    NO PASS LINE — last 15 lines:
        mem region 0: 64432 B @ 000090000000   /home/cah/r2d2/code/fpga/fable5_llm/tb/scripts/w9/lay9b_s1.e4.seq
        mem region 1: 116672 B @ 000080000000   /home/cah/r2d2/code/fpga/fable5_llm/tb/scripts/w9/lay9b_s1.e4.seqdata.bin
        mem region -: (absent) /home/cah/r2d2/code/fpga/fable5_llm/tb/scripts/w9/lay9b_s1.emb.bin
      %Warning: ../rtl/roms/rsqrt_rom.hex:0: $readmem file not found
      %Warning: ../rtl/roms/sigmoid_pair_rom.hex:0: $readmem file not found
      %Warning: ../rtl/roms/sigmoid_pair_rom.hex:0: $readmem file not found
      %Warning: ../rtl/roms/softplus_pair_rom.hex:0: $readmem file not found
      %Warning: ../rtl/roms/exp2_pair_rom.hex:0: $readmem file not found
      %Warning: ../rtl/roms/exp2_pair_rom.hex:0: $readmem file not found
      %Warning: ../rtl/roms/recip_rom.hex:0: $readmem file not found
      %Warning: ../rtl/roms/sigmoid_pair_rom.hex:0: $readmem file not found
--- lay9b_s2
    NO PASS LINE — last 15 lines:
        mem region 0: 64432 B @ 000090000000   /home/cah/r2d2/code/fpga/fable5_llm/tb/scripts/w9/lay9b_s2.e4.seq
        mem region 1: 116672 B @ 000080000000   /home/cah/r2d2/code/fpga/fable5_llm/tb/scripts/w9/lay9b_s2.e4.seqdata.bin
        mem region -: (absent) /home/cah/r2d2/code/fpga/fable5_llm/tb/scripts/w9/lay9b_s2.emb.bin
      %Warning: ../rtl/roms/rsqrt_rom.hex:0: $readmem file not found
      %Warning: ../rtl/roms/sigmoid_pair_rom.hex:0: $readmem file not found
      %Warning: ../rtl/roms/sigmoid_pair_rom.hex:0: $readmem file not found
      %Warning: ../rtl/roms/softplus_pair_rom.hex:0: $readmem file not found
      %Warning: ../rtl/roms/exp2_pair_rom.hex:0: $readmem file not found
      %Warning: ../rtl/roms/exp2_pair_rom.hex:0: $readmem file not found
      %Warning: ../rtl/roms/recip_rom.hex:0: $readmem file not found
      %Warning: ../rtl/roms/sigmoid_pair_rom.hex:0: $readmem file not found
--- lay9b_s3
    NO PASS LINE — last 15 lines:
        mem region 0: 64432 B @ 000090000000   /home/cah/r2d2/code/fpga/fable5_llm/tb/scripts/w9/lay9b_s3.e4.seq
        mem region 1: 116672 B @ 000080000000   /home/cah/r2d2/code/fpga/fable5_llm/tb/scripts/w9/lay9b_s3.e4.seqdata.bin
        mem region -: (absent) /home/cah/r2d2/code/fpga/fable5_llm/tb/scripts/w9/lay9b_s3.emb.bin
      %Warning: ../rtl/roms/rsqrt_rom.hex:0: $readmem file not found
      %Warning: ../rtl/roms/sigmoid_pair_rom.hex:0: $readmem file not found
      %Warning: ../rtl/roms/sigmoid_pair_rom.hex:0: $readmem file not found
      %Warning: ../rtl/roms/softplus_pair_rom.hex:0: $readmem file not found
      %Warning: ../rtl/roms/exp2_pair_rom.hex:0: $readmem file not found
      %Warning: ../rtl/roms/exp2_pair_rom.hex:0: $readmem file not found
      %Warning: ../rtl/roms/recip_rom.hex:0: $readmem file not found
      %Warning: ../rtl/roms/sigmoid_pair_rom.hex:0: $readmem file not found
--- lay9b_s4
    NO PASS LINE — last 15 lines:
        mem region 0: 64432 B @ 000090000000   /home/cah/r2d2/code/fpga/fable5_llm/tb/scripts/w9/lay9b_s4.e4.seq
        mem region 1: 116672 B @ 000080000000   /home/cah/r2d2/code/fpga/fable5_llm/tb/scripts/w9/lay9b_s4.e4.seqdata.bin
        mem region -: (absent) /home/cah/r2d2/code/fpga/fable5_llm/tb/scripts/w9/lay9b_s4.emb.bin
      %Warning: ../rtl/roms/rsqrt_rom.hex:0: $readmem file not found
      %Warning: ../rtl/roms/sigmoid_pair_rom.hex:0: $readmem file not found
      %Warning: ../rtl/roms/sigmoid_pair_rom.hex:0: $readmem file not found
      %Warning: ../rtl/roms/softplus_pair_rom.hex:0: $readmem file not found
      %Warning: ../rtl/roms/exp2_pair_rom.hex:0: $readmem file not found
      %Warning: ../rtl/roms/exp2_pair_rom.hex:0: $readmem file not found
      %Warning: ../rtl/roms/recip_rom.hex:0: $readmem file not found
      %Warning: ../rtl/roms/sigmoid_pair_rom.hex:0: $readmem file not found
--- total wall 153s for 4 seed(s) in parallel
G4A_REPLAY lay9b_s: FAIL
=== rc: 1
=== end: 2026-09-02T22:11:49-06:00
