=== host: snoke
=== date: 2026-09-03T00:44:13-06:00
=== tree: c42f593+dirty
=== cmd:  make -C /home/cah/r2d2/code/fpga/fable5_llm/tb seq_chip_vectors_9b VECPY=/home/cah/.venv/bin/python
=== venv: /home/cah/.venv/bin/python (exists)
===       ref/.venv/bin/python (ABSENT)
===       uv: /home/cah/.local/bin/uv (exists)
=== cpu:  nproc=48 OMP_NUM_THREADS=unset MKL_NUM_THREADS=unset
=== env:  FABLE5_MODEL=unset FABLE5_DN_STATE=unset FABLE5_RS_F=unset
===       FABLE5_CALIB_STATS=unset FABLE5_CALIB_MODE=unset
=== ---
make: Entering directory '/home/cah/r2d2/code/fpga/fable5_llm/tb'
FABLE5_MODEL=9b FABLE5_RS_F=7 /home/cah/.venv/bin/python scripts/gen_seq_chip_vectors.py \
  scripts/w9/model_9b_s1.e4 --base scripts/w9/model_9b_s1
  plan re-derived from the manifest: 249 images, nch=4, chunk_rows=2048, repack=True, ilv_wids=[248], every base identical
    wid 248 (LAYOUT_ILV, 248320 rows) -> per-channel rows [63488, 61952, 61440, 61440]
  pack top: (1294532608, 1291288576, 1290207232, 1290207232)
  scripts/w9/model_9b_s1.wimg0.bin: 1026097152 B (978.6 MiB) @ 0x10000000
  scripts/w9/model_9b_s1.wimg1.bin: 1022853120 B (975.5 MiB) @ 0x10000000
  scripts/w9/model_9b_s1.wimg2.bin: 1021771776 B (974.4 MiB) @ 0x10000000
  scripts/w9/model_9b_s1.wimg3.bin: 1021771776 B (974.4 MiB) @ 0x10000000
  per-channel weight pack: 4 channels, 249 images (run tb_seq_chip with -GWIMGPC=1)
  scripts/w9/model_9b_s1.e4.chip: 158483 records, pc 158482, 6 tokens, 36864 scratch words checked (28672 staging words excluded)
  seq_model stats: {'CSRWR': 157799, 'CMD': 52470, 'MOVX': 5976, 'MOVY': 8220, 'MVGO': 8220, 'EMB': 6, 'AMAXL': 6, 'JMP': 3, 'FENCE': 2058, 'LDC': 1062, 'XOP': 54, 'PROBE': 48, 'MVGO_NOWAIT': 8220}
make: Leaving directory '/home/cah/r2d2/code/fpga/fable5_llm/tb'
=== rc: 0
=== end: 2026-09-03T00:58:15-06:00
