=== host: snoke
=== date: 2026-09-03T12:09:01-06:00
=== tree: 6cad40f
=== cmd:  bash /home/cah/r2d2/code/fpga/fable5_llm/evidence/qwen9b/g4/run_g4a_memwatch.sh tb_seq_chip_9b 120
=== venv: /home/cah/.venv/bin/python (exists)
===       ref/.venv/bin/python (ABSENT)
===       uv: /home/cah/.local/bin/uv (exists)
=== cpu:  nproc=48 OMP_NUM_THREADS=unset MKL_NUM_THREADS=unset
=== env:  FABLE5_MODEL=unset FABLE5_DN_STATE=unset FABLE5_RS_F=unset
===       FABLE5_CALIB_STATS=unset FABLE5_CALIB_MODE=unset
=== ---
=== pattern  tb_seq_chip_9b
=== interval 120s
=== machine  48 cores
--- free -g at the start (headroom BEFORE the campaign):
                   total        used        free      shared  buff/cache   available
    Mem:             247           6          88           0         154         241
    Swap:            127           0         127
SAMPLE   1  12:09:01  procs 7  total RSS    0.178 GiB  largest    0.042 GiB  avail 241 GiB
SAMPLE   2  12:11:02  procs 7  total RSS    0.178 GiB  largest    0.042 GiB  avail 241 GiB
