=== host: snoke
=== date: 2026-09-03T16:03:53-06:00
=== tree: 88beef6
=== cmd:  /home/cah/.venv/bin/python evidence/qwen9b/g4/g4b_pacc_probe.py tb/scripts/w9/model_9b_s1.e4 --base tb/scripts/w9/model_9b_s1
=== venv: /home/cah/.venv/bin/python (exists)
===       ref/.venv/bin/python (ABSENT)
===       uv: /home/cah/.local/bin/uv (exists)
=== cpu:  nproc=48 OMP_NUM_THREADS=6 MKL_NUM_THREADS=unset
=== env:  FABLE5_MODEL=9b FABLE5_DN_STATE=unset FABLE5_RS_F=7
===       FABLE5_CALIB_STATS=unset FABLE5_CALIB_MODE=unset
=== ---
PACC replaying tb/scripts/w9/model_9b_s1.e4: 158483 records
PACC seq_model stats: {'CSRWR': 157799, 'CMD': 52470, 'MOVX': 5976, 'MOVY': 8220, 'MVGO': 8220, 'EMB': 6, 'AMAXL': 6, 'JMP': 3, 'FENCE': 2058, 'LDC': 1062, 'XOP': 54, 'PROBE': 48, 'MVGO_NOWAIT': 8220}
PACC matvec calls          : 8220
PACC rows accumulated      : 10051584
PACC OBSERVED max |p_acc|  : 422300890
PACC OBSERVED magnitude bits: 29 of 48 (sign + 29, 18 spare)
PACC worst matvec          : {'N': 2048, 'K': 4096, 'NG': 32, 'sh': 7, 'max_abs': 422300890}
PACC RTL header bound      : 824621137920 = 40 magnitude bits (rtl/matvec_engine.sv:72-77, MODELLED)
PACC study arithmetic      : ~45 of 48 at K=12288 (MODELLED, Task 12 brief)
PACC observed / RTL bound  : 5.121e-04
PACC VERDICT: FITS — 29 magnitude bits used, 18 of 47 spare
=== rc: 0
=== end: 2026-09-03T16:17:32-06:00
