=== host: darthplagueis
=== date: 2026-09-03T19:17:59-06:00
=== tree: 469b71a
=== cmd:  python3 evidence/qwen_next/spec_cites.py evidence/qwen9b/g4/G4B_STRUCT.md
=== venv: /home/cah/.venv/bin/python (ABSENT)
===       ref/.venv/bin/python (exists)
===       uv: /home/cah/.local/bin/uv (ABSENT)
=== cpu:  nproc=32 OMP_NUM_THREADS=unset MKL_NUM_THREADS=unset
=== env:  FABLE5_MODEL=unset FABLE5_DN_STATE=unset FABLE5_RS_F=unset
===       FABLE5_CALIB_STATS=unset FABLE5_CALIB_MODE=unset
=== ---
checked: 188 exist, 50 range, 8 quote  |  pending 15  |  retired 0  |  noquote 0  |  FAIL 0
  G4B_STRUCT.md:36  PENDING  synth/scripts/ooc_9b.tcl (a future gate creates this)
  G4B_STRUCT.md:93  PENDING  synth/scripts/ooc_9b.tcl (a future gate creates this)
  G4B_STRUCT.md:109  PENDING  synth/scripts/ooc_9b.tcl (a future gate creates this)
  G4B_STRUCT.md:122  PENDING  synth/scripts/ooc_9b.tcl (a future gate creates this)
  G4B_STRUCT.md:143  PENDING  synth/scripts/ooc_9b.tcl (a future gate creates this)
  G4B_STRUCT.md:258  PENDING  synth/scripts/ooc_9b.tcl (a future gate creates this)
  G4B_STRUCT.md:785  PENDING  synth/scripts/ooc_9b.tcl (a future gate creates this)
  G4B_STRUCT.md:1219  PENDING  synth/scripts/ooc_9b.tcl (a future gate creates this)
  G4B_STRUCT.md:1242  PENDING  synth/scripts/ooc_9b.tcl (a future gate creates this)
  G4B_STRUCT.md:1249  PENDING  evidence/qwen9b/g4/G4B_STRUCT.md (a future gate creates this)
  G4B_STRUCT.md:1249  PENDING  synth/scripts/ooc_9b.tcl (a future gate creates this)
  G4B_STRUCT.md:1392  PENDING  synth/scripts/ooc_9b.tcl (a future gate creates this)
  G4B_STRUCT.md:1392  PENDING  synth/scripts/ooc_9b.tcl (a future gate creates this)
  G4B_STRUCT.md:1392  PENDING  synth/scripts/ooc_9b.tcl (a future gate creates this)
  G4B_STRUCT.md:1411  PENDING  synth/scripts/ooc_9b.tcl (a future gate creates this)
SPEC CITES: PASS
=== rc: 0
=== end: 2026-09-03T19:17:59-06:00
