Copyright 1986-2022 Xilinx, Inc. All Rights Reserved. Copyright 2022-2024 Advanced Micro Devices, Inc. All Rights Reserved.
-------------------------------------------------------------------------------------------------------------------------------------------------
| Tool Version : Vivado v.2024.2 (lin64) Build 5239630 Fri Nov 08 22:34:34 MST 2024
| Date         : Thu Sep  3 15:46:03 2026
| Host         : snoke running 64-bit Ubuntu 24.04.4 LTS
| Command      : report_utilization -hierarchical -file /home/cah/r2d2/code/fpga/fable5_llm/synth/out_ooc9b_layer_p0/reports/util_synth_hier.rpt
| Design       : layer_chan
| Device       : xcvu9p-fsgd2104-2L-e
| Speed File   : -2L
| Design State : Synthesized
-------------------------------------------------------------------------------------------------------------------------------------------------

Utilization Design Information

Table of Contents
-----------------
1. Utilization by Hierarchy

1. Utilization by Hierarchy
---------------------------

+----------------+---------------------------------+------------+------------+---------+------+-------+--------+--------+------+------------+
|    Instance    |              Module             | Total LUTs | Logic LUTs | LUTRAMs | SRLs |  FFs  | RAMB36 | RAMB18 | URAM | DSP Blocks |
+----------------+---------------------------------+------------+------------+---------+------+-------+--------+--------+------+------------+
| layer_chan     |                           (top) |     109986 |     109608 |     344 |   34 | 54433 |    674 |     33 |  928 |       1837 |
|   (layer_chan) |                           (top) |       4694 |       4694 |       0 |    0 | 12406 |    670 |     24 |  928 |          0 |
|   u_alu        |                         vec_alu |       4958 |       4958 |       0 |    0 |  1425 |      0 |      1 |    0 |          7 |
|   u_attn       |                       attn_core |      43142 |      43142 |       0 |    0 | 28866 |      0 |      4 |    0 |        525 |
|     (u_attn)   |                       attn_core |      42680 |      42680 |       0 |    0 | 28699 |      0 |      3 |    0 |        521 |
|     u_recip    |                        fx_recip |        462 |        462 |       0 |    0 |   167 |      0 |      1 |    0 |          4 |
|   u_axib       |                 layer_axib_shim |        287 |        271 |      16 |    0 |   255 |      0 |      0 |    0 |          0 |
|     (u_axib)   |                 layer_axib_shim |        151 |        135 |      16 |    0 |   109 |      0 |      0 |    0 |          0 |
|     u_ar       |                 layer_axib_skid |         51 |         51 |       0 |    0 |    54 |      0 |      0 |    0 |          0 |
|     u_aw       |               layer_axib_skid_0 |         53 |         53 |       0 |    0 |    54 |      0 |      0 |    0 |          0 |
|     u_w        | layer_axib_skid__parameterized0 |         34 |         34 |       0 |    0 |    38 |      0 |      0 |    0 |          0 |
|   u_conv       |                      conv4_silu |        307 |        306 |       0 |    1 |    76 |      0 |      1 |    0 |          7 |
|     (u_conv)   |                      conv4_silu |        129 |        129 |       0 |    0 |    21 |      0 |      0 |    0 |          4 |
|     u_silu     |                         fx_silu |        178 |        177 |       0 |    1 |    55 |      0 |      1 |    0 |          3 |
|   u_dn         |                         dn_step |      51731 |      51651 |      80 |    0 |  6770 |      0 |      0 |    0 |       1280 |
|   u_gate       |                       gate_unit |       1021 |        973 |      48 |    0 |  1338 |      0 |      2 |    0 |          7 |
|   u_rope       |                       rope_unit |        590 |        390 |     200 |    0 |    42 |      0 |      0 |    0 |          2 |
|   u_topk       |                    layer_topk32 |        533 |        533 |       0 |    0 |  1695 |      0 |      0 |    0 |          0 |
|   u_vn         |                    vecnorm_unit |       2723 |       2690 |       0 |   33 |  1560 |      4 |      1 |    0 |          9 |
|     (u_vn)     |                    vecnorm_unit |       2057 |       2024 |       0 |   33 |  1375 |      4 |      0 |    0 |          5 |
|     u_rsqrt    |                        fx_rsqrt |        668 |        668 |       0 |    0 |   185 |      0 |      1 |    0 |          4 |
+----------------+---------------------------------+------------+------------+---------+------+-------+--------+--------+------+------------+


