vectors: seed=1101 N=64 K=1024 g=128 wbeats=8 sbeats=1 NG128=8 sh=5 e=-5 beats=576
vectors: seed=1101 N=64 K=1024 g=64 wbeats=8 sbeats=1 NG64=16 sh=5 e=-5 beats=576
vectors: seed=1102 N=64 K=1024 g=128 wbeats=8 sbeats=1 NG128=8 sh=5 e=-5 beats=576
vectors: seed=1102 N=64 K=1024 g=64 wbeats=8 sbeats=1 NG64=16 sh=5 e=-5 beats=576
vectors: seed=1103 N=64 K=1024 g=128 wbeats=8 sbeats=1 NG128=8 sh=5 e=-5 beats=576
vectors: seed=1103 N=64 K=1024 g=64 wbeats=8 sbeats=1 NG64=16 sh=5 e=-5 beats=576
vectors: seed=1104 N=64 K=1024 g=128 wbeats=8 sbeats=1 NG128=8 sh=5 e=-5 beats=576
vectors: seed=1104 N=64 K=1024 g=64 wbeats=8 sbeats=1 NG64=16 sh=5 e=-5 beats=576
vectors: seed=2201 N=37 K=3584 g=128 wbeats=28 sbeats=1 NG128=28 sh=7 e=-5 beats=1073
vectors: seed=2201 N=37 K=3584 g=64 wbeats=28 sbeats=2 NG64=56 sh=7 e=-5 beats=1110
vectors: seed=2202 N=37 K=3584 g=128 wbeats=28 sbeats=1 NG128=28 sh=7 e=-5 beats=1073
vectors: seed=2202 N=37 K=3584 g=64 wbeats=28 sbeats=2 NG64=56 sh=7 e=-5 beats=1110
vectors: seed=2203 N=37 K=3584 g=128 wbeats=28 sbeats=1 NG128=28 sh=7 e=-5 beats=1073
vectors: seed=2203 N=37 K=3584 g=64 wbeats=28 sbeats=2 NG64=56 sh=7 e=-5 beats=1110
vectors: seed=2204 N=37 K=3584 g=128 wbeats=28 sbeats=1 NG128=28 sh=7 e=-5 beats=1073
vectors: seed=2204 N=37 K=3584 g=64 wbeats=28 sbeats=2 NG64=56 sh=7 e=-5 beats=1110
vectors: seed=3301 N=13 K=4096 g=128 wbeats=32 sbeats=1 NG128=32 sh=7 e=-5 beats=429
vectors: seed=3301 N=13 K=4096 g=64 wbeats=32 sbeats=2 NG64=64 sh=7 e=-5 beats=442
vectors: seed=3302 N=13 K=4096 g=128 wbeats=32 sbeats=1 NG128=32 sh=7 e=-5 beats=429
vectors: seed=3302 N=13 K=4096 g=64 wbeats=32 sbeats=2 NG64=64 sh=7 e=-5 beats=442
vectors: seed=3303 N=13 K=4096 g=128 wbeats=32 sbeats=1 NG128=32 sh=7 e=-5 beats=429
vectors: seed=3303 N=13 K=4096 g=64 wbeats=32 sbeats=2 NG64=64 sh=7 e=-5 beats=442
vectors: seed=3304 N=13 K=4096 g=128 wbeats=32 sbeats=1 NG128=32 sh=7 e=-5 beats=429
vectors: seed=3304 N=13 K=4096 g=64 wbeats=32 sbeats=2 NG64=64 sh=7 e=-5 beats=442
vectors: seed=4401 N=16 K=2048 g=128 wbeats=16 sbeats=1 NG128=16 sh=6 e=-5 beats=272
vectors: seed=4401 N=16 K=2048 g=64 wbeats=16 sbeats=1 NG64=32 sh=6 e=-5 beats=272
vectors: seed=4402 N=16 K=2048 g=128 wbeats=16 sbeats=1 NG128=16 sh=6 e=-5 beats=272
vectors: seed=4402 N=16 K=2048 g=64 wbeats=16 sbeats=1 NG64=32 sh=6 e=-5 beats=272
vectors: seed=4403 N=16 K=2048 g=128 wbeats=16 sbeats=1 NG128=16 sh=6 e=-5 beats=272
vectors: seed=4403 N=16 K=2048 g=64 wbeats=16 sbeats=1 NG64=32 sh=6 e=-5 beats=272
vectors: seed=4404 N=16 K=2048 g=128 wbeats=16 sbeats=1 NG128=16 sh=6 e=-5 beats=272
vectors: seed=4404 N=16 K=2048 g=64 wbeats=16 sbeats=1 NG64=32 sh=6 e=-5 beats=272
vectors: seed=5501 N=9 K=128 g=128 wbeats=1 sbeats=1 NG128=1 sh=2 e=-5 beats=18
vectors: seed=5501 N=9 K=128 g=64 wbeats=1 sbeats=1 NG64=2 sh=2 e=-5 beats=18
vectors: seed=5502 N=9 K=128 g=128 wbeats=1 sbeats=1 NG128=1 sh=2 e=-5 beats=18
vectors: seed=5502 N=9 K=128 g=64 wbeats=1 sbeats=1 NG64=2 sh=2 e=-5 beats=18
vectors: seed=5503 N=9 K=128 g=128 wbeats=1 sbeats=1 NG128=1 sh=2 e=-5 beats=18
vectors: seed=5503 N=9 K=128 g=64 wbeats=1 sbeats=1 NG64=2 sh=2 e=-5 beats=18
vectors: seed=5504 N=9 K=128 g=128 wbeats=1 sbeats=1 NG128=1 sh=2 e=-5 beats=18
vectors: seed=5504 N=9 K=128 g=64 wbeats=1 sbeats=1 NG64=2 sh=2 e=-5 beats=18
vectors: seed=7701 N=11 K=6144 g=128 wbeats=48 sbeats=2 NG128=48 sh=8 e=-5 beats=550
vectors: seed=7701 N=11 K=6144 g=64 wbeats=48 sbeats=3 NG64=96 sh=8 e=-5 beats=561
vectors: seed=7702 N=11 K=6144 g=128 wbeats=48 sbeats=2 NG128=48 sh=8 e=-5 beats=550
vectors: seed=7702 N=11 K=6144 g=64 wbeats=48 sbeats=3 NG64=96 sh=8 e=-5 beats=561
vectors: seed=7703 N=11 K=6144 g=128 wbeats=48 sbeats=2 NG128=48 sh=8 e=-5 beats=550
vectors: seed=7703 N=11 K=6144 g=64 wbeats=48 sbeats=3 NG64=96 sh=8 e=-5 beats=561
vectors: seed=7704 N=11 K=6144 g=128 wbeats=48 sbeats=2 NG128=48 sh=8 e=-5 beats=550
vectors: seed=7704 N=11 K=6144 g=64 wbeats=48 sbeats=3 NG64=96 sh=8 e=-5 beats=561
verilator --binary --timing -j 4 -Wall \
  --Mdir obj_dir_tb_matvec -o tb_matvec \
  --top-module tb_matvec \
  ../rtl/matvec_engine.sv tb_matvec.sv
make[1]: Entering directory '/home/cah/r2d2/code/fpga/fable5_llm/tb/obj_dir_tb_matvec'
make[1]: Nothing to be done for 'default'.
make[1]: Leaving directory '/home/cah/r2d2/code/fpga/fable5_llm/tb/obj_dir_tb_matvec'
for s in 1 2 3 4; do \
  obj_dir_tb_matvec/tb_matvec --seed $s \
    +vecdirs=vecv2/a${s}_g64,vecv2/b${s}_g64,vecv2/c${s}_g64,vecv2/d${s}_g64,vecv2/e${s}_g64,vecv2/f${s}_g64 || exit 1; \
done
[26000] case vecv2/a1_g64: K=1024 NG=8 SH=5 NROWS=64 BPR=9 G64=1
[3704000] case vecv2/b1_g64: K=3584 NG=28 SH=7 NROWS=37 BPR=30 G64=1
[12139000] case vecv2/c1_g64: K=4096 NG=32 SH=7 NROWS=13 BPR=34 G64=1
[17806000] case vecv2/d1_g64: K=2048 NG=16 SH=6 NROWS=16 BPR=17 G64=1
[21004000] case vecv2/e1_g64: K=128 NG=1 SH=2 NROWS=9 BPR=2 G64=1
[21334000] case vecv2/f1_g64: K=6144 NG=48 SH=8 NROWS=11 BPR=51 G64=1
%Error: vecv2/f1_g64/x8.hex:1024: $readmem file address beyond bounds of array
Aborting...
Aborted (core dumped)
make: *** [Makefile:127: tb_matvec_g64] Error 1
EXIT_G64=2
