python3 ../ref/gen_matvec_vectors.py vec_s1 101 64 1024
vectors: seed=101 N=64 K=1024 NG=8 sh=5 beats=576
python3 ../ref/gen_matvec_vectors.py vec_s2 202 32 3584
vectors: seed=202 N=32 K=3584 NG=28 sh=7 beats=928
python3 ../ref/gen_matvec_vectors.py vec_s3 303 128 256
vectors: seed=303 N=128 K=256 NG=2 sh=3 beats=384
python3 ../ref/gen_matvec_vectors.py vec_s4 404 16 2048
vectors: seed=404 N=16 K=2048 NG=16 sh=6 beats=272
verilator --binary --timing -j 4 -Wall \
  --Mdir obj_dir_tb_matvec -o tb_matvec \
  --top-module tb_matvec \
  ../rtl/matvec_engine.sv tb_matvec.sv
make[1]: Entering directory '/home/cah/r2d2/code/fpga/fable5_llm/tb/obj_dir_tb_matvec'
make[1]: Nothing to be done for 'default'.
make[1]: Leaving directory '/home/cah/r2d2/code/fpga/fable5_llm/tb/obj_dir_tb_matvec'
obj_dir_tb_matvec/tb_matvec --seed 1 +vecdir=vec_s1
[26000] case vec_s1: K=1024 NG=8 SH=5 NROWS=64 BPR=9 G64=0
TB_MATVEC PASS: 1 case(s), 64 rows bit-exact (last K=1024 G64=0)
- tb_matvec.sv:372: Verilog $finish
obj_dir_tb_matvec/tb_matvec --seed 2 +vecdir=vec_s2
[26000] case vec_s2: K=3584 NG=28 SH=7 NROWS=32 BPR=29 G64=0
TB_MATVEC PASS: 1 case(s), 32 rows bit-exact (last K=3584 G64=0)
- tb_matvec.sv:372: Verilog $finish
obj_dir_tb_matvec/tb_matvec --seed 3 +vecdir=vec_s3
[26000] case vec_s3: K=256 NG=2 SH=3 NROWS=128 BPR=3 G64=0
TB_MATVEC PASS: 1 case(s), 128 rows bit-exact (last K=256 G64=0)
- tb_matvec.sv:372: Verilog $finish
obj_dir_tb_matvec/tb_matvec --seed 4 +vecdir=vec_s4
[26000] case vec_s4: K=2048 NG=16 SH=6 NROWS=16 BPR=17 G64=0
TB_MATVEC PASS: 1 case(s), 16 rows bit-exact (last K=2048 G64=0)
- tb_matvec.sv:372: Verilog $finish
EXIT_MATVEC=0
vectors: seed=1101 N=64 K=1024 g=128 wbeats=8 sbeats=1 NG128=8 sh=5 e=-5 beats=576
vectors: seed=1101 N=64 K=1024 g=64 wbeats=8 sbeats=1 NG64=16 sh=5 e=-5 beats=576
vectors: seed=1102 N=64 K=1024 g=128 wbeats=8 sbeats=1 NG128=8 sh=5 e=-5 beats=576
vectors: seed=1102 N=64 K=1024 g=64 wbeats=8 sbeats=1 NG64=16 sh=5 e=-5 beats=576
vectors: seed=1103 N=64 K=1024 g=128 wbeats=8 sbeats=1 NG128=8 sh=5 e=-5 beats=576
vectors: seed=1103 N=64 K=1024 g=64 wbeats=8 sbeats=1 NG64=16 sh=5 e=-5 beats=576
vectors: seed=1104 N=64 K=1024 g=128 wbeats=8 sbeats=1 NG128=8 sh=5 e=-5 beats=576
vectors: seed=1104 N=64 K=1024 g=64 wbeats=8 sbeats=1 NG64=16 sh=5 e=-5 beats=576
vectors: seed=2201 N=37 K=3584 g=128 wbeats=28 sbeats=1 NG128=28 sh=7 e=-5 beats=1073
vectors: seed=2201 N=37 K=3584 g=64 wbeats=28 sbeats=2 NG64=56 sh=7 e=-5 beats=1110
vectors: seed=2202 N=37 K=3584 g=128 wbeats=28 sbeats=1 NG128=28 sh=7 e=-5 beats=1073
vectors: seed=2202 N=37 K=3584 g=64 wbeats=28 sbeats=2 NG64=56 sh=7 e=-5 beats=1110
vectors: seed=2203 N=37 K=3584 g=128 wbeats=28 sbeats=1 NG128=28 sh=7 e=-5 beats=1073
vectors: seed=2203 N=37 K=3584 g=64 wbeats=28 sbeats=2 NG64=56 sh=7 e=-5 beats=1110
vectors: seed=2204 N=37 K=3584 g=128 wbeats=28 sbeats=1 NG128=28 sh=7 e=-5 beats=1073
vectors: seed=2204 N=37 K=3584 g=64 wbeats=28 sbeats=2 NG64=56 sh=7 e=-5 beats=1110
vectors: seed=3301 N=13 K=4096 g=128 wbeats=32 sbeats=1 NG128=32 sh=7 e=-5 beats=429
vectors: seed=3301 N=13 K=4096 g=64 wbeats=32 sbeats=2 NG64=64 sh=7 e=-5 beats=442
vectors: seed=3302 N=13 K=4096 g=128 wbeats=32 sbeats=1 NG128=32 sh=7 e=-5 beats=429
vectors: seed=3302 N=13 K=4096 g=64 wbeats=32 sbeats=2 NG64=64 sh=7 e=-5 beats=442
vectors: seed=3303 N=13 K=4096 g=128 wbeats=32 sbeats=1 NG128=32 sh=7 e=-5 beats=429
vectors: seed=3303 N=13 K=4096 g=64 wbeats=32 sbeats=2 NG64=64 sh=7 e=-5 beats=442
vectors: seed=3304 N=13 K=4096 g=128 wbeats=32 sbeats=1 NG128=32 sh=7 e=-5 beats=429
vectors: seed=3304 N=13 K=4096 g=64 wbeats=32 sbeats=2 NG64=64 sh=7 e=-5 beats=442
vectors: seed=4401 N=16 K=2048 g=128 wbeats=16 sbeats=1 NG128=16 sh=6 e=-5 beats=272
vectors: seed=4401 N=16 K=2048 g=64 wbeats=16 sbeats=1 NG64=32 sh=6 e=-5 beats=272
vectors: seed=4402 N=16 K=2048 g=128 wbeats=16 sbeats=1 NG128=16 sh=6 e=-5 beats=272
vectors: seed=4402 N=16 K=2048 g=64 wbeats=16 sbeats=1 NG64=32 sh=6 e=-5 beats=272
vectors: seed=4403 N=16 K=2048 g=128 wbeats=16 sbeats=1 NG128=16 sh=6 e=-5 beats=272
vectors: seed=4403 N=16 K=2048 g=64 wbeats=16 sbeats=1 NG64=32 sh=6 e=-5 beats=272
vectors: seed=4404 N=16 K=2048 g=128 wbeats=16 sbeats=1 NG128=16 sh=6 e=-5 beats=272
vectors: seed=4404 N=16 K=2048 g=64 wbeats=16 sbeats=1 NG64=32 sh=6 e=-5 beats=272
vectors: seed=5501 N=9 K=128 g=128 wbeats=1 sbeats=1 NG128=1 sh=2 e=-5 beats=18
vectors: seed=5501 N=9 K=128 g=64 wbeats=1 sbeats=1 NG64=2 sh=2 e=-5 beats=18
vectors: seed=5502 N=9 K=128 g=128 wbeats=1 sbeats=1 NG128=1 sh=2 e=-5 beats=18
vectors: seed=5502 N=9 K=128 g=64 wbeats=1 sbeats=1 NG64=2 sh=2 e=-5 beats=18
vectors: seed=5503 N=9 K=128 g=128 wbeats=1 sbeats=1 NG128=1 sh=2 e=-5 beats=18
vectors: seed=5503 N=9 K=128 g=64 wbeats=1 sbeats=1 NG64=2 sh=2 e=-5 beats=18
vectors: seed=5504 N=9 K=128 g=128 wbeats=1 sbeats=1 NG128=1 sh=2 e=-5 beats=18
vectors: seed=5504 N=9 K=128 g=64 wbeats=1 sbeats=1 NG64=2 sh=2 e=-5 beats=18
vectors: seed=7701 N=11 K=6144 g=128 wbeats=48 sbeats=2 NG128=48 sh=8 e=-5 beats=550
vectors: seed=7701 N=11 K=6144 g=64 wbeats=48 sbeats=3 NG64=96 sh=8 e=-5 beats=561
vectors: seed=7702 N=11 K=6144 g=128 wbeats=48 sbeats=2 NG128=48 sh=8 e=-5 beats=550
vectors: seed=7702 N=11 K=6144 g=64 wbeats=48 sbeats=3 NG64=96 sh=8 e=-5 beats=561
vectors: seed=7703 N=11 K=6144 g=128 wbeats=48 sbeats=2 NG128=48 sh=8 e=-5 beats=550
vectors: seed=7703 N=11 K=6144 g=64 wbeats=48 sbeats=3 NG64=96 sh=8 e=-5 beats=561
vectors: seed=7704 N=11 K=6144 g=128 wbeats=48 sbeats=2 NG128=48 sh=8 e=-5 beats=550
vectors: seed=7704 N=11 K=6144 g=64 wbeats=48 sbeats=3 NG64=96 sh=8 e=-5 beats=561
verilator --binary --timing -j 4 -Wall \
  --Mdir obj_dir_tb_matvec -o tb_matvec \
  --top-module tb_matvec \
  ../rtl/matvec_engine.sv tb_matvec.sv
make[1]: Entering directory '/home/cah/r2d2/code/fpga/fable5_llm/tb/obj_dir_tb_matvec'
make[1]: Nothing to be done for 'default'.
make[1]: Leaving directory '/home/cah/r2d2/code/fpga/fable5_llm/tb/obj_dir_tb_matvec'
for s in 1 2 3 4; do \
  obj_dir_tb_matvec/tb_matvec --seed $s \
    +vecdirs=vecv2/a${s}_g64,vecv2/b${s}_g64,vecv2/c${s}_g64,vecv2/d${s}_g64,vecv2/e${s}_g64,vecv2/f${s}_g64 || exit 1; \
done
[26000] case vecv2/a1_g64: K=1024 NG=8 SH=5 NROWS=64 BPR=9 G64=1
[3704000] case vecv2/b1_g64: K=3584 NG=28 SH=7 NROWS=37 BPR=30 G64=1
[12139000] case vecv2/c1_g64: K=4096 NG=32 SH=7 NROWS=13 BPR=34 G64=1
[17806000] case vecv2/d1_g64: K=2048 NG=16 SH=6 NROWS=16 BPR=17 G64=1
[21004000] case vecv2/e1_g64: K=128 NG=1 SH=2 NROWS=9 BPR=2 G64=1
[21334000] case vecv2/f1_g64: K=6144 NG=48 SH=8 NROWS=11 BPR=51 G64=1
TB_MATVEC PASS: 6 case(s), 11 rows bit-exact (last K=6144 G64=1)
- tb_matvec.sv:372: Verilog $finish
[26000] case vecv2/a2_g64: K=1024 NG=8 SH=5 NROWS=64 BPR=9 G64=1
[3704000] case vecv2/b2_g64: K=3584 NG=28 SH=7 NROWS=37 BPR=30 G64=1
[12139000] case vecv2/c2_g64: K=4096 NG=32 SH=7 NROWS=13 BPR=34 G64=1
[17806000] case vecv2/d2_g64: K=2048 NG=16 SH=6 NROWS=16 BPR=17 G64=1
[21004000] case vecv2/e2_g64: K=128 NG=1 SH=2 NROWS=9 BPR=2 G64=1
[21334000] case vecv2/f2_g64: K=6144 NG=48 SH=8 NROWS=11 BPR=51 G64=1
TB_MATVEC PASS: 6 case(s), 11 rows bit-exact (last K=6144 G64=1)
- tb_matvec.sv:372: Verilog $finish
[26000] case vecv2/a3_g64: K=1024 NG=8 SH=5 NROWS=64 BPR=9 G64=1
[3704000] case vecv2/b3_g64: K=3584 NG=28 SH=7 NROWS=37 BPR=30 G64=1
[12139000] case vecv2/c3_g64: K=4096 NG=32 SH=7 NROWS=13 BPR=34 G64=1
[17806000] case vecv2/d3_g64: K=2048 NG=16 SH=6 NROWS=16 BPR=17 G64=1
[21004000] case vecv2/e3_g64: K=128 NG=1 SH=2 NROWS=9 BPR=2 G64=1
[21334000] case vecv2/f3_g64: K=6144 NG=48 SH=8 NROWS=11 BPR=51 G64=1
TB_MATVEC PASS: 6 case(s), 11 rows bit-exact (last K=6144 G64=1)
- tb_matvec.sv:372: Verilog $finish
[26000] case vecv2/a4_g64: K=1024 NG=8 SH=5 NROWS=64 BPR=9 G64=1
[3704000] case vecv2/b4_g64: K=3584 NG=28 SH=7 NROWS=37 BPR=30 G64=1
[12139000] case vecv2/c4_g64: K=4096 NG=32 SH=7 NROWS=13 BPR=34 G64=1
[17806000] case vecv2/d4_g64: K=2048 NG=16 SH=6 NROWS=16 BPR=17 G64=1
[21004000] case vecv2/e4_g64: K=128 NG=1 SH=2 NROWS=9 BPR=2 G64=1
[21334000] case vecv2/f4_g64: K=6144 NG=48 SH=8 NROWS=11 BPR=51 G64=1
TB_MATVEC PASS: 6 case(s), 11 rows bit-exact (last K=6144 G64=1)
- tb_matvec.sv:372: Verilog $finish
for s in 1 2 3 4; do \
  obj_dir_tb_matvec/tb_matvec --seed $s \
    +vecdirs=vecv2/a${s}_g128,vecv2/a${s}_g64,vecv2/b${s}_g64,vecv2/b${s}_g128,vecv2/f${s}_g64,vecv2/e${s}_g64,vecv2/f${s}_g128,vecv2/c${s}_g128,vecv2/c${s}_g64,vecv2/d${s}_g64,vecv2/e${s}_g128 || exit 1; \
done
[26000] case vecv2/a1_g128: K=1024 NG=8 SH=5 NROWS=64 BPR=9 G64=0
[3704000] case vecv2/a1_g64: K=1024 NG=8 SH=5 NROWS=64 BPR=9 G64=1
[7248000] case vecv2/b1_g64: K=3584 NG=28 SH=7 NROWS=37 BPR=30 G64=1
[15553000] case vecv2/b1_g128: K=3584 NG=28 SH=7 NROWS=37 BPR=29 G64=0
[23964000] case vecv2/f1_g64: K=6144 NG=48 SH=8 NROWS=11 BPR=51 G64=1
[31929000] case vecv2/e1_g64: K=128 NG=1 SH=2 NROWS=9 BPR=2 G64=1
[32263000] case vecv2/f1_g128: K=6144 NG=48 SH=8 NROWS=11 BPR=50 G64=0
[40291000] case vecv2/c1_g128: K=4096 NG=32 SH=7 NROWS=13 BPR=33 G64=0
[45882000] case vecv2/c1_g64: K=4096 NG=32 SH=7 NROWS=13 BPR=34 G64=1
[51596000] case vecv2/d1_g64: K=2048 NG=16 SH=6 NROWS=16 BPR=17 G64=1
[54777000] case vecv2/e1_g128: K=128 NG=1 SH=2 NROWS=9 BPR=2 G64=0
TB_MATVEC PASS: 11 case(s), 9 rows bit-exact (last K=128 G64=0)
- tb_matvec.sv:372: Verilog $finish
[26000] case vecv2/a2_g128: K=1024 NG=8 SH=5 NROWS=64 BPR=9 G64=0
[3704000] case vecv2/a2_g64: K=1024 NG=8 SH=5 NROWS=64 BPR=9 G64=1
[7248000] case vecv2/b2_g64: K=3584 NG=28 SH=7 NROWS=37 BPR=30 G64=1
[15553000] case vecv2/b2_g128: K=3584 NG=28 SH=7 NROWS=37 BPR=29 G64=0
[23964000] case vecv2/f2_g64: K=6144 NG=48 SH=8 NROWS=11 BPR=51 G64=1
[31929000] case vecv2/e2_g64: K=128 NG=1 SH=2 NROWS=9 BPR=2 G64=1
[32263000] case vecv2/f2_g128: K=6144 NG=48 SH=8 NROWS=11 BPR=50 G64=0
[40291000] case vecv2/c2_g128: K=4096 NG=32 SH=7 NROWS=13 BPR=33 G64=0
[45882000] case vecv2/c2_g64: K=4096 NG=32 SH=7 NROWS=13 BPR=34 G64=1
[51596000] case vecv2/d2_g64: K=2048 NG=16 SH=6 NROWS=16 BPR=17 G64=1
[54777000] case vecv2/e2_g128: K=128 NG=1 SH=2 NROWS=9 BPR=2 G64=0
TB_MATVEC PASS: 11 case(s), 9 rows bit-exact (last K=128 G64=0)
- tb_matvec.sv:372: Verilog $finish
[26000] case vecv2/a3_g128: K=1024 NG=8 SH=5 NROWS=64 BPR=9 G64=0
[3704000] case vecv2/a3_g64: K=1024 NG=8 SH=5 NROWS=64 BPR=9 G64=1
[7248000] case vecv2/b3_g64: K=3584 NG=28 SH=7 NROWS=37 BPR=30 G64=1
[15553000] case vecv2/b3_g128: K=3584 NG=28 SH=7 NROWS=37 BPR=29 G64=0
[23964000] case vecv2/f3_g64: K=6144 NG=48 SH=8 NROWS=11 BPR=51 G64=1
[31929000] case vecv2/e3_g64: K=128 NG=1 SH=2 NROWS=9 BPR=2 G64=1
[32263000] case vecv2/f3_g128: K=6144 NG=48 SH=8 NROWS=11 BPR=50 G64=0
[40291000] case vecv2/c3_g128: K=4096 NG=32 SH=7 NROWS=13 BPR=33 G64=0
[45882000] case vecv2/c3_g64: K=4096 NG=32 SH=7 NROWS=13 BPR=34 G64=1
[51596000] case vecv2/d3_g64: K=2048 NG=16 SH=6 NROWS=16 BPR=17 G64=1
[54777000] case vecv2/e3_g128: K=128 NG=1 SH=2 NROWS=9 BPR=2 G64=0
TB_MATVEC PASS: 11 case(s), 9 rows bit-exact (last K=128 G64=0)
- tb_matvec.sv:372: Verilog $finish
[26000] case vecv2/a4_g128: K=1024 NG=8 SH=5 NROWS=64 BPR=9 G64=0
[3704000] case vecv2/a4_g64: K=1024 NG=8 SH=5 NROWS=64 BPR=9 G64=1
[7248000] case vecv2/b4_g64: K=3584 NG=28 SH=7 NROWS=37 BPR=30 G64=1
[15553000] case vecv2/b4_g128: K=3584 NG=28 SH=7 NROWS=37 BPR=29 G64=0
[23964000] case vecv2/f4_g64: K=6144 NG=48 SH=8 NROWS=11 BPR=51 G64=1
[31929000] case vecv2/e4_g64: K=128 NG=1 SH=2 NROWS=9 BPR=2 G64=1
[32263000] case vecv2/f4_g128: K=6144 NG=48 SH=8 NROWS=11 BPR=50 G64=0
[40291000] case vecv2/c4_g128: K=4096 NG=32 SH=7 NROWS=13 BPR=33 G64=0
[45882000] case vecv2/c4_g64: K=4096 NG=32 SH=7 NROWS=13 BPR=34 G64=1
[51596000] case vecv2/d4_g64: K=2048 NG=16 SH=6 NROWS=16 BPR=17 G64=1
[54777000] case vecv2/e4_g128: K=128 NG=1 SH=2 NROWS=9 BPR=2 G64=0
TB_MATVEC PASS: 11 case(s), 9 rows bit-exact (last K=128 G64=0)
- tb_matvec.sv:372: Verilog $finish
for s in 1 2 3 4; do \
  obj_dir_tb_matvec/tb_matvec --seed $s +chunk=5 \
    +vecdirs=vecv2/b${s}_g64,vecv2/c${s}_g64,vecv2/e${s}_g64,vecv2/f${s}_g64,vecv2/f${s}_g128,vecv2/a${s}_g128 || exit 1; \
done
[26000] case vecv2/b1_g64: K=3584 NG=28 SH=7 NROWS=37 BPR=30 G64=1
[9301000] case vecv2/c1_g64: K=4096 NG=32 SH=7 NROWS=13 BPR=34 G64=1
[15203000] case vecv2/e1_g64: K=128 NG=1 SH=2 NROWS=9 BPR=2 G64=1
[15576000] case vecv2/f1_g64: K=6144 NG=48 SH=8 NROWS=11 BPR=51 G64=1
[24118000] case vecv2/f1_g128: K=6144 NG=48 SH=8 NROWS=11 BPR=50 G64=0
[32529000] case vecv2/a1_g128: K=1024 NG=8 SH=5 NROWS=64 BPR=9 G64=0
TB_MATVEC PASS: 6 case(s), 64 rows bit-exact (last K=1024 G64=0)
- tb_matvec.sv:372: Verilog $finish
[26000] case vecv2/b2_g64: K=3584 NG=28 SH=7 NROWS=37 BPR=30 G64=1
[9301000] case vecv2/c2_g64: K=4096 NG=32 SH=7 NROWS=13 BPR=34 G64=1
[15203000] case vecv2/e2_g64: K=128 NG=1 SH=2 NROWS=9 BPR=2 G64=1
[15576000] case vecv2/f2_g64: K=6144 NG=48 SH=8 NROWS=11 BPR=51 G64=1
[24118000] case vecv2/f2_g128: K=6144 NG=48 SH=8 NROWS=11 BPR=50 G64=0
[32529000] case vecv2/a2_g128: K=1024 NG=8 SH=5 NROWS=64 BPR=9 G64=0
TB_MATVEC PASS: 6 case(s), 64 rows bit-exact (last K=1024 G64=0)
- tb_matvec.sv:372: Verilog $finish
[26000] case vecv2/b3_g64: K=3584 NG=28 SH=7 NROWS=37 BPR=30 G64=1
[9301000] case vecv2/c3_g64: K=4096 NG=32 SH=7 NROWS=13 BPR=34 G64=1
[15203000] case vecv2/e3_g64: K=128 NG=1 SH=2 NROWS=9 BPR=2 G64=1
[15576000] case vecv2/f3_g64: K=6144 NG=48 SH=8 NROWS=11 BPR=51 G64=1
[24118000] case vecv2/f3_g128: K=6144 NG=48 SH=8 NROWS=11 BPR=50 G64=0
[32529000] case vecv2/a3_g128: K=1024 NG=8 SH=5 NROWS=64 BPR=9 G64=0
TB_MATVEC PASS: 6 case(s), 64 rows bit-exact (last K=1024 G64=0)
- tb_matvec.sv:372: Verilog $finish
[26000] case vecv2/b4_g64: K=3584 NG=28 SH=7 NROWS=37 BPR=30 G64=1
[9301000] case vecv2/c4_g64: K=4096 NG=32 SH=7 NROWS=13 BPR=34 G64=1
[15203000] case vecv2/e4_g64: K=128 NG=1 SH=2 NROWS=9 BPR=2 G64=1
[15576000] case vecv2/f4_g64: K=6144 NG=48 SH=8 NROWS=11 BPR=51 G64=1
[24118000] case vecv2/f4_g128: K=6144 NG=48 SH=8 NROWS=11 BPR=50 G64=0
[32529000] case vecv2/a4_g128: K=1024 NG=8 SH=5 NROWS=64 BPR=9 G64=0
TB_MATVEC PASS: 6 case(s), 64 rows bit-exact (last K=1024 G64=0)
- tb_matvec.sv:372: Verilog $finish
for s in 1 2 3 4; do \
  obj_dir_tb_matvec/tb_matvec --seed $s +nogap +pairs \
    +maxstall=0 +ngfloor=6 \
    +vecdirs=vecv2/a${s}_g128,vecv2/a${s}_g64,vecv2/b${s}_g128,vecv2/b${s}_g64,vecv2/c${s}_g128,vecv2/c${s}_g64,vecv2/d${s}_g128,vecv2/d${s}_g64,vecv2/e${s}_g128,vecv2/e${s}_g64,vecv2/f${s}_g128,vecv2/f${s}_g64 || exit 1; \
done
[26000] case vecv2/a1_g128: K=1024 NG=8 SH=5 NROWS=64 BPR=9 G64=0
  thru: g64=0 K=1024 NG=8 rows=64 beats=576 cycles=576 stalls=0 -> 0.000 beats/cycle, 0.00 stalls/row, period 9.00 cyc/row (BPR = 9, retire residual 0.00 cyc/row)
[2867000] case vecv2/a1_g64: K=1024 NG=8 SH=5 NROWS=64 BPR=9 G64=1
  thru: g64=1 K=1024 NG=8 rows=64 beats=576 cycles=576 stalls=0 -> 0.000 beats/cycle, 0.00 stalls/row, period 9.00 cyc/row (BPR = 9, retire residual 0.00 cyc/row)
[5707000] case vecv2/b1_g128: K=3584 NG=28 SH=7 NROWS=37 BPR=29 G64=0
  thru: g64=0 K=3584 NG=28 rows=37 beats=1073 cycles=1073 stalls=0 -> 0.000 beats/cycle, 0.00 stalls/row, period 29.00 cyc/row (BPR = 29, retire residual 0.00 cyc/row)
[12405000] case vecv2/b1_g64: K=3584 NG=28 SH=7 NROWS=37 BPR=30 G64=1
  thru: g64=1 K=3584 NG=28 rows=37 beats=1110 cycles=1110 stalls=0 -> 0.000 beats/cycle, 0.00 stalls/row, period 30.00 cyc/row (BPR = 30, retire residual 0.00 cyc/row)
[19227000] case vecv2/c1_g128: K=4096 NG=32 SH=7 NROWS=13 BPR=33 G64=0
  thru: g64=0 K=4096 NG=32 rows=13 beats=429 cycles=429 stalls=0 -> 0.000 beats/cycle, 0.00 stalls/row, period 33.00 cyc/row (BPR = 33, retire residual 0.00 cyc/row)
[24218000] case vecv2/c1_g64: K=4096 NG=32 SH=7 NROWS=13 BPR=34 G64=1
  thru: g64=1 K=4096 NG=32 rows=13 beats=442 cycles=442 stalls=0 -> 0.000 beats/cycle, 0.00 stalls/row, period 34.00 cyc/row (BPR = 34, retire residual 0.00 cyc/row)
[29252000] case vecv2/d1_g128: K=2048 NG=16 SH=6 NROWS=16 BPR=17 G64=0
  thru: g64=0 K=2048 NG=16 rows=16 beats=272 cycles=272 stalls=0 -> 0.000 beats/cycle, 0.00 stalls/row, period 17.00 cyc/row (BPR = 17, retire residual 0.00 cyc/row)
[31959000] case vecv2/d1_g64: K=2048 NG=16 SH=6 NROWS=16 BPR=17 G64=1
  thru: g64=1 K=2048 NG=16 rows=16 beats=272 cycles=272 stalls=0 -> 0.000 beats/cycle, 0.00 stalls/row, period 17.00 cyc/row (BPR = 17, retire residual 0.00 cyc/row)
[34666000] case vecv2/e1_g128: K=128 NG=1 SH=2 NROWS=9 BPR=2 G64=0
  thru: g64=0 K=128 NG=1 rows=9 beats=18 cycles=50 stalls=32 -> 0.360 beats/cycle, 3.55 stalls/row, period 5.55 cyc/row (BPR = 2, retire residual 3.55 cyc/row)
[34996000] case vecv2/e1_g64: K=128 NG=1 SH=2 NROWS=9 BPR=2 G64=1
  thru: g64=1 K=128 NG=1 rows=9 beats=18 cycles=50 stalls=32 -> 0.360 beats/cycle, 3.55 stalls/row, period 5.55 cyc/row (BPR = 2, retire residual 3.55 cyc/row)
[35327000] case vecv2/f1_g128: K=6144 NG=48 SH=8 NROWS=11 BPR=50 G64=0
  thru: g64=0 K=6144 NG=48 rows=11 beats=550 cycles=550 stalls=0 -> 0.000 beats/cycle, 0.00 stalls/row, period 50.00 cyc/row (BPR = 50, retire residual 0.00 cyc/row)
[42481000] case vecv2/f1_g64: K=6144 NG=48 SH=8 NROWS=11 BPR=51 G64=1
  thru: g64=1 K=6144 NG=48 rows=11 beats=561 cycles=561 stalls=0 -> 0.000 beats/cycle, 0.00 stalls/row, period 51.00 cyc/row (BPR = 51, retire residual 0.00 cyc/row)
  pair K=1024 rows=64: g128 576 cyc / 0 stalls, g64 576 cyc / 0 stalls, budget 576 (0 extra scale beat(s)/row)
  pair K=3584 rows=37: g128 1073 cyc / 0 stalls, g64 1110 cyc / 0 stalls, budget 1110 (1 extra scale beat(s)/row)
  pair K=4096 rows=13: g128 429 cyc / 0 stalls, g64 442 cyc / 0 stalls, budget 442 (1 extra scale beat(s)/row)
  pair K=2048 rows=16: g128 272 cyc / 0 stalls, g64 272 cyc / 0 stalls, budget 272 (0 extra scale beat(s)/row)
  pair K=128 rows=9: g128 50 cyc / 32 stalls, g64 50 cyc / 32 stalls, budget 50 (0 extra scale beat(s)/row)
  pair K=6144 rows=11: g128 550 cyc / 0 stalls, g64 561 cyc / 0 stalls, budget 561 (1 extra scale beat(s)/row)
TB_MATVEC PASS: 12 case(s), 11 rows bit-exact (last K=6144 G64=1)
- tb_matvec.sv:372: Verilog $finish
[26000] case vecv2/a2_g128: K=1024 NG=8 SH=5 NROWS=64 BPR=9 G64=0
  thru: g64=0 K=1024 NG=8 rows=64 beats=576 cycles=576 stalls=0 -> 0.000 beats/cycle, 0.00 stalls/row, period 9.00 cyc/row (BPR = 9, retire residual 0.00 cyc/row)
[2867000] case vecv2/a2_g64: K=1024 NG=8 SH=5 NROWS=64 BPR=9 G64=1
  thru: g64=1 K=1024 NG=8 rows=64 beats=576 cycles=576 stalls=0 -> 0.000 beats/cycle, 0.00 stalls/row, period 9.00 cyc/row (BPR = 9, retire residual 0.00 cyc/row)
[5707000] case vecv2/b2_g128: K=3584 NG=28 SH=7 NROWS=37 BPR=29 G64=0
  thru: g64=0 K=3584 NG=28 rows=37 beats=1073 cycles=1073 stalls=0 -> 0.000 beats/cycle, 0.00 stalls/row, period 29.00 cyc/row (BPR = 29, retire residual 0.00 cyc/row)
[12405000] case vecv2/b2_g64: K=3584 NG=28 SH=7 NROWS=37 BPR=30 G64=1
  thru: g64=1 K=3584 NG=28 rows=37 beats=1110 cycles=1110 stalls=0 -> 0.000 beats/cycle, 0.00 stalls/row, period 30.00 cyc/row (BPR = 30, retire residual 0.00 cyc/row)
[19227000] case vecv2/c2_g128: K=4096 NG=32 SH=7 NROWS=13 BPR=33 G64=0
  thru: g64=0 K=4096 NG=32 rows=13 beats=429 cycles=429 stalls=0 -> 0.000 beats/cycle, 0.00 stalls/row, period 33.00 cyc/row (BPR = 33, retire residual 0.00 cyc/row)
[24218000] case vecv2/c2_g64: K=4096 NG=32 SH=7 NROWS=13 BPR=34 G64=1
  thru: g64=1 K=4096 NG=32 rows=13 beats=442 cycles=442 stalls=0 -> 0.000 beats/cycle, 0.00 stalls/row, period 34.00 cyc/row (BPR = 34, retire residual 0.00 cyc/row)
[29252000] case vecv2/d2_g128: K=2048 NG=16 SH=6 NROWS=16 BPR=17 G64=0
  thru: g64=0 K=2048 NG=16 rows=16 beats=272 cycles=272 stalls=0 -> 0.000 beats/cycle, 0.00 stalls/row, period 17.00 cyc/row (BPR = 17, retire residual 0.00 cyc/row)
[31959000] case vecv2/d2_g64: K=2048 NG=16 SH=6 NROWS=16 BPR=17 G64=1
  thru: g64=1 K=2048 NG=16 rows=16 beats=272 cycles=272 stalls=0 -> 0.000 beats/cycle, 0.00 stalls/row, period 17.00 cyc/row (BPR = 17, retire residual 0.00 cyc/row)
[34666000] case vecv2/e2_g128: K=128 NG=1 SH=2 NROWS=9 BPR=2 G64=0
  thru: g64=0 K=128 NG=1 rows=9 beats=18 cycles=50 stalls=32 -> 0.360 beats/cycle, 3.55 stalls/row, period 5.55 cyc/row (BPR = 2, retire residual 3.55 cyc/row)
[34996000] case vecv2/e2_g64: K=128 NG=1 SH=2 NROWS=9 BPR=2 G64=1
  thru: g64=1 K=128 NG=1 rows=9 beats=18 cycles=50 stalls=32 -> 0.360 beats/cycle, 3.55 stalls/row, period 5.55 cyc/row (BPR = 2, retire residual 3.55 cyc/row)
[35327000] case vecv2/f2_g128: K=6144 NG=48 SH=8 NROWS=11 BPR=50 G64=0
  thru: g64=0 K=6144 NG=48 rows=11 beats=550 cycles=550 stalls=0 -> 0.000 beats/cycle, 0.00 stalls/row, period 50.00 cyc/row (BPR = 50, retire residual 0.00 cyc/row)
[42481000] case vecv2/f2_g64: K=6144 NG=48 SH=8 NROWS=11 BPR=51 G64=1
  thru: g64=1 K=6144 NG=48 rows=11 beats=561 cycles=561 stalls=0 -> 0.000 beats/cycle, 0.00 stalls/row, period 51.00 cyc/row (BPR = 51, retire residual 0.00 cyc/row)
  pair K=1024 rows=64: g128 576 cyc / 0 stalls, g64 576 cyc / 0 stalls, budget 576 (0 extra scale beat(s)/row)
  pair K=3584 rows=37: g128 1073 cyc / 0 stalls, g64 1110 cyc / 0 stalls, budget 1110 (1 extra scale beat(s)/row)
  pair K=4096 rows=13: g128 429 cyc / 0 stalls, g64 442 cyc / 0 stalls, budget 442 (1 extra scale beat(s)/row)
  pair K=2048 rows=16: g128 272 cyc / 0 stalls, g64 272 cyc / 0 stalls, budget 272 (0 extra scale beat(s)/row)
  pair K=128 rows=9: g128 50 cyc / 32 stalls, g64 50 cyc / 32 stalls, budget 50 (0 extra scale beat(s)/row)
  pair K=6144 rows=11: g128 550 cyc / 0 stalls, g64 561 cyc / 0 stalls, budget 561 (1 extra scale beat(s)/row)
TB_MATVEC PASS: 12 case(s), 11 rows bit-exact (last K=6144 G64=1)
- tb_matvec.sv:372: Verilog $finish
[26000] case vecv2/a3_g128: K=1024 NG=8 SH=5 NROWS=64 BPR=9 G64=0
  thru: g64=0 K=1024 NG=8 rows=64 beats=576 cycles=576 stalls=0 -> 0.000 beats/cycle, 0.00 stalls/row, period 9.00 cyc/row (BPR = 9, retire residual 0.00 cyc/row)
[2867000] case vecv2/a3_g64: K=1024 NG=8 SH=5 NROWS=64 BPR=9 G64=1
  thru: g64=1 K=1024 NG=8 rows=64 beats=576 cycles=576 stalls=0 -> 0.000 beats/cycle, 0.00 stalls/row, period 9.00 cyc/row (BPR = 9, retire residual 0.00 cyc/row)
[5707000] case vecv2/b3_g128: K=3584 NG=28 SH=7 NROWS=37 BPR=29 G64=0
  thru: g64=0 K=3584 NG=28 rows=37 beats=1073 cycles=1073 stalls=0 -> 0.000 beats/cycle, 0.00 stalls/row, period 29.00 cyc/row (BPR = 29, retire residual 0.00 cyc/row)
[12405000] case vecv2/b3_g64: K=3584 NG=28 SH=7 NROWS=37 BPR=30 G64=1
  thru: g64=1 K=3584 NG=28 rows=37 beats=1110 cycles=1110 stalls=0 -> 0.000 beats/cycle, 0.00 stalls/row, period 30.00 cyc/row (BPR = 30, retire residual 0.00 cyc/row)
[19227000] case vecv2/c3_g128: K=4096 NG=32 SH=7 NROWS=13 BPR=33 G64=0
  thru: g64=0 K=4096 NG=32 rows=13 beats=429 cycles=429 stalls=0 -> 0.000 beats/cycle, 0.00 stalls/row, period 33.00 cyc/row (BPR = 33, retire residual 0.00 cyc/row)
[24218000] case vecv2/c3_g64: K=4096 NG=32 SH=7 NROWS=13 BPR=34 G64=1
  thru: g64=1 K=4096 NG=32 rows=13 beats=442 cycles=442 stalls=0 -> 0.000 beats/cycle, 0.00 stalls/row, period 34.00 cyc/row (BPR = 34, retire residual 0.00 cyc/row)
[29252000] case vecv2/d3_g128: K=2048 NG=16 SH=6 NROWS=16 BPR=17 G64=0
  thru: g64=0 K=2048 NG=16 rows=16 beats=272 cycles=272 stalls=0 -> 0.000 beats/cycle, 0.00 stalls/row, period 17.00 cyc/row (BPR = 17, retire residual 0.00 cyc/row)
[31959000] case vecv2/d3_g64: K=2048 NG=16 SH=6 NROWS=16 BPR=17 G64=1
  thru: g64=1 K=2048 NG=16 rows=16 beats=272 cycles=272 stalls=0 -> 0.000 beats/cycle, 0.00 stalls/row, period 17.00 cyc/row (BPR = 17, retire residual 0.00 cyc/row)
[34666000] case vecv2/e3_g128: K=128 NG=1 SH=2 NROWS=9 BPR=2 G64=0
  thru: g64=0 K=128 NG=1 rows=9 beats=18 cycles=50 stalls=32 -> 0.360 beats/cycle, 3.55 stalls/row, period 5.55 cyc/row (BPR = 2, retire residual 3.55 cyc/row)
[34996000] case vecv2/e3_g64: K=128 NG=1 SH=2 NROWS=9 BPR=2 G64=1
  thru: g64=1 K=128 NG=1 rows=9 beats=18 cycles=50 stalls=32 -> 0.360 beats/cycle, 3.55 stalls/row, period 5.55 cyc/row (BPR = 2, retire residual 3.55 cyc/row)
[35327000] case vecv2/f3_g128: K=6144 NG=48 SH=8 NROWS=11 BPR=50 G64=0
  thru: g64=0 K=6144 NG=48 rows=11 beats=550 cycles=550 stalls=0 -> 0.000 beats/cycle, 0.00 stalls/row, period 50.00 cyc/row (BPR = 50, retire residual 0.00 cyc/row)
[42481000] case vecv2/f3_g64: K=6144 NG=48 SH=8 NROWS=11 BPR=51 G64=1
  thru: g64=1 K=6144 NG=48 rows=11 beats=561 cycles=561 stalls=0 -> 0.000 beats/cycle, 0.00 stalls/row, period 51.00 cyc/row (BPR = 51, retire residual 0.00 cyc/row)
  pair K=1024 rows=64: g128 576 cyc / 0 stalls, g64 576 cyc / 0 stalls, budget 576 (0 extra scale beat(s)/row)
  pair K=3584 rows=37: g128 1073 cyc / 0 stalls, g64 1110 cyc / 0 stalls, budget 1110 (1 extra scale beat(s)/row)
  pair K=4096 rows=13: g128 429 cyc / 0 stalls, g64 442 cyc / 0 stalls, budget 442 (1 extra scale beat(s)/row)
  pair K=2048 rows=16: g128 272 cyc / 0 stalls, g64 272 cyc / 0 stalls, budget 272 (0 extra scale beat(s)/row)
  pair K=128 rows=9: g128 50 cyc / 32 stalls, g64 50 cyc / 32 stalls, budget 50 (0 extra scale beat(s)/row)
  pair K=6144 rows=11: g128 550 cyc / 0 stalls, g64 561 cyc / 0 stalls, budget 561 (1 extra scale beat(s)/row)
TB_MATVEC PASS: 12 case(s), 11 rows bit-exact (last K=6144 G64=1)
- tb_matvec.sv:372: Verilog $finish
[26000] case vecv2/a4_g128: K=1024 NG=8 SH=5 NROWS=64 BPR=9 G64=0
  thru: g64=0 K=1024 NG=8 rows=64 beats=576 cycles=576 stalls=0 -> 0.000 beats/cycle, 0.00 stalls/row, period 9.00 cyc/row (BPR = 9, retire residual 0.00 cyc/row)
[2867000] case vecv2/a4_g64: K=1024 NG=8 SH=5 NROWS=64 BPR=9 G64=1
  thru: g64=1 K=1024 NG=8 rows=64 beats=576 cycles=576 stalls=0 -> 0.000 beats/cycle, 0.00 stalls/row, period 9.00 cyc/row (BPR = 9, retire residual 0.00 cyc/row)
[5707000] case vecv2/b4_g128: K=3584 NG=28 SH=7 NROWS=37 BPR=29 G64=0
  thru: g64=0 K=3584 NG=28 rows=37 beats=1073 cycles=1073 stalls=0 -> 0.000 beats/cycle, 0.00 stalls/row, period 29.00 cyc/row (BPR = 29, retire residual 0.00 cyc/row)
[12405000] case vecv2/b4_g64: K=3584 NG=28 SH=7 NROWS=37 BPR=30 G64=1
  thru: g64=1 K=3584 NG=28 rows=37 beats=1110 cycles=1110 stalls=0 -> 0.000 beats/cycle, 0.00 stalls/row, period 30.00 cyc/row (BPR = 30, retire residual 0.00 cyc/row)
[19227000] case vecv2/c4_g128: K=4096 NG=32 SH=7 NROWS=13 BPR=33 G64=0
  thru: g64=0 K=4096 NG=32 rows=13 beats=429 cycles=429 stalls=0 -> 0.000 beats/cycle, 0.00 stalls/row, period 33.00 cyc/row (BPR = 33, retire residual 0.00 cyc/row)
[24218000] case vecv2/c4_g64: K=4096 NG=32 SH=7 NROWS=13 BPR=34 G64=1
  thru: g64=1 K=4096 NG=32 rows=13 beats=442 cycles=442 stalls=0 -> 0.000 beats/cycle, 0.00 stalls/row, period 34.00 cyc/row (BPR = 34, retire residual 0.00 cyc/row)
[29252000] case vecv2/d4_g128: K=2048 NG=16 SH=6 NROWS=16 BPR=17 G64=0
  thru: g64=0 K=2048 NG=16 rows=16 beats=272 cycles=272 stalls=0 -> 0.000 beats/cycle, 0.00 stalls/row, period 17.00 cyc/row (BPR = 17, retire residual 0.00 cyc/row)
[31959000] case vecv2/d4_g64: K=2048 NG=16 SH=6 NROWS=16 BPR=17 G64=1
  thru: g64=1 K=2048 NG=16 rows=16 beats=272 cycles=272 stalls=0 -> 0.000 beats/cycle, 0.00 stalls/row, period 17.00 cyc/row (BPR = 17, retire residual 0.00 cyc/row)
[34666000] case vecv2/e4_g128: K=128 NG=1 SH=2 NROWS=9 BPR=2 G64=0
  thru: g64=0 K=128 NG=1 rows=9 beats=18 cycles=50 stalls=32 -> 0.360 beats/cycle, 3.55 stalls/row, period 5.55 cyc/row (BPR = 2, retire residual 3.55 cyc/row)
[34996000] case vecv2/e4_g64: K=128 NG=1 SH=2 NROWS=9 BPR=2 G64=1
  thru: g64=1 K=128 NG=1 rows=9 beats=18 cycles=50 stalls=32 -> 0.360 beats/cycle, 3.55 stalls/row, period 5.55 cyc/row (BPR = 2, retire residual 3.55 cyc/row)
[35327000] case vecv2/f4_g128: K=6144 NG=48 SH=8 NROWS=11 BPR=50 G64=0
  thru: g64=0 K=6144 NG=48 rows=11 beats=550 cycles=550 stalls=0 -> 0.000 beats/cycle, 0.00 stalls/row, period 50.00 cyc/row (BPR = 50, retire residual 0.00 cyc/row)
[42481000] case vecv2/f4_g64: K=6144 NG=48 SH=8 NROWS=11 BPR=51 G64=1
  thru: g64=1 K=6144 NG=48 rows=11 beats=561 cycles=561 stalls=0 -> 0.000 beats/cycle, 0.00 stalls/row, period 51.00 cyc/row (BPR = 51, retire residual 0.00 cyc/row)
  pair K=1024 rows=64: g128 576 cyc / 0 stalls, g64 576 cyc / 0 stalls, budget 576 (0 extra scale beat(s)/row)
  pair K=3584 rows=37: g128 1073 cyc / 0 stalls, g64 1110 cyc / 0 stalls, budget 1110 (1 extra scale beat(s)/row)
  pair K=4096 rows=13: g128 429 cyc / 0 stalls, g64 442 cyc / 0 stalls, budget 442 (1 extra scale beat(s)/row)
  pair K=2048 rows=16: g128 272 cyc / 0 stalls, g64 272 cyc / 0 stalls, budget 272 (0 extra scale beat(s)/row)
  pair K=128 rows=9: g128 50 cyc / 32 stalls, g64 50 cyc / 32 stalls, budget 50 (0 extra scale beat(s)/row)
  pair K=6144 rows=11: g128 550 cyc / 0 stalls, g64 561 cyc / 0 stalls, budget 561 (1 extra scale beat(s)/row)
TB_MATVEC PASS: 12 case(s), 11 rows bit-exact (last K=6144 G64=1)
- tb_matvec.sv:372: Verilog $finish
EXIT_G64=0
