# Class-B (layer_0/u_dn) worst violating path — excerpt from
# synth/out_build_034_po2_AltSpreadLogic_high/reports/timing_summary.rpt
# Source of the 92.0% route-delay figure quoted in TIMING.md §6.

Slack (VIOLATED) :        -0.011ns  (required time - arrival time)
  Source:                 bd_i/layer_0/inst/u_core/u_dn/oi_reg[0]_rep__6/C
                            (rising edge-triggered cell FDRE clocked by xdma_0_axi_aclk  {rise@0.000ns fall@2.000ns period=4.000ns})
  Destination:            bd_i/layer_0/inst/u_core/u_dn/o_sel_reg[21]/D
                            (rising edge-triggered cell FDRE clocked by xdma_0_axi_aclk  {rise@0.000ns fall@2.000ns period=4.000ns})
  Path Group:             xdma_0_axi_aclk
  Path Type:              Setup (Max at Slow Process Corner)
  Requirement:            4.000ns  (xdma_0_axi_aclk rise@4.000ns - xdma_0_axi_aclk rise@0.000ns)
  Data Path Delay:        3.910ns  (logic 0.311ns (7.954%)  route 3.599ns (92.046%))
  Logic Levels:           5  (LUT6=2 MUXF7=2 MUXF8=1)
  Clock Path Skew:        -0.080ns (DCD - SCD + CPR)
    Destination Clock Delay (DCD):    2.833ns = ( 6.833 - 4.000 ) 
    Source Clock Delay      (SCD):    3.149ns
    Clock Pessimism Removal (CPR):    0.236ns
  Clock Uncertainty:      0.046ns  ((TSJ^2 + DJ^2)^1/2) / 2 + PE
    Total System Jitter     (TSJ):    0.071ns
    Discrete Jitter          (DJ):    0.060ns
    Phase Error              (PE):    0.000ns
  Clock Net Delay (Source):      2.934ns (routing 1.330ns, distribution 1.604ns)
  Clock Net Delay (Destination): 2.641ns (routing 1.211ns, distribution 1.430ns)

    Location             Delay type                Incr(ns)  Path(ns)    Netlist Resource(s)
  -------------------------------------------------------------------    -------------------
                         (clock xdma_0_axi_aclk rise edge)
                                                      0.000     0.000 r  
    GTYE4_CHANNEL_X1Y35  GTYE4_CHANNEL                0.000     0.000 r  bd_i/xdma_0/inst/pcie4_ip_i/inst/bd_xdma_0_0_pcie4_ip_gt_top_i/diablo_gt.diablo_gt_phy_wrapper/gt_wizard.gtwizard_top_i/bd_xdma_0_0_pcie4_ip_gt_i/inst/gen_gtwizard_gtye4_top.bd_xdma_0_0_pcie4_ip_gt_gtwizard_gtye4_inst/gen_gtwizard_gtye4.gen_channel_container[32].gen_enabled_channel.gtye4_channel_wrapper_inst/channel_inst/gtye4_channel_gen.gen_gtye4_channel_inst[3].GTYE4_CHANNEL_PRIM_INST/TXOUTCLK
                         net (fo=7, routed)           0.085     0.085    bd_i/xdma_0/inst/pcie4_ip_i/inst/bd_xdma_0_0_pcie4_ip_gt_top_i/diablo_gt.diablo_gt_phy_wrapper/phy_clk_i/GT_TXOUTCLK[0]
    BUFG_GT_X1Y207       BUFG_GT (Prop_BUFG_GT_I_O)
                                                      0.130     0.215 r  bd_i/xdma_0/inst/pcie4_ip_i/inst/bd_xdma_0_0_pcie4_ip_gt_top_i/diablo_gt.diablo_gt_phy_wrapper/phy_clk_i/bufg_gt_userclk/O
    X2Y9 (CLOCK_ROOT)    net (fo=125887, routed)      2.934     3.149    bd_i/layer_0/inst/u_core/u_dn/aclk
    SLICE_X61Y496        FDRE                                         r  bd_i/layer_0/inst/u_core/u_dn/oi_reg[0]_rep__6/C
  -------------------------------------------------------------------    -------------------
    SLICE_X61Y496        FDRE (Prop_GFF_SLICEL_C_Q)
                                                      0.079     3.228 r  bd_i/layer_0/inst/u_core/u_dn/oi_reg[0]_rep__6/Q
                         net (fo=104, routed)         1.768     4.996    bd_i/layer_0/inst/u_core/u_dn/oi_reg[0]_rep__6_n_0
