#-----------------------------------------------------------
# Vivado v2024.2 (64-bit)
# SW Build 5239630 on Fri Nov 08 22:34:34 MST 2024
# IP Build 5239520 on Sun Nov 10 16:12:51 MST 2024
# SharedData Build 5239561 on Fri Nov 08 14:39:27 MST 2024
# Start of session at: Sun Aug 16 09:22:34 2026
# Process ID         : 1255082
# Current directory  : /home/cah/r2d2/code/fpga/fable5_llm/synth/out_build_034_po2_AltSpreadLogic_high
# Command line       : vivado -mode batch -nojournal -log census_shipped.log -source /home/cah/r2d2/code/fpga/fable5_llm/synth/scripts/census_034_shipped.tcl
# Log file           : /home/cah/r2d2/code/fpga/fable5_llm/synth/out_build_034_po2_AltSpreadLogic_high/census_shipped.log
# Journal file       : 
# Running On         : snoke
# Platform           : Ubuntu
# Operating System   : Ubuntu 24.04.4 LTS
# Processor Detail   : Intel(R) Xeon(R) CPU E5-2650 v4 @ 2.20GHz
# CPU Frequency      : 2496.649 MHz
# CPU Physical cores : 24
# CPU Logical cores  : 48
# Host memory        : 265784 MB
# Swap memory        : 137438 MB
# Total Virtual      : 403223 MB
# Available Virtual  : 384565 MB
#-----------------------------------------------------------
source /home/cah/r2d2/code/fpga/fable5_llm/synth/scripts/census_034_shipped.tcl
# set D /home/cah/r2d2/code/fpga/fable5_llm/synth/out_build_034_po2_AltSpreadLogic_high
# open_checkpoint $D/proj/stage1.runs/impl_1/bd_wrapper_postroute_physopt.dcp
Command: open_checkpoint /home/cah/r2d2/code/fpga/fable5_llm/synth/out_build_034_po2_AltSpreadLogic_high/proj/stage1.runs/impl_1/bd_wrapper_postroute_physopt.dcp

Starting open_checkpoint Task

Time (s): cpu = 00:00:00.08 ; elapsed = 00:00:00.07 . Memory (MB): peak = 1378.406 ; gain = 0.000 ; free physical = 50183 ; free virtual = 366405
INFO: [Device 21-403] Loading part xcvu9p-fsgd2104-2L-e
Netlist sorting complete. Time (s): cpu = 00:00:08 ; elapsed = 00:00:08 . Memory (MB): peak = 3808.660 ; gain = 0.000 ; free physical = 47894 ; free virtual = 364155
INFO: [Netlist 29-17] Analyzing 28877 Unisim elements for replacement
INFO: [Netlist 29-28] Unisim Transformation completed in 24 CPU seconds
INFO: [Project 1-479] Netlist was created with Vivado 2024.2
INFO: [Project 1-570] Preparing netlist for logic optimization
WARNING: [Constraints 18-550] Could not create 'DRIVE' constraint because net 'bd_i/ddr4_0/inst/u_ddr4_mem_intfc/u_mig_ddr4_phy/cal_RESET_n[0]' is not directly connected to top level port. 'DRIVE' is ignored for synthesis but preserved for implementation.
WARNING: [Constraints 18-550] Could not create 'SLEW' constraint because net 'bd_i/ddr4_0/inst/u_ddr4_mem_intfc/u_mig_ddr4_phy/cal_RESET_n[0]' is not directly connected to top level port. 'SLEW' is ignored for synthesis but preserved for implementation.
WARNING: [Constraints 18-550] Could not create 'IBUF_LOW_PWR' constraint because net 'bd_i/ddr4_0/inst/u_ddr4_mem_intfc/u_mig_ddr4_phy/sys_clk_in' is not directly connected to top level port. 'IBUF_LOW_PWR' is ignored for synthesis but preserved for implementation.
WARNING: [Constraints 18-550] Could not create 'DRIVE' constraint because net 'bd_i/ddr4_1/inst/u_ddr4_mem_intfc/u_mig_ddr4_phy/cal_RESET_n[0]' is not directly connected to top level port. 'DRIVE' is ignored for synthesis but preserved for implementation.
WARNING: [Constraints 18-550] Could not create 'SLEW' constraint because net 'bd_i/ddr4_1/inst/u_ddr4_mem_intfc/u_mig_ddr4_phy/cal_RESET_n[0]' is not directly connected to top level port. 'SLEW' is ignored for synthesis but preserved for implementation.
WARNING: [Constraints 18-550] Could not create 'IBUF_LOW_PWR' constraint because net 'bd_i/ddr4_1/inst/u_ddr4_mem_intfc/u_mig_ddr4_phy/sys_clk_in' is not directly connected to top level port. 'IBUF_LOW_PWR' is ignored for synthesis but preserved for implementation.
WARNING: [Constraints 18-550] Could not create 'DRIVE' constraint because net 'bd_i/ddr4_2/inst/u_ddr4_mem_intfc/u_mig_ddr4_phy/cal_RESET_n[0]' is not directly connected to top level port. 'DRIVE' is ignored for synthesis but preserved for implementation.
WARNING: [Constraints 18-550] Could not create 'SLEW' constraint because net 'bd_i/ddr4_2/inst/u_ddr4_mem_intfc/u_mig_ddr4_phy/cal_RESET_n[0]' is not directly connected to top level port. 'SLEW' is ignored for synthesis but preserved for implementation.
WARNING: [Constraints 18-550] Could not create 'IBUF_LOW_PWR' constraint because net 'bd_i/ddr4_2/inst/u_ddr4_mem_intfc/u_mig_ddr4_phy/sys_clk_in' is not directly connected to top level port. 'IBUF_LOW_PWR' is ignored for synthesis but preserved for implementation.
WARNING: [Constraints 18-550] Could not create 'DRIVE' constraint because net 'bd_i/ddr4_3/inst/u_ddr4_mem_intfc/u_mig_ddr4_phy/cal_RESET_n[0]' is not directly connected to top level port. 'DRIVE' is ignored for synthesis but preserved for implementation.
WARNING: [Constraints 18-550] Could not create 'SLEW' constraint because net 'bd_i/ddr4_3/inst/u_ddr4_mem_intfc/u_mig_ddr4_phy/cal_RESET_n[0]' is not directly connected to top level port. 'SLEW' is ignored for synthesis but preserved for implementation.
WARNING: [Constraints 18-550] Could not create 'IBUF_LOW_PWR' constraint because net 'bd_i/ddr4_3/inst/u_ddr4_mem_intfc/u_mig_ddr4_phy/sys_clk_in' is not directly connected to top level port. 'IBUF_LOW_PWR' is ignored for synthesis but preserved for implementation.
Read ShapeDB Complete: Time (s): cpu = 00:00:01 ; elapsed = 00:00:02 . Memory (MB): peak = 5408.949 ; gain = 108.023 ; free physical = 46273 ; free virtual = 362533
INFO: [Timing 38-478] Restoring timing data from binary archive.
INFO: [Timing 38-479] Binary timing data restore complete.
INFO: [Project 1-856] Restoring constraints from binary archive.
INFO: [Power 33-23] Power model is not available for xiphy_riu_or
INFO: [Power 33-23] Power model is not available for genVref.u_hpio_vref
INFO: [Project 1-853] Binary constraint restore complete.
INFO: [Designutils 20-5722] Start Reading Physical Databases.
Reading placement.
Read Netlist Cache: Time (s): cpu = 00:00:00.99 ; elapsed = 00:00:01 . Memory (MB): peak = 9465.789 ; gain = 0.000 ; free physical = 42319 ; free virtual = 358579
Reading placer database...
Read Device Cache: Time (s): cpu = 00:00:00.04 ; elapsed = 00:00:00.04 . Memory (MB): peak = 9465.789 ; gain = 0.000 ; free physical = 42311 ; free virtual = 358571
Read PlaceDB: Time (s): cpu = 00:00:35 ; elapsed = 00:00:37 . Memory (MB): peak = 10052.898 ; gain = 587.109 ; free physical = 41705 ; free virtual = 357965
Read PulsedLatchDB: Time (s): cpu = 00:00:00 ; elapsed = 00:00:00 . Memory (MB): peak = 10052.898 ; gain = 0.000 ; free physical = 41705 ; free virtual = 357965
Reading routing.
Read RouteStorage: Time (s): cpu = 00:00:19 ; elapsed = 00:00:07 . Memory (MB): peak = 10436.242 ; gain = 383.344 ; free physical = 41301 ; free virtual = 357562
Read Physdb Files: Time (s): cpu = 00:00:55 ; elapsed = 00:00:44 . Memory (MB): peak = 10436.242 ; gain = 970.453 ; free physical = 41299 ; free virtual = 357559
Restored from archive | CPU: 59.710000 secs | Memory: 883.192551 MB |
Finished XDEF File Restore: Time (s): cpu = 00:00:57 ; elapsed = 00:00:46 . Memory (MB): peak = 10436.242 ; gain = 970.453 ; free physical = 41299 ; free virtual = 357559
INFO: [IP_Flow 19-234] Refreshing IP repositories
INFO: [IP_Flow 19-1704] No user IP repositories specified
INFO: [IP_Flow 19-2313] Loaded Vivado IP repository '/home/cah/r2d2/sc2data/tools/Vivado/2024.2/data/ip'.
Netlist sorting complete. Time (s): cpu = 00:00:00.09 ; elapsed = 00:00:00.1 . Memory (MB): peak = 10436.242 ; gain = 0.000 ; free physical = 41311 ; free virtual = 357572
INFO: [Project 1-111] Unisim Transformation Summary:
  A total of 7072 instances were transformed.
  DSP48E1 => DSP48E2 (DSP_ALU, DSP_A_B_DATA, DSP_C_DATA, DSP_MULTIPLIER, DSP_M_DATA, DSP_OUTPUT, DSP_PREADD, DSP_PREADD_DATA): 12 instances
  DSP48E2 => DSP48E2 (DSP_ALU, DSP_A_B_DATA, DSP_C_DATA, DSP_MULTIPLIER, DSP_M_DATA, DSP_OUTPUT, DSP_PREADD, DSP_PREADD_DATA): 1846 instances
  IBUF => IBUF (IBUFCTRL, INBUF): 1 instance 
  IBUFDS => IBUFDS (DIFFINBUF, IBUFCTRL): 4 instances
  IOBUFDS => IOBUFDS (DIFFINBUF, IBUFCTRL, INV, OBUFT(x2)): 32 instances
  IOBUFE3 => IOBUFE3 (IBUFCTRL, INBUF, OBUFT_DCIEN): 288 instances
  LUT6_2 => LUT6_2 (LUT5, LUT6): 124 instances
  OBUFDS => OBUFDS_DUAL_BUF (INV, OBUF(x2)): 4 instances
  RAM16X1D => RAM32X1D (RAMD32(x2)): 32 instances
  RAM256X1S => RAM256X1S (MUXF7(x2), MUXF8, RAMS64E(x4)): 9 instances
  RAM32M => RAM32M (RAMD32(x6), RAMS32(x2)): 860 instances
  RAM32M16 => RAM32M16 (RAMD32(x14), RAMS32(x2)): 1878 instances
  RAM32X1D => RAM32X1D (RAMD32(x2)): 75 instances
  RAM64M => RAM64M (RAMD64E(x4)): 16 instances
  RAM64M8 => RAM64M8 (RAMD64E(x8)): 1875 instances
  RAM64X1D => RAM64X1D (RAMD64E(x2)): 16 instances

INFO: [Project 1-604] Checkpoint was created with Vivado v2024.2 (64-bit) build 5239630
WARNING: [Vivado 12-23575] Critical violations of the methodology design rules detected. Critical violations may contribute to timing failures or cause functional issues in hardware. Run report_methodology for more information.
open_checkpoint: Time (s): cpu = 00:10:10 ; elapsed = 00:05:41 . Memory (MB): peak = 10436.242 ; gain = 9057.836 ; free physical = 41305 ; free virtual = 357566
# file mkdir $D/reports
get_timing_paths: Time (s): cpu = 00:09:14 ; elapsed = 00:01:46 . Memory (MB): peak = 11498.477 ; gain = 1062.234 ; free physical = 40174 ; free virtual = 356435
# set paths [get_timing_paths -max_paths 2000 -nworst 1 -setup -slack_lesser_than 0]
# puts "SHIPPED_CENSUS_COUNT: [llength $paths]"
SHIPPED_CENSUS_COUNT: 50
# puts "SHIPPED_CENSUS_BEGIN"
SHIPPED_CENSUS_BEGIN
# foreach p $paths {
#     set ep  [get_property ENDPOINT_PIN $p]
#     set sp  [get_property STARTPOINT_PIN $p]
#     puts [format "EP %7s %-22s lvl=%-3s %s <- %s" \
#         [get_property SLACK $p] [get_property GROUP $p] \
#         [get_property LOGIC_LEVELS $p] $ep $sp]
# }
EP  -0.025 mmcm_clkout0_3         lvl=5   bd_i/mvchan_2/inst/u_chan/u_engine/xline_q0_reg[11]__14/CE <- bd_i/mvchan_2/inst/u_chan/u_engine/r_g_reg[3]/C
EP  -0.025 mmcm_clkout0_3         lvl=5   bd_i/mvchan_2/inst/u_chan/u_engine/xline_q0_reg[12]__14/CE <- bd_i/mvchan_2/inst/u_chan/u_engine/r_g_reg[3]/C
EP  -0.025 mmcm_clkout0_3         lvl=5   bd_i/mvchan_2/inst/u_chan/u_engine/xline_q0_reg[13]__14/CE <- bd_i/mvchan_2/inst/u_chan/u_engine/r_g_reg[3]/C
EP  -0.024 mmcm_clkout0_3         lvl=5   bd_i/mvchan_2/inst/u_chan/u_engine/sum64_q_reg[9][-1111111110]/CE <- bd_i/mvchan_2/inst/u_chan/u_engine/r_g_reg[3]/C
EP  -0.024 mmcm_clkout0_3         lvl=5   bd_i/mvchan_2/inst/u_chan/u_engine/xline_q0_reg[25]__9/CE <- bd_i/mvchan_2/inst/u_chan/u_engine/r_g_reg[3]/C
EP  -0.024 mmcm_clkout0_3         lvl=5   bd_i/mvchan_2/inst/u_chan/u_engine/xline_q0_reg[26]__9/CE <- bd_i/mvchan_2/inst/u_chan/u_engine/r_g_reg[3]/C
EP  -0.024 mmcm_clkout0_3         lvl=5   bd_i/mvchan_2/inst/u_chan/u_engine/xline_q0_reg[27]__9/CE <- bd_i/mvchan_2/inst/u_chan/u_engine/r_g_reg[3]/C
EP  -0.022 mmcm_clkout0_3         lvl=5   bd_i/mvchan_2/inst/u_chan/u_engine/xline_q0_reg[10]__14/CE <- bd_i/mvchan_2/inst/u_chan/u_engine/r_g_reg[3]/C
EP  -0.022 mmcm_clkout0_3         lvl=5   bd_i/mvchan_2/inst/u_chan/u_engine/xline_q0_reg[7]__14/CE <- bd_i/mvchan_2/inst/u_chan/u_engine/r_g_reg[3]/C
EP  -0.022 mmcm_clkout0_3         lvl=5   bd_i/mvchan_2/inst/u_chan/u_engine/xline_q0_reg[8]__14/CE <- bd_i/mvchan_2/inst/u_chan/u_engine/r_g_reg[3]/C
EP  -0.022 mmcm_clkout0_3         lvl=5   bd_i/mvchan_2/inst/u_chan/u_engine/xline_q0_reg[9]__14/CE <- bd_i/mvchan_2/inst/u_chan/u_engine/r_g_reg[3]/C
EP  -0.021 mmcm_clkout0_3         lvl=5   bd_i/mvchan_2/inst/u_chan/u_engine/xline_q0_reg[21]__9/CE <- bd_i/mvchan_2/inst/u_chan/u_engine/r_g_reg[3]/C
EP  -0.021 mmcm_clkout0_3         lvl=5   bd_i/mvchan_2/inst/u_chan/u_engine/xline_q0_reg[22]__9/CE <- bd_i/mvchan_2/inst/u_chan/u_engine/r_g_reg[3]/C
EP  -0.021 mmcm_clkout0_3         lvl=5   bd_i/mvchan_2/inst/u_chan/u_engine/xline_q0_reg[23]__9/CE <- bd_i/mvchan_2/inst/u_chan/u_engine/r_g_reg[3]/C
EP  -0.021 mmcm_clkout0_3         lvl=5   bd_i/mvchan_2/inst/u_chan/u_engine/xline_q0_reg[24]__9/CE <- bd_i/mvchan_2/inst/u_chan/u_engine/r_g_reg[3]/C
EP  -0.016 mmcm_clkout0_3         lvl=5   bd_i/mvchan_2/inst/u_chan/u_engine/xline_q0_reg[25]__14/CE <- bd_i/mvchan_2/inst/u_chan/u_engine/r_g_reg[3]/C
EP  -0.016 mmcm_clkout0_3         lvl=5   bd_i/mvchan_2/inst/u_chan/u_engine/xline_q0_reg[26]__14/CE <- bd_i/mvchan_2/inst/u_chan/u_engine/r_g_reg[3]/C
EP  -0.016 mmcm_clkout0_3         lvl=5   bd_i/mvchan_2/inst/u_chan/u_engine/xline_q0_reg[27]__14/CE <- bd_i/mvchan_2/inst/u_chan/u_engine/r_g_reg[3]/C
EP  -0.013 mmcm_clkout0_3         lvl=5   bd_i/mvchan_2/inst/u_chan/u_engine/xline_q0_reg[21]__14/CE <- bd_i/mvchan_2/inst/u_chan/u_engine/r_g_reg[3]/C
EP  -0.013 mmcm_clkout0_3         lvl=5   bd_i/mvchan_2/inst/u_chan/u_engine/xline_q0_reg[22]__14/CE <- bd_i/mvchan_2/inst/u_chan/u_engine/r_g_reg[3]/C
EP  -0.013 mmcm_clkout0_3         lvl=5   bd_i/mvchan_2/inst/u_chan/u_engine/xline_q0_reg[23]__14/CE <- bd_i/mvchan_2/inst/u_chan/u_engine/r_g_reg[3]/C
EP  -0.013 mmcm_clkout0_3         lvl=5   bd_i/mvchan_2/inst/u_chan/u_engine/xline_q0_reg[24]__14/CE <- bd_i/mvchan_2/inst/u_chan/u_engine/r_g_reg[3]/C
EP  -0.011 xdma_0_axi_aclk        lvl=5   bd_i/layer_0/inst/u_core/u_dn/o_sel_reg[21]/D <- bd_i/layer_0/inst/u_core/u_dn/oi_reg[0]_rep__6/C
EP  -0.011 xdma_0_axi_aclk        lvl=2   bd_i/layer_0/inst/u_core/u_dn/p_0_out__6__9/DSP_A_B_DATA_INST/B[9] <- bd_i/layer_0/inst/u_core/u_dn/row_reg[1]_rep_replica/C
EP  -0.010 xdma_0_axi_aclk        lvl=6   bd_i/seq_0/inst/u_seq/mv_wbase_reg[33]/CE <- bd_i/seq_0/inst/u_seq/rec_reg[97]/C
EP  -0.010 xdma_0_axi_aclk        lvl=2   bd_i/layer_0/inst/u_core/u_dn/g_lane[117].kvm_acc_reg[117]_i_2_psdsp_3/D <- bd_i/layer_0/inst/u_core/u_dn/row_reg[3]_rep__0_replica/C
EP  -0.009 mmcm_clkout0_3         lvl=5   bd_i/mvchan_2/inst/u_chan/u_engine/sum64_q_reg[11][-1111111110]/CE <- bd_i/mvchan_2/inst/u_chan/u_engine/r_g_reg[3]/C
EP  -0.009 xdma_0_axi_aclk        lvl=2   bd_i/layer_0/inst/u_core/dn_rdq_reg[2021]/D <- bd_i/layer_0/inst/u_core/dn_layer_r_reg[1]_rep__32/C
EP  -0.009 xdma_0_axi_aclk        lvl=2   bd_i/layer_0/inst/u_core/u_dn/g_lane[117].kvm_acc_reg[117]_i_6_psdsp_3/D <- bd_i/layer_0/inst/u_core/u_dn/row_reg[2]_rep__0_replica/C
EP  -0.008 xdma_0_axi_aclk        lvl=2   bd_i/layer_0/inst/u_core/u_dn/g_lane[117].kvm_acc_reg[117]_i_6_psdsp_2/D <- bd_i/layer_0/inst/u_core/u_dn/row_reg[2]_rep__0_replica/C
EP  -0.008 xdma_0_axi_aclk        lvl=2   bd_i/layer_0/inst/u_core/u_dn/p_1_out__19__6_i_1_psdsp/D <- bd_i/layer_0/inst/u_core/g_dn[3].mem_reg_uram_17/CLK
EP  -0.007 mmcm_clkout0_3         lvl=5   bd_i/mvchan_2/inst/u_chan/u_engine/prod_q_reg[2][-1111111109]/CE <- bd_i/mvchan_2/inst/u_chan/u_engine/r_g_reg[3]/C
EP  -0.007 xdma_0_axi_aclk        lvl=0   bd_i/layer_0/inst/u_core/u_dn/vdata_q_reg[12]_rep__0_replica_1/D <- bd_i/layer_0/inst/u_core/dn_vdata_reg[12]/C
EP  -0.007 xdma_0_axi_aclk        lvl=11  bd_i/layer_0/inst/u_core/s_axil_rdata_reg[1]/D <- bd_i/layer_0/inst/u_core/smem_a_reg_bram_0/CLKBWRCLK
EP  -0.006 xdma_0_axi_aclk        lvl=7   bd_i/layer_0/inst/u_core/u_topk/sel_reg[36]/D <- bd_i/layer_0/inst/u_core/w_got_reg/C
EP  -0.006 xdma_0_axi_aclk        lvl=0   bd_i/layer_0/inst/u_core/u_dn/vdata_q_reg[1]_rep__8_replica_7/D <- bd_i/layer_0/inst/u_core/dn_vdata_reg[1]/C
EP  -0.006 xdma_0_axi_aclk        lvl=2   bd_i/layer_0/inst/u_core/u_dn/g_lane[29].kvm_acc_reg[29]_i_13_psdsp_1/D <- bd_i/layer_0/inst/u_core/u_dn/row_reg[4]_rep_replica/C
EP  -0.006 xdma_0_axi_aclk        lvl=6   bd_i/layer_0/inst/u_core/u_topk/sel_reg[38]/D <- bd_i/layer_0/inst/u_core/w_got_reg/C
EP  -0.006 xdma_0_axi_aclk        lvl=2   bd_i/layer_0/inst/u_core/dn_layer_r_reg[2]_rep__28/CE <- bd_i/layer_0/inst/u_core/st_reg[0]/C
EP  -0.005 xdma_0_axi_aclk        lvl=1   bd_i/layer_0/inst/u_core/u_dn/g_lane[120].kvm_acc_reg[120]/DSP_A_B_DATA_INST/CEB2 <- bd_i/layer_0/inst/u_core/u_dn/st_reg[0]_replica/C
EP  -0.005 xdma_0_axi_aclk        lvl=2   bd_i/layer_0/inst/u_core/u_dn/p_1_out__10__10/DSP_A_B_DATA_INST/B[8] <- bd_i/layer_0/inst/u_core/u_dn/row_reg[1]_rep_replica/C
EP  -0.005 xdma_0_axi_aclk        lvl=9   bd_i/layer_0/inst/u_core/u_dn/g_lane[63].sf_row_reg[63][7]/D <- bd_i/layer_0/inst/u_core/dn_rdq_reg[1016]/C
EP  -0.004 xdma_0_axi_aclk        lvl=2   bd_i/layer_0/inst/u_core/u_dn/g_lane[112].p2_p_reg[112]/DSP_A_B_DATA_INST/B[13] <- bd_i/layer_0/inst/u_core/u_dn/row_reg[1]_rep_replica/C
EP  -0.003 xdma_0_axi_aclk        lvl=2   bd_i/layer_0/inst/u_core/u_dn/p_1_out__19__6_i_2_psdsp/D <- bd_i/layer_0/inst/u_core/g_dn[3].mem_reg_uram_17/CLK
EP  -0.003 xdma_0_axi_aclk        lvl=2   bd_i/layer_0/inst/u_core/u_dn/g_lane[97].p2_p_reg[97]/DSP_A_B_DATA_INST/B[14] <- bd_i/layer_0/inst/u_core/u_dn/row_reg[1]_rep_replica/C
EP  -0.003 xdma_0_axi_aclk        lvl=6   bd_i/seq_0/inst/u_seq/u_mov/yf_cnt_reg[0]/CE <- bd_i/seq_0/inst/u_seq/ist_reg[1]/C
EP  -0.003 xdma_0_axi_aclk        lvl=2   bd_i/layer_0/inst/u_core/u_dn/g_lane[29].kvm_acc_reg[29]_i_10_psdsp_2/D <- bd_i/layer_0/inst/u_core/u_dn/row_reg[1]_rep_replica/C
EP  -0.002 xdma_0_axi_aclk        lvl=6   bd_i/seq_0/inst/u_seq/u_mov/yf_cnt_reg[1]/CE <- bd_i/seq_0/inst/u_seq/ist_reg[1]/C
EP  -0.002 xdma_0_axi_aclk        lvl=3   bd_i/layer_0/inst/u_core/u_dn/o_sel_reg[36]/D <- bd_i/layer_0/inst/u_core/u_dn/oi_reg[3]_replica_4/C
EP  -0.001 xdma_0_axi_aclk        lvl=0   bd_i/layer_0/inst/u_core/u_dn/vdata_q_reg[4]_rep__8_replica_7/D <- bd_i/layer_0/inst/u_core/dn_vdata_reg[4]/C
# puts "SHIPPED_CENSUS_END"
SHIPPED_CENSUS_END
# puts "OWNER_TALLY_BEGIN"
OWNER_TALLY_BEGIN
# foreach p $paths {
#     set ep [get_property ENDPOINT_PIN $p]
#     # bd_i/<top-level cell>/... -> take the first two hierarchy levels
#     puts "OWNER [join [lrange [split $ep /] 0 2] /]"
# }
OWNER bd_i/mvchan_2/inst
OWNER bd_i/mvchan_2/inst
OWNER bd_i/mvchan_2/inst
OWNER bd_i/mvchan_2/inst
OWNER bd_i/mvchan_2/inst
OWNER bd_i/mvchan_2/inst
OWNER bd_i/mvchan_2/inst
OWNER bd_i/mvchan_2/inst
OWNER bd_i/mvchan_2/inst
OWNER bd_i/mvchan_2/inst
OWNER bd_i/mvchan_2/inst
OWNER bd_i/mvchan_2/inst
OWNER bd_i/mvchan_2/inst
OWNER bd_i/mvchan_2/inst
OWNER bd_i/mvchan_2/inst
OWNER bd_i/mvchan_2/inst
OWNER bd_i/mvchan_2/inst
OWNER bd_i/mvchan_2/inst
OWNER bd_i/mvchan_2/inst
OWNER bd_i/mvchan_2/inst
OWNER bd_i/mvchan_2/inst
OWNER bd_i/mvchan_2/inst
OWNER bd_i/layer_0/inst
OWNER bd_i/layer_0/inst
OWNER bd_i/seq_0/inst
OWNER bd_i/layer_0/inst
OWNER bd_i/mvchan_2/inst
OWNER bd_i/layer_0/inst
OWNER bd_i/layer_0/inst
OWNER bd_i/layer_0/inst
OWNER bd_i/layer_0/inst
OWNER bd_i/mvchan_2/inst
OWNER bd_i/layer_0/inst
OWNER bd_i/layer_0/inst
OWNER bd_i/layer_0/inst
OWNER bd_i/layer_0/inst
OWNER bd_i/layer_0/inst
OWNER bd_i/layer_0/inst
OWNER bd_i/layer_0/inst
OWNER bd_i/layer_0/inst
OWNER bd_i/layer_0/inst
OWNER bd_i/layer_0/inst
OWNER bd_i/layer_0/inst
OWNER bd_i/layer_0/inst
OWNER bd_i/layer_0/inst
OWNER bd_i/seq_0/inst
OWNER bd_i/layer_0/inst
OWNER bd_i/seq_0/inst
OWNER bd_i/layer_0/inst
OWNER bd_i/layer_0/inst
# puts "OWNER_TALLY_END"
OWNER_TALLY_END
# foreach p [lrange $paths 0 1] {
#     puts "SPLIT slack=[get_property SLACK $p] logic=[get_property DATAPATH_LOGIC_DELAY $p] route=[get_property DATAPATH_DELAY $p] ep=[get_property ENDPOINT_PIN $p]"
# }
SPLIT slack=-0.025 logic=0.399 route=3.113 ep=bd_i/mvchan_2/inst/u_chan/u_engine/xline_q0_reg[11]__14/CE
SPLIT slack=-0.025 logic=0.399 route=3.113 ep=bd_i/mvchan_2/inst/u_chan/u_engine/xline_q0_reg[12]__14/CE
# puts "SHIPPED_CENSUS_OK"
SHIPPED_CENSUS_OK
INFO: [Common 17-206] Exiting Vivado at Sun Aug 16 09:30:10 2026...
