
=== R-b HEAVY GATE start 2026-08-13T18:07:18-06:00 host=snoke ===
  tree      = 0636b7f4baef53062a53aa9e597811120595ec65
  verilator = Verilator 5.020 2024-01-01 rev (Debian 5.020-1)
  PY        = /home/cah/.venv/bin/python  (3.12.3 numpy 2.4.6)

=== H1  tb_seq_chip — the frozen 2026-08-08 w3 stream on the widened RTL ===
verilator --binary --timing -j 4 -Wall -f /home/cah/r2d2/code/verilator_lib/verilator_lib.f /home/cah/r2d2/code/verilator_lib/verilator_xilinx.vlt \
  --Mdir obj_dir_tb_seq_chip -o tb_seq_chip -GNMV=1 \
  --top-module tb_seq_chip ../rtl/seq_unit.sv ../rtl/seq_movers.sv ../rtl/fx_pkg.sv ../rtl/fx_rsqrt.sv ../rtl/fx_recip.sv ../rtl/fx_silu.sv ../rtl/vecnorm_unit.sv ../rtl/rope_unit.sv ../rtl/conv4_silu.sv ../rtl/dn_step.sv ../rtl/attn_core.sv ../rtl/gate_unit.sv ../rtl/vec_alu.sv ../rtl/layer_chan.sv ../rtl/matvec_engine.sv ../rtl/ddr_rd_streamer.sv ../rtl/matvec_chan.sv seq_fabric_model.sv seq_burst_fabric.sv seq_mem_file.sv tb_seq_chip.sv
make[1]: Entering directory '/home/cah/r2d2/code/fpga/fable5_llm/tb/obj_dir_tb_seq_chip'
g++ -Os  -I.  -MMD -I/usr/share/verilator/include -I/usr/share/verilator/include/vltstd -DVM_COVERAGE=0 -DVM_SC=0 -DVM_TRACE=0 -DVM_TRACE_FST=0 -DVM_TRACE_VCD=0 -faligned-new -fcf-protection=none -Wno-bool-operation -Wno-overloaded-virtual -Wno-shadow -Wno-sign-compare -Wno-uninitialized -Wno-unused-but-set-parameter -Wno-unused-but-set-variable -Wno-unused-parameter -Wno-unused-variable     -DVL_TIME_CONTEXT   -fcoroutines -c -o verilated.o /usr/share/verilator/include/verilated.cpp
g++ -Os  -I.  -MMD -I/usr/share/verilator/include -I/usr/share/verilator/include/vltstd -DVM_COVERAGE=0 -DVM_SC=0 -DVM_TRACE=0 -DVM_TRACE_FST=0 -DVM_TRACE_VCD=0 -faligned-new -fcf-protection=none -Wno-bool-operation -Wno-overloaded-virtual -Wno-shadow -Wno-sign-compare -Wno-uninitialized -Wno-unused-but-set-parameter -Wno-unused-but-set-variable -Wno-unused-parameter -Wno-unused-variable     -DVL_TIME_CONTEXT   -fcoroutines -c -o verilated_timing.o /usr/share/verilator/include/verilated_timing.cpp
g++ -Os  -I.  -MMD -I/usr/share/verilator/include -I/usr/share/verilator/include/vltstd -DVM_COVERAGE=0 -DVM_SC=0 -DVM_TRACE=0 -DVM_TRACE_FST=0 -DVM_TRACE_VCD=0 -faligned-new -fcf-protection=none -Wno-bool-operation -Wno-overloaded-virtual -Wno-shadow -Wno-sign-compare -Wno-uninitialized -Wno-unused-but-set-parameter -Wno-unused-but-set-variable -Wno-unused-parameter -Wno-unused-variable     -DVL_TIME_CONTEXT   -fcoroutines -c -o verilated_threads.o /usr/share/verilator/include/verilated_threads.cpp
g++ -Os  -I.  -MMD -I/usr/share/verilator/include -I/usr/share/verilator/include/vltstd -DVM_COVERAGE=0 -DVM_SC=0 -DVM_TRACE=0 -DVM_TRACE_FST=0 -DVM_TRACE_VCD=0 -faligned-new -fcf-protection=none -Wno-bool-operation -Wno-overloaded-virtual -Wno-shadow -Wno-sign-compare -Wno-uninitialized -Wno-unused-but-set-parameter -Wno-unused-but-set-variable -Wno-unused-parameter -Wno-unused-variable     -DVL_TIME_CONTEXT   -fcoroutines -x c++-header Vtb_seq_chip__pch.h -o Vtb_seq_chip__pch.h.fast.gch
g++   -I.  -MMD -I/usr/share/verilator/include -I/usr/share/verilator/include/vltstd -DVM_COVERAGE=0 -DVM_SC=0 -DVM_TRACE=0 -DVM_TRACE_FST=0 -DVM_TRACE_VCD=0 -faligned-new -fcf-protection=none -Wno-bool-operation -Wno-overloaded-virtual -Wno-shadow -Wno-sign-compare -Wno-uninitialized -Wno-unused-but-set-parameter -Wno-unused-but-set-variable -Wno-unused-parameter -Wno-unused-variable     -DVL_TIME_CONTEXT   -fcoroutines -x c++-header Vtb_seq_chip__pch.h -o Vtb_seq_chip__pch.h.slow.gch
g++ -Os  -I.  -MMD -I/usr/share/verilator/include -I/usr/share/verilator/include/vltstd -DVM_COVERAGE=0 -DVM_SC=0 -DVM_TRACE=0 -DVM_TRACE_FST=0 -DVM_TRACE_VCD=0 -faligned-new -fcf-protection=none -Wno-bool-operation -Wno-overloaded-virtual -Wno-shadow -Wno-sign-compare -Wno-uninitialized -Wno-unused-but-set-parameter -Wno-unused-but-set-variable -Wno-unused-parameter -Wno-unused-variable     -DVL_TIME_CONTEXT   -fcoroutines -include Vtb_seq_chip__pch.h.fast -c -o Vtb_seq_chip.o Vtb_seq_chip.cpp
g++ -Os  -I.  -MMD -I/usr/share/verilator/include -I/usr/share/verilator/include/vltstd -DVM_COVERAGE=0 -DVM_SC=0 -DVM_TRACE=0 -DVM_TRACE_FST=0 -DVM_TRACE_VCD=0 -faligned-new -fcf-protection=none -Wno-bool-operation -Wno-overloaded-virtual -Wno-shadow -Wno-sign-compare -Wno-uninitialized -Wno-unused-but-set-parameter -Wno-unused-but-set-variable -Wno-unused-parameter -Wno-unused-variable     -DVL_TIME_CONTEXT   -fcoroutines -include Vtb_seq_chip__pch.h.fast -c -o Vtb_seq_chip___024root__DepSet_hcd7d776b__0.o Vtb_seq_chip___024root__DepSet_hcd7d776b__0.cpp
g++ -Os  -I.  -MMD -I/usr/share/verilator/include -I/usr/share/verilator/include/vltstd -DVM_COVERAGE=0 -DVM_SC=0 -DVM_TRACE=0 -DVM_TRACE_FST=0 -DVM_TRACE_VCD=0 -faligned-new -fcf-protection=none -Wno-bool-operation -Wno-overloaded-virtual -Wno-shadow -Wno-sign-compare -Wno-uninitialized -Wno-unused-but-set-parameter -Wno-unused-but-set-variable -Wno-unused-parameter -Wno-unused-variable     -DVL_TIME_CONTEXT   -fcoroutines -include Vtb_seq_chip__pch.h.fast -c -o Vtb_seq_chip___024root__DepSet_hcd7d776b__1.o Vtb_seq_chip___024root__DepSet_hcd7d776b__1.cpp
g++ -Os  -I.  -MMD -I/usr/share/verilator/include -I/usr/share/verilator/include/vltstd -DVM_COVERAGE=0 -DVM_SC=0 -DVM_TRACE=0 -DVM_TRACE_FST=0 -DVM_TRACE_VCD=0 -faligned-new -fcf-protection=none -Wno-bool-operation -Wno-overloaded-virtual -Wno-shadow -Wno-sign-compare -Wno-uninitialized -Wno-unused-but-set-parameter -Wno-unused-but-set-variable -Wno-unused-parameter -Wno-unused-variable     -DVL_TIME_CONTEXT   -fcoroutines -include Vtb_seq_chip__pch.h.fast -c -o Vtb_seq_chip___024root__DepSet_hcd7d776b__2.o Vtb_seq_chip___024root__DepSet_hcd7d776b__2.cpp
g++ -Os  -I.  -MMD -I/usr/share/verilator/include -I/usr/share/verilator/include/vltstd -DVM_COVERAGE=0 -DVM_SC=0 -DVM_TRACE=0 -DVM_TRACE_FST=0 -DVM_TRACE_VCD=0 -faligned-new -fcf-protection=none -Wno-bool-operation -Wno-overloaded-virtual -Wno-shadow -Wno-sign-compare -Wno-uninitialized -Wno-unused-but-set-parameter -Wno-unused-but-set-variable -Wno-unused-parameter -Wno-unused-variable     -DVL_TIME_CONTEXT   -fcoroutines -include Vtb_seq_chip__pch.h.fast -c -o Vtb_seq_chip___024root__DepSet_hcd7d776b__3.o Vtb_seq_chip___024root__DepSet_hcd7d776b__3.cpp
g++ -Os  -I.  -MMD -I/usr/share/verilator/include -I/usr/share/verilator/include/vltstd -DVM_COVERAGE=0 -DVM_SC=0 -DVM_TRACE=0 -DVM_TRACE_FST=0 -DVM_TRACE_VCD=0 -faligned-new -fcf-protection=none -Wno-bool-operation -Wno-overloaded-virtual -Wno-shadow -Wno-sign-compare -Wno-uninitialized -Wno-unused-but-set-parameter -Wno-unused-but-set-variable -Wno-unused-parameter -Wno-unused-variable     -DVL_TIME_CONTEXT   -fcoroutines -include Vtb_seq_chip__pch.h.fast -c -o Vtb_seq_chip___024root__DepSet_hcd7d776b__4.o Vtb_seq_chip___024root__DepSet_hcd7d776b__4.cpp
g++ -Os  -I.  -MMD -I/usr/share/verilator/include -I/usr/share/verilator/include/vltstd -DVM_COVERAGE=0 -DVM_SC=0 -DVM_TRACE=0 -DVM_TRACE_FST=0 -DVM_TRACE_VCD=0 -faligned-new -fcf-protection=none -Wno-bool-operation -Wno-overloaded-virtual -Wno-shadow -Wno-sign-compare -Wno-uninitialized -Wno-unused-but-set-parameter -Wno-unused-but-set-variable -Wno-unused-parameter -Wno-unused-variable     -DVL_TIME_CONTEXT   -fcoroutines -include Vtb_seq_chip__pch.h.fast -c -o Vtb_seq_chip___024root__DepSet_hd4d89cee__0.o Vtb_seq_chip___024root__DepSet_hd4d89cee__0.cpp
g++ -Os  -I.  -MMD -I/usr/share/verilator/include -I/usr/share/verilator/include/vltstd -DVM_COVERAGE=0 -DVM_SC=0 -DVM_TRACE=0 -DVM_TRACE_FST=0 -DVM_TRACE_VCD=0 -faligned-new -fcf-protection=none -Wno-bool-operation -Wno-overloaded-virtual -Wno-shadow -Wno-sign-compare -Wno-uninitialized -Wno-unused-but-set-parameter -Wno-unused-but-set-variable -Wno-unused-parameter -Wno-unused-variable     -DVL_TIME_CONTEXT   -fcoroutines -include Vtb_seq_chip__pch.h.fast -c -o Vtb_seq_chip___024root__DepSet_hd4d89cee__1.o Vtb_seq_chip___024root__DepSet_hd4d89cee__1.cpp
g++ -Os  -I.  -MMD -I/usr/share/verilator/include -I/usr/share/verilator/include/vltstd -DVM_COVERAGE=0 -DVM_SC=0 -DVM_TRACE=0 -DVM_TRACE_FST=0 -DVM_TRACE_VCD=0 -faligned-new -fcf-protection=none -Wno-bool-operation -Wno-overloaded-virtual -Wno-shadow -Wno-sign-compare -Wno-uninitialized -Wno-unused-but-set-parameter -Wno-unused-but-set-variable -Wno-unused-parameter -Wno-unused-variable     -DVL_TIME_CONTEXT   -fcoroutines -include Vtb_seq_chip__pch.h.fast -c -o Vtb_seq_chip___024root__DepSet_hd4d89cee__2.o Vtb_seq_chip___024root__DepSet_hd4d89cee__2.cpp
g++ -Os  -I.  -MMD -I/usr/share/verilator/include -I/usr/share/verilator/include/vltstd -DVM_COVERAGE=0 -DVM_SC=0 -DVM_TRACE=0 -DVM_TRACE_FST=0 -DVM_TRACE_VCD=0 -faligned-new -fcf-protection=none -Wno-bool-operation -Wno-overloaded-virtual -Wno-shadow -Wno-sign-compare -Wno-uninitialized -Wno-unused-but-set-parameter -Wno-unused-but-set-variable -Wno-unused-parameter -Wno-unused-variable     -DVL_TIME_CONTEXT   -fcoroutines -include Vtb_seq_chip__pch.h.fast -c -o Vtb_seq_chip___024root__DepSet_hd4d89cee__3.o Vtb_seq_chip___024root__DepSet_hd4d89cee__3.cpp
g++ -Os  -I.  -MMD -I/usr/share/verilator/include -I/usr/share/verilator/include/vltstd -DVM_COVERAGE=0 -DVM_SC=0 -DVM_TRACE=0 -DVM_TRACE_FST=0 -DVM_TRACE_VCD=0 -faligned-new -fcf-protection=none -Wno-bool-operation -Wno-overloaded-virtual -Wno-shadow -Wno-sign-compare -Wno-uninitialized -Wno-unused-but-set-parameter -Wno-unused-but-set-variable -Wno-unused-parameter -Wno-unused-variable     -DVL_TIME_CONTEXT   -fcoroutines -include Vtb_seq_chip__pch.h.fast -c -o Vtb_seq_chip__main.o Vtb_seq_chip__main.cpp
g++   -I.  -MMD -I/usr/share/verilator/include -I/usr/share/verilator/include/vltstd -DVM_COVERAGE=0 -DVM_SC=0 -DVM_TRACE=0 -DVM_TRACE_FST=0 -DVM_TRACE_VCD=0 -faligned-new -fcf-protection=none -Wno-bool-operation -Wno-overloaded-virtual -Wno-shadow -Wno-sign-compare -Wno-uninitialized -Wno-unused-but-set-parameter -Wno-unused-but-set-variable -Wno-unused-parameter -Wno-unused-variable     -DVL_TIME_CONTEXT   -fcoroutines -include Vtb_seq_chip__pch.h.slow -c -o Vtb_seq_chip__ConstPool_0.o Vtb_seq_chip__ConstPool_0.cpp
g++   -I.  -MMD -I/usr/share/verilator/include -I/usr/share/verilator/include/vltstd -DVM_COVERAGE=0 -DVM_SC=0 -DVM_TRACE=0 -DVM_TRACE_FST=0 -DVM_TRACE_VCD=0 -faligned-new -fcf-protection=none -Wno-bool-operation -Wno-overloaded-virtual -Wno-shadow -Wno-sign-compare -Wno-uninitialized -Wno-unused-but-set-parameter -Wno-unused-but-set-variable -Wno-unused-parameter -Wno-unused-variable     -DVL_TIME_CONTEXT   -fcoroutines -include Vtb_seq_chip__pch.h.slow -c -o Vtb_seq_chip___024root__Slow.o Vtb_seq_chip___024root__Slow.cpp
g++   -I.  -MMD -I/usr/share/verilator/include -I/usr/share/verilator/include/vltstd -DVM_COVERAGE=0 -DVM_SC=0 -DVM_TRACE=0 -DVM_TRACE_FST=0 -DVM_TRACE_VCD=0 -faligned-new -fcf-protection=none -Wno-bool-operation -Wno-overloaded-virtual -Wno-shadow -Wno-sign-compare -Wno-uninitialized -Wno-unused-but-set-parameter -Wno-unused-but-set-variable -Wno-unused-parameter -Wno-unused-variable     -DVL_TIME_CONTEXT   -fcoroutines -include Vtb_seq_chip__pch.h.slow -c -o Vtb_seq_chip___024root__DepSet_hcd7d776b__0__Slow.o Vtb_seq_chip___024root__DepSet_hcd7d776b__0__Slow.cpp
g++   -I.  -MMD -I/usr/share/verilator/include -I/usr/share/verilator/include/vltstd -DVM_COVERAGE=0 -DVM_SC=0 -DVM_TRACE=0 -DVM_TRACE_FST=0 -DVM_TRACE_VCD=0 -faligned-new -fcf-protection=none -Wno-bool-operation -Wno-overloaded-virtual -Wno-shadow -Wno-sign-compare -Wno-uninitialized -Wno-unused-but-set-parameter -Wno-unused-but-set-variable -Wno-unused-parameter -Wno-unused-variable     -DVL_TIME_CONTEXT   -fcoroutines -include Vtb_seq_chip__pch.h.slow -c -o Vtb_seq_chip___024root__DepSet_hd4d89cee__0__Slow.o Vtb_seq_chip___024root__DepSet_hd4d89cee__0__Slow.cpp
g++   -I.  -MMD -I/usr/share/verilator/include -I/usr/share/verilator/include/vltstd -DVM_COVERAGE=0 -DVM_SC=0 -DVM_TRACE=0 -DVM_TRACE_FST=0 -DVM_TRACE_VCD=0 -faligned-new -fcf-protection=none -Wno-bool-operation -Wno-overloaded-virtual -Wno-shadow -Wno-sign-compare -Wno-uninitialized -Wno-unused-but-set-parameter -Wno-unused-but-set-variable -Wno-unused-parameter -Wno-unused-variable     -DVL_TIME_CONTEXT   -fcoroutines -include Vtb_seq_chip__pch.h.slow -c -o Vtb_seq_chip__Syms.o Vtb_seq_chip__Syms.cpp
echo "" > Vtb_seq_chip__ALL.verilator_deplist.tmp
Archive ar -rcs Vtb_seq_chip__ALL.a Vtb_seq_chip.o Vtb_seq_chip___024root__DepSet_hcd7d776b__0.o Vtb_seq_chip___024root__DepSet_hcd7d776b__1.o Vtb_seq_chip___024root__DepSet_hcd7d776b__2.o Vtb_seq_chip___024root__DepSet_hcd7d776b__3.o Vtb_seq_chip___024root__DepSet_hcd7d776b__4.o Vtb_seq_chip___024root__DepSet_hd4d89cee__0.o Vtb_seq_chip___024root__DepSet_hd4d89cee__1.o Vtb_seq_chip___024root__DepSet_hd4d89cee__2.o Vtb_seq_chip___024root__DepSet_hd4d89cee__3.o Vtb_seq_chip__main.o Vtb_seq_chip__ConstPool_0.o Vtb_seq_chip___024root__Slow.o Vtb_seq_chip___024root__DepSet_hcd7d776b__0__Slow.o Vtb_seq_chip___024root__DepSet_hd4d89cee__0__Slow.o Vtb_seq_chip__Syms.o
g++     verilated.o verilated_timing.o verilated_threads.o Vtb_seq_chip__ALL.a    -pthread -lpthread -latomic   -o tb_seq_chip
rm Vtb_seq_chip__ALL.verilator_deplist.tmp
make[1]: Leaving directory '/home/cah/r2d2/code/fpga/fable5_llm/tb/obj_dir_tb_seq_chip'
obj_dir_tb_seq_chip/tb_seq_chip +seq=scripts/w3/tok2_s1.e +base=scripts/w3/tok2_s1 \
  +watchdog_ms=600000
  mem region 0: 17280 B @ 000090000000   scripts/w3/tok2_s1.e.seq
  mem region 1: 61568 B @ 000080000000   scripts/w3/tok2_s1.e.seqdata.bin
  mem region 2: 16777216 B @ 000060000000   scripts/w3/tok2_s1.emb.bin
  mem region 0: 26697728 B @ 000010000000   scripts/w3/tok2_s1.wimg.bin
tb_seq_chip: launch 0 [-] rec_off 0, 1080 records, 3 tokens, 7168 scratch words, NMV=1 LAT=4 DDRLAT=32 WLAT=40
  TOK[0] = 000db (219) == golden OK
  TOK[1] = 00763 (1891) == golden OK
  TOK[2] = 01154 (4436) == golden OK
SEQ-CHIP scripts/w3/tok2_s1.e launch 0 [-]: 1080 records, 2272141 cycles (2103.83 cyc/rec, 9.089 ms @250MHz, PERF_CYC 2272133)
LAUNCH 0 PASS: [-] pc 1079, tokens 3, tcnt 6, scratch 7168
  axil writes 3559
  axil reads  147847
  burst: 996 write bursts (250608 beats), 753 read bursts (190560 beats), busy_wr 318684 busy_rd 258939, decerr 0 non-OK 0, BLAT=4
  fetch-empty stall cycles 48
  ddr beats 8748 (miss 0), weight beats 1251168 (miss 0)
  DUT held in reset 0 times after t=0 (rst_armed asserted before launch 0, never violated)
TB_SEQ_CHIP PASS: scripts/w3/tok2_s1.e (launches 1, 2272141 cycles total, scratch 7168/launch, tokens 3, tcnt 6)
- tb_seq_chip.sv:875: Verilog $finish
RC_seq_chip=0

=== H2  tb_seq_chip_fast — w3 REGENERATED by the R-b emitter, then replayed ===
mkdir -p scripts/w3
cd ../ref && SEQ_EMIT=/home/cah/r2d2/code/fpga/fable5_llm/tb/scripts/w3/lay_s1.e SEQ_PROFILE=epsnorm \
  /home/cah/.venv/bin/python gen_layer_script.py /home/cah/r2d2/code/fpga/fable5_llm/tb/scripts/w3/lay_s1.txt 1 2
layer script: seed=1 ntok=2 cmds=508 hostwords=163552 weights=15 -> /home/cah/r2d2/code/fpga/fable5_llm/tb/scripts/w3/lay_s1.txt
SEQ: 1987 records (31792 B) + 63360 B const blob -> /home/cah/r2d2/code/fpga/fable5_llm/tb/scripts/w3/lay_s1.e.seq  [profile=epsnorm loop_steps=0]
cd ../ref && SEQ_EMIT=/home/cah/r2d2/code/fpga/fable5_llm/tb/scripts/w3/tok2_s1.e SEQ_PROFILE=epsnorm \
  /home/cah/.venv/bin/python gen_token_script.py /home/cah/r2d2/code/fpga/fable5_llm/tb/scripts/w3/tok2_s1.txt 1 3 8192 2
token script: seed=1 ntok=3 vocab=8192 nlayers=2 (DN=1 GQA=1) cmds=773 hostwords=282192 weights=16 tokens_out=[219, 1891, 4436] -> /home/cah/r2d2/code/fpga/fable5_llm/tb/scripts/w3/tok2_s1.txt
SEQ: 1080 records (17280 B) + 61568 B const blob -> /home/cah/r2d2/code/fpga/fable5_llm/tb/scripts/w3/tok2_s1.e.seq  [profile=epsnorm loop_steps=3]
/home/cah/.venv/bin/python scripts/gen_seq_chip_vectors.py scripts/w3/lay_s1.e  --base scripts/w3/lay_s1
  scripts/w3/lay_s1.wimg.bin: 21979136 B (15 images) @ 0x10000000
  scripts/w3/lay_s1.e.chip: 1987 records, pc 1986, 0 tokens, 7168 scratch words checked (9216 staging words excluded)
  seq_model stats: {'CSRWR': 1381, 'CMD': 460, 'MOVX': 30, 'MOVY': 44, 'MVGO': 44, 'EMB': 0, 'AMAXL': 0, 'JMP': 0, 'FENCE': 0, 'LDC': 25, 'XOP': 2, 'PROBE': 2, 'MVGO_NOWAIT': 0}
/home/cah/.venv/bin/python scripts/gen_seq_chip_vectors.py scripts/w3/tok2_s1.e --base scripts/w3/tok2_s1
  scripts/w3/tok2_s1.wimg.bin: 26697728 B (16 images) @ 0x10000000
  scripts/w3/tok2_s1.e.chip: 1080 records, pc 1079, 3 tokens, 7168 scratch words checked (9216 staging words excluded)
  seq_model stats: {'CSRWR': 2107, 'CMD': 701, 'MOVX': 48, 'MOVY': 78, 'MVGO': 78, 'EMB': 3, 'AMAXL': 3, 'JMP': 3, 'FENCE': 0, 'LDC': 36, 'XOP': 6, 'PROBE': 3, 'MVGO_NOWAIT': 0}
verilator --binary --timing -j 4 -Wall -f /home/cah/r2d2/code/verilator_lib/verilator_lib.f /home/cah/r2d2/code/verilator_lib/verilator_xilinx.vlt \
  --Mdir obj_dir_tb_seq_chip -o tb_seq_chip -GNMV=1 \
  --top-module tb_seq_chip ../rtl/seq_unit.sv ../rtl/seq_movers.sv ../rtl/fx_pkg.sv ../rtl/fx_rsqrt.sv ../rtl/fx_recip.sv ../rtl/fx_silu.sv ../rtl/vecnorm_unit.sv ../rtl/rope_unit.sv ../rtl/conv4_silu.sv ../rtl/dn_step.sv ../rtl/attn_core.sv ../rtl/gate_unit.sv ../rtl/vec_alu.sv ../rtl/layer_chan.sv ../rtl/matvec_engine.sv ../rtl/ddr_rd_streamer.sv ../rtl/matvec_chan.sv seq_fabric_model.sv seq_burst_fabric.sv seq_mem_file.sv tb_seq_chip.sv
make[1]: Entering directory '/home/cah/r2d2/code/fpga/fable5_llm/tb/obj_dir_tb_seq_chip'
make[1]: Nothing to be done for 'default'.
make[1]: Leaving directory '/home/cah/r2d2/code/fpga/fable5_llm/tb/obj_dir_tb_seq_chip'
obj_dir_tb_seq_chip/tb_seq_chip +seq=scripts/w3/lay_s1.e \
  +base=scripts/w3/lay_s1  +watchdog_ms=600000
  mem region 0: 31792 B @ 000090000000   scripts/w3/lay_s1.e.seq
  mem region 1: 63360 B @ 000080000000   scripts/w3/lay_s1.e.seqdata.bin
  mem region -: (absent) scripts/w3/lay_s1.emb.bin
  mem region 0: 21979136 B @ 000010000000   scripts/w3/lay_s1.wimg.bin
tb_seq_chip: launch 0 [-] rec_off 0, 1987 records, 0 tokens, 7168 scratch words, NMV=1 LAT=4 DDRLAT=32 WLAT=40
SEQ-CHIP scripts/w3/lay_s1.e launch 0 [-]: 1987 records, 1355737 cycles (682.30 cyc/rec, 5.423 ms @250MHz, PERF_CYC 1355728)
LAUNCH 0 PASS: [-] pc 1986, tokens 0, tcnt 6, scratch 7168
  axil writes 2272
  axil reads  88657
  burst: 558 write bursts (139936 beats), 430 read bursts (108608 beats), busy_wr 183619 busy_rd 138190, decerr 0 non-OK 0, BLAT=4
  fetch-empty stall cycles 12
  ddr beats 6543 (miss 0), weight beats 686656 (miss 0)
  DUT held in reset 0 times after t=0 (rst_armed asserted before launch 0, never violated)
TB_SEQ_CHIP PASS: scripts/w3/lay_s1.e (launches 1, 1355737 cycles total, scratch 7168/launch, tokens 0, tcnt 6)
- tb_seq_chip.sv:875: Verilog $finish
obj_dir_tb_seq_chip/tb_seq_chip +seq=scripts/w3/tok2_s1.e \
  +base=scripts/w3/tok2_s1 +watchdog_ms=600000
  mem region 0: 17280 B @ 000090000000   scripts/w3/tok2_s1.e.seq
  mem region 1: 61568 B @ 000080000000   scripts/w3/tok2_s1.e.seqdata.bin
  mem region 2: 16777216 B @ 000060000000   scripts/w3/tok2_s1.emb.bin
  mem region 0: 26697728 B @ 000010000000   scripts/w3/tok2_s1.wimg.bin
tb_seq_chip: launch 0 [-] rec_off 0, 1080 records, 3 tokens, 7168 scratch words, NMV=1 LAT=4 DDRLAT=32 WLAT=40
  TOK[0] = 000db (219) == golden OK
  TOK[1] = 00763 (1891) == golden OK
  TOK[2] = 01154 (4436) == golden OK
SEQ-CHIP scripts/w3/tok2_s1.e launch 0 [-]: 1080 records, 2272141 cycles (2103.83 cyc/rec, 9.089 ms @250MHz, PERF_CYC 2272133)
LAUNCH 0 PASS: [-] pc 1079, tokens 3, tcnt 6, scratch 7168
  axil writes 3559
  axil reads  147847
  burst: 996 write bursts (250608 beats), 753 read bursts (190560 beats), busy_wr 318684 busy_rd 258939, decerr 0 non-OK 0, BLAT=4
  fetch-empty stall cycles 48
  ddr beats 8748 (miss 0), weight beats 1251168 (miss 0)
  DUT held in reset 0 times after t=0 (rst_armed asserted before launch 0, never violated)
TB_SEQ_CHIP PASS: scripts/w3/tok2_s1.e (launches 1, 2272141 cycles total, scratch 7168/launch, tokens 3, tcnt 6)
- tb_seq_chip.sv:875: Verilog $finish
RC_seq_chip_fast=0

=== H3  chat_i1_gate — 2 launch-per-step chat scenarios (~25 min each) ===
make chat_i1_vectors
make[1]: Entering directory '/home/cah/r2d2/code/fpga/fable5_llm/tb'
/home/cah/.venv/bin/python scripts/gen_chat_i1_vectors.py scripts/w4/chat_i1 \
  --base scripts/w4/model_v2_s1 --t-max 128 --tok0 760 \
  --tok1 6511 --far-pos 86
  scripts/w4/model_v2_s1.wimg.bin: 417546240 B (reused)
  scripts/w4/model_v2_s1.emb.bin: 248320 rows
  scripts/w4/chat_i1.seqdata.bin: 1194752 B (const 998144 + 128 x 1536) sha 7591dd21d405
  blob layout {"const_base": 2147483648, "const_bytes": 998144, "pos_base": 2148481792, "pos_bytes": 196608, "pos_stride": 1536, "pos_copies": 6, "pos_copy_bytes": 256, "t_max": 128, "total_bytes": 1194752, "xrf_pos_max": 85}
  resident images: session 1526 recs, lite 14010 recs, full 14744 recs (pos_mode=ldc)
  launch 0 [session] preamble (resets conv/dn/KV/TCNT): 1526 recs, pc 1525, tokens [], TCNT [0, 0] (0.0s)
    patch 72 B in 7 write(s) {'tok': 760, 'pos': 0, 'xrf4': 0, 'tcnt': 1} -> 2 byte(s) differ, all inside the 72-byte window at +0
  launch 1 [lite] tok=760 pos=0: 14010 recs, pc 14009, tokens [], TCNT [1, 1] (12.0s)
    patch 72 B in 7 write(s) {'tok': 6511, 'pos': 1, 'xrf4': 0, 'tcnt': 1} -> 8 byte(s) differ, all inside the 72-byte window at +0
  launch 2 [full] tok=6511 pos=1: 14744 recs, pc 14743, tokens [314], TCNT [2, 2] (14.7s)
    patch 72 B in 7 write(s) {'tok': 314, 'pos': 86, 'xrf4': 0, 'tcnt': 1} -> 14 byte(s) differ, all inside the 72-byte window at +0
    launch2 vs launch3 image delta: 14 bytes, all inside the patch window (one resident image, two patches)
  launch 3 [full] tok=314 pos=86: 14744 recs, pc 14743, tokens [279], TCNT [3, 3] (14.7s)
  pos 86: ldc mode addresses 0x80113f00..0x80114500; the xrf cursor would sign-extend 132096 -> -130048 and read 0x800d3f00..0x800d4500 (XRF_POS_MAX=85)
    negative witness armed: 0 DDR reads may land in 0x800d3f00..0x800d4500
  scripts/w4/chat_i1.seq: 729088 B, 4 images @ 0x90000000 (rec offsets [0, 1536, 15616, 30464])
  scripts/w4/chat_i1.chip: 4 launches, 7168 scratch words/launch checked (9216 staging words excluded), tokens [[], [], [314], [279]]
  TCNT trace [[0, 0], [1, 1], [2, 2], [3, 3]] (bank 0; a reset between launches would show 0)
  gen_chat_i1_vectors: 41.9s
make[1]: Leaving directory '/home/cah/r2d2/code/fpga/fable5_llm/tb'
make chat_i1_vectors CHAT_OUT=scripts/w4/chat_i1b CHAT_TOK0=314
make[1]: Entering directory '/home/cah/r2d2/code/fpga/fable5_llm/tb'
/home/cah/.venv/bin/python scripts/gen_chat_i1_vectors.py scripts/w4/chat_i1b \
  --base scripts/w4/model_v2_s1 --t-max 128 --tok0 314 \
  --tok1 6511 --far-pos 86
  scripts/w4/model_v2_s1.wimg.bin: 417546240 B (reused)
  scripts/w4/model_v2_s1.emb.bin: 248320 rows
  scripts/w4/chat_i1b.seqdata.bin: 1194752 B (const 998144 + 128 x 1536) sha 7591dd21d405
  blob layout {"const_base": 2147483648, "const_bytes": 998144, "pos_base": 2148481792, "pos_bytes": 196608, "pos_stride": 1536, "pos_copies": 6, "pos_copy_bytes": 256, "t_max": 128, "total_bytes": 1194752, "xrf_pos_max": 85}
  resident images: session 1526 recs, lite 14010 recs, full 14744 recs (pos_mode=ldc)
  launch 0 [session] preamble (resets conv/dn/KV/TCNT): 1526 recs, pc 1525, tokens [], TCNT [0, 0] (0.0s)
    patch 72 B in 7 write(s) {'tok': 314, 'pos': 0, 'xrf4': 0, 'tcnt': 1} -> 2 byte(s) differ, all inside the 72-byte window at +0
  launch 1 [lite] tok=314 pos=0: 14010 recs, pc 14009, tokens [], TCNT [1, 1] (11.7s)
    patch 72 B in 7 write(s) {'tok': 6511, 'pos': 1, 'xrf4': 0, 'tcnt': 1} -> 8 byte(s) differ, all inside the 72-byte window at +0
  launch 2 [full] tok=6511 pos=1: 14744 recs, pc 14743, tokens [13], TCNT [2, 2] (14.7s)
    patch 72 B in 7 write(s) {'tok': 13, 'pos': 86, 'xrf4': 0, 'tcnt': 1} -> 13 byte(s) differ, all inside the 72-byte window at +0
    launch2 vs launch3 image delta: 14 bytes, all inside the patch window (one resident image, two patches)
  launch 3 [full] tok=13 pos=86: 14744 recs, pc 14743, tokens [198], TCNT [3, 3] (14.7s)
  pos 86: ldc mode addresses 0x80113f00..0x80114500; the xrf cursor would sign-extend 132096 -> -130048 and read 0x800d3f00..0x800d4500 (XRF_POS_MAX=85)
    negative witness armed: 0 DDR reads may land in 0x800d3f00..0x800d4500
  scripts/w4/chat_i1b.seq: 729088 B, 4 images @ 0x90000000 (rec offsets [0, 1536, 15616, 30464])
  scripts/w4/chat_i1b.chip: 4 launches, 7168 scratch words/launch checked (9216 staging words excluded), tokens [[], [], [13], [198]]
  TCNT trace [[0, 0], [1, 1], [2, 2], [3, 3]] (bank 0; a reset between launches would show 0)
  gen_chat_i1_vectors: 41.5s
make[1]: Leaving directory '/home/cah/r2d2/code/fpga/fable5_llm/tb'
make tb_seq_chat_i1_build
make[1]: Entering directory '/home/cah/r2d2/code/fpga/fable5_llm/tb'
verilator --binary --timing -j 4 -Wall -f /home/cah/r2d2/code/verilator_lib/verilator_lib.f /home/cah/r2d2/code/verilator_lib/verilator_xilinx.vlt \
  --Mdir obj_dir_tb_seq_chat_i1 -o tb_seq_chat_i1 -GNMV=1 \
  --top-module tb_seq_chip ../rtl/seq_unit.sv ../rtl/seq_movers.sv ../rtl/fx_pkg.sv ../rtl/fx_rsqrt.sv ../rtl/fx_recip.sv ../rtl/fx_silu.sv ../rtl/vecnorm_unit.sv ../rtl/rope_unit.sv ../rtl/conv4_silu.sv ../rtl/dn_step.sv ../rtl/attn_core.sv ../rtl/gate_unit.sv ../rtl/vec_alu.sv ../rtl/layer_chan.sv ../rtl/matvec_engine.sv ../rtl/ddr_rd_streamer.sv ../rtl/matvec_chan.sv seq_fabric_model.sv seq_burst_fabric.sv seq_mem_file.sv tb_seq_chip.sv
make[2]: Entering directory '/home/cah/r2d2/code/fpga/fable5_llm/tb/obj_dir_tb_seq_chat_i1'
g++ -Os  -I.  -MMD -I/usr/share/verilator/include -I/usr/share/verilator/include/vltstd -DVM_COVERAGE=0 -DVM_SC=0 -DVM_TRACE=0 -DVM_TRACE_FST=0 -DVM_TRACE_VCD=0 -faligned-new -fcf-protection=none -Wno-bool-operation -Wno-overloaded-virtual -Wno-shadow -Wno-sign-compare -Wno-uninitialized -Wno-unused-but-set-parameter -Wno-unused-but-set-variable -Wno-unused-parameter -Wno-unused-variable     -DVL_TIME_CONTEXT   -fcoroutines -c -o verilated.o /usr/share/verilator/include/verilated.cpp
g++ -Os  -I.  -MMD -I/usr/share/verilator/include -I/usr/share/verilator/include/vltstd -DVM_COVERAGE=0 -DVM_SC=0 -DVM_TRACE=0 -DVM_TRACE_FST=0 -DVM_TRACE_VCD=0 -faligned-new -fcf-protection=none -Wno-bool-operation -Wno-overloaded-virtual -Wno-shadow -Wno-sign-compare -Wno-uninitialized -Wno-unused-but-set-parameter -Wno-unused-but-set-variable -Wno-unused-parameter -Wno-unused-variable     -DVL_TIME_CONTEXT   -fcoroutines -c -o verilated_timing.o /usr/share/verilator/include/verilated_timing.cpp
g++ -Os  -I.  -MMD -I/usr/share/verilator/include -I/usr/share/verilator/include/vltstd -DVM_COVERAGE=0 -DVM_SC=0 -DVM_TRACE=0 -DVM_TRACE_FST=0 -DVM_TRACE_VCD=0 -faligned-new -fcf-protection=none -Wno-bool-operation -Wno-overloaded-virtual -Wno-shadow -Wno-sign-compare -Wno-uninitialized -Wno-unused-but-set-parameter -Wno-unused-but-set-variable -Wno-unused-parameter -Wno-unused-variable     -DVL_TIME_CONTEXT   -fcoroutines -c -o verilated_threads.o /usr/share/verilator/include/verilated_threads.cpp
g++ -Os  -I.  -MMD -I/usr/share/verilator/include -I/usr/share/verilator/include/vltstd -DVM_COVERAGE=0 -DVM_SC=0 -DVM_TRACE=0 -DVM_TRACE_FST=0 -DVM_TRACE_VCD=0 -faligned-new -fcf-protection=none -Wno-bool-operation -Wno-overloaded-virtual -Wno-shadow -Wno-sign-compare -Wno-uninitialized -Wno-unused-but-set-parameter -Wno-unused-but-set-variable -Wno-unused-parameter -Wno-unused-variable     -DVL_TIME_CONTEXT   -fcoroutines -x c++-header Vtb_seq_chip__pch.h -o Vtb_seq_chip__pch.h.fast.gch
g++   -I.  -MMD -I/usr/share/verilator/include -I/usr/share/verilator/include/vltstd -DVM_COVERAGE=0 -DVM_SC=0 -DVM_TRACE=0 -DVM_TRACE_FST=0 -DVM_TRACE_VCD=0 -faligned-new -fcf-protection=none -Wno-bool-operation -Wno-overloaded-virtual -Wno-shadow -Wno-sign-compare -Wno-uninitialized -Wno-unused-but-set-parameter -Wno-unused-but-set-variable -Wno-unused-parameter -Wno-unused-variable     -DVL_TIME_CONTEXT   -fcoroutines -x c++-header Vtb_seq_chip__pch.h -o Vtb_seq_chip__pch.h.slow.gch
g++ -Os  -I.  -MMD -I/usr/share/verilator/include -I/usr/share/verilator/include/vltstd -DVM_COVERAGE=0 -DVM_SC=0 -DVM_TRACE=0 -DVM_TRACE_FST=0 -DVM_TRACE_VCD=0 -faligned-new -fcf-protection=none -Wno-bool-operation -Wno-overloaded-virtual -Wno-shadow -Wno-sign-compare -Wno-uninitialized -Wno-unused-but-set-parameter -Wno-unused-but-set-variable -Wno-unused-parameter -Wno-unused-variable     -DVL_TIME_CONTEXT   -fcoroutines -include Vtb_seq_chip__pch.h.fast -c -o Vtb_seq_chip.o Vtb_seq_chip.cpp
g++ -Os  -I.  -MMD -I/usr/share/verilator/include -I/usr/share/verilator/include/vltstd -DVM_COVERAGE=0 -DVM_SC=0 -DVM_TRACE=0 -DVM_TRACE_FST=0 -DVM_TRACE_VCD=0 -faligned-new -fcf-protection=none -Wno-bool-operation -Wno-overloaded-virtual -Wno-shadow -Wno-sign-compare -Wno-uninitialized -Wno-unused-but-set-parameter -Wno-unused-but-set-variable -Wno-unused-parameter -Wno-unused-variable     -DVL_TIME_CONTEXT   -fcoroutines -include Vtb_seq_chip__pch.h.fast -c -o Vtb_seq_chip___024root__DepSet_hcd7d776b__0.o Vtb_seq_chip___024root__DepSet_hcd7d776b__0.cpp
g++ -Os  -I.  -MMD -I/usr/share/verilator/include -I/usr/share/verilator/include/vltstd -DVM_COVERAGE=0 -DVM_SC=0 -DVM_TRACE=0 -DVM_TRACE_FST=0 -DVM_TRACE_VCD=0 -faligned-new -fcf-protection=none -Wno-bool-operation -Wno-overloaded-virtual -Wno-shadow -Wno-sign-compare -Wno-uninitialized -Wno-unused-but-set-parameter -Wno-unused-but-set-variable -Wno-unused-parameter -Wno-unused-variable     -DVL_TIME_CONTEXT   -fcoroutines -include Vtb_seq_chip__pch.h.fast -c -o Vtb_seq_chip___024root__DepSet_hcd7d776b__1.o Vtb_seq_chip___024root__DepSet_hcd7d776b__1.cpp
g++ -Os  -I.  -MMD -I/usr/share/verilator/include -I/usr/share/verilator/include/vltstd -DVM_COVERAGE=0 -DVM_SC=0 -DVM_TRACE=0 -DVM_TRACE_FST=0 -DVM_TRACE_VCD=0 -faligned-new -fcf-protection=none -Wno-bool-operation -Wno-overloaded-virtual -Wno-shadow -Wno-sign-compare -Wno-uninitialized -Wno-unused-but-set-parameter -Wno-unused-but-set-variable -Wno-unused-parameter -Wno-unused-variable     -DVL_TIME_CONTEXT   -fcoroutines -include Vtb_seq_chip__pch.h.fast -c -o Vtb_seq_chip___024root__DepSet_hcd7d776b__2.o Vtb_seq_chip___024root__DepSet_hcd7d776b__2.cpp
g++ -Os  -I.  -MMD -I/usr/share/verilator/include -I/usr/share/verilator/include/vltstd -DVM_COVERAGE=0 -DVM_SC=0 -DVM_TRACE=0 -DVM_TRACE_FST=0 -DVM_TRACE_VCD=0 -faligned-new -fcf-protection=none -Wno-bool-operation -Wno-overloaded-virtual -Wno-shadow -Wno-sign-compare -Wno-uninitialized -Wno-unused-but-set-parameter -Wno-unused-but-set-variable -Wno-unused-parameter -Wno-unused-variable     -DVL_TIME_CONTEXT   -fcoroutines -include Vtb_seq_chip__pch.h.fast -c -o Vtb_seq_chip___024root__DepSet_hcd7d776b__3.o Vtb_seq_chip___024root__DepSet_hcd7d776b__3.cpp
g++ -Os  -I.  -MMD -I/usr/share/verilator/include -I/usr/share/verilator/include/vltstd -DVM_COVERAGE=0 -DVM_SC=0 -DVM_TRACE=0 -DVM_TRACE_FST=0 -DVM_TRACE_VCD=0 -faligned-new -fcf-protection=none -Wno-bool-operation -Wno-overloaded-virtual -Wno-shadow -Wno-sign-compare -Wno-uninitialized -Wno-unused-but-set-parameter -Wno-unused-but-set-variable -Wno-unused-parameter -Wno-unused-variable     -DVL_TIME_CONTEXT   -fcoroutines -include Vtb_seq_chip__pch.h.fast -c -o Vtb_seq_chip___024root__DepSet_hcd7d776b__4.o Vtb_seq_chip___024root__DepSet_hcd7d776b__4.cpp
g++ -Os  -I.  -MMD -I/usr/share/verilator/include -I/usr/share/verilator/include/vltstd -DVM_COVERAGE=0 -DVM_SC=0 -DVM_TRACE=0 -DVM_TRACE_FST=0 -DVM_TRACE_VCD=0 -faligned-new -fcf-protection=none -Wno-bool-operation -Wno-overloaded-virtual -Wno-shadow -Wno-sign-compare -Wno-uninitialized -Wno-unused-but-set-parameter -Wno-unused-but-set-variable -Wno-unused-parameter -Wno-unused-variable     -DVL_TIME_CONTEXT   -fcoroutines -include Vtb_seq_chip__pch.h.fast -c -o Vtb_seq_chip___024root__DepSet_hd4d89cee__0.o Vtb_seq_chip___024root__DepSet_hd4d89cee__0.cpp
g++ -Os  -I.  -MMD -I/usr/share/verilator/include -I/usr/share/verilator/include/vltstd -DVM_COVERAGE=0 -DVM_SC=0 -DVM_TRACE=0 -DVM_TRACE_FST=0 -DVM_TRACE_VCD=0 -faligned-new -fcf-protection=none -Wno-bool-operation -Wno-overloaded-virtual -Wno-shadow -Wno-sign-compare -Wno-uninitialized -Wno-unused-but-set-parameter -Wno-unused-but-set-variable -Wno-unused-parameter -Wno-unused-variable     -DVL_TIME_CONTEXT   -fcoroutines -include Vtb_seq_chip__pch.h.fast -c -o Vtb_seq_chip___024root__DepSet_hd4d89cee__1.o Vtb_seq_chip___024root__DepSet_hd4d89cee__1.cpp
g++ -Os  -I.  -MMD -I/usr/share/verilator/include -I/usr/share/verilator/include/vltstd -DVM_COVERAGE=0 -DVM_SC=0 -DVM_TRACE=0 -DVM_TRACE_FST=0 -DVM_TRACE_VCD=0 -faligned-new -fcf-protection=none -Wno-bool-operation -Wno-overloaded-virtual -Wno-shadow -Wno-sign-compare -Wno-uninitialized -Wno-unused-but-set-parameter -Wno-unused-but-set-variable -Wno-unused-parameter -Wno-unused-variable     -DVL_TIME_CONTEXT   -fcoroutines -include Vtb_seq_chip__pch.h.fast -c -o Vtb_seq_chip___024root__DepSet_hd4d89cee__2.o Vtb_seq_chip___024root__DepSet_hd4d89cee__2.cpp
g++ -Os  -I.  -MMD -I/usr/share/verilator/include -I/usr/share/verilator/include/vltstd -DVM_COVERAGE=0 -DVM_SC=0 -DVM_TRACE=0 -DVM_TRACE_FST=0 -DVM_TRACE_VCD=0 -faligned-new -fcf-protection=none -Wno-bool-operation -Wno-overloaded-virtual -Wno-shadow -Wno-sign-compare -Wno-uninitialized -Wno-unused-but-set-parameter -Wno-unused-but-set-variable -Wno-unused-parameter -Wno-unused-variable     -DVL_TIME_CONTEXT   -fcoroutines -include Vtb_seq_chip__pch.h.fast -c -o Vtb_seq_chip___024root__DepSet_hd4d89cee__3.o Vtb_seq_chip___024root__DepSet_hd4d89cee__3.cpp
g++ -Os  -I.  -MMD -I/usr/share/verilator/include -I/usr/share/verilator/include/vltstd -DVM_COVERAGE=0 -DVM_SC=0 -DVM_TRACE=0 -DVM_TRACE_FST=0 -DVM_TRACE_VCD=0 -faligned-new -fcf-protection=none -Wno-bool-operation -Wno-overloaded-virtual -Wno-shadow -Wno-sign-compare -Wno-uninitialized -Wno-unused-but-set-parameter -Wno-unused-but-set-variable -Wno-unused-parameter -Wno-unused-variable     -DVL_TIME_CONTEXT   -fcoroutines -include Vtb_seq_chip__pch.h.fast -c -o Vtb_seq_chip__main.o Vtb_seq_chip__main.cpp
g++   -I.  -MMD -I/usr/share/verilator/include -I/usr/share/verilator/include/vltstd -DVM_COVERAGE=0 -DVM_SC=0 -DVM_TRACE=0 -DVM_TRACE_FST=0 -DVM_TRACE_VCD=0 -faligned-new -fcf-protection=none -Wno-bool-operation -Wno-overloaded-virtual -Wno-shadow -Wno-sign-compare -Wno-uninitialized -Wno-unused-but-set-parameter -Wno-unused-but-set-variable -Wno-unused-parameter -Wno-unused-variable     -DVL_TIME_CONTEXT   -fcoroutines -include Vtb_seq_chip__pch.h.slow -c -o Vtb_seq_chip__ConstPool_0.o Vtb_seq_chip__ConstPool_0.cpp
g++   -I.  -MMD -I/usr/share/verilator/include -I/usr/share/verilator/include/vltstd -DVM_COVERAGE=0 -DVM_SC=0 -DVM_TRACE=0 -DVM_TRACE_FST=0 -DVM_TRACE_VCD=0 -faligned-new -fcf-protection=none -Wno-bool-operation -Wno-overloaded-virtual -Wno-shadow -Wno-sign-compare -Wno-uninitialized -Wno-unused-but-set-parameter -Wno-unused-but-set-variable -Wno-unused-parameter -Wno-unused-variable     -DVL_TIME_CONTEXT   -fcoroutines -include Vtb_seq_chip__pch.h.slow -c -o Vtb_seq_chip___024root__Slow.o Vtb_seq_chip___024root__Slow.cpp
g++   -I.  -MMD -I/usr/share/verilator/include -I/usr/share/verilator/include/vltstd -DVM_COVERAGE=0 -DVM_SC=0 -DVM_TRACE=0 -DVM_TRACE_FST=0 -DVM_TRACE_VCD=0 -faligned-new -fcf-protection=none -Wno-bool-operation -Wno-overloaded-virtual -Wno-shadow -Wno-sign-compare -Wno-uninitialized -Wno-unused-but-set-parameter -Wno-unused-but-set-variable -Wno-unused-parameter -Wno-unused-variable     -DVL_TIME_CONTEXT   -fcoroutines -include Vtb_seq_chip__pch.h.slow -c -o Vtb_seq_chip___024root__DepSet_hcd7d776b__0__Slow.o Vtb_seq_chip___024root__DepSet_hcd7d776b__0__Slow.cpp
g++   -I.  -MMD -I/usr/share/verilator/include -I/usr/share/verilator/include/vltstd -DVM_COVERAGE=0 -DVM_SC=0 -DVM_TRACE=0 -DVM_TRACE_FST=0 -DVM_TRACE_VCD=0 -faligned-new -fcf-protection=none -Wno-bool-operation -Wno-overloaded-virtual -Wno-shadow -Wno-sign-compare -Wno-uninitialized -Wno-unused-but-set-parameter -Wno-unused-but-set-variable -Wno-unused-parameter -Wno-unused-variable     -DVL_TIME_CONTEXT   -fcoroutines -include Vtb_seq_chip__pch.h.slow -c -o Vtb_seq_chip___024root__DepSet_hd4d89cee__0__Slow.o Vtb_seq_chip___024root__DepSet_hd4d89cee__0__Slow.cpp
g++   -I.  -MMD -I/usr/share/verilator/include -I/usr/share/verilator/include/vltstd -DVM_COVERAGE=0 -DVM_SC=0 -DVM_TRACE=0 -DVM_TRACE_FST=0 -DVM_TRACE_VCD=0 -faligned-new -fcf-protection=none -Wno-bool-operation -Wno-overloaded-virtual -Wno-shadow -Wno-sign-compare -Wno-uninitialized -Wno-unused-but-set-parameter -Wno-unused-but-set-variable -Wno-unused-parameter -Wno-unused-variable     -DVL_TIME_CONTEXT   -fcoroutines -include Vtb_seq_chip__pch.h.slow -c -o Vtb_seq_chip__Syms.o Vtb_seq_chip__Syms.cpp
echo "" > Vtb_seq_chip__ALL.verilator_deplist.tmp
Archive ar -rcs Vtb_seq_chip__ALL.a Vtb_seq_chip.o Vtb_seq_chip___024root__DepSet_hcd7d776b__0.o Vtb_seq_chip___024root__DepSet_hcd7d776b__1.o Vtb_seq_chip___024root__DepSet_hcd7d776b__2.o Vtb_seq_chip___024root__DepSet_hcd7d776b__3.o Vtb_seq_chip___024root__DepSet_hcd7d776b__4.o Vtb_seq_chip___024root__DepSet_hd4d89cee__0.o Vtb_seq_chip___024root__DepSet_hd4d89cee__1.o Vtb_seq_chip___024root__DepSet_hd4d89cee__2.o Vtb_seq_chip___024root__DepSet_hd4d89cee__3.o Vtb_seq_chip__main.o Vtb_seq_chip__ConstPool_0.o Vtb_seq_chip___024root__Slow.o Vtb_seq_chip___024root__DepSet_hcd7d776b__0__Slow.o Vtb_seq_chip___024root__DepSet_hd4d89cee__0__Slow.o Vtb_seq_chip__Syms.o
g++     verilated.o verilated_timing.o verilated_threads.o Vtb_seq_chip__ALL.a    -pthread -lpthread -latomic   -o tb_seq_chat_i1
rm Vtb_seq_chip__ALL.verilator_deplist.tmp
make[2]: Leaving directory '/home/cah/r2d2/code/fpga/fable5_llm/tb/obj_dir_tb_seq_chat_i1'
make[1]: Leaving directory '/home/cah/r2d2/code/fpga/fable5_llm/tb'
obj_dir_tb_seq_chat_i1/tb_seq_chat_i1 +seq=scripts/w4/chat_i1 \
  +base=scripts/w4/model_v2_s1 +watchdog_ms=600000
  mem region 0: 729088 B @ 000090000000   scripts/w4/chat_i1.seq
  mem region 1: 1194752 B @ 000080000000   scripts/w4/chat_i1.seqdata.bin
  mem region 2: 508559360 B @ 000060000000   scripts/w4/model_v2_s1.emb.bin
  mem region 0: 417546240 B @ 000010000000   scripts/w4/model_v2_s1.wimg.bin
tb_seq_chip: launch 0 [session] rec_off 0, 1526 records, 0 tokens, 7168 scratch words, NMV=1 LAT=4 DDRLAT=32 WLAT=40
SEQ-CHIP scripts/w4/chat_i1 launch 0 [session]: 1526 records, 1985983 cycles (1301.43 cyc/rec, 7.944 ms @250MHz, PERF_CYC 1985976)
LAUNCH 0 PASS: [session] pc 1525, tokens 0, tcnt 6, scratch 7168
tb_seq_chip: launch 1 [lite] rec_off 1536, 14010 records, 0 tokens, 7168 scratch words, NMV=1 LAT=4 DDRLAT=32 WLAT=40
  carried into launch 1: 7174 state words (6 TCNT banks + 7168 scratch) still intact BEFORE START
  RDWIN 800f3b00..800f4100: 24 burst(s) (want 6..1073741824) OK
SEQ-CHIP scripts/w4/chat_i1 launch 1 [lite]: 14010 records, 8016880 cycles (572.23 cyc/rec, 32.068 ms @250MHz, PERF_CYC 8016872)
LAUNCH 1 PASS: [lite] pc 14009, tokens 0, tcnt 6, scratch 7168
tb_seq_chip: launch 2 [full] rec_off 15616, 14744 records, 1 tokens, 7168 scratch words, NMV=1 LAT=4 DDRLAT=32 WLAT=40
  carried into launch 2: 7174 state words (6 TCNT banks + 7168 scratch) still intact BEFORE START
  TOK[0] = 0013a (314) == golden OK
  RDWIN 800f4100..800f4700: 24 burst(s) (want 6..1073741824) OK
SEQ-CHIP scripts/w4/chat_i1 launch 2 [full]: 14744 records, 10687639 cycles (724.88 cyc/rec, 42.751 ms @250MHz, PERF_CYC 10687632)
LAUNCH 2 PASS: [full] pc 14743, tokens 1, tcnt 6, scratch 7168
tb_seq_chip: launch 3 [full] rec_off 30464, 14744 records, 1 tokens, 7168 scratch words, NMV=1 LAT=4 DDRLAT=32 WLAT=40
  carried into launch 3: 7174 state words (6 TCNT banks + 7168 scratch) still intact BEFORE START
  TOK[0] = 00117 (279) == golden OK
  RDWIN 80113f00..80114500: 24 burst(s) (want 6..1073741824) OK
  RDWIN 800d3f00..800d4500: 0 burst(s) (want 0..0) OK
SEQ-CHIP scripts/w4/chat_i1 launch 3 [full]: 14744 records, 10689526 cycles (725.01 cyc/rec, 42.758 ms @250MHz, PERF_CYC 10689517)
LAUNCH 3 PASS: [full] pc 14743, tokens 1, tcnt 6, scratch 7168
  axil writes 17222
  axil reads  698642
  burst: 14076 write bursts (3534048 beats), 9994 read bursts (2527936 beats), busy_wr 4354077 busy_rd 3546054, decerr 0 non-OK 0, BLAT=4
  fetch-empty stall cycles 12
  ddr beats 122148 (miss 0), weight beats 17332416 (miss 0)
  DUT held in reset 0 times after t=0 (rst_armed asserted before launch 0, never violated)
TB_SEQ_CHIP PASS: scripts/w4/chat_i1 (launches 4, 31380028 cycles total, scratch 7168/launch, tokens 2, tcnt 6)
- tb_seq_chip.sv:875: Verilog $finish
obj_dir_tb_seq_chat_i1/tb_seq_chat_i1 +seq=scripts/w4/chat_i1b \
  +base=scripts/w4/model_v2_s1 +watchdog_ms=600000
  mem region 0: 729088 B @ 000090000000   scripts/w4/chat_i1b.seq
  mem region 1: 1194752 B @ 000080000000   scripts/w4/chat_i1b.seqdata.bin
  mem region 2: 508559360 B @ 000060000000   scripts/w4/model_v2_s1.emb.bin
  mem region 0: 417546240 B @ 000010000000   scripts/w4/model_v2_s1.wimg.bin
tb_seq_chip: launch 0 [session] rec_off 0, 1526 records, 0 tokens, 7168 scratch words, NMV=1 LAT=4 DDRLAT=32 WLAT=40
SEQ-CHIP scripts/w4/chat_i1b launch 0 [session]: 1526 records, 1985983 cycles (1301.43 cyc/rec, 7.944 ms @250MHz, PERF_CYC 1985976)
LAUNCH 0 PASS: [session] pc 1525, tokens 0, tcnt 6, scratch 7168
tb_seq_chip: launch 1 [lite] rec_off 1536, 14010 records, 0 tokens, 7168 scratch words, NMV=1 LAT=4 DDRLAT=32 WLAT=40
  carried into launch 1: 7174 state words (6 TCNT banks + 7168 scratch) still intact BEFORE START
  RDWIN 800f3b00..800f4100: 24 burst(s) (want 6..1073741824) OK
SEQ-CHIP scripts/w4/chat_i1b launch 1 [lite]: 14010 records, 8016970 cycles (572.23 cyc/rec, 32.068 ms @250MHz, PERF_CYC 8016963)
LAUNCH 1 PASS: [lite] pc 14009, tokens 0, tcnt 6, scratch 7168
tb_seq_chip: launch 2 [full] rec_off 15616, 14744 records, 1 tokens, 7168 scratch words, NMV=1 LAT=4 DDRLAT=32 WLAT=40
  carried into launch 2: 7174 state words (6 TCNT banks + 7168 scratch) still intact BEFORE START
  TOK[0] = 0000d (13) == golden OK
  RDWIN 800f4100..800f4700: 24 burst(s) (want 6..1073741824) OK
SEQ-CHIP scripts/w4/chat_i1b launch 2 [full]: 14744 records, 10687678 cycles (724.88 cyc/rec, 42.751 ms @250MHz, PERF_CYC 10687671)
LAUNCH 2 PASS: [full] pc 14743, tokens 1, tcnt 6, scratch 7168
tb_seq_chip: launch 3 [full] rec_off 30464, 14744 records, 1 tokens, 7168 scratch words, NMV=1 LAT=4 DDRLAT=32 WLAT=40
  carried into launch 3: 7174 state words (6 TCNT banks + 7168 scratch) still intact BEFORE START
  TOK[0] = 000c6 (198) == golden OK
  RDWIN 80113f00..80114500: 24 burst(s) (want 6..1073741824) OK
  RDWIN 800d3f00..800d4500: 0 burst(s) (want 0..0) OK
SEQ-CHIP scripts/w4/chat_i1b launch 3 [full]: 14744 records, 10689589 cycles (725.01 cyc/rec, 42.758 ms @250MHz, PERF_CYC 10689582)
LAUNCH 3 PASS: [full] pc 14743, tokens 1, tcnt 6, scratch 7168
  axil writes 17222
  axil reads  698647
  burst: 14076 write bursts (3534048 beats), 9994 read bursts (2527936 beats), busy_wr 4354077 busy_rd 3546054, decerr 0 non-OK 0, BLAT=4
  fetch-empty stall cycles 12
  ddr beats 122148 (miss 0), weight beats 17332416 (miss 0)
  DUT held in reset 0 times after t=0 (rst_armed asserted before launch 0, never violated)
TB_SEQ_CHIP PASS: scripts/w4/chat_i1b (launches 4, 31380220 cycles total, scratch 7168/launch, tokens 2, tcnt 6)
- tb_seq_chip.sv:875: Verilog $finish
RC_chat_i1_gate=0

=== H4  waiting for darthplagueis to release obj_dir_tb_layer ... ===
  released after 0s

=== H4  tb_model_v2_all — 4 seeds, real 0.8B weights ===
verilator --binary --timing -j 4 -Wall \
  --Mdir obj_dir_tb_layer -o tb_layer \
  --top-module tb_layer_chan \
  ../rtl/fx_pkg.sv ../rtl/fx_rsqrt.sv ../rtl/fx_recip.sv ../rtl/fx_silu.sv ../rtl/vecnorm_unit.sv ../rtl/rope_unit.sv ../rtl/conv4_silu.sv ../rtl/dn_step.sv ../rtl/attn_core.sv ../rtl/gate_unit.sv ../rtl/vec_alu.sv ../rtl/layer_chan.sv tb_layer_chan.sv
make[1]: Entering directory '/home/cah/r2d2/code/fpga/fable5_llm/tb/obj_dir_tb_layer'
g++ -Os  -I.  -MMD -I/usr/share/verilator/include -I/usr/share/verilator/include/vltstd -DVM_COVERAGE=0 -DVM_SC=0 -DVM_TRACE=0 -DVM_TRACE_FST=0 -DVM_TRACE_VCD=0 -faligned-new -fcf-protection=none -Wno-bool-operation -Wno-overloaded-virtual -Wno-shadow -Wno-sign-compare -Wno-uninitialized -Wno-unused-but-set-parameter -Wno-unused-but-set-variable -Wno-unused-parameter -Wno-unused-variable     -DVL_TIME_CONTEXT   -fcoroutines -c -o verilated.o /usr/share/verilator/include/verilated.cpp
g++ -Os  -I.  -MMD -I/usr/share/verilator/include -I/usr/share/verilator/include/vltstd -DVM_COVERAGE=0 -DVM_SC=0 -DVM_TRACE=0 -DVM_TRACE_FST=0 -DVM_TRACE_VCD=0 -faligned-new -fcf-protection=none -Wno-bool-operation -Wno-overloaded-virtual -Wno-shadow -Wno-sign-compare -Wno-uninitialized -Wno-unused-but-set-parameter -Wno-unused-but-set-variable -Wno-unused-parameter -Wno-unused-variable     -DVL_TIME_CONTEXT   -fcoroutines -c -o verilated_timing.o /usr/share/verilator/include/verilated_timing.cpp
g++ -Os  -I.  -MMD -I/usr/share/verilator/include -I/usr/share/verilator/include/vltstd -DVM_COVERAGE=0 -DVM_SC=0 -DVM_TRACE=0 -DVM_TRACE_FST=0 -DVM_TRACE_VCD=0 -faligned-new -fcf-protection=none -Wno-bool-operation -Wno-overloaded-virtual -Wno-shadow -Wno-sign-compare -Wno-uninitialized -Wno-unused-but-set-parameter -Wno-unused-but-set-variable -Wno-unused-parameter -Wno-unused-variable     -DVL_TIME_CONTEXT   -fcoroutines -c -o verilated_threads.o /usr/share/verilator/include/verilated_threads.cpp
g++ -Os  -I.  -MMD -I/usr/share/verilator/include -I/usr/share/verilator/include/vltstd -DVM_COVERAGE=0 -DVM_SC=0 -DVM_TRACE=0 -DVM_TRACE_FST=0 -DVM_TRACE_VCD=0 -faligned-new -fcf-protection=none -Wno-bool-operation -Wno-overloaded-virtual -Wno-shadow -Wno-sign-compare -Wno-uninitialized -Wno-unused-but-set-parameter -Wno-unused-but-set-variable -Wno-unused-parameter -Wno-unused-variable     -DVL_TIME_CONTEXT   -fcoroutines -x c++-header Vtb_layer_chan__pch.h -o Vtb_layer_chan__pch.h.fast.gch
g++   -I.  -MMD -I/usr/share/verilator/include -I/usr/share/verilator/include/vltstd -DVM_COVERAGE=0 -DVM_SC=0 -DVM_TRACE=0 -DVM_TRACE_FST=0 -DVM_TRACE_VCD=0 -faligned-new -fcf-protection=none -Wno-bool-operation -Wno-overloaded-virtual -Wno-shadow -Wno-sign-compare -Wno-uninitialized -Wno-unused-but-set-parameter -Wno-unused-but-set-variable -Wno-unused-parameter -Wno-unused-variable     -DVL_TIME_CONTEXT   -fcoroutines -x c++-header Vtb_layer_chan__pch.h -o Vtb_layer_chan__pch.h.slow.gch
g++ -Os  -I.  -MMD -I/usr/share/verilator/include -I/usr/share/verilator/include/vltstd -DVM_COVERAGE=0 -DVM_SC=0 -DVM_TRACE=0 -DVM_TRACE_FST=0 -DVM_TRACE_VCD=0 -faligned-new -fcf-protection=none -Wno-bool-operation -Wno-overloaded-virtual -Wno-shadow -Wno-sign-compare -Wno-uninitialized -Wno-unused-but-set-parameter -Wno-unused-but-set-variable -Wno-unused-parameter -Wno-unused-variable     -DVL_TIME_CONTEXT   -fcoroutines -include Vtb_layer_chan__pch.h.fast -c -o Vtb_layer_chan.o Vtb_layer_chan.cpp
g++ -Os  -I.  -MMD -I/usr/share/verilator/include -I/usr/share/verilator/include/vltstd -DVM_COVERAGE=0 -DVM_SC=0 -DVM_TRACE=0 -DVM_TRACE_FST=0 -DVM_TRACE_VCD=0 -faligned-new -fcf-protection=none -Wno-bool-operation -Wno-overloaded-virtual -Wno-shadow -Wno-sign-compare -Wno-uninitialized -Wno-unused-but-set-parameter -Wno-unused-but-set-variable -Wno-unused-parameter -Wno-unused-variable     -DVL_TIME_CONTEXT   -fcoroutines -include Vtb_layer_chan__pch.h.fast -c -o Vtb_layer_chan___024root__DepSet_h3eda1a8d__0.o Vtb_layer_chan___024root__DepSet_h3eda1a8d__0.cpp
g++ -Os  -I.  -MMD -I/usr/share/verilator/include -I/usr/share/verilator/include/vltstd -DVM_COVERAGE=0 -DVM_SC=0 -DVM_TRACE=0 -DVM_TRACE_FST=0 -DVM_TRACE_VCD=0 -faligned-new -fcf-protection=none -Wno-bool-operation -Wno-overloaded-virtual -Wno-shadow -Wno-sign-compare -Wno-uninitialized -Wno-unused-but-set-parameter -Wno-unused-but-set-variable -Wno-unused-parameter -Wno-unused-variable     -DVL_TIME_CONTEXT   -fcoroutines -include Vtb_layer_chan__pch.h.fast -c -o Vtb_layer_chan___024root__DepSet_h5d1b4e19__0.o Vtb_layer_chan___024root__DepSet_h5d1b4e19__0.cpp
g++ -Os  -I.  -MMD -I/usr/share/verilator/include -I/usr/share/verilator/include/vltstd -DVM_COVERAGE=0 -DVM_SC=0 -DVM_TRACE=0 -DVM_TRACE_FST=0 -DVM_TRACE_VCD=0 -faligned-new -fcf-protection=none -Wno-bool-operation -Wno-overloaded-virtual -Wno-shadow -Wno-sign-compare -Wno-uninitialized -Wno-unused-but-set-parameter -Wno-unused-but-set-variable -Wno-unused-parameter -Wno-unused-variable     -DVL_TIME_CONTEXT   -fcoroutines -include Vtb_layer_chan__pch.h.fast -c -o Vtb_layer_chan___024root__DepSet_h5d1b4e19__1.o Vtb_layer_chan___024root__DepSet_h5d1b4e19__1.cpp
g++ -Os  -I.  -MMD -I/usr/share/verilator/include -I/usr/share/verilator/include/vltstd -DVM_COVERAGE=0 -DVM_SC=0 -DVM_TRACE=0 -DVM_TRACE_FST=0 -DVM_TRACE_VCD=0 -faligned-new -fcf-protection=none -Wno-bool-operation -Wno-overloaded-virtual -Wno-shadow -Wno-sign-compare -Wno-uninitialized -Wno-unused-but-set-parameter -Wno-unused-but-set-variable -Wno-unused-parameter -Wno-unused-variable     -DVL_TIME_CONTEXT   -fcoroutines -include Vtb_layer_chan__pch.h.fast -c -o Vtb_layer_chan___024root__DepSet_h5d1b4e19__2.o Vtb_layer_chan___024root__DepSet_h5d1b4e19__2.cpp
g++ -Os  -I.  -MMD -I/usr/share/verilator/include -I/usr/share/verilator/include/vltstd -DVM_COVERAGE=0 -DVM_SC=0 -DVM_TRACE=0 -DVM_TRACE_FST=0 -DVM_TRACE_VCD=0 -faligned-new -fcf-protection=none -Wno-bool-operation -Wno-overloaded-virtual -Wno-shadow -Wno-sign-compare -Wno-uninitialized -Wno-unused-but-set-parameter -Wno-unused-but-set-variable -Wno-unused-parameter -Wno-unused-variable     -DVL_TIME_CONTEXT   -fcoroutines -include Vtb_layer_chan__pch.h.fast -c -o Vtb_layer_chan___024root__DepSet_h5d1b4e19__3.o Vtb_layer_chan___024root__DepSet_h5d1b4e19__3.cpp
g++ -Os  -I.  -MMD -I/usr/share/verilator/include -I/usr/share/verilator/include/vltstd -DVM_COVERAGE=0 -DVM_SC=0 -DVM_TRACE=0 -DVM_TRACE_FST=0 -DVM_TRACE_VCD=0 -faligned-new -fcf-protection=none -Wno-bool-operation -Wno-overloaded-virtual -Wno-shadow -Wno-sign-compare -Wno-uninitialized -Wno-unused-but-set-parameter -Wno-unused-but-set-variable -Wno-unused-parameter -Wno-unused-variable     -DVL_TIME_CONTEXT   -fcoroutines -include Vtb_layer_chan__pch.h.fast -c -o Vtb_layer_chan___024root__DepSet_h5d1b4e19__4.o Vtb_layer_chan___024root__DepSet_h5d1b4e19__4.cpp
g++ -Os  -I.  -MMD -I/usr/share/verilator/include -I/usr/share/verilator/include/vltstd -DVM_COVERAGE=0 -DVM_SC=0 -DVM_TRACE=0 -DVM_TRACE_FST=0 -DVM_TRACE_VCD=0 -faligned-new -fcf-protection=none -Wno-bool-operation -Wno-overloaded-virtual -Wno-shadow -Wno-sign-compare -Wno-uninitialized -Wno-unused-but-set-parameter -Wno-unused-but-set-variable -Wno-unused-parameter -Wno-unused-variable     -DVL_TIME_CONTEXT   -fcoroutines -include Vtb_layer_chan__pch.h.fast -c -o Vtb_layer_chan__main.o Vtb_layer_chan__main.cpp
g++   -I.  -MMD -I/usr/share/verilator/include -I/usr/share/verilator/include/vltstd -DVM_COVERAGE=0 -DVM_SC=0 -DVM_TRACE=0 -DVM_TRACE_FST=0 -DVM_TRACE_VCD=0 -faligned-new -fcf-protection=none -Wno-bool-operation -Wno-overloaded-virtual -Wno-shadow -Wno-sign-compare -Wno-uninitialized -Wno-unused-but-set-parameter -Wno-unused-but-set-variable -Wno-unused-parameter -Wno-unused-variable     -DVL_TIME_CONTEXT   -fcoroutines -include Vtb_layer_chan__pch.h.slow -c -o Vtb_layer_chan__ConstPool_0.o Vtb_layer_chan__ConstPool_0.cpp
g++   -I.  -MMD -I/usr/share/verilator/include -I/usr/share/verilator/include/vltstd -DVM_COVERAGE=0 -DVM_SC=0 -DVM_TRACE=0 -DVM_TRACE_FST=0 -DVM_TRACE_VCD=0 -faligned-new -fcf-protection=none -Wno-bool-operation -Wno-overloaded-virtual -Wno-shadow -Wno-sign-compare -Wno-uninitialized -Wno-unused-but-set-parameter -Wno-unused-but-set-variable -Wno-unused-parameter -Wno-unused-variable     -DVL_TIME_CONTEXT   -fcoroutines -include Vtb_layer_chan__pch.h.slow -c -o Vtb_layer_chan___024root__Slow.o Vtb_layer_chan___024root__Slow.cpp
g++   -I.  -MMD -I/usr/share/verilator/include -I/usr/share/verilator/include/vltstd -DVM_COVERAGE=0 -DVM_SC=0 -DVM_TRACE=0 -DVM_TRACE_FST=0 -DVM_TRACE_VCD=0 -faligned-new -fcf-protection=none -Wno-bool-operation -Wno-overloaded-virtual -Wno-shadow -Wno-sign-compare -Wno-uninitialized -Wno-unused-but-set-parameter -Wno-unused-but-set-variable -Wno-unused-parameter -Wno-unused-variable     -DVL_TIME_CONTEXT   -fcoroutines -include Vtb_layer_chan__pch.h.slow -c -o Vtb_layer_chan___024root__DepSet_h3eda1a8d__0__Slow.o Vtb_layer_chan___024root__DepSet_h3eda1a8d__0__Slow.cpp
g++   -I.  -MMD -I/usr/share/verilator/include -I/usr/share/verilator/include/vltstd -DVM_COVERAGE=0 -DVM_SC=0 -DVM_TRACE=0 -DVM_TRACE_FST=0 -DVM_TRACE_VCD=0 -faligned-new -fcf-protection=none -Wno-bool-operation -Wno-overloaded-virtual -Wno-shadow -Wno-sign-compare -Wno-uninitialized -Wno-unused-but-set-parameter -Wno-unused-but-set-variable -Wno-unused-parameter -Wno-unused-variable     -DVL_TIME_CONTEXT   -fcoroutines -include Vtb_layer_chan__pch.h.slow -c -o Vtb_layer_chan___024root__DepSet_h5d1b4e19__0__Slow.o Vtb_layer_chan___024root__DepSet_h5d1b4e19__0__Slow.cpp
g++   -I.  -MMD -I/usr/share/verilator/include -I/usr/share/verilator/include/vltstd -DVM_COVERAGE=0 -DVM_SC=0 -DVM_TRACE=0 -DVM_TRACE_FST=0 -DVM_TRACE_VCD=0 -faligned-new -fcf-protection=none -Wno-bool-operation -Wno-overloaded-virtual -Wno-shadow -Wno-sign-compare -Wno-uninitialized -Wno-unused-but-set-parameter -Wno-unused-but-set-variable -Wno-unused-parameter -Wno-unused-variable     -DVL_TIME_CONTEXT   -fcoroutines -include Vtb_layer_chan__pch.h.slow -c -o Vtb_layer_chan__Syms.o Vtb_layer_chan__Syms.cpp
echo "" > Vtb_layer_chan__ALL.verilator_deplist.tmp
Archive ar -rcs Vtb_layer_chan__ALL.a Vtb_layer_chan.o Vtb_layer_chan___024root__DepSet_h3eda1a8d__0.o Vtb_layer_chan___024root__DepSet_h5d1b4e19__0.o Vtb_layer_chan___024root__DepSet_h5d1b4e19__1.o Vtb_layer_chan___024root__DepSet_h5d1b4e19__2.o Vtb_layer_chan___024root__DepSet_h5d1b4e19__3.o Vtb_layer_chan___024root__DepSet_h5d1b4e19__4.o Vtb_layer_chan__main.o Vtb_layer_chan__ConstPool_0.o Vtb_layer_chan___024root__Slow.o Vtb_layer_chan___024root__DepSet_h3eda1a8d__0__Slow.o Vtb_layer_chan___024root__DepSet_h5d1b4e19__0__Slow.o Vtb_layer_chan__Syms.o
g++     verilated.o verilated_timing.o verilated_threads.o Vtb_layer_chan__ALL.a    -pthread -lpthread -latomic   -o tb_layer
rm Vtb_layer_chan__ALL.verilator_deplist.tmp
make[1]: Leaving directory '/home/cah/r2d2/code/fpga/fable5_llm/tb/obj_dir_tb_layer'
obj_dir_tb_layer/tb_layer +script=scripts/model_v2_s1.txt +emb=scripts/model_v2_s1.emb.bin +watchdog_ms=200000
emb table: 508559360 bytes (248320 rows of 1024) from scripts/model_v2_s1.emb.bin
TB_LAYER_CHAN PASS: 22350 cmds, 1900014 checks bit-exact (scripts/model_v2_s1.txt)
- tb_layer_chan.sv:273: Verilog $finish
obj_dir_tb_layer/tb_layer +script=scripts/model_v2_s2.txt +emb=scripts/model_v2_s2.emb.bin +watchdog_ms=200000
emb table: 508559360 bytes (248320 rows of 1024) from scripts/model_v2_s2.emb.bin
TB_LAYER_CHAN PASS: 22350 cmds, 1900014 checks bit-exact (scripts/model_v2_s2.txt)
- tb_layer_chan.sv:273: Verilog $finish
obj_dir_tb_layer/tb_layer +script=scripts/model_v2_s3.txt +emb=scripts/model_v2_s3.emb.bin +watchdog_ms=200000
emb table: 508559360 bytes (248320 rows of 1024) from scripts/model_v2_s3.emb.bin
TB_LAYER_CHAN PASS: 22350 cmds, 1900014 checks bit-exact (scripts/model_v2_s3.txt)
- tb_layer_chan.sv:273: Verilog $finish
obj_dir_tb_layer/tb_layer +script=scripts/model_v2_s4.txt +emb=scripts/model_v2_s4.emb.bin +watchdog_ms=200000
emb table: 508559360 bytes (248320 rows of 1024) from scripts/model_v2_s4.emb.bin
TB_LAYER_CHAN PASS: 22350 cmds, 1900014 checks bit-exact (scripts/model_v2_s4.txt)
- tb_layer_chan.sv:273: Verilog $finish
RC_model_v2_all=0

=== R-b HEAVY GATE done 2026-08-13T20:14:19-06:00 ===
