  mem region 0: 729088 B @ 000090000000   scripts/w4/chat_i1.seq
  mem region 1: 1194752 B @ 000080000000   scripts/w4/chat_i1.seqdata.bin
  mem region 2: 508559360 B @ 000060000000   scripts/w4/model_v2_s1.emb.bin
  mem region 0: 417546240 B @ 000010000000   scripts/w4/model_v2_s1.wimg.bin
tb_seq_chip: launch 0 [session] rec_off 0, 1526 records, 0 tokens, 7168 scratch words, NMV=1 LAT=4 DDRLAT=32 WLAT=40
SEQ-CHIP scripts/w4/chat_i1 launch 0 [session]: 1526 records, 2815315 cycles (1844.90 cyc/rec, 11.261 ms @250MHz, PERF_CYC 2815308)
LAUNCH 0 PASS: [session] pc 1525, tokens 0, tcnt 6, scratch 7168
tb_seq_chip: launch 1 [lite] rec_off 1536, 14010 records, 0 tokens, 7168 scratch words, NMV=1 LAT=4 DDRLAT=32 WLAT=40
  carried into launch 1: 7174 state words (6 TCNT banks + 7168 scratch) still intact BEFORE START
  RDWIN 800f3b00..800f4100: 24 burst(s) (want 6..1073741824) OK
SEQ-CHIP scripts/w4/chat_i1 launch 1 [lite]: 14010 records, 12475351 cycles (890.46 cyc/rec, 49.901 ms @250MHz, PERF_CYC 12475342)
LAUNCH 1 PASS: [lite] pc 14009, tokens 0, tcnt 6, scratch 7168
tb_seq_chip: launch 2 [full] rec_off 15616, 14744 records, 1 tokens, 7168 scratch words, NMV=1 LAT=4 DDRLAT=32 WLAT=40
  carried into launch 2: 7174 state words (6 TCNT banks + 7168 scratch) still intact BEFORE START
  TOK[0] = 0013a (314) == golden OK
  RDWIN 800f4100..800f4700: 24 burst(s) (want 6..1073741824) OK
SEQ-CHIP scripts/w4/chat_i1 launch 2 [full]: 14744 records, 17965567 cycles (1218.50 cyc/rec, 71.862 ms @250MHz, PERF_CYC 17965559)
LAUNCH 2 PASS: [full] pc 14743, tokens 1, tcnt 6, scratch 7168
tb_seq_chip: launch 3 [full] rec_off 30464, 14744 records, 1 tokens, 7168 scratch words, NMV=1 LAT=4 DDRLAT=32 WLAT=40
  carried into launch 3: 7174 state words (6 TCNT banks + 7168 scratch) still intact BEFORE START
  TOK[0] = 00117 (279) == golden OK
  RDWIN 80113f00..80114500: 24 burst(s) (want 6..1073741824) OK
  RDWIN 800d3f00..800d4500: 0 burst(s) (want 0..0) OK
SEQ-CHIP scripts/w4/chat_i1 launch 3 [full]: 14744 records, 17967451 cycles (1218.63 cyc/rec, 71.870 ms @250MHz, PERF_CYC 17967444)
LAUNCH 3 PASS: [full] pc 14743, tokens 1, tcnt 6, scratch 7168
  axil writes 1213414
  axil reads  1991783
  fetch-empty stall cycles 12
  ddr beats 122148 (miss 0), weight beats 17332416 (miss 0)
  DUT held in reset 0 times after t=0 (rst_armed asserted before launch 0, never violated)
TB_SEQ_CHIP PASS: scripts/w4/chat_i1 (launches 4, 51223684 cycles total, scratch 7168/launch, tokens 2, tcnt 6)
- tb_seq_chip.sv:723: Verilog $finish
1201.20user 8.14system 20:09.40elapsed 99%CPU (0avgtext+0avgdata 19968maxresident)k
0inputs+8outputs (0major+30197minor)pagefaults 0swaps
